--------- beginning of main
03-22 18:35:27.353 18215 18277 I DetoxWSClient: Sending out action 'invokeResult' (ID #7)
03-22 18:35:27.353 18215 18277 I DetoxDispatcher: Done with action 'invoke'
03-22 18:35:27.359 18215 18280 D DetoxWSClient: Received action 'invoke' (ID #8, params={"target":{"type":"Class","value":"com.wix.detox.espresso.DetoxAssertion"},"method":"assertMatcher","args":[{"type":"Invocation","value":{"target":{"type":"Class","value":"androidx.test.espresso.Espresso"},"method":"onView","args":[{"type":"Invocation","value":{"target":{"type":"Class","value":"com.wix.detox.espresso.DetoxMatcher"},"method":"matcherForText","args":["Card Network : visa"]}}]}},{"type":"Invocation","value":{"target":{"type":"Class","value":"com.wix.detox.espresso.DetoxMatcher"},"method":"matcherForSufficientlyVisible","args":[{"type":"Integer","value":75}]}}]})
03-22 18:35:27.362 18215 18277 I DetoxDispatcher: Handling action 'invoke' (ID #8)...
03-22 18:35:27.362 18215 18277 D Detox   : class com.wix.detox.espresso.DetoxMatcher, matcherForText, [Card Network : visa]
03-22 18:35:27.363 18215 18277 D Detox   : class androidx.test.espresso.Espresso, onView, [(an instance of android.widget.TextView and view.getText() with or without transformation to match: is "Card Network : visa" and view has effective visibility <VISIBLE>)]
03-22 18:35:27.365 18215 18277 D Detox   : class com.wix.detox.espresso.DetoxMatcher, matcherForSufficientlyVisible, [75]
03-22 18:35:27.365 18215 18277 D Detox   : class com.wix.detox.espresso.DetoxAssertion, assertMatcher, [androidx.test.espresso.ViewInteraction@542773b, (view has effective visibility <VISIBLE> and view.getGlobalVisibleRect() covers at least <75> percent of the view's area)]
03-22 18:35:27.370 18215 18215 I ViewInteraction: Checking 'MatchesViewAssertion(Detox){viewMatcher=(view has effective visibility <VISIBLE> and view.getGlobalVisibleRect() covers at least <75> percent of the view's area)}' assertion on view (an instance of android.widget.TextView and view.getText() with or without transformation to match: is "Card Network : visa" and view has effective visibility <VISIBLE>)
03-22 18:35:27.371 18215 18277 I DetoxWSClient: Sending out action 'invokeResult' (ID #8)
03-22 18:35:27.372 18215 18277 I DetoxDispatcher: Done with action 'invoke'
03-22 18:35:27.449 18215 18280 D DetoxWSClient: Received action 'invoke' (ID #9, params={"target":{"type":"Class","value":"com.wix.detox.espresso.EspressoDetox"},"method":"perform","args":[{"type":"Invocation","value":{"target":{"type":"Class","value":"androidx.test.espresso.Espresso"},"method":"onView","args":[{"type":"Invocation","value":{"target":{"type":"Class","value":"com.wix.detox.espresso.DetoxMatcher"},"method":"matcherForTestId","args":["cardNumber"]}}]}},{"type":"Invocation","value":{"target":{"type":"Class","value":"androidx.test.espresso.action.ViewActions"},"method":"replaceText","args":["9000000000000000"]}}]})
03-22 18:35:27.453 18215 18277 I DetoxDispatcher: Handling action 'invoke' (ID #9)...
03-22 18:35:27.453 18215 18277 D Detox   : class com.wix.detox.espresso.DetoxMatcher, matcherForTestId, [cardNumber]
03-22 18:35:27.454 18215 18277 D Detox   : class androidx.test.espresso.Espresso, onView, [(view.getTag() is "cardNumber" and view has effective visibility <VISIBLE>)]
03-22 18:35:27.454 18215 18277 D Detox   : class androidx.test.espresso.action.ViewActions, replaceText, [9000000000000000]
03-22 18:35:27.454 18215 18277 D Detox   : class com.wix.detox.espresso.EspressoDetox, perform, [androidx.test.espresso.ViewInteraction@42ee58, androidx.test.espresso.action.ReplaceTextAction@12e7bb1]
03-22 18:35:27.471 18215 18215 I ViewInteraction: Performing 'replace text(9000000000000000)' action on view (view.getTag() is "cardNumber" and view has effective visibility <VISIBLE>)
03-22 18:35:27.477 18215 18277 I DetoxWSClient: Sending out action 'invokeResult' (ID #9)
03-22 18:35:27.483 18215 18277 I DetoxDispatcher: Done with action 'invoke'
03-22 18:35:27.496 18215 18280 D DetoxWSClient: Received action 'invoke' (ID #10, params={"target":{"type":"Class","value":"com.wix.detox.espresso.EspressoDetox"},"method":"perform","args":[{"type":"Invocation","value":{"target":{"type":"Class","value":"androidx.test.espresso.Espresso"},"method":"onView","args":[{"type":"Invocation","value":{"target":{"type":"Class","value":"com.wix.detox.espresso.DetoxMatcher"},"method":"matcherForText","args":["IS CARD VALID"]}}]}},{"type":"Invocation","value":{"target":{"type":"Class","value":"com.wix.detox.espresso.DetoxViewActions"},"method":"click","args":[]}}]})
03-22 18:35:27.502 18215 18277 I DetoxDispatcher: Handling action 'invoke' (ID #10)...
03-22 18:35:27.502 18215 18277 D Detox   : class com.wix.detox.espresso.DetoxMatcher, matcherForText, [IS CARD VALID]
03-22 18:35:27.503 18215 18277 D Detox   : class androidx.test.espresso.Espresso, onView, [(an instance of android.widget.TextView and view.getText() with or without transformation to match: is "IS CARD VALID" and view has effective visibility <VISIBLE>)]
03-22 18:35:27.503 18215 18277 D Detox   : class com.wix.detox.espresso.DetoxViewActions, click, []
03-22 18:35:27.503 18215 18277 D Detox   : class com.wix.detox.espresso.EspressoDetox, perform, [androidx.test.espresso.ViewInteraction@5249804, com.wix.detox.espresso.action.RNClickAction@dfe21ed]
03-22 18:35:27.549 18215 18266 D EGL_emulation: app_time_stats: avg=12.28ms min=2.13ms max=21.33ms count=60
03-22 18:35:27.575 18215 18215 I Detox   : UIManagerModule is busy
03-22 18:35:27.584 18215 18215 I ViewInteraction: Performing 'com.wix.detox.espresso.action.detoxsingletap@8a7efe9 click' action on view (an instance of android.widget.TextView and view.getText() with or without transformation to match: is "IS CARD VALID" and view has effective visibility <VISIBLE>)
03-22 18:35:27.639 18215 18279 I ReactNativeJS: false
03-22 18:35:27.672 18215 18215 I Detox   : UIManagerModule is busy
03-22 18:35:28.055 18215 18277 I DetoxWSClient: Sending out action 'invokeResult' (ID #10)
03-22 18:35:28.055 18215 18277 I DetoxDispatcher: Done with action 'invoke'
03-22 18:35:28.062 18215 18280 D DetoxWSClient: Received action 'invoke' (ID #11, params={"target":{"type":"Class","value":"com.wix.detox.espresso.DetoxAssertion"},"method":"assertMatcher","args":[{"type":"Invocation","value":{"target":{"type":"Class","value":"androidx.test.espresso.Espresso"},"method":"onView","args":[{"type":"Invocation","value":{"target":{"type":"Class","value":"com.wix.detox.espresso.DetoxMatcher"},"method":"matcherForText","args":["Card Validity : false"]}}]}},{"type":"Invocation","value":{"target":{"type":"Class","value":"com.wix.detox.espresso.DetoxMatcher"},"method":"matcherForSufficientlyVisible","args":[{"type":"Integer","value":75}]}}]})
03-22 18:35:28.063 18215 18277 I DetoxDispatcher: Handling action 'invoke' (ID #11)...
03-22 18:35:28.063 18215 18277 D Detox   : class com.wix.detox.espresso.DetoxMatcher, matcherForText, [Card Validity : false]
03-22 18:35:28.064 18215 18277 D Detox   : class androidx.test.espresso.Espresso, onView, [(an instance of android.widget.TextView and view.getText() with or without transformation to match: is "Card Validity : false" and view has effective visibility <VISIBLE>)]
03-22 18:35:28.064 18215 18277 D Detox   : class com.wix.detox.espresso.DetoxMatcher, matcherForSufficientlyVisible, [75]
03-22 18:35:28.065 18215 18277 D Detox   : class com.wix.detox.espresso.DetoxAssertion, assertMatcher, [androidx.test.espresso.ViewInteraction@73ba52b, (view has effective visibility <VISIBLE> and view.getGlobalVisibleRect() covers at least <75> percent of the view's area)]
03-22 18:35:28.084 18215 18215 I ViewInteraction: Checking 'MatchesViewAssertion(Detox){viewMatcher=(view has effective visibility <VISIBLE> and view.getGlobalVisibleRect() covers at least <75> percent of the view's area)}' assertion on view (an instance of android.widget.TextView and view.getText() with or without transformation to match: is "Card Validity : false" and view has effective visibility <VISIBLE>)
03-22 18:35:28.086 18215 18277 I DetoxWSClient: Sending out action 'invokeResult' (ID #11)
03-22 18:35:28.086 18215 18277 I DetoxDispatcher: Done with action 'invoke'
03-22 18:35:28.091 18215 18280 D DetoxWSClient: Received action 'invoke' (ID #12, params={"target":{"type":"Class","value":"com.wix.detox.espresso.EspressoDetox"},"method":"perform","args":[{"type":"Invocation","value":{"target":{"type":"Class","value":"androidx.test.espresso.Espresso"},"method":"onView","args":[{"type":"Invocation","value":{"target":{"type":"Class","value":"com.wix.detox.espresso.DetoxMatcher"},"method":"matcherForText","args":["GET CARD NETWORK"]}}]}},{"type":"Invocation","value":{"target":{"type":"Class","value":"com.wix.detox.espresso.DetoxViewActions"},"method":"click","args":[]}}]})
03-22 18:35:28.091 18215 18277 I DetoxDispatcher: Handling action 'invoke' (ID #12)...
03-22 18:35:28.092 18215 18277 D Detox   : class com.wix.detox.espresso.DetoxMatcher, matcherForText, [GET CARD NETWORK]
03-22 18:35:28.094 18215 18277 D Detox   : class androidx.test.espresso.Espresso, onView, [(an instance of android.widget.TextView and view.getText() with or without transformation to match: is "GET CARD NETWORK" and view has effective visibility <VISIBLE>)]
03-22 18:35:28.094 18215 18277 D Detox   : class com.wix.detox.espresso.DetoxViewActions, click, []
03-22 18:35:28.095 18215 18277 D Detox   : class com.wix.detox.espresso.EspressoDetox, perform, [androidx.test.espresso.ViewInteraction@afa9d88, com.wix.detox.espresso.action.RNClickAction@7e4b321]
03-22 18:35:28.101 18215 18215 I ViewInteraction: Performing 'com.wix.detox.espresso.action.detoxsingletap@77a8346 click' action on view (an instance of android.widget.TextView and view.getText() with or without transformation to match: is "GET CARD NETWORK" and view has effective visibility <VISIBLE>)
03-22 18:35:28.166 18215 18279 I ReactNativeJS: unknown
03-22 18:35:28.550 18215 18266 D EGL_emulation: app_time_stats: avg=9.79ms min=2.45ms max=19.91ms count=59
03-22 18:35:28.556 18215 18277 I DetoxWSClient: Sending out action 'invokeResult' (ID #12)
03-22 18:35:28.556 18215 18277 I DetoxDispatcher: Done with action 'invoke'
03-22 18:35:28.563 18215 18280 D DetoxWSClient: Received action 'invoke' (ID #13, params={"target":{"type":"Class","value":"com.wix.detox.espresso.DetoxAssertion"},"method":"assertMatcher","args":[{"type":"Invocation","value":{"target":{"type":"Class","value":"androidx.test.espresso.Espresso"},"method":"onView","args":[{"type":"Invocation","value":{"target":{"type":"Class","value":"com.wix.detox.espresso.DetoxMatcher"},"method":"matcherForText","args":["Card Network : unknown"]}}]}},{"type":"Invocation","value":{"target":{"type":"Class","value":"com.wix.detox.espresso.DetoxMatcher"},"method":"matcherForSufficientlyVisible","args":[{"type":"Integer","value":75}]}}]})
03-22 18:35:28.564 18215 18277 I DetoxDispatcher: Handling action 'invoke' (ID #13)...
03-22 18:35:28.564 18215 18277 D Detox   : class com.wix.detox.espresso.DetoxMatcher, matcherForText, [Card Network : unknown]
03-22 18:35:28.565 18215 18277 D Detox   : class androidx.test.espresso.Espresso, onView, [(an instance of android.widget.TextView and view.getText() with or without transformation to match: is "Card Network : unknown" and view has effective visibility <VISIBLE>)]
03-22 18:35:28.566 18215 18277 D Detox   : class com.wix.detox.espresso.DetoxMatcher, matcherForSufficientlyVisible, [75]
03-22 18:35:28.568 18215 18277 D Detox   : class com.wix.detox.espresso.DetoxAssertion, assertMatcher, [androidx.test.espresso.ViewInteraction@bcd8ea3, (view has effective visibility <VISIBLE> and view.getGlobalVisibleRect() covers at least <75> percent of the view's area)]
03-22 18:35:28.572 18215 18215 I ViewInteraction: Checking 'MatchesViewAssertion(Detox){viewMatcher=(view has effective visibility <VISIBLE> and view.getGlobalVisibleRect() covers at least <75> percent of the view's area)}' assertion on view (an instance of android.widget.TextView and view.getText() with or without transformation to match: is "Card Network : unknown" and view has effective visibility <VISIBLE>)
03-22 18:35:28.573 18215 18277 I DetoxWSClient: Sending out action 'invokeResult' (ID #13)
03-22 18:35:28.574 18215 18277 I DetoxDispatcher: Done with action 'invoke'
