--------- beginning of main
03-22 18:38:15.291 19656 19721 I DetoxWSClient: Sending out action 'invokeResult' (ID #14)
03-22 18:38:15.291 19656 19721 I DetoxDispatcher: Done with action 'invoke'
03-22 18:38:15.297 19656 19723 D DetoxWSClient: Received action 'invoke' (ID #15, params={"target":{"type":"Class","value":"com.wix.detox.espresso.DetoxAssertion"},"method":"assertMatcher","args":[{"type":"Invocation","value":{"target":{"type":"Class","value":"androidx.test.espresso.Espresso"},"method":"onView","args":[{"type":"Invocation","value":{"target":{"type":"Class","value":"com.wix.detox.espresso.DetoxMatcher"},"method":"matcherForText","args":["Card Network length : 16"]}}]}},{"type":"Invocation","value":{"target":{"type":"Class","value":"com.wix.detox.espresso.DetoxMatcher"},"method":"matcherForSufficientlyVisible","args":[{"type":"Integer","value":75}]}}]})
03-22 18:38:15.298 19656 19721 I DetoxDispatcher: Handling action 'invoke' (ID #15)...
03-22 18:38:15.298 19656 19721 D Detox   : class com.wix.detox.espresso.DetoxMatcher, matcherForText, [Card Network length : 16]
03-22 18:38:15.299 19656 19721 D Detox   : class androidx.test.espresso.Espresso, onView, [(an instance of android.widget.TextView and view.getText() with or without transformation to match: is "Card Network length : 16" and view has effective visibility <VISIBLE>)]
03-22 18:38:15.300 19656 19721 D Detox   : class com.wix.detox.espresso.DetoxMatcher, matcherForSufficientlyVisible, [75]
03-22 18:38:15.300 19656 19721 D Detox   : class com.wix.detox.espresso.DetoxAssertion, assertMatcher, [androidx.test.espresso.ViewInteraction@30fa691, (view has effective visibility <VISIBLE> and view.getGlobalVisibleRect() covers at least <75> percent of the view's area)]
03-22 18:38:15.317 19656 19656 I ViewInteraction: Checking 'MatchesViewAssertion(Detox){viewMatcher=(view has effective visibility <VISIBLE> and view.getGlobalVisibleRect() covers at least <75> percent of the view's area)}' assertion on view (an instance of android.widget.TextView and view.getText() with or without transformation to match: is "Card Network length : 16" and view has effective visibility <VISIBLE>)
03-22 18:38:15.319 19656 19721 I DetoxWSClient: Sending out action 'invokeResult' (ID #15)
03-22 18:38:15.319 19656 19721 I DetoxDispatcher: Done with action 'invoke'
03-22 18:38:15.325 19656 19723 D DetoxWSClient: Received action 'invoke' (ID #16, params={"target":{"type":"Class","value":"com.wix.detox.espresso.EspressoDetox"},"method":"perform","args":[{"type":"Invocation","value":{"target":{"type":"Class","value":"androidx.test.espresso.Espresso"},"method":"onView","args":[{"type":"Invocation","value":{"target":{"type":"Class","value":"com.wix.detox.espresso.DetoxMatcher"},"method":"matcherForTestId","args":["cards"]}}]}},{"type":"Invocation","value":{"target":{"type":"Class","value":"com.wix.detox.espresso.DetoxViewActions"},"method":"click","args":[]}}]})
03-22 18:38:15.326 19656 19721 I DetoxDispatcher: Handling action 'invoke' (ID #16)...
03-22 18:38:15.327 19656 19721 D Detox   : class com.wix.detox.espresso.DetoxMatcher, matcherForTestId, [cards]
03-22 18:38:15.328 19656 19721 D Detox   : class androidx.test.espresso.Espresso, onView, [(view.getTag() is "cards" and view has effective visibility <VISIBLE>)]
03-22 18:38:15.330 19656 19721 D Detox   : class com.wix.detox.espresso.DetoxViewActions, click, []
03-22 18:38:15.331 19656 19721 D Detox   : class com.wix.detox.espresso.EspressoDetox, perform, [androidx.test.espresso.ViewInteraction@79049f6, com.wix.detox.espresso.action.RNClickAction@93ca1f7]
03-22 18:38:15.337 19656 19656 I ViewInteraction: Performing 'com.wix.detox.espresso.action.detoxsingletap@4346864 click' action on view (view.getTag() is "cards" and view has effective visibility <VISIBLE>)
03-22 18:38:15.677 19656 19656 I Detox   : AnimatedModule is busy.
03-22 18:38:15.763 19656 19721 I DetoxWSClient: Sending out action 'invokeResult' (ID #16)
03-22 18:38:15.764 19656 19721 I DetoxDispatcher: Done with action 'invoke'
03-22 18:38:15.821 19656 19723 D DetoxWSClient: Received action 'invoke' (ID #17, params={"target":{"type":"Class","value":"com.wix.detox.espresso.EspressoDetox"},"method":"perform","args":[{"type":"Invocation","value":{"target":{"type":"Class","value":"androidx.test.espresso.Espresso"},"method":"onView","args":[{"type":"Invocation","value":{"target":{"type":"Class","value":"com.wix.detox.espresso.DetoxMatcher"},"method":"matcherForTestId","args":["upiCollect"]}}]}},{"type":"Invocation","value":{"target":{"type":"Class","value":"com.wix.detox.espresso.DetoxViewActions"},"method":"click","args":[]}}]})
03-22 18:38:15.822 19656 19721 I DetoxDispatcher: Handling action 'invoke' (ID #17)...
03-22 18:38:15.823 19656 19721 D Detox   : class com.wix.detox.espresso.DetoxMatcher, matcherForTestId, [upiCollect]
03-22 18:38:15.823 19656 19721 D Detox   : class androidx.test.espresso.Espresso, onView, [(view.getTag() is "upiCollect" and view has effective visibility <VISIBLE>)]
03-22 18:38:15.824 19656 19721 D Detox   : class com.wix.detox.espresso.DetoxViewActions, click, []
03-22 18:38:15.825 19656 19721 D Detox   : class com.wix.detox.espresso.EspressoDetox, perform, [androidx.test.espresso.ViewInteraction@3771acd, com.wix.detox.espresso.action.RNClickAction@b6f0f82]
03-22 18:38:15.833 19656 19656 I ViewInteraction: Performing 'com.wix.detox.espresso.action.detoxsingletap@58f6693 click' action on view (view.getTag() is "upiCollect" and view has effective visibility <VISIBLE>)
03-22 18:38:15.875 19656 19656 I Detox   : UIManagerModule is busy
03-22 18:38:15.880 19656 19724 I ReactNativeJS: false
03-22 18:38:15.881 19656 19710 D EGL_emulation: app_time_stats: avg=19.50ms min=3.70ms max=195.03ms count=58
03-22 18:38:16.082 19656 19656 I Detox   : AnimatedModule is busy.
03-22 18:38:16.095 19656 19656 I Detox   : AnimatedModule is busy.
03-22 18:38:16.113 19656 19656 I Detox   : AnimatedModule is busy.
03-22 18:38:16.130 19656 19656 I Detox   : AnimatedModule is busy.
03-22 18:38:16.146 19656 19656 I Detox   : AnimatedModule is busy.
03-22 18:38:16.161 19656 19656 I Detox   : AnimatedModule is busy.
03-22 18:38:16.177 19656 19656 I Detox   : AnimatedModule is busy.
03-22 18:38:16.195 19656 19656 I Detox   : AnimatedModule is busy.
03-22 18:38:16.211 19656 19656 I Detox   : AnimatedModule is busy.
03-22 18:38:16.228 19656 19656 I Detox   : AnimatedModule is busy.
03-22 18:38:16.244 19656 19656 I Detox   : AnimatedModule is busy.
03-22 18:38:16.261 19656 19656 I Detox   : AnimatedModule is busy.
03-22 18:38:16.660 19656 19721 I DetoxWSClient: Sending out action 'invokeResult' (ID #17)
03-22 18:38:16.661 19656 19721 I DetoxDispatcher: Done with action 'invoke'
03-22 18:38:16.668 19656 19723 D DetoxWSClient: Received action 'invoke' (ID #18, params={"target":{"type":"Class","value":"com.wix.detox.espresso.EspressoDetox"},"method":"perform","args":[{"type":"Invocation","value":{"target":{"type":"Class","value":"androidx.test.espresso.Espresso"},"method":"onView","args":[{"type":"Invocation","value":{"target":{"type":"Class","value":"com.wix.detox.espresso.DetoxMatcher"},"method":"matcherForTestId","args":["vpaAddress"]}}]}},{"type":"Invocation","value":{"target":{"type":"Class","value":"androidx.test.espresso.action.ViewActions"},"method":"replaceText","args":["rohan@paytm"]}}]})
03-22 18:38:16.669 19656 19721 I DetoxDispatcher: Handling action 'invoke' (ID #18)...
03-22 18:38:16.669 19656 19721 D Detox   : class com.wix.detox.espresso.DetoxMatcher, matcherForTestId, [vpaAddress]
03-22 18:38:16.669 19656 19721 D Detox   : class androidx.test.espresso.Espresso, onView, [(view.getTag() is "vpaAddress" and view has effective visibility <VISIBLE>)]
03-22 18:38:16.670 19656 19721 D Detox   : class androidx.test.espresso.action.ViewActions, replaceText, [rohan@paytm]
03-22 18:38:16.670 19656 19721 D Detox   : class com.wix.detox.espresso.EspressoDetox, perform, [androidx.test.espresso.ViewInteraction@11e03ad, androidx.test.espresso.action.ReplaceTextAction@3b476e2]
03-22 18:38:16.674 19656 19656 I ViewInteraction: Performing 'replace text(rohan@paytm)' action on view (view.getTag() is "vpaAddress" and view has effective visibility <VISIBLE>)
03-22 18:38:16.678 19656 19721 I DetoxWSClient: Sending out action 'invokeResult' (ID #18)
03-22 18:38:16.679 19656 19721 I DetoxDispatcher: Done with action 'invoke'
03-22 18:38:16.684 19656 19723 D DetoxWSClient: Received action 'invoke' (ID #19, params={"target":{"type":"Class","value":"com.wix.detox.espresso.EspressoDetox"},"method":"perform","args":[{"type":"Invocation","value":{"target":{"type":"Class","value":"androidx.test.espresso.Espresso"},"method":"onView","args":[{"type":"Invocation","value":{"target":{"type":"Class","value":"com.wix.detox.espresso.DetoxMatcher"},"method":"matcherForText","args":["PAY WITH UPI COLLECT"]}}]}},{"type":"Invocation","value":{"target":{"type":"Class","value":"com.wix.detox.espresso.DetoxViewActions"},"method":"click","args":[]}}]})
03-22 18:38:16.685 19656 19721 I DetoxDispatcher: Handling action 'invoke' (ID #19)...
03-22 18:38:16.687 19656 19721 D Detox   : class com.wix.detox.espresso.DetoxMatcher, matcherForText, [PAY WITH UPI COLLECT]
03-22 18:38:16.689 19656 19721 D Detox   : class androidx.test.espresso.Espresso, onView, [(an instance of android.widget.TextView and view.getText() with or without transformation to match: is "PAY WITH UPI COLLECT" and view has effective visibility <VISIBLE>)]
03-22 18:38:16.691 19656 19721 D Detox   : class com.wix.detox.espresso.DetoxViewActions, click, []
03-22 18:38:16.693 19656 19721 D Detox   : class com.wix.detox.espresso.EspressoDetox, perform, [androidx.test.espresso.ViewInteraction@9442da9, com.wix.detox.espresso.action.RNClickAction@1a71f2e]
03-22 18:38:16.701 19656 19656 I Detox   : UIManagerModule is busy
03-22 18:38:16.713 19656 19656 I Detox   : UIManagerModule is busy
03-22 18:38:16.732 19656 19656 I ViewInteraction: Performing 'com.wix.detox.espresso.action.detoxsingletap@ecd1248 click' action on view (an instance of android.widget.TextView and view.getText() with or without transformation to match: is "PAY WITH UPI COLLECT" and view has effective visibility <VISIBLE>)
03-22 18:38:16.790 19656 19656 I Detox   : UIManagerModule is busy
03-22 18:38:16.903 19656 19710 D EGL_emulation: app_time_stats: avg=32.50ms min=1.70ms max=395.28ms count=26
03-22 18:38:17.419 19656 19724 I ReactNativeJS: gettin ghere
03-22 18:38:17.420 19656 19724 I ReactNativeJS: here
03-22 18:38:17.421 19656 19724 I ReactNativeJS: here
03-22 18:38:17.429 19656 19726 D here    : getting here success
03-22 18:38:17.457 19656 19656 D LifecycleMonitor: Lifecycle status change: com.detoxsample.MainActivity@b7cbddf in: PAUSED
03-22 18:38:17.480 19656 19656 D LifecycleMonitor: Lifecycle status change: com.razorpay.rn.RazorpayPaymentActivity@3b668bc in: PRE_ON_CREATE
03-22 18:38:17.545 19656 19656 E com.razorpay.checkout: GooglePay library not included
03-22 18:38:17.597 19656 19789 W com.detoxsampl: Accessing hidden method Landroid/media/AudioManager;->getOutputLatency(I)I (unsupported, reflection, allowed)
03-22 18:38:17.610 19656 19874 D HostConnection: createUnique: call
03-22 18:38:17.614 19656 19789 W cr_media: Requires BLUETOOTH permission
03-22 18:38:17.615 19656 19656 D LifecycleMonitor: Lifecycle status change: com.razorpay.rn.RazorpayPaymentActivity@3b668bc in: CREATED
03-22 18:38:17.618 19656 19874 D HostConnection: HostConnection::get() New Host Connection established 0x73a0edf0c190, tid 19874
03-22 18:38:17.623 19656 19874 D HostConnection: HostComposition ext ANDROID_EMU_CHECKSUM_HELPER_v1 ANDROID_EMU_native_sync_v2 ANDROID_EMU_native_sync_v3 ANDROID_EMU_native_sync_v4 ANDROID_EMU_dma_v1 ANDROID_EMU_direct_mem ANDROID_EMU_host_composition_v1 ANDROID_EMU_host_composition_v2 ANDROID_EMU_YUV_Cache ANDROID_EMU_async_unmap_buffer ANDROID_EMU_has_shared_slots_host_memory_allocator ANDROID_EMU_sync_buffer_data GL_OES_EGL_image_external_essl3 GL_OES_vertex_array_object GL_KHR_texture_compression_astc_ldr ANDROID_EMU_host_side_tracing ANDROID_EMU_async_frame_commands ANDROID_EMU_gles_max_version_3_0 
03-22 18:38:17.625 19656 19874 D EGL_emulation: eglCreateContext: 0x73a0edf1d050: maj 3 min 0 rcv 3
03-22 18:38:17.626 19656 19874 D EGL_emulation: eglMakeCurrent: 0x73a0edf1d050: ver 3 0 (tinfo 0x73a3073d2100) (first time)
03-22 18:38:17.628 19656 19656 D LifecycleMonitor: Lifecycle status change: com.razorpay.rn.RazorpayPaymentActivity@3b668bc in: STARTED
03-22 18:38:17.629 19656 19656 D LifecycleMonitor: Lifecycle status change: com.razorpay.rn.RazorpayPaymentActivity@3b668bc in: RESUMED
03-22 18:38:17.675 19656 19874 D EGL_emulation: eglCreateContext: 0x73a0edf1d050: maj 3 min 0 rcv 3
03-22 18:38:17.765 19656 19874 D EGL_emulation: eglCreateContext: 0x73a0edf1bf10: maj 3 min 0 rcv 3
03-22 18:38:17.964 19656 19710 D EGL_emulation: app_time_stats: avg=18.80ms min=12.25ms max=94.72ms count=56
03-22 18:38:18.227 19656 19656 D LifecycleMonitor: Lifecycle status change: com.detoxsample.MainActivity@b7cbddf in: STOPPED
03-22 18:38:18.378 19656 19721 I DetoxWSClient: Sending out action 'invokeResult' (ID #19)
03-22 18:38:18.379 19656 19721 I DetoxDispatcher: Done with action 'invoke'
03-22 18:38:18.383 19656 19723 D DetoxWSClient: Received action 'invoke' (ID #20, params={"target":{"type":"Class","value":"com.wix.detox.espresso.DetoxAssertion"},"method":"assertMatcher","args":[{"type":"Invocation","value":{"target":{"type":"Class","value":"androidx.test.espresso.Espresso"},"method":"onView","args":[{"type":"Invocation","value":{"target":{"type":"Class","value":"com.wix.detox.espresso.DetoxMatcher"},"method":"matcherForText","args":["VPA Validity : true"]}}]}},{"type":"Invocation","value":{"target":{"type":"Class","value":"com.wix.detox.espresso.DetoxMatcher"},"method":"matcherForSufficientlyVisible","args":[{"type":"Integer","value":75}]}}]})
03-22 18:38:18.384 19656 19721 I DetoxDispatcher: Handling action 'invoke' (ID #20)...
03-22 18:38:18.384 19656 19721 D Detox   : class com.wix.detox.espresso.DetoxMatcher, matcherForText, [VPA Validity : true]
03-22 18:38:18.384 19656 19721 D Detox   : class androidx.test.espresso.Espresso, onView, [(an instance of android.widget.TextView and view.getText() with or without transformation to match: is "VPA Validity : true" and view has effective visibility <VISIBLE>)]
03-22 18:38:18.385 19656 19721 D Detox   : class com.wix.detox.espresso.DetoxMatcher, matcherForSufficientlyVisible, [75]
03-22 18:38:18.385 19656 19721 D Detox   : class com.wix.detox.espresso.DetoxAssertion, assertMatcher, [androidx.test.espresso.ViewInteraction@54c3414, (view has effective visibility <VISIBLE> and view.getGlobalVisibleRect() covers at least <75> percent of the view's area)]
03-22 18:38:18.404 19656 19656 I ViewInteraction: Checking 'MatchesViewAssertion(Detox){viewMatcher=(view has effective visibility <VISIBLE> and view.getGlobalVisibleRect() covers at least <75> percent of the view's area)}' assertion on view (an instance of android.widget.TextView and view.getText() with or without transformation to match: is "VPA Validity : true" and view has effective visibility <VISIBLE>)
03-22 18:38:18.407 19656 19721 I DetoxActionHandlers: Test exception
03-22 18:38:18.407 19656 19721 I DetoxActionHandlers: java.lang.reflect.InvocationTargetException
03-22 18:38:18.407 19656 19721 I DetoxActionHandlers: 	at java.lang.reflect.Method.invoke(Native Method)
03-22 18:38:18.407 19656 19721 I DetoxActionHandlers: 	at org.apache.commons.lang3.reflect.MethodUtils.invokeStaticMethod(MethodUtils.java:443)
03-22 18:38:18.407 19656 19721 I DetoxActionHandlers: 	at org.apache.commons.lang3.reflect.MethodUtils.invokeStaticMethod(MethodUtils.java:405)
03-22 18:38:18.407 19656 19721 I DetoxActionHandlers: 	at com.wix.invoke.types.ClassTarget.execute(ClassTarget.java:23)
03-22 18:38:18.407 19656 19721 I DetoxActionHandlers: 	at com.wix.invoke.types.Target.invoke(Target.java:59)
03-22 18:38:18.407 19656 19721 I DetoxActionHandlers: 	at com.wix.invoke.MethodInvocation.invoke(MethodInvocation.java:35)
03-22 18:38:18.407 19656 19721 I DetoxActionHandlers: 	at com.wix.invoke.MethodInvocation.invoke(MethodInvocation.java:26)
03-22 18:38:18.407 19656 19721 I DetoxActionHandlers: 	at com.wix.invoke.MethodInvocation.invoke(MethodInvocation.java:20)
03-22 18:38:18.407 19656 19721 I DetoxActionHandlers: 	at com.wix.detox.adapters.server.InvokeActionHandler.handle(DetoxActionHandlers.kt:54)
03-22 18:38:18.407 19656 19721 I DetoxActionHandlers: 	at com.wix.detox.adapters.server.ActionsExecutor$executeAction$$inlined$let$lambda$1.run(DetoxActionsDispatcher.kt:64)
03-22 18:38:18.407 19656 19721 I DetoxActionHandlers: 	at android.os.Handler.handleCallback(Handler.java:938)
03-22 18:38:18.407 19656 19721 I DetoxActionHandlers: 	at android.os.Handler.dispatchMessage(Handler.java:99)
03-22 18:38:18.407 19656 19721 I DetoxActionHandlers: 	at android.os.Looper.loopOnce(Looper.java:201)
03-22 18:38:18.407 19656 19721 I DetoxActionHandlers: 	at android.os.Looper.loop(Looper.java:288)
03-22 18:38:18.407 19656 19721 I DetoxActionHandlers: 	at com.wix.detox.adapters.server.ActionsExecutor$1.run(DetoxActionsDispatcher.kt:50)
03-22 18:38:18.407 19656 19721 I DetoxActionHandlers: 	at java.lang.Thread.run(Thread.java:920)
03-22 18:38:18.407 19656 19721 I DetoxActionHandlers: Caused by: androidx.test.espresso.base.DefaultFailureHandler$AssertionFailedWithCauseError: '(view has effective visibility <VISIBLE> and view.getGlobalVisibleRect() covers at least <75> percent of the view's area)' doesn't match the selected view.
03-22 18:38:18.407 19656 19721 I DetoxActionHandlers: Expected: (view has effective visibility <VISIBLE> and view.getGlobalVisibleRect() covers at least <75> percent of the view's area)
03-22 18:38:18.407 19656 19721 I DetoxActionHandlers:      Got: was null
03-22 18:38:18.407 19656 19721 I DetoxActionHandlers: 
03-22 18:38:18.407 19656 19721 I DetoxActionHandlers: 	at dalvik.system.VMStack.getThreadStackTrace(Native Method)
03-22 18:38:18.407 19656 19721 I DetoxActionHandlers: 	at java.lang.Thread.getStackTrace(Thread.java:1724)
03-22 18:38:18.407 19656 19721 I DetoxActionHandlers: 	at androidx.test.espresso.base.DefaultFailureHandler.getUserFriendlyError(DefaultFailureHandler.java:12)
03-22 18:38:18.407 19656 19721 I DetoxActionHandlers: 	at androidx.test.espresso.base.DefaultFailureHandler.handle(DefaultFailureHandler.java:7)
03-22 18:38:18.407 19656 19721 I DetoxActionHandlers: 	at androidx.test.espresso.ViewInteraction.waitForAndHandleInteractionResults(ViewInteraction.java:5)
03-22 18:38:18.407 19656 19721 I DetoxActionHandlers: 	at androidx.test.espresso.ViewInteraction.check(ViewInteraction.java:12)
03-22 18:38:18.407 19656 19721 I DetoxActionHandlers: 	at com.wix.detox.espresso.DetoxAssertion.assertMatcher(DetoxAssertion.java:32)
03-22 18:38:18.407 19656 19721 I DetoxActionHandlers: 	... 16 more
03-22 18:38:18.407 19656 19721 I DetoxActionHandlers: Caused by: junit.framework.AssertionFailedError: '(view has effective visibility <VISIBLE> and view.getGlobalVisibleRect() covers at least <75> percent of the view's area)' doesn't match the selected view.
03-22 18:38:18.407 19656 19721 I DetoxActionHandlers: Expected: (view has effective visibility <VISIBLE> and view.getGlobalVisibleRect() covers at least <75> percent of the view's area)
03-22 18:38:18.407 19656 19721 I DetoxActionHandlers:      Got: was null
03-22 18:38:18.407 19656 19721 I DetoxActionHandlers: 
03-22 18:38:18.407 19656 19721 I DetoxActionHandlers: 	at androidx.test.espresso.matcher.ViewMatchers.assertThat(ViewMatchers.java:16)
03-22 18:38:18.407 19656 19721 I DetoxActionHandlers: 	at com.wix.detox.espresso.assertion.ViewAssertions$MatchesViewAssertion.check(ViewAssertions.java:52)
03-22 18:38:18.407 19656 19721 I DetoxActionHandlers: 	at androidx.test.espresso.ViewInteraction$SingleExecutionViewAssertion.check(ViewInteraction.java:2)
03-22 18:38:18.407 19656 19721 I DetoxActionHandlers: 	at androidx.test.espresso.ViewInteraction$2.call(ViewInteraction.java:12)
03-22 18:38:18.407 19656 19721 I DetoxActionHandlers: 	at androidx.test.espresso.ViewInteraction$2.call(ViewInteraction.java:1)
03-22 18:38:18.407 19656 19721 I DetoxActionHandlers: 	at java.util.concurrent.FutureTask.run(FutureTask.java:266)
03-22 18:38:18.407 19656 19721 I DetoxActionHandlers: 	at android.os.Handler.handleCallback(Handler.java:938)
03-22 18:38:18.407 19656 19721 I DetoxActionHandlers: 	at android.os.Handler.dispatchMessage(Handler.java:99)
03-22 18:38:18.407 19656 19721 I DetoxActionHandlers: 	at android.os.Looper.loopOnce(Looper.java:201)
03-22 18:38:18.407 19656 19721 I DetoxActionHandlers: 	at android.os.Looper.loop(Looper.java:288)
03-22 18:38:18.407 19656 19721 I DetoxActionHandlers: 	at android.app.ActivityThread.main(ActivityThread.java:7842)
03-22 18:38:18.407 19656 19721 I DetoxActionHandlers: 	at java.lang.reflect.Method.invoke(Native Method)
03-22 18:38:18.407 19656 19721 I DetoxActionHandlers: 	at com.android.internal.os.RuntimeInit$MethodAndArgsCaller.run(RuntimeInit.java:548)
03-22 18:38:18.407 19656 19721 I DetoxActionHandlers: 	at com.android.internal.os.ZygoteInit.main(ZygoteInit.java:1003)
03-22 18:38:18.407 19656 19721 I DetoxWSClient: Sending out action 'testFailed' (ID #20)
03-22 18:38:18.409 19656 19721 I DetoxDispatcher: Done with action 'invoke'
