--------- beginning of main
03-22 20:25:44.164 31128 31128 I Detox   : AnimatedModule is busy.
03-22 20:25:44.169 31128 31128 I Detox   : AnimatedModule is busy.
03-22 20:25:44.183 31128 31128 I Detox   : AnimatedModule is busy.
03-22 20:25:44.195 31128 31128 I Detox   : AnimatedModule is busy.
03-22 20:25:44.218 31128 31128 I Detox   : AnimatedModule is busy.
03-22 20:25:44.230 31128 31128 I Detox   : AnimatedModule is busy.
03-22 20:25:44.246 31128 31128 I Detox   : AnimatedModule is busy.
03-22 20:25:44.264 31128 31128 I Detox   : AnimatedModule is busy.
03-22 20:25:44.280 31128 31128 I Detox   : AnimatedModule is busy.
03-22 20:25:44.296 31128 31128 I Detox   : AnimatedModule is busy.
03-22 20:25:44.314 31128 31128 I Detox   : AnimatedModule is busy.
03-22 20:25:44.331 31128 31128 I Detox   : AnimatedModule is busy.
03-22 20:25:44.834 31128 31296 I DetoxWSClient: Sending out action 'invokeResult' (ID #1)
03-22 20:25:44.836 31128 31296 I DetoxDispatcher: Done with action 'invoke'
03-22 20:25:44.844 31128 31298 D DetoxWSClient: Received action 'invoke' (ID #2, params={"target":{"type":"Class","value":"com.wix.detox.espresso.DetoxAssertion"},"method":"assertMatcher","args":[{"type":"Invocation","value":{"target":{"type":"Class","value":"androidx.test.espresso.Espresso"},"method":"onView","args":[{"type":"Invocation","value":{"target":{"type":"Class","value":"com.wix.detox.espresso.DetoxMatcher"},"method":"matcherForText","args":["Razorpay Initialized"]}}]}},{"type":"Invocation","value":{"target":{"type":"Class","value":"com.wix.detox.espresso.DetoxMatcher"},"method":"matcherForSufficientlyVisible","args":[{"type":"Integer","value":75}]}}]})
03-22 20:25:44.845 31128 31296 I DetoxDispatcher: Handling action 'invoke' (ID #2)...
03-22 20:25:44.846 31128 31296 D Detox   : class com.wix.detox.espresso.DetoxMatcher, matcherForText, [Razorpay Initialized]
03-22 20:25:44.849 31128 31296 D Detox   : class androidx.test.espresso.Espresso, onView, [(an instance of android.widget.TextView and view.getText() with or without transformation to match: is "Razorpay Initialized" and view has effective visibility <VISIBLE>)]
03-22 20:25:44.849 31128 31296 D Detox   : class com.wix.detox.espresso.DetoxMatcher, matcherForSufficientlyVisible, [75]
03-22 20:25:44.850 31128 31296 D Detox   : class com.wix.detox.espresso.DetoxAssertion, assertMatcher, [androidx.test.espresso.ViewInteraction@be9e18c, (view has effective visibility <VISIBLE> and view.getGlobalVisibleRect() covers at least <75> percent of the view's area)]
03-22 20:25:44.859 31128 31128 I ViewInteraction: Checking 'MatchesViewAssertion(Detox){viewMatcher=(view has effective visibility <VISIBLE> and view.getGlobalVisibleRect() covers at least <75> percent of the view's area)}' assertion on view (an instance of android.widget.TextView and view.getText() with or without transformation to match: is "Razorpay Initialized" and view has effective visibility <VISIBLE>)
03-22 20:25:44.861 31128 31296 I DetoxWSClient: Sending out action 'invokeResult' (ID #2)
03-22 20:25:44.862 31128 31296 I DetoxDispatcher: Done with action 'invoke'
03-22 20:25:44.918 31128 31282 D EGL_emulation: app_time_stats: avg=73.76ms min=4.20ms max=553.76ms count=15
03-22 20:25:44.935 31128 31298 D DetoxWSClient: Received action 'invoke' (ID #3, params={"target":{"type":"Class","value":"com.wix.detox.espresso.EspressoDetox"},"method":"perform","args":[{"type":"Invocation","value":{"target":{"type":"Class","value":"androidx.test.espresso.Espresso"},"method":"onView","args":[{"type":"Invocation","value":{"target":{"type":"Class","value":"com.wix.detox.espresso.DetoxMatcher"},"method":"matcherForTestId","args":["cards"]}}]}},{"type":"Invocation","value":{"target":{"type":"Class","value":"com.wix.detox.espresso.DetoxViewActions"},"method":"click","args":[]}}]})
03-22 20:25:44.937 31128 31296 I DetoxDispatcher: Handling action 'invoke' (ID #3)...
03-22 20:25:44.938 31128 31296 D Detox   : class com.wix.detox.espresso.DetoxMatcher, matcherForTestId, [cards]
03-22 20:25:44.939 31128 31296 D Detox   : class androidx.test.espresso.Espresso, onView, [(view.getTag() is "cards" and view has effective visibility <VISIBLE>)]
03-22 20:25:44.940 31128 31296 D Detox   : class com.wix.detox.espresso.DetoxViewActions, click, []
03-22 20:25:44.940 31128 31296 D Detox   : class com.wix.detox.espresso.EspressoDetox, perform, [androidx.test.espresso.ViewInteraction@395e0d5, com.wix.detox.espresso.action.RNClickAction@b0fd0ea]
03-22 20:25:45.202 31128 31128 I ViewInteraction: Performing 'com.wix.detox.espresso.action.detoxsingletap@9198a78 click' action on view (view.getTag() is "cards" and view has effective visibility <VISIBLE>)
03-22 20:25:46.073 31128 31296 I DetoxWSClient: Sending out action 'invokeResult' (ID #3)
03-22 20:25:46.074 31128 31296 I DetoxDispatcher: Done with action 'invoke'
03-22 20:25:46.091 31128 31298 D DetoxWSClient: Received action 'invoke' (ID #4, params={"target":{"type":"Class","value":"com.wix.detox.espresso.EspressoDetox"},"method":"perform","args":[{"type":"Invocation","value":{"target":{"type":"Class","value":"androidx.test.espresso.Espresso"},"method":"onView","args":[{"type":"Invocation","value":{"target":{"type":"Class","value":"com.wix.detox.espresso.DetoxMatcher"},"method":"matcherForTestId","args":["cardNumber"]}}]}},{"type":"Invocation","value":{"target":{"type":"Class","value":"androidx.test.espresso.action.ViewActions"},"method":"replaceText","args":["4111111111111111"]}}]})
03-22 20:25:46.097 31128 31296 I DetoxDispatcher: Handling action 'invoke' (ID #4)...
03-22 20:25:46.105 31128 31296 D Detox   : class com.wix.detox.espresso.DetoxMatcher, matcherForTestId, [cardNumber]
03-22 20:25:46.114 31128 31296 D Detox   : class androidx.test.espresso.Espresso, onView, [(view.getTag() is "cardNumber" and view has effective visibility <VISIBLE>)]
03-22 20:25:46.120 31128 31296 D Detox   : class androidx.test.espresso.action.ViewActions, replaceText, [4111111111111111]
03-22 20:25:46.125 31128 31296 D Detox   : class com.wix.detox.espresso.EspressoDetox, perform, [androidx.test.espresso.ViewInteraction@c757736, androidx.test.espresso.action.ReplaceTextAction@21a6637]
03-22 20:25:46.146 31128 31128 I ViewInteraction: Performing 'replace text(4111111111111111)' action on view (view.getTag() is "cardNumber" and view has effective visibility <VISIBLE>)
03-22 20:25:46.183 31128 31296 I DetoxWSClient: Sending out action 'invokeResult' (ID #4)
03-22 20:25:46.186 31128 31296 I DetoxDispatcher: Done with action 'invoke'
03-22 20:25:46.200 31128 31298 D DetoxWSClient: Received action 'invoke' (ID #5, params={"target":{"type":"Class","value":"com.wix.detox.espresso.EspressoDetox"},"method":"perform","args":[{"type":"Invocation","value":{"target":{"type":"Class","value":"androidx.test.espresso.Espresso"},"method":"onView","args":[{"type":"Invocation","value":{"target":{"type":"Class","value":"com.wix.detox.espresso.DetoxMatcher"},"method":"matcherForText","args":["IS CARD VALID"]}}]}},{"type":"Invocation","value":{"target":{"type":"Class","value":"com.wix.detox.espresso.DetoxViewActions"},"method":"click","args":[]}}]})
03-22 20:25:46.215 31128 31296 I DetoxDispatcher: Handling action 'invoke' (ID #5)...
03-22 20:25:46.217 31128 31296 D Detox   : class com.wix.detox.espresso.DetoxMatcher, matcherForText, [IS CARD VALID]
03-22 20:25:46.222 31128 31296 D Detox   : class androidx.test.espresso.Espresso, onView, [(an instance of android.widget.TextView and view.getText() with or without transformation to match: is "IS CARD VALID" and view has effective visibility <VISIBLE>)]
03-22 20:25:46.223 31128 31296 D Detox   : class com.wix.detox.espresso.DetoxViewActions, click, []
03-22 20:25:46.224 31128 31128 D CompatibilityChangeReporter: Compat change id reported: 163400105; UID 10192; state: DISABLED
03-22 20:25:46.229 31128 31296 D Detox   : class com.wix.detox.espresso.EspressoDetox, perform, [androidx.test.espresso.ViewInteraction@809e52f, com.wix.detox.espresso.action.RNClickAction@165173c]
03-22 20:25:46.230 31128 31282 D EGL_emulation: app_time_stats: avg=46.12ms min=3.20ms max=549.37ms count=26
03-22 20:25:46.245 31128 31128 I AssistStructure: Flattened final assist data: 4240 bytes, containing 1 windows, 26 views
03-22 20:25:46.292 31128 31137 I com.detoxsampl: Background concurrent copying GC freed 240297(20MB) AllocSpace objects, 17(660KB) LOS objects, 49% free, 6697KB/13MB, paused 698us,4.532ms total 248.685ms
03-22 20:25:46.419 31128 31128 I Detox   : UIManagerModule is busy
03-22 20:25:46.443 31128 31128 I Detox   : UIManagerModule is busy
03-22 20:25:46.461 31128 31128 I ViewInteraction: Performing 'com.wix.detox.espresso.action.detoxsingletap@d2f11d4 click' action on view (an instance of android.widget.TextView and view.getText() with or without transformation to match: is "IS CARD VALID" and view has effective visibility <VISIBLE>)
03-22 20:25:46.550 31128 31300 I ReactNativeJS: true
03-22 20:25:47.077 31128 31296 I DetoxWSClient: Sending out action 'invokeResult' (ID #5)
03-22 20:25:47.077 31128 31296 I DetoxDispatcher: Done with action 'invoke'
03-22 20:25:47.089 31128 31298 D DetoxWSClient: Received action 'invoke' (ID #6, params={"target":{"type":"Class","value":"com.wix.detox.espresso.DetoxAssertion"},"method":"assertMatcher","args":[{"type":"Invocation","value":{"target":{"type":"Class","value":"androidx.test.espresso.Espresso"},"method":"onView","args":[{"type":"Invocation","value":{"target":{"type":"Class","value":"com.wix.detox.espresso.DetoxMatcher"},"method":"matcherForText","args":["Card Validity : true"]}}]}},{"type":"Invocation","value":{"target":{"type":"Class","value":"com.wix.detox.espresso.DetoxMatcher"},"method":"matcherForSufficientlyVisible","args":[{"type":"Integer","value":75}]}}]})
03-22 20:25:47.089 31128 31296 I DetoxDispatcher: Handling action 'invoke' (ID #6)...
03-22 20:25:47.090 31128 31296 D Detox   : class com.wix.detox.espresso.DetoxMatcher, matcherForText, [Card Validity : true]
03-22 20:25:47.090 31128 31296 D Detox   : class androidx.test.espresso.Espresso, onView, [(an instance of android.widget.TextView and view.getText() with or without transformation to match: is "Card Validity : true" and view has effective visibility <VISIBLE>)]
03-22 20:25:47.091 31128 31296 D Detox   : class com.wix.detox.espresso.DetoxMatcher, matcherForSufficientlyVisible, [75]
03-22 20:25:47.093 31128 31296 D Detox   : class com.wix.detox.espresso.DetoxAssertion, assertMatcher, [androidx.test.espresso.ViewInteraction@1397679, (view has effective visibility <VISIBLE> and view.getGlobalVisibleRect() covers at least <75> percent of the view's area)]
03-22 20:25:47.104 31128 31128 I ViewInteraction: Checking 'MatchesViewAssertion(Detox){viewMatcher=(view has effective visibility <VISIBLE> and view.getGlobalVisibleRect() covers at least <75> percent of the view's area)}' assertion on view (an instance of android.widget.TextView and view.getText() with or without transformation to match: is "Card Validity : true" and view has effective visibility <VISIBLE>)
03-22 20:25:47.108 31128 31296 I DetoxWSClient: Sending out action 'invokeResult' (ID #6)
03-22 20:25:47.108 31128 31296 I DetoxDispatcher: Done with action 'invoke'
03-22 20:25:47.117 31128 31298 D DetoxWSClient: Received action 'invoke' (ID #7, params={"target":{"type":"Class","value":"com.wix.detox.espresso.EspressoDetox"},"method":"perform","args":[{"type":"Invocation","value":{"target":{"type":"Class","value":"androidx.test.espresso.Espresso"},"method":"onView","args":[{"type":"Invocation","value":{"target":{"type":"Class","value":"com.wix.detox.espresso.DetoxMatcher"},"method":"matcherForText","args":["GET CARD NETWORK"]}}]}},{"type":"Invocation","value":{"target":{"type":"Class","value":"com.wix.detox.espresso.DetoxViewActions"},"method":"click","args":[]}}]})
03-22 20:25:47.118 31128 31296 I DetoxDispatcher: Handling action 'invoke' (ID #7)...
03-22 20:25:47.119 31128 31296 D Detox   : class com.wix.detox.espresso.DetoxMatcher, matcherForText, [GET CARD NETWORK]
03-22 20:25:47.119 31128 31296 D Detox   : class androidx.test.espresso.Espresso, onView, [(an instance of android.widget.TextView and view.getText() with or without transformation to match: is "GET CARD NETWORK" and view has effective visibility <VISIBLE>)]
03-22 20:25:47.120 31128 31296 D Detox   : class com.wix.detox.espresso.DetoxViewActions, click, []
03-22 20:25:47.121 31128 31296 D Detox   : class com.wix.detox.espresso.EspressoDetox, perform, [androidx.test.espresso.ViewInteraction@2267fbe, com.wix.detox.espresso.action.RNClickAction@44781f]
03-22 20:25:47.130 31128 31128 I ViewInteraction: Performing 'com.wix.detox.espresso.action.detoxsingletap@bac76c click' action on view (an instance of android.widget.TextView and view.getText() with or without transformation to match: is "GET CARD NETWORK" and view has effective visibility <VISIBLE>)
03-22 20:25:47.185 31128 31300 I ReactNativeJS: visa
03-22 20:25:47.232 31128 31282 D EGL_emulation: app_time_stats: avg=13.62ms min=2.96ms max=221.78ms count=43
03-22 20:25:47.271 31128 31128 I Detox   : UIManagerModule is busy
03-22 20:25:47.663 31128 31296 I DetoxWSClient: Sending out action 'invokeResult' (ID #7)
03-22 20:25:47.664 31128 31296 I DetoxDispatcher: Done with action 'invoke'
03-22 20:25:47.672 31128 31298 D DetoxWSClient: Received action 'invoke' (ID #8, params={"target":{"type":"Class","value":"com.wix.detox.espresso.DetoxAssertion"},"method":"assertMatcher","args":[{"type":"Invocation","value":{"target":{"type":"Class","value":"androidx.test.espresso.Espresso"},"method":"onView","args":[{"type":"Invocation","value":{"target":{"type":"Class","value":"com.wix.detox.espresso.DetoxMatcher"},"method":"matcherForText","args":["Card Network : visa"]}}]}},{"type":"Invocation","value":{"target":{"type":"Class","value":"com.wix.detox.espresso.DetoxMatcher"},"method":"matcherForSufficientlyVisible","args":[{"type":"Integer","value":75}]}}]})
03-22 20:25:47.673 31128 31296 I DetoxDispatcher: Handling action 'invoke' (ID #8)...
03-22 20:25:47.673 31128 31296 D Detox   : class com.wix.detox.espresso.DetoxMatcher, matcherForText, [Card Network : visa]
03-22 20:25:47.674 31128 31296 D Detox   : class androidx.test.espresso.Espresso, onView, [(an instance of android.widget.TextView and view.getText() with or without transformation to match: is "Card Network : visa" and view has effective visibility <VISIBLE>)]
03-22 20:25:47.674 31128 31296 D Detox   : class com.wix.detox.espresso.DetoxMatcher, matcherForSufficientlyVisible, [75]
03-22 20:25:47.675 31128 31296 D Detox   : class com.wix.detox.espresso.DetoxAssertion, assertMatcher, [androidx.test.espresso.ViewInteraction@12e7bb1, (view has effective visibility <VISIBLE> and view.getGlobalVisibleRect() covers at least <75> percent of the view's area)]
03-22 20:25:47.683 31128 31128 I ViewInteraction: Checking 'MatchesViewAssertion(Detox){viewMatcher=(view has effective visibility <VISIBLE> and view.getGlobalVisibleRect() covers at least <75> percent of the view's area)}' assertion on view (an instance of android.widget.TextView and view.getText() with or without transformation to match: is "Card Network : visa" and view has effective visibility <VISIBLE>)
03-22 20:25:47.684 31128 31296 I DetoxWSClient: Sending out action 'invokeResult' (ID #8)
03-22 20:25:47.685 31128 31296 I DetoxDispatcher: Done with action 'invoke'
