--------- beginning of main
03-22 18:34:03.073 17717 17717 I com.detoxsampl: Late-enabling -Xcheck:jni
03-22 18:34:03.089 17717 17717 W com.detoxsampl: Unexpected CPU variant for X86 using defaults: x86_64
03-22 18:34:03.133 17717 17717 D CompatibilityChangeReporter: Compat change id reported: 171979766; UID 10180; state: DISABLED
--------- beginning of system
03-22 18:34:03.146 17717 17717 W ActivityThread: Package uses different ABI(s) than its instrumentation: package[com.detoxsample]: x86_64, null instrumentation[com.detoxsample.test]: null, null
03-22 18:34:03.332 17717 17717 V GraphicsEnvironment: ANGLE Developer option for 'com.detoxsample' set to: 'default'
03-22 18:34:03.333 17717 17717 V GraphicsEnvironment: ANGLE GameManagerService for com.detoxsample: false
03-22 18:34:03.333 17717 17717 V GraphicsEnvironment: Neither updatable production driver nor prerelease driver is supported.
03-22 18:34:03.338 17717 17717 D ApplicationLoaders: Returning zygote-cached class loader: /system/framework/android.test.base.jar
03-22 18:34:03.342 17717 17717 D ApplicationLoaders: Returning zygote-cached class loader: /system/framework/android.test.base.jar
03-22 18:34:03.561 17717 17717 D NetworkSecurityConfig: Using Network Security Config from resource network_security_config debugBuild: true
03-22 18:34:03.562 17717 17717 D NetworkSecurityConfig: Using Network Security Config from resource network_security_config debugBuild: true
03-22 18:34:03.568 17717 17717 I MonitoringInstr: Instrumentation started!
03-22 18:34:03.629 17717 17717 V TestEventClient: No service name argument was given (testDiscoveryService, testRunEventService or orchestratorService)
03-22 18:34:03.635 17717 17717 D SoLoader: init start
03-22 18:34:03.636 17717 17717 D SoLoader: adding system library source: /vendor/lib64
03-22 18:34:03.638 17717 17717 D SoLoader: adding system library source: /system/lib64
03-22 18:34:03.639 17717 17717 D SoLoader: adding application source: com.facebook.soloader.DirectorySoSource[root = /data/app/~~2c_6tbsA20KVMkP694LlAQ==/com.detoxsample-gVkjT9jlsiUbFjbeHQROeg==/lib/x86_64 flags = 0]
03-22 18:34:03.642 17717 17717 D SoLoader: adding backup source from : com.facebook.soloader.ApkSoSource[root = /data/data/com.detoxsample/lib-main flags = 1]
03-22 18:34:03.642 17717 17717 D SoLoader: Preparing SO source: com.facebook.soloader.DirectorySoSource[root = /system/lib64 flags = 2]
03-22 18:34:03.643 17717 17717 D SoLoader: Preparing SO source: com.facebook.soloader.DirectorySoSource[root = /vendor/lib64 flags = 2]
03-22 18:34:03.643 17717 17717 D SoLoader: Preparing SO source: com.facebook.soloader.DirectorySoSource[root = /data/app/~~2c_6tbsA20KVMkP694LlAQ==/com.detoxsample-gVkjT9jlsiUbFjbeHQROeg==/lib/x86_64 flags = 0]
03-22 18:34:03.643 17717 17717 D SoLoader: Preparing SO source: com.facebook.soloader.ApkSoSource[root = /data/data/com.detoxsample/lib-main flags = 1]
03-22 18:34:03.644 17717 17717 V fb-UnpackingSoSource: locked dso store /data/user/0/com.detoxsample/lib-main
03-22 18:34:03.645 17717 17717 V fb-UnpackingSoSource: deps mismatch on deps store: regenerating
03-22 18:34:03.645 17717 17717 V fb-UnpackingSoSource: so store dirty: regenerating
03-22 18:34:03.725 17717 17717 D ApkSoSource: not allowing consideration of lib/x86_64/libbetter.so: deferring to libdir
03-22 18:34:03.725 17717 17717 D ApkSoSource: not allowing consideration of lib/x86_64/libc++_shared.so: deferring to libdir
03-22 18:34:03.725 17717 17717 D ApkSoSource: not allowing consideration of lib/x86_64/libevent-2.1.so: deferring to libdir
03-22 18:34:03.725 17717 17717 D ApkSoSource: not allowing consideration of lib/x86_64/libevent_core-2.1.so: deferring to libdir
03-22 18:34:03.725 17717 17717 D ApkSoSource: not allowing consideration of lib/x86_64/libevent_extra-2.1.so: deferring to libdir
03-22 18:34:03.726 17717 17717 D ApkSoSource: not allowing consideration of lib/x86_64/libfabricjni.so: deferring to libdir
03-22 18:34:03.726 17717 17717 D ApkSoSource: not allowing consideration of lib/x86_64/libfb.so: deferring to libdir
03-22 18:34:03.726 17717 17717 D ApkSoSource: not allowing consideration of lib/x86_64/libfbjni.so: deferring to libdir
03-22 18:34:03.726 17717 17717 D ApkSoSource: not allowing consideration of lib/x86_64/libflipper.so: deferring to libdir
03-22 18:34:03.727 17717 17717 D ApkSoSource: not allowing consideration of lib/x86_64/libfolly_futures.so: deferring to libdir
03-22 18:34:03.728 17717 17717 D ApkSoSource: not allowing consideration of lib/x86_64/libfolly_json.so: deferring to libdir
03-22 18:34:03.728 17717 17717 D ApkSoSource: not allowing consideration of lib/x86_64/libglog.so: deferring to libdir
03-22 18:34:03.728 17717 17717 D ApkSoSource: not allowing consideration of lib/x86_64/libglog_init.so: deferring to libdir
03-22 18:34:03.728 17717 17717 D ApkSoSource: not allowing consideration of lib/x86_64/libimagepipeline.so: deferring to libdir
03-22 18:34:03.728 17717 17717 D ApkSoSource: not allowing consideration of lib/x86_64/libjsc.so: deferring to libdir
03-22 18:34:03.729 17717 17717 D ApkSoSource: not allowing consideration of lib/x86_64/libjscexecutor.so: deferring to libdir
03-22 18:34:03.729 17717 17717 D ApkSoSource: not allowing consideration of lib/x86_64/libjsi.so: deferring to libdir
03-22 18:34:03.729 17717 17717 D ApkSoSource: not allowing consideration of lib/x86_64/libjsijniprofiler.so: deferring to libdir
03-22 18:34:03.729 17717 17717 D ApkSoSource: not allowing consideration of lib/x86_64/libjsinspector.so: deferring to libdir
03-22 18:34:03.729 17717 17717 D ApkSoSource: not allowing consideration of lib/x86_64/liblogger.so: deferring to libdir
03-22 18:34:03.730 17717 17717 D ApkSoSource: not allowing consideration of lib/x86_64/libmapbufferjni.so: deferring to libdir
03-22 18:34:03.730 17717 17717 D ApkSoSource: not allowing consideration of lib/x86_64/libnative-filters.so: deferring to libdir
03-22 18:34:03.730 17717 17717 D ApkSoSource: not allowing consideration of lib/x86_64/libnative-imagetranscoder.so: deferring to libdir
03-22 18:34:03.730 17717 17717 D ApkSoSource: not allowing consideration of lib/x86_64/libreact_codegen_rncore.so: deferring to libdir
03-22 18:34:03.730 17717 17717 D ApkSoSource: not allowing consideration of lib/x86_64/libreact_debug.so: deferring to libdir
03-22 18:34:03.730 17717 17717 D ApkSoSource: not allowing consideration of lib/x86_64/libreact_nativemodule_core.so: deferring to libdir
03-22 18:34:03.731 17717 17717 D ApkSoSource: not allowing consideration of lib/x86_64/libreact_render_animations.so: deferring to libdir
03-22 18:34:03.731 17717 17717 D ApkSoSource: not allowing consideration of lib/x86_64/libreact_render_attributedstring.so: deferring to libdir
03-22 18:34:03.731 17717 17717 D ApkSoSource: not allowing consideration of lib/x86_64/libreact_render_componentregistry.so: deferring to libdir
03-22 18:34:03.731 17717 17717 D ApkSoSource: not allowing consideration of lib/x86_64/libreact_render_core.so: deferring to libdir
03-22 18:34:03.732 17717 17717 D ApkSoSource: not allowing consideration of lib/x86_64/libreact_render_debug.so: deferring to libdir
03-22 18:34:03.733 17717 17717 D ApkSoSource: not allowing consideration of lib/x86_64/libreact_render_graphics.so: deferring to libdir
03-22 18:34:03.733 17717 17717 D ApkSoSource: not allowing consideration of lib/x86_64/libreact_render_imagemanager.so: deferring to libdir
03-22 18:34:03.733 17717 17717 D ApkSoSource: not allowing consideration of lib/x86_64/libreact_render_leakchecker.so: deferring to libdir
03-22 18:34:03.733 17717 17717 D ApkSoSource: not allowing consideration of lib/x86_64/libreact_render_mapbuffer.so: deferring to libdir
03-22 18:34:03.733 17717 17717 D ApkSoSource: not allowing consideration of lib/x86_64/libreact_render_mounting.so: deferring to libdir
03-22 18:34:03.733 17717 17717 D ApkSoSource: not allowing consideration of lib/x86_64/libreact_render_runtimescheduler.so: deferring to libdir
03-22 18:34:03.734 17717 17717 D ApkSoSource: not allowing consideration of lib/x86_64/libreact_render_scheduler.so: deferring to libdir
03-22 18:34:03.734 17717 17717 D ApkSoSource: not allowing consideration of lib/x86_64/libreact_render_telemetry.so: deferring to libdir
03-22 18:34:03.734 17717 17717 D ApkSoSource: not allowing consideration of lib/x86_64/libreact_render_templateprocessor.so: deferring to libdir
03-22 18:34:03.734 17717 17717 D ApkSoSource: not allowing consideration of lib/x86_64/libreact_render_textlayoutmanager.so: deferring to libdir
03-22 18:34:03.734 17717 17717 D ApkSoSource: not allowing consideration of lib/x86_64/libreact_render_uimanager.so: deferring to libdir
03-22 18:34:03.735 17717 17717 D ApkSoSource: not allowing consideration of lib/x86_64/libreact_utils.so: deferring to libdir
03-22 18:34:03.735 17717 17717 D ApkSoSource: not allowing consideration of lib/x86_64/libreactconfig.so: deferring to libdir
03-22 18:34:03.735 17717 17717 D ApkSoSource: not allowing consideration of lib/x86_64/libreactnativeblob.so: deferring to libdir
03-22 18:34:03.735 17717 17717 D ApkSoSource: not allowing consideration of lib/x86_64/libreactnativejni.so: deferring to libdir
03-22 18:34:03.735 17717 17717 D ApkSoSource: not allowing consideration of lib/x86_64/libreactnativeutilsjni.so: deferring to libdir
03-22 18:34:03.735 17717 17717 D ApkSoSource: not allowing consideration of lib/x86_64/libreactperfloggerjni.so: deferring to libdir
03-22 18:34:03.736 17717 17717 D ApkSoSource: not allowing consideration of lib/x86_64/librrc_image.so: deferring to libdir
03-22 18:34:03.736 17717 17717 D ApkSoSource: not allowing consideration of lib/x86_64/librrc_modal.so: deferring to libdir
03-22 18:34:03.736 17717 17717 D ApkSoSource: not allowing consideration of lib/x86_64/librrc_progressbar.so: deferring to libdir
03-22 18:34:03.737 17717 17717 D ApkSoSource: not allowing consideration of lib/x86_64/librrc_root.so: deferring to libdir
03-22 18:34:03.737 17717 17717 D ApkSoSource: not allowing consideration of lib/x86_64/librrc_scrollview.so: deferring to libdir
03-22 18:34:03.737 17717 17717 D ApkSoSource: not allowing consideration of lib/x86_64/librrc_slider.so: deferring to libdir
03-22 18:34:03.738 17717 17717 D ApkSoSource: not allowing consideration of lib/x86_64/librrc_switch.so: deferring to libdir
03-22 18:34:03.738 17717 17717 D ApkSoSource: not allowing consideration of lib/x86_64/librrc_text.so: deferring to libdir
03-22 18:34:03.739 17717 17717 D ApkSoSource: not allowing consideration of lib/x86_64/librrc_textinput.so: deferring to libdir
03-22 18:34:03.739 17717 17717 D ApkSoSource: not allowing consideration of lib/x86_64/librrc_unimplementedview.so: deferring to libdir
03-22 18:34:03.739 17717 17717 D ApkSoSource: not allowing consideration of lib/x86_64/librrc_view.so: deferring to libdir
03-22 18:34:03.740 17717 17717 D ApkSoSource: not allowing consideration of lib/x86_64/libturbomodulejsijni.so: deferring to libdir
03-22 18:34:03.740 17717 17717 D ApkSoSource: not allowing consideration of lib/x86_64/libyoga.so: deferring to libdir
03-22 18:34:03.741 17717 17717 V fb-UnpackingSoSource: regenerating DSO store com.facebook.soloader.ApkSoSource
03-22 18:34:03.743 17717 17717 V fb-UnpackingSoSource: Finished regenerating DSO store com.facebook.soloader.ApkSoSource
03-22 18:34:03.743 17717 17717 V fb-UnpackingSoSource: starting syncer worker
03-22 18:34:03.760 17717 17717 V fb-UnpackingSoSource: releasing dso store lock for /data/user/0/com.detoxsample/lib-main (from syncer thread)
03-22 18:34:03.760 17717 17717 V fb-UnpackingSoSource: not releasing dso store lock for /data/user/0/com.detoxsample/lib-main (syncer thread started)
03-22 18:34:03.760 17717 17717 D SoLoader: init finish: 4 SO sources prepared
03-22 18:34:03.761 17717 17717 D SoLoader: init exiting
03-22 18:34:03.787 17717 17717 D SoLoader: init exiting
03-22 18:34:03.789 17717 17717 D SoLoader: About to load: libjscexecutor.so
03-22 18:34:03.790 17717 17717 D SoLoader: libjscexecutor.so not found on /data/data/com.detoxsample/lib-main
03-22 18:34:03.790 17717 17717 D SoLoader: libjscexecutor.so found on /data/app/~~2c_6tbsA20KVMkP694LlAQ==/com.detoxsample-gVkjT9jlsiUbFjbeHQROeg==/lib/x86_64
03-22 18:34:03.790 17717 17717 D SoLoader: Not resolving dependencies for libjscexecutor.so
03-22 18:34:03.798 17717 17717 D JavaScriptCore.Version: 250230.2.1
03-22 18:34:03.798 17717 17717 D SoLoader: Loaded: libjscexecutor.so
03-22 18:34:03.805 17717 17717 D SoLoader: init exiting
03-22 18:34:04.102 17717 17751 D SoLoader: About to load: libfbjni.so
03-22 18:34:04.103 17717 17751 D SoLoader: libfbjni.so not found on /data/data/com.detoxsample/lib-main
03-22 18:34:04.103 17717 17751 D SoLoader: libfbjni.so found on /data/app/~~2c_6tbsA20KVMkP694LlAQ==/com.detoxsample-gVkjT9jlsiUbFjbeHQROeg==/lib/x86_64
03-22 18:34:04.103 17717 17751 D SoLoader: Not resolving dependencies for libfbjni.so
03-22 18:34:04.105 17717 17751 D SoLoader: Loaded: libfbjni.so
03-22 18:34:04.106 17717 17751 D SoLoader: About to load: libflipper.so
03-22 18:34:04.106 17717 17751 D SoLoader: libflipper.so not found on /data/data/com.detoxsample/lib-main
03-22 18:34:04.106 17717 17751 D SoLoader: libflipper.so found on /data/app/~~2c_6tbsA20KVMkP694LlAQ==/com.detoxsample-gVkjT9jlsiUbFjbeHQROeg==/lib/x86_64
03-22 18:34:04.106 17717 17751 D SoLoader: Not resolving dependencies for libflipper.so
03-22 18:34:04.122 17717 17751 D SoLoader: Loaded: libflipper.so
03-22 18:34:04.153 17717 17717 W com.detoxsampl: Accessing hidden field Landroid/view/View;->mKeyedTags:Landroid/util/SparseArray; (unsupported, reflection, allowed)
03-22 18:34:04.154 17717 17717 W com.detoxsampl: Accessing hidden field Landroid/view/View;->mListenerInfo:Landroid/view/View$ListenerInfo; (unsupported, reflection, allowed)
03-22 18:34:04.154 17717 17717 W com.detoxsampl: Accessing hidden field Landroid/view/View$ListenerInfo;->mOnClickListener:Landroid/view/View$OnClickListener; (unsupported, reflection, allowed)
03-22 18:34:04.177 17717 17717 I flipper : flipper: FlipperClient::addPlugin Inspector
03-22 18:34:04.177 17717 17717 I flipper : flipper: FlipperClient::addPlugin React
03-22 18:34:04.182 17717 17717 I flipper : flipper: FlipperClient::addPlugin Databases
03-22 18:34:04.185 17717 17717 I flipper : flipper: FlipperClient::addPlugin Preferences
03-22 18:34:04.185 17717 17717 I flipper : flipper: FlipperClient::addPlugin CrashReporter
03-22 18:34:04.193 17717 17717 I flipper : flipper: FlipperClient::addPlugin Network
03-22 18:34:04.219 17717 17743 I UsageTrackerFacilitator: Usage tracking enabled
03-22 18:34:04.226 17717 17743 I TestRequestBuilder: Scanning classpath to find tests in paths [/data/app/~~qYFAUpw-HJw_DJr-2_NGLw==/com.detoxsample.test-D2H9nZCu1ctwwJIRZVDJpQ==/base.apk]
03-22 18:34:04.228 17717 17743 W com.detoxsampl: Opening an oat file without a class loader. Are you using the deprecated DexFile APIs?
03-22 18:34:04.827 17717 17743 D TestExecutor: Adding listener androidx.test.internal.runner.listener.LogRunListener
03-22 18:34:04.828 17717 17743 D TestExecutor: Adding listener androidx.test.internal.runner.listener.InstrumentationResultPrinter
03-22 18:34:04.828 17717 17743 D TestExecutor: Adding listener androidx.test.internal.runner.listener.ActivityFinisherRunListener
03-22 18:34:04.831 17717 17743 I TestRunner: run started: 1 tests
03-22 18:34:04.837 17717 17743 I TestRunner: started: runDetoxTests(com.detoxsample.DetoxTest)
03-22 18:34:04.886 17717 17743 D EventInjectionStrategy: Creating injection strategy with input manager.
03-22 18:34:04.886 17717 17743 W com.detoxsampl: Accessing hidden method Landroid/hardware/input/InputManager;->getInstance()Landroid/hardware/input/InputManager; (unsupported, reflection, allowed)
03-22 18:34:04.886 17717 17743 W com.detoxsampl: Accessing hidden method Landroid/hardware/input/InputManager;->injectInputEvent(Landroid/view/InputEvent;I)Z (unsupported, reflection, allowed)
03-22 18:34:04.887 17717 17743 W com.detoxsampl: Accessing hidden field Landroid/hardware/input/InputManager;->INJECT_INPUT_EVENT_MODE_WAIT_FOR_FINISH:I (unsupported, reflection, allowed)
03-22 18:34:04.907 17717 17743 W com.detoxsampl: Accessing hidden field Ljava/lang/reflect/Field;->accessFlags:I (unsupported, reflection, allowed)
03-22 18:34:04.957 17717 17768 D libEGL  : loaded /vendor/lib64/egl/libEGL_emulation.so
03-22 18:34:04.961 17717 17768 D libEGL  : loaded /vendor/lib64/egl/libGLESv1_CM_emulation.so
03-22 18:34:04.965 17717 17768 D libEGL  : loaded /vendor/lib64/egl/libGLESv2_emulation.so
03-22 18:34:05.066 17717 17717 D LifecycleMonitor: Lifecycle status change: com.detoxsample.MainActivity@b7cbddf in: PRE_ON_CREATE
03-22 18:34:05.184 17717 17717 W com.detoxsampl: Accessing hidden method Landroid/view/View;->computeFitSystemWindows(Landroid/graphics/Rect;Landroid/graphics/Rect;)Z (unsupported, reflection, allowed)
03-22 18:34:05.185 17717 17717 W com.detoxsampl: Accessing hidden method Landroid/view/ViewGroup;->makeOptionalFitsSystemWindows()V (unsupported, reflection, allowed)
03-22 18:34:05.198 17717 17717 D LifecycleMonitor: Lifecycle status change: com.detoxsample.MainActivity@b7cbddf in: CREATED
03-22 18:34:05.201 17717 17717 D LifecycleMonitor: Lifecycle status change: com.detoxsample.MainActivity@b7cbddf in: STARTED
03-22 18:34:05.201 17717 17756 D SoLoader: About to load: libreactnativejni.so
03-22 18:34:05.202 17717 17756 D SoLoader: libreactnativejni.so not found on /data/data/com.detoxsample/lib-main
03-22 18:34:05.202 17717 17756 D SoLoader: libreactnativejni.so found on /data/app/~~2c_6tbsA20KVMkP694LlAQ==/com.detoxsample-gVkjT9jlsiUbFjbeHQROeg==/lib/x86_64
03-22 18:34:05.202 17717 17756 D SoLoader: Not resolving dependencies for libreactnativejni.so
03-22 18:34:05.204 17717 17717 D LifecycleMonitor: Lifecycle status change: com.detoxsample.MainActivity@b7cbddf in: RESUMED
03-22 18:34:05.204 17717 17756 D SoLoader: Loaded: libreactnativejni.so
03-22 18:34:05.234 17717 17717 W unknown:ReactNative: Packager connection already open, nooping.
03-22 18:34:05.260 17717 17766 D HostConnection: createUnique: call
03-22 18:34:05.268 17717 17766 D HostConnection: HostConnection::get() New Host Connection established 0x73a0edf0a750, tid 17766
03-22 18:34:05.280 17717 17766 D HostConnection: HostComposition ext ANDROID_EMU_CHECKSUM_HELPER_v1 ANDROID_EMU_native_sync_v2 ANDROID_EMU_native_sync_v3 ANDROID_EMU_native_sync_v4 ANDROID_EMU_dma_v1 ANDROID_EMU_direct_mem ANDROID_EMU_host_composition_v1 ANDROID_EMU_host_composition_v2 ANDROID_EMU_YUV_Cache ANDROID_EMU_async_unmap_buffer ANDROID_EMU_has_shared_slots_host_memory_allocator ANDROID_EMU_sync_buffer_data GL_OES_EGL_image_external_essl3 GL_OES_vertex_array_object GL_KHR_texture_compression_astc_ldr ANDROID_EMU_host_side_tracing ANDROID_EMU_async_frame_commands ANDROID_EMU_gles_max_version_3_0 
03-22 18:34:05.292 17717 17766 W OpenGLRenderer: Failed to choose config with EGL_SWAP_BEHAVIOR_PRESERVED, retrying without...
03-22 18:34:05.293 17717 17766 W OpenGLRenderer: Failed to initialize 101010-2 format, error = EGL_SUCCESS
03-22 18:34:05.296 17717 17766 D EGL_emulation: eglCreateContext: 0x73a0edf084d0: maj 3 min 0 rcv 3
03-22 18:34:05.304 17717 17766 D EGL_emulation: eglMakeCurrent: 0x73a0edf084d0: ver 3 0 (tinfo 0x73a3073d2080) (first time)
03-22 18:34:05.368 17717 17766 I Gralloc4: mapper 4.x is not supported
03-22 18:34:05.373 17717 17766 D HostConnection: createUnique: call
03-22 18:34:05.374 17717 17766 D HostConnection: HostConnection::get() New Host Connection established 0x73a0edf0ad50, tid 17766
03-22 18:34:05.374 17717 17766 D goldfish-address-space: allocate: Ask for block of size 0x100
03-22 18:34:05.375 17717 17766 D goldfish-address-space: allocate: ioctl allocate returned offset 0x3e3ffe000 size 0x2000
03-22 18:34:05.384 17717 17766 W Gralloc4: allocator 4.x is not supported
03-22 18:34:05.399 17717 17766 D HostConnection: HostComposition ext ANDROID_EMU_CHECKSUM_HELPER_v1 ANDROID_EMU_native_sync_v2 ANDROID_EMU_native_sync_v3 ANDROID_EMU_native_sync_v4 ANDROID_EMU_dma_v1 ANDROID_EMU_direct_mem ANDROID_EMU_host_composition_v1 ANDROID_EMU_host_composition_v2 ANDROID_EMU_YUV_Cache ANDROID_EMU_async_unmap_buffer ANDROID_EMU_has_shared_slots_host_memory_allocator ANDROID_EMU_sync_buffer_data GL_OES_EGL_image_external_essl3 GL_OES_vertex_array_object GL_KHR_texture_compression_astc_ldr ANDROID_EMU_host_side_tracing ANDROID_EMU_async_frame_commands ANDROID_EMU_gles_max_version_3_0 
03-22 18:34:05.604 17717 17743 I Detox   : Detox server connection details: url=ws://localhost:57929, sessionId=3fe7cb7d-d97d-2bb3-dafd-1240e68ad085
03-22 18:34:05.620 17717 17779 I DetoxDispatcher: Handling action '_init' (ID #0)...
03-22 18:34:05.620 17717 17779 I Detox   : Connecting to server...
03-22 18:34:05.620 17717 17779 I DetoxWSClient: At connectToServer
03-22 18:34:05.641 17717 17781 D DetoxWSClient: At onOpen
03-22 18:34:05.642 17717 17781 I DetoxWSClient: Sending out action 'login' (ID #0)
03-22 18:34:05.644 17717 17781 I Detox   : Connected to server!
03-22 18:34:05.651 17717 17781 D DetoxWSClient: Received action 'loginSuccess' (ID #0, params={"testerConnected":true,"appConnected":true})
03-22 18:34:05.654 17717 17781 D DetoxWSClient: Received action 'isReady' (ID #-1000, params={})
03-22 18:34:05.657 17717 17776 W unknown:ReactContext: initializeMessageQueueThreads() is called.
03-22 18:34:05.686 17717 17717 W unknown:ReactNative: Packager connection already open, nooping.
03-22 18:34:05.759 17717 17785 W unknown:ViewManagerPropertyUpdater: Could not find generated setter for class com.facebook.react.views.drawer.ReactDrawerLayoutManager
03-22 18:34:05.768 17717 17785 W unknown:ViewManagerPropertyUpdater: Could not find generated setter for class com.facebook.react.uimanager.LayoutShadowNode
03-22 18:34:05.772 17717 17785 W unknown:ViewManagerPropertyUpdater: Could not find generated setter for class com.facebook.react.views.scroll.ReactHorizontalScrollViewManager
03-22 18:34:05.776 17717 17785 W unknown:ViewManagerPropertyUpdater: Could not find generated setter for class com.facebook.react.views.scroll.ReactHorizontalScrollContainerViewManager
03-22 18:34:05.778 17717 17785 W unknown:ViewManagerPropertyUpdater: Could not find generated setter for class com.facebook.react.views.progressbar.ReactProgressBarViewManager
03-22 18:34:05.780 17717 17785 W unknown:ViewManagerPropertyUpdater: Could not find generated setter for class com.facebook.react.views.progressbar.ProgressBarShadowNode
03-22 18:34:05.784 17717 17785 W unknown:ViewManagerPropertyUpdater: Could not find generated setter for class com.facebook.react.views.scroll.ReactScrollViewManager
03-22 18:34:05.787 17717 17785 W unknown:ViewManagerPropertyUpdater: Could not find generated setter for class com.facebook.react.views.slider.ReactSliderManager
03-22 18:34:05.789 17717 17785 W unknown:ViewManagerPropertyUpdater: Could not find generated setter for class com.facebook.react.views.slider.ReactSliderManager$ReactSliderShadowNode
03-22 18:34:05.790 17717 17785 W unknown:ViewManagerPropertyUpdater: Could not find generated setter for class com.facebook.react.views.switchview.ReactSwitchManager
03-22 18:34:05.792 17717 17785 W unknown:ViewManagerPropertyUpdater: Could not find generated setter for class com.facebook.react.views.switchview.ReactSwitchManager$ReactSwitchShadowNode
03-22 18:34:05.794 17717 17785 W unknown:ViewManagerPropertyUpdater: Could not find generated setter for class com.facebook.react.views.swiperefresh.SwipeRefreshLayoutManager
03-22 18:34:05.796 17717 17785 W unknown:ViewManagerPropertyUpdater: Could not find generated setter for class com.facebook.react.views.text.frescosupport.FrescoBasedReactTextInlineImageViewManager
03-22 18:34:05.796 17717 17785 W unknown:ViewManagerPropertyUpdater: Could not find generated setter for class com.facebook.react.views.text.frescosupport.FrescoBasedReactTextInlineImageShadowNode
03-22 18:34:05.800 17717 17785 W unknown:ViewManagerPropertyUpdater: Could not find generated setter for class com.facebook.react.views.image.ReactImageManager
03-22 18:34:05.803 17717 17785 W unknown:ViewManagerPropertyUpdater: Could not find generated setter for class com.facebook.react.views.modal.ReactModalHostManager
03-22 18:34:05.805 17717 17785 W unknown:ViewManagerPropertyUpdater: Could not find generated setter for class com.facebook.react.views.modal.ModalHostShadowNode
03-22 18:34:05.807 17717 17785 W unknown:ViewManagerPropertyUpdater: Could not find generated setter for class com.facebook.react.views.text.ReactRawTextManager
03-22 18:34:05.807 17717 17785 W unknown:ViewManagerPropertyUpdater: Could not find generated setter for class com.facebook.react.views.text.ReactRawTextShadowNode
03-22 18:34:05.808 17717 17785 W unknown:ViewManagerPropertyUpdater: Could not find generated setter for class com.facebook.react.views.textinput.ReactTextInputManager
03-22 18:34:05.815 17717 17785 W unknown:ViewManagerPropertyUpdater: Could not find generated setter for class com.facebook.react.views.textinput.ReactTextInputShadowNode
03-22 18:34:05.818 17717 17785 W unknown:ViewManagerPropertyUpdater: Could not find generated setter for class com.facebook.react.views.text.ReactTextViewManager
03-22 18:34:05.821 17717 17785 W unknown:ViewManagerPropertyUpdater: Could not find generated setter for class com.facebook.react.views.text.ReactTextShadowNode
03-22 18:34:05.822 17717 17785 W unknown:ViewManagerPropertyUpdater: Could not find generated setter for class com.facebook.react.views.view.ReactViewManager
03-22 18:34:05.826 17717 17785 W unknown:ViewManagerPropertyUpdater: Could not find generated setter for class com.facebook.react.views.text.ReactVirtualTextViewManager
03-22 18:34:05.826 17717 17785 W unknown:ViewManagerPropertyUpdater: Could not find generated setter for class com.facebook.react.views.text.ReactVirtualTextShadowNode
03-22 18:34:05.829 17717 17785 W unknown:ViewManagerPropertyUpdater: Could not find generated setter for class com.facebook.react.views.unimplementedview.ReactUnimplementedViewManager
03-22 18:34:05.851 17717 17785 W unknown:ReactContext: initializeMessageQueueThreads() is called.
03-22 18:34:05.866 17717 17785 D SoLoader: About to load: libyoga.so
03-22 18:34:05.866 17717 17785 D SoLoader: libyoga.so not found on /data/data/com.detoxsample/lib-main
03-22 18:34:05.866 17717 17785 D SoLoader: libyoga.so found on /data/app/~~2c_6tbsA20KVMkP694LlAQ==/com.detoxsample-gVkjT9jlsiUbFjbeHQROeg==/lib/x86_64
03-22 18:34:05.866 17717 17785 D SoLoader: Not resolving dependencies for libyoga.so
03-22 18:34:05.868 17717 17785 D SoLoader: Loaded: libyoga.so
03-22 18:34:05.885 17717 17717 I DetoxRNLoading: Got new RN-context async'ly through listener
03-22 18:34:05.888 17717 17779 I DetoxRNIdleRes: Setting up Espresso Idling Resources for React Native
03-22 18:34:05.912 17717 17779 D AsyncStorageIR: Checking whether a custom IR for Async-Storage is required... (legacy=false)
03-22 18:34:05.914 17717 17779 D DetoxRNHelpers: Native RN module resolution (class com.reactnativecommunity.asyncstorage.AsyncStorageModule): no such class
03-22 18:34:05.915 17717 17779 D AsyncStorageIR: Checking whether a custom IR for Async-Storage is required... (legacy=true)
03-22 18:34:05.919 17717 17779 D AsyncStorageIR: IR for Async-Storage is required! (legacy=true)
03-22 18:34:05.922 17717 17784 D SoLoader: About to load: libreactnativeblob.so
03-22 18:34:05.922 17717 17784 D SoLoader: libreactnativeblob.so not found on /data/data/com.detoxsample/lib-main
03-22 18:34:05.923 17717 17784 D SoLoader: libreactnativeblob.so found on /data/app/~~2c_6tbsA20KVMkP694LlAQ==/com.detoxsample-gVkjT9jlsiUbFjbeHQROeg==/lib/x86_64
03-22 18:34:05.923 17717 17784 D SoLoader: Not resolving dependencies for libreactnativeblob.so
03-22 18:34:05.927 17717 17784 D SoLoader: Loaded: libreactnativeblob.so
03-22 18:34:05.928 17717 17717 D AsyncStorageIRLegacy: Async-storage is busy!
03-22 18:34:05.950 17717 17779 I DetoxDispatcher: Done with action '_init'
03-22 18:34:05.950 17717 17779 I DetoxDispatcher: Handling action 'isReady' (ID #-1000)...
03-22 18:34:05.969 17717 17717 W com.detoxsampl: Accessing hidden method Landroid/os/MessageQueue;->next()Landroid/os/Message; (unsupported, reflection, allowed)
03-22 18:34:05.969 17717 17717 W com.detoxsampl: Accessing hidden field Landroid/os/MessageQueue;->mMessages:Landroid/os/Message; (unsupported, reflection, allowed)
03-22 18:34:05.969 17717 17717 W com.detoxsampl: Accessing hidden method Landroid/os/Message;->recycleUnchecked()V (unsupported, reflection, allowed)
03-22 18:34:06.098 17717 17785 I flipper : flipper: FlipperClient::addPlugin Fresco
03-22 18:34:06.111 17717 17785 I WebViewFactory: Loading com.google.android.webview version 91.0.4472.114 (code 447211487)
03-22 18:34:06.157 17717 17785 W com.detoxsampl: Accessing hidden method Landroid/os/Trace;->isTagEnabled(J)Z (unsupported, reflection, allowed)
03-22 18:34:06.157 17717 17785 W com.detoxsampl: Accessing hidden method Landroid/os/Trace;->traceBegin(JLjava/lang/String;)V (unsupported, reflection, allowed)
03-22 18:34:06.157 17717 17785 W com.detoxsampl: Accessing hidden method Landroid/os/Trace;->traceEnd(J)V (unsupported, reflection, allowed)
03-22 18:34:06.158 17717 17785 W com.detoxsampl: Accessing hidden method Landroid/os/Trace;->asyncTraceBegin(JLjava/lang/String;I)V (unsupported, reflection, allowed)
03-22 18:34:06.158 17717 17785 W com.detoxsampl: Accessing hidden method Landroid/os/Trace;->asyncTraceEnd(JLjava/lang/String;I)V (unsupported, reflection, allowed)
03-22 18:34:06.182 17717 17785 I cr_LibraryLoader: Loaded native library version number "91.0.4472.114"
03-22 18:34:06.183 17717 17785 I cr_CachingUmaRecorder: Flushed 4 samples from 4 histograms.
03-22 18:34:06.264 17717 17784 I ReactNativeJS: Running "DetoxSample" with {"rootTag":1}
03-22 18:34:06.423 17717 17717 D CompatibilityChangeReporter: Compat change id reported: 171228096; UID 10180; state: ENABLED
03-22 18:34:06.426 17717 17717 W com.detoxsampl: Accessing hidden field Landroid/widget/ScrollView;->mScroller:Landroid/widget/OverScroller; (unsupported, reflection, allowed)
03-22 18:34:06.463 17717 17717 I Detox   : Wait is over: app is now idle!
03-22 18:34:06.464 17717 17779 I DetoxWSClient: Sending out action 'ready' (ID #-1000)
03-22 18:34:06.465 17717 17779 I DetoxDispatcher: Done with action 'isReady'
03-22 18:34:06.465 17717 17779 I DetoxDispatcher: Handling action 'loginSuccess' (ID #0)...
03-22 18:34:06.466 17717 17779 I DetoxDispatcher: Done with action 'loginSuccess'
03-22 18:34:06.467 17717 17779 I DetoxDispatcher: Handling action 'isReady' (ID #-1000)...
03-22 18:34:06.474 17717 17717 I Detox   : Wait is over: app is now idle!
03-22 18:34:06.475 17717 17779 I DetoxWSClient: Sending out action 'ready' (ID #-1000)
03-22 18:34:06.476 17717 17779 I DetoxDispatcher: Done with action 'isReady'
