--------- beginning of main
03-22 20:25:39.136 31128 31128 I com.detoxsampl: Late-enabling -Xcheck:jni
03-22 20:25:39.156 31128 31128 W com.detoxsampl: Unexpected CPU variant for X86 using defaults: x86_64
03-22 20:25:39.365 31128 31128 D CompatibilityChangeReporter: Compat change id reported: 171979766; UID 10192; state: DISABLED
--------- beginning of system
03-22 20:25:39.379 31128 31128 W ActivityThread: Package uses different ABI(s) than its instrumentation: package[com.detoxsample]: x86_64, null instrumentation[com.detoxsample.test]: null, null
03-22 20:25:39.988 31128 31128 V GraphicsEnvironment: ANGLE Developer option for 'com.detoxsample' set to: 'default'
03-22 20:25:39.989 31128 31128 V GraphicsEnvironment: ANGLE GameManagerService for com.detoxsample: false
03-22 20:25:39.989 31128 31128 V GraphicsEnvironment: Neither updatable production driver nor prerelease driver is supported.
03-22 20:25:39.993 31128 31128 D ApplicationLoaders: Returning zygote-cached class loader: /system/framework/android.test.base.jar
03-22 20:25:40.000 31128 31128 D ApplicationLoaders: Returning zygote-cached class loader: /system/framework/android.test.base.jar
03-22 20:25:40.285 31128 31128 D NetworkSecurityConfig: Using Network Security Config from resource network_security_config debugBuild: true
03-22 20:25:40.286 31128 31128 D NetworkSecurityConfig: Using Network Security Config from resource network_security_config debugBuild: true
03-22 20:25:40.291 31128 31128 I MonitoringInstr: Instrumentation started!
03-22 20:25:40.332 31128 31128 V TestEventClient: No service name argument was given (testDiscoveryService, testRunEventService or orchestratorService)
03-22 20:25:40.339 31128 31128 D SoLoader: init start
03-22 20:25:40.341 31128 31128 D SoLoader: adding system library source: /vendor/lib64
03-22 20:25:40.344 31128 31128 D SoLoader: adding system library source: /system/lib64
03-22 20:25:40.346 31128 31128 D SoLoader: adding application source: com.facebook.soloader.DirectorySoSource[root = /data/app/~~fskE_E_qprd29FGlmkSu5g==/com.detoxsample-w8X6FuKXcRA-FP_kTo4vNw==/lib/x86_64 flags = 0]
03-22 20:25:40.349 31128 31128 D SoLoader: adding backup source from : com.facebook.soloader.ApkSoSource[root = /data/data/com.detoxsample/lib-main flags = 1]
03-22 20:25:40.350 31128 31128 D SoLoader: Preparing SO source: com.facebook.soloader.DirectorySoSource[root = /system/lib64 flags = 2]
03-22 20:25:40.350 31128 31128 D SoLoader: Preparing SO source: com.facebook.soloader.DirectorySoSource[root = /vendor/lib64 flags = 2]
03-22 20:25:40.350 31128 31128 D SoLoader: Preparing SO source: com.facebook.soloader.DirectorySoSource[root = /data/app/~~fskE_E_qprd29FGlmkSu5g==/com.detoxsample-w8X6FuKXcRA-FP_kTo4vNw==/lib/x86_64 flags = 0]
03-22 20:25:40.350 31128 31128 D SoLoader: Preparing SO source: com.facebook.soloader.ApkSoSource[root = /data/data/com.detoxsample/lib-main flags = 1]
03-22 20:25:40.352 31128 31128 V fb-UnpackingSoSource: locked dso store /data/user/0/com.detoxsample/lib-main
03-22 20:25:40.355 31128 31128 V fb-UnpackingSoSource: deps mismatch on deps store: regenerating
03-22 20:25:40.355 31128 31128 V fb-UnpackingSoSource: so store dirty: regenerating
03-22 20:25:40.465 31128 31128 D ApkSoSource: not allowing consideration of lib/x86_64/libbetter.so: deferring to libdir
03-22 20:25:40.465 31128 31128 D ApkSoSource: not allowing consideration of lib/x86_64/libc++_shared.so: deferring to libdir
03-22 20:25:40.465 31128 31128 D ApkSoSource: not allowing consideration of lib/x86_64/libevent-2.1.so: deferring to libdir
03-22 20:25:40.465 31128 31128 D ApkSoSource: not allowing consideration of lib/x86_64/libevent_core-2.1.so: deferring to libdir
03-22 20:25:40.466 31128 31128 D ApkSoSource: not allowing consideration of lib/x86_64/libevent_extra-2.1.so: deferring to libdir
03-22 20:25:40.466 31128 31128 D ApkSoSource: not allowing consideration of lib/x86_64/libfabricjni.so: deferring to libdir
03-22 20:25:40.466 31128 31128 D ApkSoSource: not allowing consideration of lib/x86_64/libfb.so: deferring to libdir
03-22 20:25:40.466 31128 31128 D ApkSoSource: not allowing consideration of lib/x86_64/libfbjni.so: deferring to libdir
03-22 20:25:40.466 31128 31128 D ApkSoSource: not allowing consideration of lib/x86_64/libflipper.so: deferring to libdir
03-22 20:25:40.466 31128 31128 D ApkSoSource: not allowing consideration of lib/x86_64/libfolly_futures.so: deferring to libdir
03-22 20:25:40.466 31128 31128 D ApkSoSource: not allowing consideration of lib/x86_64/libfolly_json.so: deferring to libdir
03-22 20:25:40.466 31128 31128 D ApkSoSource: not allowing consideration of lib/x86_64/libglog.so: deferring to libdir
03-22 20:25:40.466 31128 31128 D ApkSoSource: not allowing consideration of lib/x86_64/libglog_init.so: deferring to libdir
03-22 20:25:40.467 31128 31128 D ApkSoSource: not allowing consideration of lib/x86_64/libimagepipeline.so: deferring to libdir
03-22 20:25:40.467 31128 31128 D ApkSoSource: not allowing consideration of lib/x86_64/libjsc.so: deferring to libdir
03-22 20:25:40.467 31128 31128 D ApkSoSource: not allowing consideration of lib/x86_64/libjscexecutor.so: deferring to libdir
03-22 20:25:40.467 31128 31128 D ApkSoSource: not allowing consideration of lib/x86_64/libjsi.so: deferring to libdir
03-22 20:25:40.467 31128 31128 D ApkSoSource: not allowing consideration of lib/x86_64/libjsijniprofiler.so: deferring to libdir
03-22 20:25:40.467 31128 31128 D ApkSoSource: not allowing consideration of lib/x86_64/libjsinspector.so: deferring to libdir
03-22 20:25:40.467 31128 31128 D ApkSoSource: not allowing consideration of lib/x86_64/liblogger.so: deferring to libdir
03-22 20:25:40.467 31128 31128 D ApkSoSource: not allowing consideration of lib/x86_64/libmapbufferjni.so: deferring to libdir
03-22 20:25:40.467 31128 31128 D ApkSoSource: not allowing consideration of lib/x86_64/libnative-filters.so: deferring to libdir
03-22 20:25:40.467 31128 31128 D ApkSoSource: not allowing consideration of lib/x86_64/libnative-imagetranscoder.so: deferring to libdir
03-22 20:25:40.467 31128 31128 D ApkSoSource: not allowing consideration of lib/x86_64/libreact_codegen_rncore.so: deferring to libdir
03-22 20:25:40.467 31128 31128 D ApkSoSource: not allowing consideration of lib/x86_64/libreact_debug.so: deferring to libdir
03-22 20:25:40.467 31128 31128 D ApkSoSource: not allowing consideration of lib/x86_64/libreact_nativemodule_core.so: deferring to libdir
03-22 20:25:40.468 31128 31128 D ApkSoSource: not allowing consideration of lib/x86_64/libreact_render_animations.so: deferring to libdir
03-22 20:25:40.468 31128 31128 D ApkSoSource: not allowing consideration of lib/x86_64/libreact_render_attributedstring.so: deferring to libdir
03-22 20:25:40.468 31128 31128 D ApkSoSource: not allowing consideration of lib/x86_64/libreact_render_componentregistry.so: deferring to libdir
03-22 20:25:40.468 31128 31128 D ApkSoSource: not allowing consideration of lib/x86_64/libreact_render_core.so: deferring to libdir
03-22 20:25:40.468 31128 31128 D ApkSoSource: not allowing consideration of lib/x86_64/libreact_render_debug.so: deferring to libdir
03-22 20:25:40.468 31128 31128 D ApkSoSource: not allowing consideration of lib/x86_64/libreact_render_graphics.so: deferring to libdir
03-22 20:25:40.468 31128 31128 D ApkSoSource: not allowing consideration of lib/x86_64/libreact_render_imagemanager.so: deferring to libdir
03-22 20:25:40.468 31128 31128 D ApkSoSource: not allowing consideration of lib/x86_64/libreact_render_leakchecker.so: deferring to libdir
03-22 20:25:40.468 31128 31128 D ApkSoSource: not allowing consideration of lib/x86_64/libreact_render_mapbuffer.so: deferring to libdir
03-22 20:25:40.468 31128 31128 D ApkSoSource: not allowing consideration of lib/x86_64/libreact_render_mounting.so: deferring to libdir
03-22 20:25:40.468 31128 31128 D ApkSoSource: not allowing consideration of lib/x86_64/libreact_render_runtimescheduler.so: deferring to libdir
03-22 20:25:40.469 31128 31128 D ApkSoSource: not allowing consideration of lib/x86_64/libreact_render_scheduler.so: deferring to libdir
03-22 20:25:40.469 31128 31128 D ApkSoSource: not allowing consideration of lib/x86_64/libreact_render_telemetry.so: deferring to libdir
03-22 20:25:40.469 31128 31128 D ApkSoSource: not allowing consideration of lib/x86_64/libreact_render_templateprocessor.so: deferring to libdir
03-22 20:25:40.469 31128 31128 D ApkSoSource: not allowing consideration of lib/x86_64/libreact_render_textlayoutmanager.so: deferring to libdir
03-22 20:25:40.469 31128 31128 D ApkSoSource: not allowing consideration of lib/x86_64/libreact_render_uimanager.so: deferring to libdir
03-22 20:25:40.469 31128 31128 D ApkSoSource: not allowing consideration of lib/x86_64/libreact_utils.so: deferring to libdir
03-22 20:25:40.469 31128 31128 D ApkSoSource: not allowing consideration of lib/x86_64/libreactconfig.so: deferring to libdir
03-22 20:25:40.469 31128 31128 D ApkSoSource: not allowing consideration of lib/x86_64/libreactnativeblob.so: deferring to libdir
03-22 20:25:40.469 31128 31128 D ApkSoSource: not allowing consideration of lib/x86_64/libreactnativejni.so: deferring to libdir
03-22 20:25:40.470 31128 31128 D ApkSoSource: not allowing consideration of lib/x86_64/libreactnativeutilsjni.so: deferring to libdir
03-22 20:25:40.470 31128 31128 D ApkSoSource: not allowing consideration of lib/x86_64/libreactperfloggerjni.so: deferring to libdir
03-22 20:25:40.470 31128 31128 D ApkSoSource: not allowing consideration of lib/x86_64/librrc_image.so: deferring to libdir
03-22 20:25:40.470 31128 31128 D ApkSoSource: not allowing consideration of lib/x86_64/librrc_modal.so: deferring to libdir
03-22 20:25:40.470 31128 31128 D ApkSoSource: not allowing consideration of lib/x86_64/librrc_progressbar.so: deferring to libdir
03-22 20:25:40.470 31128 31128 D ApkSoSource: not allowing consideration of lib/x86_64/librrc_root.so: deferring to libdir
03-22 20:25:40.470 31128 31128 D ApkSoSource: not allowing consideration of lib/x86_64/librrc_scrollview.so: deferring to libdir
03-22 20:25:40.471 31128 31128 D ApkSoSource: not allowing consideration of lib/x86_64/librrc_slider.so: deferring to libdir
03-22 20:25:40.471 31128 31128 D ApkSoSource: not allowing consideration of lib/x86_64/librrc_switch.so: deferring to libdir
03-22 20:25:40.471 31128 31128 D ApkSoSource: not allowing consideration of lib/x86_64/librrc_text.so: deferring to libdir
03-22 20:25:40.471 31128 31128 D ApkSoSource: not allowing consideration of lib/x86_64/librrc_textinput.so: deferring to libdir
03-22 20:25:40.471 31128 31128 D ApkSoSource: not allowing consideration of lib/x86_64/librrc_unimplementedview.so: deferring to libdir
03-22 20:25:40.472 31128 31128 D ApkSoSource: not allowing consideration of lib/x86_64/librrc_view.so: deferring to libdir
03-22 20:25:40.472 31128 31128 D ApkSoSource: not allowing consideration of lib/x86_64/libturbomodulejsijni.so: deferring to libdir
03-22 20:25:40.472 31128 31128 D ApkSoSource: not allowing consideration of lib/x86_64/libyoga.so: deferring to libdir
03-22 20:25:40.473 31128 31128 V fb-UnpackingSoSource: regenerating DSO store com.facebook.soloader.ApkSoSource
03-22 20:25:40.473 31128 31128 V fb-UnpackingSoSource: Finished regenerating DSO store com.facebook.soloader.ApkSoSource
03-22 20:25:40.474 31128 31128 V fb-UnpackingSoSource: starting syncer worker
03-22 20:25:40.514 31128 31128 V fb-UnpackingSoSource: releasing dso store lock for /data/user/0/com.detoxsample/lib-main (from syncer thread)
03-22 20:25:40.514 31128 31128 V fb-UnpackingSoSource: not releasing dso store lock for /data/user/0/com.detoxsample/lib-main (syncer thread started)
03-22 20:25:40.514 31128 31128 D SoLoader: init finish: 4 SO sources prepared
03-22 20:25:40.514 31128 31128 D SoLoader: init exiting
03-22 20:25:40.548 31128 31128 D SoLoader: init exiting
03-22 20:25:40.549 31128 31128 D SoLoader: About to load: libjscexecutor.so
03-22 20:25:40.549 31128 31128 D SoLoader: libjscexecutor.so not found on /data/data/com.detoxsample/lib-main
03-22 20:25:40.549 31128 31128 D SoLoader: libjscexecutor.so found on /data/app/~~fskE_E_qprd29FGlmkSu5g==/com.detoxsample-w8X6FuKXcRA-FP_kTo4vNw==/lib/x86_64
03-22 20:25:40.549 31128 31128 D SoLoader: Not resolving dependencies for libjscexecutor.so
03-22 20:25:40.565 31128 31128 D JavaScriptCore.Version: 250230.2.1
03-22 20:25:40.565 31128 31128 D SoLoader: Loaded: libjscexecutor.so
03-22 20:25:40.581 31128 31128 D SoLoader: init exiting
03-22 20:25:40.980 31128 31264 D SoLoader: About to load: libfbjni.so
03-22 20:25:40.982 31128 31264 D SoLoader: libfbjni.so not found on /data/data/com.detoxsample/lib-main
03-22 20:25:40.982 31128 31264 D SoLoader: libfbjni.so found on /data/app/~~fskE_E_qprd29FGlmkSu5g==/com.detoxsample-w8X6FuKXcRA-FP_kTo4vNw==/lib/x86_64
03-22 20:25:40.982 31128 31264 D SoLoader: Not resolving dependencies for libfbjni.so
03-22 20:25:40.984 31128 31264 D SoLoader: Loaded: libfbjni.so
03-22 20:25:40.985 31128 31264 D SoLoader: About to load: libflipper.so
03-22 20:25:40.985 31128 31264 D SoLoader: libflipper.so not found on /data/data/com.detoxsample/lib-main
03-22 20:25:40.985 31128 31264 D SoLoader: libflipper.so found on /data/app/~~fskE_E_qprd29FGlmkSu5g==/com.detoxsample-w8X6FuKXcRA-FP_kTo4vNw==/lib/x86_64
03-22 20:25:40.985 31128 31264 D SoLoader: Not resolving dependencies for libflipper.so
03-22 20:25:41.003 31128 31264 D SoLoader: Loaded: libflipper.so
03-22 20:25:41.031 31128 31128 W com.detoxsampl: Accessing hidden field Landroid/view/View;->mKeyedTags:Landroid/util/SparseArray; (unsupported, reflection, allowed)
03-22 20:25:41.032 31128 31128 W com.detoxsampl: Accessing hidden field Landroid/view/View;->mListenerInfo:Landroid/view/View$ListenerInfo; (unsupported, reflection, allowed)
03-22 20:25:41.033 31128 31128 W com.detoxsampl: Accessing hidden field Landroid/view/View$ListenerInfo;->mOnClickListener:Landroid/view/View$OnClickListener; (unsupported, reflection, allowed)
03-22 20:25:41.054 31128 31128 I flipper : flipper: FlipperClient::addPlugin Inspector
03-22 20:25:41.055 31128 31128 I flipper : flipper: FlipperClient::addPlugin React
03-22 20:25:41.060 31128 31128 I flipper : flipper: FlipperClient::addPlugin Databases
03-22 20:25:41.063 31128 31128 I flipper : flipper: FlipperClient::addPlugin Preferences
03-22 20:25:41.064 31128 31128 I flipper : flipper: FlipperClient::addPlugin CrashReporter
03-22 20:25:41.071 31128 31128 I flipper : flipper: FlipperClient::addPlugin Network
03-22 20:25:41.095 31128 31242 I UsageTrackerFacilitator: Usage tracking enabled
03-22 20:25:41.102 31128 31242 I TestRequestBuilder: Scanning classpath to find tests in paths [/data/app/~~Cetm-VxGtxZObrhopdHWCw==/com.detoxsample.test-EvQFLoEb34dAs5NpADVb5Q==/base.apk]
03-22 20:25:41.103 31128 31242 W com.detoxsampl: Opening an oat file without a class loader. Are you using the deprecated DexFile APIs?
03-22 20:25:41.174 31128 31242 I com.detoxsampl: Waiting for a blocking GC ClassLinker
03-22 20:25:41.705 31128 31242 D TestExecutor: Adding listener androidx.test.internal.runner.listener.LogRunListener
03-22 20:25:41.707 31128 31242 D TestExecutor: Adding listener androidx.test.internal.runner.listener.InstrumentationResultPrinter
03-22 20:25:41.708 31128 31242 D TestExecutor: Adding listener androidx.test.internal.runner.listener.ActivityFinisherRunListener
03-22 20:25:41.710 31128 31242 I TestRunner: run started: 1 tests
03-22 20:25:41.716 31128 31242 I TestRunner: started: runDetoxTests(com.detoxsample.DetoxTest)
03-22 20:25:41.764 31128 31242 D EventInjectionStrategy: Creating injection strategy with input manager.
03-22 20:25:41.765 31128 31242 W com.detoxsampl: Accessing hidden method Landroid/hardware/input/InputManager;->getInstance()Landroid/hardware/input/InputManager; (unsupported, reflection, allowed)
03-22 20:25:41.765 31128 31242 W com.detoxsampl: Accessing hidden method Landroid/hardware/input/InputManager;->injectInputEvent(Landroid/view/InputEvent;I)Z (unsupported, reflection, allowed)
03-22 20:25:41.765 31128 31242 W com.detoxsampl: Accessing hidden field Landroid/hardware/input/InputManager;->INJECT_INPUT_EVENT_MODE_WAIT_FOR_FINISH:I (unsupported, reflection, allowed)
03-22 20:25:41.789 31128 31242 W com.detoxsampl: Accessing hidden field Ljava/lang/reflect/Field;->accessFlags:I (unsupported, reflection, allowed)
03-22 20:25:41.891 31128 31285 D libEGL  : loaded /vendor/lib64/egl/libEGL_emulation.so
03-22 20:25:41.901 31128 31285 D libEGL  : loaded /vendor/lib64/egl/libGLESv1_CM_emulation.so
03-22 20:25:41.909 31128 31285 D libEGL  : loaded /vendor/lib64/egl/libGLESv2_emulation.so
03-22 20:25:41.988 31128 31128 D LifecycleMonitor: Lifecycle status change: com.detoxsample.MainActivity@95c1cf5 in: PRE_ON_CREATE
03-22 20:25:42.069 31128 31269 D SoLoader: About to load: libreactnativejni.so
03-22 20:25:42.069 31128 31269 D SoLoader: libreactnativejni.so not found on /data/data/com.detoxsample/lib-main
03-22 20:25:42.069 31128 31269 D SoLoader: libreactnativejni.so found on /data/app/~~fskE_E_qprd29FGlmkSu5g==/com.detoxsample-w8X6FuKXcRA-FP_kTo4vNw==/lib/x86_64
03-22 20:25:42.069 31128 31269 D SoLoader: Not resolving dependencies for libreactnativejni.so
03-22 20:25:42.073 31128 31269 D SoLoader: Loaded: libreactnativejni.so
03-22 20:25:42.131 31128 31128 W com.detoxsampl: Accessing hidden method Landroid/view/View;->computeFitSystemWindows(Landroid/graphics/Rect;Landroid/graphics/Rect;)Z (unsupported, reflection, allowed)
03-22 20:25:42.131 31128 31128 W com.detoxsampl: Accessing hidden method Landroid/view/ViewGroup;->makeOptionalFitsSystemWindows()V (unsupported, reflection, allowed)
03-22 20:25:42.149 31128 31128 D LifecycleMonitor: Lifecycle status change: com.detoxsample.MainActivity@95c1cf5 in: CREATED
03-22 20:25:42.153 31128 31128 D LifecycleMonitor: Lifecycle status change: com.detoxsample.MainActivity@95c1cf5 in: STARTED
03-22 20:25:42.155 31128 31128 D LifecycleMonitor: Lifecycle status change: com.detoxsample.MainActivity@95c1cf5 in: RESUMED
03-22 20:25:42.215 31128 31128 W unknown:ReactNative: Packager connection already open, nooping.
03-22 20:25:42.280 31128 31282 D HostConnection: createUnique: call
03-22 20:25:42.289 31128 31282 D HostConnection: HostConnection::get() New Host Connection established 0x73a0edf0ca90, tid 31282
03-22 20:25:42.303 31128 31282 D HostConnection: HostComposition ext ANDROID_EMU_CHECKSUM_HELPER_v1 ANDROID_EMU_native_sync_v2 ANDROID_EMU_native_sync_v3 ANDROID_EMU_native_sync_v4 ANDROID_EMU_dma_v1 ANDROID_EMU_direct_mem ANDROID_EMU_host_composition_v1 ANDROID_EMU_host_composition_v2 ANDROID_EMU_YUV_Cache ANDROID_EMU_async_unmap_buffer ANDROID_EMU_has_shared_slots_host_memory_allocator ANDROID_EMU_sync_buffer_data GL_OES_EGL_image_external_essl3 GL_OES_vertex_array_object GL_KHR_texture_compression_astc_ldr ANDROID_EMU_host_side_tracing ANDROID_EMU_async_frame_commands ANDROID_EMU_gles_max_version_3_0 
03-22 20:25:42.306 31128 31282 W OpenGLRenderer: Failed to choose config with EGL_SWAP_BEHAVIOR_PRESERVED, retrying without...
03-22 20:25:42.307 31128 31282 W OpenGLRenderer: Failed to initialize 101010-2 format, error = EGL_SUCCESS
03-22 20:25:42.308 31128 31282 D EGL_emulation: eglCreateContext: 0x73a0edf0a690: maj 3 min 0 rcv 3
03-22 20:25:42.311 31128 31282 D EGL_emulation: eglMakeCurrent: 0x73a0edf0a690: ver 3 0 (tinfo 0x73a3073d2080) (first time)
03-22 20:25:42.329 31128 31282 I Gralloc4: mapper 4.x is not supported
03-22 20:25:42.332 31128 31282 D HostConnection: createUnique: call
03-22 20:25:42.333 31128 31282 D HostConnection: HostConnection::get() New Host Connection established 0x73a0edf0b950, tid 31282
03-22 20:25:42.335 31128 31282 D goldfish-address-space: allocate: Ask for block of size 0x100
03-22 20:25:42.335 31128 31282 D goldfish-address-space: allocate: ioctl allocate returned offset 0x3e3ffe000 size 0x2000
03-22 20:25:42.337 31128 31282 W Gralloc4: allocator 4.x is not supported
03-22 20:25:42.349 31128 31282 D HostConnection: HostComposition ext ANDROID_EMU_CHECKSUM_HELPER_v1 ANDROID_EMU_native_sync_v2 ANDROID_EMU_native_sync_v3 ANDROID_EMU_native_sync_v4 ANDROID_EMU_dma_v1 ANDROID_EMU_direct_mem ANDROID_EMU_host_composition_v1 ANDROID_EMU_host_composition_v2 ANDROID_EMU_YUV_Cache ANDROID_EMU_async_unmap_buffer ANDROID_EMU_has_shared_slots_host_memory_allocator ANDROID_EMU_sync_buffer_data GL_OES_EGL_image_external_essl3 GL_OES_vertex_array_object GL_KHR_texture_compression_astc_ldr ANDROID_EMU_host_side_tracing ANDROID_EMU_async_frame_commands ANDROID_EMU_gles_max_version_3_0 
03-22 20:25:42.575 31128 31242 I Detox   : Detox server connection details: url=ws://localhost:60007, sessionId=a66e0fc3-1198-45bc-3d06-952439f14f5d
03-22 20:25:42.601 31128 31296 I DetoxDispatcher: Handling action '_init' (ID #0)...
03-22 20:25:42.601 31128 31296 I Detox   : Connecting to server...
03-22 20:25:42.601 31128 31296 I DetoxWSClient: At connectToServer
03-22 20:25:42.616 31128 31298 D DetoxWSClient: At onOpen
03-22 20:25:42.616 31128 31298 I DetoxWSClient: Sending out action 'login' (ID #0)
03-22 20:25:42.622 31128 31298 I Detox   : Connected to server!
03-22 20:25:42.627 31128 31298 D DetoxWSClient: Received action 'loginSuccess' (ID #0, params={"testerConnected":true,"appConnected":true})
03-22 20:25:42.631 31128 31298 D DetoxWSClient: Received action 'isReady' (ID #-1000, params={})
03-22 20:25:42.642 31128 31295 W unknown:ReactContext: initializeMessageQueueThreads() is called.
03-22 20:25:42.655 31128 31128 W unknown:ReactNative: Packager connection already open, nooping.
03-22 20:25:42.729 31128 31303 W unknown:ViewManagerPropertyUpdater: Could not find generated setter for class com.facebook.react.views.drawer.ReactDrawerLayoutManager
03-22 20:25:42.739 31128 31303 W unknown:ViewManagerPropertyUpdater: Could not find generated setter for class com.facebook.react.uimanager.LayoutShadowNode
03-22 20:25:42.745 31128 31303 W unknown:ViewManagerPropertyUpdater: Could not find generated setter for class com.facebook.react.views.scroll.ReactHorizontalScrollViewManager
03-22 20:25:42.749 31128 31303 W unknown:ViewManagerPropertyUpdater: Could not find generated setter for class com.facebook.react.views.scroll.ReactHorizontalScrollContainerViewManager
03-22 20:25:42.750 31128 31303 W unknown:ViewManagerPropertyUpdater: Could not find generated setter for class com.facebook.react.views.progressbar.ReactProgressBarViewManager
03-22 20:25:42.752 31128 31303 W unknown:ViewManagerPropertyUpdater: Could not find generated setter for class com.facebook.react.views.progressbar.ProgressBarShadowNode
03-22 20:25:42.754 31128 31303 W unknown:ViewManagerPropertyUpdater: Could not find generated setter for class com.facebook.react.views.scroll.ReactScrollViewManager
03-22 20:25:42.757 31128 31303 W unknown:ViewManagerPropertyUpdater: Could not find generated setter for class com.facebook.react.views.slider.ReactSliderManager
03-22 20:25:42.759 31128 31303 W unknown:ViewManagerPropertyUpdater: Could not find generated setter for class com.facebook.react.views.slider.ReactSliderManager$ReactSliderShadowNode
03-22 20:25:42.760 31128 31303 W unknown:ViewManagerPropertyUpdater: Could not find generated setter for class com.facebook.react.views.switchview.ReactSwitchManager
03-22 20:25:42.763 31128 31303 W unknown:ViewManagerPropertyUpdater: Could not find generated setter for class com.facebook.react.views.switchview.ReactSwitchManager$ReactSwitchShadowNode
03-22 20:25:42.763 31128 31303 W unknown:ViewManagerPropertyUpdater: Could not find generated setter for class com.facebook.react.views.swiperefresh.SwipeRefreshLayoutManager
03-22 20:25:42.765 31128 31303 W unknown:ViewManagerPropertyUpdater: Could not find generated setter for class com.facebook.react.views.text.frescosupport.FrescoBasedReactTextInlineImageViewManager
03-22 20:25:42.765 31128 31303 W unknown:ViewManagerPropertyUpdater: Could not find generated setter for class com.facebook.react.views.text.frescosupport.FrescoBasedReactTextInlineImageShadowNode
03-22 20:25:42.770 31128 31303 W unknown:ViewManagerPropertyUpdater: Could not find generated setter for class com.facebook.react.views.image.ReactImageManager
03-22 20:25:42.771 31128 31303 W unknown:ViewManagerPropertyUpdater: Could not find generated setter for class com.facebook.react.views.modal.ReactModalHostManager
03-22 20:25:42.772 31128 31303 W unknown:ViewManagerPropertyUpdater: Could not find generated setter for class com.facebook.react.views.modal.ModalHostShadowNode
03-22 20:25:42.773 31128 31303 W unknown:ViewManagerPropertyUpdater: Could not find generated setter for class com.facebook.react.views.text.ReactRawTextManager
03-22 20:25:42.774 31128 31303 W unknown:ViewManagerPropertyUpdater: Could not find generated setter for class com.facebook.react.views.text.ReactRawTextShadowNode
03-22 20:25:42.775 31128 31303 W unknown:ViewManagerPropertyUpdater: Could not find generated setter for class com.facebook.react.views.textinput.ReactTextInputManager
03-22 20:25:42.780 31128 31303 W unknown:ViewManagerPropertyUpdater: Could not find generated setter for class com.facebook.react.views.textinput.ReactTextInputShadowNode
03-22 20:25:42.783 31128 31303 W unknown:ViewManagerPropertyUpdater: Could not find generated setter for class com.facebook.react.views.text.ReactTextViewManager
03-22 20:25:42.784 31128 31303 W unknown:ViewManagerPropertyUpdater: Could not find generated setter for class com.facebook.react.views.text.ReactTextShadowNode
03-22 20:25:42.785 31128 31303 W unknown:ViewManagerPropertyUpdater: Could not find generated setter for class com.facebook.react.views.view.ReactViewManager
03-22 20:25:42.789 31128 31303 W unknown:ViewManagerPropertyUpdater: Could not find generated setter for class com.facebook.react.views.text.ReactVirtualTextViewManager
03-22 20:25:42.789 31128 31303 W unknown:ViewManagerPropertyUpdater: Could not find generated setter for class com.facebook.react.views.text.ReactVirtualTextShadowNode
03-22 20:25:42.790 31128 31303 W unknown:ViewManagerPropertyUpdater: Could not find generated setter for class com.facebook.react.views.unimplementedview.ReactUnimplementedViewManager
03-22 20:25:42.810 31128 31303 W unknown:ReactContext: initializeMessageQueueThreads() is called.
03-22 20:25:42.822 31128 31303 D SoLoader: About to load: libyoga.so
03-22 20:25:42.822 31128 31303 D SoLoader: libyoga.so not found on /data/data/com.detoxsample/lib-main
03-22 20:25:42.822 31128 31303 D SoLoader: libyoga.so found on /data/app/~~fskE_E_qprd29FGlmkSu5g==/com.detoxsample-w8X6FuKXcRA-FP_kTo4vNw==/lib/x86_64
03-22 20:25:42.822 31128 31303 D SoLoader: Not resolving dependencies for libyoga.so
03-22 20:25:42.824 31128 31303 D SoLoader: Loaded: libyoga.so
03-22 20:25:42.842 31128 31128 I DetoxRNLoading: Got new RN-context async'ly through listener
03-22 20:25:42.846 31128 31296 I DetoxRNIdleRes: Setting up Espresso Idling Resources for React Native
03-22 20:25:42.871 31128 31296 D AsyncStorageIR: Checking whether a custom IR for Async-Storage is required... (legacy=false)
03-22 20:25:42.872 31128 31296 D DetoxRNHelpers: Native RN module resolution (class com.reactnativecommunity.asyncstorage.AsyncStorageModule): no such class
03-22 20:25:42.872 31128 31296 D AsyncStorageIR: Checking whether a custom IR for Async-Storage is required... (legacy=true)
03-22 20:25:42.875 31128 31296 D AsyncStorageIR: IR for Async-Storage is required! (legacy=true)
03-22 20:25:42.882 31128 31128 D AsyncStorageIRLegacy: Async-storage is busy!
03-22 20:25:42.889 31128 31300 D SoLoader: About to load: libreactnativeblob.so
03-22 20:25:42.891 31128 31300 D SoLoader: libreactnativeblob.so not found on /data/data/com.detoxsample/lib-main
03-22 20:25:42.891 31128 31300 D SoLoader: libreactnativeblob.so found on /data/app/~~fskE_E_qprd29FGlmkSu5g==/com.detoxsample-w8X6FuKXcRA-FP_kTo4vNw==/lib/x86_64
03-22 20:25:42.892 31128 31300 D SoLoader: Not resolving dependencies for libreactnativeblob.so
03-22 20:25:42.893 31128 31296 I DetoxDispatcher: Done with action '_init'
03-22 20:25:42.894 31128 31296 I DetoxDispatcher: Handling action 'isReady' (ID #-1000)...
03-22 20:25:42.898 31128 31300 D SoLoader: Loaded: libreactnativeblob.so
03-22 20:25:42.901 31128 31128 W com.detoxsampl: Accessing hidden method Landroid/os/MessageQueue;->next()Landroid/os/Message; (unsupported, reflection, allowed)
03-22 20:25:42.901 31128 31128 W com.detoxsampl: Accessing hidden field Landroid/os/MessageQueue;->mMessages:Landroid/os/Message; (unsupported, reflection, allowed)
03-22 20:25:42.901 31128 31128 W com.detoxsampl: Accessing hidden method Landroid/os/Message;->recycleUnchecked()V (unsupported, reflection, allowed)
03-22 20:25:42.949 31128 31303 I flipper : flipper: FlipperClient::addPlugin Fresco
03-22 20:25:42.974 31128 31303 I WebViewFactory: Loading com.google.android.webview version 91.0.4472.114 (code 447211487)
03-22 20:25:43.029 31128 31303 W com.detoxsampl: Accessing hidden method Landroid/os/Trace;->isTagEnabled(J)Z (unsupported, reflection, allowed)
03-22 20:25:43.029 31128 31303 W com.detoxsampl: Accessing hidden method Landroid/os/Trace;->traceBegin(JLjava/lang/String;)V (unsupported, reflection, allowed)
03-22 20:25:43.029 31128 31303 W com.detoxsampl: Accessing hidden method Landroid/os/Trace;->traceEnd(J)V (unsupported, reflection, allowed)
03-22 20:25:43.029 31128 31303 W com.detoxsampl: Accessing hidden method Landroid/os/Trace;->asyncTraceBegin(JLjava/lang/String;I)V (unsupported, reflection, allowed)
03-22 20:25:43.030 31128 31303 W com.detoxsampl: Accessing hidden method Landroid/os/Trace;->asyncTraceEnd(JLjava/lang/String;I)V (unsupported, reflection, allowed)
03-22 20:25:43.050 31128 31303 I cr_LibraryLoader: Loaded native library version number "91.0.4472.114"
03-22 20:25:43.050 31128 31303 I cr_CachingUmaRecorder: Flushed 4 samples from 4 histograms.
03-22 20:25:43.141 31128 31300 I ReactNativeJS: Running "DetoxSample" with {"rootTag":1}
03-22 20:25:43.288 31128 31128 D CompatibilityChangeReporter: Compat change id reported: 171228096; UID 10192; state: ENABLED
03-22 20:25:43.289 31128 31128 W com.detoxsampl: Accessing hidden field Landroid/widget/ScrollView;->mScroller:Landroid/widget/OverScroller; (unsupported, reflection, allowed)
03-22 20:25:43.361 31128 31128 I Detox   : Wait is over: app is now idle!
03-22 20:25:43.362 31128 31296 I DetoxWSClient: Sending out action 'ready' (ID #-1000)
03-22 20:25:43.362 31128 31296 I DetoxDispatcher: Done with action 'isReady'
03-22 20:25:43.362 31128 31296 I DetoxDispatcher: Handling action 'loginSuccess' (ID #0)...
03-22 20:25:43.362 31128 31296 I DetoxDispatcher: Done with action 'loginSuccess'
03-22 20:25:43.363 31128 31296 I DetoxDispatcher: Handling action 'isReady' (ID #-1000)...
03-22 20:25:43.381 31128 31128 I Detox   : Wait is over: app is now idle!
03-22 20:25:43.382 31128 31296 I DetoxWSClient: Sending out action 'ready' (ID #-1000)
03-22 20:25:43.382 31128 31296 I DetoxDispatcher: Done with action 'isReady'
