--------- beginning of main
03-22 18:32:02.369 17060 17132 I DetoxWSClient: Sending out action 'invokeResult' (ID #7)
03-22 18:32:02.369 17060 17132 I DetoxDispatcher: Done with action 'invoke'
03-22 18:32:02.373 17060 17134 D DetoxWSClient: Received action 'invoke' (ID #8, params={"target":{"type":"Class","value":"com.wix.detox.espresso.DetoxAssertion"},"method":"assertMatcher","args":[{"type":"Invocation","value":{"target":{"type":"Class","value":"androidx.test.espresso.Espresso"},"method":"onView","args":[{"type":"Invocation","value":{"target":{"type":"Class","value":"com.wix.detox.espresso.DetoxMatcher"},"method":"matcherForText","args":["Card Network : visa"]}}]}},{"type":"Invocation","value":{"target":{"type":"Class","value":"com.wix.detox.espresso.DetoxMatcher"},"method":"matcherForSufficientlyVisible","args":[{"type":"Integer","value":75}]}}]})
03-22 18:32:02.374 17060 17132 I DetoxDispatcher: Handling action 'invoke' (ID #8)...
03-22 18:32:02.375 17060 17132 D Detox   : class com.wix.detox.espresso.DetoxMatcher, matcherForText, [Card Network : visa]
03-22 18:32:02.376 17060 17132 D Detox   : class androidx.test.espresso.Espresso, onView, [(an instance of android.widget.TextView and view.getText() with or without transformation to match: is "Card Network : visa" and view has effective visibility <VISIBLE>)]
03-22 18:32:02.376 17060 17132 D Detox   : class com.wix.detox.espresso.DetoxMatcher, matcherForSufficientlyVisible, [75]
03-22 18:32:02.381 17060 17132 D Detox   : class com.wix.detox.espresso.DetoxAssertion, assertMatcher, [androidx.test.espresso.ViewInteraction@12e7bb1, (view has effective visibility <VISIBLE> and view.getGlobalVisibleRect() covers at least <75> percent of the view's area)]
03-22 18:32:02.386 17060 17060 I ViewInteraction: Checking 'MatchesViewAssertion(Detox){viewMatcher=(view has effective visibility <VISIBLE> and view.getGlobalVisibleRect() covers at least <75> percent of the view's area)}' assertion on view (an instance of android.widget.TextView and view.getText() with or without transformation to match: is "Card Network : visa" and view has effective visibility <VISIBLE>)
03-22 18:32:02.388 17060 17132 I DetoxWSClient: Sending out action 'invokeResult' (ID #8)
03-22 18:32:02.388 17060 17132 I DetoxDispatcher: Done with action 'invoke'
03-22 18:32:02.400 17060 17121 D EGL_emulation: app_time_stats: avg=14.92ms min=2.35ms max=20.64ms count=61
03-22 18:32:02.463 17060 17134 D DetoxWSClient: Received action 'invoke' (ID #9, params={"target":{"type":"Class","value":"com.wix.detox.espresso.EspressoDetox"},"method":"perform","args":[{"type":"Invocation","value":{"target":{"type":"Class","value":"androidx.test.espresso.Espresso"},"method":"onView","args":[{"type":"Invocation","value":{"target":{"type":"Class","value":"com.wix.detox.espresso.DetoxMatcher"},"method":"matcherForTestId","args":["cardNumber"]}}]}},{"type":"Invocation","value":{"target":{"type":"Class","value":"androidx.test.espresso.action.ViewActions"},"method":"replaceText","args":["9000000000000000"]}}]})
03-22 18:32:02.467 17060 17132 I DetoxDispatcher: Handling action 'invoke' (ID #9)...
03-22 18:32:02.467 17060 17132 D Detox   : class com.wix.detox.espresso.DetoxMatcher, matcherForTestId, [cardNumber]
03-22 18:32:02.468 17060 17132 D Detox   : class androidx.test.espresso.Espresso, onView, [(view.getTag() is "cardNumber" and view has effective visibility <VISIBLE>)]
03-22 18:32:02.468 17060 17132 D Detox   : class androidx.test.espresso.action.ViewActions, replaceText, [9000000000000000]
03-22 18:32:02.469 17060 17132 D Detox   : class com.wix.detox.espresso.EspressoDetox, perform, [androidx.test.espresso.ViewInteraction@660c896, androidx.test.espresso.action.ReplaceTextAction@e574c17]
03-22 18:32:02.474 17060 17060 I ViewInteraction: Performing 'replace text(9000000000000000)' action on view (view.getTag() is "cardNumber" and view has effective visibility <VISIBLE>)
03-22 18:32:02.485 17060 17132 I DetoxWSClient: Sending out action 'invokeResult' (ID #9)
03-22 18:32:02.486 17060 17132 I DetoxDispatcher: Done with action 'invoke'
03-22 18:32:02.502 17060 17134 D DetoxWSClient: Received action 'invoke' (ID #10, params={"target":{"type":"Class","value":"com.wix.detox.espresso.EspressoDetox"},"method":"perform","args":[{"type":"Invocation","value":{"target":{"type":"Class","value":"androidx.test.espresso.Espresso"},"method":"onView","args":[{"type":"Invocation","value":{"target":{"type":"Class","value":"com.wix.detox.espresso.DetoxMatcher"},"method":"matcherForText","args":["IS CARD VALID"]}}]}},{"type":"Invocation","value":{"target":{"type":"Class","value":"com.wix.detox.espresso.DetoxViewActions"},"method":"click","args":[]}}]})
03-22 18:32:02.503 17060 17132 I DetoxDispatcher: Handling action 'invoke' (ID #10)...
03-22 18:32:02.504 17060 17132 D Detox   : class com.wix.detox.espresso.DetoxMatcher, matcherForText, [IS CARD VALID]
03-22 18:32:02.504 17060 17132 D Detox   : class androidx.test.espresso.Espresso, onView, [(an instance of android.widget.TextView and view.getText() with or without transformation to match: is "IS CARD VALID" and view has effective visibility <VISIBLE>)]
03-22 18:32:02.505 17060 17132 D Detox   : class com.wix.detox.espresso.DetoxViewActions, click, []
03-22 18:32:02.505 17060 17132 D Detox   : class com.wix.detox.espresso.EspressoDetox, perform, [androidx.test.espresso.ViewInteraction@dd8d822, com.wix.detox.espresso.action.RNClickAction@37a92b3]
03-22 18:32:02.591 17060 17060 I Detox   : UIManagerModule is busy
03-22 18:32:02.603 17060 17060 I ViewInteraction: Performing 'com.wix.detox.espresso.action.detoxsingletap@a81a70f click' action on view (an instance of android.widget.TextView and view.getText() with or without transformation to match: is "IS CARD VALID" and view has effective visibility <VISIBLE>)
03-22 18:32:02.652 17060 17135 I ReactNativeJS: false
03-22 18:32:03.081 17060 17132 I DetoxWSClient: Sending out action 'invokeResult' (ID #10)
03-22 18:32:03.081 17060 17132 I DetoxDispatcher: Done with action 'invoke'
03-22 18:32:03.087 17060 17134 D DetoxWSClient: Received action 'invoke' (ID #11, params={"target":{"type":"Class","value":"com.wix.detox.espresso.DetoxAssertion"},"method":"assertMatcher","args":[{"type":"Invocation","value":{"target":{"type":"Class","value":"androidx.test.espresso.Espresso"},"method":"onView","args":[{"type":"Invocation","value":{"target":{"type":"Class","value":"com.wix.detox.espresso.DetoxMatcher"},"method":"matcherForText","args":["Card Validity : false"]}}]}},{"type":"Invocation","value":{"target":{"type":"Class","value":"com.wix.detox.espresso.DetoxMatcher"},"method":"matcherForSufficientlyVisible","args":[{"type":"Integer","value":75}]}}]})
03-22 18:32:03.088 17060 17132 I DetoxDispatcher: Handling action 'invoke' (ID #11)...
03-22 18:32:03.089 17060 17132 D Detox   : class com.wix.detox.espresso.DetoxMatcher, matcherForText, [Card Validity : false]
03-22 18:32:03.091 17060 17132 D Detox   : class androidx.test.espresso.Espresso, onView, [(an instance of android.widget.TextView and view.getText() with or without transformation to match: is "Card Validity : false" and view has effective visibility <VISIBLE>)]
03-22 18:32:03.092 17060 17132 D Detox   : class com.wix.detox.espresso.DetoxMatcher, matcherForSufficientlyVisible, [75]
03-22 18:32:03.092 17060 17132 D Detox   : class com.wix.detox.espresso.DetoxAssertion, assertMatcher, [androidx.test.espresso.ViewInteraction@7e4b321, (view has effective visibility <VISIBLE> and view.getGlobalVisibleRect() covers at least <75> percent of the view's area)]
03-22 18:32:03.102 17060 17060 I ViewInteraction: Checking 'MatchesViewAssertion(Detox){viewMatcher=(view has effective visibility <VISIBLE> and view.getGlobalVisibleRect() covers at least <75> percent of the view's area)}' assertion on view (an instance of android.widget.TextView and view.getText() with or without transformation to match: is "Card Validity : false" and view has effective visibility <VISIBLE>)
03-22 18:32:03.104 17060 17132 I DetoxWSClient: Sending out action 'invokeResult' (ID #11)
03-22 18:32:03.104 17060 17132 I DetoxDispatcher: Done with action 'invoke'
03-22 18:32:03.109 17060 17134 D DetoxWSClient: Received action 'invoke' (ID #12, params={"target":{"type":"Class","value":"com.wix.detox.espresso.EspressoDetox"},"method":"perform","args":[{"type":"Invocation","value":{"target":{"type":"Class","value":"androidx.test.espresso.Espresso"},"method":"onView","args":[{"type":"Invocation","value":{"target":{"type":"Class","value":"com.wix.detox.espresso.DetoxMatcher"},"method":"matcherForText","args":["GET CARD NETWORK"]}}]}},{"type":"Invocation","value":{"target":{"type":"Class","value":"com.wix.detox.espresso.DetoxViewActions"},"method":"click","args":[]}}]})
03-22 18:32:03.110 17060 17132 I DetoxDispatcher: Handling action 'invoke' (ID #12)...
03-22 18:32:03.110 17060 17132 D Detox   : class com.wix.detox.espresso.DetoxMatcher, matcherForText, [GET CARD NETWORK]
03-22 18:32:03.110 17060 17132 D Detox   : class androidx.test.espresso.Espresso, onView, [(an instance of android.widget.TextView and view.getText() with or without transformation to match: is "GET CARD NETWORK" and view has effective visibility <VISIBLE>)]
03-22 18:32:03.111 17060 17132 D Detox   : class com.wix.detox.espresso.DetoxViewActions, click, []
03-22 18:32:03.111 17060 17132 D Detox   : class com.wix.detox.espresso.EspressoDetox, perform, [androidx.test.espresso.ViewInteraction@77a8346, com.wix.detox.espresso.action.RNClickAction@14d6907]
03-22 18:32:03.116 17060 17060 I ViewInteraction: Performing 'com.wix.detox.espresso.action.detoxsingletap@6600a34 click' action on view (an instance of android.widget.TextView and view.getText() with or without transformation to match: is "GET CARD NETWORK" and view has effective visibility <VISIBLE>)
03-22 18:32:03.166 17060 17135 I ReactNativeJS: unknown
03-22 18:32:03.415 17060 17121 D EGL_emulation: app_time_stats: avg=5.12ms min=2.19ms max=32.12ms count=61
03-22 18:32:03.588 17060 17132 I DetoxWSClient: Sending out action 'invokeResult' (ID #12)
03-22 18:32:03.589 17060 17132 I DetoxDispatcher: Done with action 'invoke'
03-22 18:32:03.594 17060 17134 D DetoxWSClient: Received action 'invoke' (ID #13, params={"target":{"type":"Class","value":"com.wix.detox.espresso.DetoxAssertion"},"method":"assertMatcher","args":[{"type":"Invocation","value":{"target":{"type":"Class","value":"androidx.test.espresso.Espresso"},"method":"onView","args":[{"type":"Invocation","value":{"target":{"type":"Class","value":"com.wix.detox.espresso.DetoxMatcher"},"method":"matcherForText","args":["Card Network : unknown"]}}]}},{"type":"Invocation","value":{"target":{"type":"Class","value":"com.wix.detox.espresso.DetoxMatcher"},"method":"matcherForSufficientlyVisible","args":[{"type":"Integer","value":75}]}}]})
03-22 18:32:03.595 17060 17132 I DetoxDispatcher: Handling action 'invoke' (ID #13)...
03-22 18:32:03.597 17060 17132 D Detox   : class com.wix.detox.espresso.DetoxMatcher, matcherForText, [Card Network : unknown]
03-22 18:32:03.598 17060 17132 D Detox   : class androidx.test.espresso.Espresso, onView, [(an instance of android.widget.TextView and view.getText() with or without transformation to match: is "Card Network : unknown" and view has effective visibility <VISIBLE>)]
03-22 18:32:03.599 17060 17132 D Detox   : class com.wix.detox.espresso.DetoxMatcher, matcherForSufficientlyVisible, [75]
03-22 18:32:03.600 17060 17132 D Detox   : class com.wix.detox.espresso.DetoxAssertion, assertMatcher, [androidx.test.espresso.ViewInteraction@c1fa559, (view has effective visibility <VISIBLE> and view.getGlobalVisibleRect() covers at least <75> percent of the view's area)]
03-22 18:32:03.615 17060 17060 I ViewInteraction: Checking 'MatchesViewAssertion(Detox){viewMatcher=(view has effective visibility <VISIBLE> and view.getGlobalVisibleRect() covers at least <75> percent of the view's area)}' assertion on view (an instance of android.widget.TextView and view.getText() with or without transformation to match: is "Card Network : unknown" and view has effective visibility <VISIBLE>)
03-22 18:32:03.617 17060 17132 I DetoxWSClient: Sending out action 'invokeResult' (ID #13)
03-22 18:32:03.618 17060 17132 I DetoxDispatcher: Done with action 'invoke'
