--------- beginning of main
03-22 00:53:29.883  7385  7385 I com.detoxsampl: Late-enabling -Xcheck:jni
03-22 00:53:29.911  7385  7385 I com.detoxsampl: Unquickening 19 vdex files!
--------- beginning of system
03-22 00:53:29.996  7385  7385 W ActivityThread: Package uses different ABI(s) than its instrumentation: package[com.detoxsample]: arm64-v8a, null instrumentation[com.detoxsample.test]: null, null
03-22 00:53:29.997  7385  7385 I Typeface: Current DefaultTypeface ( lgtravel )
03-22 00:53:30.001  7385  7385 I com.detoxsampl: The ClassLoaderContext is a special shared library.
03-22 00:53:30.025  7385  7385 I chatty  : uid=10476(com.detoxsample) identical 2 lines
03-22 00:53:30.030  7385  7385 I com.detoxsampl: The ClassLoaderContext is a special shared library.
03-22 00:53:30.279  7385  7385 D ApplicationLoaders: Returning zygote-cached class loader: /system/framework/android.test.base.jar
03-22 00:53:30.279  7385  7385 D ApplicationLoaders: Returning zygote-cached class loader: /system/framework/android.test.base.jar
03-22 00:53:30.280  7385  7385 I com.detoxsampl: The ClassLoaderContext is a special shared library.
03-22 00:53:30.283  7385  7385 D ApplicationLoaders: Returning zygote-cached class loader: /system/framework/android.test.base.jar
03-22 00:53:30.283  7385  7385 D ApplicationLoaders: Returning zygote-cached class loader: /system/framework/android.test.base.jar
03-22 00:53:30.284  7385  7385 I com.detoxsampl: The ClassLoaderContext is a special shared library.
03-22 00:53:30.289  7385  7385 I chatty  : uid=10476(com.detoxsample) identical 2 lines
03-22 00:53:30.290  7385  7385 I com.detoxsampl: The ClassLoaderContext is a special shared library.
03-22 00:53:30.479  7385  7385 W com.detoxsampl: Accessing hidden method Landroid/app/Instrumentation;->execStartActivity(Landroid/content/Context;Landroid/os/IBinder;Landroid/os/IBinder;Landroid/app/Activity;Landroid/content/Intent;ILandroid/os/Bundle;)Landroid/app/Instrumentation$ActivityResult; (greylist, linking, allowed)
03-22 00:53:30.479  7385  7385 W com.detoxsampl: Accessing hidden method Landroid/app/Instrumentation;->execStartActivity(Landroid/content/Context;Landroid/os/IBinder;Landroid/os/IBinder;Ljava/lang/String;Landroid/content/Intent;ILandroid/os/Bundle;)Landroid/app/Instrumentation$ActivityResult; (greylist, linking, allowed)
03-22 00:53:30.494  7385  7385 D NetworkSecurityConfig: Using Network Security Config from resource network_security_config debugBuild: true
03-22 00:53:30.499  7385  7385 D NetworkSecurityConfig: Using Network Security Config from resource network_security_config debugBuild: true
03-22 00:53:30.504  7385  7385 I MonitoringInstr: Instrumentation started!
03-22 00:53:30.516  7385  7385 V TestEventClient: No service name argument was given (testDiscoveryService, testRunEventService or orchestratorService)
03-22 00:53:30.520  7385  7385 D SoLoader: init start
03-22 00:53:30.521  7385  7385 D SoLoader: adding system library source: /vendor/lib64
03-22 00:53:30.522  7385  7385 D SoLoader: adding system library source: /system/lib64
03-22 00:53:30.522  7385  7385 D SoLoader: adding application source: com.facebook.soloader.DirectorySoSource[root = /data/app/~~At2IihawevZX4zPxP1UkkQ==/com.detoxsample-0yuCVwgV_98gvwXtydsKMw==/lib/arm64 flags = 0]
03-22 00:53:30.524  7385  7385 D SoLoader: adding backup source from : com.facebook.soloader.ApkSoSource[root = /data/data/com.detoxsample/lib-main flags = 1]
03-22 00:53:30.524  7385  7385 D SoLoader: Preparing SO source: com.facebook.soloader.DirectorySoSource[root = /system/lib64 flags = 2]
03-22 00:53:30.524  7385  7385 D SoLoader: Preparing SO source: com.facebook.soloader.DirectorySoSource[root = /vendor/lib64 flags = 2]
03-22 00:53:30.524  7385  7385 D SoLoader: Preparing SO source: com.facebook.soloader.DirectorySoSource[root = /data/app/~~At2IihawevZX4zPxP1UkkQ==/com.detoxsample-0yuCVwgV_98gvwXtydsKMw==/lib/arm64 flags = 0]
03-22 00:53:30.524  7385  7385 D SoLoader: Preparing SO source: com.facebook.soloader.ApkSoSource[root = /data/data/com.detoxsample/lib-main flags = 1]
03-22 00:53:30.526  7385  7385 V fb-UnpackingSoSource: locked dso store /data/user/0/com.detoxsample/lib-main
03-22 00:53:30.533  7385  7385 V fb-UnpackingSoSource: deps mismatch on deps store: regenerating
03-22 00:53:30.533  7385  7385 V fb-UnpackingSoSource: so store dirty: regenerating
03-22 00:53:30.588  7385  7385 D ApkSoSource: not allowing consideration of lib/arm64-v8a/libbetter.so: deferring to libdir
03-22 00:53:30.588  7385  7385 D ApkSoSource: not allowing consideration of lib/arm64-v8a/libc++_shared.so: deferring to libdir
03-22 00:53:30.588  7385  7385 D ApkSoSource: not allowing consideration of lib/arm64-v8a/libevent-2.1.so: deferring to libdir
03-22 00:53:30.588  7385  7385 D ApkSoSource: not allowing consideration of lib/arm64-v8a/libevent_core-2.1.so: deferring to libdir
03-22 00:53:30.588  7385  7385 D ApkSoSource: not allowing consideration of lib/arm64-v8a/libevent_extra-2.1.so: deferring to libdir
03-22 00:53:30.588  7385  7385 D ApkSoSource: not allowing consideration of lib/arm64-v8a/libfabricjni.so: deferring to libdir
03-22 00:53:30.588  7385  7385 D ApkSoSource: not allowing consideration of lib/arm64-v8a/libfb.so: deferring to libdir
03-22 00:53:30.588  7385  7385 D ApkSoSource: not allowing consideration of lib/arm64-v8a/libfbjni.so: deferring to libdir
03-22 00:53:30.589  7385  7385 D ApkSoSource: not allowing consideration of lib/arm64-v8a/libflipper.so: deferring to libdir
03-22 00:53:30.589  7385  7385 D ApkSoSource: not allowing consideration of lib/arm64-v8a/libfolly_futures.so: deferring to libdir
03-22 00:53:30.589  7385  7385 D ApkSoSource: not allowing consideration of lib/arm64-v8a/libfolly_json.so: deferring to libdir
03-22 00:53:30.589  7385  7385 D ApkSoSource: not allowing consideration of lib/arm64-v8a/libglog.so: deferring to libdir
03-22 00:53:30.589  7385  7385 D ApkSoSource: not allowing consideration of lib/arm64-v8a/libglog_init.so: deferring to libdir
03-22 00:53:30.589  7385  7385 D ApkSoSource: not allowing consideration of lib/arm64-v8a/libimagepipeline.so: deferring to libdir
03-22 00:53:30.589  7385  7385 D ApkSoSource: not allowing consideration of lib/arm64-v8a/libjsc.so: deferring to libdir
03-22 00:53:30.589  7385  7385 D ApkSoSource: not allowing consideration of lib/arm64-v8a/libjscexecutor.so: deferring to libdir
03-22 00:53:30.589  7385  7385 D ApkSoSource: not allowing consideration of lib/arm64-v8a/libjsi.so: deferring to libdir
03-22 00:53:30.589  7385  7385 D ApkSoSource: not allowing consideration of lib/arm64-v8a/libjsijniprofiler.so: deferring to libdir
03-22 00:53:30.589  7385  7385 D ApkSoSource: not allowing consideration of lib/arm64-v8a/libjsinspector.so: deferring to libdir
03-22 00:53:30.589  7385  7385 D ApkSoSource: not allowing consideration of lib/arm64-v8a/liblogger.so: deferring to libdir
03-22 00:53:30.589  7385  7385 D ApkSoSource: not allowing consideration of lib/arm64-v8a/libmapbufferjni.so: deferring to libdir
03-22 00:53:30.589  7385  7385 D ApkSoSource: not allowing consideration of lib/arm64-v8a/libnative-filters.so: deferring to libdir
03-22 00:53:30.589  7385  7385 D ApkSoSource: not allowing consideration of lib/arm64-v8a/libnative-imagetranscoder.so: deferring to libdir
03-22 00:53:30.590  7385  7385 D ApkSoSource: not allowing consideration of lib/arm64-v8a/libreact_codegen_rncore.so: deferring to libdir
03-22 00:53:30.590  7385  7385 D ApkSoSource: not allowing consideration of lib/arm64-v8a/libreact_debug.so: deferring to libdir
03-22 00:53:30.590  7385  7385 D ApkSoSource: not allowing consideration of lib/arm64-v8a/libreact_nativemodule_core.so: deferring to libdir
03-22 00:53:30.590  7385  7385 D ApkSoSource: not allowing consideration of lib/arm64-v8a/libreact_render_animations.so: deferring to libdir
03-22 00:53:30.590  7385  7385 D ApkSoSource: not allowing consideration of lib/arm64-v8a/libreact_render_attributedstring.so: deferring to libdir
03-22 00:53:30.590  7385  7385 D ApkSoSource: not allowing consideration of lib/arm64-v8a/libreact_render_componentregistry.so: deferring to libdir
03-22 00:53:30.590  7385  7385 D ApkSoSource: not allowing consideration of lib/arm64-v8a/libreact_render_core.so: deferring to libdir
03-22 00:53:30.590  7385  7385 D ApkSoSource: not allowing consideration of lib/arm64-v8a/libreact_render_debug.so: deferring to libdir
03-22 00:53:30.590  7385  7385 D ApkSoSource: not allowing consideration of lib/arm64-v8a/libreact_render_graphics.so: deferring to libdir
03-22 00:53:30.590  7385  7385 D ApkSoSource: not allowing consideration of lib/arm64-v8a/libreact_render_imagemanager.so: deferring to libdir
03-22 00:53:30.590  7385  7385 D ApkSoSource: not allowing consideration of lib/arm64-v8a/libreact_render_leakchecker.so: deferring to libdir
03-22 00:53:30.590  7385  7385 D ApkSoSource: not allowing consideration of lib/arm64-v8a/libreact_render_mapbuffer.so: deferring to libdir
03-22 00:53:30.590  7385  7385 D ApkSoSource: not allowing consideration of lib/arm64-v8a/libreact_render_mounting.so: deferring to libdir
03-22 00:53:30.590  7385  7385 D ApkSoSource: not allowing consideration of lib/arm64-v8a/libreact_render_runtimescheduler.so: deferring to libdir
03-22 00:53:30.590  7385  7385 D ApkSoSource: not allowing consideration of lib/arm64-v8a/libreact_render_scheduler.so: deferring to libdir
03-22 00:53:30.590  7385  7385 D ApkSoSource: not allowing consideration of lib/arm64-v8a/libreact_render_telemetry.so: deferring to libdir
03-22 00:53:30.590  7385  7385 D ApkSoSource: not allowing consideration of lib/arm64-v8a/libreact_render_templateprocessor.so: deferring to libdir
03-22 00:53:30.590  7385  7385 D ApkSoSource: not allowing consideration of lib/arm64-v8a/libreact_render_textlayoutmanager.so: deferring to libdir
03-22 00:53:30.590  7385  7385 D ApkSoSource: not allowing consideration of lib/arm64-v8a/libreact_render_uimanager.so: deferring to libdir
03-22 00:53:30.591  7385  7385 D ApkSoSource: not allowing consideration of lib/arm64-v8a/libreact_utils.so: deferring to libdir
03-22 00:53:30.591  7385  7385 D ApkSoSource: not allowing consideration of lib/arm64-v8a/libreactconfig.so: deferring to libdir
03-22 00:53:30.591  7385  7385 D ApkSoSource: not allowing consideration of lib/arm64-v8a/libreactnativeblob.so: deferring to libdir
03-22 00:53:30.591  7385  7385 D ApkSoSource: not allowing consideration of lib/arm64-v8a/libreactnativejni.so: deferring to libdir
03-22 00:53:30.591  7385  7385 D ApkSoSource: not allowing consideration of lib/arm64-v8a/libreactnativeutilsjni.so: deferring to libdir
03-22 00:53:30.591  7385  7385 D ApkSoSource: not allowing consideration of lib/arm64-v8a/libreactperfloggerjni.so: deferring to libdir
03-22 00:53:30.591  7385  7385 D ApkSoSource: not allowing consideration of lib/arm64-v8a/librrc_image.so: deferring to libdir
03-22 00:53:30.591  7385  7385 D ApkSoSource: not allowing consideration of lib/arm64-v8a/librrc_modal.so: deferring to libdir
03-22 00:53:30.591  7385  7385 D ApkSoSource: not allowing consideration of lib/arm64-v8a/librrc_progressbar.so: deferring to libdir
03-22 00:53:30.591  7385  7385 D ApkSoSource: not allowing consideration of lib/arm64-v8a/librrc_root.so: deferring to libdir
03-22 00:53:30.591  7385  7385 D ApkSoSource: not allowing consideration of lib/arm64-v8a/librrc_scrollview.so: deferring to libdir
03-22 00:53:30.591  7385  7385 D ApkSoSource: not allowing consideration of lib/arm64-v8a/librrc_slider.so: deferring to libdir
03-22 00:53:30.592  7385  7385 D ApkSoSource: not allowing consideration of lib/arm64-v8a/librrc_switch.so: deferring to libdir
03-22 00:53:30.592  7385  7385 D ApkSoSource: not allowing consideration of lib/arm64-v8a/librrc_text.so: deferring to libdir
03-22 00:53:30.592  7385  7385 D ApkSoSource: not allowing consideration of lib/arm64-v8a/librrc_textinput.so: deferring to libdir
03-22 00:53:30.592  7385  7385 D ApkSoSource: not allowing consideration of lib/arm64-v8a/librrc_unimplementedview.so: deferring to libdir
03-22 00:53:30.592  7385  7385 D ApkSoSource: not allowing consideration of lib/arm64-v8a/librrc_view.so: deferring to libdir
03-22 00:53:30.592  7385  7385 D ApkSoSource: not allowing consideration of lib/arm64-v8a/libturbomodulejsijni.so: deferring to libdir
03-22 00:53:30.592  7385  7385 D ApkSoSource: not allowing consideration of lib/arm64-v8a/libyoga.so: deferring to libdir
03-22 00:53:30.592  7385  7385 V fb-UnpackingSoSource: regenerating DSO store com.facebook.soloader.ApkSoSource
03-22 00:53:30.592  7385  7385 V fb-UnpackingSoSource: Finished regenerating DSO store com.facebook.soloader.ApkSoSource
03-22 00:53:30.593  7385  7385 V fb-UnpackingSoSource: starting syncer worker
03-22 00:53:30.603  7385  7385 V fb-UnpackingSoSource: releasing dso store lock for /data/user/0/com.detoxsample/lib-main (from syncer thread)
03-22 00:53:30.603  7385  7385 V fb-UnpackingSoSource: not releasing dso store lock for /data/user/0/com.detoxsample/lib-main (syncer thread started)
03-22 00:53:30.604  7385  7385 D SoLoader: init finish: 4 SO sources prepared
03-22 00:53:30.604  7385  7385 D SoLoader: init exiting
03-22 00:53:30.616  7385  7385 D SoLoader: init exiting
03-22 00:53:30.616  7385  7385 D SoLoader: About to load: libjscexecutor.so
03-22 00:53:30.617  7385  7385 D SoLoader: libjscexecutor.so not found on /data/data/com.detoxsample/lib-main
03-22 00:53:30.617  7385  7385 D SoLoader: libjscexecutor.so found on /data/app/~~At2IihawevZX4zPxP1UkkQ==/com.detoxsample-0yuCVwgV_98gvwXtydsKMw==/lib/arm64
03-22 00:53:30.617  7385  7385 D SoLoader: Not resolving dependencies for libjscexecutor.so
03-22 00:53:30.682  7385  7385 D JavaScriptCore.Version: 250230.2.1
03-22 00:53:30.682  7385  7385 D SoLoader: Loaded: libjscexecutor.so
03-22 00:53:30.684  7385  7385 D SoLoader: init exiting
03-22 00:53:30.806  7385  7385 I SensorManager: registerListenerImpl() [Sensor: LGE Accelerometer Non-wakeup, Rate: 66667, SensorEventListener: com.facebook.react.common.ShakeDetector@717fc72] by com.facebook.react.common.ShakeDetector.start():60
03-22 00:53:30.833  7385  7428 D SoLoader: About to load: libfbjni.so
03-22 00:53:30.834  7385  7428 D SoLoader: libfbjni.so not found on /data/data/com.detoxsample/lib-main
03-22 00:53:30.835  7385  7428 D SoLoader: libfbjni.so found on /data/app/~~At2IihawevZX4zPxP1UkkQ==/com.detoxsample-0yuCVwgV_98gvwXtydsKMw==/lib/arm64
03-22 00:53:30.835  7385  7428 D SoLoader: Not resolving dependencies for libfbjni.so
03-22 00:53:30.842  7385  7428 D SoLoader: Loaded: libfbjni.so
03-22 00:53:30.842  7385  7428 D SoLoader: About to load: libflipper.so
03-22 00:53:30.842  7385  7428 D SoLoader: libflipper.so not found on /data/data/com.detoxsample/lib-main
03-22 00:53:30.842  7385  7428 D SoLoader: libflipper.so found on /data/app/~~At2IihawevZX4zPxP1UkkQ==/com.detoxsample-0yuCVwgV_98gvwXtydsKMw==/lib/arm64
03-22 00:53:30.842  7385  7428 D SoLoader: Not resolving dependencies for libflipper.so
03-22 00:53:30.873  7385  7428 D SoLoader: Loaded: libflipper.so
03-22 00:53:30.906  7385  7385 W com.detoxsampl: Accessing hidden field Landroid/view/View;->mKeyedTags:Landroid/util/SparseArray; (greylist, reflection, allowed)
03-22 00:53:30.906  7385  7385 W com.detoxsampl: Accessing hidden field Landroid/view/View;->mListenerInfo:Landroid/view/View$ListenerInfo; (greylist, reflection, allowed)
03-22 00:53:30.906  7385  7385 W com.detoxsampl: Accessing hidden field Landroid/view/View$ListenerInfo;->mOnClickListener:Landroid/view/View$OnClickListener; (greylist, reflection, allowed)
03-22 00:53:30.912  7385  7385 I flipper : flipper: FlipperClient::addPlugin Inspector
03-22 00:53:30.912  7385  7385 I flipper : flipper: FlipperClient::addPlugin React
03-22 00:53:30.915  7385  7385 I flipper : flipper: FlipperClient::addPlugin Databases
03-22 00:53:30.916  7385  7385 I flipper : flipper: FlipperClient::addPlugin Preferences
03-22 00:53:30.917  7385  7385 I flipper : flipper: FlipperClient::addPlugin CrashReporter
03-22 00:53:30.920  7385  7385 I flipper : flipper: FlipperClient::addPlugin Network
03-22 00:53:30.952  7385  7418 I UsageTrackerFacilitator: Usage tracking enabled
03-22 00:53:30.959  7385  7418 I TestRequestBuilder: Scanning classpath to find tests in paths [/data/app/~~8kgbKq8TpLTuiAo088TWVg==/com.detoxsample.test--2nBxtXaOiMmG5b8vz-1wA==/base.apk]
03-22 00:53:30.962  7385  7418 W com.detoxsampl: Opening an oat file without a class loader. Are you using the deprecated DexFile APIs?
03-22 00:53:31.875  7385  7418 D TestExecutor: Adding listener androidx.test.internal.runner.listener.LogRunListener
03-22 00:53:31.875  7385  7418 D TestExecutor: Adding listener androidx.test.internal.runner.listener.InstrumentationResultPrinter
03-22 00:53:31.875  7385  7418 D TestExecutor: Adding listener androidx.test.internal.runner.listener.ActivityFinisherRunListener
03-22 00:53:31.876  7385  7418 I TestRunner: run started: 1 tests
03-22 00:53:31.880  7385  7418 I TestRunner: started: runDetoxTests(com.detoxsample.DetoxTest)
03-22 00:53:31.898  7385  7418 D EventInjectionStrategy: Creating injection strategy with input manager.
03-22 00:53:31.898  7385  7418 W com.detoxsampl: Accessing hidden method Landroid/hardware/input/InputManager;->getInstance()Landroid/hardware/input/InputManager; (greylist, reflection, allowed)
03-22 00:53:31.898  7385  7418 W com.detoxsampl: Accessing hidden method Landroid/hardware/input/InputManager;->injectInputEvent(Landroid/view/InputEvent;I)Z (greylist, reflection, allowed)
03-22 00:53:31.898  7385  7418 W com.detoxsampl: Accessing hidden field Landroid/hardware/input/InputManager;->INJECT_INPUT_EVENT_MODE_WAIT_FOR_FINISH:I (greylist, reflection, allowed)
03-22 00:53:31.913  7385  7418 W com.detoxsampl: Accessing hidden field Ljava/lang/reflect/Field;->accessFlags:I (greylist, reflection, allowed)
03-22 00:53:31.925  7385  7430 D SoLoader: About to load: libreactnativejni.so
03-22 00:53:31.927  7385  7430 D SoLoader: libreactnativejni.so not found on /data/data/com.detoxsample/lib-main
03-22 00:53:31.928  7385  7430 D SoLoader: libreactnativejni.so found on /data/app/~~At2IihawevZX4zPxP1UkkQ==/com.detoxsample-0yuCVwgV_98gvwXtydsKMw==/lib/arm64
03-22 00:53:31.928  7385  7430 D SoLoader: Not resolving dependencies for libreactnativejni.so
03-22 00:53:31.931  7385  7430 D SoLoader: Loaded: libreactnativejni.so
03-22 00:53:32.194  7385  7385 D LifecycleMonitor: Lifecycle status change: com.detoxsample.MainActivity@76c7dd7 in: PRE_ON_CREATE
03-22 00:53:32.340  7385  7385 W com.detoxsampl: Accessing hidden method Landroid/view/View;->computeFitSystemWindows(Landroid/graphics/Rect;Landroid/graphics/Rect;)Z (greylist, reflection, allowed)
03-22 00:53:32.341  7385  7385 W com.detoxsampl: Accessing hidden method Landroid/view/ViewGroup;->makeOptionalFitsSystemWindows()V (greylist, reflection, allowed)
03-22 00:53:32.364  7385  7385 D LifecycleMonitor: Lifecycle status change: com.detoxsample.MainActivity@76c7dd7 in: CREATED
03-22 00:53:32.368  7385  7385 D LifecycleMonitor: Lifecycle status change: com.detoxsample.MainActivity@76c7dd7 in: STARTED
03-22 00:53:32.382  7385  7385 D LifecycleMonitor: Lifecycle status change: com.detoxsample.MainActivity@76c7dd7 in: RESUMED
03-22 00:53:32.465  7385  7385 I TouchFilterInputStageHelper: [needTouchEventFilter] Displayid : 0
03-22 00:53:32.467  7385  7385 D HandGripFilter: getdisplaysize, x : 1080 y : 2340
03-22 00:53:32.475  7385  7385 W unknown:ReactNative: Packager connection already open, nooping.
03-22 00:53:32.522  7385  7558 I AdrenoGLES-0: QUALCOMM build                   : 59e4ca3, Ic42881d075
03-22 00:53:32.522  7385  7558 I AdrenoGLES-0: Build Date                       : 01/07/21
03-22 00:53:32.522  7385  7558 I AdrenoGLES-0: OpenGL ES Shader Compiler Version: EV031.32.02.06
03-22 00:53:32.522  7385  7558 I AdrenoGLES-0: Local Branch                     : mybrancheb50fcd0-9e7c-f130-bc5f-5cb90179c3d8
03-22 00:53:32.522  7385  7558 I AdrenoGLES-0: Remote Branch                    : quic/gfx-adreno.lnx.1.0.r99-rel
03-22 00:53:32.522  7385  7558 I AdrenoGLES-0: Remote Branch                    : NONE
03-22 00:53:32.522  7385  7558 I AdrenoGLES-0: Reconstruct Branch               : NOTHING
03-22 00:53:32.522  7385  7558 I AdrenoGLES-0: Build Config                     : S P 10.0.7 AArch64
03-22 00:53:32.522  7385  7558 I AdrenoGLES-0: Driver Path                      : /vendor/lib64/egl/libGLESv2_adreno.so
03-22 00:53:32.570  7385  7558 I AdrenoGLES-0: PFP: 0x016ee190, ME: 0x00000000
03-22 00:53:32.785  7385  7385 I TouchFilterInputStageHelper: [needTouchEventFilter] Displayid : 0
03-22 00:53:32.787  7385  7385 D HandGripFilter: getdisplaysize, x : 1080 y : 2340
03-22 00:53:32.838  7385  7385 I Timeline: Timeline: Activity_idle id: ActivityRecord{fb2719a token=android.os.BinderProxy@2aaa39 {com.detoxsample/com.detoxsample.MainActivity}} time:378765067
03-22 00:53:32.857  7385  7418 I Detox   : Detox server connection details: url=ws://localhost:56805, sessionId=b459d093-fabb-fc92-eaf0-2ea488dfbad7
03-22 00:53:32.864  7385  7632 I DetoxDispatcher: Handling action '_init' (ID #0)...
03-22 00:53:32.864  7385  7632 I Detox   : Connecting to server...
03-22 00:53:32.864  7385  7632 I DetoxWSClient: At connectToServer
03-22 00:53:32.884  7385  7635 D DetoxWSClient: At onOpen
03-22 00:53:32.884  7385  7635 I DetoxWSClient: Sending out action 'login' (ID #0)
03-22 00:53:32.884  7385  7635 I Detox   : Connected to server!
03-22 00:53:32.889  7385  7635 D DetoxWSClient: Received action 'loginSuccess' (ID #0, params={"testerConnected":true,"appConnected":true})
03-22 00:53:32.921  7385  7635 D DetoxWSClient: Received action 'isReady' (ID #-1000, params={})
03-22 00:53:32.945  7385  7629 W unknown:ReactContext: initializeMessageQueueThreads() is called.
03-22 00:53:32.951  7385  7385 W unknown:ReactNative: Packager connection already open, nooping.
03-22 00:53:32.988  7385  7631 W unknown:ViewManagerPropertyUpdater: Could not find generated setter for class com.facebook.react.views.drawer.ReactDrawerLayoutManager
03-22 00:53:32.994  7385  7631 W unknown:ViewManagerPropertyUpdater: Could not find generated setter for class com.facebook.react.uimanager.LayoutShadowNode
03-22 00:53:32.998  7385  7631 W unknown:ViewManagerPropertyUpdater: Could not find generated setter for class com.facebook.react.views.scroll.ReactHorizontalScrollViewManager
03-22 00:53:33.001  7385  7631 W unknown:ViewManagerPropertyUpdater: Could not find generated setter for class com.facebook.react.views.scroll.ReactHorizontalScrollContainerViewManager
03-22 00:53:33.002  7385  7631 W unknown:ViewManagerPropertyUpdater: Could not find generated setter for class com.facebook.react.views.progressbar.ReactProgressBarViewManager
03-22 00:53:33.004  7385  7631 W unknown:ViewManagerPropertyUpdater: Could not find generated setter for class com.facebook.react.views.progressbar.ProgressBarShadowNode
03-22 00:53:33.006  7385  7631 W unknown:ViewManagerPropertyUpdater: Could not find generated setter for class com.facebook.react.views.scroll.ReactScrollViewManager
03-22 00:53:33.009  7385  7631 W unknown:ViewManagerPropertyUpdater: Could not find generated setter for class com.facebook.react.views.slider.ReactSliderManager
03-22 00:53:33.011  7385  7631 W unknown:ViewManagerPropertyUpdater: Could not find generated setter for class com.facebook.react.views.slider.ReactSliderManager$ReactSliderShadowNode
03-22 00:53:33.012  7385  7631 W unknown:ViewManagerPropertyUpdater: Could not find generated setter for class com.facebook.react.views.switchview.ReactSwitchManager
03-22 00:53:33.016  7385  7631 W unknown:ViewManagerPropertyUpdater: Could not find generated setter for class com.facebook.react.views.switchview.ReactSwitchManager$ReactSwitchShadowNode
03-22 00:53:33.017  7385  7631 W unknown:ViewManagerPropertyUpdater: Could not find generated setter for class com.facebook.react.views.swiperefresh.SwipeRefreshLayoutManager
03-22 00:53:33.018  7385  7631 W unknown:ViewManagerPropertyUpdater: Could not find generated setter for class com.facebook.react.views.text.frescosupport.FrescoBasedReactTextInlineImageViewManager
03-22 00:53:33.019  7385  7631 W unknown:ViewManagerPropertyUpdater: Could not find generated setter for class com.facebook.react.views.text.frescosupport.FrescoBasedReactTextInlineImageShadowNode
03-22 00:53:33.021  7385  7631 W unknown:ViewManagerPropertyUpdater: Could not find generated setter for class com.facebook.react.views.image.ReactImageManager
03-22 00:53:33.023  7385  7631 W unknown:ViewManagerPropertyUpdater: Could not find generated setter for class com.facebook.react.views.modal.ReactModalHostManager
03-22 00:53:33.024  7385  7631 W unknown:ViewManagerPropertyUpdater: Could not find generated setter for class com.facebook.react.views.modal.ModalHostShadowNode
03-22 00:53:33.025  7385  7631 W unknown:ViewManagerPropertyUpdater: Could not find generated setter for class com.facebook.react.views.text.ReactRawTextManager
03-22 00:53:33.025  7385  7631 W unknown:ViewManagerPropertyUpdater: Could not find generated setter for class com.facebook.react.views.text.ReactRawTextShadowNode
03-22 00:53:33.026  7385  7631 W unknown:ViewManagerPropertyUpdater: Could not find generated setter for class com.facebook.react.views.textinput.ReactTextInputManager
03-22 00:53:33.031  7385  7631 W unknown:ViewManagerPropertyUpdater: Could not find generated setter for class com.facebook.react.views.textinput.ReactTextInputShadowNode
03-22 00:53:33.035  7385  7631 W unknown:ViewManagerPropertyUpdater: Could not find generated setter for class com.facebook.react.views.text.ReactTextViewManager
03-22 00:53:33.038  7385  7631 W unknown:ViewManagerPropertyUpdater: Could not find generated setter for class com.facebook.react.views.text.ReactTextShadowNode
03-22 00:53:33.039  7385  7631 W unknown:ViewManagerPropertyUpdater: Could not find generated setter for class com.facebook.react.views.view.ReactViewManager
03-22 00:53:33.042  7385  7631 W unknown:ViewManagerPropertyUpdater: Could not find generated setter for class com.facebook.react.views.text.ReactVirtualTextViewManager
03-22 00:53:33.042  7385  7631 W unknown:ViewManagerPropertyUpdater: Could not find generated setter for class com.facebook.react.views.text.ReactVirtualTextShadowNode
03-22 00:53:33.043  7385  7631 W unknown:ViewManagerPropertyUpdater: Could not find generated setter for class com.facebook.react.views.unimplementedview.ReactUnimplementedViewManager
03-22 00:53:33.052  7385  7631 W unknown:ReactContext: initializeMessageQueueThreads() is called.
03-22 00:53:33.054  7385  7631 D SoLoader: About to load: libyoga.so
03-22 00:53:33.055  7385  7631 D SoLoader: libyoga.so not found on /data/data/com.detoxsample/lib-main
03-22 00:53:33.055  7385  7631 D SoLoader: libyoga.so found on /data/app/~~At2IihawevZX4zPxP1UkkQ==/com.detoxsample-0yuCVwgV_98gvwXtydsKMw==/lib/arm64
03-22 00:53:33.055  7385  7631 D SoLoader: Not resolving dependencies for libyoga.so
03-22 00:53:33.056  7385  7631 D SoLoader: Loaded: libyoga.so
03-22 00:53:33.063  7385  7385 I DetoxRNLoading: Got new RN-context async'ly through listener
03-22 00:53:33.065  7385  7632 I DetoxRNIdleRes: Setting up Espresso Idling Resources for React Native
03-22 00:53:33.086  7385  7632 D AsyncStorageIR: Checking whether a custom IR for Async-Storage is required... (legacy=false)
03-22 00:53:33.087  7385  7632 D DetoxRNHelpers: Native RN module resolution (class com.reactnativecommunity.asyncstorage.AsyncStorageModule): no such class
03-22 00:53:33.087  7385  7632 D AsyncStorageIR: Checking whether a custom IR for Async-Storage is required... (legacy=true)
03-22 00:53:33.089  7385  7632 D AsyncStorageIR: IR for Async-Storage is required! (legacy=true)
03-22 00:53:33.094  7385  7385 D AsyncStorageIRLegacy: Async-storage is busy!
03-22 00:53:33.101  7385  7632 I DetoxDispatcher: Done with action '_init'
03-22 00:53:33.101  7385  7632 I DetoxDispatcher: Handling action 'isReady' (ID #-1000)...
03-22 00:53:33.106  7385  7385 W com.detoxsampl: Accessing hidden method Landroid/os/MessageQueue;->next()Landroid/os/Message; (greylist, reflection, allowed)
03-22 00:53:33.106  7385  7631 I flipper : flipper: FlipperClient::addPlugin Fresco
03-22 00:53:33.107  7385  7385 W com.detoxsampl: Accessing hidden field Landroid/os/MessageQueue;->mMessages:Landroid/os/Message; (greylist, reflection, allowed)
03-22 00:53:33.107  7385  7385 W com.detoxsampl: Accessing hidden method Landroid/os/Message;->recycleUnchecked()V (greylist, reflection, allowed)
03-22 00:53:33.189  7385  7630 D SoLoader: About to load: libreactnativeblob.so
03-22 00:53:33.190  7385  7630 D SoLoader: libreactnativeblob.so not found on /data/data/com.detoxsample/lib-main
03-22 00:53:33.190  7385  7630 D SoLoader: libreactnativeblob.so found on /data/app/~~At2IihawevZX4zPxP1UkkQ==/com.detoxsample-0yuCVwgV_98gvwXtydsKMw==/lib/arm64
03-22 00:53:33.190  7385  7630 D SoLoader: Not resolving dependencies for libreactnativeblob.so
03-22 00:53:33.192  7385  7630 D SoLoader: Loaded: libreactnativeblob.so
03-22 00:53:33.286  7385  7631 I WebViewFactory: Loading com.google.android.webview version 99.0.4844.58 (code 484405833)
03-22 00:53:33.392  7385  7631 W com.detoxsampl: Accessing hidden method Landroid/os/Trace;->isTagEnabled(J)Z (greylist, reflection, allowed)
03-22 00:53:33.392  7385  7631 W com.detoxsampl: Accessing hidden method Landroid/os/Trace;->traceBegin(JLjava/lang/String;)V (greylist, reflection, allowed)
03-22 00:53:33.392  7385  7631 W com.detoxsampl: Accessing hidden method Landroid/os/Trace;->traceEnd(J)V (greylist, reflection, allowed)
03-22 00:53:33.392  7385  7631 W com.detoxsampl: Accessing hidden method Landroid/os/Trace;->asyncTraceBegin(JLjava/lang/String;I)V (greylist, reflection, allowed)
03-22 00:53:33.392  7385  7631 W com.detoxsampl: Accessing hidden method Landroid/os/Trace;->asyncTraceEnd(JLjava/lang/String;I)V (greylist, reflection, allowed)
03-22 00:53:33.404  7385  7631 I cr_WVCFactoryProvider: Loaded version=99.0.4844.58 minSdkVersion=29 isBundle=true multiprocess=true packageId=3
03-22 00:53:33.419  7385  7630 I ReactNativeJS: Running "DetoxSample" with {"rootTag":1}
03-22 00:53:33.502  7385  7631 I cr_LibraryLoader: Successfully loaded native library
03-22 00:53:33.508  7385  7631 I cr_CachingUmaRecorder: Flushed 8 samples from 8 histograms.
03-22 00:53:33.753  7385  7385 W com.detoxsampl: Accessing hidden field Landroid/widget/ScrollView;->mScroller:Landroid/widget/OverScroller; (greylist, reflection, allowed)
03-22 00:53:33.842  7385  7719 D SoLoader: About to load: libimagepipeline.so
03-22 00:53:33.842  7385  7719 D SoLoader: libimagepipeline.so not found on /data/data/com.detoxsample/lib-main
03-22 00:53:33.843  7385  7719 D SoLoader: libimagepipeline.so found on /data/app/~~At2IihawevZX4zPxP1UkkQ==/com.detoxsample-0yuCVwgV_98gvwXtydsKMw==/lib/arm64
03-22 00:53:33.843  7385  7719 D SoLoader: Not resolving dependencies for libimagepipeline.so
03-22 00:53:33.846  7385  7385 I Detox   : Wait is over: app is now idle!
03-22 00:53:33.846  7385  7632 I DetoxWSClient: Sending out action 'ready' (ID #-1000)
03-22 00:53:33.846  7385  7632 I DetoxDispatcher: Done with action 'isReady'
03-22 00:53:33.846  7385  7632 I DetoxDispatcher: Handling action 'loginSuccess' (ID #0)...
03-22 00:53:33.846  7385  7632 I DetoxDispatcher: Done with action 'loginSuccess'
03-22 00:53:33.847  7385  7632 I DetoxDispatcher: Handling action 'isReady' (ID #-1000)...
03-22 00:53:33.850  7385  7719 D SoLoader: Loaded: libimagepipeline.so
03-22 00:53:33.857  7385  7385 I Detox   : Wait is over: app is now idle!
03-22 00:53:33.857  7385  7632 I DetoxWSClient: Sending out action 'ready' (ID #-1000)
03-22 00:53:33.858  7385  7632 I DetoxDispatcher: Done with action 'isReady'
