--------- beginning of main
03-22 18:30:55.052 16555 16622 D DetoxWSClient: Received action 'invoke' (ID #9, params={"target":{"type":"Class","value":"com.wix.detox.espresso.EspressoDetox"},"method":"perform","args":[{"type":"Invocation","value":{"target":{"type":"Class","value":"androidx.test.espresso.Espresso"},"method":"onView","args":[{"type":"Invocation","value":{"target":{"type":"Class","value":"com.wix.detox.espresso.DetoxMatcher"},"method":"matcherForTestId","args":["cardNumber"]}}]}},{"type":"Invocation","value":{"target":{"type":"Class","value":"androidx.test.espresso.action.ViewActions"},"method":"replaceText","args":["9000000000000000"]}}]})
03-22 18:30:55.053 16555 16620 I DetoxDispatcher: Handling action 'invoke' (ID #9)...
03-22 18:30:55.053 16555 16620 D Detox   : class com.wix.detox.espresso.DetoxMatcher, matcherForTestId, [cardNumber]
03-22 18:30:55.055 16555 16620 D Detox   : class androidx.test.espresso.Espresso, onView, [(view.getTag() is "cardNumber" and view has effective visibility <VISIBLE>)]
03-22 18:30:55.056 16555 16620 D Detox   : class androidx.test.espresso.action.ViewActions, replaceText, [9000000000000000]
03-22 18:30:55.056 16555 16620 D Detox   : class com.wix.detox.espresso.EspressoDetox, perform, [androidx.test.espresso.ViewInteraction@660c896, androidx.test.espresso.action.ReplaceTextAction@e574c17]
03-22 18:30:55.086 16555 16555 I ViewInteraction: Performing 'replace text(9000000000000000)' action on view (view.getTag() is "cardNumber" and view has effective visibility <VISIBLE>)
03-22 18:30:55.101 16555 16620 I DetoxWSClient: Sending out action 'invokeResult' (ID #9)
03-22 18:30:55.101 16555 16620 I DetoxDispatcher: Done with action 'invoke'
03-22 18:30:55.118 16555 16622 D DetoxWSClient: Received action 'invoke' (ID #10, params={"target":{"type":"Class","value":"com.wix.detox.espresso.EspressoDetox"},"method":"perform","args":[{"type":"Invocation","value":{"target":{"type":"Class","value":"androidx.test.espresso.Espresso"},"method":"onView","args":[{"type":"Invocation","value":{"target":{"type":"Class","value":"com.wix.detox.espresso.DetoxMatcher"},"method":"matcherForText","args":["IS CARD VALID"]}}]}},{"type":"Invocation","value":{"target":{"type":"Class","value":"com.wix.detox.espresso.DetoxViewActions"},"method":"click","args":[]}}]})
03-22 18:30:55.119 16555 16620 I DetoxDispatcher: Handling action 'invoke' (ID #10)...
03-22 18:30:55.120 16555 16620 D Detox   : class com.wix.detox.espresso.DetoxMatcher, matcherForText, [IS CARD VALID]
03-22 18:30:55.120 16555 16620 D Detox   : class androidx.test.espresso.Espresso, onView, [(an instance of android.widget.TextView and view.getText() with or without transformation to match: is "IS CARD VALID" and view has effective visibility <VISIBLE>)]
03-22 18:30:55.120 16555 16620 D Detox   : class com.wix.detox.espresso.DetoxViewActions, click, []
03-22 18:30:55.121 16555 16620 D Detox   : class com.wix.detox.espresso.EspressoDetox, perform, [androidx.test.espresso.ViewInteraction@dd8d822, com.wix.detox.espresso.action.RNClickAction@37a92b3]
03-22 18:30:55.215 16555 16555 I Detox   : UIManagerModule is busy
03-22 18:30:55.217 16555 16609 D EGL_emulation: app_time_stats: avg=11.16ms min=2.27ms max=21.44ms count=59
03-22 18:30:55.237 16555 16555 I Detox   : UIManagerModule is busy
03-22 18:30:55.247 16555 16555 I ViewInteraction: Performing 'com.wix.detox.espresso.action.detoxsingletap@a81a70f click' action on view (an instance of android.widget.TextView and view.getText() with or without transformation to match: is "IS CARD VALID" and view has effective visibility <VISIBLE>)
03-22 18:30:55.300 16555 16625 I ReactNativeJS: false
03-22 18:30:55.824 16555 16620 I DetoxWSClient: Sending out action 'invokeResult' (ID #10)
03-22 18:30:55.825 16555 16620 I DetoxDispatcher: Done with action 'invoke'
03-22 18:30:55.833 16555 16622 D DetoxWSClient: Received action 'invoke' (ID #11, params={"target":{"type":"Class","value":"com.wix.detox.espresso.DetoxAssertion"},"method":"assertMatcher","args":[{"type":"Invocation","value":{"target":{"type":"Class","value":"androidx.test.espresso.Espresso"},"method":"onView","args":[{"type":"Invocation","value":{"target":{"type":"Class","value":"com.wix.detox.espresso.DetoxMatcher"},"method":"matcherForText","args":["Card Validity : false"]}}]}},{"type":"Invocation","value":{"target":{"type":"Class","value":"com.wix.detox.espresso.DetoxMatcher"},"method":"matcherForSufficientlyVisible","args":[{"type":"Integer","value":75}]}}]})
03-22 18:30:55.835 16555 16620 I DetoxDispatcher: Handling action 'invoke' (ID #11)...
03-22 18:30:55.836 16555 16620 D Detox   : class com.wix.detox.espresso.DetoxMatcher, matcherForText, [Card Validity : false]
03-22 18:30:55.836 16555 16620 D Detox   : class androidx.test.espresso.Espresso, onView, [(an instance of android.widget.TextView and view.getText() with or without transformation to match: is "Card Validity : false" and view has effective visibility <VISIBLE>)]
03-22 18:30:55.836 16555 16620 D Detox   : class com.wix.detox.espresso.DetoxMatcher, matcherForSufficientlyVisible, [75]
03-22 18:30:55.836 16555 16620 D Detox   : class com.wix.detox.espresso.DetoxAssertion, assertMatcher, [androidx.test.espresso.ViewInteraction@7e4b321, (view has effective visibility <VISIBLE> and view.getGlobalVisibleRect() covers at least <75> percent of the view's area)]
03-22 18:30:55.843 16555 16555 I ViewInteraction: Checking 'MatchesViewAssertion(Detox){viewMatcher=(view has effective visibility <VISIBLE> and view.getGlobalVisibleRect() covers at least <75> percent of the view's area)}' assertion on view (an instance of android.widget.TextView and view.getText() with or without transformation to match: is "Card Validity : false" and view has effective visibility <VISIBLE>)
03-22 18:30:55.844 16555 16620 I DetoxWSClient: Sending out action 'invokeResult' (ID #11)
03-22 18:30:55.846 16555 16620 I DetoxDispatcher: Done with action 'invoke'
03-22 18:30:55.852 16555 16622 D DetoxWSClient: Received action 'invoke' (ID #12, params={"target":{"type":"Class","value":"com.wix.detox.espresso.EspressoDetox"},"method":"perform","args":[{"type":"Invocation","value":{"target":{"type":"Class","value":"androidx.test.espresso.Espresso"},"method":"onView","args":[{"type":"Invocation","value":{"target":{"type":"Class","value":"com.wix.detox.espresso.DetoxMatcher"},"method":"matcherForText","args":["GET CARD NETWORK"]}}]}},{"type":"Invocation","value":{"target":{"type":"Class","value":"com.wix.detox.espresso.DetoxViewActions"},"method":"click","args":[]}}]})
03-22 18:30:55.852 16555 16620 I DetoxDispatcher: Handling action 'invoke' (ID #12)...
03-22 18:30:55.853 16555 16620 D Detox   : class com.wix.detox.espresso.DetoxMatcher, matcherForText, [GET CARD NETWORK]
03-22 18:30:55.856 16555 16620 D Detox   : class androidx.test.espresso.Espresso, onView, [(an instance of android.widget.TextView and view.getText() with or without transformation to match: is "GET CARD NETWORK" and view has effective visibility <VISIBLE>)]
03-22 18:30:55.856 16555 16620 D Detox   : class com.wix.detox.espresso.DetoxViewActions, click, []
03-22 18:30:55.856 16555 16620 D Detox   : class com.wix.detox.espresso.EspressoDetox, perform, [androidx.test.espresso.ViewInteraction@77a8346, com.wix.detox.espresso.action.RNClickAction@14d6907]
03-22 18:30:55.865 16555 16555 I ViewInteraction: Performing 'com.wix.detox.espresso.action.detoxsingletap@6600a34 click' action on view (an instance of android.widget.TextView and view.getText() with or without transformation to match: is "GET CARD NETWORK" and view has effective visibility <VISIBLE>)
03-22 18:30:55.916 16555 16625 I ReactNativeJS: unknown
03-22 18:30:56.232 16555 16609 D EGL_emulation: app_time_stats: avg=6.05ms min=2.34ms max=24.23ms count=61
03-22 18:30:56.402 16555 16620 I DetoxWSClient: Sending out action 'invokeResult' (ID #12)
03-22 18:30:56.403 16555 16620 I DetoxDispatcher: Done with action 'invoke'
03-22 18:30:56.407 16555 16622 D DetoxWSClient: Received action 'invoke' (ID #13, params={"target":{"type":"Class","value":"com.wix.detox.espresso.DetoxAssertion"},"method":"assertMatcher","args":[{"type":"Invocation","value":{"target":{"type":"Class","value":"androidx.test.espresso.Espresso"},"method":"onView","args":[{"type":"Invocation","value":{"target":{"type":"Class","value":"com.wix.detox.espresso.DetoxMatcher"},"method":"matcherForText","args":["Card Network : unknown"]}}]}},{"type":"Invocation","value":{"target":{"type":"Class","value":"com.wix.detox.espresso.DetoxMatcher"},"method":"matcherForSufficientlyVisible","args":[{"type":"Integer","value":75}]}}]})
03-22 18:30:56.408 16555 16620 I DetoxDispatcher: Handling action 'invoke' (ID #13)...
03-22 18:30:56.408 16555 16620 D Detox   : class com.wix.detox.espresso.DetoxMatcher, matcherForText, [Card Network : unknown]
03-22 18:30:56.409 16555 16620 D Detox   : class androidx.test.espresso.Espresso, onView, [(an instance of android.widget.TextView and view.getText() with or without transformation to match: is "Card Network : unknown" and view has effective visibility <VISIBLE>)]
03-22 18:30:56.410 16555 16620 D Detox   : class com.wix.detox.espresso.DetoxMatcher, matcherForSufficientlyVisible, [75]
03-22 18:30:56.410 16555 16620 D Detox   : class com.wix.detox.espresso.DetoxAssertion, assertMatcher, [androidx.test.espresso.ViewInteraction@9b0b51e, (view has effective visibility <VISIBLE> and view.getGlobalVisibleRect() covers at least <75> percent of the view's area)]
03-22 18:30:56.416 16555 16555 I ViewInteraction: Checking 'MatchesViewAssertion(Detox){viewMatcher=(view has effective visibility <VISIBLE> and view.getGlobalVisibleRect() covers at least <75> percent of the view's area)}' assertion on view (an instance of android.widget.TextView and view.getText() with or without transformation to match: is "Card Network : unknown" and view has effective visibility <VISIBLE>)
03-22 18:30:56.419 16555 16620 I DetoxWSClient: Sending out action 'invokeResult' (ID #13)
03-22 18:30:56.419 16555 16620 I DetoxDispatcher: Done with action 'invoke'
