--------- beginning of main
03-22 22:10:20.233 12891 12949 D EGL_emulation: app_time_stats: avg=79.54ms min=12.42ms max=650.39ms count=16
03-22 22:10:20.878 12891 12960 I DetoxWSClient: Sending out action 'invokeResult' (ID #1)
03-22 22:10:20.878 12891 12960 I DetoxDispatcher: Done with action 'invoke'
03-22 22:10:20.886 12891 12962 D DetoxWSClient: Received action 'invoke' (ID #2, params={"target":{"type":"Class","value":"com.wix.detox.espresso.DetoxAssertion"},"method":"assertMatcher","args":[{"type":"Invocation","value":{"target":{"type":"Class","value":"androidx.test.espresso.Espresso"},"method":"onView","args":[{"type":"Invocation","value":{"target":{"type":"Class","value":"com.wix.detox.espresso.DetoxMatcher"},"method":"matcherForText","args":["Razorpay Initialized"]}}]}},{"type":"Invocation","value":{"target":{"type":"Class","value":"com.wix.detox.espresso.DetoxMatcher"},"method":"matcherForSufficientlyVisible","args":[{"type":"Integer","value":75}]}}]})
03-22 22:10:20.886 12891 12960 I DetoxDispatcher: Handling action 'invoke' (ID #2)...
03-22 22:10:20.886 12891 12960 D Detox   : class com.wix.detox.espresso.DetoxMatcher, matcherForText, [Razorpay Initialized]
03-22 22:10:20.889 12891 12960 D Detox   : class androidx.test.espresso.Espresso, onView, [(an instance of android.widget.TextView and view.getText() with or without transformation to match: is "Razorpay Initialized" and view has effective visibility <VISIBLE>)]
03-22 22:10:20.889 12891 12960 D Detox   : class com.wix.detox.espresso.DetoxMatcher, matcherForSufficientlyVisible, [75]
03-22 22:10:20.890 12891 12960 D Detox   : class com.wix.detox.espresso.DetoxAssertion, assertMatcher, [androidx.test.espresso.ViewInteraction@be9e18c, (view has effective visibility <VISIBLE> and view.getGlobalVisibleRect() covers at least <75> percent of the view's area)]
03-22 22:10:20.896 12891 12891 I ViewInteraction: Checking 'MatchesViewAssertion(Detox){viewMatcher=(view has effective visibility <VISIBLE> and view.getGlobalVisibleRect() covers at least <75> percent of the view's area)}' assertion on view (an instance of android.widget.TextView and view.getText() with or without transformation to match: is "Razorpay Initialized" and view has effective visibility <VISIBLE>)
03-22 22:10:20.898 12891 12960 I DetoxWSClient: Sending out action 'invokeResult' (ID #2)
03-22 22:10:20.899 12891 12960 I DetoxDispatcher: Done with action 'invoke'
03-22 22:10:20.958 12891 12962 D DetoxWSClient: Received action 'invoke' (ID #3, params={"target":{"type":"Class","value":"com.wix.detox.espresso.EspressoDetox"},"method":"perform","args":[{"type":"Invocation","value":{"target":{"type":"Class","value":"androidx.test.espresso.Espresso"},"method":"onView","args":[{"type":"Invocation","value":{"target":{"type":"Class","value":"com.wix.detox.espresso.DetoxMatcher"},"method":"matcherForTestId","args":["cards"]}}]}},{"type":"Invocation","value":{"target":{"type":"Class","value":"com.wix.detox.espresso.DetoxViewActions"},"method":"click","args":[]}}]})
03-22 22:10:20.960 12891 12960 I DetoxDispatcher: Handling action 'invoke' (ID #3)...
03-22 22:10:20.961 12891 12960 D Detox   : class com.wix.detox.espresso.DetoxMatcher, matcherForTestId, [cards]
03-22 22:10:20.961 12891 12960 D Detox   : class androidx.test.espresso.Espresso, onView, [(view.getTag() is "cards" and view has effective visibility <VISIBLE>)]
03-22 22:10:20.963 12891 12960 D Detox   : class com.wix.detox.espresso.DetoxViewActions, click, []
03-22 22:10:20.963 12891 12960 D Detox   : class com.wix.detox.espresso.EspressoDetox, perform, [androidx.test.espresso.ViewInteraction@395e0d5, com.wix.detox.espresso.action.RNClickAction@b0fd0ea]
03-22 22:10:20.971 12891 12891 I ViewInteraction: Performing 'com.wix.detox.espresso.action.detoxsingletap@65f6fdb click' action on view (view.getTag() is "cards" and view has effective visibility <VISIBLE>)
03-22 22:10:21.319 12891 12949 D EGL_emulation: app_time_stats: avg=60.18ms min=12.09ms max=520.98ms count=18
03-22 22:10:21.864 12891 12960 I DetoxWSClient: Sending out action 'invokeResult' (ID #3)
03-22 22:10:21.864 12891 12960 I DetoxDispatcher: Done with action 'invoke'
03-22 22:10:21.871 12891 12962 D DetoxWSClient: Received action 'invoke' (ID #4, params={"target":{"type":"Class","value":"com.wix.detox.espresso.EspressoDetox"},"method":"perform","args":[{"type":"Invocation","value":{"target":{"type":"Class","value":"androidx.test.espresso.Espresso"},"method":"onView","args":[{"type":"Invocation","value":{"target":{"type":"Class","value":"com.wix.detox.espresso.DetoxMatcher"},"method":"matcherForTestId","args":["cardNumber"]}}]}},{"type":"Invocation","value":{"target":{"type":"Class","value":"androidx.test.espresso.action.ViewActions"},"method":"replaceText","args":["4111111111111111"]}}]})
03-22 22:10:21.872 12891 12960 I DetoxDispatcher: Handling action 'invoke' (ID #4)...
03-22 22:10:21.872 12891 12960 D Detox   : class com.wix.detox.espresso.DetoxMatcher, matcherForTestId, [cardNumber]
03-22 22:10:21.872 12891 12960 D Detox   : class androidx.test.espresso.Espresso, onView, [(view.getTag() is "cardNumber" and view has effective visibility <VISIBLE>)]
03-22 22:10:21.873 12891 12960 D Detox   : class androidx.test.espresso.action.ViewActions, replaceText, [4111111111111111]
03-22 22:10:21.873 12891 12960 D Detox   : class com.wix.detox.espresso.EspressoDetox, perform, [androidx.test.espresso.ViewInteraction@c757736, androidx.test.espresso.action.ReplaceTextAction@21a6637]
03-22 22:10:21.879 12891 12891 I ViewInteraction: Performing 'replace text(4111111111111111)' action on view (view.getTag() is "cardNumber" and view has effective visibility <VISIBLE>)
03-22 22:10:21.888 12891 12960 I DetoxWSClient: Sending out action 'invokeResult' (ID #4)
03-22 22:10:21.889 12891 12960 I DetoxDispatcher: Done with action 'invoke'
03-22 22:10:21.893 12891 12962 D DetoxWSClient: Received action 'invoke' (ID #5, params={"target":{"type":"Class","value":"com.wix.detox.espresso.EspressoDetox"},"method":"perform","args":[{"type":"Invocation","value":{"target":{"type":"Class","value":"androidx.test.espresso.Espresso"},"method":"onView","args":[{"type":"Invocation","value":{"target":{"type":"Class","value":"com.wix.detox.espresso.DetoxMatcher"},"method":"matcherForText","args":["IS CARD VALID"]}}]}},{"type":"Invocation","value":{"target":{"type":"Class","value":"com.wix.detox.espresso.DetoxViewActions"},"method":"click","args":[]}}]})
03-22 22:10:21.893 12891 12960 I DetoxDispatcher: Handling action 'invoke' (ID #5)...
03-22 22:10:21.895 12891 12960 D Detox   : class com.wix.detox.espresso.DetoxMatcher, matcherForText, [IS CARD VALID]
03-22 22:10:21.895 12891 12960 D Detox   : class androidx.test.espresso.Espresso, onView, [(an instance of android.widget.TextView and view.getText() with or without transformation to match: is "IS CARD VALID" and view has effective visibility <VISIBLE>)]
03-22 22:10:21.896 12891 12960 D Detox   : class com.wix.detox.espresso.DetoxViewActions, click, []
03-22 22:10:21.896 12891 12960 D Detox   : class com.wix.detox.espresso.EspressoDetox, perform, [androidx.test.espresso.ViewInteraction@4b6a10, com.wix.detox.espresso.action.RNClickAction@2cd3909]
03-22 22:10:21.901 12891 12891 D CompatibilityChangeReporter: Compat change id reported: 163400105; UID 10204; state: DISABLED
03-22 22:10:21.906 12891 12891 I AssistStructure: Flattened final assist data: 4240 bytes, containing 1 windows, 26 views
03-22 22:10:21.938 12891 12891 I Detox   : UIManagerModule is busy
03-22 22:10:21.950 12891 12891 I Detox   : UIManagerModule is busy
03-22 22:10:21.965 12891 12891 I ViewInteraction: Performing 'com.wix.detox.espresso.action.detoxsingletap@d2f11d4 click' action on view (an instance of android.widget.TextView and view.getText() with or without transformation to match: is "IS CARD VALID" and view has effective visibility <VISIBLE>)
03-22 22:10:22.025 12891 12965 I ReactNativeJS: true
03-22 22:10:22.325 12891 12949 D EGL_emulation: app_time_stats: avg=27.47ms min=2.12ms max=407.85ms count=28
03-22 22:10:22.575 12891 12960 I DetoxWSClient: Sending out action 'invokeResult' (ID #5)
03-22 22:10:22.576 12891 12960 I DetoxDispatcher: Done with action 'invoke'
03-22 22:10:22.589 12891 12962 D DetoxWSClient: Received action 'invoke' (ID #6, params={"target":{"type":"Class","value":"com.wix.detox.espresso.DetoxAssertion"},"method":"assertMatcher","args":[{"type":"Invocation","value":{"target":{"type":"Class","value":"androidx.test.espresso.Espresso"},"method":"onView","args":[{"type":"Invocation","value":{"target":{"type":"Class","value":"com.wix.detox.espresso.DetoxMatcher"},"method":"matcherForText","args":["Card Validity : true"]}}]}},{"type":"Invocation","value":{"target":{"type":"Class","value":"com.wix.detox.espresso.DetoxMatcher"},"method":"matcherForSufficientlyVisible","args":[{"type":"Integer","value":75}]}}]})
03-22 22:10:22.591 12891 12960 I DetoxDispatcher: Handling action 'invoke' (ID #6)...
03-22 22:10:22.593 12891 12960 D Detox   : class com.wix.detox.espresso.DetoxMatcher, matcherForText, [Card Validity : true]
03-22 22:10:22.594 12891 12960 D Detox   : class androidx.test.espresso.Espresso, onView, [(an instance of android.widget.TextView and view.getText() with or without transformation to match: is "Card Validity : true" and view has effective visibility <VISIBLE>)]
03-22 22:10:22.595 12891 12960 D Detox   : class com.wix.detox.espresso.DetoxMatcher, matcherForSufficientlyVisible, [75]
03-22 22:10:22.596 12891 12960 D Detox   : class com.wix.detox.espresso.DetoxAssertion, assertMatcher, [androidx.test.espresso.ViewInteraction@2267fbe, (view has effective visibility <VISIBLE> and view.getGlobalVisibleRect() covers at least <75> percent of the view's area)]
03-22 22:10:22.604 12891 12891 I ViewInteraction: Checking 'MatchesViewAssertion(Detox){viewMatcher=(view has effective visibility <VISIBLE> and view.getGlobalVisibleRect() covers at least <75> percent of the view's area)}' assertion on view (an instance of android.widget.TextView and view.getText() with or without transformation to match: is "Card Validity : true" and view has effective visibility <VISIBLE>)
03-22 22:10:22.605 12891 12960 I DetoxWSClient: Sending out action 'invokeResult' (ID #6)
03-22 22:10:22.606 12891 12960 I DetoxDispatcher: Done with action 'invoke'
03-22 22:10:22.613 12891 12962 D DetoxWSClient: Received action 'invoke' (ID #7, params={"target":{"type":"Class","value":"com.wix.detox.espresso.EspressoDetox"},"method":"perform","args":[{"type":"Invocation","value":{"target":{"type":"Class","value":"androidx.test.espresso.Espresso"},"method":"onView","args":[{"type":"Invocation","value":{"target":{"type":"Class","value":"com.wix.detox.espresso.DetoxMatcher"},"method":"matcherForText","args":["GET CARD NETWORK"]}}]}},{"type":"Invocation","value":{"target":{"type":"Class","value":"com.wix.detox.espresso.DetoxViewActions"},"method":"click","args":[]}}]})
03-22 22:10:22.613 12891 12960 I DetoxDispatcher: Handling action 'invoke' (ID #7)...
03-22 22:10:22.615 12891 12960 D Detox   : class com.wix.detox.espresso.DetoxMatcher, matcherForText, [GET CARD NETWORK]
03-22 22:10:22.615 12891 12960 D Detox   : class androidx.test.espresso.Espresso, onView, [(an instance of android.widget.TextView and view.getText() with or without transformation to match: is "GET CARD NETWORK" and view has effective visibility <VISIBLE>)]
03-22 22:10:22.617 12891 12960 D Detox   : class com.wix.detox.espresso.DetoxViewActions, click, []
03-22 22:10:22.617 12891 12960 D Detox   : class com.wix.detox.espresso.EspressoDetox, perform, [androidx.test.espresso.ViewInteraction@44781f, com.wix.detox.espresso.action.RNClickAction@bac76c]
03-22 22:10:22.623 12891 12891 I ViewInteraction: Performing 'com.wix.detox.espresso.action.detoxsingletap@1d20135 click' action on view (an instance of android.widget.TextView and view.getText() with or without transformation to match: is "GET CARD NETWORK" and view has effective visibility <VISIBLE>)
03-22 22:10:22.694 12891 12965 I ReactNativeJS: visa
03-22 22:10:23.183 12891 12960 I DetoxWSClient: Sending out action 'invokeResult' (ID #7)
03-22 22:10:23.184 12891 12960 I DetoxDispatcher: Done with action 'invoke'
03-22 22:10:23.194 12891 12962 D DetoxWSClient: Received action 'invoke' (ID #8, params={"target":{"type":"Class","value":"com.wix.detox.espresso.DetoxAssertion"},"method":"assertMatcher","args":[{"type":"Invocation","value":{"target":{"type":"Class","value":"androidx.test.espresso.Espresso"},"method":"onView","args":[{"type":"Invocation","value":{"target":{"type":"Class","value":"com.wix.detox.espresso.DetoxMatcher"},"method":"matcherForText","args":["Card Network : visa"]}}]}},{"type":"Invocation","value":{"target":{"type":"Class","value":"com.wix.detox.espresso.DetoxMatcher"},"method":"matcherForSufficientlyVisible","args":[{"type":"Integer","value":75}]}}]})
03-22 22:10:23.195 12891 12960 I DetoxDispatcher: Handling action 'invoke' (ID #8)...
03-22 22:10:23.196 12891 12960 D Detox   : class com.wix.detox.espresso.DetoxMatcher, matcherForText, [Card Network : visa]
03-22 22:10:23.196 12891 12960 D Detox   : class androidx.test.espresso.Espresso, onView, [(an instance of android.widget.TextView and view.getText() with or without transformation to match: is "Card Network : visa" and view has effective visibility <VISIBLE>)]
03-22 22:10:23.196 12891 12960 D Detox   : class com.wix.detox.espresso.DetoxMatcher, matcherForSufficientlyVisible, [75]
03-22 22:10:23.197 12891 12960 D Detox   : class com.wix.detox.espresso.DetoxAssertion, assertMatcher, [androidx.test.espresso.ViewInteraction@660c896, (view has effective visibility <VISIBLE> and view.getGlobalVisibleRect() covers at least <75> percent of the view's area)]
03-22 22:10:23.205 12891 12891 I ViewInteraction: Checking 'MatchesViewAssertion(Detox){viewMatcher=(view has effective visibility <VISIBLE> and view.getGlobalVisibleRect() covers at least <75> percent of the view's area)}' assertion on view (an instance of android.widget.TextView and view.getText() with or without transformation to match: is "Card Network : visa" and view has effective visibility <VISIBLE>)
03-22 22:10:23.206 12891 12960 I DetoxWSClient: Sending out action 'invokeResult' (ID #8)
03-22 22:10:23.208 12891 12960 I DetoxDispatcher: Done with action 'invoke'
