--------- beginning of main
03-22 18:36:15.169 18669 18669 I com.detoxsampl: Late-enabling -Xcheck:jni
03-22 18:36:15.184 18669 18669 W com.detoxsampl: Unexpected CPU variant for X86 using defaults: x86_64
03-22 18:36:15.231 18669 18669 D CompatibilityChangeReporter: Compat change id reported: 171979766; UID 10184; state: DISABLED
--------- beginning of system
03-22 18:36:15.240 18669 18669 W ActivityThread: Package uses different ABI(s) than its instrumentation: package[com.detoxsample]: x86_64, null instrumentation[com.detoxsample.test]: null, null
03-22 18:36:15.396 18669 18669 V GraphicsEnvironment: ANGLE Developer option for 'com.detoxsample' set to: 'default'
03-22 18:36:15.397 18669 18669 V GraphicsEnvironment: ANGLE GameManagerService for com.detoxsample: false
03-22 18:36:15.397 18669 18669 V GraphicsEnvironment: Neither updatable production driver nor prerelease driver is supported.
03-22 18:36:15.401 18669 18669 D ApplicationLoaders: Returning zygote-cached class loader: /system/framework/android.test.base.jar
03-22 18:36:15.404 18669 18669 D ApplicationLoaders: Returning zygote-cached class loader: /system/framework/android.test.base.jar
03-22 18:36:15.595 18669 18669 D NetworkSecurityConfig: Using Network Security Config from resource network_security_config debugBuild: true
03-22 18:36:15.597 18669 18669 D NetworkSecurityConfig: Using Network Security Config from resource network_security_config debugBuild: true
03-22 18:36:15.601 18669 18669 I MonitoringInstr: Instrumentation started!
03-22 18:36:15.630 18669 18669 V TestEventClient: No service name argument was given (testDiscoveryService, testRunEventService or orchestratorService)
03-22 18:36:15.636 18669 18669 D SoLoader: init start
03-22 18:36:15.638 18669 18669 D SoLoader: adding system library source: /vendor/lib64
03-22 18:36:15.640 18669 18669 D SoLoader: adding system library source: /system/lib64
03-22 18:36:15.642 18669 18669 D SoLoader: adding application source: com.facebook.soloader.DirectorySoSource[root = /data/app/~~hrXOu9-4P6CgaA_YtxKqpw==/com.detoxsample-glm3aFb-wJW-BYB8JK7eeg==/lib/x86_64 flags = 0]
03-22 18:36:15.646 18669 18669 D SoLoader: adding backup source from : com.facebook.soloader.ApkSoSource[root = /data/data/com.detoxsample/lib-main flags = 1]
03-22 18:36:15.646 18669 18669 D SoLoader: Preparing SO source: com.facebook.soloader.DirectorySoSource[root = /system/lib64 flags = 2]
03-22 18:36:15.646 18669 18669 D SoLoader: Preparing SO source: com.facebook.soloader.DirectorySoSource[root = /vendor/lib64 flags = 2]
03-22 18:36:15.646 18669 18669 D SoLoader: Preparing SO source: com.facebook.soloader.DirectorySoSource[root = /data/app/~~hrXOu9-4P6CgaA_YtxKqpw==/com.detoxsample-glm3aFb-wJW-BYB8JK7eeg==/lib/x86_64 flags = 0]
03-22 18:36:15.646 18669 18669 D SoLoader: Preparing SO source: com.facebook.soloader.ApkSoSource[root = /data/data/com.detoxsample/lib-main flags = 1]
03-22 18:36:15.648 18669 18669 V fb-UnpackingSoSource: locked dso store /data/user/0/com.detoxsample/lib-main
03-22 18:36:15.650 18669 18669 V fb-UnpackingSoSource: deps mismatch on deps store: regenerating
03-22 18:36:15.651 18669 18669 V fb-UnpackingSoSource: so store dirty: regenerating
03-22 18:36:15.737 18669 18669 D ApkSoSource: not allowing consideration of lib/x86_64/libbetter.so: deferring to libdir
03-22 18:36:15.737 18669 18669 D ApkSoSource: not allowing consideration of lib/x86_64/libc++_shared.so: deferring to libdir
03-22 18:36:15.737 18669 18669 D ApkSoSource: not allowing consideration of lib/x86_64/libevent-2.1.so: deferring to libdir
03-22 18:36:15.739 18669 18669 D ApkSoSource: not allowing consideration of lib/x86_64/libevent_core-2.1.so: deferring to libdir
03-22 18:36:15.739 18669 18669 D ApkSoSource: not allowing consideration of lib/x86_64/libevent_extra-2.1.so: deferring to libdir
03-22 18:36:15.740 18669 18669 D ApkSoSource: not allowing consideration of lib/x86_64/libfabricjni.so: deferring to libdir
03-22 18:36:15.740 18669 18669 D ApkSoSource: not allowing consideration of lib/x86_64/libfb.so: deferring to libdir
03-22 18:36:15.741 18669 18669 D ApkSoSource: not allowing consideration of lib/x86_64/libfbjni.so: deferring to libdir
03-22 18:36:15.741 18669 18669 D ApkSoSource: not allowing consideration of lib/x86_64/libflipper.so: deferring to libdir
03-22 18:36:15.741 18669 18669 D ApkSoSource: not allowing consideration of lib/x86_64/libfolly_futures.so: deferring to libdir
03-22 18:36:15.741 18669 18669 D ApkSoSource: not allowing consideration of lib/x86_64/libfolly_json.so: deferring to libdir
03-22 18:36:15.741 18669 18669 D ApkSoSource: not allowing consideration of lib/x86_64/libglog.so: deferring to libdir
03-22 18:36:15.743 18669 18669 D ApkSoSource: not allowing consideration of lib/x86_64/libglog_init.so: deferring to libdir
03-22 18:36:15.743 18669 18669 D ApkSoSource: not allowing consideration of lib/x86_64/libimagepipeline.so: deferring to libdir
03-22 18:36:15.744 18669 18669 D ApkSoSource: not allowing consideration of lib/x86_64/libjsc.so: deferring to libdir
03-22 18:36:15.745 18669 18669 D ApkSoSource: not allowing consideration of lib/x86_64/libjscexecutor.so: deferring to libdir
03-22 18:36:15.745 18669 18669 D ApkSoSource: not allowing consideration of lib/x86_64/libjsi.so: deferring to libdir
03-22 18:36:15.746 18669 18669 D ApkSoSource: not allowing consideration of lib/x86_64/libjsijniprofiler.so: deferring to libdir
03-22 18:36:15.746 18669 18669 D ApkSoSource: not allowing consideration of lib/x86_64/libjsinspector.so: deferring to libdir
03-22 18:36:15.746 18669 18669 D ApkSoSource: not allowing consideration of lib/x86_64/liblogger.so: deferring to libdir
03-22 18:36:15.747 18669 18669 D ApkSoSource: not allowing consideration of lib/x86_64/libmapbufferjni.so: deferring to libdir
03-22 18:36:15.748 18669 18669 D ApkSoSource: not allowing consideration of lib/x86_64/libnative-filters.so: deferring to libdir
03-22 18:36:15.748 18669 18669 D ApkSoSource: not allowing consideration of lib/x86_64/libnative-imagetranscoder.so: deferring to libdir
03-22 18:36:15.748 18669 18669 D ApkSoSource: not allowing consideration of lib/x86_64/libreact_codegen_rncore.so: deferring to libdir
03-22 18:36:15.750 18669 18669 D ApkSoSource: not allowing consideration of lib/x86_64/libreact_debug.so: deferring to libdir
03-22 18:36:15.751 18669 18669 D ApkSoSource: not allowing consideration of lib/x86_64/libreact_nativemodule_core.so: deferring to libdir
03-22 18:36:15.751 18669 18669 D ApkSoSource: not allowing consideration of lib/x86_64/libreact_render_animations.so: deferring to libdir
03-22 18:36:15.751 18669 18669 D ApkSoSource: not allowing consideration of lib/x86_64/libreact_render_attributedstring.so: deferring to libdir
03-22 18:36:15.752 18669 18669 D ApkSoSource: not allowing consideration of lib/x86_64/libreact_render_componentregistry.so: deferring to libdir
03-22 18:36:15.753 18669 18669 D ApkSoSource: not allowing consideration of lib/x86_64/libreact_render_core.so: deferring to libdir
03-22 18:36:15.753 18669 18669 D ApkSoSource: not allowing consideration of lib/x86_64/libreact_render_debug.so: deferring to libdir
03-22 18:36:15.753 18669 18669 D ApkSoSource: not allowing consideration of lib/x86_64/libreact_render_graphics.so: deferring to libdir
03-22 18:36:15.754 18669 18669 D ApkSoSource: not allowing consideration of lib/x86_64/libreact_render_imagemanager.so: deferring to libdir
03-22 18:36:15.754 18669 18669 D ApkSoSource: not allowing consideration of lib/x86_64/libreact_render_leakchecker.so: deferring to libdir
03-22 18:36:15.755 18669 18669 D ApkSoSource: not allowing consideration of lib/x86_64/libreact_render_mapbuffer.so: deferring to libdir
03-22 18:36:15.756 18669 18669 D ApkSoSource: not allowing consideration of lib/x86_64/libreact_render_mounting.so: deferring to libdir
03-22 18:36:15.756 18669 18669 D ApkSoSource: not allowing consideration of lib/x86_64/libreact_render_runtimescheduler.so: deferring to libdir
03-22 18:36:15.756 18669 18669 D ApkSoSource: not allowing consideration of lib/x86_64/libreact_render_scheduler.so: deferring to libdir
03-22 18:36:15.756 18669 18669 D ApkSoSource: not allowing consideration of lib/x86_64/libreact_render_telemetry.so: deferring to libdir
03-22 18:36:15.757 18669 18669 D ApkSoSource: not allowing consideration of lib/x86_64/libreact_render_templateprocessor.so: deferring to libdir
03-22 18:36:15.757 18669 18669 D ApkSoSource: not allowing consideration of lib/x86_64/libreact_render_textlayoutmanager.so: deferring to libdir
03-22 18:36:15.758 18669 18669 D ApkSoSource: not allowing consideration of lib/x86_64/libreact_render_uimanager.so: deferring to libdir
03-22 18:36:15.758 18669 18669 D ApkSoSource: not allowing consideration of lib/x86_64/libreact_utils.so: deferring to libdir
03-22 18:36:15.758 18669 18669 D ApkSoSource: not allowing consideration of lib/x86_64/libreactconfig.so: deferring to libdir
03-22 18:36:15.758 18669 18669 D ApkSoSource: not allowing consideration of lib/x86_64/libreactnativeblob.so: deferring to libdir
03-22 18:36:15.759 18669 18669 D ApkSoSource: not allowing consideration of lib/x86_64/libreactnativejni.so: deferring to libdir
03-22 18:36:15.759 18669 18669 D ApkSoSource: not allowing consideration of lib/x86_64/libreactnativeutilsjni.so: deferring to libdir
03-22 18:36:15.759 18669 18669 D ApkSoSource: not allowing consideration of lib/x86_64/libreactperfloggerjni.so: deferring to libdir
03-22 18:36:15.759 18669 18669 D ApkSoSource: not allowing consideration of lib/x86_64/librrc_image.so: deferring to libdir
03-22 18:36:15.759 18669 18669 D ApkSoSource: not allowing consideration of lib/x86_64/librrc_modal.so: deferring to libdir
03-22 18:36:15.760 18669 18669 D ApkSoSource: not allowing consideration of lib/x86_64/librrc_progressbar.so: deferring to libdir
03-22 18:36:15.760 18669 18669 D ApkSoSource: not allowing consideration of lib/x86_64/librrc_root.so: deferring to libdir
03-22 18:36:15.760 18669 18669 D ApkSoSource: not allowing consideration of lib/x86_64/librrc_scrollview.so: deferring to libdir
03-22 18:36:15.760 18669 18669 D ApkSoSource: not allowing consideration of lib/x86_64/librrc_slider.so: deferring to libdir
03-22 18:36:15.761 18669 18669 D ApkSoSource: not allowing consideration of lib/x86_64/librrc_switch.so: deferring to libdir
03-22 18:36:15.761 18669 18669 D ApkSoSource: not allowing consideration of lib/x86_64/librrc_text.so: deferring to libdir
03-22 18:36:15.761 18669 18669 D ApkSoSource: not allowing consideration of lib/x86_64/librrc_textinput.so: deferring to libdir
03-22 18:36:15.761 18669 18669 D ApkSoSource: not allowing consideration of lib/x86_64/librrc_unimplementedview.so: deferring to libdir
03-22 18:36:15.761 18669 18669 D ApkSoSource: not allowing consideration of lib/x86_64/librrc_view.so: deferring to libdir
03-22 18:36:15.762 18669 18669 D ApkSoSource: not allowing consideration of lib/x86_64/libturbomodulejsijni.so: deferring to libdir
03-22 18:36:15.762 18669 18669 D ApkSoSource: not allowing consideration of lib/x86_64/libyoga.so: deferring to libdir
03-22 18:36:15.762 18669 18669 V fb-UnpackingSoSource: regenerating DSO store com.facebook.soloader.ApkSoSource
03-22 18:36:15.764 18669 18669 V fb-UnpackingSoSource: Finished regenerating DSO store com.facebook.soloader.ApkSoSource
03-22 18:36:15.764 18669 18669 V fb-UnpackingSoSource: starting syncer worker
03-22 18:36:15.777 18669 18669 V fb-UnpackingSoSource: releasing dso store lock for /data/user/0/com.detoxsample/lib-main (from syncer thread)
03-22 18:36:15.777 18669 18669 V fb-UnpackingSoSource: not releasing dso store lock for /data/user/0/com.detoxsample/lib-main (syncer thread started)
03-22 18:36:15.777 18669 18669 D SoLoader: init finish: 4 SO sources prepared
03-22 18:36:15.777 18669 18669 D SoLoader: init exiting
03-22 18:36:15.803 18669 18669 D SoLoader: init exiting
03-22 18:36:15.805 18669 18669 D SoLoader: About to load: libjscexecutor.so
03-22 18:36:15.806 18669 18669 D SoLoader: libjscexecutor.so not found on /data/data/com.detoxsample/lib-main
03-22 18:36:15.806 18669 18669 D SoLoader: libjscexecutor.so found on /data/app/~~hrXOu9-4P6CgaA_YtxKqpw==/com.detoxsample-glm3aFb-wJW-BYB8JK7eeg==/lib/x86_64
03-22 18:36:15.806 18669 18669 D SoLoader: Not resolving dependencies for libjscexecutor.so
03-22 18:36:15.816 18669 18669 D JavaScriptCore.Version: 250230.2.1
03-22 18:36:15.816 18669 18669 D SoLoader: Loaded: libjscexecutor.so
03-22 18:36:15.826 18669 18669 D SoLoader: init exiting
03-22 18:36:16.279 18669 18712 D SoLoader: About to load: libfbjni.so
03-22 18:36:16.280 18669 18712 D SoLoader: libfbjni.so not found on /data/data/com.detoxsample/lib-main
03-22 18:36:16.280 18669 18712 D SoLoader: libfbjni.so found on /data/app/~~hrXOu9-4P6CgaA_YtxKqpw==/com.detoxsample-glm3aFb-wJW-BYB8JK7eeg==/lib/x86_64
03-22 18:36:16.280 18669 18712 D SoLoader: Not resolving dependencies for libfbjni.so
03-22 18:36:16.281 18669 18712 D SoLoader: Loaded: libfbjni.so
03-22 18:36:16.281 18669 18712 D SoLoader: About to load: libflipper.so
03-22 18:36:16.282 18669 18712 D SoLoader: libflipper.so not found on /data/data/com.detoxsample/lib-main
03-22 18:36:16.282 18669 18712 D SoLoader: libflipper.so found on /data/app/~~hrXOu9-4P6CgaA_YtxKqpw==/com.detoxsample-glm3aFb-wJW-BYB8JK7eeg==/lib/x86_64
03-22 18:36:16.282 18669 18712 D SoLoader: Not resolving dependencies for libflipper.so
03-22 18:36:16.301 18669 18712 D SoLoader: Loaded: libflipper.so
03-22 18:36:16.343 18669 18669 W com.detoxsampl: Accessing hidden field Landroid/view/View;->mKeyedTags:Landroid/util/SparseArray; (unsupported, reflection, allowed)
03-22 18:36:16.343 18669 18669 W com.detoxsampl: Accessing hidden field Landroid/view/View;->mListenerInfo:Landroid/view/View$ListenerInfo; (unsupported, reflection, allowed)
03-22 18:36:16.344 18669 18669 W com.detoxsampl: Accessing hidden field Landroid/view/View$ListenerInfo;->mOnClickListener:Landroid/view/View$OnClickListener; (unsupported, reflection, allowed)
03-22 18:36:16.370 18669 18669 I flipper : flipper: FlipperClient::addPlugin Inspector
03-22 18:36:16.371 18669 18669 I flipper : flipper: FlipperClient::addPlugin React
03-22 18:36:16.378 18669 18669 I flipper : flipper: FlipperClient::addPlugin Databases
03-22 18:36:16.381 18669 18669 I flipper : flipper: FlipperClient::addPlugin Preferences
03-22 18:36:16.382 18669 18669 I flipper : flipper: FlipperClient::addPlugin CrashReporter
03-22 18:36:16.392 18669 18669 I flipper : flipper: FlipperClient::addPlugin Network
03-22 18:36:16.423 18669 18698 I UsageTrackerFacilitator: Usage tracking enabled
03-22 18:36:16.430 18669 18698 I TestRequestBuilder: Scanning classpath to find tests in paths [/data/app/~~tFWHx2T-bBXNuMgPaSK7IQ==/com.detoxsample.test-CZn4noUvFzLzF6H-GvLfwQ==/base.apk]
03-22 18:36:16.431 18669 18698 W com.detoxsampl: Opening an oat file without a class loader. Are you using the deprecated DexFile APIs?
03-22 18:36:17.028 18669 18698 D TestExecutor: Adding listener androidx.test.internal.runner.listener.LogRunListener
03-22 18:36:17.029 18669 18698 D TestExecutor: Adding listener androidx.test.internal.runner.listener.InstrumentationResultPrinter
03-22 18:36:17.029 18669 18698 D TestExecutor: Adding listener androidx.test.internal.runner.listener.ActivityFinisherRunListener
03-22 18:36:17.031 18669 18698 I TestRunner: run started: 1 tests
03-22 18:36:17.037 18669 18698 I TestRunner: started: runDetoxTests(com.detoxsample.DetoxTest)
03-22 18:36:17.085 18669 18698 D EventInjectionStrategy: Creating injection strategy with input manager.
03-22 18:36:17.086 18669 18698 W com.detoxsampl: Accessing hidden method Landroid/hardware/input/InputManager;->getInstance()Landroid/hardware/input/InputManager; (unsupported, reflection, allowed)
03-22 18:36:17.086 18669 18698 W com.detoxsampl: Accessing hidden method Landroid/hardware/input/InputManager;->injectInputEvent(Landroid/view/InputEvent;I)Z (unsupported, reflection, allowed)
03-22 18:36:17.086 18669 18698 W com.detoxsampl: Accessing hidden field Landroid/hardware/input/InputManager;->INJECT_INPUT_EVENT_MODE_WAIT_FOR_FINISH:I (unsupported, reflection, allowed)
03-22 18:36:17.108 18669 18698 W com.detoxsampl: Accessing hidden field Ljava/lang/reflect/Field;->accessFlags:I (unsupported, reflection, allowed)
03-22 18:36:17.148 18669 18732 D libEGL  : loaded /vendor/lib64/egl/libEGL_emulation.so
03-22 18:36:17.169 18669 18732 D libEGL  : loaded /vendor/lib64/egl/libGLESv1_CM_emulation.so
03-22 18:36:17.174 18669 18732 D libEGL  : loaded /vendor/lib64/egl/libGLESv2_emulation.so
03-22 18:36:17.258 18669 18669 D LifecycleMonitor: Lifecycle status change: com.detoxsample.MainActivity@95c1cf5 in: PRE_ON_CREATE
03-22 18:36:17.380 18669 18669 W com.detoxsampl: Accessing hidden method Landroid/view/View;->computeFitSystemWindows(Landroid/graphics/Rect;Landroid/graphics/Rect;)Z (unsupported, reflection, allowed)
03-22 18:36:17.380 18669 18669 W com.detoxsampl: Accessing hidden method Landroid/view/ViewGroup;->makeOptionalFitsSystemWindows()V (unsupported, reflection, allowed)
03-22 18:36:17.396 18669 18669 D LifecycleMonitor: Lifecycle status change: com.detoxsample.MainActivity@95c1cf5 in: CREATED
03-22 18:36:17.399 18669 18669 D LifecycleMonitor: Lifecycle status change: com.detoxsample.MainActivity@95c1cf5 in: STARTED
03-22 18:36:17.401 18669 18669 D LifecycleMonitor: Lifecycle status change: com.detoxsample.MainActivity@95c1cf5 in: RESUMED
03-22 18:36:17.405 18669 18718 D SoLoader: About to load: libreactnativejni.so
03-22 18:36:17.406 18669 18718 D SoLoader: libreactnativejni.so not found on /data/data/com.detoxsample/lib-main
03-22 18:36:17.407 18669 18718 D SoLoader: libreactnativejni.so found on /data/app/~~hrXOu9-4P6CgaA_YtxKqpw==/com.detoxsample-glm3aFb-wJW-BYB8JK7eeg==/lib/x86_64
03-22 18:36:17.407 18669 18718 D SoLoader: Not resolving dependencies for libreactnativejni.so
03-22 18:36:17.412 18669 18718 D SoLoader: Loaded: libreactnativejni.so
03-22 18:36:17.434 18669 18669 W unknown:ReactNative: Packager connection already open, nooping.
03-22 18:36:17.464 18669 18730 D HostConnection: createUnique: call
03-22 18:36:17.465 18669 18730 D HostConnection: HostConnection::get() New Host Connection established 0x73a0edf0b350, tid 18730
03-22 18:36:17.471 18669 18730 D HostConnection: HostComposition ext ANDROID_EMU_CHECKSUM_HELPER_v1 ANDROID_EMU_native_sync_v2 ANDROID_EMU_native_sync_v3 ANDROID_EMU_native_sync_v4 ANDROID_EMU_dma_v1 ANDROID_EMU_direct_mem ANDROID_EMU_host_composition_v1 ANDROID_EMU_host_composition_v2 ANDROID_EMU_YUV_Cache ANDROID_EMU_async_unmap_buffer ANDROID_EMU_has_shared_slots_host_memory_allocator ANDROID_EMU_sync_buffer_data GL_OES_EGL_image_external_essl3 GL_OES_vertex_array_object GL_KHR_texture_compression_astc_ldr ANDROID_EMU_host_side_tracing ANDROID_EMU_async_frame_commands ANDROID_EMU_gles_max_version_3_0 
03-22 18:36:17.482 18669 18730 W OpenGLRenderer: Failed to choose config with EGL_SWAP_BEHAVIOR_PRESERVED, retrying without...
03-22 18:36:17.483 18669 18730 W OpenGLRenderer: Failed to initialize 101010-2 format, error = EGL_SUCCESS
03-22 18:36:17.485 18669 18730 D EGL_emulation: eglCreateContext: 0x73a0edf0b710: maj 3 min 0 rcv 3
03-22 18:36:17.489 18669 18730 D EGL_emulation: eglMakeCurrent: 0x73a0edf0b710: ver 3 0 (tinfo 0x73a3073d2080) (first time)
03-22 18:36:17.508 18669 18730 I Gralloc4: mapper 4.x is not supported
03-22 18:36:17.516 18669 18730 D HostConnection: createUnique: call
03-22 18:36:17.516 18669 18730 D HostConnection: HostConnection::get() New Host Connection established 0x73a0edf09850, tid 18730
03-22 18:36:17.517 18669 18730 D goldfish-address-space: allocate: Ask for block of size 0x100
03-22 18:36:17.517 18669 18730 D goldfish-address-space: allocate: ioctl allocate returned offset 0x3e3ffe000 size 0x2000
03-22 18:36:17.519 18669 18730 W Gralloc4: allocator 4.x is not supported
03-22 18:36:17.529 18669 18730 D HostConnection: HostComposition ext ANDROID_EMU_CHECKSUM_HELPER_v1 ANDROID_EMU_native_sync_v2 ANDROID_EMU_native_sync_v3 ANDROID_EMU_native_sync_v4 ANDROID_EMU_dma_v1 ANDROID_EMU_direct_mem ANDROID_EMU_host_composition_v1 ANDROID_EMU_host_composition_v2 ANDROID_EMU_YUV_Cache ANDROID_EMU_async_unmap_buffer ANDROID_EMU_has_shared_slots_host_memory_allocator ANDROID_EMU_sync_buffer_data GL_OES_EGL_image_external_essl3 GL_OES_vertex_array_object GL_KHR_texture_compression_astc_ldr ANDROID_EMU_host_side_tracing ANDROID_EMU_async_frame_commands ANDROID_EMU_gles_max_version_3_0 
03-22 18:36:17.717 18669 18698 I Detox   : Detox server connection details: url=ws://localhost:58584, sessionId=43597eb0-6174-5996-0e4f-32a8f31be8af
03-22 18:36:17.737 18669 18742 I DetoxDispatcher: Handling action '_init' (ID #0)...
03-22 18:36:17.737 18669 18742 I Detox   : Connecting to server...
03-22 18:36:17.737 18669 18742 I DetoxWSClient: At connectToServer
03-22 18:36:17.767 18669 18744 D DetoxWSClient: At onOpen
03-22 18:36:17.767 18669 18744 I DetoxWSClient: Sending out action 'login' (ID #0)
03-22 18:36:17.768 18669 18744 I Detox   : Connected to server!
03-22 18:36:17.774 18669 18744 D DetoxWSClient: Received action 'loginSuccess' (ID #0, params={"testerConnected":true,"appConnected":true})
03-22 18:36:17.775 18669 18744 D DetoxWSClient: Received action 'isReady' (ID #-1000, params={})
03-22 18:36:17.812 18669 18739 W unknown:ReactContext: initializeMessageQueueThreads() is called.
03-22 18:36:17.821 18669 18669 W unknown:ReactNative: Packager connection already open, nooping.
03-22 18:36:17.887 18669 18748 W unknown:ViewManagerPropertyUpdater: Could not find generated setter for class com.facebook.react.views.drawer.ReactDrawerLayoutManager
03-22 18:36:17.897 18669 18748 W unknown:ViewManagerPropertyUpdater: Could not find generated setter for class com.facebook.react.uimanager.LayoutShadowNode
03-22 18:36:17.900 18669 18748 W unknown:ViewManagerPropertyUpdater: Could not find generated setter for class com.facebook.react.views.scroll.ReactHorizontalScrollViewManager
03-22 18:36:17.902 18669 18748 W unknown:ViewManagerPropertyUpdater: Could not find generated setter for class com.facebook.react.views.scroll.ReactHorizontalScrollContainerViewManager
03-22 18:36:17.904 18669 18748 W unknown:ViewManagerPropertyUpdater: Could not find generated setter for class com.facebook.react.views.progressbar.ReactProgressBarViewManager
03-22 18:36:17.905 18669 18748 W unknown:ViewManagerPropertyUpdater: Could not find generated setter for class com.facebook.react.views.progressbar.ProgressBarShadowNode
03-22 18:36:17.908 18669 18748 W unknown:ViewManagerPropertyUpdater: Could not find generated setter for class com.facebook.react.views.scroll.ReactScrollViewManager
03-22 18:36:17.912 18669 18748 W unknown:ViewManagerPropertyUpdater: Could not find generated setter for class com.facebook.react.views.slider.ReactSliderManager
03-22 18:36:17.913 18669 18748 W unknown:ViewManagerPropertyUpdater: Could not find generated setter for class com.facebook.react.views.slider.ReactSliderManager$ReactSliderShadowNode
03-22 18:36:17.914 18669 18748 W unknown:ViewManagerPropertyUpdater: Could not find generated setter for class com.facebook.react.views.switchview.ReactSwitchManager
03-22 18:36:17.917 18669 18748 W unknown:ViewManagerPropertyUpdater: Could not find generated setter for class com.facebook.react.views.switchview.ReactSwitchManager$ReactSwitchShadowNode
03-22 18:36:17.918 18669 18748 W unknown:ViewManagerPropertyUpdater: Could not find generated setter for class com.facebook.react.views.swiperefresh.SwipeRefreshLayoutManager
03-22 18:36:17.920 18669 18748 W unknown:ViewManagerPropertyUpdater: Could not find generated setter for class com.facebook.react.views.text.frescosupport.FrescoBasedReactTextInlineImageViewManager
03-22 18:36:17.920 18669 18748 W unknown:ViewManagerPropertyUpdater: Could not find generated setter for class com.facebook.react.views.text.frescosupport.FrescoBasedReactTextInlineImageShadowNode
03-22 18:36:17.924 18669 18748 W unknown:ViewManagerPropertyUpdater: Could not find generated setter for class com.facebook.react.views.image.ReactImageManager
03-22 18:36:17.926 18669 18748 W unknown:ViewManagerPropertyUpdater: Could not find generated setter for class com.facebook.react.views.modal.ReactModalHostManager
03-22 18:36:17.929 18669 18748 W unknown:ViewManagerPropertyUpdater: Could not find generated setter for class com.facebook.react.views.modal.ModalHostShadowNode
03-22 18:36:17.931 18669 18748 W unknown:ViewManagerPropertyUpdater: Could not find generated setter for class com.facebook.react.views.text.ReactRawTextManager
03-22 18:36:17.931 18669 18748 W unknown:ViewManagerPropertyUpdater: Could not find generated setter for class com.facebook.react.views.text.ReactRawTextShadowNode
03-22 18:36:17.932 18669 18748 W unknown:ViewManagerPropertyUpdater: Could not find generated setter for class com.facebook.react.views.textinput.ReactTextInputManager
03-22 18:36:17.937 18669 18748 W unknown:ViewManagerPropertyUpdater: Could not find generated setter for class com.facebook.react.views.textinput.ReactTextInputShadowNode
03-22 18:36:17.940 18669 18748 W unknown:ViewManagerPropertyUpdater: Could not find generated setter for class com.facebook.react.views.text.ReactTextViewManager
03-22 18:36:17.941 18669 18748 W unknown:ViewManagerPropertyUpdater: Could not find generated setter for class com.facebook.react.views.text.ReactTextShadowNode
03-22 18:36:17.944 18669 18748 W unknown:ViewManagerPropertyUpdater: Could not find generated setter for class com.facebook.react.views.view.ReactViewManager
03-22 18:36:17.947 18669 18748 W unknown:ViewManagerPropertyUpdater: Could not find generated setter for class com.facebook.react.views.text.ReactVirtualTextViewManager
03-22 18:36:17.947 18669 18748 W unknown:ViewManagerPropertyUpdater: Could not find generated setter for class com.facebook.react.views.text.ReactVirtualTextShadowNode
03-22 18:36:17.948 18669 18748 W unknown:ViewManagerPropertyUpdater: Could not find generated setter for class com.facebook.react.views.unimplementedview.ReactUnimplementedViewManager
03-22 18:36:17.972 18669 18748 W unknown:ReactContext: initializeMessageQueueThreads() is called.
03-22 18:36:17.986 18669 18748 D SoLoader: About to load: libyoga.so
03-22 18:36:17.987 18669 18748 D SoLoader: libyoga.so not found on /data/data/com.detoxsample/lib-main
03-22 18:36:17.988 18669 18748 D SoLoader: libyoga.so found on /data/app/~~hrXOu9-4P6CgaA_YtxKqpw==/com.detoxsample-glm3aFb-wJW-BYB8JK7eeg==/lib/x86_64
03-22 18:36:17.988 18669 18748 D SoLoader: Not resolving dependencies for libyoga.so
03-22 18:36:17.988 18669 18748 D SoLoader: Loaded: libyoga.so
03-22 18:36:18.006 18669 18669 I DetoxRNLoading: Got new RN-context async'ly through listener
03-22 18:36:18.009 18669 18742 I DetoxRNIdleRes: Setting up Espresso Idling Resources for React Native
03-22 18:36:18.031 18669 18747 D SoLoader: About to load: libreactnativeblob.so
03-22 18:36:18.031 18669 18747 D SoLoader: libreactnativeblob.so not found on /data/data/com.detoxsample/lib-main
03-22 18:36:18.031 18669 18747 D SoLoader: libreactnativeblob.so found on /data/app/~~hrXOu9-4P6CgaA_YtxKqpw==/com.detoxsample-glm3aFb-wJW-BYB8JK7eeg==/lib/x86_64
03-22 18:36:18.031 18669 18747 D SoLoader: Not resolving dependencies for libreactnativeblob.so
03-22 18:36:18.035 18669 18747 D SoLoader: Loaded: libreactnativeblob.so
03-22 18:36:18.035 18669 18742 D AsyncStorageIR: Checking whether a custom IR for Async-Storage is required... (legacy=false)
03-22 18:36:18.036 18669 18742 D DetoxRNHelpers: Native RN module resolution (class com.reactnativecommunity.asyncstorage.AsyncStorageModule): no such class
03-22 18:36:18.036 18669 18742 D AsyncStorageIR: Checking whether a custom IR for Async-Storage is required... (legacy=true)
03-22 18:36:18.040 18669 18742 D AsyncStorageIR: IR for Async-Storage is required! (legacy=true)
03-22 18:36:18.045 18669 18669 D AsyncStorageIRLegacy: Async-storage is busy!
03-22 18:36:18.059 18669 18742 I DetoxDispatcher: Done with action '_init'
03-22 18:36:18.059 18669 18742 I DetoxDispatcher: Handling action 'isReady' (ID #-1000)...
03-22 18:36:18.071 18669 18669 W com.detoxsampl: Accessing hidden method Landroid/os/MessageQueue;->next()Landroid/os/Message; (unsupported, reflection, allowed)
03-22 18:36:18.072 18669 18669 W com.detoxsampl: Accessing hidden field Landroid/os/MessageQueue;->mMessages:Landroid/os/Message; (unsupported, reflection, allowed)
03-22 18:36:18.072 18669 18669 W com.detoxsampl: Accessing hidden method Landroid/os/Message;->recycleUnchecked()V (unsupported, reflection, allowed)
03-22 18:36:18.123 18669 18748 I flipper : flipper: FlipperClient::addPlugin Fresco
03-22 18:36:18.132 18669 18748 I WebViewFactory: Loading com.google.android.webview version 91.0.4472.114 (code 447211487)
03-22 18:36:18.180 18669 18748 W com.detoxsampl: Accessing hidden method Landroid/os/Trace;->isTagEnabled(J)Z (unsupported, reflection, allowed)
03-22 18:36:18.180 18669 18748 W com.detoxsampl: Accessing hidden method Landroid/os/Trace;->traceBegin(JLjava/lang/String;)V (unsupported, reflection, allowed)
03-22 18:36:18.180 18669 18748 W com.detoxsampl: Accessing hidden method Landroid/os/Trace;->traceEnd(J)V (unsupported, reflection, allowed)
03-22 18:36:18.180 18669 18748 W com.detoxsampl: Accessing hidden method Landroid/os/Trace;->asyncTraceBegin(JLjava/lang/String;I)V (unsupported, reflection, allowed)
03-22 18:36:18.180 18669 18748 W com.detoxsampl: Accessing hidden method Landroid/os/Trace;->asyncTraceEnd(JLjava/lang/String;I)V (unsupported, reflection, allowed)
03-22 18:36:18.203 18669 18748 I cr_LibraryLoader: Loaded native library version number "91.0.4472.114"
03-22 18:36:18.204 18669 18748 I cr_CachingUmaRecorder: Flushed 5 samples from 5 histograms.
03-22 18:36:18.244 18669 18747 I ReactNativeJS: Running "DetoxSample" with {"rootTag":1}
03-22 18:36:18.373 18669 18669 D CompatibilityChangeReporter: Compat change id reported: 171228096; UID 10184; state: ENABLED
03-22 18:36:18.375 18669 18669 W com.detoxsampl: Accessing hidden field Landroid/widget/ScrollView;->mScroller:Landroid/widget/OverScroller; (unsupported, reflection, allowed)
03-22 18:36:18.425 18669 18669 I Detox   : Wait is over: app is now idle!
03-22 18:36:18.426 18669 18742 I DetoxWSClient: Sending out action 'ready' (ID #-1000)
03-22 18:36:18.429 18669 18742 I DetoxDispatcher: Done with action 'isReady'
03-22 18:36:18.430 18669 18742 I DetoxDispatcher: Handling action 'loginSuccess' (ID #0)...
03-22 18:36:18.430 18669 18742 I DetoxDispatcher: Done with action 'loginSuccess'
03-22 18:36:18.430 18669 18742 I DetoxDispatcher: Handling action 'isReady' (ID #-1000)...
03-22 18:36:18.437 18669 18669 I Detox   : Wait is over: app is now idle!
03-22 18:36:18.437 18669 18742 I DetoxWSClient: Sending out action 'ready' (ID #-1000)
03-22 18:36:18.439 18669 18742 I DetoxDispatcher: Done with action 'isReady'
