--------- beginning of main
03-22 01:12:42.011 22550 22965 D DetoxWSClient: Received action 'isReady' (ID #-1000, params={})
03-22 01:12:42.034 22550 22968 W unknown:ViewManagerPropertyUpdater: Could not find generated setter for class com.facebook.react.views.drawer.ReactDrawerLayoutManager
03-22 01:12:42.038 22550 22968 W unknown:ViewManagerPropertyUpdater: Could not find generated setter for class com.facebook.react.uimanager.LayoutShadowNode
03-22 01:12:42.041 22550 22968 W unknown:ViewManagerPropertyUpdater: Could not find generated setter for class com.facebook.react.views.scroll.ReactHorizontalScrollViewManager
03-22 01:12:42.044 22550 22968 W unknown:ViewManagerPropertyUpdater: Could not find generated setter for class com.facebook.react.views.scroll.ReactHorizontalScrollContainerViewManager
03-22 01:12:42.044 22550 22968 W unknown:ViewManagerPropertyUpdater: Could not find generated setter for class com.facebook.react.views.progressbar.ReactProgressBarViewManager
03-22 01:12:42.046 22550 22968 W unknown:ViewManagerPropertyUpdater: Could not find generated setter for class com.facebook.react.views.progressbar.ProgressBarShadowNode
03-22 01:12:42.048 22550 22968 W unknown:ViewManagerPropertyUpdater: Could not find generated setter for class com.facebook.react.views.scroll.ReactScrollViewManager
03-22 01:12:42.050 22550 22968 W unknown:ViewManagerPropertyUpdater: Could not find generated setter for class com.facebook.react.views.slider.ReactSliderManager
03-22 01:12:42.051 22550 22968 W unknown:ViewManagerPropertyUpdater: Could not find generated setter for class com.facebook.react.views.slider.ReactSliderManager$ReactSliderShadowNode
03-22 01:12:42.052 22550 22968 W unknown:ViewManagerPropertyUpdater: Could not find generated setter for class com.facebook.react.views.switchview.ReactSwitchManager
03-22 01:12:42.053 22550 22968 W unknown:ViewManagerPropertyUpdater: Could not find generated setter for class com.facebook.react.views.switchview.ReactSwitchManager$ReactSwitchShadowNode
03-22 01:12:42.054 22550 22968 W unknown:ViewManagerPropertyUpdater: Could not find generated setter for class com.facebook.react.views.swiperefresh.SwipeRefreshLayoutManager
03-22 01:12:42.055 22550 22968 W unknown:ViewManagerPropertyUpdater: Could not find generated setter for class com.facebook.react.views.text.frescosupport.FrescoBasedReactTextInlineImageViewManager
03-22 01:12:42.056 22550 22968 W unknown:ViewManagerPropertyUpdater: Could not find generated setter for class com.facebook.react.views.text.frescosupport.FrescoBasedReactTextInlineImageShadowNode
03-22 01:12:42.057 22550 22968 W unknown:ViewManagerPropertyUpdater: Could not find generated setter for class com.facebook.react.views.image.ReactImageManager
03-22 01:12:42.059 22550 22968 W unknown:ViewManagerPropertyUpdater: Could not find generated setter for class com.facebook.react.views.modal.ReactModalHostManager
03-22 01:12:42.060 22550 22968 W unknown:ViewManagerPropertyUpdater: Could not find generated setter for class com.facebook.react.views.modal.ModalHostShadowNode
03-22 01:12:42.060 22550 22968 W unknown:ViewManagerPropertyUpdater: Could not find generated setter for class com.facebook.react.views.text.ReactRawTextManager
03-22 01:12:42.061 22550 22968 W unknown:ViewManagerPropertyUpdater: Could not find generated setter for class com.facebook.react.views.text.ReactRawTextShadowNode
03-22 01:12:42.062 22550 22968 W unknown:ViewManagerPropertyUpdater: Could not find generated setter for class com.facebook.react.views.textinput.ReactTextInputManager
03-22 01:12:42.065 22550 22968 W unknown:ViewManagerPropertyUpdater: Could not find generated setter for class com.facebook.react.views.textinput.ReactTextInputShadowNode
03-22 01:12:42.067 22550 22968 W unknown:ViewManagerPropertyUpdater: Could not find generated setter for class com.facebook.react.views.text.ReactTextViewManager
03-22 01:12:42.068 22550 22968 W unknown:ViewManagerPropertyUpdater: Could not find generated setter for class com.facebook.react.views.text.ReactTextShadowNode
03-22 01:12:42.069 22550 22968 W unknown:ViewManagerPropertyUpdater: Could not find generated setter for class com.facebook.react.views.view.ReactViewManager
03-22 01:12:42.072 22550 22968 W unknown:ViewManagerPropertyUpdater: Could not find generated setter for class com.facebook.react.views.text.ReactVirtualTextViewManager
03-22 01:12:42.073 22550 22968 W unknown:ViewManagerPropertyUpdater: Could not find generated setter for class com.facebook.react.views.text.ReactVirtualTextShadowNode
03-22 01:12:42.074 22550 22968 W unknown:ViewManagerPropertyUpdater: Could not find generated setter for class com.facebook.react.views.unimplementedview.ReactUnimplementedViewManager
03-22 01:12:42.083 22550 22968 W unknown:ReactContext: initializeMessageQueueThreads() is called.
03-22 01:12:42.085 22550 22968 D SoLoader: About to load: libyoga.so
03-22 01:12:42.085 22550 22968 D SoLoader: libyoga.so not found on /data/data/com.detoxsample/lib-main
03-22 01:12:42.085 22550 22968 D SoLoader: libyoga.so found on /data/app/~~BXWjVKMCkuDDkVF8i1Zl1Q==/com.detoxsample-wTyVpX73KXzjFqAB6Zka_A==/lib/arm64
03-22 01:12:42.085 22550 22968 D SoLoader: Not resolving dependencies for libyoga.so
03-22 01:12:42.088 22550 22968 D SoLoader: Loaded: libyoga.so
03-22 01:12:42.099 22550 22550 I DetoxRNLoading: Got new RN-context async'ly through listener
03-22 01:12:42.099 22550 22958 I DetoxRNIdleRes: Setting up Espresso Idling Resources for React Native
03-22 01:12:42.135 22550 22958 D AsyncStorageIR: Checking whether a custom IR for Async-Storage is required... (legacy=false)
03-22 01:12:42.137 22550 22958 D DetoxRNHelpers: Native RN module resolution (class com.reactnativecommunity.asyncstorage.AsyncStorageModule): no such class
03-22 01:12:42.137 22550 22958 D AsyncStorageIR: Checking whether a custom IR for Async-Storage is required... (legacy=true)
03-22 01:12:42.143 22550 22958 D AsyncStorageIR: IR for Async-Storage is required! (legacy=true)
03-22 01:12:42.147 22550 22968 I flipper : flipper: FlipperClient::addPlugin Fresco
03-22 01:12:42.148 22550 22968 W com.detoxsampl: Accessing hidden method Landroid/os/MessageQueue;->next()Landroid/os/Message; (greylist, reflection, allowed)
03-22 01:12:42.148 22550 22968 W com.detoxsampl: Accessing hidden field Landroid/os/MessageQueue;->mMessages:Landroid/os/Message; (greylist, reflection, allowed)
03-22 01:12:42.148 22550 22968 W com.detoxsampl: Accessing hidden method Landroid/os/Message;->recycleUnchecked()V (greylist, reflection, allowed)
03-22 01:12:42.162 22550 22550 I Detox   : UIManagerModule is busy
03-22 01:12:42.168 22550 22550 D AsyncStorageIRLegacy: Async-storage is busy!
03-22 01:12:42.175 22550 22958 I DetoxDispatcher: Done with action '_init'
03-22 01:12:42.175 22550 22958 I DetoxDispatcher: Handling action 'isReady' (ID #-1000)...
03-22 01:12:42.238 22550 22966 D SoLoader: About to load: libreactnativeblob.so
03-22 01:12:42.238 22550 22966 D SoLoader: libreactnativeblob.so not found on /data/data/com.detoxsample/lib-main
03-22 01:12:42.239 22550 22966 D SoLoader: libreactnativeblob.so found on /data/app/~~BXWjVKMCkuDDkVF8i1Zl1Q==/com.detoxsample-wTyVpX73KXzjFqAB6Zka_A==/lib/arm64
03-22 01:12:42.239 22550 22966 D SoLoader: Not resolving dependencies for libreactnativeblob.so
03-22 01:12:42.244 22550 22966 D SoLoader: Loaded: libreactnativeblob.so
03-22 01:12:42.304 22550 22968 I WebViewFactory: Loading com.google.android.webview version 99.0.4844.58 (code 484405833)
03-22 01:12:42.398 22550 22966 I ReactNativeJS: Running "DetoxSample" with {"rootTag":1}
03-22 01:12:42.422 22550 22968 W com.detoxsampl: Accessing hidden method Landroid/os/Trace;->isTagEnabled(J)Z (greylist, reflection, allowed)
03-22 01:12:42.423 22550 22968 W com.detoxsampl: Accessing hidden method Landroid/os/Trace;->traceBegin(JLjava/lang/String;)V (greylist, reflection, allowed)
03-22 01:12:42.423 22550 22968 W com.detoxsampl: Accessing hidden method Landroid/os/Trace;->traceEnd(J)V (greylist, reflection, allowed)
03-22 01:12:42.423 22550 22968 W com.detoxsampl: Accessing hidden method Landroid/os/Trace;->asyncTraceBegin(JLjava/lang/String;I)V (greylist, reflection, allowed)
03-22 01:12:42.423 22550 22968 W com.detoxsampl: Accessing hidden method Landroid/os/Trace;->asyncTraceEnd(JLjava/lang/String;I)V (greylist, reflection, allowed)
03-22 01:12:42.432 22550 22968 I cr_WVCFactoryProvider: Loaded version=99.0.4844.58 minSdkVersion=29 isBundle=true multiprocess=true packageId=3
03-22 01:12:42.558 22550 22968 I cr_LibraryLoader: Successfully loaded native library
03-22 01:12:42.564 22550 22968 I cr_CachingUmaRecorder: Flushed 8 samples from 8 histograms.
03-22 01:12:42.772 22550 22550 W com.detoxsampl: Accessing hidden field Landroid/widget/ScrollView;->mScroller:Landroid/widget/OverScroller; (greylist, reflection, allowed)
03-22 01:12:42.813 22550 23141 D SoLoader: About to load: libimagepipeline.so
03-22 01:12:42.813 22550 23141 D SoLoader: libimagepipeline.so not found on /data/data/com.detoxsample/lib-main
03-22 01:12:42.814 22550 23141 D SoLoader: libimagepipeline.so found on /data/app/~~BXWjVKMCkuDDkVF8i1Zl1Q==/com.detoxsample-wTyVpX73KXzjFqAB6Zka_A==/lib/arm64
03-22 01:12:42.814 22550 23141 D SoLoader: Not resolving dependencies for libimagepipeline.so
03-22 01:12:42.816 22550 23141 D SoLoader: Loaded: libimagepipeline.so
03-22 01:12:42.823 22550 22550 I Detox   : Wait is over: app is now idle!
03-22 01:12:42.823 22550 22958 I DetoxWSClient: Sending out action 'ready' (ID #-1000)
03-22 01:12:42.823 22550 22958 I DetoxDispatcher: Done with action 'isReady'
03-22 01:12:42.823 22550 22958 I DetoxDispatcher: Handling action 'loginSuccess' (ID #0)...
03-22 01:12:42.823 22550 22958 I DetoxDispatcher: Done with action 'loginSuccess'
03-22 01:12:42.823 22550 22958 I DetoxDispatcher: Handling action 'isReady' (ID #-1000)...
03-22 01:12:42.828 22550 22550 I Detox   : Wait is over: app is now idle!
03-22 01:12:42.828 22550 22958 I DetoxWSClient: Sending out action 'ready' (ID #-1000)
03-22 01:12:42.829 22550 22958 I DetoxDispatcher: Done with action 'isReady'
03-22 01:12:42.916 22550 22965 D DetoxWSClient: Received action 'invoke' (ID #1, params={"target":{"type":"Class","value":"com.wix.detox.espresso.EspressoDetox"},"method":"perform","args":[{"type":"Invocation","value":{"target":{"type":"Class","value":"androidx.test.espresso.Espresso"},"method":"onView","args":[{"type":"Invocation","value":{"target":{"type":"Class","value":"com.wix.detox.espresso.DetoxMatcher"},"method":"matcherForTestId","args":["initializeRzp"]}}]}},{"type":"Invocation","value":{"target":{"type":"Class","value":"com.wix.detox.espresso.DetoxViewActions"},"method":"click","args":[]}}]})
03-22 01:12:42.918 22550 22958 I DetoxDispatcher: Handling action 'invoke' (ID #1)...
03-22 01:12:42.924 22550 22958 D Detox   : class com.wix.detox.espresso.DetoxMatcher, matcherForTestId, [initializeRzp]
03-22 01:12:42.934 22550 22958 D Detox   : class androidx.test.espresso.Espresso, onView, [(view.getTag() is "initializeRzp" and view has effective visibility <VISIBLE>)]
03-22 01:12:42.935 22550 22958 D Detox   : class com.wix.detox.espresso.DetoxViewActions, click, []
03-22 01:12:42.936 22550 22958 W com.detoxsampl: Accessing hidden method Landroid/view/ViewConfiguration;->getDoubleTapMinTime()I (greylist, reflection, allowed)
03-22 01:12:42.940 22550 22958 D Detox   : class com.wix.detox.espresso.EspressoDetox, perform, [androidx.test.espresso.ViewInteraction@df550e8, com.wix.detox.espresso.action.RNClickAction@b8a5301]
03-22 01:12:43.150 22550 22550 W com.detoxsampl: Accessing hidden method Landroid/view/WindowManagerGlobal;->getInstance()Landroid/view/WindowManagerGlobal; (greylist, reflection, allowed)
03-22 01:12:43.150 22550 22550 W com.detoxsampl: Accessing hidden field Landroid/view/WindowManagerGlobal;->mViews:Ljava/util/ArrayList; (greylist, reflection, allowed)
03-22 01:12:43.150 22550 22550 W com.detoxsampl: Accessing hidden field Landroid/view/WindowManagerGlobal;->mParams:Ljava/util/ArrayList; (greylist, reflection, allowed)
03-22 01:12:43.154 22550 22550 I ViewInteraction: Performing 'com.wix.detox.espresso.action.detoxsingletap@e28bbe7 click' action on view (view.getTag() is "initializeRzp" and view has effective visibility <VISIBLE>)
--------- beginning of system
03-22 01:12:43.164 22550 22550 I ViewRootImpl: ViewRoot's Touch Event : ACTION_DOWN
03-22 01:12:43.189 22550 22550 I ViewRootImpl: ViewRoot's Touch Event : ACTION_UP
03-22 01:12:43.201 22550 22550 I Detox   : UIManagerModule is busy
03-22 01:12:43.259 22550 22550 I TetheringManager: registerTetheringEventCallback:com.detoxsample
03-22 01:12:44.689 22550 22958 I DetoxWSClient: Sending out action 'invokeResult' (ID #1)
03-22 01:12:44.689 22550 22958 I DetoxDispatcher: Done with action 'invoke'
03-22 01:12:44.702 22550 22965 D DetoxWSClient: Received action 'invoke' (ID #2, params={"target":{"type":"Class","value":"com.wix.detox.espresso.DetoxAssertion"},"method":"assertMatcher","args":[{"type":"Invocation","value":{"target":{"type":"Class","value":"androidx.test.espresso.Espresso"},"method":"onView","args":[{"type":"Invocation","value":{"target":{"type":"Class","value":"com.wix.detox.espresso.DetoxMatcher"},"method":"matcherForText","args":["Status changes"]}}]}},{"type":"Invocation","value":{"target":{"type":"Class","value":"com.wix.detox.espresso.DetoxMatcher"},"method":"matcherForSufficientlyVisible","args":[{"type":"Integer","value":75}]}}]})
03-22 01:12:44.703 22550 22958 I DetoxDispatcher: Handling action 'invoke' (ID #2)...
03-22 01:12:44.704 22550 22958 D Detox   : class com.wix.detox.espresso.DetoxMatcher, matcherForText, [Status changes]
03-22 01:12:44.705 22550 22958 D Detox   : class androidx.test.espresso.Espresso, onView, [(an instance of android.widget.TextView and view.getText() with or without transformation to match: is "Status changes" and view has effective visibility <VISIBLE>)]
03-22 01:12:44.706 22550 22958 D Detox   : class com.wix.detox.espresso.DetoxMatcher, matcherForSufficientlyVisible, [75]
03-22 01:12:44.707 22550 22958 D Detox   : class com.wix.detox.espresso.DetoxAssertion, assertMatcher, [androidx.test.espresso.ViewInteraction@17fddd9, (view has effective visibility <VISIBLE> and view.getGlobalVisibleRect() covers at least <75> percent of the view's area)]
03-22 01:12:44.717 22550 22550 I ViewInteraction: Checking 'MatchesViewAssertion(Detox){viewMatcher=(view has effective visibility <VISIBLE> and view.getGlobalVisibleRect() covers at least <75> percent of the view's area)}' assertion on view (an instance of android.widget.TextView and view.getText() with or without transformation to match: is "Status changes" and view has effective visibility <VISIBLE>)
03-22 01:12:44.720 22550 22958 I DetoxWSClient: Sending out action 'invokeResult' (ID #2)
03-22 01:12:44.721 22550 22958 I DetoxDispatcher: Done with action 'invoke'
03-22 01:12:44.729 22550 22965 D DetoxWSClient: Received action 'invoke' (ID #3, params={"target":{"type":"Class","value":"com.wix.detox.espresso.DetoxAssertion"},"method":"assertMatcher","args":[{"type":"Invocation","value":{"target":{"type":"Class","value":"androidx.test.espresso.Espresso"},"method":"onView","args":[{"type":"Invocation","value":{"target":{"type":"Class","value":"com.wix.detox.espresso.DetoxMatcher"},"method":"matcherForText","args":["Razorpay Initialized"]}}]}},{"type":"Invocation","value":{"target":{"type":"Class","value":"com.wix.detox.espresso.DetoxMatcher"},"method":"matcherForSufficientlyVisible","args":[{"type":"Integer","value":75}]}}]})
03-22 01:12:44.730 22550 22958 I DetoxDispatcher: Handling action 'invoke' (ID #3)...
03-22 01:12:44.731 22550 22958 D Detox   : class com.wix.detox.espresso.DetoxMatcher, matcherForText, [Razorpay Initialized]
03-22 01:12:44.732 22550 22958 D Detox   : class androidx.test.espresso.Espresso, onView, [(an instance of android.widget.TextView and view.getText() with or without transformation to match: is "Razorpay Initialized" and view has effective visibility <VISIBLE>)]
03-22 01:12:44.733 22550 22958 D Detox   : class com.wix.detox.espresso.DetoxMatcher, matcherForSufficientlyVisible, [75]
03-22 01:12:44.733 22550 22958 D Detox   : class com.wix.detox.espresso.DetoxAssertion, assertMatcher, [androidx.test.espresso.ViewInteraction@7dfc39e, (view has effective visibility <VISIBLE> and view.getGlobalVisibleRect() covers at least <75> percent of the view's area)]
03-22 01:12:44.743 22550 22550 I ViewInteraction: Checking 'MatchesViewAssertion(Detox){viewMatcher=(view has effective visibility <VISIBLE> and view.getGlobalVisibleRect() covers at least <75> percent of the view's area)}' assertion on view (an instance of android.widget.TextView and view.getText() with or without transformation to match: is "Razorpay Initialized" and view has effective visibility <VISIBLE>)
03-22 01:12:44.745 22550 22958 I DetoxWSClient: Sending out action 'invokeResult' (ID #3)
03-22 01:12:44.745 22550 22958 I DetoxDispatcher: Done with action 'invoke'
