--------- beginning of main
03-22 22:09:14.558 12379 12379 I com.detoxsampl: Late-enabling -Xcheck:jni
03-22 22:09:14.574 12379 12379 W com.detoxsampl: Unexpected CPU variant for X86 using defaults: x86_64
03-22 22:09:14.629 12379 12379 D CompatibilityChangeReporter: Compat change id reported: 171979766; UID 10202; state: DISABLED
--------- beginning of system
03-22 22:09:14.640 12379 12379 W ActivityThread: Package uses different ABI(s) than its instrumentation: package[com.detoxsample]: x86_64, null instrumentation[com.detoxsample.test]: null, null
03-22 22:09:14.834 12379 12379 V GraphicsEnvironment: ANGLE Developer option for 'com.detoxsample' set to: 'default'
03-22 22:09:14.834 12379 12379 V GraphicsEnvironment: ANGLE GameManagerService for com.detoxsample: false
03-22 22:09:14.834 12379 12379 V GraphicsEnvironment: Neither updatable production driver nor prerelease driver is supported.
03-22 22:09:14.840 12379 12379 D ApplicationLoaders: Returning zygote-cached class loader: /system/framework/android.test.base.jar
03-22 22:09:14.844 12379 12379 D ApplicationLoaders: Returning zygote-cached class loader: /system/framework/android.test.base.jar
03-22 22:09:15.051 12379 12379 D NetworkSecurityConfig: Using Network Security Config from resource network_security_config debugBuild: true
03-22 22:09:15.053 12379 12379 D NetworkSecurityConfig: Using Network Security Config from resource network_security_config debugBuild: true
03-22 22:09:15.058 12379 12379 I MonitoringInstr: Instrumentation started!
03-22 22:09:15.116 12379 12379 V TestEventClient: No service name argument was given (testDiscoveryService, testRunEventService or orchestratorService)
03-22 22:09:15.122 12379 12379 D SoLoader: init start
03-22 22:09:15.124 12379 12379 D SoLoader: adding system library source: /vendor/lib64
03-22 22:09:15.125 12379 12379 D SoLoader: adding system library source: /system/lib64
03-22 22:09:15.126 12379 12379 D SoLoader: adding application source: com.facebook.soloader.DirectorySoSource[root = /data/app/~~W3VLC17FgKb4rWeyW8iYJA==/com.detoxsample-NReqeD1b0lHAcD9FOfIGRA==/lib/x86_64 flags = 0]
03-22 22:09:15.129 12379 12379 D SoLoader: adding backup source from : com.facebook.soloader.ApkSoSource[root = /data/data/com.detoxsample/lib-main flags = 1]
03-22 22:09:15.129 12379 12379 D SoLoader: Preparing SO source: com.facebook.soloader.DirectorySoSource[root = /system/lib64 flags = 2]
03-22 22:09:15.129 12379 12379 D SoLoader: Preparing SO source: com.facebook.soloader.DirectorySoSource[root = /vendor/lib64 flags = 2]
03-22 22:09:15.129 12379 12379 D SoLoader: Preparing SO source: com.facebook.soloader.DirectorySoSource[root = /data/app/~~W3VLC17FgKb4rWeyW8iYJA==/com.detoxsample-NReqeD1b0lHAcD9FOfIGRA==/lib/x86_64 flags = 0]
03-22 22:09:15.129 12379 12379 D SoLoader: Preparing SO source: com.facebook.soloader.ApkSoSource[root = /data/data/com.detoxsample/lib-main flags = 1]
03-22 22:09:15.130 12379 12379 V fb-UnpackingSoSource: locked dso store /data/user/0/com.detoxsample/lib-main
03-22 22:09:15.132 12379 12379 V fb-UnpackingSoSource: deps mismatch on deps store: regenerating
03-22 22:09:15.132 12379 12379 V fb-UnpackingSoSource: so store dirty: regenerating
03-22 22:09:15.216 12379 12379 D ApkSoSource: not allowing consideration of lib/x86_64/libbetter.so: deferring to libdir
03-22 22:09:15.216 12379 12379 D ApkSoSource: not allowing consideration of lib/x86_64/libc++_shared.so: deferring to libdir
03-22 22:09:15.217 12379 12379 D ApkSoSource: not allowing consideration of lib/x86_64/libevent-2.1.so: deferring to libdir
03-22 22:09:15.217 12379 12379 D ApkSoSource: not allowing consideration of lib/x86_64/libevent_core-2.1.so: deferring to libdir
03-22 22:09:15.217 12379 12379 D ApkSoSource: not allowing consideration of lib/x86_64/libevent_extra-2.1.so: deferring to libdir
03-22 22:09:15.217 12379 12379 D ApkSoSource: not allowing consideration of lib/x86_64/libfabricjni.so: deferring to libdir
03-22 22:09:15.218 12379 12379 D ApkSoSource: not allowing consideration of lib/x86_64/libfb.so: deferring to libdir
03-22 22:09:15.219 12379 12379 D ApkSoSource: not allowing consideration of lib/x86_64/libfbjni.so: deferring to libdir
03-22 22:09:15.219 12379 12379 D ApkSoSource: not allowing consideration of lib/x86_64/libflipper.so: deferring to libdir
03-22 22:09:15.219 12379 12379 D ApkSoSource: not allowing consideration of lib/x86_64/libfolly_futures.so: deferring to libdir
03-22 22:09:15.219 12379 12379 D ApkSoSource: not allowing consideration of lib/x86_64/libfolly_json.so: deferring to libdir
03-22 22:09:15.220 12379 12379 D ApkSoSource: not allowing consideration of lib/x86_64/libglog.so: deferring to libdir
03-22 22:09:15.220 12379 12379 D ApkSoSource: not allowing consideration of lib/x86_64/libglog_init.so: deferring to libdir
03-22 22:09:15.220 12379 12379 D ApkSoSource: not allowing consideration of lib/x86_64/libimagepipeline.so: deferring to libdir
03-22 22:09:15.220 12379 12379 D ApkSoSource: not allowing consideration of lib/x86_64/libjsc.so: deferring to libdir
03-22 22:09:15.221 12379 12379 D ApkSoSource: not allowing consideration of lib/x86_64/libjscexecutor.so: deferring to libdir
03-22 22:09:15.221 12379 12379 D ApkSoSource: not allowing consideration of lib/x86_64/libjsi.so: deferring to libdir
03-22 22:09:15.222 12379 12379 D ApkSoSource: not allowing consideration of lib/x86_64/libjsijniprofiler.so: deferring to libdir
03-22 22:09:15.222 12379 12379 D ApkSoSource: not allowing consideration of lib/x86_64/libjsinspector.so: deferring to libdir
03-22 22:09:15.222 12379 12379 D ApkSoSource: not allowing consideration of lib/x86_64/liblogger.so: deferring to libdir
03-22 22:09:15.222 12379 12379 D ApkSoSource: not allowing consideration of lib/x86_64/libmapbufferjni.so: deferring to libdir
03-22 22:09:15.223 12379 12379 D ApkSoSource: not allowing consideration of lib/x86_64/libnative-filters.so: deferring to libdir
03-22 22:09:15.223 12379 12379 D ApkSoSource: not allowing consideration of lib/x86_64/libnative-imagetranscoder.so: deferring to libdir
03-22 22:09:15.224 12379 12379 D ApkSoSource: not allowing consideration of lib/x86_64/libreact_codegen_rncore.so: deferring to libdir
03-22 22:09:15.224 12379 12379 D ApkSoSource: not allowing consideration of lib/x86_64/libreact_debug.so: deferring to libdir
03-22 22:09:15.224 12379 12379 D ApkSoSource: not allowing consideration of lib/x86_64/libreact_nativemodule_core.so: deferring to libdir
03-22 22:09:15.225 12379 12379 D ApkSoSource: not allowing consideration of lib/x86_64/libreact_render_animations.so: deferring to libdir
03-22 22:09:15.225 12379 12379 D ApkSoSource: not allowing consideration of lib/x86_64/libreact_render_attributedstring.so: deferring to libdir
03-22 22:09:15.225 12379 12379 D ApkSoSource: not allowing consideration of lib/x86_64/libreact_render_componentregistry.so: deferring to libdir
03-22 22:09:15.226 12379 12379 D ApkSoSource: not allowing consideration of lib/x86_64/libreact_render_core.so: deferring to libdir
03-22 22:09:15.227 12379 12379 D ApkSoSource: not allowing consideration of lib/x86_64/libreact_render_debug.so: deferring to libdir
03-22 22:09:15.227 12379 12379 D ApkSoSource: not allowing consideration of lib/x86_64/libreact_render_graphics.so: deferring to libdir
03-22 22:09:15.228 12379 12379 D ApkSoSource: not allowing consideration of lib/x86_64/libreact_render_imagemanager.so: deferring to libdir
03-22 22:09:15.228 12379 12379 D ApkSoSource: not allowing consideration of lib/x86_64/libreact_render_leakchecker.so: deferring to libdir
03-22 22:09:15.228 12379 12379 D ApkSoSource: not allowing consideration of lib/x86_64/libreact_render_mapbuffer.so: deferring to libdir
03-22 22:09:15.229 12379 12379 D ApkSoSource: not allowing consideration of lib/x86_64/libreact_render_mounting.so: deferring to libdir
03-22 22:09:15.229 12379 12379 D ApkSoSource: not allowing consideration of lib/x86_64/libreact_render_runtimescheduler.so: deferring to libdir
03-22 22:09:15.229 12379 12379 D ApkSoSource: not allowing consideration of lib/x86_64/libreact_render_scheduler.so: deferring to libdir
03-22 22:09:15.229 12379 12379 D ApkSoSource: not allowing consideration of lib/x86_64/libreact_render_telemetry.so: deferring to libdir
03-22 22:09:15.229 12379 12379 D ApkSoSource: not allowing consideration of lib/x86_64/libreact_render_templateprocessor.so: deferring to libdir
03-22 22:09:15.230 12379 12379 D ApkSoSource: not allowing consideration of lib/x86_64/libreact_render_textlayoutmanager.so: deferring to libdir
03-22 22:09:15.230 12379 12379 D ApkSoSource: not allowing consideration of lib/x86_64/libreact_render_uimanager.so: deferring to libdir
03-22 22:09:15.230 12379 12379 D ApkSoSource: not allowing consideration of lib/x86_64/libreact_utils.so: deferring to libdir
03-22 22:09:15.231 12379 12379 D ApkSoSource: not allowing consideration of lib/x86_64/libreactconfig.so: deferring to libdir
03-22 22:09:15.231 12379 12379 D ApkSoSource: not allowing consideration of lib/x86_64/libreactnativeblob.so: deferring to libdir
03-22 22:09:15.231 12379 12379 D ApkSoSource: not allowing consideration of lib/x86_64/libreactnativejni.so: deferring to libdir
03-22 22:09:15.231 12379 12379 D ApkSoSource: not allowing consideration of lib/x86_64/libreactnativeutilsjni.so: deferring to libdir
03-22 22:09:15.231 12379 12379 D ApkSoSource: not allowing consideration of lib/x86_64/libreactperfloggerjni.so: deferring to libdir
03-22 22:09:15.231 12379 12379 D ApkSoSource: not allowing consideration of lib/x86_64/librrc_image.so: deferring to libdir
03-22 22:09:15.232 12379 12379 D ApkSoSource: not allowing consideration of lib/x86_64/librrc_modal.so: deferring to libdir
03-22 22:09:15.232 12379 12379 D ApkSoSource: not allowing consideration of lib/x86_64/librrc_progressbar.so: deferring to libdir
03-22 22:09:15.232 12379 12379 D ApkSoSource: not allowing consideration of lib/x86_64/librrc_root.so: deferring to libdir
03-22 22:09:15.233 12379 12379 D ApkSoSource: not allowing consideration of lib/x86_64/librrc_scrollview.so: deferring to libdir
03-22 22:09:15.233 12379 12379 D ApkSoSource: not allowing consideration of lib/x86_64/librrc_slider.so: deferring to libdir
03-22 22:09:15.233 12379 12379 D ApkSoSource: not allowing consideration of lib/x86_64/librrc_switch.so: deferring to libdir
03-22 22:09:15.233 12379 12379 D ApkSoSource: not allowing consideration of lib/x86_64/librrc_text.so: deferring to libdir
03-22 22:09:15.233 12379 12379 D ApkSoSource: not allowing consideration of lib/x86_64/librrc_textinput.so: deferring to libdir
03-22 22:09:15.234 12379 12379 D ApkSoSource: not allowing consideration of lib/x86_64/librrc_unimplementedview.so: deferring to libdir
03-22 22:09:15.234 12379 12379 D ApkSoSource: not allowing consideration of lib/x86_64/librrc_view.so: deferring to libdir
03-22 22:09:15.235 12379 12379 D ApkSoSource: not allowing consideration of lib/x86_64/libturbomodulejsijni.so: deferring to libdir
03-22 22:09:15.235 12379 12379 D ApkSoSource: not allowing consideration of lib/x86_64/libyoga.so: deferring to libdir
03-22 22:09:15.236 12379 12379 V fb-UnpackingSoSource: regenerating DSO store com.facebook.soloader.ApkSoSource
03-22 22:09:15.236 12379 12379 V fb-UnpackingSoSource: Finished regenerating DSO store com.facebook.soloader.ApkSoSource
03-22 22:09:15.237 12379 12379 V fb-UnpackingSoSource: starting syncer worker
03-22 22:09:15.250 12379 12379 V fb-UnpackingSoSource: releasing dso store lock for /data/user/0/com.detoxsample/lib-main (from syncer thread)
03-22 22:09:15.251 12379 12379 V fb-UnpackingSoSource: not releasing dso store lock for /data/user/0/com.detoxsample/lib-main (syncer thread started)
03-22 22:09:15.251 12379 12379 D SoLoader: init finish: 4 SO sources prepared
03-22 22:09:15.251 12379 12379 D SoLoader: init exiting
03-22 22:09:15.277 12379 12379 D SoLoader: init exiting
03-22 22:09:15.278 12379 12379 D SoLoader: About to load: libjscexecutor.so
03-22 22:09:15.279 12379 12379 D SoLoader: libjscexecutor.so not found on /data/data/com.detoxsample/lib-main
03-22 22:09:15.280 12379 12379 D SoLoader: libjscexecutor.so found on /data/app/~~W3VLC17FgKb4rWeyW8iYJA==/com.detoxsample-NReqeD1b0lHAcD9FOfIGRA==/lib/x86_64
03-22 22:09:15.280 12379 12379 D SoLoader: Not resolving dependencies for libjscexecutor.so
03-22 22:09:15.288 12379 12379 D JavaScriptCore.Version: 250230.2.1
03-22 22:09:15.288 12379 12379 D SoLoader: Loaded: libjscexecutor.so
03-22 22:09:15.295 12379 12379 D SoLoader: init exiting
03-22 22:09:15.595 12379 12417 D SoLoader: About to load: libfbjni.so
03-22 22:09:15.596 12379 12417 D SoLoader: libfbjni.so not found on /data/data/com.detoxsample/lib-main
03-22 22:09:15.596 12379 12417 D SoLoader: libfbjni.so found on /data/app/~~W3VLC17FgKb4rWeyW8iYJA==/com.detoxsample-NReqeD1b0lHAcD9FOfIGRA==/lib/x86_64
03-22 22:09:15.597 12379 12417 D SoLoader: Not resolving dependencies for libfbjni.so
03-22 22:09:15.600 12379 12417 D SoLoader: Loaded: libfbjni.so
03-22 22:09:15.600 12379 12417 D SoLoader: About to load: libflipper.so
03-22 22:09:15.601 12379 12417 D SoLoader: libflipper.so not found on /data/data/com.detoxsample/lib-main
03-22 22:09:15.601 12379 12417 D SoLoader: libflipper.so found on /data/app/~~W3VLC17FgKb4rWeyW8iYJA==/com.detoxsample-NReqeD1b0lHAcD9FOfIGRA==/lib/x86_64
03-22 22:09:15.602 12379 12417 D SoLoader: Not resolving dependencies for libflipper.so
03-22 22:09:15.617 12379 12417 D SoLoader: Loaded: libflipper.so
03-22 22:09:15.647 12379 12379 W com.detoxsampl: Accessing hidden field Landroid/view/View;->mKeyedTags:Landroid/util/SparseArray; (unsupported, reflection, allowed)
03-22 22:09:15.647 12379 12379 W com.detoxsampl: Accessing hidden field Landroid/view/View;->mListenerInfo:Landroid/view/View$ListenerInfo; (unsupported, reflection, allowed)
03-22 22:09:15.647 12379 12379 W com.detoxsampl: Accessing hidden field Landroid/view/View$ListenerInfo;->mOnClickListener:Landroid/view/View$OnClickListener; (unsupported, reflection, allowed)
03-22 22:09:15.669 12379 12379 I flipper : flipper: FlipperClient::addPlugin Inspector
03-22 22:09:15.669 12379 12379 I flipper : flipper: FlipperClient::addPlugin React
03-22 22:09:15.676 12379 12379 I flipper : flipper: FlipperClient::addPlugin Databases
03-22 22:09:15.681 12379 12379 I flipper : flipper: FlipperClient::addPlugin Preferences
03-22 22:09:15.682 12379 12379 I flipper : flipper: FlipperClient::addPlugin CrashReporter
03-22 22:09:15.691 12379 12379 I flipper : flipper: FlipperClient::addPlugin Network
03-22 22:09:15.718 12379 12409 I UsageTrackerFacilitator: Usage tracking enabled
03-22 22:09:15.725 12379 12409 I TestRequestBuilder: Scanning classpath to find tests in paths [/data/app/~~Y71GA17NF5mrWuThKCsixQ==/com.detoxsample.test-b8TIa6g_F27vzOMJPwx60g==/base.apk]
03-22 22:09:15.726 12379 12409 W com.detoxsampl: Opening an oat file without a class loader. Are you using the deprecated DexFile APIs?
03-22 22:09:16.374 12379 12409 D TestExecutor: Adding listener androidx.test.internal.runner.listener.LogRunListener
03-22 22:09:16.376 12379 12409 D TestExecutor: Adding listener androidx.test.internal.runner.listener.InstrumentationResultPrinter
03-22 22:09:16.377 12379 12409 D TestExecutor: Adding listener androidx.test.internal.runner.listener.ActivityFinisherRunListener
03-22 22:09:16.378 12379 12409 I TestRunner: run started: 1 tests
03-22 22:09:16.386 12379 12409 I TestRunner: started: runDetoxTests(com.detoxsample.DetoxTest)
03-22 22:09:16.440 12379 12409 D EventInjectionStrategy: Creating injection strategy with input manager.
03-22 22:09:16.440 12379 12409 W com.detoxsampl: Accessing hidden method Landroid/hardware/input/InputManager;->getInstance()Landroid/hardware/input/InputManager; (unsupported, reflection, allowed)
03-22 22:09:16.441 12379 12409 W com.detoxsampl: Accessing hidden method Landroid/hardware/input/InputManager;->injectInputEvent(Landroid/view/InputEvent;I)Z (unsupported, reflection, allowed)
03-22 22:09:16.441 12379 12409 W com.detoxsampl: Accessing hidden field Landroid/hardware/input/InputManager;->INJECT_INPUT_EVENT_MODE_WAIT_FOR_FINISH:I (unsupported, reflection, allowed)
03-22 22:09:16.466 12379 12409 W com.detoxsampl: Accessing hidden field Ljava/lang/reflect/Field;->accessFlags:I (unsupported, reflection, allowed)
03-22 22:09:16.568 12379 12448 D libEGL  : loaded /vendor/lib64/egl/libEGL_emulation.so
03-22 22:09:16.571 12379 12448 D libEGL  : loaded /vendor/lib64/egl/libGLESv1_CM_emulation.so
03-22 22:09:16.574 12379 12448 D libEGL  : loaded /vendor/lib64/egl/libGLESv2_emulation.so
03-22 22:09:16.657 12379 12379 D LifecycleMonitor: Lifecycle status change: com.detoxsample.MainActivity@95c1cf5 in: PRE_ON_CREATE
03-22 22:09:16.686 12379 12421 D SoLoader: About to load: libreactnativejni.so
03-22 22:09:16.686 12379 12421 D SoLoader: libreactnativejni.so not found on /data/data/com.detoxsample/lib-main
03-22 22:09:16.686 12379 12421 D SoLoader: libreactnativejni.so found on /data/app/~~W3VLC17FgKb4rWeyW8iYJA==/com.detoxsample-NReqeD1b0lHAcD9FOfIGRA==/lib/x86_64
03-22 22:09:16.687 12379 12421 D SoLoader: Not resolving dependencies for libreactnativejni.so
03-22 22:09:16.688 12379 12421 D SoLoader: Loaded: libreactnativejni.so
03-22 22:09:16.777 12379 12379 W com.detoxsampl: Accessing hidden method Landroid/view/View;->computeFitSystemWindows(Landroid/graphics/Rect;Landroid/graphics/Rect;)Z (unsupported, reflection, allowed)
03-22 22:09:16.777 12379 12379 W com.detoxsampl: Accessing hidden method Landroid/view/ViewGroup;->makeOptionalFitsSystemWindows()V (unsupported, reflection, allowed)
03-22 22:09:16.794 12379 12379 D LifecycleMonitor: Lifecycle status change: com.detoxsample.MainActivity@95c1cf5 in: CREATED
03-22 22:09:16.798 12379 12379 D LifecycleMonitor: Lifecycle status change: com.detoxsample.MainActivity@95c1cf5 in: STARTED
03-22 22:09:16.802 12379 12379 D LifecycleMonitor: Lifecycle status change: com.detoxsample.MainActivity@95c1cf5 in: RESUMED
03-22 22:09:16.835 12379 12379 W unknown:ReactNative: Packager connection already open, nooping.
03-22 22:09:16.900 12379 12440 D HostConnection: createUnique: call
03-22 22:09:16.901 12379 12440 D HostConnection: HostConnection::get() New Host Connection established 0x73a0edf0b650, tid 12440
03-22 22:09:16.925 12379 12440 D HostConnection: HostComposition ext ANDROID_EMU_CHECKSUM_HELPER_v1 ANDROID_EMU_native_sync_v2 ANDROID_EMU_native_sync_v3 ANDROID_EMU_native_sync_v4 ANDROID_EMU_dma_v1 ANDROID_EMU_direct_mem ANDROID_EMU_host_composition_v1 ANDROID_EMU_host_composition_v2 ANDROID_EMU_YUV_Cache ANDROID_EMU_async_unmap_buffer ANDROID_EMU_has_shared_slots_host_memory_allocator ANDROID_EMU_sync_buffer_data GL_OES_EGL_image_external_essl3 GL_OES_vertex_array_object GL_KHR_texture_compression_astc_ldr ANDROID_EMU_host_side_tracing ANDROID_EMU_async_frame_commands ANDROID_EMU_gles_max_version_3_0 
03-22 22:09:16.934 12379 12440 W OpenGLRenderer: Failed to choose config with EGL_SWAP_BEHAVIOR_PRESERVED, retrying without...
03-22 22:09:16.936 12379 12440 W OpenGLRenderer: Failed to initialize 101010-2 format, error = EGL_SUCCESS
03-22 22:09:16.940 12379 12440 D EGL_emulation: eglCreateContext: 0x73a0edf0b7d0: maj 3 min 0 rcv 3
03-22 22:09:16.944 12379 12440 D EGL_emulation: eglMakeCurrent: 0x73a0edf0b7d0: ver 3 0 (tinfo 0x73a3073d2080) (first time)
03-22 22:09:16.967 12379 12440 I Gralloc4: mapper 4.x is not supported
03-22 22:09:16.972 12379 12440 D HostConnection: createUnique: call
03-22 22:09:16.974 12379 12440 D HostConnection: HostConnection::get() New Host Connection established 0x73a0edf0c490, tid 12440
03-22 22:09:16.977 12379 12440 D goldfish-address-space: allocate: Ask for block of size 0x100
03-22 22:09:16.981 12379 12440 D goldfish-address-space: allocate: ioctl allocate returned offset 0x3e3ffe000 size 0x2000
03-22 22:09:16.986 12379 12440 W Gralloc4: allocator 4.x is not supported
03-22 22:09:16.999 12379 12440 D HostConnection: HostComposition ext ANDROID_EMU_CHECKSUM_HELPER_v1 ANDROID_EMU_native_sync_v2 ANDROID_EMU_native_sync_v3 ANDROID_EMU_native_sync_v4 ANDROID_EMU_dma_v1 ANDROID_EMU_direct_mem ANDROID_EMU_host_composition_v1 ANDROID_EMU_host_composition_v2 ANDROID_EMU_YUV_Cache ANDROID_EMU_async_unmap_buffer ANDROID_EMU_has_shared_slots_host_memory_allocator ANDROID_EMU_sync_buffer_data GL_OES_EGL_image_external_essl3 GL_OES_vertex_array_object GL_KHR_texture_compression_astc_ldr ANDROID_EMU_host_side_tracing ANDROID_EMU_async_frame_commands ANDROID_EMU_gles_max_version_3_0 
03-22 22:09:17.236 12379 12409 I Detox   : Detox server connection details: url=ws://localhost:60897, sessionId=2652f14f-07f6-41f5-8918-d1284a36c92d
03-22 22:09:17.262 12379 12457 I DetoxDispatcher: Handling action '_init' (ID #0)...
03-22 22:09:17.263 12379 12457 I Detox   : Connecting to server...
03-22 22:09:17.263 12379 12457 I DetoxWSClient: At connectToServer
03-22 22:09:17.274 12379 12459 D DetoxWSClient: At onOpen
03-22 22:09:17.274 12379 12459 I DetoxWSClient: Sending out action 'login' (ID #0)
03-22 22:09:17.285 12379 12459 I Detox   : Connected to server!
03-22 22:09:17.285 12379 12459 D DetoxWSClient: Received action 'loginSuccess' (ID #0, params={"testerConnected":true,"appConnected":true})
03-22 22:09:17.289 12379 12459 D DetoxWSClient: Received action 'isReady' (ID #-1000, params={})
03-22 22:09:17.300 12379 12456 W unknown:ReactContext: initializeMessageQueueThreads() is called.
03-22 22:09:17.310 12379 12379 W unknown:ReactNative: Packager connection already open, nooping.
03-22 22:09:17.382 12379 12463 W unknown:ViewManagerPropertyUpdater: Could not find generated setter for class com.facebook.react.views.drawer.ReactDrawerLayoutManager
03-22 22:09:17.389 12379 12463 W unknown:ViewManagerPropertyUpdater: Could not find generated setter for class com.facebook.react.uimanager.LayoutShadowNode
03-22 22:09:17.393 12379 12463 W unknown:ViewManagerPropertyUpdater: Could not find generated setter for class com.facebook.react.views.scroll.ReactHorizontalScrollViewManager
03-22 22:09:17.397 12379 12463 W unknown:ViewManagerPropertyUpdater: Could not find generated setter for class com.facebook.react.views.scroll.ReactHorizontalScrollContainerViewManager
03-22 22:09:17.399 12379 12463 W unknown:ViewManagerPropertyUpdater: Could not find generated setter for class com.facebook.react.views.progressbar.ReactProgressBarViewManager
03-22 22:09:17.401 12379 12463 W unknown:ViewManagerPropertyUpdater: Could not find generated setter for class com.facebook.react.views.progressbar.ProgressBarShadowNode
03-22 22:09:17.405 12379 12463 W unknown:ViewManagerPropertyUpdater: Could not find generated setter for class com.facebook.react.views.scroll.ReactScrollViewManager
03-22 22:09:17.412 12379 12463 W unknown:ViewManagerPropertyUpdater: Could not find generated setter for class com.facebook.react.views.slider.ReactSliderManager
03-22 22:09:17.414 12379 12463 W unknown:ViewManagerPropertyUpdater: Could not find generated setter for class com.facebook.react.views.slider.ReactSliderManager$ReactSliderShadowNode
03-22 22:09:17.415 12379 12463 W unknown:ViewManagerPropertyUpdater: Could not find generated setter for class com.facebook.react.views.switchview.ReactSwitchManager
03-22 22:09:17.417 12379 12463 W unknown:ViewManagerPropertyUpdater: Could not find generated setter for class com.facebook.react.views.switchview.ReactSwitchManager$ReactSwitchShadowNode
03-22 22:09:17.418 12379 12463 W unknown:ViewManagerPropertyUpdater: Could not find generated setter for class com.facebook.react.views.swiperefresh.SwipeRefreshLayoutManager
03-22 22:09:17.420 12379 12463 W unknown:ViewManagerPropertyUpdater: Could not find generated setter for class com.facebook.react.views.text.frescosupport.FrescoBasedReactTextInlineImageViewManager
03-22 22:09:17.421 12379 12463 W unknown:ViewManagerPropertyUpdater: Could not find generated setter for class com.facebook.react.views.text.frescosupport.FrescoBasedReactTextInlineImageShadowNode
03-22 22:09:17.426 12379 12463 W unknown:ViewManagerPropertyUpdater: Could not find generated setter for class com.facebook.react.views.image.ReactImageManager
03-22 22:09:17.432 12379 12463 W unknown:ViewManagerPropertyUpdater: Could not find generated setter for class com.facebook.react.views.modal.ReactModalHostManager
03-22 22:09:17.433 12379 12463 W unknown:ViewManagerPropertyUpdater: Could not find generated setter for class com.facebook.react.views.modal.ModalHostShadowNode
03-22 22:09:17.435 12379 12463 W unknown:ViewManagerPropertyUpdater: Could not find generated setter for class com.facebook.react.views.text.ReactRawTextManager
03-22 22:09:17.435 12379 12463 W unknown:ViewManagerPropertyUpdater: Could not find generated setter for class com.facebook.react.views.text.ReactRawTextShadowNode
03-22 22:09:17.436 12379 12463 W unknown:ViewManagerPropertyUpdater: Could not find generated setter for class com.facebook.react.views.textinput.ReactTextInputManager
03-22 22:09:17.440 12379 12463 W unknown:ViewManagerPropertyUpdater: Could not find generated setter for class com.facebook.react.views.textinput.ReactTextInputShadowNode
03-22 22:09:17.445 12379 12463 W unknown:ViewManagerPropertyUpdater: Could not find generated setter for class com.facebook.react.views.text.ReactTextViewManager
03-22 22:09:17.447 12379 12463 W unknown:ViewManagerPropertyUpdater: Could not find generated setter for class com.facebook.react.views.text.ReactTextShadowNode
03-22 22:09:17.448 12379 12463 W unknown:ViewManagerPropertyUpdater: Could not find generated setter for class com.facebook.react.views.view.ReactViewManager
03-22 22:09:17.451 12379 12463 W unknown:ViewManagerPropertyUpdater: Could not find generated setter for class com.facebook.react.views.text.ReactVirtualTextViewManager
03-22 22:09:17.452 12379 12463 W unknown:ViewManagerPropertyUpdater: Could not find generated setter for class com.facebook.react.views.text.ReactVirtualTextShadowNode
03-22 22:09:17.452 12379 12463 W unknown:ViewManagerPropertyUpdater: Could not find generated setter for class com.facebook.react.views.unimplementedview.ReactUnimplementedViewManager
03-22 22:09:17.482 12379 12463 W unknown:ReactContext: initializeMessageQueueThreads() is called.
03-22 22:09:17.495 12379 12463 D SoLoader: About to load: libyoga.so
03-22 22:09:17.496 12379 12463 D SoLoader: libyoga.so not found on /data/data/com.detoxsample/lib-main
03-22 22:09:17.496 12379 12463 D SoLoader: libyoga.so found on /data/app/~~W3VLC17FgKb4rWeyW8iYJA==/com.detoxsample-NReqeD1b0lHAcD9FOfIGRA==/lib/x86_64
03-22 22:09:17.496 12379 12463 D SoLoader: Not resolving dependencies for libyoga.so
03-22 22:09:17.497 12379 12463 D SoLoader: Loaded: libyoga.so
03-22 22:09:17.520 12379 12379 I DetoxRNLoading: Got new RN-context async'ly through listener
03-22 22:09:17.522 12379 12457 I DetoxRNIdleRes: Setting up Espresso Idling Resources for React Native
03-22 22:09:17.549 12379 12457 D AsyncStorageIR: Checking whether a custom IR for Async-Storage is required... (legacy=false)
03-22 22:09:17.550 12379 12457 D DetoxRNHelpers: Native RN module resolution (class com.reactnativecommunity.asyncstorage.AsyncStorageModule): no such class
03-22 22:09:17.550 12379 12457 D AsyncStorageIR: Checking whether a custom IR for Async-Storage is required... (legacy=true)
03-22 22:09:17.551 12379 12462 D SoLoader: About to load: libreactnativeblob.so
03-22 22:09:17.551 12379 12462 D SoLoader: libreactnativeblob.so not found on /data/data/com.detoxsample/lib-main
03-22 22:09:17.552 12379 12462 D SoLoader: libreactnativeblob.so found on /data/app/~~W3VLC17FgKb4rWeyW8iYJA==/com.detoxsample-NReqeD1b0lHAcD9FOfIGRA==/lib/x86_64
03-22 22:09:17.552 12379 12462 D SoLoader: Not resolving dependencies for libreactnativeblob.so
03-22 22:09:17.555 12379 12462 D SoLoader: Loaded: libreactnativeblob.so
03-22 22:09:17.558 12379 12457 D AsyncStorageIR: IR for Async-Storage is required! (legacy=true)
03-22 22:09:17.565 12379 12379 D AsyncStorageIRLegacy: Async-storage is busy!
03-22 22:09:17.574 12379 12457 I DetoxDispatcher: Done with action '_init'
03-22 22:09:17.575 12379 12457 I DetoxDispatcher: Handling action 'isReady' (ID #-1000)...
03-22 22:09:17.585 12379 12379 W com.detoxsampl: Accessing hidden method Landroid/os/MessageQueue;->next()Landroid/os/Message; (unsupported, reflection, allowed)
03-22 22:09:17.586 12379 12379 W com.detoxsampl: Accessing hidden field Landroid/os/MessageQueue;->mMessages:Landroid/os/Message; (unsupported, reflection, allowed)
03-22 22:09:17.586 12379 12379 W com.detoxsampl: Accessing hidden method Landroid/os/Message;->recycleUnchecked()V (unsupported, reflection, allowed)
03-22 22:09:17.657 12379 12463 I flipper : flipper: FlipperClient::addPlugin Fresco
03-22 22:09:17.668 12379 12463 I WebViewFactory: Loading com.google.android.webview version 91.0.4472.114 (code 447211487)
03-22 22:09:17.750 12379 12463 W com.detoxsampl: Accessing hidden method Landroid/os/Trace;->isTagEnabled(J)Z (unsupported, reflection, allowed)
03-22 22:09:17.750 12379 12463 W com.detoxsampl: Accessing hidden method Landroid/os/Trace;->traceBegin(JLjava/lang/String;)V (unsupported, reflection, allowed)
03-22 22:09:17.750 12379 12463 W com.detoxsampl: Accessing hidden method Landroid/os/Trace;->traceEnd(J)V (unsupported, reflection, allowed)
03-22 22:09:17.750 12379 12463 W com.detoxsampl: Accessing hidden method Landroid/os/Trace;->asyncTraceBegin(JLjava/lang/String;I)V (unsupported, reflection, allowed)
03-22 22:09:17.750 12379 12463 W com.detoxsampl: Accessing hidden method Landroid/os/Trace;->asyncTraceEnd(JLjava/lang/String;I)V (unsupported, reflection, allowed)
03-22 22:09:17.779 12379 12463 I cr_LibraryLoader: Loaded native library version number "91.0.4472.114"
03-22 22:09:17.783 12379 12463 I cr_CachingUmaRecorder: Flushed 4 samples from 4 histograms.
03-22 22:09:17.799 12379 12462 I ReactNativeJS: Running "DetoxSample" with {"rootTag":1}
03-22 22:09:17.984 12379 12379 D CompatibilityChangeReporter: Compat change id reported: 171228096; UID 10202; state: ENABLED
03-22 22:09:17.986 12379 12379 W com.detoxsampl: Accessing hidden field Landroid/widget/ScrollView;->mScroller:Landroid/widget/OverScroller; (unsupported, reflection, allowed)
03-22 22:09:18.033 12379 12379 I Detox   : Wait is over: app is now idle!
03-22 22:09:18.034 12379 12457 I DetoxWSClient: Sending out action 'ready' (ID #-1000)
03-22 22:09:18.035 12379 12457 I DetoxDispatcher: Done with action 'isReady'
03-22 22:09:18.035 12379 12457 I DetoxDispatcher: Handling action 'loginSuccess' (ID #0)...
03-22 22:09:18.036 12379 12457 I DetoxDispatcher: Done with action 'loginSuccess'
03-22 22:09:18.036 12379 12457 I DetoxDispatcher: Handling action 'isReady' (ID #-1000)...
03-22 22:09:18.044 12379 12379 I Detox   : Wait is over: app is now idle!
03-22 22:09:18.050 12379 12457 I DetoxWSClient: Sending out action 'ready' (ID #-1000)
03-22 22:09:18.053 12379 12457 I DetoxDispatcher: Done with action 'isReady'
