--------- beginning of main
03-22 21:59:12.370 10840 10907 I DetoxWSClient: Sending out action 'invokeResult' (ID #1)
03-22 21:59:12.370 10840 10907 I DetoxDispatcher: Done with action 'invoke'
03-22 21:59:12.377 10840 10909 D DetoxWSClient: Received action 'invoke' (ID #2, params={"target":{"type":"Class","value":"com.wix.detox.espresso.DetoxAssertion"},"method":"assertMatcher","args":[{"type":"Invocation","value":{"target":{"type":"Class","value":"androidx.test.espresso.Espresso"},"method":"onView","args":[{"type":"Invocation","value":{"target":{"type":"Class","value":"com.wix.detox.espresso.DetoxMatcher"},"method":"matcherForText","args":["Razorpay Initialized"]}}]}},{"type":"Invocation","value":{"target":{"type":"Class","value":"com.wix.detox.espresso.DetoxMatcher"},"method":"matcherForSufficientlyVisible","args":[{"type":"Integer","value":75}]}}]})
03-22 21:59:12.378 10840 10907 I DetoxDispatcher: Handling action 'invoke' (ID #2)...
03-22 21:59:12.380 10840 10907 D Detox   : class com.wix.detox.espresso.DetoxMatcher, matcherForText, [Razorpay Initialized]
03-22 21:59:12.382 10840 10907 D Detox   : class androidx.test.espresso.Espresso, onView, [(an instance of android.widget.TextView and view.getText() with or without transformation to match: is "Razorpay Initialized" and view has effective visibility <VISIBLE>)]
03-22 21:59:12.382 10840 10907 D Detox   : class com.wix.detox.espresso.DetoxMatcher, matcherForSufficientlyVisible, [75]
03-22 21:59:12.383 10840 10907 D Detox   : class com.wix.detox.espresso.DetoxAssertion, assertMatcher, [androidx.test.espresso.ViewInteraction@7f526bf, (view has effective visibility <VISIBLE> and view.getGlobalVisibleRect() covers at least <75> percent of the view's area)]
03-22 21:59:12.389 10840 10840 I ViewInteraction: Checking 'MatchesViewAssertion(Detox){viewMatcher=(view has effective visibility <VISIBLE> and view.getGlobalVisibleRect() covers at least <75> percent of the view's area)}' assertion on view (an instance of android.widget.TextView and view.getText() with or without transformation to match: is "Razorpay Initialized" and view has effective visibility <VISIBLE>)
03-22 21:59:12.391 10840 10907 I DetoxWSClient: Sending out action 'invokeResult' (ID #2)
03-22 21:59:12.391 10840 10907 I DetoxDispatcher: Done with action 'invoke'
03-22 21:59:12.415 10840 10896 D EGL_emulation: app_time_stats: avg=74.76ms min=2.47ms max=754.34ms count=16
03-22 21:59:12.455 10840 10909 D DetoxWSClient: Received action 'invoke' (ID #3, params={"target":{"type":"Class","value":"com.wix.detox.espresso.EspressoDetox"},"method":"perform","args":[{"type":"Invocation","value":{"target":{"type":"Class","value":"androidx.test.espresso.Espresso"},"method":"onView","args":[{"type":"Invocation","value":{"target":{"type":"Class","value":"com.wix.detox.espresso.DetoxMatcher"},"method":"matcherForTestId","args":["cards"]}}]}},{"type":"Invocation","value":{"target":{"type":"Class","value":"com.wix.detox.espresso.DetoxViewActions"},"method":"click","args":[]}}]})
03-22 21:59:12.456 10840 10907 I DetoxDispatcher: Handling action 'invoke' (ID #3)...
03-22 21:59:12.456 10840 10907 D Detox   : class com.wix.detox.espresso.DetoxMatcher, matcherForTestId, [cards]
03-22 21:59:12.457 10840 10907 D Detox   : class androidx.test.espresso.Espresso, onView, [(view.getTag() is "cards" and view has effective visibility <VISIBLE>)]
03-22 21:59:12.457 10840 10907 D Detox   : class com.wix.detox.espresso.DetoxViewActions, click, []
03-22 21:59:12.457 10840 10907 D Detox   : class com.wix.detox.espresso.EspressoDetox, perform, [androidx.test.espresso.ViewInteraction@be9e18c, com.wix.detox.espresso.action.RNClickAction@395e0d5]
03-22 21:59:12.694 10840 10840 I ViewInteraction: Performing 'com.wix.detox.espresso.action.detoxsingletap@65f6fdb click' action on view (view.getTag() is "cards" and view has effective visibility <VISIBLE>)
03-22 21:59:12.746 10840 10840 I Detox   : UIManagerModule is busy
03-22 21:59:13.609 10840 10907 I DetoxWSClient: Sending out action 'invokeResult' (ID #3)
03-22 21:59:13.609 10840 10907 I DetoxDispatcher: Done with action 'invoke'
03-22 21:59:13.614 10840 10909 D DetoxWSClient: Received action 'invoke' (ID #4, params={"target":{"type":"Class","value":"com.wix.detox.espresso.EspressoDetox"},"method":"perform","args":[{"type":"Invocation","value":{"target":{"type":"Class","value":"androidx.test.espresso.Espresso"},"method":"onView","args":[{"type":"Invocation","value":{"target":{"type":"Class","value":"com.wix.detox.espresso.DetoxMatcher"},"method":"matcherForTestId","args":["cardNumber"]}}]}},{"type":"Invocation","value":{"target":{"type":"Class","value":"androidx.test.espresso.action.ViewActions"},"method":"replaceText","args":["4111111111111111"]}}]})
03-22 21:59:13.615 10840 10907 I DetoxDispatcher: Handling action 'invoke' (ID #4)...
03-22 21:59:13.615 10840 10907 D Detox   : class com.wix.detox.espresso.DetoxMatcher, matcherForTestId, [cardNumber]
03-22 21:59:13.615 10840 10907 D Detox   : class androidx.test.espresso.Espresso, onView, [(view.getTag() is "cardNumber" and view has effective visibility <VISIBLE>)]
03-22 21:59:13.615 10840 10907 D Detox   : class androidx.test.espresso.action.ViewActions, replaceText, [4111111111111111]
03-22 21:59:13.616 10840 10907 D Detox   : class com.wix.detox.espresso.EspressoDetox, perform, [androidx.test.espresso.ViewInteraction@c757736, androidx.test.espresso.action.ReplaceTextAction@21a6637]
03-22 21:59:13.621 10840 10840 I ViewInteraction: Performing 'replace text(4111111111111111)' action on view (view.getTag() is "cardNumber" and view has effective visibility <VISIBLE>)
03-22 21:59:13.633 10840 10907 I DetoxWSClient: Sending out action 'invokeResult' (ID #4)
03-22 21:59:13.635 10840 10907 I DetoxDispatcher: Done with action 'invoke'
03-22 21:59:13.641 10840 10909 D DetoxWSClient: Received action 'invoke' (ID #5, params={"target":{"type":"Class","value":"com.wix.detox.espresso.EspressoDetox"},"method":"perform","args":[{"type":"Invocation","value":{"target":{"type":"Class","value":"androidx.test.espresso.Espresso"},"method":"onView","args":[{"type":"Invocation","value":{"target":{"type":"Class","value":"com.wix.detox.espresso.DetoxMatcher"},"method":"matcherForText","args":["IS CARD VALID"]}}]}},{"type":"Invocation","value":{"target":{"type":"Class","value":"com.wix.detox.espresso.DetoxViewActions"},"method":"click","args":[]}}]})
03-22 21:59:13.642 10840 10907 I DetoxDispatcher: Handling action 'invoke' (ID #5)...
03-22 21:59:13.642 10840 10907 D Detox   : class com.wix.detox.espresso.DetoxMatcher, matcherForText, [IS CARD VALID]
03-22 21:59:13.642 10840 10907 D Detox   : class androidx.test.espresso.Espresso, onView, [(an instance of android.widget.TextView and view.getText() with or without transformation to match: is "IS CARD VALID" and view has effective visibility <VISIBLE>)]
03-22 21:59:13.643 10840 10907 D Detox   : class com.wix.detox.espresso.DetoxViewActions, click, []
03-22 21:59:13.643 10840 10907 D Detox   : class com.wix.detox.espresso.EspressoDetox, perform, [androidx.test.espresso.ViewInteraction@eb8370e, com.wix.detox.espresso.action.RNClickAction@809e52f]
03-22 21:59:13.648 10840 10840 D CompatibilityChangeReporter: Compat change id reported: 163400105; UID 10198; state: DISABLED
03-22 21:59:13.652 10840 10896 D EGL_emulation: app_time_stats: avg=34.06ms min=2.05ms max=407.14ms count=29
03-22 21:59:13.656 10840 10840 I AssistStructure: Flattened final assist data: 4240 bytes, containing 1 windows, 26 views
03-22 21:59:13.680 10840 10840 I Detox   : UIManagerModule is busy
03-22 21:59:13.705 10840 10840 I Detox   : UIManagerModule is busy
03-22 21:59:13.714 10840 10840 I ViewInteraction: Performing 'com.wix.detox.espresso.action.detoxsingletap@d2f11d4 click' action on view (an instance of android.widget.TextView and view.getText() with or without transformation to match: is "IS CARD VALID" and view has effective visibility <VISIBLE>)
03-22 21:59:13.780 10840 10910 I ReactNativeJS: true
03-22 21:59:13.816 10840 10840 I Detox   : UIManagerModule is busy
03-22 21:59:14.223 10840 10907 I DetoxWSClient: Sending out action 'invokeResult' (ID #5)
03-22 21:59:14.223 10840 10907 I DetoxDispatcher: Done with action 'invoke'
03-22 21:59:14.229 10840 10909 D DetoxWSClient: Received action 'invoke' (ID #6, params={"target":{"type":"Class","value":"com.wix.detox.espresso.DetoxAssertion"},"method":"assertMatcher","args":[{"type":"Invocation","value":{"target":{"type":"Class","value":"androidx.test.espresso.Espresso"},"method":"onView","args":[{"type":"Invocation","value":{"target":{"type":"Class","value":"com.wix.detox.espresso.DetoxMatcher"},"method":"matcherForText","args":["Card Validity : true"]}}]}},{"type":"Invocation","value":{"target":{"type":"Class","value":"com.wix.detox.espresso.DetoxMatcher"},"method":"matcherForSufficientlyVisible","args":[{"type":"Integer","value":75}]}}]})
03-22 21:59:14.230 10840 10907 I DetoxDispatcher: Handling action 'invoke' (ID #6)...
03-22 21:59:14.230 10840 10907 D Detox   : class com.wix.detox.espresso.DetoxMatcher, matcherForText, [Card Validity : true]
03-22 21:59:14.230 10840 10907 D Detox   : class androidx.test.espresso.Espresso, onView, [(an instance of android.widget.TextView and view.getText() with or without transformation to match: is "Card Validity : true" and view has effective visibility <VISIBLE>)]
03-22 21:59:14.231 10840 10907 D Detox   : class com.wix.detox.espresso.DetoxMatcher, matcherForSufficientlyVisible, [75]
03-22 21:59:14.231 10840 10907 D Detox   : class com.wix.detox.espresso.DetoxAssertion, assertMatcher, [androidx.test.espresso.ViewInteraction@1397679, (view has effective visibility <VISIBLE> and view.getGlobalVisibleRect() covers at least <75> percent of the view's area)]
03-22 21:59:14.237 10840 10840 I ViewInteraction: Checking 'MatchesViewAssertion(Detox){viewMatcher=(view has effective visibility <VISIBLE> and view.getGlobalVisibleRect() covers at least <75> percent of the view's area)}' assertion on view (an instance of android.widget.TextView and view.getText() with or without transformation to match: is "Card Validity : true" and view has effective visibility <VISIBLE>)
03-22 21:59:14.238 10840 10907 I DetoxWSClient: Sending out action 'invokeResult' (ID #6)
03-22 21:59:14.238 10840 10907 I DetoxDispatcher: Done with action 'invoke'
03-22 21:59:14.243 10840 10909 D DetoxWSClient: Received action 'invoke' (ID #7, params={"target":{"type":"Class","value":"com.wix.detox.espresso.EspressoDetox"},"method":"perform","args":[{"type":"Invocation","value":{"target":{"type":"Class","value":"androidx.test.espresso.Espresso"},"method":"onView","args":[{"type":"Invocation","value":{"target":{"type":"Class","value":"com.wix.detox.espresso.DetoxMatcher"},"method":"matcherForText","args":["GET CARD NETWORK"]}}]}},{"type":"Invocation","value":{"target":{"type":"Class","value":"com.wix.detox.espresso.DetoxViewActions"},"method":"click","args":[]}}]})
03-22 21:59:14.244 10840 10907 I DetoxDispatcher: Handling action 'invoke' (ID #7)...
03-22 21:59:14.244 10840 10907 D Detox   : class com.wix.detox.espresso.DetoxMatcher, matcherForText, [GET CARD NETWORK]
03-22 21:59:14.246 10840 10907 D Detox   : class androidx.test.espresso.Espresso, onView, [(an instance of android.widget.TextView and view.getText() with or without transformation to match: is "GET CARD NETWORK" and view has effective visibility <VISIBLE>)]
03-22 21:59:14.247 10840 10907 D Detox   : class com.wix.detox.espresso.DetoxViewActions, click, []
03-22 21:59:14.247 10840 10907 D Detox   : class com.wix.detox.espresso.EspressoDetox, perform, [androidx.test.espresso.ViewInteraction@2267fbe, com.wix.detox.espresso.action.RNClickAction@44781f]
03-22 21:59:14.253 10840 10840 I ViewInteraction: Performing 'com.wix.detox.espresso.action.detoxsingletap@bac76c click' action on view (an instance of android.widget.TextView and view.getText() with or without transformation to match: is "GET CARD NETWORK" and view has effective visibility <VISIBLE>)
03-22 21:59:14.303 10840 10910 I ReactNativeJS: visa
03-22 21:59:14.666 10840 10896 D EGL_emulation: app_time_stats: avg=16.61ms min=2.59ms max=81.92ms count=55
03-22 21:59:14.752 10840 10907 I DetoxWSClient: Sending out action 'invokeResult' (ID #7)
03-22 21:59:14.752 10840 10907 I DetoxDispatcher: Done with action 'invoke'
03-22 21:59:14.757 10840 10909 D DetoxWSClient: Received action 'invoke' (ID #8, params={"target":{"type":"Class","value":"com.wix.detox.espresso.DetoxAssertion"},"method":"assertMatcher","args":[{"type":"Invocation","value":{"target":{"type":"Class","value":"androidx.test.espresso.Espresso"},"method":"onView","args":[{"type":"Invocation","value":{"target":{"type":"Class","value":"com.wix.detox.espresso.DetoxMatcher"},"method":"matcherForText","args":["Card Network : visa"]}}]}},{"type":"Invocation","value":{"target":{"type":"Class","value":"com.wix.detox.espresso.DetoxMatcher"},"method":"matcherForSufficientlyVisible","args":[{"type":"Integer","value":75}]}}]})
03-22 21:59:14.758 10840 10907 I DetoxDispatcher: Handling action 'invoke' (ID #8)...
03-22 21:59:14.759 10840 10907 D Detox   : class com.wix.detox.espresso.DetoxMatcher, matcherForText, [Card Network : visa]
03-22 21:59:14.760 10840 10907 D Detox   : class androidx.test.espresso.Espresso, onView, [(an instance of android.widget.TextView and view.getText() with or without transformation to match: is "Card Network : visa" and view has effective visibility <VISIBLE>)]
03-22 21:59:14.760 10840 10907 D Detox   : class com.wix.detox.espresso.DetoxMatcher, matcherForSufficientlyVisible, [75]
03-22 21:59:14.760 10840 10907 D Detox   : class com.wix.detox.espresso.DetoxAssertion, assertMatcher, [androidx.test.espresso.ViewInteraction@660c896, (view has effective visibility <VISIBLE> and view.getGlobalVisibleRect() covers at least <75> percent of the view's area)]
03-22 21:59:14.766 10840 10840 I ViewInteraction: Checking 'MatchesViewAssertion(Detox){viewMatcher=(view has effective visibility <VISIBLE> and view.getGlobalVisibleRect() covers at least <75> percent of the view's area)}' assertion on view (an instance of android.widget.TextView and view.getText() with or without transformation to match: is "Card Network : visa" and view has effective visibility <VISIBLE>)
03-22 21:59:14.769 10840 10907 I DetoxWSClient: Sending out action 'invokeResult' (ID #8)
03-22 21:59:14.770 10840 10907 I DetoxDispatcher: Done with action 'invoke'
