--------- beginning of main
03-22 22:10:18.033 12891 12966 W unknown:ViewManagerPropertyUpdater: Could not find generated setter for class com.facebook.react.views.drawer.ReactDrawerLayoutManager
03-22 22:10:18.043 12891 12966 W unknown:ViewManagerPropertyUpdater: Could not find generated setter for class com.facebook.react.uimanager.LayoutShadowNode
03-22 22:10:18.047 12891 12966 W unknown:ViewManagerPropertyUpdater: Could not find generated setter for class com.facebook.react.views.scroll.ReactHorizontalScrollViewManager
03-22 22:10:18.053 12891 12966 W unknown:ViewManagerPropertyUpdater: Could not find generated setter for class com.facebook.react.views.scroll.ReactHorizontalScrollContainerViewManager
03-22 22:10:18.054 12891 12966 W unknown:ViewManagerPropertyUpdater: Could not find generated setter for class com.facebook.react.views.progressbar.ReactProgressBarViewManager
03-22 22:10:18.056 12891 12966 W unknown:ViewManagerPropertyUpdater: Could not find generated setter for class com.facebook.react.views.progressbar.ProgressBarShadowNode
03-22 22:10:18.060 12891 12966 W unknown:ViewManagerPropertyUpdater: Could not find generated setter for class com.facebook.react.views.scroll.ReactScrollViewManager
03-22 22:10:18.064 12891 12966 W unknown:ViewManagerPropertyUpdater: Could not find generated setter for class com.facebook.react.views.slider.ReactSliderManager
03-22 22:10:18.067 12891 12966 W unknown:ViewManagerPropertyUpdater: Could not find generated setter for class com.facebook.react.views.slider.ReactSliderManager$ReactSliderShadowNode
03-22 22:10:18.068 12891 12966 W unknown:ViewManagerPropertyUpdater: Could not find generated setter for class com.facebook.react.views.switchview.ReactSwitchManager
03-22 22:10:18.071 12891 12966 W unknown:ViewManagerPropertyUpdater: Could not find generated setter for class com.facebook.react.views.switchview.ReactSwitchManager$ReactSwitchShadowNode
03-22 22:10:18.072 12891 12966 W unknown:ViewManagerPropertyUpdater: Could not find generated setter for class com.facebook.react.views.swiperefresh.SwipeRefreshLayoutManager
03-22 22:10:18.074 12891 12966 W unknown:ViewManagerPropertyUpdater: Could not find generated setter for class com.facebook.react.views.text.frescosupport.FrescoBasedReactTextInlineImageViewManager
03-22 22:10:18.074 12891 12966 W unknown:ViewManagerPropertyUpdater: Could not find generated setter for class com.facebook.react.views.text.frescosupport.FrescoBasedReactTextInlineImageShadowNode
03-22 22:10:18.080 12891 12966 W unknown:ViewManagerPropertyUpdater: Could not find generated setter for class com.facebook.react.views.image.ReactImageManager
03-22 22:10:18.083 12891 12966 W unknown:ViewManagerPropertyUpdater: Could not find generated setter for class com.facebook.react.views.modal.ReactModalHostManager
03-22 22:10:18.085 12891 12966 W unknown:ViewManagerPropertyUpdater: Could not find generated setter for class com.facebook.react.views.modal.ModalHostShadowNode
03-22 22:10:18.086 12891 12966 W unknown:ViewManagerPropertyUpdater: Could not find generated setter for class com.facebook.react.views.text.ReactRawTextManager
03-22 22:10:18.088 12891 12966 W unknown:ViewManagerPropertyUpdater: Could not find generated setter for class com.facebook.react.views.text.ReactRawTextShadowNode
03-22 22:10:18.089 12891 12966 W unknown:ViewManagerPropertyUpdater: Could not find generated setter for class com.facebook.react.views.textinput.ReactTextInputManager
03-22 22:10:18.096 12891 12966 W unknown:ViewManagerPropertyUpdater: Could not find generated setter for class com.facebook.react.views.textinput.ReactTextInputShadowNode
03-22 22:10:18.100 12891 12966 W unknown:ViewManagerPropertyUpdater: Could not find generated setter for class com.facebook.react.views.text.ReactTextViewManager
03-22 22:10:18.103 12891 12966 W unknown:ViewManagerPropertyUpdater: Could not find generated setter for class com.facebook.react.views.text.ReactTextShadowNode
03-22 22:10:18.105 12891 12966 W unknown:ViewManagerPropertyUpdater: Could not find generated setter for class com.facebook.react.views.view.ReactViewManager
03-22 22:10:18.108 12891 12966 W unknown:ViewManagerPropertyUpdater: Could not find generated setter for class com.facebook.react.views.text.ReactVirtualTextViewManager
03-22 22:10:18.108 12891 12966 W unknown:ViewManagerPropertyUpdater: Could not find generated setter for class com.facebook.react.views.text.ReactVirtualTextShadowNode
03-22 22:10:18.111 12891 12966 W unknown:ViewManagerPropertyUpdater: Could not find generated setter for class com.facebook.react.views.unimplementedview.ReactUnimplementedViewManager
03-22 22:10:18.136 12891 12966 W unknown:ReactContext: initializeMessageQueueThreads() is called.
03-22 22:10:18.154 12891 12966 D SoLoader: About to load: libyoga.so
03-22 22:10:18.155 12891 12966 D SoLoader: libyoga.so not found on /data/data/com.detoxsample/lib-main
03-22 22:10:18.155 12891 12966 D SoLoader: libyoga.so found on /data/app/~~44Wcqmo9I4a0SlLEqb4rcw==/com.detoxsample--gJlBUJ94GVDpj6nDj1stg==/lib/x86_64
03-22 22:10:18.155 12891 12966 D SoLoader: Not resolving dependencies for libyoga.so
03-22 22:10:18.158 12891 12966 D SoLoader: Loaded: libyoga.so
03-22 22:10:18.182 12891 12891 I DetoxRNLoading: Got new RN-context async'ly through listener
03-22 22:10:18.185 12891 12960 I DetoxRNIdleRes: Setting up Espresso Idling Resources for React Native
03-22 22:10:18.199 12891 12965 D SoLoader: About to load: libreactnativeblob.so
03-22 22:10:18.199 12891 12965 D SoLoader: libreactnativeblob.so not found on /data/data/com.detoxsample/lib-main
03-22 22:10:18.199 12891 12965 D SoLoader: libreactnativeblob.so found on /data/app/~~44Wcqmo9I4a0SlLEqb4rcw==/com.detoxsample--gJlBUJ94GVDpj6nDj1stg==/lib/x86_64
03-22 22:10:18.200 12891 12965 D SoLoader: Not resolving dependencies for libreactnativeblob.so
03-22 22:10:18.201 12891 12965 D SoLoader: Loaded: libreactnativeblob.so
03-22 22:10:18.223 12891 12960 D AsyncStorageIR: Checking whether a custom IR for Async-Storage is required... (legacy=false)
03-22 22:10:18.224 12891 12960 D DetoxRNHelpers: Native RN module resolution (class com.reactnativecommunity.asyncstorage.AsyncStorageModule): no such class
03-22 22:10:18.224 12891 12960 D AsyncStorageIR: Checking whether a custom IR for Async-Storage is required... (legacy=true)
03-22 22:10:18.230 12891 12960 D AsyncStorageIR: IR for Async-Storage is required! (legacy=true)
03-22 22:10:18.234 12891 12891 D AsyncStorageIRLegacy: Async-storage is busy!
03-22 22:10:18.245 12891 12960 I DetoxDispatcher: Done with action '_init'
03-22 22:10:18.246 12891 12960 I DetoxDispatcher: Handling action 'isReady' (ID #-1000)...
03-22 22:10:18.254 12891 12891 W com.detoxsampl: Accessing hidden method Landroid/os/MessageQueue;->next()Landroid/os/Message; (unsupported, reflection, allowed)
03-22 22:10:18.255 12891 12891 W com.detoxsampl: Accessing hidden field Landroid/os/MessageQueue;->mMessages:Landroid/os/Message; (unsupported, reflection, allowed)
03-22 22:10:18.257 12891 12891 W com.detoxsampl: Accessing hidden method Landroid/os/Message;->recycleUnchecked()V (unsupported, reflection, allowed)
03-22 22:10:18.324 12891 12966 I flipper : flipper: FlipperClient::addPlugin Fresco
03-22 22:10:18.336 12891 12966 I WebViewFactory: Loading com.google.android.webview version 91.0.4472.114 (code 447211487)
03-22 22:10:18.387 12891 12966 W com.detoxsampl: Accessing hidden method Landroid/os/Trace;->isTagEnabled(J)Z (unsupported, reflection, allowed)
03-22 22:10:18.387 12891 12966 W com.detoxsampl: Accessing hidden method Landroid/os/Trace;->traceBegin(JLjava/lang/String;)V (unsupported, reflection, allowed)
03-22 22:10:18.387 12891 12966 W com.detoxsampl: Accessing hidden method Landroid/os/Trace;->traceEnd(J)V (unsupported, reflection, allowed)
03-22 22:10:18.387 12891 12966 W com.detoxsampl: Accessing hidden method Landroid/os/Trace;->asyncTraceBegin(JLjava/lang/String;I)V (unsupported, reflection, allowed)
03-22 22:10:18.387 12891 12966 W com.detoxsampl: Accessing hidden method Landroid/os/Trace;->asyncTraceEnd(JLjava/lang/String;I)V (unsupported, reflection, allowed)
03-22 22:10:18.433 12891 12966 I cr_LibraryLoader: Loaded native library version number "91.0.4472.114"
03-22 22:10:18.435 12891 12966 I cr_CachingUmaRecorder: Flushed 6 samples from 6 histograms.
03-22 22:10:18.462 12891 12965 I ReactNativeJS: Running "DetoxSample" with {"rootTag":1}
03-22 22:10:18.620 12891 12891 D CompatibilityChangeReporter: Compat change id reported: 171228096; UID 10204; state: ENABLED
03-22 22:10:18.623 12891 12891 W com.detoxsampl: Accessing hidden field Landroid/widget/ScrollView;->mScroller:Landroid/widget/OverScroller; (unsupported, reflection, allowed)
03-22 22:10:18.672 12891 12891 I Detox   : Wait is over: app is now idle!
03-22 22:10:18.675 12891 12960 I DetoxWSClient: Sending out action 'ready' (ID #-1000)
03-22 22:10:18.675 12891 12960 I DetoxDispatcher: Done with action 'isReady'
03-22 22:10:18.676 12891 12960 I DetoxDispatcher: Handling action 'loginSuccess' (ID #0)...
03-22 22:10:18.676 12891 12960 I DetoxDispatcher: Done with action 'loginSuccess'
03-22 22:10:18.676 12891 12960 I DetoxDispatcher: Handling action 'isReady' (ID #-1000)...
03-22 22:10:18.688 12891 12891 I Detox   : Wait is over: app is now idle!
03-22 22:10:18.688 12891 12960 I DetoxWSClient: Sending out action 'ready' (ID #-1000)
03-22 22:10:18.689 12891 12960 I DetoxDispatcher: Done with action 'isReady'
03-22 22:10:18.750 12891 12962 D DetoxWSClient: Received action 'invoke' (ID #1, params={"target":{"type":"Class","value":"com.wix.detox.espresso.EspressoDetox"},"method":"perform","args":[{"type":"Invocation","value":{"target":{"type":"Class","value":"androidx.test.espresso.Espresso"},"method":"onView","args":[{"type":"Invocation","value":{"target":{"type":"Class","value":"com.wix.detox.espresso.DetoxMatcher"},"method":"matcherForTestId","args":["initRazorpay"]}}]}},{"type":"Invocation","value":{"target":{"type":"Class","value":"com.wix.detox.espresso.DetoxViewActions"},"method":"click","args":[]}}]})
03-22 22:10:18.752 12891 12960 I DetoxDispatcher: Handling action 'invoke' (ID #1)...
03-22 22:10:18.773 12891 12960 D Detox   : class com.wix.detox.espresso.DetoxMatcher, matcherForTestId, [initRazorpay]
03-22 22:10:18.803 12891 12960 D Detox   : class androidx.test.espresso.Espresso, onView, [(view.getTag() is "initRazorpay" and view has effective visibility <VISIBLE>)]
03-22 22:10:18.804 12891 12960 D Detox   : class com.wix.detox.espresso.DetoxViewActions, click, []
03-22 22:10:18.807 12891 12960 W com.detoxsampl: Accessing hidden method Landroid/view/ViewConfiguration;->getDoubleTapMinTime()I (unsupported, reflection, allowed)
03-22 22:10:18.820 12891 12960 D Detox   : class com.wix.detox.espresso.EspressoDetox, perform, [androidx.test.espresso.ViewInteraction@ea1c27, com.wix.detox.espresso.action.RNClickAction@56c0ed4]
03-22 22:10:18.848 12891 12891 W com.detoxsampl: Accessing hidden method Landroid/view/WindowManagerGlobal;->getInstance()Landroid/view/WindowManagerGlobal; (unsupported, reflection, allowed)
03-22 22:10:18.848 12891 12891 W com.detoxsampl: Accessing hidden field Landroid/view/WindowManagerGlobal;->mViews:Ljava/util/ArrayList; (unsupported, reflection, allowed)
03-22 22:10:18.848 12891 12891 W com.detoxsampl: Accessing hidden field Landroid/view/WindowManagerGlobal;->mParams:Ljava/util/ArrayList; (unsupported, reflection, allowed)
03-22 22:10:18.869 12891 12891 I ViewInteraction: Performing 'com.wix.detox.espresso.action.detoxsingletap@841b372 click' action on view (view.getTag() is "initRazorpay" and view has effective visibility <VISIBLE>)
03-22 22:10:18.957 12891 12965 I ReactNativeJS: clicked
03-22 22:10:18.958 12891 12949 D EGL_emulation: app_time_stats: avg=298.53ms min=4.85ms max=806.18ms count=4
03-22 22:10:19.374 12891 12891 I Detox   : AnimatedModule is busy.
03-22 22:10:19.380 12891 12891 I Detox   : AnimatedModule is busy.
03-22 22:10:19.394 12891 12891 I Detox   : AnimatedModule is busy.
03-22 22:10:19.411 12891 12891 I Detox   : AnimatedModule is busy.
03-22 22:10:19.429 12891 12891 I Detox   : AnimatedModule is busy.
03-22 22:10:19.444 12891 12891 I Detox   : AnimatedModule is busy.
03-22 22:10:19.461 12891 12891 I Detox   : AnimatedModule is busy.
03-22 22:10:19.477 12891 12891 I Detox   : AnimatedModule is busy.
03-22 22:10:19.496 12891 12891 I Detox   : AnimatedModule is busy.
03-22 22:10:19.513 12891 12891 I Detox   : AnimatedModule is busy.
03-22 22:10:19.528 12891 12891 I Detox   : AnimatedModule is busy.
03-22 22:10:19.543 12891 12891 I Detox   : AnimatedModule is busy.
03-22 22:10:19.564 12891 12891 I Detox   : AnimatedModule is busy.
03-22 22:10:20.233 12891 12949 D EGL_emulation: app_time_stats: avg=79.54ms min=12.42ms max=650.39ms count=16
03-22 22:10:20.878 12891 12960 I DetoxWSClient: Sending out action 'invokeResult' (ID #1)
03-22 22:10:20.878 12891 12960 I DetoxDispatcher: Done with action 'invoke'
03-22 22:10:20.886 12891 12962 D DetoxWSClient: Received action 'invoke' (ID #2, params={"target":{"type":"Class","value":"com.wix.detox.espresso.DetoxAssertion"},"method":"assertMatcher","args":[{"type":"Invocation","value":{"target":{"type":"Class","value":"androidx.test.espresso.Espresso"},"method":"onView","args":[{"type":"Invocation","value":{"target":{"type":"Class","value":"com.wix.detox.espresso.DetoxMatcher"},"method":"matcherForText","args":["Razorpay Initialized"]}}]}},{"type":"Invocation","value":{"target":{"type":"Class","value":"com.wix.detox.espresso.DetoxMatcher"},"method":"matcherForSufficientlyVisible","args":[{"type":"Integer","value":75}]}}]})
03-22 22:10:20.886 12891 12960 I DetoxDispatcher: Handling action 'invoke' (ID #2)...
03-22 22:10:20.886 12891 12960 D Detox   : class com.wix.detox.espresso.DetoxMatcher, matcherForText, [Razorpay Initialized]
03-22 22:10:20.889 12891 12960 D Detox   : class androidx.test.espresso.Espresso, onView, [(an instance of android.widget.TextView and view.getText() with or without transformation to match: is "Razorpay Initialized" and view has effective visibility <VISIBLE>)]
03-22 22:10:20.889 12891 12960 D Detox   : class com.wix.detox.espresso.DetoxMatcher, matcherForSufficientlyVisible, [75]
03-22 22:10:20.890 12891 12960 D Detox   : class com.wix.detox.espresso.DetoxAssertion, assertMatcher, [androidx.test.espresso.ViewInteraction@be9e18c, (view has effective visibility <VISIBLE> and view.getGlobalVisibleRect() covers at least <75> percent of the view's area)]
03-22 22:10:20.896 12891 12891 I ViewInteraction: Checking 'MatchesViewAssertion(Detox){viewMatcher=(view has effective visibility <VISIBLE> and view.getGlobalVisibleRect() covers at least <75> percent of the view's area)}' assertion on view (an instance of android.widget.TextView and view.getText() with or without transformation to match: is "Razorpay Initialized" and view has effective visibility <VISIBLE>)
03-22 22:10:20.898 12891 12960 I DetoxWSClient: Sending out action 'invokeResult' (ID #2)
03-22 22:10:20.899 12891 12960 I DetoxDispatcher: Done with action 'invoke'
