--------- beginning of main
03-22 18:37:09.209 19144 19209 I DetoxWSClient: Sending out action 'invokeResult' (ID #7)
03-22 18:37:09.210 19144 19209 I DetoxDispatcher: Done with action 'invoke'
03-22 18:37:09.218 19144 19211 D DetoxWSClient: Received action 'invoke' (ID #8, params={"target":{"type":"Class","value":"com.wix.detox.espresso.DetoxAssertion"},"method":"assertMatcher","args":[{"type":"Invocation","value":{"target":{"type":"Class","value":"androidx.test.espresso.Espresso"},"method":"onView","args":[{"type":"Invocation","value":{"target":{"type":"Class","value":"com.wix.detox.espresso.DetoxMatcher"},"method":"matcherForText","args":["Card Network : visa"]}}]}},{"type":"Invocation","value":{"target":{"type":"Class","value":"com.wix.detox.espresso.DetoxMatcher"},"method":"matcherForSufficientlyVisible","args":[{"type":"Integer","value":75}]}}]})
03-22 18:37:09.219 19144 19209 I DetoxDispatcher: Handling action 'invoke' (ID #8)...
03-22 18:37:09.222 19144 19209 D Detox   : class com.wix.detox.espresso.DetoxMatcher, matcherForText, [Card Network : visa]
03-22 18:37:09.222 19144 19209 D Detox   : class androidx.test.espresso.Espresso, onView, [(an instance of android.widget.TextView and view.getText() with or without transformation to match: is "Card Network : visa" and view has effective visibility <VISIBLE>)]
03-22 18:37:09.224 19144 19209 D Detox   : class com.wix.detox.espresso.DetoxMatcher, matcherForSufficientlyVisible, [75]
03-22 18:37:09.225 19144 19209 D Detox   : class com.wix.detox.espresso.DetoxAssertion, assertMatcher, [androidx.test.espresso.ViewInteraction@12e7bb1, (view has effective visibility <VISIBLE> and view.getGlobalVisibleRect() covers at least <75> percent of the view's area)]
03-22 18:37:09.249 19144 19144 I ViewInteraction: Checking 'MatchesViewAssertion(Detox){viewMatcher=(view has effective visibility <VISIBLE> and view.getGlobalVisibleRect() covers at least <75> percent of the view's area)}' assertion on view (an instance of android.widget.TextView and view.getText() with or without transformation to match: is "Card Network : visa" and view has effective visibility <VISIBLE>)
03-22 18:37:09.252 19144 19209 I DetoxWSClient: Sending out action 'invokeResult' (ID #8)
03-22 18:37:09.253 19144 19209 I DetoxDispatcher: Done with action 'invoke'
03-22 18:37:09.301 19144 19197 D EGL_emulation: app_time_stats: avg=11.00ms min=2.01ms max=24.02ms count=61
03-22 18:37:09.337 19144 19211 D DetoxWSClient: Received action 'invoke' (ID #9, params={"target":{"type":"Class","value":"com.wix.detox.espresso.EspressoDetox"},"method":"perform","args":[{"type":"Invocation","value":{"target":{"type":"Class","value":"androidx.test.espresso.Espresso"},"method":"onView","args":[{"type":"Invocation","value":{"target":{"type":"Class","value":"com.wix.detox.espresso.DetoxMatcher"},"method":"matcherForTestId","args":["cardNumber"]}}]}},{"type":"Invocation","value":{"target":{"type":"Class","value":"androidx.test.espresso.action.ViewActions"},"method":"replaceText","args":["9000000000000000"]}}]})
03-22 18:37:09.338 19144 19209 I DetoxDispatcher: Handling action 'invoke' (ID #9)...
03-22 18:37:09.339 19144 19209 D Detox   : class com.wix.detox.espresso.DetoxMatcher, matcherForTestId, [cardNumber]
03-22 18:37:09.339 19144 19209 D Detox   : class androidx.test.espresso.Espresso, onView, [(view.getTag() is "cardNumber" and view has effective visibility <VISIBLE>)]
03-22 18:37:09.340 19144 19209 D Detox   : class androidx.test.espresso.action.ViewActions, replaceText, [9000000000000000]
03-22 18:37:09.340 19144 19209 D Detox   : class com.wix.detox.espresso.EspressoDetox, perform, [androidx.test.espresso.ViewInteraction@660c896, androidx.test.espresso.action.ReplaceTextAction@e574c17]
03-22 18:37:09.356 19144 19144 I ViewInteraction: Performing 'replace text(9000000000000000)' action on view (view.getTag() is "cardNumber" and view has effective visibility <VISIBLE>)
03-22 18:37:09.364 19144 19209 I DetoxWSClient: Sending out action 'invokeResult' (ID #9)
03-22 18:37:09.366 19144 19209 I DetoxDispatcher: Done with action 'invoke'
03-22 18:37:09.376 19144 19211 D DetoxWSClient: Received action 'invoke' (ID #10, params={"target":{"type":"Class","value":"com.wix.detox.espresso.EspressoDetox"},"method":"perform","args":[{"type":"Invocation","value":{"target":{"type":"Class","value":"androidx.test.espresso.Espresso"},"method":"onView","args":[{"type":"Invocation","value":{"target":{"type":"Class","value":"com.wix.detox.espresso.DetoxMatcher"},"method":"matcherForText","args":["IS CARD VALID"]}}]}},{"type":"Invocation","value":{"target":{"type":"Class","value":"com.wix.detox.espresso.DetoxViewActions"},"method":"click","args":[]}}]})
03-22 18:37:09.377 19144 19209 I DetoxDispatcher: Handling action 'invoke' (ID #10)...
03-22 18:37:09.378 19144 19209 D Detox   : class com.wix.detox.espresso.DetoxMatcher, matcherForText, [IS CARD VALID]
03-22 18:37:09.379 19144 19209 D Detox   : class androidx.test.espresso.Espresso, onView, [(an instance of android.widget.TextView and view.getText() with or without transformation to match: is "IS CARD VALID" and view has effective visibility <VISIBLE>)]
03-22 18:37:09.379 19144 19209 D Detox   : class com.wix.detox.espresso.DetoxViewActions, click, []
03-22 18:37:09.380 19144 19209 D Detox   : class com.wix.detox.espresso.EspressoDetox, perform, [androidx.test.espresso.ViewInteraction@dd8d822, com.wix.detox.espresso.action.RNClickAction@37a92b3]
03-22 18:37:09.473 19144 19144 I Detox   : UIManagerModule is busy
03-22 18:37:09.488 19144 19144 I Detox   : UIManagerModule is busy
03-22 18:37:09.506 19144 19144 I ViewInteraction: Performing 'com.wix.detox.espresso.action.detoxsingletap@a81a70f click' action on view (an instance of android.widget.TextView and view.getText() with or without transformation to match: is "IS CARD VALID" and view has effective visibility <VISIBLE>)
03-22 18:37:09.572 19144 19214 I ReactNativeJS: false
03-22 18:37:10.024 19144 19209 I DetoxWSClient: Sending out action 'invokeResult' (ID #10)
03-22 18:37:10.024 19144 19209 I DetoxDispatcher: Done with action 'invoke'
03-22 18:37:10.030 19144 19211 D DetoxWSClient: Received action 'invoke' (ID #11, params={"target":{"type":"Class","value":"com.wix.detox.espresso.DetoxAssertion"},"method":"assertMatcher","args":[{"type":"Invocation","value":{"target":{"type":"Class","value":"androidx.test.espresso.Espresso"},"method":"onView","args":[{"type":"Invocation","value":{"target":{"type":"Class","value":"com.wix.detox.espresso.DetoxMatcher"},"method":"matcherForText","args":["Card Validity : false"]}}]}},{"type":"Invocation","value":{"target":{"type":"Class","value":"com.wix.detox.espresso.DetoxMatcher"},"method":"matcherForSufficientlyVisible","args":[{"type":"Integer","value":75}]}}]})
03-22 18:37:10.032 19144 19209 I DetoxDispatcher: Handling action 'invoke' (ID #11)...
03-22 18:37:10.032 19144 19209 D Detox   : class com.wix.detox.espresso.DetoxMatcher, matcherForText, [Card Validity : false]
03-22 18:37:10.032 19144 19209 D Detox   : class androidx.test.espresso.Espresso, onView, [(an instance of android.widget.TextView and view.getText() with or without transformation to match: is "Card Validity : false" and view has effective visibility <VISIBLE>)]
03-22 18:37:10.033 19144 19209 D Detox   : class com.wix.detox.espresso.DetoxMatcher, matcherForSufficientlyVisible, [75]
03-22 18:37:10.033 19144 19209 D Detox   : class com.wix.detox.espresso.DetoxAssertion, assertMatcher, [androidx.test.espresso.ViewInteraction@7e4b321, (view has effective visibility <VISIBLE> and view.getGlobalVisibleRect() covers at least <75> percent of the view's area)]
03-22 18:37:10.037 19144 19144 I ViewInteraction: Checking 'MatchesViewAssertion(Detox){viewMatcher=(view has effective visibility <VISIBLE> and view.getGlobalVisibleRect() covers at least <75> percent of the view's area)}' assertion on view (an instance of android.widget.TextView and view.getText() with or without transformation to match: is "Card Validity : false" and view has effective visibility <VISIBLE>)
03-22 18:37:10.039 19144 19209 I DetoxWSClient: Sending out action 'invokeResult' (ID #11)
03-22 18:37:10.040 19144 19209 I DetoxDispatcher: Done with action 'invoke'
03-22 18:37:10.046 19144 19211 D DetoxWSClient: Received action 'invoke' (ID #12, params={"target":{"type":"Class","value":"com.wix.detox.espresso.EspressoDetox"},"method":"perform","args":[{"type":"Invocation","value":{"target":{"type":"Class","value":"androidx.test.espresso.Espresso"},"method":"onView","args":[{"type":"Invocation","value":{"target":{"type":"Class","value":"com.wix.detox.espresso.DetoxMatcher"},"method":"matcherForText","args":["GET CARD NETWORK"]}}]}},{"type":"Invocation","value":{"target":{"type":"Class","value":"com.wix.detox.espresso.DetoxViewActions"},"method":"click","args":[]}}]})
03-22 18:37:10.046 19144 19209 I DetoxDispatcher: Handling action 'invoke' (ID #12)...
03-22 18:37:10.047 19144 19209 D Detox   : class com.wix.detox.espresso.DetoxMatcher, matcherForText, [GET CARD NETWORK]
03-22 18:37:10.047 19144 19209 D Detox   : class androidx.test.espresso.Espresso, onView, [(an instance of android.widget.TextView and view.getText() with or without transformation to match: is "GET CARD NETWORK" and view has effective visibility <VISIBLE>)]
03-22 18:37:10.048 19144 19209 D Detox   : class com.wix.detox.espresso.DetoxViewActions, click, []
03-22 18:37:10.048 19144 19209 D Detox   : class com.wix.detox.espresso.EspressoDetox, perform, [androidx.test.espresso.ViewInteraction@77a8346, com.wix.detox.espresso.action.RNClickAction@14d6907]
03-22 18:37:10.053 19144 19144 I ViewInteraction: Performing 'com.wix.detox.espresso.action.detoxsingletap@6600a34 click' action on view (an instance of android.widget.TextView and view.getText() with or without transformation to match: is "GET CARD NETWORK" and view has effective visibility <VISIBLE>)
03-22 18:37:10.099 19144 19214 I ReactNativeJS: unknown
03-22 18:37:10.316 19144 19197 D EGL_emulation: app_time_stats: avg=8.66ms min=2.31ms max=23.27ms count=60
03-22 18:37:10.507 19144 19209 I DetoxWSClient: Sending out action 'invokeResult' (ID #12)
03-22 18:37:10.507 19144 19209 I DetoxDispatcher: Done with action 'invoke'
03-22 18:37:10.512 19144 19211 D DetoxWSClient: Received action 'invoke' (ID #13, params={"target":{"type":"Class","value":"com.wix.detox.espresso.DetoxAssertion"},"method":"assertMatcher","args":[{"type":"Invocation","value":{"target":{"type":"Class","value":"androidx.test.espresso.Espresso"},"method":"onView","args":[{"type":"Invocation","value":{"target":{"type":"Class","value":"com.wix.detox.espresso.DetoxMatcher"},"method":"matcherForText","args":["Card Network : unknown"]}}]}},{"type":"Invocation","value":{"target":{"type":"Class","value":"com.wix.detox.espresso.DetoxMatcher"},"method":"matcherForSufficientlyVisible","args":[{"type":"Integer","value":75}]}}]})
03-22 18:37:10.513 19144 19209 I DetoxDispatcher: Handling action 'invoke' (ID #13)...
03-22 18:37:10.513 19144 19209 D Detox   : class com.wix.detox.espresso.DetoxMatcher, matcherForText, [Card Network : unknown]
03-22 18:37:10.513 19144 19209 D Detox   : class androidx.test.espresso.Espresso, onView, [(an instance of android.widget.TextView and view.getText() with or without transformation to match: is "Card Network : unknown" and view has effective visibility <VISIBLE>)]
03-22 18:37:10.514 19144 19209 D Detox   : class com.wix.detox.espresso.DetoxMatcher, matcherForSufficientlyVisible, [75]
03-22 18:37:10.515 19144 19209 D Detox   : class com.wix.detox.espresso.DetoxAssertion, assertMatcher, [androidx.test.espresso.ViewInteraction@c1fa559, (view has effective visibility <VISIBLE> and view.getGlobalVisibleRect() covers at least <75> percent of the view's area)]
03-22 18:37:10.520 19144 19144 I ViewInteraction: Checking 'MatchesViewAssertion(Detox){viewMatcher=(view has effective visibility <VISIBLE> and view.getGlobalVisibleRect() covers at least <75> percent of the view's area)}' assertion on view (an instance of android.widget.TextView and view.getText() with or without transformation to match: is "Card Network : unknown" and view has effective visibility <VISIBLE>)
03-22 18:37:10.522 19144 19209 I DetoxWSClient: Sending out action 'invokeResult' (ID #13)
03-22 18:37:10.522 19144 19209 I DetoxDispatcher: Done with action 'invoke'
