--------- beginning of main
03-22 01:05:24.999 13066 13066 I com.detoxsampl: Late-enabling -Xcheck:jni
03-22 01:05:25.024 13066 13066 I com.detoxsampl: Unquickening 19 vdex files!
--------- beginning of system
03-22 01:05:25.103 13066 13066 W ActivityThread: Package uses different ABI(s) than its instrumentation: package[com.detoxsample]: arm64-v8a, null instrumentation[com.detoxsample.test]: null, null
03-22 01:05:25.105 13066 13066 I Typeface: Current DefaultTypeface ( lgtravel )
03-22 01:05:25.109 13066 13066 I com.detoxsampl: The ClassLoaderContext is a special shared library.
03-22 01:05:25.124 13066 13066 I chatty  : uid=10490(com.detoxsample) identical 2 lines
03-22 01:05:25.128 13066 13066 I com.detoxsampl: The ClassLoaderContext is a special shared library.
03-22 01:05:25.311 13066 13066 D ApplicationLoaders: Returning zygote-cached class loader: /system/framework/android.test.base.jar
03-22 01:05:25.311 13066 13066 D ApplicationLoaders: Returning zygote-cached class loader: /system/framework/android.test.base.jar
03-22 01:05:25.312 13066 13066 I com.detoxsampl: The ClassLoaderContext is a special shared library.
03-22 01:05:25.314 13066 13066 D ApplicationLoaders: Returning zygote-cached class loader: /system/framework/android.test.base.jar
03-22 01:05:25.314 13066 13066 D ApplicationLoaders: Returning zygote-cached class loader: /system/framework/android.test.base.jar
03-22 01:05:25.315 13066 13066 I com.detoxsampl: The ClassLoaderContext is a special shared library.
03-22 01:05:25.322 13066 13066 I chatty  : uid=10490(com.detoxsample) identical 2 lines
03-22 01:05:25.322 13066 13066 I com.detoxsampl: The ClassLoaderContext is a special shared library.
03-22 01:05:25.475 13066 13066 W com.detoxsampl: Accessing hidden method Landroid/app/Instrumentation;->execStartActivity(Landroid/content/Context;Landroid/os/IBinder;Landroid/os/IBinder;Landroid/app/Activity;Landroid/content/Intent;ILandroid/os/Bundle;)Landroid/app/Instrumentation$ActivityResult; (greylist, linking, allowed)
03-22 01:05:25.475 13066 13066 W com.detoxsampl: Accessing hidden method Landroid/app/Instrumentation;->execStartActivity(Landroid/content/Context;Landroid/os/IBinder;Landroid/os/IBinder;Ljava/lang/String;Landroid/content/Intent;ILandroid/os/Bundle;)Landroid/app/Instrumentation$ActivityResult; (greylist, linking, allowed)
03-22 01:05:25.485 13066 13066 D NetworkSecurityConfig: Using Network Security Config from resource network_security_config debugBuild: true
03-22 01:05:25.488 13066 13066 D NetworkSecurityConfig: Using Network Security Config from resource network_security_config debugBuild: true
03-22 01:05:25.490 13066 13066 I MonitoringInstr: Instrumentation started!
03-22 01:05:25.506 13066 13066 V TestEventClient: No service name argument was given (testDiscoveryService, testRunEventService or orchestratorService)
03-22 01:05:25.513 13066 13066 D SoLoader: init start
03-22 01:05:25.513 13066 13066 D SoLoader: adding system library source: /vendor/lib64
03-22 01:05:25.514 13066 13066 D SoLoader: adding system library source: /system/lib64
03-22 01:05:25.514 13066 13066 D SoLoader: adding application source: com.facebook.soloader.DirectorySoSource[root = /data/app/~~jjYRCJZb4anyRR5w33jp0A==/com.detoxsample-sfWMiRVk_WbqllV3ITkwTg==/lib/arm64 flags = 0]
03-22 01:05:25.515 13066 13066 D SoLoader: adding backup source from : com.facebook.soloader.ApkSoSource[root = /data/data/com.detoxsample/lib-main flags = 1]
03-22 01:05:25.515 13066 13066 D SoLoader: Preparing SO source: com.facebook.soloader.DirectorySoSource[root = /system/lib64 flags = 2]
03-22 01:05:25.515 13066 13066 D SoLoader: Preparing SO source: com.facebook.soloader.DirectorySoSource[root = /vendor/lib64 flags = 2]
03-22 01:05:25.515 13066 13066 D SoLoader: Preparing SO source: com.facebook.soloader.DirectorySoSource[root = /data/app/~~jjYRCJZb4anyRR5w33jp0A==/com.detoxsample-sfWMiRVk_WbqllV3ITkwTg==/lib/arm64 flags = 0]
03-22 01:05:25.515 13066 13066 D SoLoader: Preparing SO source: com.facebook.soloader.ApkSoSource[root = /data/data/com.detoxsample/lib-main flags = 1]
03-22 01:05:25.516 13066 13066 V fb-UnpackingSoSource: locked dso store /data/user/0/com.detoxsample/lib-main
03-22 01:05:25.522 13066 13066 V fb-UnpackingSoSource: deps mismatch on deps store: regenerating
03-22 01:05:25.522 13066 13066 V fb-UnpackingSoSource: so store dirty: regenerating
03-22 01:05:25.560 13066 13066 D ApkSoSource: not allowing consideration of lib/arm64-v8a/libbetter.so: deferring to libdir
03-22 01:05:25.561 13066 13066 D ApkSoSource: not allowing consideration of lib/arm64-v8a/libc++_shared.so: deferring to libdir
03-22 01:05:25.561 13066 13066 D ApkSoSource: not allowing consideration of lib/arm64-v8a/libevent-2.1.so: deferring to libdir
03-22 01:05:25.561 13066 13066 D ApkSoSource: not allowing consideration of lib/arm64-v8a/libevent_core-2.1.so: deferring to libdir
03-22 01:05:25.561 13066 13066 D ApkSoSource: not allowing consideration of lib/arm64-v8a/libevent_extra-2.1.so: deferring to libdir
03-22 01:05:25.561 13066 13066 D ApkSoSource: not allowing consideration of lib/arm64-v8a/libfabricjni.so: deferring to libdir
03-22 01:05:25.561 13066 13066 D ApkSoSource: not allowing consideration of lib/arm64-v8a/libfb.so: deferring to libdir
03-22 01:05:25.561 13066 13066 D ApkSoSource: not allowing consideration of lib/arm64-v8a/libfbjni.so: deferring to libdir
03-22 01:05:25.561 13066 13066 D ApkSoSource: not allowing consideration of lib/arm64-v8a/libflipper.so: deferring to libdir
03-22 01:05:25.561 13066 13066 D ApkSoSource: not allowing consideration of lib/arm64-v8a/libfolly_futures.so: deferring to libdir
03-22 01:05:25.561 13066 13066 D ApkSoSource: not allowing consideration of lib/arm64-v8a/libfolly_json.so: deferring to libdir
03-22 01:05:25.561 13066 13066 D ApkSoSource: not allowing consideration of lib/arm64-v8a/libglog.so: deferring to libdir
03-22 01:05:25.561 13066 13066 D ApkSoSource: not allowing consideration of lib/arm64-v8a/libglog_init.so: deferring to libdir
03-22 01:05:25.561 13066 13066 D ApkSoSource: not allowing consideration of lib/arm64-v8a/libimagepipeline.so: deferring to libdir
03-22 01:05:25.561 13066 13066 D ApkSoSource: not allowing consideration of lib/arm64-v8a/libjsc.so: deferring to libdir
03-22 01:05:25.561 13066 13066 D ApkSoSource: not allowing consideration of lib/arm64-v8a/libjscexecutor.so: deferring to libdir
03-22 01:05:25.561 13066 13066 D ApkSoSource: not allowing consideration of lib/arm64-v8a/libjsi.so: deferring to libdir
03-22 01:05:25.561 13066 13066 D ApkSoSource: not allowing consideration of lib/arm64-v8a/libjsijniprofiler.so: deferring to libdir
03-22 01:05:25.561 13066 13066 D ApkSoSource: not allowing consideration of lib/arm64-v8a/libjsinspector.so: deferring to libdir
03-22 01:05:25.561 13066 13066 D ApkSoSource: not allowing consideration of lib/arm64-v8a/liblogger.so: deferring to libdir
03-22 01:05:25.561 13066 13066 D ApkSoSource: not allowing consideration of lib/arm64-v8a/libmapbufferjni.so: deferring to libdir
03-22 01:05:25.561 13066 13066 D ApkSoSource: not allowing consideration of lib/arm64-v8a/libnative-filters.so: deferring to libdir
03-22 01:05:25.561 13066 13066 D ApkSoSource: not allowing consideration of lib/arm64-v8a/libnative-imagetranscoder.so: deferring to libdir
03-22 01:05:25.562 13066 13066 D ApkSoSource: not allowing consideration of lib/arm64-v8a/libreact_codegen_rncore.so: deferring to libdir
03-22 01:05:25.562 13066 13066 D ApkSoSource: not allowing consideration of lib/arm64-v8a/libreact_debug.so: deferring to libdir
03-22 01:05:25.562 13066 13066 D ApkSoSource: not allowing consideration of lib/arm64-v8a/libreact_nativemodule_core.so: deferring to libdir
03-22 01:05:25.562 13066 13066 D ApkSoSource: not allowing consideration of lib/arm64-v8a/libreact_render_animations.so: deferring to libdir
03-22 01:05:25.562 13066 13066 D ApkSoSource: not allowing consideration of lib/arm64-v8a/libreact_render_attributedstring.so: deferring to libdir
03-22 01:05:25.562 13066 13066 D ApkSoSource: not allowing consideration of lib/arm64-v8a/libreact_render_componentregistry.so: deferring to libdir
03-22 01:05:25.562 13066 13066 D ApkSoSource: not allowing consideration of lib/arm64-v8a/libreact_render_core.so: deferring to libdir
03-22 01:05:25.562 13066 13066 D ApkSoSource: not allowing consideration of lib/arm64-v8a/libreact_render_debug.so: deferring to libdir
03-22 01:05:25.562 13066 13066 D ApkSoSource: not allowing consideration of lib/arm64-v8a/libreact_render_graphics.so: deferring to libdir
03-22 01:05:25.562 13066 13066 D ApkSoSource: not allowing consideration of lib/arm64-v8a/libreact_render_imagemanager.so: deferring to libdir
03-22 01:05:25.562 13066 13066 D ApkSoSource: not allowing consideration of lib/arm64-v8a/libreact_render_leakchecker.so: deferring to libdir
03-22 01:05:25.562 13066 13066 D ApkSoSource: not allowing consideration of lib/arm64-v8a/libreact_render_mapbuffer.so: deferring to libdir
03-22 01:05:25.562 13066 13066 D ApkSoSource: not allowing consideration of lib/arm64-v8a/libreact_render_mounting.so: deferring to libdir
03-22 01:05:25.562 13066 13066 D ApkSoSource: not allowing consideration of lib/arm64-v8a/libreact_render_runtimescheduler.so: deferring to libdir
03-22 01:05:25.562 13066 13066 D ApkSoSource: not allowing consideration of lib/arm64-v8a/libreact_render_scheduler.so: deferring to libdir
03-22 01:05:25.562 13066 13066 D ApkSoSource: not allowing consideration of lib/arm64-v8a/libreact_render_telemetry.so: deferring to libdir
03-22 01:05:25.562 13066 13066 D ApkSoSource: not allowing consideration of lib/arm64-v8a/libreact_render_templateprocessor.so: deferring to libdir
03-22 01:05:25.562 13066 13066 D ApkSoSource: not allowing consideration of lib/arm64-v8a/libreact_render_textlayoutmanager.so: deferring to libdir
03-22 01:05:25.562 13066 13066 D ApkSoSource: not allowing consideration of lib/arm64-v8a/libreact_render_uimanager.so: deferring to libdir
03-22 01:05:25.562 13066 13066 D ApkSoSource: not allowing consideration of lib/arm64-v8a/libreact_utils.so: deferring to libdir
03-22 01:05:25.562 13066 13066 D ApkSoSource: not allowing consideration of lib/arm64-v8a/libreactconfig.so: deferring to libdir
03-22 01:05:25.562 13066 13066 D ApkSoSource: not allowing consideration of lib/arm64-v8a/libreactnativeblob.so: deferring to libdir
03-22 01:05:25.562 13066 13066 D ApkSoSource: not allowing consideration of lib/arm64-v8a/libreactnativejni.so: deferring to libdir
03-22 01:05:25.562 13066 13066 D ApkSoSource: not allowing consideration of lib/arm64-v8a/libreactnativeutilsjni.so: deferring to libdir
03-22 01:05:25.562 13066 13066 D ApkSoSource: not allowing consideration of lib/arm64-v8a/libreactperfloggerjni.so: deferring to libdir
03-22 01:05:25.563 13066 13066 D ApkSoSource: not allowing consideration of lib/arm64-v8a/librrc_image.so: deferring to libdir
03-22 01:05:25.563 13066 13066 D ApkSoSource: not allowing consideration of lib/arm64-v8a/librrc_modal.so: deferring to libdir
03-22 01:05:25.563 13066 13066 D ApkSoSource: not allowing consideration of lib/arm64-v8a/librrc_progressbar.so: deferring to libdir
03-22 01:05:25.563 13066 13066 D ApkSoSource: not allowing consideration of lib/arm64-v8a/librrc_root.so: deferring to libdir
03-22 01:05:25.563 13066 13066 D ApkSoSource: not allowing consideration of lib/arm64-v8a/librrc_scrollview.so: deferring to libdir
03-22 01:05:25.563 13066 13066 D ApkSoSource: not allowing consideration of lib/arm64-v8a/librrc_slider.so: deferring to libdir
03-22 01:05:25.563 13066 13066 D ApkSoSource: not allowing consideration of lib/arm64-v8a/librrc_switch.so: deferring to libdir
03-22 01:05:25.563 13066 13066 D ApkSoSource: not allowing consideration of lib/arm64-v8a/librrc_text.so: deferring to libdir
03-22 01:05:25.563 13066 13066 D ApkSoSource: not allowing consideration of lib/arm64-v8a/librrc_textinput.so: deferring to libdir
03-22 01:05:25.563 13066 13066 D ApkSoSource: not allowing consideration of lib/arm64-v8a/librrc_unimplementedview.so: deferring to libdir
03-22 01:05:25.563 13066 13066 D ApkSoSource: not allowing consideration of lib/arm64-v8a/librrc_view.so: deferring to libdir
03-22 01:05:25.563 13066 13066 D ApkSoSource: not allowing consideration of lib/arm64-v8a/libturbomodulejsijni.so: deferring to libdir
03-22 01:05:25.563 13066 13066 D ApkSoSource: not allowing consideration of lib/arm64-v8a/libyoga.so: deferring to libdir
03-22 01:05:25.563 13066 13066 V fb-UnpackingSoSource: regenerating DSO store com.facebook.soloader.ApkSoSource
03-22 01:05:25.563 13066 13066 V fb-UnpackingSoSource: Finished regenerating DSO store com.facebook.soloader.ApkSoSource
03-22 01:05:25.564 13066 13066 V fb-UnpackingSoSource: starting syncer worker
03-22 01:05:25.569 13066 13066 V fb-UnpackingSoSource: releasing dso store lock for /data/user/0/com.detoxsample/lib-main (from syncer thread)
03-22 01:05:25.570 13066 13066 V fb-UnpackingSoSource: not releasing dso store lock for /data/user/0/com.detoxsample/lib-main (syncer thread started)
03-22 01:05:25.570 13066 13066 D SoLoader: init finish: 4 SO sources prepared
03-22 01:05:25.570 13066 13066 D SoLoader: init exiting
03-22 01:05:25.579 13066 13066 D SoLoader: init exiting
03-22 01:05:25.579 13066 13066 D SoLoader: About to load: libjscexecutor.so
03-22 01:05:25.580 13066 13066 D SoLoader: libjscexecutor.so not found on /data/data/com.detoxsample/lib-main
03-22 01:05:25.580 13066 13066 D SoLoader: libjscexecutor.so found on /data/app/~~jjYRCJZb4anyRR5w33jp0A==/com.detoxsample-sfWMiRVk_WbqllV3ITkwTg==/lib/arm64
03-22 01:05:25.580 13066 13066 D SoLoader: Not resolving dependencies for libjscexecutor.so
03-22 01:05:25.590 13066 13066 D JavaScriptCore.Version: 250230.2.1
03-22 01:05:25.591 13066 13066 D SoLoader: Loaded: libjscexecutor.so
03-22 01:05:25.592 13066 13066 D SoLoader: init exiting
03-22 01:05:25.669 13066 13066 I SensorManager: registerListenerImpl() [Sensor: LGE Accelerometer Non-wakeup, Rate: 66667, SensorEventListener: com.facebook.react.common.ShakeDetector@717fc72] by com.facebook.react.common.ShakeDetector.start():60
03-22 01:05:25.682 13066 13098 D SoLoader: About to load: libfbjni.so
03-22 01:05:25.687 13066 13098 D SoLoader: libfbjni.so not found on /data/data/com.detoxsample/lib-main
03-22 01:05:25.690 13066 13098 D SoLoader: libfbjni.so found on /data/app/~~jjYRCJZb4anyRR5w33jp0A==/com.detoxsample-sfWMiRVk_WbqllV3ITkwTg==/lib/arm64
03-22 01:05:25.690 13066 13098 D SoLoader: Not resolving dependencies for libfbjni.so
03-22 01:05:25.692 13066 13098 D SoLoader: Loaded: libfbjni.so
03-22 01:05:25.692 13066 13098 D SoLoader: About to load: libflipper.so
03-22 01:05:25.693 13066 13098 D SoLoader: libflipper.so not found on /data/data/com.detoxsample/lib-main
03-22 01:05:25.693 13066 13098 D SoLoader: libflipper.so found on /data/app/~~jjYRCJZb4anyRR5w33jp0A==/com.detoxsample-sfWMiRVk_WbqllV3ITkwTg==/lib/arm64
03-22 01:05:25.693 13066 13098 D SoLoader: Not resolving dependencies for libflipper.so
03-22 01:05:25.720 13066 13098 D SoLoader: Loaded: libflipper.so
03-22 01:05:25.736 13066 13066 W com.detoxsampl: Accessing hidden field Landroid/view/View;->mKeyedTags:Landroid/util/SparseArray; (greylist, reflection, allowed)
03-22 01:05:25.737 13066 13066 W com.detoxsampl: Accessing hidden field Landroid/view/View;->mListenerInfo:Landroid/view/View$ListenerInfo; (greylist, reflection, allowed)
03-22 01:05:25.737 13066 13066 W com.detoxsampl: Accessing hidden field Landroid/view/View$ListenerInfo;->mOnClickListener:Landroid/view/View$OnClickListener; (greylist, reflection, allowed)
03-22 01:05:25.742 13066 13066 I flipper : flipper: FlipperClient::addPlugin Inspector
03-22 01:05:25.742 13066 13066 I flipper : flipper: FlipperClient::addPlugin React
03-22 01:05:25.744 13066 13066 I flipper : flipper: FlipperClient::addPlugin Databases
03-22 01:05:25.745 13066 13066 I flipper : flipper: FlipperClient::addPlugin Preferences
03-22 01:05:25.745 13066 13066 I flipper : flipper: FlipperClient::addPlugin CrashReporter
03-22 01:05:25.748 13066 13066 I flipper : flipper: FlipperClient::addPlugin Network
03-22 01:05:25.795 13066 13089 I UsageTrackerFacilitator: Usage tracking enabled
03-22 01:05:25.797 13066 13089 I TestRequestBuilder: Scanning classpath to find tests in paths [/data/app/~~zmYZSFXAqR8JcpVrllclow==/com.detoxsample.test-RGFP_HPbwkv1-uqv0Ao-kQ==/base.apk]
03-22 01:05:25.798 13066 13089 W com.detoxsampl: Opening an oat file without a class loader. Are you using the deprecated DexFile APIs?
03-22 01:05:26.491 13066 13089 D TestExecutor: Adding listener androidx.test.internal.runner.listener.LogRunListener
03-22 01:05:26.491 13066 13089 D TestExecutor: Adding listener androidx.test.internal.runner.listener.InstrumentationResultPrinter
03-22 01:05:26.491 13066 13089 D TestExecutor: Adding listener androidx.test.internal.runner.listener.ActivityFinisherRunListener
03-22 01:05:26.492 13066 13089 I TestRunner: run started: 1 tests
03-22 01:05:26.496 13066 13089 I TestRunner: started: runDetoxTests(com.detoxsample.DetoxTest)
03-22 01:05:26.513 13066 13089 D EventInjectionStrategy: Creating injection strategy with input manager.
03-22 01:05:26.514 13066 13089 W com.detoxsampl: Accessing hidden method Landroid/hardware/input/InputManager;->getInstance()Landroid/hardware/input/InputManager; (greylist, reflection, allowed)
03-22 01:05:26.515 13066 13089 W com.detoxsampl: Accessing hidden method Landroid/hardware/input/InputManager;->injectInputEvent(Landroid/view/InputEvent;I)Z (greylist, reflection, allowed)
03-22 01:05:26.515 13066 13089 W com.detoxsampl: Accessing hidden field Landroid/hardware/input/InputManager;->INJECT_INPUT_EVENT_MODE_WAIT_FOR_FINISH:I (greylist, reflection, allowed)
03-22 01:05:26.527 13066 13089 W com.detoxsampl: Accessing hidden field Ljava/lang/reflect/Field;->accessFlags:I (greylist, reflection, allowed)
03-22 01:05:26.778 13066 13066 D LifecycleMonitor: Lifecycle status change: com.detoxsample.MainActivity@8055e2c in: PRE_ON_CREATE
03-22 01:05:26.787 13066 13103 D SoLoader: About to load: libreactnativejni.so
03-22 01:05:26.788 13066 13103 D SoLoader: libreactnativejni.so not found on /data/data/com.detoxsample/lib-main
03-22 01:05:26.788 13066 13103 D SoLoader: libreactnativejni.so found on /data/app/~~jjYRCJZb4anyRR5w33jp0A==/com.detoxsample-sfWMiRVk_WbqllV3ITkwTg==/lib/arm64
03-22 01:05:26.788 13066 13103 D SoLoader: Not resolving dependencies for libreactnativejni.so
03-22 01:05:26.793 13066 13103 D SoLoader: Loaded: libreactnativejni.so
03-22 01:05:26.880 13066 13066 W com.detoxsampl: Accessing hidden method Landroid/view/View;->computeFitSystemWindows(Landroid/graphics/Rect;Landroid/graphics/Rect;)Z (greylist, reflection, allowed)
03-22 01:05:26.881 13066 13066 W com.detoxsampl: Accessing hidden method Landroid/view/ViewGroup;->makeOptionalFitsSystemWindows()V (greylist, reflection, allowed)
03-22 01:05:26.900 13066 13066 D LifecycleMonitor: Lifecycle status change: com.detoxsample.MainActivity@8055e2c in: CREATED
03-22 01:05:26.907 13066 13066 D LifecycleMonitor: Lifecycle status change: com.detoxsample.MainActivity@8055e2c in: STARTED
03-22 01:05:26.919 13066 13066 D LifecycleMonitor: Lifecycle status change: com.detoxsample.MainActivity@8055e2c in: RESUMED
03-22 01:05:26.960 13066 13066 I TouchFilterInputStageHelper: [needTouchEventFilter] Displayid : 0
03-22 01:05:26.962 13066 13066 D HandGripFilter: getdisplaysize, x : 1080 y : 2340
03-22 01:05:26.968 13066 13066 W unknown:ReactNative: Packager connection already open, nooping.
03-22 01:05:27.006 13066 13220 I AdrenoGLES-0: QUALCOMM build                   : 59e4ca3, Ic42881d075
03-22 01:05:27.006 13066 13220 I AdrenoGLES-0: Build Date                       : 01/07/21
03-22 01:05:27.006 13066 13220 I AdrenoGLES-0: OpenGL ES Shader Compiler Version: EV031.32.02.06
03-22 01:05:27.006 13066 13220 I AdrenoGLES-0: Local Branch                     : mybrancheb50fcd0-9e7c-f130-bc5f-5cb90179c3d8
03-22 01:05:27.006 13066 13220 I AdrenoGLES-0: Remote Branch                    : quic/gfx-adreno.lnx.1.0.r99-rel
03-22 01:05:27.006 13066 13220 I AdrenoGLES-0: Remote Branch                    : NONE
03-22 01:05:27.006 13066 13220 I AdrenoGLES-0: Reconstruct Branch               : NOTHING
03-22 01:05:27.006 13066 13220 I AdrenoGLES-0: Build Config                     : S P 10.0.7 AArch64
03-22 01:05:27.006 13066 13220 I AdrenoGLES-0: Driver Path                      : /vendor/lib64/egl/libGLESv2_adreno.so
03-22 01:05:27.046 13066 13220 I AdrenoGLES-0: PFP: 0x016ee190, ME: 0x00000000
03-22 01:05:27.232 13066 13066 I TouchFilterInputStageHelper: [needTouchEventFilter] Displayid : 0
03-22 01:05:27.234 13066 13066 D HandGripFilter: getdisplaysize, x : 1080 y : 2340
03-22 01:05:27.291 13066 13066 I Timeline: Timeline: Activity_idle id: ActivityRecord{4ffd453 token=android.os.BinderProxy@962d73d {com.detoxsample/com.detoxsample.MainActivity}} time:379479520
03-22 01:05:27.305 13066 13089 I Detox   : Detox server connection details: url=ws://localhost:58978, sessionId=8fe9d94a-2a4a-5641-227c-e7bfe6a852a8
03-22 01:05:27.311 13066 13306 I DetoxDispatcher: Handling action '_init' (ID #0)...
03-22 01:05:27.311 13066 13306 I Detox   : Connecting to server...
03-22 01:05:27.311 13066 13306 I DetoxWSClient: At connectToServer
03-22 01:05:27.352 13066 13317 D DetoxWSClient: At onOpen
03-22 01:05:27.352 13066 13317 I DetoxWSClient: Sending out action 'login' (ID #0)
03-22 01:05:27.353 13066 13317 I Detox   : Connected to server!
03-22 01:05:27.361 13066 13317 D DetoxWSClient: Received action 'loginSuccess' (ID #0, params={"testerConnected":true,"appConnected":true})
03-22 01:05:27.377 13066 13304 W unknown:ReactContext: initializeMessageQueueThreads() is called.
03-22 01:05:27.383 13066 13066 W unknown:ReactNative: Packager connection already open, nooping.
03-22 01:05:27.392 13066 13317 D DetoxWSClient: Received action 'isReady' (ID #-1000, params={})
03-22 01:05:27.432 13066 13321 W unknown:ViewManagerPropertyUpdater: Could not find generated setter for class com.facebook.react.views.drawer.ReactDrawerLayoutManager
03-22 01:05:27.437 13066 13321 W unknown:ViewManagerPropertyUpdater: Could not find generated setter for class com.facebook.react.uimanager.LayoutShadowNode
03-22 01:05:27.440 13066 13321 W unknown:ViewManagerPropertyUpdater: Could not find generated setter for class com.facebook.react.views.scroll.ReactHorizontalScrollViewManager
03-22 01:05:27.443 13066 13321 W unknown:ViewManagerPropertyUpdater: Could not find generated setter for class com.facebook.react.views.scroll.ReactHorizontalScrollContainerViewManager
03-22 01:05:27.444 13066 13321 W unknown:ViewManagerPropertyUpdater: Could not find generated setter for class com.facebook.react.views.progressbar.ReactProgressBarViewManager
03-22 01:05:27.445 13066 13321 W unknown:ViewManagerPropertyUpdater: Could not find generated setter for class com.facebook.react.views.progressbar.ProgressBarShadowNode
03-22 01:05:27.447 13066 13321 W unknown:ViewManagerPropertyUpdater: Could not find generated setter for class com.facebook.react.views.scroll.ReactScrollViewManager
03-22 01:05:27.450 13066 13321 W unknown:ViewManagerPropertyUpdater: Could not find generated setter for class com.facebook.react.views.slider.ReactSliderManager
03-22 01:05:27.452 13066 13321 W unknown:ViewManagerPropertyUpdater: Could not find generated setter for class com.facebook.react.views.slider.ReactSliderManager$ReactSliderShadowNode
03-22 01:05:27.452 13066 13321 W unknown:ViewManagerPropertyUpdater: Could not find generated setter for class com.facebook.react.views.switchview.ReactSwitchManager
03-22 01:05:27.454 13066 13321 W unknown:ViewManagerPropertyUpdater: Could not find generated setter for class com.facebook.react.views.switchview.ReactSwitchManager$ReactSwitchShadowNode
03-22 01:05:27.455 13066 13321 W unknown:ViewManagerPropertyUpdater: Could not find generated setter for class com.facebook.react.views.swiperefresh.SwipeRefreshLayoutManager
03-22 01:05:27.456 13066 13321 W unknown:ViewManagerPropertyUpdater: Could not find generated setter for class com.facebook.react.views.text.frescosupport.FrescoBasedReactTextInlineImageViewManager
03-22 01:05:27.457 13066 13321 W unknown:ViewManagerPropertyUpdater: Could not find generated setter for class com.facebook.react.views.text.frescosupport.FrescoBasedReactTextInlineImageShadowNode
03-22 01:05:27.458 13066 13321 W unknown:ViewManagerPropertyUpdater: Could not find generated setter for class com.facebook.react.views.image.ReactImageManager
03-22 01:05:27.460 13066 13321 W unknown:ViewManagerPropertyUpdater: Could not find generated setter for class com.facebook.react.views.modal.ReactModalHostManager
03-22 01:05:27.462 13066 13321 W unknown:ViewManagerPropertyUpdater: Could not find generated setter for class com.facebook.react.views.modal.ModalHostShadowNode
03-22 01:05:27.462 13066 13321 W unknown:ViewManagerPropertyUpdater: Could not find generated setter for class com.facebook.react.views.text.ReactRawTextManager
03-22 01:05:27.463 13066 13321 W unknown:ViewManagerPropertyUpdater: Could not find generated setter for class com.facebook.react.views.text.ReactRawTextShadowNode
03-22 01:05:27.463 13066 13321 W unknown:ViewManagerPropertyUpdater: Could not find generated setter for class com.facebook.react.views.textinput.ReactTextInputManager
03-22 01:05:27.467 13066 13321 W unknown:ViewManagerPropertyUpdater: Could not find generated setter for class com.facebook.react.views.textinput.ReactTextInputShadowNode
03-22 01:05:27.469 13066 13321 W unknown:ViewManagerPropertyUpdater: Could not find generated setter for class com.facebook.react.views.text.ReactTextViewManager
03-22 01:05:27.471 13066 13321 W unknown:ViewManagerPropertyUpdater: Could not find generated setter for class com.facebook.react.views.text.ReactTextShadowNode
03-22 01:05:27.472 13066 13321 W unknown:ViewManagerPropertyUpdater: Could not find generated setter for class com.facebook.react.views.view.ReactViewManager
03-22 01:05:27.474 13066 13321 W unknown:ViewManagerPropertyUpdater: Could not find generated setter for class com.facebook.react.views.text.ReactVirtualTextViewManager
03-22 01:05:27.474 13066 13321 W unknown:ViewManagerPropertyUpdater: Could not find generated setter for class com.facebook.react.views.text.ReactVirtualTextShadowNode
03-22 01:05:27.475 13066 13321 W unknown:ViewManagerPropertyUpdater: Could not find generated setter for class com.facebook.react.views.unimplementedview.ReactUnimplementedViewManager
03-22 01:05:27.486 13066 13321 W unknown:ReactContext: initializeMessageQueueThreads() is called.
03-22 01:05:27.488 13066 13321 D SoLoader: About to load: libyoga.so
03-22 01:05:27.488 13066 13321 D SoLoader: libyoga.so not found on /data/data/com.detoxsample/lib-main
03-22 01:05:27.489 13066 13321 D SoLoader: libyoga.so found on /data/app/~~jjYRCJZb4anyRR5w33jp0A==/com.detoxsample-sfWMiRVk_WbqllV3ITkwTg==/lib/arm64
03-22 01:05:27.489 13066 13321 D SoLoader: Not resolving dependencies for libyoga.so
03-22 01:05:27.491 13066 13321 D SoLoader: Loaded: libyoga.so
03-22 01:05:27.497 13066 13066 I DetoxRNLoading: Got new RN-context async'ly through listener
03-22 01:05:27.500 13066 13306 I DetoxRNIdleRes: Setting up Espresso Idling Resources for React Native
03-22 01:05:27.546 13066 13321 I flipper : flipper: FlipperClient::addPlugin Fresco
03-22 01:05:27.546 13066 13321 W com.detoxsampl: Accessing hidden method Landroid/os/MessageQueue;->next()Landroid/os/Message; (greylist, reflection, allowed)
03-22 01:05:27.547 13066 13321 W com.detoxsampl: Accessing hidden field Landroid/os/MessageQueue;->mMessages:Landroid/os/Message; (greylist, reflection, allowed)
03-22 01:05:27.547 13066 13321 W com.detoxsampl: Accessing hidden method Landroid/os/Message;->recycleUnchecked()V (greylist, reflection, allowed)
03-22 01:05:27.555 13066 13306 D AsyncStorageIR: Checking whether a custom IR for Async-Storage is required... (legacy=false)
03-22 01:05:27.556 13066 13306 D DetoxRNHelpers: Native RN module resolution (class com.reactnativecommunity.asyncstorage.AsyncStorageModule): no such class
03-22 01:05:27.556 13066 13306 D AsyncStorageIR: Checking whether a custom IR for Async-Storage is required... (legacy=true)
03-22 01:05:27.560 13066 13306 D AsyncStorageIR: IR for Async-Storage is required! (legacy=true)
03-22 01:05:27.575 13066 13066 D AsyncStorageIRLegacy: Async-storage is busy!
03-22 01:05:27.603 13066 13306 I DetoxDispatcher: Done with action '_init'
03-22 01:05:27.603 13066 13306 I DetoxDispatcher: Handling action 'isReady' (ID #-1000)...
03-22 01:05:27.641 13066 13320 D SoLoader: About to load: libreactnativeblob.so
03-22 01:05:27.641 13066 13320 D SoLoader: libreactnativeblob.so not found on /data/data/com.detoxsample/lib-main
03-22 01:05:27.641 13066 13320 D SoLoader: libreactnativeblob.so found on /data/app/~~jjYRCJZb4anyRR5w33jp0A==/com.detoxsample-sfWMiRVk_WbqllV3ITkwTg==/lib/arm64
03-22 01:05:27.641 13066 13320 D SoLoader: Not resolving dependencies for libreactnativeblob.so
03-22 01:05:27.648 13066 13320 D SoLoader: Loaded: libreactnativeblob.so
03-22 01:05:27.712 13066 13321 I WebViewFactory: Loading com.google.android.webview version 99.0.4844.58 (code 484405833)
03-22 01:05:27.805 13066 13321 W com.detoxsampl: Accessing hidden method Landroid/os/Trace;->isTagEnabled(J)Z (greylist, reflection, allowed)
03-22 01:05:27.805 13066 13321 W com.detoxsampl: Accessing hidden method Landroid/os/Trace;->traceBegin(JLjava/lang/String;)V (greylist, reflection, allowed)
03-22 01:05:27.805 13066 13321 W com.detoxsampl: Accessing hidden method Landroid/os/Trace;->traceEnd(J)V (greylist, reflection, allowed)
03-22 01:05:27.805 13066 13321 W com.detoxsampl: Accessing hidden method Landroid/os/Trace;->asyncTraceBegin(JLjava/lang/String;I)V (greylist, reflection, allowed)
03-22 01:05:27.805 13066 13321 W com.detoxsampl: Accessing hidden method Landroid/os/Trace;->asyncTraceEnd(JLjava/lang/String;I)V (greylist, reflection, allowed)
03-22 01:05:27.816 13066 13321 I cr_WVCFactoryProvider: Loaded version=99.0.4844.58 minSdkVersion=29 isBundle=true multiprocess=true packageId=3
03-22 01:05:27.835 13066 13320 I ReactNativeJS: Running "DetoxSample" with {"rootTag":1}
03-22 01:05:27.953 13066 13321 I cr_LibraryLoader: Successfully loaded native library
03-22 01:05:27.958 13066 13321 I cr_CachingUmaRecorder: Flushed 8 samples from 8 histograms.
03-22 01:05:28.229 13066 13066 W com.detoxsampl: Accessing hidden field Landroid/widget/ScrollView;->mScroller:Landroid/widget/OverScroller; (greylist, reflection, allowed)
03-22 01:05:28.384 13066 13066 I Detox   : Wait is over: app is now idle!
03-22 01:05:28.384 13066 13306 I DetoxWSClient: Sending out action 'ready' (ID #-1000)
03-22 01:05:28.384 13066 13306 I DetoxDispatcher: Done with action 'isReady'
03-22 01:05:28.384 13066 13306 I DetoxDispatcher: Handling action 'loginSuccess' (ID #0)...
03-22 01:05:28.384 13066 13306 I DetoxDispatcher: Done with action 'loginSuccess'
03-22 01:05:28.384 13066 13306 I DetoxDispatcher: Handling action 'isReady' (ID #-1000)...
03-22 01:05:28.389 13066 13066 I Detox   : Wait is over: app is now idle!
03-22 01:05:28.389 13066 13306 I DetoxWSClient: Sending out action 'ready' (ID #-1000)
03-22 01:05:28.389 13066 13306 I DetoxDispatcher: Done with action 'isReady'
03-22 01:05:28.411 13066 13499 D SoLoader: About to load: libimagepipeline.so
03-22 01:05:28.412 13066 13499 D SoLoader: libimagepipeline.so not found on /data/data/com.detoxsample/lib-main
03-22 01:05:28.412 13066 13499 D SoLoader: libimagepipeline.so found on /data/app/~~jjYRCJZb4anyRR5w33jp0A==/com.detoxsample-sfWMiRVk_WbqllV3ITkwTg==/lib/arm64
03-22 01:05:28.412 13066 13499 D SoLoader: Not resolving dependencies for libimagepipeline.so
03-22 01:05:28.415 13066 13499 D SoLoader: Loaded: libimagepipeline.so
