--------- beginning of main
03-22 18:34:06.098 17717 17785 I flipper : flipper: FlipperClient::addPlugin Fresco
03-22 18:34:06.111 17717 17785 I WebViewFactory: Loading com.google.android.webview version 91.0.4472.114 (code 447211487)
03-22 18:34:06.157 17717 17785 W com.detoxsampl: Accessing hidden method Landroid/os/Trace;->isTagEnabled(J)Z (unsupported, reflection, allowed)
03-22 18:34:06.157 17717 17785 W com.detoxsampl: Accessing hidden method Landroid/os/Trace;->traceBegin(JLjava/lang/String;)V (unsupported, reflection, allowed)
03-22 18:34:06.157 17717 17785 W com.detoxsampl: Accessing hidden method Landroid/os/Trace;->traceEnd(J)V (unsupported, reflection, allowed)
03-22 18:34:06.158 17717 17785 W com.detoxsampl: Accessing hidden method Landroid/os/Trace;->asyncTraceBegin(JLjava/lang/String;I)V (unsupported, reflection, allowed)
03-22 18:34:06.158 17717 17785 W com.detoxsampl: Accessing hidden method Landroid/os/Trace;->asyncTraceEnd(JLjava/lang/String;I)V (unsupported, reflection, allowed)
03-22 18:34:06.182 17717 17785 I cr_LibraryLoader: Loaded native library version number "91.0.4472.114"
03-22 18:34:06.183 17717 17785 I cr_CachingUmaRecorder: Flushed 4 samples from 4 histograms.
03-22 18:34:06.264 17717 17784 I ReactNativeJS: Running "DetoxSample" with {"rootTag":1}
03-22 18:34:06.423 17717 17717 D CompatibilityChangeReporter: Compat change id reported: 171228096; UID 10180; state: ENABLED
03-22 18:34:06.426 17717 17717 W com.detoxsampl: Accessing hidden field Landroid/widget/ScrollView;->mScroller:Landroid/widget/OverScroller; (unsupported, reflection, allowed)
03-22 18:34:06.463 17717 17717 I Detox   : Wait is over: app is now idle!
03-22 18:34:06.464 17717 17779 I DetoxWSClient: Sending out action 'ready' (ID #-1000)
03-22 18:34:06.465 17717 17779 I DetoxDispatcher: Done with action 'isReady'
03-22 18:34:06.465 17717 17779 I DetoxDispatcher: Handling action 'loginSuccess' (ID #0)...
03-22 18:34:06.466 17717 17779 I DetoxDispatcher: Done with action 'loginSuccess'
03-22 18:34:06.467 17717 17779 I DetoxDispatcher: Handling action 'isReady' (ID #-1000)...
03-22 18:34:06.474 17717 17717 I Detox   : Wait is over: app is now idle!
03-22 18:34:06.475 17717 17779 I DetoxWSClient: Sending out action 'ready' (ID #-1000)
03-22 18:34:06.476 17717 17779 I DetoxDispatcher: Done with action 'isReady'
03-22 18:34:06.531 17717 17781 D DetoxWSClient: Received action 'invoke' (ID #1, params={"target":{"type":"Class","value":"com.wix.detox.espresso.EspressoDetox"},"method":"perform","args":[{"type":"Invocation","value":{"target":{"type":"Class","value":"androidx.test.espresso.Espresso"},"method":"onView","args":[{"type":"Invocation","value":{"target":{"type":"Class","value":"com.wix.detox.espresso.DetoxMatcher"},"method":"matcherForTestId","args":["initRazorpay"]}}]}},{"type":"Invocation","value":{"target":{"type":"Class","value":"com.wix.detox.espresso.DetoxViewActions"},"method":"click","args":[]}}]})
03-22 18:34:06.533 17717 17779 I DetoxDispatcher: Handling action 'invoke' (ID #1)...
03-22 18:34:06.553 17717 17779 D Detox   : class com.wix.detox.espresso.DetoxMatcher, matcherForTestId, [initRazorpay]
03-22 18:34:06.592 17717 17779 D Detox   : class androidx.test.espresso.Espresso, onView, [(view.getTag() is "initRazorpay" and view has effective visibility <VISIBLE>)]
03-22 18:34:06.595 17717 17779 D Detox   : class com.wix.detox.espresso.DetoxViewActions, click, []
03-22 18:34:06.599 17717 17779 W com.detoxsampl: Accessing hidden method Landroid/view/ViewConfiguration;->getDoubleTapMinTime()I (unsupported, reflection, allowed)
03-22 18:34:06.618 17717 17779 D Detox   : class com.wix.detox.espresso.EspressoDetox, perform, [androidx.test.espresso.ViewInteraction@56c0ed4, com.wix.detox.espresso.action.RNClickAction@77f187d]
03-22 18:34:06.658 17717 17717 W com.detoxsampl: Accessing hidden method Landroid/view/WindowManagerGlobal;->getInstance()Landroid/view/WindowManagerGlobal; (unsupported, reflection, allowed)
03-22 18:34:06.658 17717 17717 W com.detoxsampl: Accessing hidden field Landroid/view/WindowManagerGlobal;->mViews:Ljava/util/ArrayList; (unsupported, reflection, allowed)
03-22 18:34:06.658 17717 17717 W com.detoxsampl: Accessing hidden field Landroid/view/WindowManagerGlobal;->mParams:Ljava/util/ArrayList; (unsupported, reflection, allowed)
03-22 18:34:06.671 17717 17717 I ViewInteraction: Performing 'com.wix.detox.espresso.action.detoxsingletap@4d253c3 click' action on view (view.getTag() is "initRazorpay" and view has effective visibility <VISIBLE>)
03-22 18:34:06.717 17717 17784 I ReactNativeJS: clicked
03-22 18:34:07.073 17717 17766 D EGL_emulation: app_time_stats: avg=403.69ms min=10.90ms max=885.55ms count=4
03-22 18:34:07.100 17717 17717 I Detox   : AnimatedModule is busy.
03-22 18:34:07.111 17717 17717 I Detox   : AnimatedModule is busy.
03-22 18:34:07.128 17717 17717 I Detox   : AnimatedModule is busy.
03-22 18:34:07.145 17717 17717 I Detox   : AnimatedModule is busy.
03-22 18:34:07.161 17717 17717 I Detox   : AnimatedModule is busy.
03-22 18:34:07.179 17717 17717 I Detox   : AnimatedModule is busy.
03-22 18:34:07.195 17717 17717 I Detox   : AnimatedModule is busy.
03-22 18:34:07.211 17717 17717 I Detox   : AnimatedModule is busy.
03-22 18:34:07.229 17717 17717 I Detox   : AnimatedModule is busy.
03-22 18:34:07.244 17717 17717 I Detox   : AnimatedModule is busy.
03-22 18:34:07.262 17717 17717 I Detox   : AnimatedModule is busy.
03-22 18:34:07.687 17717 17779 I DetoxWSClient: Sending out action 'invokeResult' (ID #1)
03-22 18:34:07.688 17717 17779 I DetoxDispatcher: Done with action 'invoke'
03-22 18:34:07.695 17717 17781 D DetoxWSClient: Received action 'invoke' (ID #2, params={"target":{"type":"Class","value":"com.wix.detox.espresso.DetoxAssertion"},"method":"assertMatcher","args":[{"type":"Invocation","value":{"target":{"type":"Class","value":"androidx.test.espresso.Espresso"},"method":"onView","args":[{"type":"Invocation","value":{"target":{"type":"Class","value":"com.wix.detox.espresso.DetoxMatcher"},"method":"matcherForText","args":["Razorpay Initialized"]}}]}},{"type":"Invocation","value":{"target":{"type":"Class","value":"com.wix.detox.espresso.DetoxMatcher"},"method":"matcherForSufficientlyVisible","args":[{"type":"Integer","value":75}]}}]})
03-22 18:34:07.697 17717 17779 I DetoxDispatcher: Handling action 'invoke' (ID #2)...
03-22 18:34:07.697 17717 17779 D Detox   : class com.wix.detox.espresso.DetoxMatcher, matcherForText, [Razorpay Initialized]
03-22 18:34:07.700 17717 17779 D Detox   : class androidx.test.espresso.Espresso, onView, [(an instance of android.widget.TextView and view.getText() with or without transformation to match: is "Razorpay Initialized" and view has effective visibility <VISIBLE>)]
03-22 18:34:07.700 17717 17779 D Detox   : class com.wix.detox.espresso.DetoxMatcher, matcherForSufficientlyVisible, [75]
03-22 18:34:07.701 17717 17779 D Detox   : class com.wix.detox.espresso.DetoxAssertion, assertMatcher, [androidx.test.espresso.ViewInteraction@cc844de, (view has effective visibility <VISIBLE> and view.getGlobalVisibleRect() covers at least <75> percent of the view's area)]
03-22 18:34:07.708 17717 17717 I ViewInteraction: Checking 'MatchesViewAssertion(Detox){viewMatcher=(view has effective visibility <VISIBLE> and view.getGlobalVisibleRect() covers at least <75> percent of the view's area)}' assertion on view (an instance of android.widget.TextView and view.getText() with or without transformation to match: is "Razorpay Initialized" and view has effective visibility <VISIBLE>)
03-22 18:34:07.710 17717 17779 I DetoxWSClient: Sending out action 'invokeResult' (ID #2)
03-22 18:34:07.710 17717 17779 I DetoxDispatcher: Done with action 'invoke'
