--------- beginning of main
03-22 21:57:56.084 10328 10355 I Detox   : Detox server connection details: url=ws://localhost:58573, sessionId=08fe3f6f-1a8f-d62f-d344-685eee51551d
03-22 21:57:56.103 10328 10393 I DetoxDispatcher: Handling action '_init' (ID #0)...
03-22 21:57:56.103 10328 10393 I Detox   : Connecting to server...
03-22 21:57:56.103 10328 10393 I DetoxWSClient: At connectToServer
03-22 21:57:56.117 10328 10395 D DetoxWSClient: At onOpen
03-22 21:57:56.120 10328 10395 I DetoxWSClient: Sending out action 'login' (ID #0)
03-22 21:57:56.122 10328 10395 I Detox   : Connected to server!
03-22 21:57:56.127 10328 10395 D DetoxWSClient: Received action 'loginSuccess' (ID #0, params={"testerConnected":true,"appConnected":true})
03-22 21:57:56.131 10328 10395 D DetoxWSClient: Received action 'isReady' (ID #-1000, params={})
03-22 21:57:56.136 10328 10392 W unknown:ReactContext: initializeMessageQueueThreads() is called.
03-22 21:57:56.146 10328 10328 W unknown:ReactNative: Packager connection already open, nooping.
03-22 21:57:56.224 10328 10399 W unknown:ViewManagerPropertyUpdater: Could not find generated setter for class com.facebook.react.views.drawer.ReactDrawerLayoutManager
03-22 21:57:56.237 10328 10399 W unknown:ViewManagerPropertyUpdater: Could not find generated setter for class com.facebook.react.uimanager.LayoutShadowNode
03-22 21:57:56.249 10328 10399 W unknown:ViewManagerPropertyUpdater: Could not find generated setter for class com.facebook.react.views.scroll.ReactHorizontalScrollViewManager
03-22 21:57:56.258 10328 10399 W unknown:ViewManagerPropertyUpdater: Could not find generated setter for class com.facebook.react.views.scroll.ReactHorizontalScrollContainerViewManager
03-22 21:57:56.264 10328 10399 W unknown:ViewManagerPropertyUpdater: Could not find generated setter for class com.facebook.react.views.progressbar.ReactProgressBarViewManager
03-22 21:57:56.268 10328 10399 W unknown:ViewManagerPropertyUpdater: Could not find generated setter for class com.facebook.react.views.progressbar.ProgressBarShadowNode
03-22 21:57:56.273 10328 10399 W unknown:ViewManagerPropertyUpdater: Could not find generated setter for class com.facebook.react.views.scroll.ReactScrollViewManager
03-22 21:57:56.283 10328 10399 W unknown:ViewManagerPropertyUpdater: Could not find generated setter for class com.facebook.react.views.slider.ReactSliderManager
03-22 21:57:56.288 10328 10399 W unknown:ViewManagerPropertyUpdater: Could not find generated setter for class com.facebook.react.views.slider.ReactSliderManager$ReactSliderShadowNode
03-22 21:57:56.291 10328 10399 W unknown:ViewManagerPropertyUpdater: Could not find generated setter for class com.facebook.react.views.switchview.ReactSwitchManager
03-22 21:57:56.300 10328 10399 W unknown:ViewManagerPropertyUpdater: Could not find generated setter for class com.facebook.react.views.switchview.ReactSwitchManager$ReactSwitchShadowNode
03-22 21:57:56.305 10328 10399 W unknown:ViewManagerPropertyUpdater: Could not find generated setter for class com.facebook.react.views.swiperefresh.SwipeRefreshLayoutManager
03-22 21:57:56.316 10328 10399 W unknown:ViewManagerPropertyUpdater: Could not find generated setter for class com.facebook.react.views.text.frescosupport.FrescoBasedReactTextInlineImageViewManager
03-22 21:57:56.318 10328 10399 W unknown:ViewManagerPropertyUpdater: Could not find generated setter for class com.facebook.react.views.text.frescosupport.FrescoBasedReactTextInlineImageShadowNode
03-22 21:57:56.325 10328 10399 W unknown:ViewManagerPropertyUpdater: Could not find generated setter for class com.facebook.react.views.image.ReactImageManager
03-22 21:57:56.333 10328 10399 W unknown:ViewManagerPropertyUpdater: Could not find generated setter for class com.facebook.react.views.modal.ReactModalHostManager
03-22 21:57:56.336 10328 10399 W unknown:ViewManagerPropertyUpdater: Could not find generated setter for class com.facebook.react.views.modal.ModalHostShadowNode
03-22 21:57:56.337 10328 10399 W unknown:ViewManagerPropertyUpdater: Could not find generated setter for class com.facebook.react.views.text.ReactRawTextManager
03-22 21:57:56.339 10328 10399 W unknown:ViewManagerPropertyUpdater: Could not find generated setter for class com.facebook.react.views.text.ReactRawTextShadowNode
03-22 21:57:56.340 10328 10399 W unknown:ViewManagerPropertyUpdater: Could not find generated setter for class com.facebook.react.views.textinput.ReactTextInputManager
03-22 21:57:56.350 10328 10399 W unknown:ViewManagerPropertyUpdater: Could not find generated setter for class com.facebook.react.views.textinput.ReactTextInputShadowNode
03-22 21:57:56.355 10328 10399 W unknown:ViewManagerPropertyUpdater: Could not find generated setter for class com.facebook.react.views.text.ReactTextViewManager
03-22 21:57:56.357 10328 10399 W unknown:ViewManagerPropertyUpdater: Could not find generated setter for class com.facebook.react.views.text.ReactTextShadowNode
03-22 21:57:56.359 10328 10399 W unknown:ViewManagerPropertyUpdater: Could not find generated setter for class com.facebook.react.views.view.ReactViewManager
03-22 21:57:56.368 10328 10399 W unknown:ViewManagerPropertyUpdater: Could not find generated setter for class com.facebook.react.views.text.ReactVirtualTextViewManager
03-22 21:57:56.369 10328 10399 W unknown:ViewManagerPropertyUpdater: Could not find generated setter for class com.facebook.react.views.text.ReactVirtualTextShadowNode
03-22 21:57:56.372 10328 10399 W unknown:ViewManagerPropertyUpdater: Could not find generated setter for class com.facebook.react.views.unimplementedview.ReactUnimplementedViewManager
03-22 21:57:56.415 10328 10399 W unknown:ReactContext: initializeMessageQueueThreads() is called.
03-22 21:57:56.429 10328 10399 D SoLoader: About to load: libyoga.so
03-22 21:57:56.430 10328 10399 D SoLoader: libyoga.so not found on /data/data/com.detoxsample/lib-main
03-22 21:57:56.430 10328 10399 D SoLoader: libyoga.so found on /data/app/~~fDtRBZUM0RWiLeSs5reupQ==/com.detoxsample-XDfJV0HyuWHvJT-hJsj6Tg==/lib/x86_64
03-22 21:57:56.431 10328 10399 D SoLoader: Not resolving dependencies for libyoga.so
03-22 21:57:56.432 10328 10399 D SoLoader: Loaded: libyoga.so
03-22 21:57:56.451 10328 10328 I DetoxRNLoading: Got new RN-context async'ly through listener
03-22 21:57:56.453 10328 10393 I DetoxRNIdleRes: Setting up Espresso Idling Resources for React Native
03-22 21:57:56.496 10328 10393 D AsyncStorageIR: Checking whether a custom IR for Async-Storage is required... (legacy=false)
03-22 21:57:56.502 10328 10393 D DetoxRNHelpers: Native RN module resolution (class com.reactnativecommunity.asyncstorage.AsyncStorageModule): no such class
03-22 21:57:56.503 10328 10393 D AsyncStorageIR: Checking whether a custom IR for Async-Storage is required... (legacy=true)
03-22 21:57:56.513 10328 10393 D AsyncStorageIR: IR for Async-Storage is required! (legacy=true)
03-22 21:57:56.517 10328 10328 D AsyncStorageIRLegacy: Async-storage is busy!
03-22 21:57:56.527 10328 10393 I DetoxDispatcher: Done with action '_init'
03-22 21:57:56.528 10328 10393 I DetoxDispatcher: Handling action 'isReady' (ID #-1000)...
03-22 21:57:56.531 10328 10398 D SoLoader: About to load: libreactnativeblob.so
03-22 21:57:56.532 10328 10398 D SoLoader: libreactnativeblob.so not found on /data/data/com.detoxsample/lib-main
03-22 21:57:56.532 10328 10398 D SoLoader: libreactnativeblob.so found on /data/app/~~fDtRBZUM0RWiLeSs5reupQ==/com.detoxsample-XDfJV0HyuWHvJT-hJsj6Tg==/lib/x86_64
03-22 21:57:56.533 10328 10398 D SoLoader: Not resolving dependencies for libreactnativeblob.so
03-22 21:57:56.536 10328 10398 D SoLoader: Loaded: libreactnativeblob.so
03-22 21:57:56.539 10328 10328 W com.detoxsampl: Accessing hidden method Landroid/os/MessageQueue;->next()Landroid/os/Message; (unsupported, reflection, allowed)
03-22 21:57:56.540 10328 10328 W com.detoxsampl: Accessing hidden field Landroid/os/MessageQueue;->mMessages:Landroid/os/Message; (unsupported, reflection, allowed)
03-22 21:57:56.540 10328 10328 W com.detoxsampl: Accessing hidden method Landroid/os/Message;->recycleUnchecked()V (unsupported, reflection, allowed)
03-22 21:57:56.560 10328 10399 I flipper : flipper: FlipperClient::addPlugin Fresco
03-22 21:57:56.571 10328 10399 I WebViewFactory: Loading com.google.android.webview version 91.0.4472.114 (code 447211487)
03-22 21:57:56.628 10328 10399 W com.detoxsampl: Accessing hidden method Landroid/os/Trace;->isTagEnabled(J)Z (unsupported, reflection, allowed)
03-22 21:57:56.629 10328 10399 W com.detoxsampl: Accessing hidden method Landroid/os/Trace;->traceBegin(JLjava/lang/String;)V (unsupported, reflection, allowed)
03-22 21:57:56.629 10328 10399 W com.detoxsampl: Accessing hidden method Landroid/os/Trace;->traceEnd(J)V (unsupported, reflection, allowed)
03-22 21:57:56.630 10328 10399 W com.detoxsampl: Accessing hidden method Landroid/os/Trace;->asyncTraceBegin(JLjava/lang/String;I)V (unsupported, reflection, allowed)
03-22 21:57:56.630 10328 10399 W com.detoxsampl: Accessing hidden method Landroid/os/Trace;->asyncTraceEnd(JLjava/lang/String;I)V (unsupported, reflection, allowed)
03-22 21:57:56.670 10328 10399 I cr_LibraryLoader: Loaded native library version number "91.0.4472.114"
03-22 21:57:56.671 10328 10399 I cr_CachingUmaRecorder: Flushed 5 samples from 5 histograms.
03-22 21:57:56.744 10328 10398 I ReactNativeJS: Running "DetoxSample" with {"rootTag":1}
03-22 21:57:56.897 10328 10328 D CompatibilityChangeReporter: Compat change id reported: 171228096; UID 10196; state: ENABLED
03-22 21:57:56.898 10328 10328 W com.detoxsampl: Accessing hidden field Landroid/widget/ScrollView;->mScroller:Landroid/widget/OverScroller; (unsupported, reflection, allowed)
03-22 21:57:56.931 10328 10328 I Detox   : Wait is over: app is now idle!
03-22 21:57:56.932 10328 10393 I DetoxWSClient: Sending out action 'ready' (ID #-1000)
03-22 21:57:56.933 10328 10393 I DetoxDispatcher: Done with action 'isReady'
03-22 21:57:56.934 10328 10393 I DetoxDispatcher: Handling action 'loginSuccess' (ID #0)...
03-22 21:57:56.934 10328 10393 I DetoxDispatcher: Done with action 'loginSuccess'
03-22 21:57:56.934 10328 10393 I DetoxDispatcher: Handling action 'isReady' (ID #-1000)...
03-22 21:57:56.939 10328 10328 I Detox   : Wait is over: app is now idle!
03-22 21:57:56.940 10328 10393 I DetoxWSClient: Sending out action 'ready' (ID #-1000)
03-22 21:57:56.940 10328 10393 I DetoxDispatcher: Done with action 'isReady'
03-22 21:57:56.997 10328 10395 D DetoxWSClient: Received action 'invoke' (ID #1, params={"target":{"type":"Class","value":"com.wix.detox.espresso.EspressoDetox"},"method":"perform","args":[{"type":"Invocation","value":{"target":{"type":"Class","value":"androidx.test.espresso.Espresso"},"method":"onView","args":[{"type":"Invocation","value":{"target":{"type":"Class","value":"com.wix.detox.espresso.DetoxMatcher"},"method":"matcherForTestId","args":["initRazorpay"]}}]}},{"type":"Invocation","value":{"target":{"type":"Class","value":"com.wix.detox.espresso.DetoxViewActions"},"method":"click","args":[]}}]})
03-22 21:57:56.998 10328 10393 I DetoxDispatcher: Handling action 'invoke' (ID #1)...
03-22 21:57:57.019 10328 10393 D Detox   : class com.wix.detox.espresso.DetoxMatcher, matcherForTestId, [initRazorpay]
03-22 21:57:57.052 10328 10393 D Detox   : class androidx.test.espresso.Espresso, onView, [(view.getTag() is "initRazorpay" and view has effective visibility <VISIBLE>)]
03-22 21:57:57.053 10328 10393 D Detox   : class com.wix.detox.espresso.DetoxViewActions, click, []
03-22 21:57:57.056 10328 10393 W com.detoxsampl: Accessing hidden method Landroid/view/ViewConfiguration;->getDoubleTapMinTime()I (unsupported, reflection, allowed)
03-22 21:57:57.067 10328 10393 D Detox   : class com.wix.detox.espresso.EspressoDetox, perform, [androidx.test.espresso.ViewInteraction@56c0ed4, com.wix.detox.espresso.action.RNClickAction@77f187d]
03-22 21:57:57.088 10328 10328 W com.detoxsampl: Accessing hidden method Landroid/view/WindowManagerGlobal;->getInstance()Landroid/view/WindowManagerGlobal; (unsupported, reflection, allowed)
03-22 21:57:57.088 10328 10328 W com.detoxsampl: Accessing hidden field Landroid/view/WindowManagerGlobal;->mViews:Ljava/util/ArrayList; (unsupported, reflection, allowed)
03-22 21:57:57.088 10328 10328 W com.detoxsampl: Accessing hidden field Landroid/view/WindowManagerGlobal;->mParams:Ljava/util/ArrayList; (unsupported, reflection, allowed)
03-22 21:57:57.099 10328 10328 I ViewInteraction: Performing 'com.wix.detox.espresso.action.detoxsingletap@4d253c3 click' action on view (view.getTag() is "initRazorpay" and view has effective visibility <VISIBLE>)
03-22 21:57:57.152 10328 10381 D EGL_emulation: app_time_stats: avg=311.86ms min=2.52ms max=931.32ms count=4
03-22 21:57:57.153 10328 10398 I ReactNativeJS: clicked
03-22 21:57:57.515 10328 10328 I Detox   : AnimatedModule is busy.
03-22 21:57:57.518 10328 10328 I Detox   : AnimatedModule is busy.
03-22 21:57:57.528 10328 10328 I Detox   : AnimatedModule is busy.
03-22 21:57:57.545 10328 10328 I Detox   : AnimatedModule is busy.
03-22 21:57:57.561 10328 10328 I Detox   : AnimatedModule is busy.
03-22 21:57:57.579 10328 10328 I Detox   : AnimatedModule is busy.
03-22 21:57:57.596 10328 10328 I Detox   : AnimatedModule is busy.
03-22 21:57:57.613 10328 10328 I Detox   : AnimatedModule is busy.
03-22 21:57:57.629 10328 10328 I Detox   : AnimatedModule is busy.
03-22 21:57:57.645 10328 10328 I Detox   : AnimatedModule is busy.
03-22 21:57:57.661 10328 10328 I Detox   : AnimatedModule is busy.
03-22 21:57:57.680 10328 10328 I Detox   : AnimatedModule is busy.
03-22 21:57:57.695 10328 10328 I Detox   : AnimatedModule is busy.
03-22 21:57:58.479 10328 10381 D EGL_emulation: app_time_stats: avg=82.81ms min=10.75ms max=764.63ms count=16
03-22 21:57:59.676 10328 10393 I DetoxWSClient: Sending out action 'invokeResult' (ID #1)
03-22 21:57:59.676 10328 10393 I DetoxDispatcher: Done with action 'invoke'
03-22 21:57:59.687 10328 10395 D DetoxWSClient: Received action 'invoke' (ID #2, params={"target":{"type":"Class","value":"com.wix.detox.espresso.DetoxAssertion"},"method":"assertMatcher","args":[{"type":"Invocation","value":{"target":{"type":"Class","value":"androidx.test.espresso.Espresso"},"method":"onView","args":[{"type":"Invocation","value":{"target":{"type":"Class","value":"com.wix.detox.espresso.DetoxMatcher"},"method":"matcherForText","args":["Razorpay Initialized"]}}]}},{"type":"Invocation","value":{"target":{"type":"Class","value":"com.wix.detox.espresso.DetoxMatcher"},"method":"matcherForSufficientlyVisible","args":[{"type":"Integer","value":75}]}}]})
03-22 21:57:59.687 10328 10393 I DetoxDispatcher: Handling action 'invoke' (ID #2)...
03-22 21:57:59.688 10328 10393 D Detox   : class com.wix.detox.espresso.DetoxMatcher, matcherForText, [Razorpay Initialized]
03-22 21:57:59.691 10328 10393 D Detox   : class androidx.test.espresso.Espresso, onView, [(an instance of android.widget.TextView and view.getText() with or without transformation to match: is "Razorpay Initialized" and view has effective visibility <VISIBLE>)]
03-22 21:57:59.691 10328 10393 D Detox   : class com.wix.detox.espresso.DetoxMatcher, matcherForSufficientlyVisible, [75]
03-22 21:57:59.692 10328 10393 D Detox   : class com.wix.detox.espresso.DetoxAssertion, assertMatcher, [androidx.test.espresso.ViewInteraction@be9e18c, (view has effective visibility <VISIBLE> and view.getGlobalVisibleRect() covers at least <75> percent of the view's area)]
03-22 21:57:59.699 10328 10328 I ViewInteraction: Checking 'MatchesViewAssertion(Detox){viewMatcher=(view has effective visibility <VISIBLE> and view.getGlobalVisibleRect() covers at least <75> percent of the view's area)}' assertion on view (an instance of android.widget.TextView and view.getText() with or without transformation to match: is "Razorpay Initialized" and view has effective visibility <VISIBLE>)
03-22 21:57:59.700 10328 10393 I DetoxWSClient: Sending out action 'invokeResult' (ID #2)
03-22 21:57:59.701 10328 10393 I DetoxDispatcher: Done with action 'invoke'
