--------- beginning of main
03-22 17:21:05.204  8930  8983 D EGL_emulation: app_time_stats: avg=350.45ms min=13.68ms max=733.54ms count=4
03-22 17:21:05.226  8930  8930 I Detox   : AnimatedModule is busy.
03-22 17:21:05.230  8930  8930 I Detox   : AnimatedModule is busy.
03-22 17:21:05.244  8930  8930 I Detox   : AnimatedModule is busy.
03-22 17:21:05.262  8930  8930 I Detox   : AnimatedModule is busy.
03-22 17:21:05.281  8930  8930 I Detox   : AnimatedModule is busy.
03-22 17:21:05.297  8930  8930 I Detox   : AnimatedModule is busy.
03-22 17:21:05.312  8930  8930 I Detox   : AnimatedModule is busy.
03-22 17:21:05.329  8930  8930 I Detox   : AnimatedModule is busy.
03-22 17:21:05.344  8930  8930 I Detox   : AnimatedModule is busy.
03-22 17:21:05.363  8930  8930 I Detox   : AnimatedModule is busy.
03-22 17:21:05.379  8930  8930 I Detox   : AnimatedModule is busy.
03-22 17:21:05.395  8930  8930 I Detox   : AnimatedModule is busy.
03-22 17:21:05.829  8930  8994 I DetoxWSClient: Sending out action 'invokeResult' (ID #1)
03-22 17:21:05.829  8930  8994 I DetoxDispatcher: Done with action 'invoke'
03-22 17:21:05.836  8930  8996 D DetoxWSClient: Received action 'invoke' (ID #2, params={"target":{"type":"Class","value":"com.wix.detox.espresso.DetoxAssertion"},"method":"assertMatcher","args":[{"type":"Invocation","value":{"target":{"type":"Class","value":"androidx.test.espresso.Espresso"},"method":"onView","args":[{"type":"Invocation","value":{"target":{"type":"Class","value":"com.wix.detox.espresso.DetoxMatcher"},"method":"matcherForText","args":["Razorpay Initialized"]}}]}},{"type":"Invocation","value":{"target":{"type":"Class","value":"com.wix.detox.espresso.DetoxMatcher"},"method":"matcherForSufficientlyVisible","args":[{"type":"Integer","value":75}]}}]})
03-22 17:21:05.837  8930  8994 I DetoxDispatcher: Handling action 'invoke' (ID #2)...
03-22 17:21:05.837  8930  8994 D Detox   : class com.wix.detox.espresso.DetoxMatcher, matcherForText, [Razorpay Initialized]
03-22 17:21:05.839  8930  8994 D Detox   : class androidx.test.espresso.Espresso, onView, [(an instance of android.widget.TextView and view.getText() with or without transformation to match: is "Razorpay Initialized" and view has effective visibility <VISIBLE>)]
03-22 17:21:05.840  8930  8994 D Detox   : class com.wix.detox.espresso.DetoxMatcher, matcherForSufficientlyVisible, [75]
03-22 17:21:05.841  8930  8994 D Detox   : class com.wix.detox.espresso.DetoxAssertion, assertMatcher, [androidx.test.espresso.ViewInteraction@7f526bf, (view has effective visibility <VISIBLE> and view.getGlobalVisibleRect() covers at least <75> percent of the view's area)]
03-22 17:21:05.849  8930  8930 I ViewInteraction: Checking 'MatchesViewAssertion(Detox){viewMatcher=(view has effective visibility <VISIBLE> and view.getGlobalVisibleRect() covers at least <75> percent of the view's area)}' assertion on view (an instance of android.widget.TextView and view.getText() with or without transformation to match: is "Razorpay Initialized" and view has effective visibility <VISIBLE>)
03-22 17:21:05.850  8930  8994 I DetoxWSClient: Sending out action 'invokeResult' (ID #2)
03-22 17:21:05.850  8930  8994 I DetoxDispatcher: Done with action 'invoke'
03-22 17:21:05.910  8930  8996 D DetoxWSClient: Received action 'invoke' (ID #3, params={"target":{"type":"Class","value":"com.wix.detox.espresso.EspressoDetox"},"method":"perform","args":[{"type":"Invocation","value":{"target":{"type":"Class","value":"androidx.test.espresso.Espresso"},"method":"onView","args":[{"type":"Invocation","value":{"target":{"type":"Class","value":"com.wix.detox.espresso.DetoxMatcher"},"method":"matcherForTestId","args":["cards"]}}]}},{"type":"Invocation","value":{"target":{"type":"Class","value":"com.wix.detox.espresso.DetoxViewActions"},"method":"click","args":[]}}]})
03-22 17:21:05.911  8930  8994 I DetoxDispatcher: Handling action 'invoke' (ID #3)...
03-22 17:21:05.912  8930  8994 D Detox   : class com.wix.detox.espresso.DetoxMatcher, matcherForTestId, [cards]
03-22 17:21:05.917  8930  8994 D Detox   : class androidx.test.espresso.Espresso, onView, [(view.getTag() is "cards" and view has effective visibility <VISIBLE>)]
03-22 17:21:05.917  8930  8994 D Detox   : class com.wix.detox.espresso.DetoxViewActions, click, []
03-22 17:21:05.920  8930  8994 D Detox   : class com.wix.detox.espresso.EspressoDetox, perform, [androidx.test.espresso.ViewInteraction@be9e18c, com.wix.detox.espresso.action.RNClickAction@395e0d5]
03-22 17:21:05.930  8930  8930 I ViewInteraction: Performing 'com.wix.detox.espresso.action.detoxsingletap@b0fd0ea click' action on view (view.getTag() is "cards" and view has effective visibility <VISIBLE>)
03-22 17:21:06.252  8930  8983 D EGL_emulation: app_time_stats: avg=522.93ms min=231.18ms max=814.69ms count=2
03-22 17:21:06.956  8930  8994 I DetoxWSClient: Sending out action 'invokeResult' (ID #3)
03-22 17:21:06.956  8930  8994 I DetoxDispatcher: Done with action 'invoke'
03-22 17:21:06.962  8930  8996 D DetoxWSClient: Received action 'invoke' (ID #4, params={"target":{"type":"Class","value":"com.wix.detox.espresso.EspressoDetox"},"method":"perform","args":[{"type":"Invocation","value":{"target":{"type":"Class","value":"androidx.test.espresso.Espresso"},"method":"onView","args":[{"type":"Invocation","value":{"target":{"type":"Class","value":"com.wix.detox.espresso.DetoxMatcher"},"method":"matcherForTestId","args":["cardNumber"]}}]}},{"type":"Invocation","value":{"target":{"type":"Class","value":"androidx.test.espresso.action.ViewActions"},"method":"replaceText","args":["4111111111111111"]}}]})
03-22 17:21:06.963  8930  8994 I DetoxDispatcher: Handling action 'invoke' (ID #4)...
03-22 17:21:06.963  8930  8994 D Detox   : class com.wix.detox.espresso.DetoxMatcher, matcherForTestId, [cardNumber]
03-22 17:21:06.964  8930  8994 D Detox   : class androidx.test.espresso.Espresso, onView, [(view.getTag() is "cardNumber" and view has effective visibility <VISIBLE>)]
03-22 17:21:06.964  8930  8994 D Detox   : class androidx.test.espresso.action.ViewActions, replaceText, [4111111111111111]
03-22 17:21:06.965  8930  8994 D Detox   : class com.wix.detox.espresso.EspressoDetox, perform, [androidx.test.espresso.ViewInteraction@b04c6e3, androidx.test.espresso.action.ReplaceTextAction@c3408e0]
03-22 17:21:06.970  8930  8930 I ViewInteraction: Performing 'replace text(4111111111111111)' action on view (view.getTag() is "cardNumber" and view has effective visibility <VISIBLE>)
03-22 17:21:06.980  8930  8994 I DetoxWSClient: Sending out action 'invokeResult' (ID #4)
03-22 17:21:06.980  8930  8994 I DetoxDispatcher: Done with action 'invoke'
03-22 17:21:06.986  8930  8996 D DetoxWSClient: Received action 'invoke' (ID #5, params={"target":{"type":"Class","value":"com.wix.detox.espresso.EspressoDetox"},"method":"perform","args":[{"type":"Invocation","value":{"target":{"type":"Class","value":"androidx.test.espresso.Espresso"},"method":"onView","args":[{"type":"Invocation","value":{"target":{"type":"Class","value":"com.wix.detox.espresso.DetoxMatcher"},"method":"matcherForText","args":["IS CARD VALID"]}}]}},{"type":"Invocation","value":{"target":{"type":"Class","value":"com.wix.detox.espresso.DetoxViewActions"},"method":"click","args":[]}}]})
03-22 17:21:06.986  8930  8994 I DetoxDispatcher: Handling action 'invoke' (ID #5)...
03-22 17:21:06.988  8930  8994 D Detox   : class com.wix.detox.espresso.DetoxMatcher, matcherForText, [IS CARD VALID]
03-22 17:21:06.989  8930  8994 D Detox   : class androidx.test.espresso.Espresso, onView, [(an instance of android.widget.TextView and view.getText() with or without transformation to match: is "IS CARD VALID" and view has effective visibility <VISIBLE>)]
03-22 17:21:06.990  8930  8994 D Detox   : class com.wix.detox.espresso.DetoxViewActions, click, []
03-22 17:21:06.992  8930  8994 D Detox   : class com.wix.detox.espresso.EspressoDetox, perform, [androidx.test.espresso.ViewInteraction@cee13f8, com.wix.detox.espresso.action.RNClickAction@54440d1]
03-22 17:21:06.994  8930  8930 D CompatibilityChangeReporter: Compat change id reported: 163400105; UID 10154; state: DISABLED
03-22 17:21:06.999  8930  8930 I AssistStructure: Flattened final assist data: 3940 bytes, containing 1 windows, 24 views
03-22 17:21:07.024  8930  8930 I Detox   : UIManagerModule is busy
03-22 17:21:07.034  8930  8930 I Detox   : UIManagerModule is busy
03-22 17:21:07.049  8930  8930 I ViewInteraction: Performing 'com.wix.detox.espresso.action.detoxsingletap@2cd3909 click' action on view (an instance of android.widget.TextView and view.getText() with or without transformation to match: is "IS CARD VALID" and view has effective visibility <VISIBLE>)
03-22 17:21:07.116  8930  8997 I ReactNativeJS: true
03-22 17:21:07.157  8930  8930 I Detox   : UIManagerModule is busy
03-22 17:21:07.253  8930  8983 D EGL_emulation: app_time_stats: avg=29.94ms min=2.14ms max=411.80ms count=26
03-22 17:21:07.555  8930  8994 I DetoxWSClient: Sending out action 'invokeResult' (ID #5)
03-22 17:21:07.555  8930  8994 I DetoxDispatcher: Done with action 'invoke'
03-22 17:21:07.560  8930  8996 D DetoxWSClient: Received action 'invoke' (ID #6, params={"target":{"type":"Class","value":"com.wix.detox.espresso.DetoxAssertion"},"method":"assertMatcher","args":[{"type":"Invocation","value":{"target":{"type":"Class","value":"androidx.test.espresso.Espresso"},"method":"onView","args":[{"type":"Invocation","value":{"target":{"type":"Class","value":"com.wix.detox.espresso.DetoxMatcher"},"method":"matcherForText","args":["Card Validity : true"]}}]}},{"type":"Invocation","value":{"target":{"type":"Class","value":"com.wix.detox.espresso.DetoxMatcher"},"method":"matcherForSufficientlyVisible","args":[{"type":"Integer","value":75}]}}]})
03-22 17:21:07.561  8930  8994 I DetoxDispatcher: Handling action 'invoke' (ID #6)...
03-22 17:21:07.561  8930  8994 D Detox   : class com.wix.detox.espresso.DetoxMatcher, matcherForText, [Card Validity : true]
03-22 17:21:07.561  8930  8994 D Detox   : class androidx.test.espresso.Espresso, onView, [(an instance of android.widget.TextView and view.getText() with or without transformation to match: is "Card Validity : true" and view has effective visibility <VISIBLE>)]
03-22 17:21:07.561  8930  8994 D Detox   : class com.wix.detox.espresso.DetoxMatcher, matcherForSufficientlyVisible, [75]
03-22 17:21:07.564  8930  8994 D Detox   : class com.wix.detox.espresso.DetoxAssertion, assertMatcher, [androidx.test.espresso.ViewInteraction@244b61a, (view has effective visibility <VISIBLE> and view.getGlobalVisibleRect() covers at least <75> percent of the view's area)]
03-22 17:21:07.572  8930  8930 I ViewInteraction: Checking 'MatchesViewAssertion(Detox){viewMatcher=(view has effective visibility <VISIBLE> and view.getGlobalVisibleRect() covers at least <75> percent of the view's area)}' assertion on view (an instance of android.widget.TextView and view.getText() with or without transformation to match: is "Card Validity : true" and view has effective visibility <VISIBLE>)
03-22 17:21:07.573  8930  8994 I DetoxWSClient: Sending out action 'invokeResult' (ID #6)
03-22 17:21:07.574  8930  8994 I DetoxDispatcher: Done with action 'invoke'
