--------- beginning of main
03-22 22:08:09.768 11863 11863 I com.detoxsampl: Late-enabling -Xcheck:jni
03-22 22:08:09.785 11863 11863 W com.detoxsampl: Unexpected CPU variant for X86 using defaults: x86_64
03-22 22:08:09.835 11863 11863 D CompatibilityChangeReporter: Compat change id reported: 171979766; UID 10200; state: DISABLED
--------- beginning of system
03-22 22:08:09.845 11863 11863 W ActivityThread: Package uses different ABI(s) than its instrumentation: package[com.detoxsample]: x86_64, null instrumentation[com.detoxsample.test]: null, null
03-22 22:08:10.017 11863 11863 V GraphicsEnvironment: ANGLE Developer option for 'com.detoxsample' set to: 'default'
03-22 22:08:10.017 11863 11863 V GraphicsEnvironment: ANGLE GameManagerService for com.detoxsample: false
03-22 22:08:10.017 11863 11863 V GraphicsEnvironment: Neither updatable production driver nor prerelease driver is supported.
03-22 22:08:10.023 11863 11863 D ApplicationLoaders: Returning zygote-cached class loader: /system/framework/android.test.base.jar
03-22 22:08:10.026 11863 11863 D ApplicationLoaders: Returning zygote-cached class loader: /system/framework/android.test.base.jar
03-22 22:08:10.235 11863 11863 D NetworkSecurityConfig: Using Network Security Config from resource network_security_config debugBuild: true
03-22 22:08:10.237 11863 11863 D NetworkSecurityConfig: Using Network Security Config from resource network_security_config debugBuild: true
03-22 22:08:10.241 11863 11863 I MonitoringInstr: Instrumentation started!
03-22 22:08:10.283 11863 11863 V TestEventClient: No service name argument was given (testDiscoveryService, testRunEventService or orchestratorService)
03-22 22:08:10.288 11863 11863 D SoLoader: init start
03-22 22:08:10.289 11863 11863 D SoLoader: adding system library source: /vendor/lib64
03-22 22:08:10.292 11863 11863 D SoLoader: adding system library source: /system/lib64
03-22 22:08:10.293 11863 11863 D SoLoader: adding application source: com.facebook.soloader.DirectorySoSource[root = /data/app/~~R9CTOu6lUdbBq1tTCK8m-g==/com.detoxsample-3UifGYhN1yiMLpQ1DGL93g==/lib/x86_64 flags = 0]
03-22 22:08:10.296 11863 11863 D SoLoader: adding backup source from : com.facebook.soloader.ApkSoSource[root = /data/data/com.detoxsample/lib-main flags = 1]
03-22 22:08:10.296 11863 11863 D SoLoader: Preparing SO source: com.facebook.soloader.DirectorySoSource[root = /system/lib64 flags = 2]
03-22 22:08:10.296 11863 11863 D SoLoader: Preparing SO source: com.facebook.soloader.DirectorySoSource[root = /vendor/lib64 flags = 2]
03-22 22:08:10.296 11863 11863 D SoLoader: Preparing SO source: com.facebook.soloader.DirectorySoSource[root = /data/app/~~R9CTOu6lUdbBq1tTCK8m-g==/com.detoxsample-3UifGYhN1yiMLpQ1DGL93g==/lib/x86_64 flags = 0]
03-22 22:08:10.296 11863 11863 D SoLoader: Preparing SO source: com.facebook.soloader.ApkSoSource[root = /data/data/com.detoxsample/lib-main flags = 1]
03-22 22:08:10.297 11863 11863 V fb-UnpackingSoSource: locked dso store /data/user/0/com.detoxsample/lib-main
03-22 22:08:10.300 11863 11863 V fb-UnpackingSoSource: deps mismatch on deps store: regenerating
03-22 22:08:10.300 11863 11863 V fb-UnpackingSoSource: so store dirty: regenerating
03-22 22:08:10.390 11863 11863 D ApkSoSource: not allowing consideration of lib/x86_64/libbetter.so: deferring to libdir
03-22 22:08:10.391 11863 11863 D ApkSoSource: not allowing consideration of lib/x86_64/libc++_shared.so: deferring to libdir
03-22 22:08:10.392 11863 11863 D ApkSoSource: not allowing consideration of lib/x86_64/libevent-2.1.so: deferring to libdir
03-22 22:08:10.392 11863 11863 D ApkSoSource: not allowing consideration of lib/x86_64/libevent_core-2.1.so: deferring to libdir
03-22 22:08:10.393 11863 11863 D ApkSoSource: not allowing consideration of lib/x86_64/libevent_extra-2.1.so: deferring to libdir
03-22 22:08:10.393 11863 11863 D ApkSoSource: not allowing consideration of lib/x86_64/libfabricjni.so: deferring to libdir
03-22 22:08:10.399 11863 11863 D ApkSoSource: not allowing consideration of lib/x86_64/libfb.so: deferring to libdir
03-22 22:08:10.400 11863 11863 D ApkSoSource: not allowing consideration of lib/x86_64/libfbjni.so: deferring to libdir
03-22 22:08:10.400 11863 11863 D ApkSoSource: not allowing consideration of lib/x86_64/libflipper.so: deferring to libdir
03-22 22:08:10.401 11863 11863 D ApkSoSource: not allowing consideration of lib/x86_64/libfolly_futures.so: deferring to libdir
03-22 22:08:10.403 11863 11863 D ApkSoSource: not allowing consideration of lib/x86_64/libfolly_json.so: deferring to libdir
03-22 22:08:10.404 11863 11863 D ApkSoSource: not allowing consideration of lib/x86_64/libglog.so: deferring to libdir
03-22 22:08:10.405 11863 11863 D ApkSoSource: not allowing consideration of lib/x86_64/libglog_init.so: deferring to libdir
03-22 22:08:10.407 11863 11863 D ApkSoSource: not allowing consideration of lib/x86_64/libimagepipeline.so: deferring to libdir
03-22 22:08:10.407 11863 11863 D ApkSoSource: not allowing consideration of lib/x86_64/libjsc.so: deferring to libdir
03-22 22:08:10.408 11863 11863 D ApkSoSource: not allowing consideration of lib/x86_64/libjscexecutor.so: deferring to libdir
03-22 22:08:10.409 11863 11863 D ApkSoSource: not allowing consideration of lib/x86_64/libjsi.so: deferring to libdir
03-22 22:08:10.410 11863 11863 D ApkSoSource: not allowing consideration of lib/x86_64/libjsijniprofiler.so: deferring to libdir
03-22 22:08:10.410 11863 11863 D ApkSoSource: not allowing consideration of lib/x86_64/libjsinspector.so: deferring to libdir
03-22 22:08:10.411 11863 11863 D ApkSoSource: not allowing consideration of lib/x86_64/liblogger.so: deferring to libdir
03-22 22:08:10.411 11863 11863 D ApkSoSource: not allowing consideration of lib/x86_64/libmapbufferjni.so: deferring to libdir
03-22 22:08:10.411 11863 11863 D ApkSoSource: not allowing consideration of lib/x86_64/libnative-filters.so: deferring to libdir
03-22 22:08:10.411 11863 11863 D ApkSoSource: not allowing consideration of lib/x86_64/libnative-imagetranscoder.so: deferring to libdir
03-22 22:08:10.412 11863 11863 D ApkSoSource: not allowing consideration of lib/x86_64/libreact_codegen_rncore.so: deferring to libdir
03-22 22:08:10.412 11863 11863 D ApkSoSource: not allowing consideration of lib/x86_64/libreact_debug.so: deferring to libdir
03-22 22:08:10.413 11863 11863 D ApkSoSource: not allowing consideration of lib/x86_64/libreact_nativemodule_core.so: deferring to libdir
03-22 22:08:10.414 11863 11863 D ApkSoSource: not allowing consideration of lib/x86_64/libreact_render_animations.so: deferring to libdir
03-22 22:08:10.414 11863 11863 D ApkSoSource: not allowing consideration of lib/x86_64/libreact_render_attributedstring.so: deferring to libdir
03-22 22:08:10.415 11863 11863 D ApkSoSource: not allowing consideration of lib/x86_64/libreact_render_componentregistry.so: deferring to libdir
03-22 22:08:10.415 11863 11863 D ApkSoSource: not allowing consideration of lib/x86_64/libreact_render_core.so: deferring to libdir
03-22 22:08:10.415 11863 11863 D ApkSoSource: not allowing consideration of lib/x86_64/libreact_render_debug.so: deferring to libdir
03-22 22:08:10.416 11863 11863 D ApkSoSource: not allowing consideration of lib/x86_64/libreact_render_graphics.so: deferring to libdir
03-22 22:08:10.416 11863 11863 D ApkSoSource: not allowing consideration of lib/x86_64/libreact_render_imagemanager.so: deferring to libdir
03-22 22:08:10.416 11863 11863 D ApkSoSource: not allowing consideration of lib/x86_64/libreact_render_leakchecker.so: deferring to libdir
03-22 22:08:10.416 11863 11863 D ApkSoSource: not allowing consideration of lib/x86_64/libreact_render_mapbuffer.so: deferring to libdir
03-22 22:08:10.416 11863 11863 D ApkSoSource: not allowing consideration of lib/x86_64/libreact_render_mounting.so: deferring to libdir
03-22 22:08:10.417 11863 11863 D ApkSoSource: not allowing consideration of lib/x86_64/libreact_render_runtimescheduler.so: deferring to libdir
03-22 22:08:10.417 11863 11863 D ApkSoSource: not allowing consideration of lib/x86_64/libreact_render_scheduler.so: deferring to libdir
03-22 22:08:10.417 11863 11863 D ApkSoSource: not allowing consideration of lib/x86_64/libreact_render_telemetry.so: deferring to libdir
03-22 22:08:10.417 11863 11863 D ApkSoSource: not allowing consideration of lib/x86_64/libreact_render_templateprocessor.so: deferring to libdir
03-22 22:08:10.417 11863 11863 D ApkSoSource: not allowing consideration of lib/x86_64/libreact_render_textlayoutmanager.so: deferring to libdir
03-22 22:08:10.417 11863 11863 D ApkSoSource: not allowing consideration of lib/x86_64/libreact_render_uimanager.so: deferring to libdir
03-22 22:08:10.418 11863 11863 D ApkSoSource: not allowing consideration of lib/x86_64/libreact_utils.so: deferring to libdir
03-22 22:08:10.418 11863 11863 D ApkSoSource: not allowing consideration of lib/x86_64/libreactconfig.so: deferring to libdir
03-22 22:08:10.419 11863 11863 D ApkSoSource: not allowing consideration of lib/x86_64/libreactnativeblob.so: deferring to libdir
03-22 22:08:10.419 11863 11863 D ApkSoSource: not allowing consideration of lib/x86_64/libreactnativejni.so: deferring to libdir
03-22 22:08:10.419 11863 11863 D ApkSoSource: not allowing consideration of lib/x86_64/libreactnativeutilsjni.so: deferring to libdir
03-22 22:08:10.419 11863 11863 D ApkSoSource: not allowing consideration of lib/x86_64/libreactperfloggerjni.so: deferring to libdir
03-22 22:08:10.419 11863 11863 D ApkSoSource: not allowing consideration of lib/x86_64/librrc_image.so: deferring to libdir
03-22 22:08:10.420 11863 11863 D ApkSoSource: not allowing consideration of lib/x86_64/librrc_modal.so: deferring to libdir
03-22 22:08:10.420 11863 11863 D ApkSoSource: not allowing consideration of lib/x86_64/librrc_progressbar.so: deferring to libdir
03-22 22:08:10.420 11863 11863 D ApkSoSource: not allowing consideration of lib/x86_64/librrc_root.so: deferring to libdir
03-22 22:08:10.420 11863 11863 D ApkSoSource: not allowing consideration of lib/x86_64/librrc_scrollview.so: deferring to libdir
03-22 22:08:10.420 11863 11863 D ApkSoSource: not allowing consideration of lib/x86_64/librrc_slider.so: deferring to libdir
03-22 22:08:10.421 11863 11863 D ApkSoSource: not allowing consideration of lib/x86_64/librrc_switch.so: deferring to libdir
03-22 22:08:10.421 11863 11863 D ApkSoSource: not allowing consideration of lib/x86_64/librrc_text.so: deferring to libdir
03-22 22:08:10.421 11863 11863 D ApkSoSource: not allowing consideration of lib/x86_64/librrc_textinput.so: deferring to libdir
03-22 22:08:10.422 11863 11863 D ApkSoSource: not allowing consideration of lib/x86_64/librrc_unimplementedview.so: deferring to libdir
03-22 22:08:10.422 11863 11863 D ApkSoSource: not allowing consideration of lib/x86_64/librrc_view.so: deferring to libdir
03-22 22:08:10.422 11863 11863 D ApkSoSource: not allowing consideration of lib/x86_64/libturbomodulejsijni.so: deferring to libdir
03-22 22:08:10.422 11863 11863 D ApkSoSource: not allowing consideration of lib/x86_64/libyoga.so: deferring to libdir
03-22 22:08:10.423 11863 11863 V fb-UnpackingSoSource: regenerating DSO store com.facebook.soloader.ApkSoSource
03-22 22:08:10.424 11863 11863 V fb-UnpackingSoSource: Finished regenerating DSO store com.facebook.soloader.ApkSoSource
03-22 22:08:10.425 11863 11863 V fb-UnpackingSoSource: starting syncer worker
03-22 22:08:10.450 11863 11863 V fb-UnpackingSoSource: releasing dso store lock for /data/user/0/com.detoxsample/lib-main (from syncer thread)
03-22 22:08:10.450 11863 11863 V fb-UnpackingSoSource: not releasing dso store lock for /data/user/0/com.detoxsample/lib-main (syncer thread started)
03-22 22:08:10.451 11863 11863 D SoLoader: init finish: 4 SO sources prepared
03-22 22:08:10.452 11863 11863 D SoLoader: init exiting
03-22 22:08:10.485 11863 11863 D SoLoader: init exiting
03-22 22:08:10.488 11863 11863 D SoLoader: About to load: libjscexecutor.so
03-22 22:08:10.489 11863 11863 D SoLoader: libjscexecutor.so not found on /data/data/com.detoxsample/lib-main
03-22 22:08:10.489 11863 11863 D SoLoader: libjscexecutor.so found on /data/app/~~R9CTOu6lUdbBq1tTCK8m-g==/com.detoxsample-3UifGYhN1yiMLpQ1DGL93g==/lib/x86_64
03-22 22:08:10.489 11863 11863 D SoLoader: Not resolving dependencies for libjscexecutor.so
03-22 22:08:10.499 11863 11863 D JavaScriptCore.Version: 250230.2.1
03-22 22:08:10.500 11863 11863 D SoLoader: Loaded: libjscexecutor.so
03-22 22:08:10.510 11863 11863 D SoLoader: init exiting
03-22 22:08:10.811 11863 11902 D SoLoader: About to load: libfbjni.so
03-22 22:08:10.812 11863 11902 D SoLoader: libfbjni.so not found on /data/data/com.detoxsample/lib-main
03-22 22:08:10.812 11863 11902 D SoLoader: libfbjni.so found on /data/app/~~R9CTOu6lUdbBq1tTCK8m-g==/com.detoxsample-3UifGYhN1yiMLpQ1DGL93g==/lib/x86_64
03-22 22:08:10.812 11863 11902 D SoLoader: Not resolving dependencies for libfbjni.so
03-22 22:08:10.813 11863 11902 D SoLoader: Loaded: libfbjni.so
03-22 22:08:10.813 11863 11902 D SoLoader: About to load: libflipper.so
03-22 22:08:10.815 11863 11902 D SoLoader: libflipper.so not found on /data/data/com.detoxsample/lib-main
03-22 22:08:10.815 11863 11902 D SoLoader: libflipper.so found on /data/app/~~R9CTOu6lUdbBq1tTCK8m-g==/com.detoxsample-3UifGYhN1yiMLpQ1DGL93g==/lib/x86_64
03-22 22:08:10.815 11863 11902 D SoLoader: Not resolving dependencies for libflipper.so
03-22 22:08:10.831 11863 11902 D SoLoader: Loaded: libflipper.so
03-22 22:08:10.863 11863 11863 W com.detoxsampl: Accessing hidden field Landroid/view/View;->mKeyedTags:Landroid/util/SparseArray; (unsupported, reflection, allowed)
03-22 22:08:10.864 11863 11863 W com.detoxsampl: Accessing hidden field Landroid/view/View;->mListenerInfo:Landroid/view/View$ListenerInfo; (unsupported, reflection, allowed)
03-22 22:08:10.864 11863 11863 W com.detoxsampl: Accessing hidden field Landroid/view/View$ListenerInfo;->mOnClickListener:Landroid/view/View$OnClickListener; (unsupported, reflection, allowed)
03-22 22:08:10.886 11863 11863 I flipper : flipper: FlipperClient::addPlugin Inspector
03-22 22:08:10.887 11863 11863 I flipper : flipper: FlipperClient::addPlugin React
03-22 22:08:10.893 11863 11863 I flipper : flipper: FlipperClient::addPlugin Databases
03-22 22:08:10.896 11863 11863 I flipper : flipper: FlipperClient::addPlugin Preferences
03-22 22:08:10.896 11863 11863 I flipper : flipper: FlipperClient::addPlugin CrashReporter
03-22 22:08:10.903 11863 11863 I flipper : flipper: FlipperClient::addPlugin Network
03-22 22:08:10.931 11863 11892 I UsageTrackerFacilitator: Usage tracking enabled
03-22 22:08:10.937 11863 11892 I TestRequestBuilder: Scanning classpath to find tests in paths [/data/app/~~vAGonmFVU3MK2bbcpK5l4A==/com.detoxsample.test-oOgj3m22fOT9ZwFfgocCkw==/base.apk]
03-22 22:08:10.939 11863 11892 W com.detoxsampl: Opening an oat file without a class loader. Are you using the deprecated DexFile APIs?
03-22 22:08:11.509 11863 11892 D TestExecutor: Adding listener androidx.test.internal.runner.listener.LogRunListener
03-22 22:08:11.510 11863 11892 D TestExecutor: Adding listener androidx.test.internal.runner.listener.InstrumentationResultPrinter
03-22 22:08:11.511 11863 11892 D TestExecutor: Adding listener androidx.test.internal.runner.listener.ActivityFinisherRunListener
03-22 22:08:11.513 11863 11892 I TestRunner: run started: 1 tests
03-22 22:08:11.519 11863 11892 I TestRunner: started: runDetoxTests(com.detoxsample.DetoxTest)
03-22 22:08:11.568 11863 11892 D EventInjectionStrategy: Creating injection strategy with input manager.
03-22 22:08:11.568 11863 11892 W com.detoxsampl: Accessing hidden method Landroid/hardware/input/InputManager;->getInstance()Landroid/hardware/input/InputManager; (unsupported, reflection, allowed)
03-22 22:08:11.568 11863 11892 W com.detoxsampl: Accessing hidden method Landroid/hardware/input/InputManager;->injectInputEvent(Landroid/view/InputEvent;I)Z (unsupported, reflection, allowed)
03-22 22:08:11.568 11863 11892 W com.detoxsampl: Accessing hidden field Landroid/hardware/input/InputManager;->INJECT_INPUT_EVENT_MODE_WAIT_FOR_FINISH:I (unsupported, reflection, allowed)
03-22 22:08:11.590 11863 11892 W com.detoxsampl: Accessing hidden field Ljava/lang/reflect/Field;->accessFlags:I (unsupported, reflection, allowed)
03-22 22:08:11.639 11863 11922 D libEGL  : loaded /vendor/lib64/egl/libEGL_emulation.so
03-22 22:08:11.648 11863 11922 D libEGL  : loaded /vendor/lib64/egl/libGLESv1_CM_emulation.so
03-22 22:08:11.656 11863 11922 D libEGL  : loaded /vendor/lib64/egl/libGLESv2_emulation.so
03-22 22:08:11.753 11863 11863 D LifecycleMonitor: Lifecycle status change: com.detoxsample.MainActivity@95c1cf5 in: PRE_ON_CREATE
03-22 22:08:11.886 11863 11863 W com.detoxsampl: Accessing hidden method Landroid/view/View;->computeFitSystemWindows(Landroid/graphics/Rect;Landroid/graphics/Rect;)Z (unsupported, reflection, allowed)
03-22 22:08:11.887 11863 11863 W com.detoxsampl: Accessing hidden method Landroid/view/ViewGroup;->makeOptionalFitsSystemWindows()V (unsupported, reflection, allowed)
03-22 22:08:11.902 11863 11863 D LifecycleMonitor: Lifecycle status change: com.detoxsample.MainActivity@95c1cf5 in: CREATED
03-22 22:08:11.905 11863 11863 D LifecycleMonitor: Lifecycle status change: com.detoxsample.MainActivity@95c1cf5 in: STARTED
03-22 22:08:11.907 11863 11863 D LifecycleMonitor: Lifecycle status change: com.detoxsample.MainActivity@95c1cf5 in: RESUMED
03-22 22:08:11.913 11863 11907 D SoLoader: About to load: libreactnativejni.so
03-22 22:08:11.913 11863 11907 D SoLoader: libreactnativejni.so not found on /data/data/com.detoxsample/lib-main
03-22 22:08:11.913 11863 11907 D SoLoader: libreactnativejni.so found on /data/app/~~R9CTOu6lUdbBq1tTCK8m-g==/com.detoxsample-3UifGYhN1yiMLpQ1DGL93g==/lib/x86_64
03-22 22:08:11.913 11863 11907 D SoLoader: Not resolving dependencies for libreactnativejni.so
03-22 22:08:11.915 11863 11907 D SoLoader: Loaded: libreactnativejni.so
03-22 22:08:11.956 11863 11863 W unknown:ReactNative: Packager connection already open, nooping.
03-22 22:08:12.016 11863 11920 D HostConnection: createUnique: call
03-22 22:08:12.019 11863 11920 D HostConnection: HostConnection::get() New Host Connection established 0x73a0edf0c010, tid 11920
03-22 22:08:12.025 11863 11920 D HostConnection: HostComposition ext ANDROID_EMU_CHECKSUM_HELPER_v1 ANDROID_EMU_native_sync_v2 ANDROID_EMU_native_sync_v3 ANDROID_EMU_native_sync_v4 ANDROID_EMU_dma_v1 ANDROID_EMU_direct_mem ANDROID_EMU_host_composition_v1 ANDROID_EMU_host_composition_v2 ANDROID_EMU_YUV_Cache ANDROID_EMU_async_unmap_buffer ANDROID_EMU_has_shared_slots_host_memory_allocator ANDROID_EMU_sync_buffer_data GL_OES_EGL_image_external_essl3 GL_OES_vertex_array_object GL_KHR_texture_compression_astc_ldr ANDROID_EMU_host_side_tracing ANDROID_EMU_async_frame_commands ANDROID_EMU_gles_max_version_3_0 
03-22 22:08:12.030 11863 11920 W OpenGLRenderer: Failed to choose config with EGL_SWAP_BEHAVIOR_PRESERVED, retrying without...
03-22 22:08:12.030 11863 11920 W OpenGLRenderer: Failed to initialize 101010-2 format, error = EGL_SUCCESS
03-22 22:08:12.032 11863 11920 D EGL_emulation: eglCreateContext: 0x73a0edf0c910: maj 3 min 0 rcv 3
03-22 22:08:12.034 11863 11920 D EGL_emulation: eglMakeCurrent: 0x73a0edf0c910: ver 3 0 (tinfo 0x73a3073d2080) (first time)
03-22 22:08:12.053 11863 11920 I Gralloc4: mapper 4.x is not supported
03-22 22:08:12.058 11863 11920 D HostConnection: createUnique: call
03-22 22:08:12.059 11863 11920 D HostConnection: HostConnection::get() New Host Connection established 0x73a0edf0c250, tid 11920
03-22 22:08:12.059 11863 11920 D goldfish-address-space: allocate: Ask for block of size 0x100
03-22 22:08:12.060 11863 11920 D goldfish-address-space: allocate: ioctl allocate returned offset 0x3e3ffe000 size 0x2000
03-22 22:08:12.063 11863 11920 W Gralloc4: allocator 4.x is not supported
03-22 22:08:12.075 11863 11920 D HostConnection: HostComposition ext ANDROID_EMU_CHECKSUM_HELPER_v1 ANDROID_EMU_native_sync_v2 ANDROID_EMU_native_sync_v3 ANDROID_EMU_native_sync_v4 ANDROID_EMU_dma_v1 ANDROID_EMU_direct_mem ANDROID_EMU_host_composition_v1 ANDROID_EMU_host_composition_v2 ANDROID_EMU_YUV_Cache ANDROID_EMU_async_unmap_buffer ANDROID_EMU_has_shared_slots_host_memory_allocator ANDROID_EMU_sync_buffer_data GL_OES_EGL_image_external_essl3 GL_OES_vertex_array_object GL_KHR_texture_compression_astc_ldr ANDROID_EMU_host_side_tracing ANDROID_EMU_async_frame_commands ANDROID_EMU_gles_max_version_3_0 
03-22 22:08:12.324 11863 11892 I Detox   : Detox server connection details: url=ws://localhost:60552, sessionId=0ab49ad9-22ef-f615-5a97-ed7f802a7f11
03-22 22:08:12.341 11863 11933 I DetoxDispatcher: Handling action '_init' (ID #0)...
03-22 22:08:12.342 11863 11933 I Detox   : Connecting to server...
03-22 22:08:12.342 11863 11933 I DetoxWSClient: At connectToServer
03-22 22:08:12.356 11863 11932 W unknown:ReactContext: initializeMessageQueueThreads() is called.
03-22 22:08:12.363 11863 11937 D DetoxWSClient: At onOpen
03-22 22:08:12.363 11863 11937 I DetoxWSClient: Sending out action 'login' (ID #0)
03-22 22:08:12.368 11863 11937 I Detox   : Connected to server!
03-22 22:08:12.372 11863 11863 W unknown:ReactNative: Packager connection already open, nooping.
03-22 22:08:12.373 11863 11937 D DetoxWSClient: Received action 'loginSuccess' (ID #0, params={"testerConnected":true,"appConnected":true})
03-22 22:08:12.376 11863 11937 D DetoxWSClient: Received action 'isReady' (ID #-1000, params={})
03-22 22:08:12.465 11863 11936 W unknown:ViewManagerPropertyUpdater: Could not find generated setter for class com.facebook.react.views.drawer.ReactDrawerLayoutManager
03-22 22:08:12.473 11863 11936 W unknown:ViewManagerPropertyUpdater: Could not find generated setter for class com.facebook.react.uimanager.LayoutShadowNode
03-22 22:08:12.479 11863 11936 W unknown:ViewManagerPropertyUpdater: Could not find generated setter for class com.facebook.react.views.scroll.ReactHorizontalScrollViewManager
03-22 22:08:12.483 11863 11936 W unknown:ViewManagerPropertyUpdater: Could not find generated setter for class com.facebook.react.views.scroll.ReactHorizontalScrollContainerViewManager
03-22 22:08:12.484 11863 11936 W unknown:ViewManagerPropertyUpdater: Could not find generated setter for class com.facebook.react.views.progressbar.ReactProgressBarViewManager
03-22 22:08:12.486 11863 11936 W unknown:ViewManagerPropertyUpdater: Could not find generated setter for class com.facebook.react.views.progressbar.ProgressBarShadowNode
03-22 22:08:12.489 11863 11936 W unknown:ViewManagerPropertyUpdater: Could not find generated setter for class com.facebook.react.views.scroll.ReactScrollViewManager
03-22 22:08:12.493 11863 11936 W unknown:ViewManagerPropertyUpdater: Could not find generated setter for class com.facebook.react.views.slider.ReactSliderManager
03-22 22:08:12.495 11863 11936 W unknown:ViewManagerPropertyUpdater: Could not find generated setter for class com.facebook.react.views.slider.ReactSliderManager$ReactSliderShadowNode
03-22 22:08:12.496 11863 11936 W unknown:ViewManagerPropertyUpdater: Could not find generated setter for class com.facebook.react.views.switchview.ReactSwitchManager
03-22 22:08:12.497 11863 11936 W unknown:ViewManagerPropertyUpdater: Could not find generated setter for class com.facebook.react.views.switchview.ReactSwitchManager$ReactSwitchShadowNode
03-22 22:08:12.499 11863 11936 W unknown:ViewManagerPropertyUpdater: Could not find generated setter for class com.facebook.react.views.swiperefresh.SwipeRefreshLayoutManager
03-22 22:08:12.500 11863 11936 W unknown:ViewManagerPropertyUpdater: Could not find generated setter for class com.facebook.react.views.text.frescosupport.FrescoBasedReactTextInlineImageViewManager
03-22 22:08:12.501 11863 11936 W unknown:ViewManagerPropertyUpdater: Could not find generated setter for class com.facebook.react.views.text.frescosupport.FrescoBasedReactTextInlineImageShadowNode
03-22 22:08:12.504 11863 11936 W unknown:ViewManagerPropertyUpdater: Could not find generated setter for class com.facebook.react.views.image.ReactImageManager
03-22 22:08:12.505 11863 11936 W unknown:ViewManagerPropertyUpdater: Could not find generated setter for class com.facebook.react.views.modal.ReactModalHostManager
03-22 22:08:12.506 11863 11936 W unknown:ViewManagerPropertyUpdater: Could not find generated setter for class com.facebook.react.views.modal.ModalHostShadowNode
03-22 22:08:12.507 11863 11936 W unknown:ViewManagerPropertyUpdater: Could not find generated setter for class com.facebook.react.views.text.ReactRawTextManager
03-22 22:08:12.509 11863 11936 W unknown:ViewManagerPropertyUpdater: Could not find generated setter for class com.facebook.react.views.text.ReactRawTextShadowNode
03-22 22:08:12.511 11863 11936 W unknown:ViewManagerPropertyUpdater: Could not find generated setter for class com.facebook.react.views.textinput.ReactTextInputManager
03-22 22:08:12.515 11863 11936 W unknown:ViewManagerPropertyUpdater: Could not find generated setter for class com.facebook.react.views.textinput.ReactTextInputShadowNode
03-22 22:08:12.518 11863 11936 W unknown:ViewManagerPropertyUpdater: Could not find generated setter for class com.facebook.react.views.text.ReactTextViewManager
03-22 22:08:12.520 11863 11936 W unknown:ViewManagerPropertyUpdater: Could not find generated setter for class com.facebook.react.views.text.ReactTextShadowNode
03-22 22:08:12.520 11863 11936 W unknown:ViewManagerPropertyUpdater: Could not find generated setter for class com.facebook.react.views.view.ReactViewManager
03-22 22:08:12.523 11863 11936 W unknown:ViewManagerPropertyUpdater: Could not find generated setter for class com.facebook.react.views.text.ReactVirtualTextViewManager
03-22 22:08:12.523 11863 11936 W unknown:ViewManagerPropertyUpdater: Could not find generated setter for class com.facebook.react.views.text.ReactVirtualTextShadowNode
03-22 22:08:12.524 11863 11936 W unknown:ViewManagerPropertyUpdater: Could not find generated setter for class com.facebook.react.views.unimplementedview.ReactUnimplementedViewManager
03-22 22:08:12.551 11863 11936 W unknown:ReactContext: initializeMessageQueueThreads() is called.
03-22 22:08:12.565 11863 11936 D SoLoader: About to load: libyoga.so
03-22 22:08:12.566 11863 11936 D SoLoader: libyoga.so not found on /data/data/com.detoxsample/lib-main
03-22 22:08:12.567 11863 11936 D SoLoader: libyoga.so found on /data/app/~~R9CTOu6lUdbBq1tTCK8m-g==/com.detoxsample-3UifGYhN1yiMLpQ1DGL93g==/lib/x86_64
03-22 22:08:12.567 11863 11936 D SoLoader: Not resolving dependencies for libyoga.so
03-22 22:08:12.570 11863 11936 D SoLoader: Loaded: libyoga.so
03-22 22:08:12.588 11863 11863 I DetoxRNLoading: Got new RN-context async'ly through listener
03-22 22:08:12.591 11863 11933 I DetoxRNIdleRes: Setting up Espresso Idling Resources for React Native
03-22 22:08:12.603 11863 11935 D SoLoader: About to load: libreactnativeblob.so
03-22 22:08:12.604 11863 11935 D SoLoader: libreactnativeblob.so not found on /data/data/com.detoxsample/lib-main
03-22 22:08:12.604 11863 11935 D SoLoader: libreactnativeblob.so found on /data/app/~~R9CTOu6lUdbBq1tTCK8m-g==/com.detoxsample-3UifGYhN1yiMLpQ1DGL93g==/lib/x86_64
03-22 22:08:12.604 11863 11935 D SoLoader: Not resolving dependencies for libreactnativeblob.so
03-22 22:08:12.607 11863 11935 D SoLoader: Loaded: libreactnativeblob.so
03-22 22:08:12.640 11863 11933 D AsyncStorageIR: Checking whether a custom IR for Async-Storage is required... (legacy=false)
03-22 22:08:12.640 11863 11933 D DetoxRNHelpers: Native RN module resolution (class com.reactnativecommunity.asyncstorage.AsyncStorageModule): no such class
03-22 22:08:12.640 11863 11933 D AsyncStorageIR: Checking whether a custom IR for Async-Storage is required... (legacy=true)
03-22 22:08:12.649 11863 11933 D AsyncStorageIR: IR for Async-Storage is required! (legacy=true)
03-22 22:08:12.652 11863 11863 D AsyncStorageIRLegacy: Async-storage is busy!
03-22 22:08:12.670 11863 11933 I DetoxDispatcher: Done with action '_init'
03-22 22:08:12.670 11863 11933 I DetoxDispatcher: Handling action 'isReady' (ID #-1000)...
03-22 22:08:12.680 11863 11863 W com.detoxsampl: Accessing hidden method Landroid/os/MessageQueue;->next()Landroid/os/Message; (unsupported, reflection, allowed)
03-22 22:08:12.680 11863 11863 W com.detoxsampl: Accessing hidden field Landroid/os/MessageQueue;->mMessages:Landroid/os/Message; (unsupported, reflection, allowed)
03-22 22:08:12.680 11863 11863 W com.detoxsampl: Accessing hidden method Landroid/os/Message;->recycleUnchecked()V (unsupported, reflection, allowed)
03-22 22:08:12.740 11863 11936 I flipper : flipper: FlipperClient::addPlugin Fresco
03-22 22:08:12.752 11863 11936 I WebViewFactory: Loading com.google.android.webview version 91.0.4472.114 (code 447211487)
03-22 22:08:12.797 11863 11936 W com.detoxsampl: Accessing hidden method Landroid/os/Trace;->isTagEnabled(J)Z (unsupported, reflection, allowed)
03-22 22:08:12.797 11863 11936 W com.detoxsampl: Accessing hidden method Landroid/os/Trace;->traceBegin(JLjava/lang/String;)V (unsupported, reflection, allowed)
03-22 22:08:12.797 11863 11936 W com.detoxsampl: Accessing hidden method Landroid/os/Trace;->traceEnd(J)V (unsupported, reflection, allowed)
03-22 22:08:12.797 11863 11936 W com.detoxsampl: Accessing hidden method Landroid/os/Trace;->asyncTraceBegin(JLjava/lang/String;I)V (unsupported, reflection, allowed)
03-22 22:08:12.797 11863 11936 W com.detoxsampl: Accessing hidden method Landroid/os/Trace;->asyncTraceEnd(JLjava/lang/String;I)V (unsupported, reflection, allowed)
03-22 22:08:12.829 11863 11936 I cr_LibraryLoader: Loaded native library version number "91.0.4472.114"
03-22 22:08:12.830 11863 11936 I cr_CachingUmaRecorder: Flushed 4 samples from 4 histograms.
03-22 22:08:12.859 11863 11935 I ReactNativeJS: Running "DetoxSample" with {"rootTag":1}
03-22 22:08:13.074 11863 11863 D CompatibilityChangeReporter: Compat change id reported: 171228096; UID 10200; state: ENABLED
03-22 22:08:13.079 11863 11863 W com.detoxsampl: Accessing hidden field Landroid/widget/ScrollView;->mScroller:Landroid/widget/OverScroller; (unsupported, reflection, allowed)
03-22 22:08:13.136 11863 11863 I Detox   : Wait is over: app is now idle!
03-22 22:08:13.136 11863 11933 I DetoxWSClient: Sending out action 'ready' (ID #-1000)
03-22 22:08:13.136 11863 11933 I DetoxDispatcher: Done with action 'isReady'
03-22 22:08:13.136 11863 11933 I DetoxDispatcher: Handling action 'loginSuccess' (ID #0)...
03-22 22:08:13.137 11863 11933 I DetoxDispatcher: Done with action 'loginSuccess'
03-22 22:08:13.137 11863 11933 I DetoxDispatcher: Handling action 'isReady' (ID #-1000)...
03-22 22:08:13.153 11863 11863 I Detox   : Wait is over: app is now idle!
03-22 22:08:13.154 11863 11933 I DetoxWSClient: Sending out action 'ready' (ID #-1000)
03-22 22:08:13.154 11863 11933 I DetoxDispatcher: Done with action 'isReady'
