--------- beginning of main
03-22 00:56:52.008 16646 16891 I WebViewFactory: Loading com.google.android.webview version 99.0.4844.58 (code 484405833)
03-22 00:56:52.068 16646 16888 I ReactNativeJS: Running "DetoxSample" with {"rootTag":1}
03-22 00:56:52.131 16646 16891 W com.detoxsampl: Accessing hidden method Landroid/os/Trace;->isTagEnabled(J)Z (greylist, reflection, allowed)
03-22 00:56:52.131 16646 16891 W com.detoxsampl: Accessing hidden method Landroid/os/Trace;->traceBegin(JLjava/lang/String;)V (greylist, reflection, allowed)
03-22 00:56:52.131 16646 16891 W com.detoxsampl: Accessing hidden method Landroid/os/Trace;->traceEnd(J)V (greylist, reflection, allowed)
03-22 00:56:52.131 16646 16891 W com.detoxsampl: Accessing hidden method Landroid/os/Trace;->asyncTraceBegin(JLjava/lang/String;I)V (greylist, reflection, allowed)
03-22 00:56:52.131 16646 16891 W com.detoxsampl: Accessing hidden method Landroid/os/Trace;->asyncTraceEnd(JLjava/lang/String;I)V (greylist, reflection, allowed)
03-22 00:56:52.138 16646 16891 I cr_WVCFactoryProvider: Loaded version=99.0.4844.58 minSdkVersion=29 isBundle=true multiprocess=true packageId=3
03-22 00:56:52.212 16646 16891 I cr_LibraryLoader: Successfully loaded native library
03-22 00:56:52.215 16646 16891 I cr_CachingUmaRecorder: Flushed 8 samples from 8 histograms.
03-22 00:56:52.386 16646 16646 I Detox   : UIManagerModule is busy
03-22 00:56:52.416 16646 16646 W com.detoxsampl: Accessing hidden field Landroid/widget/ScrollView;->mScroller:Landroid/widget/OverScroller; (greylist, reflection, allowed)
03-22 00:56:52.482 16646 17059 D SoLoader: About to load: libimagepipeline.so
03-22 00:56:52.482 16646 17059 D SoLoader: libimagepipeline.so not found on /data/data/com.detoxsample/lib-main
03-22 00:56:52.482 16646 17059 D SoLoader: libimagepipeline.so found on /data/app/~~p_wVuHhLc1M8opDvdaxQ3A==/com.detoxsample-eu-U1ag7nhH7rb73fv8fog==/lib/arm64
03-22 00:56:52.482 16646 17059 D SoLoader: Not resolving dependencies for libimagepipeline.so
03-22 00:56:52.483 16646 16646 I Detox   : Wait is over: app is now idle!
03-22 00:56:52.483 16646 16885 I DetoxWSClient: Sending out action 'ready' (ID #-1000)
03-22 00:56:52.483 16646 16885 I DetoxDispatcher: Done with action 'isReady'
03-22 00:56:52.484 16646 16885 I DetoxDispatcher: Handling action 'loginSuccess' (ID #0)...
03-22 00:56:52.484 16646 16885 I DetoxDispatcher: Done with action 'loginSuccess'
03-22 00:56:52.484 16646 16885 I DetoxDispatcher: Handling action 'isReady' (ID #-1000)...
03-22 00:56:52.488 16646 17059 D SoLoader: Loaded: libimagepipeline.so
03-22 00:56:52.489 16646 16646 I Detox   : Wait is over: app is now idle!
03-22 00:56:52.489 16646 16885 I DetoxWSClient: Sending out action 'ready' (ID #-1000)
03-22 00:56:52.489 16646 16885 I DetoxDispatcher: Done with action 'isReady'
03-22 00:56:52.552 16646 16887 D DetoxWSClient: Received action 'reactNativeReload' (ID #-1000, params={})
03-22 00:56:52.552 16646 16885 I DetoxDispatcher: Handling action 'reactNativeReload' (ID #-1000)...
03-22 00:56:52.815 16646 16885 I DetoxRNExt: Reloading React Native
03-22 00:56:52.839 16646 16646 I TouchFilterInputStageHelper: [needTouchEventFilter] Displayid : 0
03-22 00:56:52.842 16646 16646 D HandGripFilter: getdisplaysize, x : 1080 y : 2340
03-22 00:56:53.018 16646 16646 W unknown:ReactNative: Packager connection already open, nooping.
03-22 00:56:53.019 16646 16891 E unknown:ReactContextBaseJavaModule: Unhandled SoftException
03-22 00:56:53.019 16646 16891 E unknown:ReactContextBaseJavaModule: java.lang.RuntimeException: Catalyst Instance has already disappeared: requested by DeviceInfo
03-22 00:56:53.019 16646 16891 E unknown:ReactContextBaseJavaModule: 	at com.facebook.react.bridge.ReactContextBaseJavaModule.getReactApplicationContextIfActiveOrWarn(ReactContextBaseJavaModule.java:66)
03-22 00:56:53.019 16646 16891 E unknown:ReactContextBaseJavaModule: 	at com.facebook.react.modules.deviceinfo.DeviceInfoModule.invalidate(DeviceInfoModule.java:114)
03-22 00:56:53.019 16646 16891 E unknown:ReactContextBaseJavaModule: 	at com.facebook.react.bridge.ModuleHolder.destroy(ModuleHolder.java:110)
03-22 00:56:53.019 16646 16891 E unknown:ReactContextBaseJavaModule: 	at com.facebook.react.bridge.NativeModuleRegistry.notifyJSInstanceDestroy(NativeModuleRegistry.java:108)
03-22 00:56:53.019 16646 16891 E unknown:ReactContextBaseJavaModule: 	at com.facebook.react.bridge.CatalystInstanceImpl$1.run(CatalystInstanceImpl.java:368)
03-22 00:56:53.019 16646 16891 E unknown:ReactContextBaseJavaModule: 	at android.os.Handler.handleCallback(Handler.java:938)
03-22 00:56:53.019 16646 16891 E unknown:ReactContextBaseJavaModule: 	at android.os.Handler.dispatchMessage(Handler.java:99)
03-22 00:56:53.019 16646 16891 E unknown:ReactContextBaseJavaModule: 	at com.facebook.react.bridge.queue.MessageQueueThreadHandler.dispatchMessage(MessageQueueThreadHandler.java:27)
03-22 00:56:53.019 16646 16891 E unknown:ReactContextBaseJavaModule: 	at androidx.test.espresso.base.Interrogator.loopAndInterrogate(Interrogator.java:14)
03-22 00:56:53.019 16646 16891 E unknown:ReactContextBaseJavaModule: 	at androidx.test.espresso.base.LooperIdlingResourceInterrogationHandler$2.run(LooperIdlingResourceInterrogationHandler.java:3)
03-22 00:56:53.019 16646 16891 E unknown:ReactContextBaseJavaModule: 	at android.os.Handler.handleCallback(Handler.java:938)
03-22 00:56:53.019 16646 16891 E unknown:ReactContextBaseJavaModule: 	at android.os.Handler.dispatchMessage(Handler.java:99)
03-22 00:56:53.019 16646 16891 E unknown:ReactContextBaseJavaModule: 	at android.os.Looper.loop(Looper.java:223)
03-22 00:56:53.019 16646 16891 E unknown:ReactContextBaseJavaModule: 	at com.facebook.react.bridge.queue.MessageQueueThreadImpl$4.run(MessageQueueThreadImpl.java:226)
03-22 00:56:53.019 16646 16891 E unknown:ReactContextBaseJavaModule: 	at java.lang.Thread.run(Thread.java:923)
03-22 00:56:53.020 16646 16891 E unknown:ReactContextBaseJavaModule: Unhandled SoftException
03-22 00:56:53.020 16646 16891 E unknown:ReactContextBaseJavaModule: java.lang.RuntimeException: Catalyst Instance has already disappeared: requested by AppState
03-22 00:56:53.020 16646 16891 E unknown:ReactContextBaseJavaModule: 	at com.facebook.react.bridge.ReactContextBaseJavaModule.getReactApplicationContextIfActiveOrWarn(ReactContextBaseJavaModule.java:66)
03-22 00:56:53.020 16646 16891 E unknown:ReactContextBaseJavaModule: 	at com.facebook.react.modules.appstate.AppStateModule.invalidate(AppStateModule.java:127)
03-22 00:56:53.020 16646 16891 E unknown:ReactContextBaseJavaModule: 	at com.facebook.react.bridge.ModuleHolder.destroy(ModuleHolder.java:110)
03-22 00:56:53.020 16646 16891 E unknown:ReactContextBaseJavaModule: 	at com.facebook.react.bridge.NativeModuleRegistry.notifyJSInstanceDestroy(NativeModuleRegistry.java:108)
03-22 00:56:53.020 16646 16891 E unknown:ReactContextBaseJavaModule: 	at com.facebook.react.bridge.CatalystInstanceImpl$1.run(CatalystInstanceImpl.java:368)
03-22 00:56:53.020 16646 16891 E unknown:ReactContextBaseJavaModule: 	at android.os.Handler.handleCallback(Handler.java:938)
03-22 00:56:53.020 16646 16891 E unknown:ReactContextBaseJavaModule: 	at android.os.Handler.dispatchMessage(Handler.java:99)
03-22 00:56:53.020 16646 16891 E unknown:ReactContextBaseJavaModule: 	at com.facebook.react.bridge.queue.MessageQueueThreadHandler.dispatchMessage(MessageQueueThreadHandler.java:27)
03-22 00:56:53.020 16646 16891 E unknown:ReactContextBaseJavaModule: 	at androidx.test.espresso.base.Interrogator.loopAndInterrogate(Interrogator.java:14)
03-22 00:56:53.020 16646 16891 E unknown:ReactContextBaseJavaModule: 	at androidx.test.espresso.base.LooperIdlingResourceInterrogationHandler$2.run(LooperIdlingResourceInterrogationHandler.java:3)
03-22 00:56:53.020 16646 16891 E unknown:ReactContextBaseJavaModule: 	at android.os.Handler.handleCallback(Handler.java:938)
03-22 00:56:53.020 16646 16891 E unknown:ReactContextBaseJavaModule: 	at android.os.Handler.dispatchMessage(Handler.java:99)
03-22 00:56:53.020 16646 16891 E unknown:ReactContextBaseJavaModule: 	at android.os.Looper.loop(Looper.java:223)
03-22 00:56:53.020 16646 16891 E unknown:ReactContextBaseJavaModule: 	at com.facebook.react.bridge.queue.MessageQueueThreadImpl$4.run(MessageQueueThreadImpl.java:226)
03-22 00:56:53.020 16646 16891 E unknown:ReactContextBaseJavaModule: 	at java.lang.Thread.run(Thread.java:923)
03-22 00:56:53.020 16646 16891 E unknown:ReactContextBaseJavaModule: Unhandled SoftException
03-22 00:56:53.020 16646 16891 E unknown:ReactContextBaseJavaModule: java.lang.RuntimeException: Catalyst Instance has already disappeared: requested by NativeAnimatedModule
03-22 00:56:53.020 16646 16891 E unknown:ReactContextBaseJavaModule: 	at com.facebook.react.bridge.ReactContextBaseJavaModule.getReactApplicationContextIfActiveOrWarn(ReactContextBaseJavaModule.java:66)
03-22 00:56:53.020 16646 16891 E unknown:ReactContextBaseJavaModule: 	at com.facebook.react.animated.NativeAnimatedModule.invalidate(NativeAnimatedModule.java:897)
03-22 00:56:53.020 16646 16891 E unknown:ReactContextBaseJavaModule: 	at com.facebook.react.bridge.ModuleHolder.destroy(ModuleHolder.java:110)
03-22 00:56:53.020 16646 16891 E unknown:ReactContextBaseJavaModule: 	at com.facebook.react.bridge.NativeModuleRegistry.notifyJSInstanceDestroy(NativeModuleRegistry.java:108)
03-22 00:56:53.020 16646 16891 E unknown:ReactContextBaseJavaModule: 	at com.facebook.react.bridge.CatalystInstanceImpl$1.run(CatalystInstanceImpl.java:368)
03-22 00:56:53.020 16646 16891 E unknown:ReactContextBaseJavaModule: 	at android.os.Handler.handleCallback(Handler.java:938)
03-22 00:56:53.020 16646 16891 E unknown:ReactContextBaseJavaModule: 	at android.os.Handler.dispatchMessage(Handler.java:99)
03-22 00:56:53.020 16646 16891 E unknown:ReactContextBaseJavaModule: 	at com.facebook.react.bridge.queue.MessageQueueThreadHandler.dispatchMessage(MessageQueueThreadHandler.java:27)
03-22 00:56:53.020 16646 16891 E unknown:ReactContextBaseJavaModule: 	at androidx.test.espresso.base.Interrogator.loopAndInterrogate(Interrogator.java:14)
03-22 00:56:53.020 16646 16891 E unknown:ReactContextBaseJavaModule: 	at androidx.test.espresso.base.LooperIdlingResourceInterrogationHandler$2.run(LooperIdlingResourceInterrogationHandler.java:3)
03-22 00:56:53.020 16646 16891 E unknown:ReactContextBaseJavaModule: 	at android.os.Handler.handleCallback(Handler.java:938)
03-22 00:56:53.020 16646 16891 E unknown:ReactContextBaseJavaModule: 	at android.os.Handler.dispatchMessage(Handler.java:99)
03-22 00:56:53.020 16646 16891 E unknown:ReactContextBaseJavaModule: 	at android.os.Looper.loop(Looper.java:223)
03-22 00:56:53.020 16646 16891 E unknown:ReactContextBaseJavaModule: 	at com.facebook.react.bridge.queue.MessageQueueThreadImpl$4.run(MessageQueueThreadImpl.java:226)
03-22 00:56:53.020 16646 16891 E unknown:ReactContextBaseJavaModule: 	at java.lang.Thread.run(Thread.java:923)
03-22 00:56:53.020 16646 16891 E unknown:ReactContextBaseJavaModule: Unhandled SoftException
03-22 00:56:53.020 16646 16891 E unknown:ReactContextBaseJavaModule: java.lang.RuntimeException: Catalyst Instance has already disappeared: requested by FrescoModule
03-22 00:56:53.020 16646 16891 E unknown:ReactContextBaseJavaModule: 	at com.facebook.react.bridge.ReactContextBaseJavaModule.getReactApplicationContextIfActiveOrWarn(ReactContextBaseJavaModule.java:66)
03-22 00:56:53.020 16646 16891 E unknown:ReactContextBaseJavaModule: 	at com.facebook.react.modules.fresco.FrescoModule.invalidate(FrescoModule.java:202)
03-22 00:56:53.020 16646 16891 E unknown:ReactContextBaseJavaModule: 	at com.facebook.react.bridge.ModuleHolder.destroy(ModuleHolder.java:110)
03-22 00:56:53.020 16646 16891 E unknown:ReactContextBaseJavaModule: 	at com.facebook.react.bridge.NativeModuleRegistry.notifyJSInstanceDestroy(NativeModuleRegistry.java:108)
03-22 00:56:53.020 16646 16891 E unknown:ReactContextBaseJavaModule: 	at com.facebook.react.bridge.CatalystInstanceImpl$1.run(CatalystInstanceImpl.java:368)
03-22 00:56:53.020 16646 16891 E unknown:ReactContextBaseJavaModule: 	at android.os.Handler.handleCallback(Handler.java:938)
03-22 00:56:53.020 16646 16891 E unknown:ReactContextBaseJavaModule: 	at android.os.Handler.dispatchMessage(Handler.java:99)
03-22 00:56:53.020 16646 16891 E unknown:ReactContextBaseJavaModule: 	at com.facebook.react.bridge.queue.MessageQueueThreadHandler.dispatchMessage(MessageQueueThreadHandler.java:27)
03-22 00:56:53.020 16646 16891 E unknown:ReactContextBaseJavaModule: 	at androidx.test.espresso.base.Interrogator.loopAndInterrogate(Interrogator.java:14)
03-22 00:56:53.020 16646 16891 E unknown:ReactContextBaseJavaModule: 	at androidx.test.espresso.base.LooperIdlingResourceInterrogationHandler$2.run(LooperIdlingResourceInterrogationHandler.java:3)
03-22 00:56:53.020 16646 16891 E unknown:ReactContextBaseJavaModule: 	at android.os.Handler.handleCallback(Handler.java:938)
03-22 00:56:53.020 16646 16891 E unknown:ReactContextBaseJavaModule: 	at android.os.Handler.dispatchMessage(Handler.java:99)
03-22 00:56:53.020 16646 16891 E unknown:ReactContextBaseJavaModule: 	at android.os.Looper.loop(Looper.java:223)
03-22 00:56:53.020 16646 16891 E unknown:ReactContextBaseJavaModule: 	at com.facebook.react.bridge.queue.MessageQueueThreadImpl$4.run(MessageQueueThreadImpl.java:226)
03-22 00:56:53.020 16646 16891 E unknown:ReactContextBaseJavaModule: 	at java.lang.Thread.run(Thread.java:923)
03-22 00:56:53.029 16646 16646 E unknown:ReactInstanceManager: destroyRootView called
03-22 00:56:53.029 16646 16646 E unknown:ReactInstanceManager: destroyRootView called, unmountReactApplication
03-22 00:56:53.050 16646 17092 W unknown:ReactContext: initializeMessageQueueThreads() is called.
03-22 00:56:53.056 16646 17095 W unknown:ViewManagerPropertyUpdater: Could not find generated setter for class com.facebook.react.views.drawer.ReactDrawerLayoutManager
03-22 00:56:53.058 16646 17095 W unknown:ViewManagerPropertyUpdater: Could not find generated setter for class com.facebook.react.uimanager.LayoutShadowNode
03-22 00:56:53.059 16646 17095 W unknown:ViewManagerPropertyUpdater: Could not find generated setter for class com.facebook.react.views.scroll.ReactHorizontalScrollViewManager
03-22 00:56:53.061 16646 16646 W unknown:ReactNative: Packager connection already open, nooping.
03-22 00:56:53.064 16646 17095 W unknown:ViewManagerPropertyUpdater: Could not find generated setter for class com.facebook.react.views.scroll.ReactHorizontalScrollContainerViewManager
03-22 00:56:53.065 16646 17095 W unknown:ViewManagerPropertyUpdater: Could not find generated setter for class com.facebook.react.views.progressbar.ReactProgressBarViewManager
03-22 00:56:53.066 16646 17095 W unknown:ViewManagerPropertyUpdater: Could not find generated setter for class com.facebook.react.views.progressbar.ProgressBarShadowNode
03-22 00:56:53.066 16646 17095 W unknown:ViewManagerPropertyUpdater: Could not find generated setter for class com.facebook.react.views.scroll.ReactScrollViewManager
03-22 00:56:53.068 16646 17095 W unknown:ViewManagerPropertyUpdater: Could not find generated setter for class com.facebook.react.views.slider.ReactSliderManager
03-22 00:56:53.070 16646 17095 W unknown:ViewManagerPropertyUpdater: Could not find generated setter for class com.facebook.react.views.slider.ReactSliderManager$ReactSliderShadowNode
03-22 00:56:53.070 16646 17095 W unknown:ViewManagerPropertyUpdater: Could not find generated setter for class com.facebook.react.views.switchview.ReactSwitchManager
03-22 00:56:53.071 16646 17095 W unknown:ViewManagerPropertyUpdater: Could not find generated setter for class com.facebook.react.views.switchview.ReactSwitchManager$ReactSwitchShadowNode
03-22 00:56:53.072 16646 17095 W unknown:ViewManagerPropertyUpdater: Could not find generated setter for class com.facebook.react.views.swiperefresh.SwipeRefreshLayoutManager
03-22 00:56:53.073 16646 17095 W unknown:ViewManagerPropertyUpdater: Could not find generated setter for class com.facebook.react.views.text.frescosupport.FrescoBasedReactTextInlineImageViewManager
03-22 00:56:53.073 16646 17095 W unknown:ViewManagerPropertyUpdater: Could not find generated setter for class com.facebook.react.views.text.frescosupport.FrescoBasedReactTextInlineImageShadowNode
03-22 00:56:53.074 16646 17095 W unknown:ViewManagerPropertyUpdater: Could not find generated setter for class com.facebook.react.views.image.ReactImageManager
03-22 00:56:53.075 16646 17095 W unknown:ViewManagerPropertyUpdater: Could not find generated setter for class com.facebook.react.views.modal.ReactModalHostManager
03-22 00:56:53.076 16646 17095 W unknown:ViewManagerPropertyUpdater: Could not find generated setter for class com.facebook.react.views.modal.ModalHostShadowNode
03-22 00:56:53.076 16646 17095 W unknown:ViewManagerPropertyUpdater: Could not find generated setter for class com.facebook.react.views.text.ReactRawTextManager
03-22 00:56:53.077 16646 17095 W unknown:ViewManagerPropertyUpdater: Could not find generated setter for class com.facebook.react.views.text.ReactRawTextShadowNode
03-22 00:56:53.078 16646 17095 W unknown:ViewManagerPropertyUpdater: Could not find generated setter for class com.facebook.react.views.textinput.ReactTextInputManager
03-22 00:56:53.079 16646 17095 W unknown:ViewManagerPropertyUpdater: Could not find generated setter for class com.facebook.react.views.textinput.ReactTextInputShadowNode
03-22 00:56:53.081 16646 17095 W unknown:ViewManagerPropertyUpdater: Could not find generated setter for class com.facebook.react.views.text.ReactTextViewManager
03-22 00:56:53.082 16646 17095 W unknown:ViewManagerPropertyUpdater: Could not find generated setter for class com.facebook.react.views.text.ReactTextShadowNode
03-22 00:56:53.083 16646 17095 W unknown:ViewManagerPropertyUpdater: Could not find generated setter for class com.facebook.react.views.view.ReactViewManager
03-22 00:56:53.084 16646 17095 W unknown:ViewManagerPropertyUpdater: Could not find generated setter for class com.facebook.react.views.text.ReactVirtualTextViewManager
03-22 00:56:53.085 16646 17095 W unknown:ViewManagerPropertyUpdater: Could not find generated setter for class com.facebook.react.views.text.ReactVirtualTextShadowNode
03-22 00:56:53.085 16646 17095 W unknown:ViewManagerPropertyUpdater: Could not find generated setter for class com.facebook.react.views.unimplementedview.ReactUnimplementedViewManager
03-22 00:56:53.086 16646 17095 W unknown:ReactContext: initializeMessageQueueThreads() is called.
03-22 00:56:53.087 16646 16646 I DetoxRNLoading: Got new RN-context async'ly through listener
03-22 00:56:53.087 16646 16885 I DetoxRNIdleRes: Setting up Espresso Idling Resources for React Native
03-22 00:56:53.090 16646 16885 D AsyncStorageIR: Checking whether a custom IR for Async-Storage is required... (legacy=false)
03-22 00:56:53.091 16646 16885 D DetoxRNHelpers: Native RN module resolution (class com.reactnativecommunity.asyncstorage.AsyncStorageModule): no such class
03-22 00:56:53.091 16646 16885 D AsyncStorageIR: Checking whether a custom IR for Async-Storage is required... (legacy=true)
03-22 00:56:53.091 16646 16885 D AsyncStorageIR: IR for Async-Storage is required! (legacy=true)
03-22 00:56:53.093 16646 16646 D AsyncStorageIRLegacy: Async-storage is busy!
03-22 00:56:53.094 16646 16885 I DetoxWSClient: Sending out action 'ready' (ID #-1000)
03-22 00:56:53.094 16646 16885 I DetoxDispatcher: Done with action 'reactNativeReload'
03-22 00:56:53.107 16646 16887 D DetoxWSClient: Received action 'invoke' (ID #1, params={"target":{"type":"Class","value":"com.wix.detox.espresso.DetoxAssertion"},"method":"assertMatcher","args":[{"type":"Invocation","value":{"target":{"type":"Class","value":"androidx.test.espresso.Espresso"},"method":"onView","args":[{"type":"Invocation","value":{"target":{"type":"Class","value":"com.wix.detox.espresso.DetoxMatcher"},"method":"matcherForText","args":["Step One"]}}]}},{"type":"Invocation","value":{"target":{"type":"Class","value":"com.wix.detox.espresso.DetoxMatcher"},"method":"matcherForSufficientlyVisible","args":[{"type":"Integer","value":75}]}}]})
03-22 00:56:53.108 16646 16885 I DetoxDispatcher: Handling action 'invoke' (ID #1)...
03-22 00:56:53.112 16646 16885 D Detox   : class com.wix.detox.espresso.DetoxMatcher, matcherForText, [Step One]
03-22 00:56:53.119 16646 16885 D Detox   : class androidx.test.espresso.Espresso, onView, [(an instance of android.widget.TextView and view.getText() with or without transformation to match: is "Step One" and view has effective visibility <VISIBLE>)]
03-22 00:56:53.120 16646 16885 D Detox   : class com.wix.detox.espresso.DetoxMatcher, matcherForSufficientlyVisible, [75]
03-22 00:56:53.121 16646 16885 D Detox   : class com.wix.detox.espresso.DetoxAssertion, assertMatcher, [androidx.test.espresso.ViewInteraction@6e210ad, (view has effective visibility <VISIBLE> and view.getGlobalVisibleRect() covers at least <75> percent of the view's area)]
03-22 00:56:53.303 16646 17094 I ReactNativeJS: Running "DetoxSample" with {"rootTag":11}
03-22 00:56:53.497 16646 17045 E unknown:ReactContextBaseJavaModule: Unhandled SoftException
03-22 00:56:53.497 16646 17045 E unknown:ReactContextBaseJavaModule: java.lang.RuntimeException: Catalyst Instance has already disappeared: requested by WebSocketModule
03-22 00:56:53.497 16646 17045 E unknown:ReactContextBaseJavaModule: 	at com.facebook.react.bridge.ReactContextBaseJavaModule.getReactApplicationContextIfActiveOrWarn(ReactContextBaseJavaModule.java:66)
03-22 00:56:53.497 16646 17045 E unknown:ReactContextBaseJavaModule: 	at com.facebook.react.modules.websocket.WebSocketModule.sendEvent(WebSocketModule.java:62)
03-22 00:56:53.497 16646 17045 E unknown:ReactContextBaseJavaModule: 	at com.facebook.react.modules.websocket.WebSocketModule.access$100(WebSocketModule.java:40)
03-22 00:56:53.497 16646 17045 E unknown:ReactContextBaseJavaModule: 	at com.facebook.react.modules.websocket.WebSocketModule$1.onMessage(WebSocketModule.java:190)
03-22 00:56:53.497 16646 17045 E unknown:ReactContextBaseJavaModule: 	at okhttp3.internal.ws.RealWebSocket.onReadMessage(RealWebSocket.kt:333)
03-22 00:56:53.497 16646 17045 E unknown:ReactContextBaseJavaModule: 	at okhttp3.internal.ws.WebSocketReader.readMessageFrame(WebSocketReader.kt:245)
03-22 00:56:53.497 16646 17045 E unknown:ReactContextBaseJavaModule: 	at okhttp3.internal.ws.WebSocketReader.processNextFrame(WebSocketReader.kt:106)
03-22 00:56:53.497 16646 17045 E unknown:ReactContextBaseJavaModule: 	at okhttp3.internal.ws.RealWebSocket.loopReader(RealWebSocket.kt:293)
03-22 00:56:53.497 16646 17045 E unknown:ReactContextBaseJavaModule: 	at okhttp3.internal.ws.RealWebSocket$connect$1.onResponse(RealWebSocket.kt:195)
03-22 00:56:53.497 16646 17045 E unknown:ReactContextBaseJavaModule: 	at okhttp3.internal.connection.RealCall$AsyncCall.run(RealCall.kt:519)
03-22 00:56:53.497 16646 17045 E unknown:ReactContextBaseJavaModule: 	at java.util.concurrent.ThreadPoolExecutor.runWorker(ThreadPoolExecutor.java:1167)
03-22 00:56:53.497 16646 17045 E unknown:ReactContextBaseJavaModule: 	at java.util.concurrent.ThreadPoolExecutor$Worker.run(ThreadPoolExecutor.java:641)
03-22 00:56:53.497 16646 17045 E unknown:ReactContextBaseJavaModule: 	at java.lang.Thread.run(Thread.java:923)
03-22 00:56:53.497 16646 17045 I chatty  : uid=10480(com.detoxsample) alhost:8081/... identical 1 line
03-22 00:56:53.499 16646 17045 E unknown:ReactContextBaseJavaModule: Unhandled SoftException
03-22 00:56:53.499 16646 17045 E unknown:ReactContextBaseJavaModule: java.lang.RuntimeException: Catalyst Instance has already disappeared: requested by WebSocketModule
03-22 00:56:53.499 16646 17045 E unknown:ReactContextBaseJavaModule: 	at com.facebook.react.bridge.ReactContextBaseJavaModule.getReactApplicationContextIfActiveOrWarn(ReactContextBaseJavaModule.java:66)
03-22 00:56:53.499 16646 17045 E unknown:ReactContextBaseJavaModule: 	at com.facebook.react.modules.websocket.WebSocketModule.sendEvent(WebSocketModule.java:62)
03-22 00:56:53.499 16646 17045 E unknown:ReactContextBaseJavaModule: 	at com.facebook.react.modules.websocket.WebSocketModule.access$100(WebSocketModule.java:40)
03-22 00:56:53.499 16646 17045 E unknown:ReactContextBaseJavaModule: 	at com.facebook.react.modules.websocket.WebSocketModule$1.onMessage(WebSocketModule.java:190)
03-22 00:56:53.499 16646 17045 E unknown:ReactContextBaseJavaModule: 	at okhttp3.internal.ws.RealWebSocket.onReadMessage(RealWebSocket.kt:333)
03-22 00:56:53.499 16646 17045 E unknown:ReactContextBaseJavaModule: 	at okhttp3.internal.ws.WebSocketReader.readMessageFrame(WebSocketReader.kt:245)
03-22 00:56:53.499 16646 17045 E unknown:ReactContextBaseJavaModule: 	at okhttp3.internal.ws.WebSocketReader.processNextFrame(WebSocketReader.kt:106)
03-22 00:56:53.499 16646 17045 E unknown:ReactContextBaseJavaModule: 	at okhttp3.internal.ws.RealWebSocket.loopReader(RealWebSocket.kt:293)
03-22 00:56:53.499 16646 17045 E unknown:ReactContextBaseJavaModule: 	at okhttp3.internal.ws.RealWebSocket$connect$1.onResponse(RealWebSocket.kt:195)
03-22 00:56:53.499 16646 17045 E unknown:ReactContextBaseJavaModule: 	at okhttp3.internal.connection.RealCall$AsyncCall.run(RealCall.kt:519)
03-22 00:56:53.499 16646 17045 E unknown:ReactContextBaseJavaModule: 	at java.util.concurrent.ThreadPoolExecutor.runWorker(ThreadPoolExecutor.java:1167)
03-22 00:56:53.499 16646 17045 E unknown:ReactContextBaseJavaModule: 	at java.util.concurrent.ThreadPoolExecutor$Worker.run(ThreadPoolExecutor.java:641)
03-22 00:56:53.499 16646 17045 E unknown:ReactContextBaseJavaModule: 	at java.lang.Thread.run(Thread.java:923)
03-22 00:56:53.500 16646 16646 W com.detoxsampl: Accessing hidden method Landroid/view/WindowManagerGlobal;->getInstance()Landroid/view/WindowManagerGlobal; (greylist, reflection, allowed)
03-22 00:56:53.500 16646 16646 W com.detoxsampl: Accessing hidden field Landroid/view/WindowManagerGlobal;->mViews:Ljava/util/ArrayList; (greylist, reflection, allowed)
03-22 00:56:53.500 16646 16646 W com.detoxsampl: Accessing hidden field Landroid/view/WindowManagerGlobal;->mParams:Ljava/util/ArrayList; (greylist, reflection, allowed)
03-22 00:56:53.530 16646 16646 I ViewInteraction: Checking 'MatchesViewAssertion(Detox){viewMatcher=(view has effective visibility <VISIBLE> and view.getGlobalVisibleRect() covers at least <75> percent of the view's area)}' assertion on view (an instance of android.widget.TextView and view.getText() with or without transformation to match: is "Step One" and view has effective visibility <VISIBLE>)
03-22 00:56:53.532 16646 16885 I DetoxActionHandlers: Test exception
03-22 00:56:53.532 16646 16885 I DetoxActionHandlers: java.lang.reflect.InvocationTargetException
03-22 00:56:53.532 16646 16885 I DetoxActionHandlers: 	at java.lang.reflect.Method.invoke(Native Method)
03-22 00:56:53.532 16646 16885 I DetoxActionHandlers: 	at org.apache.commons.lang3.reflect.MethodUtils.invokeStaticMethod(MethodUtils.java:443)
03-22 00:56:53.532 16646 16885 I DetoxActionHandlers: 	at org.apache.commons.lang3.reflect.MethodUtils.invokeStaticMethod(MethodUtils.java:405)
03-22 00:56:53.532 16646 16885 I DetoxActionHandlers: 	at com.wix.invoke.types.ClassTarget.execute(ClassTarget.java:23)
03-22 00:56:53.532 16646 16885 I DetoxActionHandlers: 	at com.wix.invoke.types.Target.invoke(Target.java:59)
03-22 00:56:53.532 16646 16885 I DetoxActionHandlers: 	at com.wix.invoke.MethodInvocation.invoke(MethodInvocation.java:35)
03-22 00:56:53.532 16646 16885 I DetoxActionHandlers: 	at com.wix.invoke.MethodInvocation.invoke(MethodInvocation.java:26)
03-22 00:56:53.532 16646 16885 I DetoxActionHandlers: 	at com.wix.invoke.MethodInvocation.invoke(MethodInvocation.java:20)
03-22 00:56:53.532 16646 16885 I DetoxActionHandlers: 	at com.wix.detox.adapters.server.InvokeActionHandler.handle(DetoxActionHandlers.kt:54)
03-22 00:56:53.532 16646 16885 I DetoxActionHandlers: 	at com.wix.detox.adapters.server.ActionsExecutor$executeAction$$inlined$let$lambda$1.run(DetoxActionsDispatcher.kt:64)
03-22 00:56:53.532 16646 16885 I DetoxActionHandlers: 	at android.os.Handler.handleCallback(Handler.java:938)
03-22 00:56:53.532 16646 16885 I DetoxActionHandlers: 	at android.os.Handler.dispatchMessage(Handler.java:99)
03-22 00:56:53.532 16646 16885 I DetoxActionHandlers: 	at android.os.Looper.loop(Looper.java:223)
03-22 00:56:53.532 16646 16885 I DetoxActionHandlers: 	at com.wix.detox.adapters.server.ActionsExecutor$1.run(DetoxActionsDispatcher.kt:50)
03-22 00:56:53.532 16646 16885 I DetoxActionHandlers: 	at java.lang.Thread.run(Thread.java:923)
03-22 00:56:53.532 16646 16885 I DetoxActionHandlers: Caused by: androidx.test.espresso.base.DefaultFailureHandler$AssertionFailedWithCauseError: '(view has effective visibility <VISIBLE> and view.getGlobalVisibleRect() covers at least <75> percent of the view's area)' doesn't match the selected view.
03-22 00:56:53.532 16646 16885 I DetoxActionHandlers: Expected: (view has effective visibility <VISIBLE> and view.getGlobalVisibleRect() covers at least <75> percent of the view's area)
03-22 00:56:53.532 16646 16885 I DetoxActionHandlers:      Got: was null
03-22 00:56:53.532 16646 16885 I DetoxActionHandlers: 
03-22 00:56:53.532 16646 16885 I DetoxActionHandlers: 	at dalvik.system.VMStack.getThreadStackTrace(Native Method)
03-22 00:56:53.532 16646 16885 I DetoxActionHandlers: 	at java.lang.Thread.getStackTrace(Thread.java:1736)
03-22 00:56:53.532 16646 16885 I DetoxActionHandlers: 	at androidx.test.espresso.base.DefaultFailureHandler.getUserFriendlyError(DefaultFailureHandler.java:12)
03-22 00:56:53.532 16646 16885 I DetoxActionHandlers: 	at androidx.test.espresso.base.DefaultFailureHandler.handle(DefaultFailureHandler.java:7)
03-22 00:56:53.532 16646 16885 I DetoxActionHandlers: 	at androidx.test.espresso.ViewInteraction.waitForAndHandleInteractionResults(ViewInteraction.java:5)
03-22 00:56:53.532 16646 16885 I DetoxActionHandlers: 	at androidx.test.espresso.ViewInteraction.check(ViewInteraction.java:12)
03-22 00:56:53.532 16646 16885 I DetoxActionHandlers: 	at com.wix.detox.espresso.DetoxAssertion.assertMatcher(DetoxAssertion.java:32)
03-22 00:56:53.532 16646 16885 I DetoxActionHandlers: 	... 15 more
03-22 00:56:53.532 16646 16885 I DetoxActionHandlers: Caused by: junit.framework.AssertionFailedError: '(view has effective visibility <VISIBLE> and view.getGlobalVisibleRect() covers at least <75> percent of the view's area)' doesn't match the selected view.
03-22 00:56:53.532 16646 16885 I DetoxActionHandlers: Expected: (view has effective visibility <VISIBLE> and view.getGlobalVisibleRect() covers at least <75> percent of the view's area)
03-22 00:56:53.532 16646 16885 I DetoxActionHandlers:      Got: was null
03-22 00:56:53.532 16646 16885 I DetoxActionHandlers: 
03-22 00:56:53.532 16646 16885 I DetoxActionHandlers: 	at androidx.test.espresso.matcher.ViewMatchers.assertThat(ViewMatchers.java:16)
03-22 00:56:53.532 16646 16885 I DetoxActionHandlers: 	at com.wix.detox.espresso.assertion.ViewAssertions$MatchesViewAssertion.check(ViewAssertions.java:52)
03-22 00:56:53.532 16646 16885 I DetoxActionHandlers: 	at androidx.test.espresso.ViewInteraction$SingleExecutionViewAssertion.check(ViewInteraction.java:2)
03-22 00:56:53.532 16646 16885 I DetoxActionHandlers: 	at androidx.test.espresso.ViewInteraction$2.call(ViewInteraction.java:12)
03-22 00:56:53.532 16646 16885 I DetoxActionHandlers: 	at androidx.test.espresso.ViewInteraction$2.call(ViewInteraction.java:1)
03-22 00:56:53.532 16646 16885 I DetoxActionHandlers: 	at java.util.concurrent.FutureTask.run(FutureTask.java:266)
03-22 00:56:53.532 16646 16885 I DetoxActionHandlers: 	at android.os.Handler.handleCallback(Handler.java:938)
03-22 00:56:53.532 16646 16885 I DetoxActionHandlers: 	at android.os.Handler.dispatchMessage(Handler.java:99)
03-22 00:56:53.532 16646 16885 I DetoxActionHandlers: 	at android.os.Looper.loop(Looper.java:223)
03-22 00:56:53.532 16646 16885 I DetoxActionHandlers: 	at android.app.ActivityThread.main(ActivityThread.java:7868)
03-22 00:56:53.532 16646 16885 I DetoxActionHandlers: 	at java.lang.reflect.Method.invoke(Native Method)
03-22 00:56:53.532 16646 16885 I DetoxActionHandlers: 	at com.android.internal.os.RuntimeInit$MethodAndArgsCaller.run(RuntimeInit.java:592)
03-22 00:56:53.532 16646 16885 I DetoxActionHandlers: 	at com.android.internal.os.ZygoteInit.main(ZygoteInit.java:981)
03-22 00:56:53.533 16646 16885 I DetoxWSClient: Sending out action 'testFailed' (ID #1)
03-22 00:56:53.533 16646 16885 I DetoxDispatcher: Done with action 'invoke'
