--------- beginning of main
03-22 17:21:04.002  8930  8992 W unknown:ReactContext: initializeMessageQueueThreads() is called.
03-22 17:21:04.023  8930  8930 W unknown:ReactNative: Packager connection already open, nooping.
03-22 17:21:04.093  8930  9000 W unknown:ViewManagerPropertyUpdater: Could not find generated setter for class com.facebook.react.views.drawer.ReactDrawerLayoutManager
03-22 17:21:04.108  8930  9000 W unknown:ViewManagerPropertyUpdater: Could not find generated setter for class com.facebook.react.uimanager.LayoutShadowNode
03-22 17:21:04.111  8930  9000 W unknown:ViewManagerPropertyUpdater: Could not find generated setter for class com.facebook.react.views.scroll.ReactHorizontalScrollViewManager
03-22 17:21:04.116  8930  9000 W unknown:ViewManagerPropertyUpdater: Could not find generated setter for class com.facebook.react.views.scroll.ReactHorizontalScrollContainerViewManager
03-22 17:21:04.117  8930  9000 W unknown:ViewManagerPropertyUpdater: Could not find generated setter for class com.facebook.react.views.progressbar.ReactProgressBarViewManager
03-22 17:21:04.120  8930  9000 W unknown:ViewManagerPropertyUpdater: Could not find generated setter for class com.facebook.react.views.progressbar.ProgressBarShadowNode
03-22 17:21:04.123  8930  9000 W unknown:ViewManagerPropertyUpdater: Could not find generated setter for class com.facebook.react.views.scroll.ReactScrollViewManager
03-22 17:21:04.125  8930  9000 W unknown:ViewManagerPropertyUpdater: Could not find generated setter for class com.facebook.react.views.slider.ReactSliderManager
03-22 17:21:04.126  8930  9000 W unknown:ViewManagerPropertyUpdater: Could not find generated setter for class com.facebook.react.views.slider.ReactSliderManager$ReactSliderShadowNode
03-22 17:21:04.128  8930  9000 W unknown:ViewManagerPropertyUpdater: Could not find generated setter for class com.facebook.react.views.switchview.ReactSwitchManager
03-22 17:21:04.130  8930  9000 W unknown:ViewManagerPropertyUpdater: Could not find generated setter for class com.facebook.react.views.switchview.ReactSwitchManager$ReactSwitchShadowNode
03-22 17:21:04.131  8930  9000 W unknown:ViewManagerPropertyUpdater: Could not find generated setter for class com.facebook.react.views.swiperefresh.SwipeRefreshLayoutManager
03-22 17:21:04.132  8930  9000 W unknown:ViewManagerPropertyUpdater: Could not find generated setter for class com.facebook.react.views.text.frescosupport.FrescoBasedReactTextInlineImageViewManager
03-22 17:21:04.133  8930  9000 W unknown:ViewManagerPropertyUpdater: Could not find generated setter for class com.facebook.react.views.text.frescosupport.FrescoBasedReactTextInlineImageShadowNode
03-22 17:21:04.137  8930  9000 W unknown:ViewManagerPropertyUpdater: Could not find generated setter for class com.facebook.react.views.image.ReactImageManager
03-22 17:21:04.139  8930  9000 W unknown:ViewManagerPropertyUpdater: Could not find generated setter for class com.facebook.react.views.modal.ReactModalHostManager
03-22 17:21:04.140  8930  9000 W unknown:ViewManagerPropertyUpdater: Could not find generated setter for class com.facebook.react.views.modal.ModalHostShadowNode
03-22 17:21:04.140  8930  9000 W unknown:ViewManagerPropertyUpdater: Could not find generated setter for class com.facebook.react.views.text.ReactRawTextManager
03-22 17:21:04.141  8930  9000 W unknown:ViewManagerPropertyUpdater: Could not find generated setter for class com.facebook.react.views.text.ReactRawTextShadowNode
03-22 17:21:04.142  8930  9000 W unknown:ViewManagerPropertyUpdater: Could not find generated setter for class com.facebook.react.views.textinput.ReactTextInputManager
03-22 17:21:04.146  8930  9000 W unknown:ViewManagerPropertyUpdater: Could not find generated setter for class com.facebook.react.views.textinput.ReactTextInputShadowNode
03-22 17:21:04.149  8930  9000 W unknown:ViewManagerPropertyUpdater: Could not find generated setter for class com.facebook.react.views.text.ReactTextViewManager
03-22 17:21:04.152  8930  9000 W unknown:ViewManagerPropertyUpdater: Could not find generated setter for class com.facebook.react.views.text.ReactTextShadowNode
03-22 17:21:04.153  8930  9000 W unknown:ViewManagerPropertyUpdater: Could not find generated setter for class com.facebook.react.views.view.ReactViewManager
03-22 17:21:04.155  8930  9000 W unknown:ViewManagerPropertyUpdater: Could not find generated setter for class com.facebook.react.views.text.ReactVirtualTextViewManager
03-22 17:21:04.155  8930  9000 W unknown:ViewManagerPropertyUpdater: Could not find generated setter for class com.facebook.react.views.text.ReactVirtualTextShadowNode
03-22 17:21:04.156  8930  9000 W unknown:ViewManagerPropertyUpdater: Could not find generated setter for class com.facebook.react.views.unimplementedview.ReactUnimplementedViewManager
03-22 17:21:04.177  8930  9000 W unknown:ReactContext: initializeMessageQueueThreads() is called.
03-22 17:21:04.189  8930  9000 D SoLoader: About to load: libyoga.so
03-22 17:21:04.189  8930  9000 D SoLoader: libyoga.so not found on /data/data/com.detoxsample/lib-main
03-22 17:21:04.190  8930  9000 D SoLoader: libyoga.so found on /data/app/~~7_SxxWlXvvPkyQJAMwf6Rw==/com.detoxsample-fGf4-pv5yWhe7QoswsbT5Q==/lib/x86_64
03-22 17:21:04.190  8930  9000 D SoLoader: Not resolving dependencies for libyoga.so
03-22 17:21:04.191  8930  9000 D SoLoader: Loaded: libyoga.so
03-22 17:21:04.207  8930  8930 I DetoxRNLoading: Got new RN-context async'ly through listener
03-22 17:21:04.212  8930  8994 I DetoxRNIdleRes: Setting up Espresso Idling Resources for React Native
03-22 17:21:04.240  8930  8994 D AsyncStorageIR: Checking whether a custom IR for Async-Storage is required... (legacy=false)
03-22 17:21:04.241  8930  8994 D DetoxRNHelpers: Native RN module resolution (class com.reactnativecommunity.asyncstorage.AsyncStorageModule): no such class
03-22 17:21:04.242  8930  8994 D AsyncStorageIR: Checking whether a custom IR for Async-Storage is required... (legacy=true)
03-22 17:21:04.247  8930  8994 D AsyncStorageIR: IR for Async-Storage is required! (legacy=true)
03-22 17:21:04.252  8930  8930 D AsyncStorageIRLegacy: Async-storage is busy!
03-22 17:21:04.256  8930  8997 D SoLoader: About to load: libreactnativeblob.so
03-22 17:21:04.256  8930  8997 D SoLoader: libreactnativeblob.so not found on /data/data/com.detoxsample/lib-main
03-22 17:21:04.256  8930  8997 D SoLoader: libreactnativeblob.so found on /data/app/~~7_SxxWlXvvPkyQJAMwf6Rw==/com.detoxsample-fGf4-pv5yWhe7QoswsbT5Q==/lib/x86_64
03-22 17:21:04.257  8930  8997 D SoLoader: Not resolving dependencies for libreactnativeblob.so
03-22 17:21:04.262  8930  8997 D SoLoader: Loaded: libreactnativeblob.so
03-22 17:21:04.265  8930  8994 I DetoxDispatcher: Done with action '_init'
03-22 17:21:04.265  8930  8994 I DetoxDispatcher: Handling action 'isReady' (ID #-1000)...
03-22 17:21:04.271  8930  8930 W com.detoxsampl: Accessing hidden method Landroid/os/MessageQueue;->next()Landroid/os/Message; (unsupported, reflection, allowed)
03-22 17:21:04.271  8930  8930 W com.detoxsampl: Accessing hidden field Landroid/os/MessageQueue;->mMessages:Landroid/os/Message; (unsupported, reflection, allowed)
03-22 17:21:04.272  8930  8930 W com.detoxsampl: Accessing hidden method Landroid/os/Message;->recycleUnchecked()V (unsupported, reflection, allowed)
03-22 17:21:04.314  8930  9000 I flipper : flipper: FlipperClient::addPlugin Fresco
03-22 17:21:04.325  8930  9000 I WebViewFactory: Loading com.google.android.webview version 91.0.4472.114 (code 447211487)
03-22 17:21:04.365  8930  9000 W com.detoxsampl: Accessing hidden method Landroid/os/Trace;->isTagEnabled(J)Z (unsupported, reflection, allowed)
03-22 17:21:04.365  8930  9000 W com.detoxsampl: Accessing hidden method Landroid/os/Trace;->traceBegin(JLjava/lang/String;)V (unsupported, reflection, allowed)
03-22 17:21:04.365  8930  9000 W com.detoxsampl: Accessing hidden method Landroid/os/Trace;->traceEnd(J)V (unsupported, reflection, allowed)
03-22 17:21:04.365  8930  9000 W com.detoxsampl: Accessing hidden method Landroid/os/Trace;->asyncTraceBegin(JLjava/lang/String;I)V (unsupported, reflection, allowed)
03-22 17:21:04.365  8930  9000 W com.detoxsampl: Accessing hidden method Landroid/os/Trace;->asyncTraceEnd(JLjava/lang/String;I)V (unsupported, reflection, allowed)
03-22 17:21:04.398  8930  9000 I cr_LibraryLoader: Loaded native library version number "91.0.4472.114"
03-22 17:21:04.402  8930  9000 I cr_CachingUmaRecorder: Flushed 4 samples from 4 histograms.
03-22 17:21:04.469  8930  8997 I ReactNativeJS: Running "DetoxSample" with {"rootTag":1}
03-22 17:21:04.618  8930  8930 D CompatibilityChangeReporter: Compat change id reported: 171228096; UID 10154; state: ENABLED
03-22 17:21:04.619  8930  8930 W com.detoxsampl: Accessing hidden field Landroid/widget/ScrollView;->mScroller:Landroid/widget/OverScroller; (unsupported, reflection, allowed)
03-22 17:21:04.659  8930  8930 I Detox   : Wait is over: app is now idle!
03-22 17:21:04.659  8930  8994 I DetoxWSClient: Sending out action 'ready' (ID #-1000)
03-22 17:21:04.660  8930  8994 I DetoxDispatcher: Done with action 'isReady'
03-22 17:21:04.664  8930  8994 I DetoxDispatcher: Handling action 'loginSuccess' (ID #0)...
03-22 17:21:04.664  8930  8994 I DetoxDispatcher: Done with action 'loginSuccess'
03-22 17:21:04.664  8930  8994 I DetoxDispatcher: Handling action 'isReady' (ID #-1000)...
03-22 17:21:04.677  8930  8930 I Detox   : Wait is over: app is now idle!
03-22 17:21:04.677  8930  8994 I DetoxWSClient: Sending out action 'ready' (ID #-1000)
03-22 17:21:04.678  8930  8994 I DetoxDispatcher: Done with action 'isReady'
03-22 17:21:04.726  8930  8996 D DetoxWSClient: Received action 'invoke' (ID #1, params={"target":{"type":"Class","value":"com.wix.detox.espresso.EspressoDetox"},"method":"perform","args":[{"type":"Invocation","value":{"target":{"type":"Class","value":"androidx.test.espresso.Espresso"},"method":"onView","args":[{"type":"Invocation","value":{"target":{"type":"Class","value":"com.wix.detox.espresso.DetoxMatcher"},"method":"matcherForTestId","args":["initRazorpay"]}}]}},{"type":"Invocation","value":{"target":{"type":"Class","value":"com.wix.detox.espresso.DetoxViewActions"},"method":"click","args":[]}}]})
03-22 17:21:04.728  8930  8994 I DetoxDispatcher: Handling action 'invoke' (ID #1)...
03-22 17:21:04.750  8930  8994 D Detox   : class com.wix.detox.espresso.DetoxMatcher, matcherForTestId, [initRazorpay]
03-22 17:21:04.787  8930  8994 D Detox   : class androidx.test.espresso.Espresso, onView, [(view.getTag() is "initRazorpay" and view has effective visibility <VISIBLE>)]
03-22 17:21:04.789  8930  8994 D Detox   : class com.wix.detox.espresso.DetoxViewActions, click, []
03-22 17:21:04.797  8930  8994 W com.detoxsampl: Accessing hidden method Landroid/view/ViewConfiguration;->getDoubleTapMinTime()I (unsupported, reflection, allowed)
03-22 17:21:04.812  8930  8994 D Detox   : class com.wix.detox.espresso.EspressoDetox, perform, [androidx.test.espresso.ViewInteraction@77f187d, com.wix.detox.espresso.action.RNClickAction@841b372]
03-22 17:21:04.856  8930  8930 W com.detoxsampl: Accessing hidden method Landroid/view/WindowManagerGlobal;->getInstance()Landroid/view/WindowManagerGlobal; (unsupported, reflection, allowed)
03-22 17:21:04.857  8930  8930 W com.detoxsampl: Accessing hidden field Landroid/view/WindowManagerGlobal;->mViews:Ljava/util/ArrayList; (unsupported, reflection, allowed)
03-22 17:21:04.858  8930  8930 W com.detoxsampl: Accessing hidden field Landroid/view/WindowManagerGlobal;->mParams:Ljava/util/ArrayList; (unsupported, reflection, allowed)
03-22 17:21:04.872  8930  8930 I ViewInteraction: Performing 'com.wix.detox.espresso.action.detoxsingletap@ee54440 click' action on view (view.getTag() is "initRazorpay" and view has effective visibility <VISIBLE>)
03-22 17:21:04.917  8930  8997 I ReactNativeJS: clicked
03-22 17:21:05.204  8930  8983 D EGL_emulation: app_time_stats: avg=350.45ms min=13.68ms max=733.54ms count=4
03-22 17:21:05.226  8930  8930 I Detox   : AnimatedModule is busy.
03-22 17:21:05.230  8930  8930 I Detox   : AnimatedModule is busy.
03-22 17:21:05.244  8930  8930 I Detox   : AnimatedModule is busy.
03-22 17:21:05.262  8930  8930 I Detox   : AnimatedModule is busy.
03-22 17:21:05.281  8930  8930 I Detox   : AnimatedModule is busy.
03-22 17:21:05.297  8930  8930 I Detox   : AnimatedModule is busy.
03-22 17:21:05.312  8930  8930 I Detox   : AnimatedModule is busy.
03-22 17:21:05.329  8930  8930 I Detox   : AnimatedModule is busy.
03-22 17:21:05.344  8930  8930 I Detox   : AnimatedModule is busy.
03-22 17:21:05.363  8930  8930 I Detox   : AnimatedModule is busy.
03-22 17:21:05.379  8930  8930 I Detox   : AnimatedModule is busy.
03-22 17:21:05.395  8930  8930 I Detox   : AnimatedModule is busy.
03-22 17:21:05.829  8930  8994 I DetoxWSClient: Sending out action 'invokeResult' (ID #1)
03-22 17:21:05.829  8930  8994 I DetoxDispatcher: Done with action 'invoke'
03-22 17:21:05.836  8930  8996 D DetoxWSClient: Received action 'invoke' (ID #2, params={"target":{"type":"Class","value":"com.wix.detox.espresso.DetoxAssertion"},"method":"assertMatcher","args":[{"type":"Invocation","value":{"target":{"type":"Class","value":"androidx.test.espresso.Espresso"},"method":"onView","args":[{"type":"Invocation","value":{"target":{"type":"Class","value":"com.wix.detox.espresso.DetoxMatcher"},"method":"matcherForText","args":["Razorpay Initialized"]}}]}},{"type":"Invocation","value":{"target":{"type":"Class","value":"com.wix.detox.espresso.DetoxMatcher"},"method":"matcherForSufficientlyVisible","args":[{"type":"Integer","value":75}]}}]})
03-22 17:21:05.837  8930  8994 I DetoxDispatcher: Handling action 'invoke' (ID #2)...
03-22 17:21:05.837  8930  8994 D Detox   : class com.wix.detox.espresso.DetoxMatcher, matcherForText, [Razorpay Initialized]
03-22 17:21:05.839  8930  8994 D Detox   : class androidx.test.espresso.Espresso, onView, [(an instance of android.widget.TextView and view.getText() with or without transformation to match: is "Razorpay Initialized" and view has effective visibility <VISIBLE>)]
03-22 17:21:05.840  8930  8994 D Detox   : class com.wix.detox.espresso.DetoxMatcher, matcherForSufficientlyVisible, [75]
03-22 17:21:05.841  8930  8994 D Detox   : class com.wix.detox.espresso.DetoxAssertion, assertMatcher, [androidx.test.espresso.ViewInteraction@7f526bf, (view has effective visibility <VISIBLE> and view.getGlobalVisibleRect() covers at least <75> percent of the view's area)]
03-22 17:21:05.849  8930  8930 I ViewInteraction: Checking 'MatchesViewAssertion(Detox){viewMatcher=(view has effective visibility <VISIBLE> and view.getGlobalVisibleRect() covers at least <75> percent of the view's area)}' assertion on view (an instance of android.widget.TextView and view.getText() with or without transformation to match: is "Razorpay Initialized" and view has effective visibility <VISIBLE>)
03-22 17:21:05.850  8930  8994 I DetoxWSClient: Sending out action 'invokeResult' (ID #2)
03-22 17:21:05.850  8930  8994 I DetoxDispatcher: Done with action 'invoke'
