--------- beginning of main
03-22 21:57:59.676 10328 10393 I DetoxWSClient: Sending out action 'invokeResult' (ID #1)
03-22 21:57:59.676 10328 10393 I DetoxDispatcher: Done with action 'invoke'
03-22 21:57:59.687 10328 10395 D DetoxWSClient: Received action 'invoke' (ID #2, params={"target":{"type":"Class","value":"com.wix.detox.espresso.DetoxAssertion"},"method":"assertMatcher","args":[{"type":"Invocation","value":{"target":{"type":"Class","value":"androidx.test.espresso.Espresso"},"method":"onView","args":[{"type":"Invocation","value":{"target":{"type":"Class","value":"com.wix.detox.espresso.DetoxMatcher"},"method":"matcherForText","args":["Razorpay Initialized"]}}]}},{"type":"Invocation","value":{"target":{"type":"Class","value":"com.wix.detox.espresso.DetoxMatcher"},"method":"matcherForSufficientlyVisible","args":[{"type":"Integer","value":75}]}}]})
03-22 21:57:59.687 10328 10393 I DetoxDispatcher: Handling action 'invoke' (ID #2)...
03-22 21:57:59.688 10328 10393 D Detox   : class com.wix.detox.espresso.DetoxMatcher, matcherForText, [Razorpay Initialized]
03-22 21:57:59.691 10328 10393 D Detox   : class androidx.test.espresso.Espresso, onView, [(an instance of android.widget.TextView and view.getText() with or without transformation to match: is "Razorpay Initialized" and view has effective visibility <VISIBLE>)]
03-22 21:57:59.691 10328 10393 D Detox   : class com.wix.detox.espresso.DetoxMatcher, matcherForSufficientlyVisible, [75]
03-22 21:57:59.692 10328 10393 D Detox   : class com.wix.detox.espresso.DetoxAssertion, assertMatcher, [androidx.test.espresso.ViewInteraction@be9e18c, (view has effective visibility <VISIBLE> and view.getGlobalVisibleRect() covers at least <75> percent of the view's area)]
03-22 21:57:59.699 10328 10328 I ViewInteraction: Checking 'MatchesViewAssertion(Detox){viewMatcher=(view has effective visibility <VISIBLE> and view.getGlobalVisibleRect() covers at least <75> percent of the view's area)}' assertion on view (an instance of android.widget.TextView and view.getText() with or without transformation to match: is "Razorpay Initialized" and view has effective visibility <VISIBLE>)
03-22 21:57:59.700 10328 10393 I DetoxWSClient: Sending out action 'invokeResult' (ID #2)
03-22 21:57:59.701 10328 10393 I DetoxDispatcher: Done with action 'invoke'
03-22 21:57:59.754 10328 10395 D DetoxWSClient: Received action 'invoke' (ID #3, params={"target":{"type":"Class","value":"com.wix.detox.espresso.EspressoDetox"},"method":"perform","args":[{"type":"Invocation","value":{"target":{"type":"Class","value":"androidx.test.espresso.Espresso"},"method":"onView","args":[{"type":"Invocation","value":{"target":{"type":"Class","value":"com.wix.detox.espresso.DetoxMatcher"},"method":"matcherForTestId","args":["cards"]}}]}},{"type":"Invocation","value":{"target":{"type":"Class","value":"com.wix.detox.espresso.DetoxViewActions"},"method":"click","args":[]}}]})
03-22 21:57:59.755 10328 10393 I DetoxDispatcher: Handling action 'invoke' (ID #3)...
03-22 21:57:59.755 10328 10393 D Detox   : class com.wix.detox.espresso.DetoxMatcher, matcherForTestId, [cards]
03-22 21:57:59.756 10328 10393 D Detox   : class androidx.test.espresso.Espresso, onView, [(view.getTag() is "cards" and view has effective visibility <VISIBLE>)]
03-22 21:57:59.756 10328 10393 D Detox   : class com.wix.detox.espresso.DetoxViewActions, click, []
03-22 21:57:59.757 10328 10393 D Detox   : class com.wix.detox.espresso.EspressoDetox, perform, [androidx.test.espresso.ViewInteraction@395e0d5, com.wix.detox.espresso.action.RNClickAction@b0fd0ea]
03-22 21:57:59.765 10328 10328 I ViewInteraction: Performing 'com.wix.detox.espresso.action.detoxsingletap@65f6fdb click' action on view (view.getTag() is "cards" and view has effective visibility <VISIBLE>)
03-22 21:57:59.801 10328 10381 D EGL_emulation: app_time_stats: avg=77.66ms min=13.39ms max=1049.89ms count=17
03-22 21:58:00.898 10328 10393 I DetoxWSClient: Sending out action 'invokeResult' (ID #3)
03-22 21:58:00.899 10328 10393 I DetoxDispatcher: Done with action 'invoke'
03-22 21:58:00.906 10328 10395 D DetoxWSClient: Received action 'invoke' (ID #4, params={"target":{"type":"Class","value":"com.wix.detox.espresso.EspressoDetox"},"method":"perform","args":[{"type":"Invocation","value":{"target":{"type":"Class","value":"androidx.test.espresso.Espresso"},"method":"onView","args":[{"type":"Invocation","value":{"target":{"type":"Class","value":"com.wix.detox.espresso.DetoxMatcher"},"method":"matcherForTestId","args":["cardNumber"]}}]}},{"type":"Invocation","value":{"target":{"type":"Class","value":"androidx.test.espresso.action.ViewActions"},"method":"replaceText","args":["4111111111111111"]}}]})
03-22 21:58:00.907 10328 10393 I DetoxDispatcher: Handling action 'invoke' (ID #4)...
03-22 21:58:00.907 10328 10393 D Detox   : class com.wix.detox.espresso.DetoxMatcher, matcherForTestId, [cardNumber]
03-22 21:58:00.908 10328 10393 D Detox   : class androidx.test.espresso.Espresso, onView, [(view.getTag() is "cardNumber" and view has effective visibility <VISIBLE>)]
03-22 21:58:00.910 10328 10393 D Detox   : class androidx.test.espresso.action.ViewActions, replaceText, [4111111111111111]
03-22 21:58:00.911 10328 10393 D Detox   : class com.wix.detox.espresso.EspressoDetox, perform, [androidx.test.espresso.ViewInteraction@c757736, androidx.test.espresso.action.ReplaceTextAction@21a6637]
03-22 21:58:00.915 10328 10328 I ViewInteraction: Performing 'replace text(4111111111111111)' action on view (view.getTag() is "cardNumber" and view has effective visibility <VISIBLE>)
03-22 21:58:00.925 10328 10393 I DetoxWSClient: Sending out action 'invokeResult' (ID #4)
03-22 21:58:00.932 10328 10328 D CompatibilityChangeReporter: Compat change id reported: 163400105; UID 10196; state: DISABLED
03-22 21:58:00.934 10328 10381 D EGL_emulation: app_time_stats: avg=115.13ms min=3.11ms max=609.29ms count=9
03-22 21:58:00.938 10328 10395 D DetoxWSClient: Received action 'invoke' (ID #5, params={"target":{"type":"Class","value":"com.wix.detox.espresso.EspressoDetox"},"method":"perform","args":[{"type":"Invocation","value":{"target":{"type":"Class","value":"androidx.test.espresso.Espresso"},"method":"onView","args":[{"type":"Invocation","value":{"target":{"type":"Class","value":"com.wix.detox.espresso.DetoxMatcher"},"method":"matcherForText","args":["IS CARD VALID"]}}]}},{"type":"Invocation","value":{"target":{"type":"Class","value":"com.wix.detox.espresso.DetoxViewActions"},"method":"click","args":[]}}]})
03-22 21:58:00.939 10328 10393 I DetoxDispatcher: Done with action 'invoke'
03-22 21:58:00.939 10328 10393 I DetoxDispatcher: Handling action 'invoke' (ID #5)...
03-22 21:58:00.939 10328 10393 D Detox   : class com.wix.detox.espresso.DetoxMatcher, matcherForText, [IS CARD VALID]
03-22 21:58:00.940 10328 10393 D Detox   : class androidx.test.espresso.Espresso, onView, [(an instance of android.widget.TextView and view.getText() with or without transformation to match: is "IS CARD VALID" and view has effective visibility <VISIBLE>)]
03-22 21:58:00.940 10328 10393 D Detox   : class com.wix.detox.espresso.DetoxViewActions, click, []
03-22 21:58:00.941 10328 10393 D Detox   : class com.wix.detox.espresso.EspressoDetox, perform, [androidx.test.espresso.ViewInteraction@809e52f, com.wix.detox.espresso.action.RNClickAction@165173c]
03-22 21:58:00.943 10328 10328 I AssistStructure: Flattened final assist data: 4240 bytes, containing 1 windows, 26 views
03-22 21:58:00.973 10328 10328 I Detox   : UIManagerModule is busy
03-22 21:58:00.980 10328 10328 I Detox   : UIManagerModule is busy
03-22 21:58:01.000 10328 10328 I ViewInteraction: Performing 'com.wix.detox.espresso.action.detoxsingletap@d2f11d4 click' action on view (an instance of android.widget.TextView and view.getText() with or without transformation to match: is "IS CARD VALID" and view has effective visibility <VISIBLE>)
03-22 21:58:01.063 10328 10398 I ReactNativeJS: true
03-22 21:58:01.571 10328 10393 I DetoxWSClient: Sending out action 'invokeResult' (ID #5)
03-22 21:58:01.572 10328 10393 I DetoxDispatcher: Done with action 'invoke'
03-22 21:58:01.576 10328 10395 D DetoxWSClient: Received action 'invoke' (ID #6, params={"target":{"type":"Class","value":"com.wix.detox.espresso.DetoxAssertion"},"method":"assertMatcher","args":[{"type":"Invocation","value":{"target":{"type":"Class","value":"androidx.test.espresso.Espresso"},"method":"onView","args":[{"type":"Invocation","value":{"target":{"type":"Class","value":"com.wix.detox.espresso.DetoxMatcher"},"method":"matcherForText","args":["Card Validity : true"]}}]}},{"type":"Invocation","value":{"target":{"type":"Class","value":"com.wix.detox.espresso.DetoxMatcher"},"method":"matcherForSufficientlyVisible","args":[{"type":"Integer","value":75}]}}]})
03-22 21:58:01.577 10328 10393 I DetoxDispatcher: Handling action 'invoke' (ID #6)...
03-22 21:58:01.577 10328 10393 D Detox   : class com.wix.detox.espresso.DetoxMatcher, matcherForText, [Card Validity : true]
03-22 21:58:01.577 10328 10393 D Detox   : class androidx.test.espresso.Espresso, onView, [(an instance of android.widget.TextView and view.getText() with or without transformation to match: is "Card Validity : true" and view has effective visibility <VISIBLE>)]
03-22 21:58:01.578 10328 10393 D Detox   : class com.wix.detox.espresso.DetoxMatcher, matcherForSufficientlyVisible, [75]
03-22 21:58:01.578 10328 10393 D Detox   : class com.wix.detox.espresso.DetoxAssertion, assertMatcher, [androidx.test.espresso.ViewInteraction@1397679, (view has effective visibility <VISIBLE> and view.getGlobalVisibleRect() covers at least <75> percent of the view's area)]
03-22 21:58:01.585 10328 10328 I ViewInteraction: Checking 'MatchesViewAssertion(Detox){viewMatcher=(view has effective visibility <VISIBLE> and view.getGlobalVisibleRect() covers at least <75> percent of the view's area)}' assertion on view (an instance of android.widget.TextView and view.getText() with or without transformation to match: is "Card Validity : true" and view has effective visibility <VISIBLE>)
03-22 21:58:01.586 10328 10393 I DetoxWSClient: Sending out action 'invokeResult' (ID #6)
03-22 21:58:01.587 10328 10393 I DetoxDispatcher: Done with action 'invoke'
03-22 21:58:01.592 10328 10395 D DetoxWSClient: Received action 'invoke' (ID #7, params={"target":{"type":"Class","value":"com.wix.detox.espresso.EspressoDetox"},"method":"perform","args":[{"type":"Invocation","value":{"target":{"type":"Class","value":"androidx.test.espresso.Espresso"},"method":"onView","args":[{"type":"Invocation","value":{"target":{"type":"Class","value":"com.wix.detox.espresso.DetoxMatcher"},"method":"matcherForText","args":["GET CARD NETWORK"]}}]}},{"type":"Invocation","value":{"target":{"type":"Class","value":"com.wix.detox.espresso.DetoxViewActions"},"method":"click","args":[]}}]})
03-22 21:58:01.592 10328 10393 I DetoxDispatcher: Handling action 'invoke' (ID #7)...
03-22 21:58:01.593 10328 10393 D Detox   : class com.wix.detox.espresso.DetoxMatcher, matcherForText, [GET CARD NETWORK]
03-22 21:58:01.593 10328 10393 D Detox   : class androidx.test.espresso.Espresso, onView, [(an instance of android.widget.TextView and view.getText() with or without transformation to match: is "GET CARD NETWORK" and view has effective visibility <VISIBLE>)]
03-22 21:58:01.594 10328 10393 D Detox   : class com.wix.detox.espresso.DetoxViewActions, click, []
03-22 21:58:01.594 10328 10393 D Detox   : class com.wix.detox.espresso.EspressoDetox, perform, [androidx.test.espresso.ViewInteraction@2267fbe, com.wix.detox.espresso.action.RNClickAction@44781f]
03-22 21:58:01.602 10328 10328 I ViewInteraction: Performing 'com.wix.detox.espresso.action.detoxsingletap@bac76c click' action on view (an instance of android.widget.TextView and view.getText() with or without transformation to match: is "GET CARD NETWORK" and view has effective visibility <VISIBLE>)
03-22 21:58:01.652 10328 10398 I ReactNativeJS: visa
03-22 21:58:01.704 10328 10328 I Detox   : UIManagerModule is busy
03-22 21:58:01.950 10328 10381 D EGL_emulation: app_time_stats: avg=8.73ms min=2.40ms max=92.27ms count=54
03-22 21:58:02.103 10328 10393 I DetoxWSClient: Sending out action 'invokeResult' (ID #7)
03-22 21:58:02.104 10328 10393 I DetoxDispatcher: Done with action 'invoke'
03-22 21:58:02.109 10328 10395 D DetoxWSClient: Received action 'invoke' (ID #8, params={"target":{"type":"Class","value":"com.wix.detox.espresso.DetoxAssertion"},"method":"assertMatcher","args":[{"type":"Invocation","value":{"target":{"type":"Class","value":"androidx.test.espresso.Espresso"},"method":"onView","args":[{"type":"Invocation","value":{"target":{"type":"Class","value":"com.wix.detox.espresso.DetoxMatcher"},"method":"matcherForText","args":["Card Network : visa"]}}]}},{"type":"Invocation","value":{"target":{"type":"Class","value":"com.wix.detox.espresso.DetoxMatcher"},"method":"matcherForSufficientlyVisible","args":[{"type":"Integer","value":75}]}}]})
03-22 21:58:02.109 10328 10393 I DetoxDispatcher: Handling action 'invoke' (ID #8)...
03-22 21:58:02.109 10328 10393 D Detox   : class com.wix.detox.espresso.DetoxMatcher, matcherForText, [Card Network : visa]
03-22 21:58:02.112 10328 10393 D Detox   : class androidx.test.espresso.Espresso, onView, [(an instance of android.widget.TextView and view.getText() with or without transformation to match: is "Card Network : visa" and view has effective visibility <VISIBLE>)]
03-22 21:58:02.112 10328 10393 D Detox   : class com.wix.detox.espresso.DetoxMatcher, matcherForSufficientlyVisible, [75]
03-22 21:58:02.112 10328 10393 D Detox   : class com.wix.detox.espresso.DetoxAssertion, assertMatcher, [androidx.test.espresso.ViewInteraction@660c896, (view has effective visibility <VISIBLE> and view.getGlobalVisibleRect() covers at least <75> percent of the view's area)]
03-22 21:58:02.117 10328 10328 I ViewInteraction: Checking 'MatchesViewAssertion(Detox){viewMatcher=(view has effective visibility <VISIBLE> and view.getGlobalVisibleRect() covers at least <75> percent of the view's area)}' assertion on view (an instance of android.widget.TextView and view.getText() with or without transformation to match: is "Card Network : visa" and view has effective visibility <VISIBLE>)
03-22 21:58:02.120 10328 10393 I DetoxWSClient: Sending out action 'invokeResult' (ID #8)
03-22 21:58:02.120 10328 10393 I DetoxDispatcher: Done with action 'invoke'
