--------- beginning of main
03-22 17:38:40.276 13174 13174 I Detox   : AnimatedModule is busy.
03-22 17:38:40.283 13174 13174 I Detox   : AnimatedModule is busy.
03-22 17:38:40.295 13174 13174 I Detox   : AnimatedModule is busy.
03-22 17:38:40.313 13174 13174 I Detox   : AnimatedModule is busy.
03-22 17:38:40.328 13174 13174 I Detox   : AnimatedModule is busy.
03-22 17:38:40.345 13174 13174 I Detox   : AnimatedModule is busy.
03-22 17:38:40.363 13174 13174 I Detox   : AnimatedModule is busy.
03-22 17:38:40.380 13174 13174 I Detox   : AnimatedModule is busy.
03-22 17:38:40.397 13174 13174 I Detox   : AnimatedModule is busy.
03-22 17:38:40.412 13174 13174 I Detox   : AnimatedModule is busy.
03-22 17:38:40.430 13174 13174 I Detox   : AnimatedModule is busy.
03-22 17:38:40.899 13174 13248 I DetoxWSClient: Sending out action 'invokeResult' (ID #1)
03-22 17:38:40.900 13174 13248 I DetoxDispatcher: Done with action 'invoke'
03-22 17:38:40.910 13174 13250 D DetoxWSClient: Received action 'invoke' (ID #2, params={"target":{"type":"Class","value":"com.wix.detox.espresso.DetoxAssertion"},"method":"assertMatcher","args":[{"type":"Invocation","value":{"target":{"type":"Class","value":"androidx.test.espresso.Espresso"},"method":"onView","args":[{"type":"Invocation","value":{"target":{"type":"Class","value":"com.wix.detox.espresso.DetoxMatcher"},"method":"matcherForText","args":["Razorpay Initialized"]}}]}},{"type":"Invocation","value":{"target":{"type":"Class","value":"com.wix.detox.espresso.DetoxMatcher"},"method":"matcherForSufficientlyVisible","args":[{"type":"Integer","value":75}]}}]})
03-22 17:38:40.911 13174 13248 I DetoxDispatcher: Handling action 'invoke' (ID #2)...
03-22 17:38:40.912 13174 13248 D Detox   : class com.wix.detox.espresso.DetoxMatcher, matcherForText, [Razorpay Initialized]
03-22 17:38:40.913 13174 13248 D Detox   : class androidx.test.espresso.Espresso, onView, [(an instance of android.widget.TextView and view.getText() with or without transformation to match: is "Razorpay Initialized" and view has effective visibility <VISIBLE>)]
03-22 17:38:40.913 13174 13248 D Detox   : class com.wix.detox.espresso.DetoxMatcher, matcherForSufficientlyVisible, [75]
03-22 17:38:40.915 13174 13248 D Detox   : class com.wix.detox.espresso.DetoxAssertion, assertMatcher, [androidx.test.espresso.ViewInteraction@be9e18c, (view has effective visibility <VISIBLE> and view.getGlobalVisibleRect() covers at least <75> percent of the view's area)]
03-22 17:38:40.925 13174 13174 I ViewInteraction: Checking 'MatchesViewAssertion(Detox){viewMatcher=(view has effective visibility <VISIBLE> and view.getGlobalVisibleRect() covers at least <75> percent of the view's area)}' assertion on view (an instance of android.widget.TextView and view.getText() with or without transformation to match: is "Razorpay Initialized" and view has effective visibility <VISIBLE>)
03-22 17:38:40.927 13174 13248 I DetoxWSClient: Sending out action 'invokeResult' (ID #2)
03-22 17:38:40.927 13174 13248 I DetoxDispatcher: Done with action 'invoke'
03-22 17:38:40.993 13174 13250 D DetoxWSClient: Received action 'invoke' (ID #3, params={"target":{"type":"Class","value":"com.wix.detox.espresso.EspressoDetox"},"method":"perform","args":[{"type":"Invocation","value":{"target":{"type":"Class","value":"androidx.test.espresso.Espresso"},"method":"onView","args":[{"type":"Invocation","value":{"target":{"type":"Class","value":"com.wix.detox.espresso.DetoxMatcher"},"method":"matcherForTestId","args":["cards"]}}]}},{"type":"Invocation","value":{"target":{"type":"Class","value":"com.wix.detox.espresso.DetoxViewActions"},"method":"click","args":[]}}]})
03-22 17:38:40.995 13174 13248 I DetoxDispatcher: Handling action 'invoke' (ID #3)...
03-22 17:38:40.996 13174 13248 D Detox   : class com.wix.detox.espresso.DetoxMatcher, matcherForTestId, [cards]
03-22 17:38:40.996 13174 13248 D Detox   : class androidx.test.espresso.Espresso, onView, [(view.getTag() is "cards" and view has effective visibility <VISIBLE>)]
03-22 17:38:40.997 13174 13248 D Detox   : class com.wix.detox.espresso.DetoxViewActions, click, []
03-22 17:38:40.997 13174 13248 D Detox   : class com.wix.detox.espresso.EspressoDetox, perform, [androidx.test.espresso.ViewInteraction@395e0d5, com.wix.detox.espresso.action.RNClickAction@b0fd0ea]
03-22 17:38:41.007 13174 13174 I ViewInteraction: Performing 'com.wix.detox.espresso.action.detoxsingletap@65f6fdb click' action on view (view.getTag() is "cards" and view has effective visibility <VISIBLE>)
03-22 17:38:41.054 13174 13236 D EGL_emulation: app_time_stats: avg=74.56ms min=3.18ms max=591.53ms count=18
03-22 17:38:41.965 13174 13248 I DetoxWSClient: Sending out action 'invokeResult' (ID #3)
03-22 17:38:41.966 13174 13248 I DetoxDispatcher: Done with action 'invoke'
03-22 17:38:41.988 13174 13250 D DetoxWSClient: Received action 'invoke' (ID #4, params={"target":{"type":"Class","value":"com.wix.detox.espresso.EspressoDetox"},"method":"perform","args":[{"type":"Invocation","value":{"target":{"type":"Class","value":"androidx.test.espresso.Espresso"},"method":"onView","args":[{"type":"Invocation","value":{"target":{"type":"Class","value":"com.wix.detox.espresso.DetoxMatcher"},"method":"matcherForTestId","args":["cardNumber"]}}]}},{"type":"Invocation","value":{"target":{"type":"Class","value":"androidx.test.espresso.action.ViewActions"},"method":"replaceText","args":["4111111111111111"]}}]})
03-22 17:38:41.990 13174 13248 I DetoxDispatcher: Handling action 'invoke' (ID #4)...
03-22 17:38:41.991 13174 13248 D Detox   : class com.wix.detox.espresso.DetoxMatcher, matcherForTestId, [cardNumber]
03-22 17:38:41.991 13174 13248 D Detox   : class androidx.test.espresso.Espresso, onView, [(view.getTag() is "cardNumber" and view has effective visibility <VISIBLE>)]
03-22 17:38:41.992 13174 13248 D Detox   : class androidx.test.espresso.action.ViewActions, replaceText, [4111111111111111]
03-22 17:38:41.993 13174 13248 D Detox   : class com.wix.detox.espresso.EspressoDetox, perform, [androidx.test.espresso.ViewInteraction@c757736, androidx.test.espresso.action.ReplaceTextAction@21a6637]
03-22 17:38:42.003 13174 13174 I ViewInteraction: Performing 'replace text(4111111111111111)' action on view (view.getTag() is "cardNumber" and view has effective visibility <VISIBLE>)
03-22 17:38:42.015 13174 13248 I DetoxWSClient: Sending out action 'invokeResult' (ID #4)
03-22 17:38:42.015 13174 13248 I DetoxDispatcher: Done with action 'invoke'
03-22 17:38:42.020 13174 13250 D DetoxWSClient: Received action 'invoke' (ID #5, params={"target":{"type":"Class","value":"com.wix.detox.espresso.EspressoDetox"},"method":"perform","args":[{"type":"Invocation","value":{"target":{"type":"Class","value":"androidx.test.espresso.Espresso"},"method":"onView","args":[{"type":"Invocation","value":{"target":{"type":"Class","value":"com.wix.detox.espresso.DetoxMatcher"},"method":"matcherForText","args":["IS CARD VALID"]}}]}},{"type":"Invocation","value":{"target":{"type":"Class","value":"com.wix.detox.espresso.DetoxViewActions"},"method":"click","args":[]}}]})
03-22 17:38:42.021 13174 13248 I DetoxDispatcher: Handling action 'invoke' (ID #5)...
03-22 17:38:42.021 13174 13248 D Detox   : class com.wix.detox.espresso.DetoxMatcher, matcherForText, [IS CARD VALID]
03-22 17:38:42.021 13174 13248 D Detox   : class androidx.test.espresso.Espresso, onView, [(an instance of android.widget.TextView and view.getText() with or without transformation to match: is "IS CARD VALID" and view has effective visibility <VISIBLE>)]
03-22 17:38:42.022 13174 13248 D Detox   : class com.wix.detox.espresso.DetoxViewActions, click, []
03-22 17:38:42.022 13174 13248 D Detox   : class com.wix.detox.espresso.EspressoDetox, perform, [androidx.test.espresso.ViewInteraction@eb8370e, com.wix.detox.espresso.action.RNClickAction@809e52f]
03-22 17:38:42.029 13174 13174 D CompatibilityChangeReporter: Compat change id reported: 163400105; UID 10168; state: DISABLED
03-22 17:38:42.042 13174 13174 I AssistStructure: Flattened final assist data: 4240 bytes, containing 1 windows, 26 views
03-22 17:38:42.091 13174 13174 I Detox   : UIManagerModule is busy
03-22 17:38:42.104 13174 13174 I Detox   : UIManagerModule is busy
03-22 17:38:42.112 13174 13236 D EGL_emulation: app_time_stats: avg=64.15ms min=2.66ms max=440.37ms count=15
03-22 17:38:42.120 13174 13174 I ViewInteraction: Performing 'com.wix.detox.espresso.action.detoxsingletap@d2f11d4 click' action on view (an instance of android.widget.TextView and view.getText() with or without transformation to match: is "IS CARD VALID" and view has effective visibility <VISIBLE>)
03-22 17:38:42.161 13174 13174 I Detox   : UIManagerModule is busy
03-22 17:38:42.271 13174 13253 I ReactNativeJS: true
03-22 17:38:42.758 13174 13248 I DetoxWSClient: Sending out action 'invokeResult' (ID #5)
03-22 17:38:42.759 13174 13248 I DetoxDispatcher: Done with action 'invoke'
03-22 17:38:42.766 13174 13250 D DetoxWSClient: Received action 'invoke' (ID #6, params={"target":{"type":"Class","value":"com.wix.detox.espresso.DetoxAssertion"},"method":"assertMatcher","args":[{"type":"Invocation","value":{"target":{"type":"Class","value":"androidx.test.espresso.Espresso"},"method":"onView","args":[{"type":"Invocation","value":{"target":{"type":"Class","value":"com.wix.detox.espresso.DetoxMatcher"},"method":"matcherForText","args":["Card Validity : true"]}}]}},{"type":"Invocation","value":{"target":{"type":"Class","value":"com.wix.detox.espresso.DetoxMatcher"},"method":"matcherForSufficientlyVisible","args":[{"type":"Integer","value":75}]}}]})
03-22 17:38:42.768 13174 13248 I DetoxDispatcher: Handling action 'invoke' (ID #6)...
03-22 17:38:42.768 13174 13248 D Detox   : class com.wix.detox.espresso.DetoxMatcher, matcherForText, [Card Validity : true]
03-22 17:38:42.769 13174 13248 D Detox   : class androidx.test.espresso.Espresso, onView, [(an instance of android.widget.TextView and view.getText() with or without transformation to match: is "Card Validity : true" and view has effective visibility <VISIBLE>)]
03-22 17:38:42.769 13174 13248 D Detox   : class com.wix.detox.espresso.DetoxMatcher, matcherForSufficientlyVisible, [75]
03-22 17:38:42.770 13174 13248 D Detox   : class com.wix.detox.espresso.DetoxAssertion, assertMatcher, [androidx.test.espresso.ViewInteraction@1397679, (view has effective visibility <VISIBLE> and view.getGlobalVisibleRect() covers at least <75> percent of the view's area)]
03-22 17:38:42.775 13174 13174 I ViewInteraction: Checking 'MatchesViewAssertion(Detox){viewMatcher=(view has effective visibility <VISIBLE> and view.getGlobalVisibleRect() covers at least <75> percent of the view's area)}' assertion on view (an instance of android.widget.TextView and view.getText() with or without transformation to match: is "Card Validity : true" and view has effective visibility <VISIBLE>)
03-22 17:38:42.778 13174 13248 I DetoxWSClient: Sending out action 'invokeResult' (ID #6)
03-22 17:38:42.778 13174 13248 I DetoxDispatcher: Done with action 'invoke'
03-22 17:38:42.785 13174 13250 D DetoxWSClient: Received action 'invoke' (ID #7, params={"target":{"type":"Class","value":"com.wix.detox.espresso.EspressoDetox"},"method":"perform","args":[{"type":"Invocation","value":{"target":{"type":"Class","value":"androidx.test.espresso.Espresso"},"method":"onView","args":[{"type":"Invocation","value":{"target":{"type":"Class","value":"com.wix.detox.espresso.DetoxMatcher"},"method":"matcherForText","args":["GET CARD NETWORK"]}}]}},{"type":"Invocation","value":{"target":{"type":"Class","value":"com.wix.detox.espresso.DetoxViewActions"},"method":"click","args":[]}}]})
03-22 17:38:42.786 13174 13248 I DetoxDispatcher: Handling action 'invoke' (ID #7)...
03-22 17:38:42.787 13174 13248 D Detox   : class com.wix.detox.espresso.DetoxMatcher, matcherForText, [GET CARD NETWORK]
03-22 17:38:42.787 13174 13248 D Detox   : class androidx.test.espresso.Espresso, onView, [(an instance of android.widget.TextView and view.getText() with or without transformation to match: is "GET CARD NETWORK" and view has effective visibility <VISIBLE>)]
03-22 17:38:42.787 13174 13248 D Detox   : class com.wix.detox.espresso.DetoxViewActions, click, []
03-22 17:38:42.788 13174 13248 D Detox   : class com.wix.detox.espresso.EspressoDetox, perform, [androidx.test.espresso.ViewInteraction@2267fbe, com.wix.detox.espresso.action.RNClickAction@44781f]
03-22 17:38:42.792 13174 13174 I ViewInteraction: Performing 'com.wix.detox.espresso.action.detoxsingletap@bac76c click' action on view (an instance of android.widget.TextView and view.getText() with or without transformation to match: is "GET CARD NETWORK" and view has effective visibility <VISIBLE>)
03-22 17:38:42.853 13174 13253 I ReactNativeJS: visa
03-22 17:38:42.919 13174 13174 I Detox   : UIManagerModule is busy
03-22 17:38:43.116 13174 13236 D EGL_emulation: app_time_stats: avg=18.84ms min=2.27ms max=201.34ms count=49
03-22 17:38:43.308 13174 13248 I DetoxWSClient: Sending out action 'invokeResult' (ID #7)
03-22 17:38:43.308 13174 13248 I DetoxDispatcher: Done with action 'invoke'
03-22 17:38:43.319 13174 13250 D DetoxWSClient: Received action 'invoke' (ID #8, params={"target":{"type":"Class","value":"com.wix.detox.espresso.DetoxAssertion"},"method":"assertMatcher","args":[{"type":"Invocation","value":{"target":{"type":"Class","value":"androidx.test.espresso.Espresso"},"method":"onView","args":[{"type":"Invocation","value":{"target":{"type":"Class","value":"com.wix.detox.espresso.DetoxMatcher"},"method":"matcherForText","args":["Card Network : visa"]}}]}},{"type":"Invocation","value":{"target":{"type":"Class","value":"com.wix.detox.espresso.DetoxMatcher"},"method":"matcherForSufficientlyVisible","args":[{"type":"Integer","value":75}]}}]})
03-22 17:38:43.320 13174 13248 I DetoxDispatcher: Handling action 'invoke' (ID #8)...
03-22 17:38:43.320 13174 13248 D Detox   : class com.wix.detox.espresso.DetoxMatcher, matcherForText, [Card Network : visa]
03-22 17:38:43.320 13174 13248 D Detox   : class androidx.test.espresso.Espresso, onView, [(an instance of android.widget.TextView and view.getText() with or without transformation to match: is "Card Network : visa" and view has effective visibility <VISIBLE>)]
03-22 17:38:43.321 13174 13248 D Detox   : class com.wix.detox.espresso.DetoxMatcher, matcherForSufficientlyVisible, [75]
03-22 17:38:43.322 13174 13248 D Detox   : class com.wix.detox.espresso.DetoxAssertion, assertMatcher, [androidx.test.espresso.ViewInteraction@660c896, (view has effective visibility <VISIBLE> and view.getGlobalVisibleRect() covers at least <75> percent of the view's area)]
03-22 17:38:43.330 13174 13174 I ViewInteraction: Checking 'MatchesViewAssertion(Detox){viewMatcher=(view has effective visibility <VISIBLE> and view.getGlobalVisibleRect() covers at least <75> percent of the view's area)}' assertion on view (an instance of android.widget.TextView and view.getText() with or without transformation to match: is "Card Network : visa" and view has effective visibility <VISIBLE>)
03-22 17:38:43.332 13174 13248 I DetoxWSClient: Sending out action 'invokeResult' (ID #8)
03-22 17:38:43.332 13174 13248 I DetoxDispatcher: Done with action 'invoke'
