--------- beginning of main
03-22 00:43:11.216 16894 16894 I com.detoxsampl: Late-enabling -Xcheck:jni
03-22 00:43:11.238 16894 16894 I com.detoxsampl: Unquickening 19 vdex files!
--------- beginning of system
03-22 00:43:11.295 16894 16894 W ActivityThread: Package uses different ABI(s) than its instrumentation: package[com.detoxsample]: arm64-v8a, null instrumentation[com.detoxsample.test]: null, null
03-22 00:43:11.296 16894 16894 I Typeface: Current DefaultTypeface ( lgtravel )
03-22 00:43:11.300 16894 16894 I com.detoxsampl: The ClassLoaderContext is a special shared library.
03-22 00:43:11.318 16894 16894 I chatty  : uid=10468(com.detoxsample) identical 2 lines
03-22 00:43:11.322 16894 16894 I com.detoxsampl: The ClassLoaderContext is a special shared library.
03-22 00:43:11.505 16894 16894 D ApplicationLoaders: Returning zygote-cached class loader: /system/framework/android.test.base.jar
03-22 00:43:11.506 16894 16894 D ApplicationLoaders: Returning zygote-cached class loader: /system/framework/android.test.base.jar
03-22 00:43:11.507 16894 16894 I com.detoxsampl: The ClassLoaderContext is a special shared library.
03-22 00:43:11.509 16894 16894 D ApplicationLoaders: Returning zygote-cached class loader: /system/framework/android.test.base.jar
03-22 00:43:11.509 16894 16894 D ApplicationLoaders: Returning zygote-cached class loader: /system/framework/android.test.base.jar
03-22 00:43:11.510 16894 16894 I com.detoxsampl: The ClassLoaderContext is a special shared library.
03-22 00:43:11.517 16894 16894 I chatty  : uid=10468(com.detoxsample) identical 2 lines
03-22 00:43:11.518 16894 16894 I com.detoxsampl: The ClassLoaderContext is a special shared library.
03-22 00:43:11.677 16894 16894 W com.detoxsampl: Accessing hidden method Landroid/app/Instrumentation;->execStartActivity(Landroid/content/Context;Landroid/os/IBinder;Landroid/os/IBinder;Landroid/app/Activity;Landroid/content/Intent;ILandroid/os/Bundle;)Landroid/app/Instrumentation$ActivityResult; (greylist, linking, allowed)
03-22 00:43:11.677 16894 16894 W com.detoxsampl: Accessing hidden method Landroid/app/Instrumentation;->execStartActivity(Landroid/content/Context;Landroid/os/IBinder;Landroid/os/IBinder;Ljava/lang/String;Landroid/content/Intent;ILandroid/os/Bundle;)Landroid/app/Instrumentation$ActivityResult; (greylist, linking, allowed)
03-22 00:43:11.690 16894 16894 D NetworkSecurityConfig: Using Network Security Config from resource network_security_config debugBuild: true
03-22 00:43:11.692 16894 16894 D NetworkSecurityConfig: Using Network Security Config from resource network_security_config debugBuild: true
03-22 00:43:11.694 16894 16894 I MonitoringInstr: Instrumentation started!
03-22 00:43:11.707 16894 16894 V TestEventClient: No service name argument was given (testDiscoveryService, testRunEventService or orchestratorService)
03-22 00:43:11.710 16894 16894 D SoLoader: init start
03-22 00:43:11.712 16894 16894 D SoLoader: adding system library source: /vendor/lib64
03-22 00:43:11.713 16894 16894 D SoLoader: adding system library source: /system/lib64
03-22 00:43:11.713 16894 16894 D SoLoader: adding application source: com.facebook.soloader.DirectorySoSource[root = /data/app/~~xvr_C2vb9FgxzUmvvKoCIA==/com.detoxsample-G7jwzn7vjcPEYCN2wLWWIA==/lib/arm64 flags = 0]
03-22 00:43:11.714 16894 16894 D SoLoader: adding backup source from : com.facebook.soloader.ApkSoSource[root = /data/data/com.detoxsample/lib-main flags = 1]
03-22 00:43:11.714 16894 16894 D SoLoader: Preparing SO source: com.facebook.soloader.DirectorySoSource[root = /system/lib64 flags = 2]
03-22 00:43:11.714 16894 16894 D SoLoader: Preparing SO source: com.facebook.soloader.DirectorySoSource[root = /vendor/lib64 flags = 2]
03-22 00:43:11.715 16894 16894 D SoLoader: Preparing SO source: com.facebook.soloader.DirectorySoSource[root = /data/app/~~xvr_C2vb9FgxzUmvvKoCIA==/com.detoxsample-G7jwzn7vjcPEYCN2wLWWIA==/lib/arm64 flags = 0]
03-22 00:43:11.715 16894 16894 D SoLoader: Preparing SO source: com.facebook.soloader.ApkSoSource[root = /data/data/com.detoxsample/lib-main flags = 1]
03-22 00:43:11.717 16894 16894 V fb-UnpackingSoSource: locked dso store /data/user/0/com.detoxsample/lib-main
03-22 00:43:11.719 16894 16894 V fb-UnpackingSoSource: deps mismatch on deps store: regenerating
03-22 00:43:11.719 16894 16894 V fb-UnpackingSoSource: so store dirty: regenerating
03-22 00:43:11.760 16894 16894 D ApkSoSource: not allowing consideration of lib/arm64-v8a/libbetter.so: deferring to libdir
03-22 00:43:11.760 16894 16894 D ApkSoSource: not allowing consideration of lib/arm64-v8a/libc++_shared.so: deferring to libdir
03-22 00:43:11.760 16894 16894 D ApkSoSource: not allowing consideration of lib/arm64-v8a/libevent-2.1.so: deferring to libdir
03-22 00:43:11.760 16894 16894 D ApkSoSource: not allowing consideration of lib/arm64-v8a/libevent_core-2.1.so: deferring to libdir
03-22 00:43:11.760 16894 16894 D ApkSoSource: not allowing consideration of lib/arm64-v8a/libevent_extra-2.1.so: deferring to libdir
03-22 00:43:11.760 16894 16894 D ApkSoSource: not allowing consideration of lib/arm64-v8a/libfabricjni.so: deferring to libdir
03-22 00:43:11.760 16894 16894 D ApkSoSource: not allowing consideration of lib/arm64-v8a/libfb.so: deferring to libdir
03-22 00:43:11.760 16894 16894 D ApkSoSource: not allowing consideration of lib/arm64-v8a/libfbjni.so: deferring to libdir
03-22 00:43:11.760 16894 16894 D ApkSoSource: not allowing consideration of lib/arm64-v8a/libflipper.so: deferring to libdir
03-22 00:43:11.760 16894 16894 D ApkSoSource: not allowing consideration of lib/arm64-v8a/libfolly_futures.so: deferring to libdir
03-22 00:43:11.760 16894 16894 D ApkSoSource: not allowing consideration of lib/arm64-v8a/libfolly_json.so: deferring to libdir
03-22 00:43:11.760 16894 16894 D ApkSoSource: not allowing consideration of lib/arm64-v8a/libglog.so: deferring to libdir
03-22 00:43:11.760 16894 16894 D ApkSoSource: not allowing consideration of lib/arm64-v8a/libglog_init.so: deferring to libdir
03-22 00:43:11.760 16894 16894 D ApkSoSource: not allowing consideration of lib/arm64-v8a/libimagepipeline.so: deferring to libdir
03-22 00:43:11.760 16894 16894 D ApkSoSource: not allowing consideration of lib/arm64-v8a/libjsc.so: deferring to libdir
03-22 00:43:11.760 16894 16894 D ApkSoSource: not allowing consideration of lib/arm64-v8a/libjscexecutor.so: deferring to libdir
03-22 00:43:11.761 16894 16894 D ApkSoSource: not allowing consideration of lib/arm64-v8a/libjsi.so: deferring to libdir
03-22 00:43:11.761 16894 16894 D ApkSoSource: not allowing consideration of lib/arm64-v8a/libjsijniprofiler.so: deferring to libdir
03-22 00:43:11.761 16894 16894 D ApkSoSource: not allowing consideration of lib/arm64-v8a/libjsinspector.so: deferring to libdir
03-22 00:43:11.761 16894 16894 D ApkSoSource: not allowing consideration of lib/arm64-v8a/liblogger.so: deferring to libdir
03-22 00:43:11.761 16894 16894 D ApkSoSource: not allowing consideration of lib/arm64-v8a/libmapbufferjni.so: deferring to libdir
03-22 00:43:11.761 16894 16894 D ApkSoSource: not allowing consideration of lib/arm64-v8a/libnative-filters.so: deferring to libdir
03-22 00:43:11.761 16894 16894 D ApkSoSource: not allowing consideration of lib/arm64-v8a/libnative-imagetranscoder.so: deferring to libdir
03-22 00:43:11.761 16894 16894 D ApkSoSource: not allowing consideration of lib/arm64-v8a/libreact_codegen_rncore.so: deferring to libdir
03-22 00:43:11.761 16894 16894 D ApkSoSource: not allowing consideration of lib/arm64-v8a/libreact_debug.so: deferring to libdir
03-22 00:43:11.761 16894 16894 D ApkSoSource: not allowing consideration of lib/arm64-v8a/libreact_nativemodule_core.so: deferring to libdir
03-22 00:43:11.761 16894 16894 D ApkSoSource: not allowing consideration of lib/arm64-v8a/libreact_render_animations.so: deferring to libdir
03-22 00:43:11.761 16894 16894 D ApkSoSource: not allowing consideration of lib/arm64-v8a/libreact_render_attributedstring.so: deferring to libdir
03-22 00:43:11.761 16894 16894 D ApkSoSource: not allowing consideration of lib/arm64-v8a/libreact_render_componentregistry.so: deferring to libdir
03-22 00:43:11.761 16894 16894 D ApkSoSource: not allowing consideration of lib/arm64-v8a/libreact_render_core.so: deferring to libdir
03-22 00:43:11.761 16894 16894 D ApkSoSource: not allowing consideration of lib/arm64-v8a/libreact_render_debug.so: deferring to libdir
03-22 00:43:11.761 16894 16894 D ApkSoSource: not allowing consideration of lib/arm64-v8a/libreact_render_graphics.so: deferring to libdir
03-22 00:43:11.761 16894 16894 D ApkSoSource: not allowing consideration of lib/arm64-v8a/libreact_render_imagemanager.so: deferring to libdir
03-22 00:43:11.761 16894 16894 D ApkSoSource: not allowing consideration of lib/arm64-v8a/libreact_render_leakchecker.so: deferring to libdir
03-22 00:43:11.761 16894 16894 D ApkSoSource: not allowing consideration of lib/arm64-v8a/libreact_render_mapbuffer.so: deferring to libdir
03-22 00:43:11.761 16894 16894 D ApkSoSource: not allowing consideration of lib/arm64-v8a/libreact_render_mounting.so: deferring to libdir
03-22 00:43:11.762 16894 16894 D ApkSoSource: not allowing consideration of lib/arm64-v8a/libreact_render_runtimescheduler.so: deferring to libdir
03-22 00:43:11.762 16894 16894 D ApkSoSource: not allowing consideration of lib/arm64-v8a/libreact_render_scheduler.so: deferring to libdir
03-22 00:43:11.762 16894 16894 D ApkSoSource: not allowing consideration of lib/arm64-v8a/libreact_render_telemetry.so: deferring to libdir
03-22 00:43:11.762 16894 16894 D ApkSoSource: not allowing consideration of lib/arm64-v8a/libreact_render_templateprocessor.so: deferring to libdir
03-22 00:43:11.762 16894 16894 D ApkSoSource: not allowing consideration of lib/arm64-v8a/libreact_render_textlayoutmanager.so: deferring to libdir
03-22 00:43:11.762 16894 16894 D ApkSoSource: not allowing consideration of lib/arm64-v8a/libreact_render_uimanager.so: deferring to libdir
03-22 00:43:11.762 16894 16894 D ApkSoSource: not allowing consideration of lib/arm64-v8a/libreact_utils.so: deferring to libdir
03-22 00:43:11.762 16894 16894 D ApkSoSource: not allowing consideration of lib/arm64-v8a/libreactconfig.so: deferring to libdir
03-22 00:43:11.762 16894 16894 D ApkSoSource: not allowing consideration of lib/arm64-v8a/libreactnativeblob.so: deferring to libdir
03-22 00:43:11.762 16894 16894 D ApkSoSource: not allowing consideration of lib/arm64-v8a/libreactnativejni.so: deferring to libdir
03-22 00:43:11.762 16894 16894 D ApkSoSource: not allowing consideration of lib/arm64-v8a/libreactnativeutilsjni.so: deferring to libdir
03-22 00:43:11.762 16894 16894 D ApkSoSource: not allowing consideration of lib/arm64-v8a/libreactperfloggerjni.so: deferring to libdir
03-22 00:43:11.762 16894 16894 D ApkSoSource: not allowing consideration of lib/arm64-v8a/librrc_image.so: deferring to libdir
03-22 00:43:11.762 16894 16894 D ApkSoSource: not allowing consideration of lib/arm64-v8a/librrc_modal.so: deferring to libdir
03-22 00:43:11.762 16894 16894 D ApkSoSource: not allowing consideration of lib/arm64-v8a/librrc_progressbar.so: deferring to libdir
03-22 00:43:11.762 16894 16894 D ApkSoSource: not allowing consideration of lib/arm64-v8a/librrc_root.so: deferring to libdir
03-22 00:43:11.762 16894 16894 D ApkSoSource: not allowing consideration of lib/arm64-v8a/librrc_scrollview.so: deferring to libdir
03-22 00:43:11.762 16894 16894 D ApkSoSource: not allowing consideration of lib/arm64-v8a/librrc_slider.so: deferring to libdir
03-22 00:43:11.762 16894 16894 D ApkSoSource: not allowing consideration of lib/arm64-v8a/librrc_switch.so: deferring to libdir
03-22 00:43:11.762 16894 16894 D ApkSoSource: not allowing consideration of lib/arm64-v8a/librrc_text.so: deferring to libdir
03-22 00:43:11.762 16894 16894 D ApkSoSource: not allowing consideration of lib/arm64-v8a/librrc_textinput.so: deferring to libdir
03-22 00:43:11.762 16894 16894 D ApkSoSource: not allowing consideration of lib/arm64-v8a/librrc_unimplementedview.so: deferring to libdir
03-22 00:43:11.763 16894 16894 D ApkSoSource: not allowing consideration of lib/arm64-v8a/librrc_view.so: deferring to libdir
03-22 00:43:11.763 16894 16894 D ApkSoSource: not allowing consideration of lib/arm64-v8a/libturbomodulejsijni.so: deferring to libdir
03-22 00:43:11.763 16894 16894 D ApkSoSource: not allowing consideration of lib/arm64-v8a/libyoga.so: deferring to libdir
03-22 00:43:11.763 16894 16894 V fb-UnpackingSoSource: regenerating DSO store com.facebook.soloader.ApkSoSource
03-22 00:43:11.763 16894 16894 V fb-UnpackingSoSource: Finished regenerating DSO store com.facebook.soloader.ApkSoSource
03-22 00:43:11.763 16894 16894 V fb-UnpackingSoSource: starting syncer worker
03-22 00:43:11.769 16894 16894 V fb-UnpackingSoSource: releasing dso store lock for /data/user/0/com.detoxsample/lib-main (from syncer thread)
03-22 00:43:11.769 16894 16894 V fb-UnpackingSoSource: not releasing dso store lock for /data/user/0/com.detoxsample/lib-main (syncer thread started)
03-22 00:43:11.769 16894 16894 D SoLoader: init finish: 4 SO sources prepared
03-22 00:43:11.769 16894 16894 D SoLoader: init exiting
03-22 00:43:11.778 16894 16894 D SoLoader: init exiting
03-22 00:43:11.778 16894 16894 D SoLoader: About to load: libjscexecutor.so
03-22 00:43:11.779 16894 16894 D SoLoader: libjscexecutor.so not found on /data/data/com.detoxsample/lib-main
03-22 00:43:11.779 16894 16894 D SoLoader: libjscexecutor.so found on /data/app/~~xvr_C2vb9FgxzUmvvKoCIA==/com.detoxsample-G7jwzn7vjcPEYCN2wLWWIA==/lib/arm64
03-22 00:43:11.779 16894 16894 D SoLoader: Not resolving dependencies for libjscexecutor.so
03-22 00:43:11.785 16894 16894 D JavaScriptCore.Version: 250230.2.1
03-22 00:43:11.787 16894 16894 D SoLoader: Loaded: libjscexecutor.so
03-22 00:43:11.788 16894 16894 D SoLoader: init exiting
03-22 00:43:11.868 16894 16894 I SensorManager: registerListenerImpl() [Sensor: LGE Accelerometer Non-wakeup, Rate: 66667, SensorEventListener: com.facebook.react.common.ShakeDetector@717fc72] by com.facebook.react.common.ShakeDetector.start():60
03-22 00:43:11.889 16894 16926 D SoLoader: About to load: libfbjni.so
03-22 00:43:11.891 16894 16926 D SoLoader: libfbjni.so not found on /data/data/com.detoxsample/lib-main
03-22 00:43:11.891 16894 16926 D SoLoader: libfbjni.so found on /data/app/~~xvr_C2vb9FgxzUmvvKoCIA==/com.detoxsample-G7jwzn7vjcPEYCN2wLWWIA==/lib/arm64
03-22 00:43:11.891 16894 16926 D SoLoader: Not resolving dependencies for libfbjni.so
03-22 00:43:11.893 16894 16926 D SoLoader: Loaded: libfbjni.so
03-22 00:43:11.893 16894 16926 D SoLoader: About to load: libflipper.so
03-22 00:43:11.894 16894 16926 D SoLoader: libflipper.so not found on /data/data/com.detoxsample/lib-main
03-22 00:43:11.894 16894 16926 D SoLoader: libflipper.so found on /data/app/~~xvr_C2vb9FgxzUmvvKoCIA==/com.detoxsample-G7jwzn7vjcPEYCN2wLWWIA==/lib/arm64
03-22 00:43:11.894 16894 16926 D SoLoader: Not resolving dependencies for libflipper.so
03-22 00:43:11.912 16894 16926 D SoLoader: Loaded: libflipper.so
03-22 00:43:11.941 16894 16894 W com.detoxsampl: Accessing hidden field Landroid/view/View;->mKeyedTags:Landroid/util/SparseArray; (greylist, reflection, allowed)
03-22 00:43:11.941 16894 16894 W com.detoxsampl: Accessing hidden field Landroid/view/View;->mListenerInfo:Landroid/view/View$ListenerInfo; (greylist, reflection, allowed)
03-22 00:43:11.943 16894 16894 W com.detoxsampl: Accessing hidden field Landroid/view/View$ListenerInfo;->mOnClickListener:Landroid/view/View$OnClickListener; (greylist, reflection, allowed)
03-22 00:43:11.951 16894 16894 I flipper : flipper: FlipperClient::addPlugin Inspector
03-22 00:43:11.952 16894 16894 I flipper : flipper: FlipperClient::addPlugin React
03-22 00:43:11.954 16894 16894 I flipper : flipper: FlipperClient::addPlugin Databases
03-22 00:43:11.955 16894 16894 I flipper : flipper: FlipperClient::addPlugin Preferences
03-22 00:43:11.955 16894 16894 I flipper : flipper: FlipperClient::addPlugin CrashReporter
03-22 00:43:11.958 16894 16894 I flipper : flipper: FlipperClient::addPlugin Network
03-22 00:43:11.989 16894 16920 I UsageTrackerFacilitator: Usage tracking enabled
03-22 00:43:11.998 16894 16920 I TestRequestBuilder: Scanning classpath to find tests in paths [/data/app/~~aaQmF95_ZZC_gsbiZwqxiA==/com.detoxsample.test-KDpA2mbbsvyrvZKTsukTqQ==/base.apk]
03-22 00:43:12.000 16894 16920 W com.detoxsampl: Opening an oat file without a class loader. Are you using the deprecated DexFile APIs?
03-22 00:43:12.617 16894 16920 D TestExecutor: Adding listener androidx.test.internal.runner.listener.LogRunListener
03-22 00:43:12.617 16894 16920 D TestExecutor: Adding listener androidx.test.internal.runner.listener.InstrumentationResultPrinter
03-22 00:43:12.617 16894 16920 D TestExecutor: Adding listener androidx.test.internal.runner.listener.ActivityFinisherRunListener
03-22 00:43:12.618 16894 16920 I TestRunner: run started: 1 tests
03-22 00:43:12.621 16894 16920 I TestRunner: started: runDetoxTests(com.detoxsample.DetoxTest)
03-22 00:43:12.636 16894 16920 D EventInjectionStrategy: Creating injection strategy with input manager.
03-22 00:43:12.636 16894 16920 W com.detoxsampl: Accessing hidden method Landroid/hardware/input/InputManager;->getInstance()Landroid/hardware/input/InputManager; (greylist, reflection, allowed)
03-22 00:43:12.637 16894 16920 W com.detoxsampl: Accessing hidden method Landroid/hardware/input/InputManager;->injectInputEvent(Landroid/view/InputEvent;I)Z (greylist, reflection, allowed)
03-22 00:43:12.637 16894 16920 W com.detoxsampl: Accessing hidden field Landroid/hardware/input/InputManager;->INJECT_INPUT_EVENT_MODE_WAIT_FOR_FINISH:I (greylist, reflection, allowed)
03-22 00:43:12.650 16894 16920 W com.detoxsampl: Accessing hidden field Ljava/lang/reflect/Field;->accessFlags:I (greylist, reflection, allowed)
03-22 00:43:12.820 16894 16894 D LifecycleMonitor: Lifecycle status change: com.detoxsample.MainActivity@9d431df in: PRE_ON_CREATE
03-22 00:43:12.954 16894 16894 W com.detoxsampl: Accessing hidden method Landroid/view/View;->computeFitSystemWindows(Landroid/graphics/Rect;Landroid/graphics/Rect;)Z (greylist, reflection, allowed)
03-22 00:43:12.955 16894 16894 W com.detoxsampl: Accessing hidden method Landroid/view/ViewGroup;->makeOptionalFitsSystemWindows()V (greylist, reflection, allowed)
03-22 00:43:12.972 16894 16894 D LifecycleMonitor: Lifecycle status change: com.detoxsample.MainActivity@9d431df in: CREATED
03-22 00:43:12.975 16894 16894 D LifecycleMonitor: Lifecycle status change: com.detoxsample.MainActivity@9d431df in: STARTED
03-22 00:43:12.983 16894 16894 D LifecycleMonitor: Lifecycle status change: com.detoxsample.MainActivity@9d431df in: RESUMED
03-22 00:43:13.006 16894 16894 I TouchFilterInputStageHelper: [needTouchEventFilter] Displayid : 0
03-22 00:43:13.008 16894 16931 D SoLoader: About to load: libreactnativejni.so
03-22 00:43:13.008 16894 16894 D HandGripFilter: getdisplaysize, x : 1080 y : 2340
03-22 00:43:13.008 16894 16931 D SoLoader: libreactnativejni.so not found on /data/data/com.detoxsample/lib-main
03-22 00:43:13.008 16894 16931 D SoLoader: libreactnativejni.so found on /data/app/~~xvr_C2vb9FgxzUmvvKoCIA==/com.detoxsample-G7jwzn7vjcPEYCN2wLWWIA==/lib/arm64
03-22 00:43:13.008 16894 16931 D SoLoader: Not resolving dependencies for libreactnativejni.so
03-22 00:43:13.013 16894 16894 W unknown:ReactNative: Packager connection already open, nooping.
03-22 00:43:13.021 16894 16931 D SoLoader: Loaded: libreactnativejni.so
03-22 00:43:13.049 16894 16957 I AdrenoGLES-0: QUALCOMM build                   : 59e4ca3, Ic42881d075
03-22 00:43:13.049 16894 16957 I AdrenoGLES-0: Build Date                       : 01/07/21
03-22 00:43:13.049 16894 16957 I AdrenoGLES-0: OpenGL ES Shader Compiler Version: EV031.32.02.06
03-22 00:43:13.049 16894 16957 I AdrenoGLES-0: Local Branch                     : mybrancheb50fcd0-9e7c-f130-bc5f-5cb90179c3d8
03-22 00:43:13.049 16894 16957 I AdrenoGLES-0: Remote Branch                    : quic/gfx-adreno.lnx.1.0.r99-rel
03-22 00:43:13.049 16894 16957 I AdrenoGLES-0: Remote Branch                    : NONE
03-22 00:43:13.049 16894 16957 I AdrenoGLES-0: Reconstruct Branch               : NOTHING
03-22 00:43:13.049 16894 16957 I AdrenoGLES-0: Build Config                     : S P 10.0.7 AArch64
03-22 00:43:13.049 16894 16957 I AdrenoGLES-0: Driver Path                      : /vendor/lib64/egl/libGLESv2_adreno.so
03-22 00:43:13.072 16894 16957 I AdrenoGLES-0: PFP: 0x016ee190, ME: 0x00000000
03-22 00:43:13.294 16894 16894 I TouchFilterInputStageHelper: [needTouchEventFilter] Displayid : 0
03-22 00:43:13.296 16894 16894 D HandGripFilter: getdisplaysize, x : 1080 y : 2340
03-22 00:43:13.376 16894 16894 I Timeline: Timeline: Activity_idle id: ActivityRecord{5617724 token=android.os.BinderProxy@d209094 {com.detoxsample/com.detoxsample.MainActivity}} time:378145605
03-22 00:43:13.384 16894 16920 I Detox   : Detox server connection details: url=ws://localhost:55302, sessionId=13bf2be0-4996-6abe-4f0f-9aecec208ed4
03-22 00:43:13.389 16894 17027 I DetoxDispatcher: Handling action '_init' (ID #0)...
03-22 00:43:13.389 16894 17027 I Detox   : Connecting to server...
03-22 00:43:13.389 16894 17027 I DetoxWSClient: At connectToServer
03-22 00:43:13.428 16894 17029 D DetoxWSClient: At onOpen
03-22 00:43:13.428 16894 17029 I DetoxWSClient: Sending out action 'login' (ID #0)
03-22 00:43:13.429 16894 17029 I Detox   : Connected to server!
03-22 00:43:13.435 16894 17029 D DetoxWSClient: Received action 'loginSuccess' (ID #0, params={"testerConnected":true,"appConnected":true})
03-22 00:43:13.463 16894 17026 W unknown:ReactContext: initializeMessageQueueThreads() is called.
03-22 00:43:13.473 16894 17029 D DetoxWSClient: Received action 'isReady' (ID #-1000, params={})
03-22 00:43:13.479 16894 16894 W unknown:ReactNative: Packager connection already open, nooping.
03-22 00:43:13.525 16894 17031 W unknown:ViewManagerPropertyUpdater: Could not find generated setter for class com.facebook.react.views.drawer.ReactDrawerLayoutManager
03-22 00:43:13.530 16894 17031 W unknown:ViewManagerPropertyUpdater: Could not find generated setter for class com.facebook.react.uimanager.LayoutShadowNode
03-22 00:43:13.534 16894 17031 W unknown:ViewManagerPropertyUpdater: Could not find generated setter for class com.facebook.react.views.scroll.ReactHorizontalScrollViewManager
03-22 00:43:13.537 16894 17031 W unknown:ViewManagerPropertyUpdater: Could not find generated setter for class com.facebook.react.views.scroll.ReactHorizontalScrollContainerViewManager
03-22 00:43:13.538 16894 17031 W unknown:ViewManagerPropertyUpdater: Could not find generated setter for class com.facebook.react.views.progressbar.ReactProgressBarViewManager
03-22 00:43:13.540 16894 17031 W unknown:ViewManagerPropertyUpdater: Could not find generated setter for class com.facebook.react.views.progressbar.ProgressBarShadowNode
03-22 00:43:13.542 16894 17031 W unknown:ViewManagerPropertyUpdater: Could not find generated setter for class com.facebook.react.views.scroll.ReactScrollViewManager
03-22 00:43:13.544 16894 17031 W unknown:ViewManagerPropertyUpdater: Could not find generated setter for class com.facebook.react.views.slider.ReactSliderManager
03-22 00:43:13.546 16894 17031 W unknown:ViewManagerPropertyUpdater: Could not find generated setter for class com.facebook.react.views.slider.ReactSliderManager$ReactSliderShadowNode
03-22 00:43:13.546 16894 17031 W unknown:ViewManagerPropertyUpdater: Could not find generated setter for class com.facebook.react.views.switchview.ReactSwitchManager
03-22 00:43:13.548 16894 17031 W unknown:ViewManagerPropertyUpdater: Could not find generated setter for class com.facebook.react.views.switchview.ReactSwitchManager$ReactSwitchShadowNode
03-22 00:43:13.549 16894 17031 W unknown:ViewManagerPropertyUpdater: Could not find generated setter for class com.facebook.react.views.swiperefresh.SwipeRefreshLayoutManager
03-22 00:43:13.550 16894 17031 W unknown:ViewManagerPropertyUpdater: Could not find generated setter for class com.facebook.react.views.text.frescosupport.FrescoBasedReactTextInlineImageViewManager
03-22 00:43:13.551 16894 17031 W unknown:ViewManagerPropertyUpdater: Could not find generated setter for class com.facebook.react.views.text.frescosupport.FrescoBasedReactTextInlineImageShadowNode
03-22 00:43:13.552 16894 17031 W unknown:ViewManagerPropertyUpdater: Could not find generated setter for class com.facebook.react.views.image.ReactImageManager
03-22 00:43:13.554 16894 17031 W unknown:ViewManagerPropertyUpdater: Could not find generated setter for class com.facebook.react.views.modal.ReactModalHostManager
03-22 00:43:13.555 16894 17031 W unknown:ViewManagerPropertyUpdater: Could not find generated setter for class com.facebook.react.views.modal.ModalHostShadowNode
03-22 00:43:13.556 16894 17031 W unknown:ViewManagerPropertyUpdater: Could not find generated setter for class com.facebook.react.views.text.ReactRawTextManager
03-22 00:43:13.556 16894 17031 W unknown:ViewManagerPropertyUpdater: Could not find generated setter for class com.facebook.react.views.text.ReactRawTextShadowNode
03-22 00:43:13.557 16894 17031 W unknown:ViewManagerPropertyUpdater: Could not find generated setter for class com.facebook.react.views.textinput.ReactTextInputManager
03-22 00:43:13.560 16894 17031 W unknown:ViewManagerPropertyUpdater: Could not find generated setter for class com.facebook.react.views.textinput.ReactTextInputShadowNode
03-22 00:43:13.562 16894 17031 W unknown:ViewManagerPropertyUpdater: Could not find generated setter for class com.facebook.react.views.text.ReactTextViewManager
03-22 00:43:13.564 16894 17031 W unknown:ViewManagerPropertyUpdater: Could not find generated setter for class com.facebook.react.views.text.ReactTextShadowNode
03-22 00:43:13.565 16894 17031 W unknown:ViewManagerPropertyUpdater: Could not find generated setter for class com.facebook.react.views.view.ReactViewManager
03-22 00:43:13.567 16894 17031 W unknown:ViewManagerPropertyUpdater: Could not find generated setter for class com.facebook.react.views.text.ReactVirtualTextViewManager
03-22 00:43:13.567 16894 17031 W unknown:ViewManagerPropertyUpdater: Could not find generated setter for class com.facebook.react.views.text.ReactVirtualTextShadowNode
03-22 00:43:13.568 16894 17031 W unknown:ViewManagerPropertyUpdater: Could not find generated setter for class com.facebook.react.views.unimplementedview.ReactUnimplementedViewManager
03-22 00:43:13.577 16894 17031 W unknown:ReactContext: initializeMessageQueueThreads() is called.
03-22 00:43:13.580 16894 17031 D SoLoader: About to load: libyoga.so
03-22 00:43:13.580 16894 17031 D SoLoader: libyoga.so not found on /data/data/com.detoxsample/lib-main
03-22 00:43:13.580 16894 17031 D SoLoader: libyoga.so found on /data/app/~~xvr_C2vb9FgxzUmvvKoCIA==/com.detoxsample-G7jwzn7vjcPEYCN2wLWWIA==/lib/arm64
03-22 00:43:13.580 16894 17031 D SoLoader: Not resolving dependencies for libyoga.so
03-22 00:43:13.583 16894 17031 D SoLoader: Loaded: libyoga.so
03-22 00:43:13.592 16894 16894 I DetoxRNLoading: Got new RN-context async'ly through listener
03-22 00:43:13.593 16894 17027 I DetoxRNIdleRes: Setting up Espresso Idling Resources for React Native
03-22 00:43:13.639 16894 17027 D AsyncStorageIR: Checking whether a custom IR for Async-Storage is required... (legacy=false)
03-22 00:43:13.640 16894 17027 D DetoxRNHelpers: Native RN module resolution (class com.reactnativecommunity.asyncstorage.AsyncStorageModule): no such class
03-22 00:43:13.641 16894 17027 D AsyncStorageIR: Checking whether a custom IR for Async-Storage is required... (legacy=true)
03-22 00:43:13.641 16894 17031 I flipper : flipper: FlipperClient::addPlugin Fresco
03-22 00:43:13.643 16894 17031 W com.detoxsampl: Accessing hidden method Landroid/os/MessageQueue;->next()Landroid/os/Message; (greylist, reflection, allowed)
03-22 00:43:13.643 16894 17031 W com.detoxsampl: Accessing hidden field Landroid/os/MessageQueue;->mMessages:Landroid/os/Message; (greylist, reflection, allowed)
03-22 00:43:13.643 16894 17031 W com.detoxsampl: Accessing hidden method Landroid/os/Message;->recycleUnchecked()V (greylist, reflection, allowed)
03-22 00:43:13.645 16894 17027 D AsyncStorageIR: IR for Async-Storage is required! (legacy=true)
03-22 00:43:13.648 16894 16894 I Detox   : UIManagerModule is busy
03-22 00:43:13.648 16894 16894 D AsyncStorageIRLegacy: Async-storage is busy!
03-22 00:43:13.656 16894 17027 I DetoxDispatcher: Done with action '_init'
03-22 00:43:13.657 16894 17027 I DetoxDispatcher: Handling action 'isReady' (ID #-1000)...
03-22 00:43:13.693 16894 17030 D SoLoader: About to load: libreactnativeblob.so
03-22 00:43:13.694 16894 17030 D SoLoader: libreactnativeblob.so not found on /data/data/com.detoxsample/lib-main
03-22 00:43:13.694 16894 17030 D SoLoader: libreactnativeblob.so found on /data/app/~~xvr_C2vb9FgxzUmvvKoCIA==/com.detoxsample-G7jwzn7vjcPEYCN2wLWWIA==/lib/arm64
03-22 00:43:13.694 16894 17030 D SoLoader: Not resolving dependencies for libreactnativeblob.so
03-22 00:43:13.695 16894 17030 D SoLoader: Loaded: libreactnativeblob.so
03-22 00:43:13.744 16894 17031 I WebViewFactory: Loading com.google.android.webview version 99.0.4844.58 (code 484405833)
03-22 00:43:13.860 16894 17030 I ReactNativeJS: Running "DetoxSample" with {"rootTag":1}
03-22 00:43:13.862 16894 17031 W com.detoxsampl: Accessing hidden method Landroid/os/Trace;->isTagEnabled(J)Z (greylist, reflection, allowed)
03-22 00:43:13.862 16894 17031 W com.detoxsampl: Accessing hidden method Landroid/os/Trace;->traceBegin(JLjava/lang/String;)V (greylist, reflection, allowed)
03-22 00:43:13.862 16894 17031 W com.detoxsampl: Accessing hidden method Landroid/os/Trace;->traceEnd(J)V (greylist, reflection, allowed)
03-22 00:43:13.862 16894 17031 W com.detoxsampl: Accessing hidden method Landroid/os/Trace;->asyncTraceBegin(JLjava/lang/String;I)V (greylist, reflection, allowed)
03-22 00:43:13.862 16894 17031 W com.detoxsampl: Accessing hidden method Landroid/os/Trace;->asyncTraceEnd(JLjava/lang/String;I)V (greylist, reflection, allowed)
03-22 00:43:13.878 16894 17031 I cr_WVCFactoryProvider: Loaded version=99.0.4844.58 minSdkVersion=29 isBundle=true multiprocess=true packageId=3
03-22 00:43:14.021 16894 17031 I cr_LibraryLoader: Successfully loaded native library
03-22 00:43:14.029 16894 17031 I cr_CachingUmaRecorder: Flushed 8 samples from 8 histograms.
03-22 00:43:14.229 16894 16894 W com.detoxsampl: Accessing hidden field Landroid/widget/ScrollView;->mScroller:Landroid/widget/OverScroller; (greylist, reflection, allowed)
03-22 00:43:14.288 16894 17188 D SoLoader: About to load: libimagepipeline.so
03-22 00:43:14.288 16894 17188 D SoLoader: libimagepipeline.so not found on /data/data/com.detoxsample/lib-main
03-22 00:43:14.288 16894 17188 D SoLoader: libimagepipeline.so found on /data/app/~~xvr_C2vb9FgxzUmvvKoCIA==/com.detoxsample-G7jwzn7vjcPEYCN2wLWWIA==/lib/arm64
03-22 00:43:14.288 16894 17188 D SoLoader: Not resolving dependencies for libimagepipeline.so
03-22 00:43:14.291 16894 17188 D SoLoader: Loaded: libimagepipeline.so
03-22 00:43:14.291 16894 16894 I Detox   : Wait is over: app is now idle!
03-22 00:43:14.291 16894 17027 I DetoxWSClient: Sending out action 'ready' (ID #-1000)
03-22 00:43:14.292 16894 17027 I DetoxDispatcher: Done with action 'isReady'
03-22 00:43:14.292 16894 17027 I DetoxDispatcher: Handling action 'loginSuccess' (ID #0)...
03-22 00:43:14.292 16894 17027 I DetoxDispatcher: Done with action 'loginSuccess'
03-22 00:43:14.292 16894 17027 I DetoxDispatcher: Handling action 'isReady' (ID #-1000)...
03-22 00:43:14.297 16894 16894 I Detox   : Wait is over: app is now idle!
03-22 00:43:14.297 16894 17027 I DetoxWSClient: Sending out action 'ready' (ID #-1000)
03-22 00:43:14.297 16894 17027 I DetoxDispatcher: Done with action 'isReady'
