--------- beginning of main
03-22 18:38:53.327 20115 20187 I DetoxWSClient: Sending out action 'invokeResult' (ID #16)
03-22 18:38:53.328 20115 20187 I DetoxDispatcher: Done with action 'invoke'
03-22 18:38:53.409 20115 20191 D DetoxWSClient: Received action 'invoke' (ID #17, params={"target":{"type":"Class","value":"com.wix.detox.espresso.EspressoDetox"},"method":"perform","args":[{"type":"Invocation","value":{"target":{"type":"Class","value":"androidx.test.espresso.Espresso"},"method":"onView","args":[{"type":"Invocation","value":{"target":{"type":"Class","value":"com.wix.detox.espresso.DetoxMatcher"},"method":"matcherForTestId","args":["upiCollect"]}}]}},{"type":"Invocation","value":{"target":{"type":"Class","value":"com.wix.detox.espresso.DetoxViewActions"},"method":"click","args":[]}}]})
03-22 18:38:53.410 20115 20187 I DetoxDispatcher: Handling action 'invoke' (ID #17)...
03-22 18:38:53.411 20115 20187 D Detox   : class com.wix.detox.espresso.DetoxMatcher, matcherForTestId, [upiCollect]
03-22 18:38:53.412 20115 20187 D Detox   : class androidx.test.espresso.Espresso, onView, [(view.getTag() is "upiCollect" and view has effective visibility <VISIBLE>)]
03-22 18:38:53.412 20115 20187 D Detox   : class com.wix.detox.espresso.DetoxViewActions, click, []
03-22 18:38:53.415 20115 20187 D Detox   : class com.wix.detox.espresso.EspressoDetox, perform, [androidx.test.espresso.ViewInteraction@58f6693, com.wix.detox.espresso.action.RNClickAction@801a6d0]
03-22 18:38:53.429 20115 20115 I ViewInteraction: Performing 'com.wix.detox.espresso.action.detoxsingletap@e6796c9 click' action on view (view.getTag() is "upiCollect" and view has effective visibility <VISIBLE>)
03-22 18:38:53.485 20115 20189 I ReactNativeJS: false
03-22 18:38:53.654 20115 20115 I Detox   : AnimatedModule is busy.
03-22 18:38:53.665 20115 20115 I Detox   : AnimatedModule is busy.
03-22 18:38:53.679 20115 20115 I Detox   : AnimatedModule is busy.
03-22 18:38:53.696 20115 20115 I Detox   : AnimatedModule is busy.
03-22 18:38:53.713 20115 20115 I Detox   : AnimatedModule is busy.
03-22 18:38:53.729 20115 20115 I Detox   : AnimatedModule is busy.
03-22 18:38:53.746 20115 20115 I Detox   : AnimatedModule is busy.
03-22 18:38:53.764 20115 20115 I Detox   : AnimatedModule is busy.
03-22 18:38:53.780 20115 20115 I Detox   : AnimatedModule is busy.
03-22 18:38:53.799 20115 20115 I Detox   : AnimatedModule is busy.
03-22 18:38:54.206 20115 20187 I DetoxWSClient: Sending out action 'invokeResult' (ID #17)
03-22 18:38:54.206 20115 20187 I DetoxDispatcher: Done with action 'invoke'
03-22 18:38:54.216 20115 20191 D DetoxWSClient: Received action 'invoke' (ID #18, params={"target":{"type":"Class","value":"com.wix.detox.espresso.EspressoDetox"},"method":"perform","args":[{"type":"Invocation","value":{"target":{"type":"Class","value":"androidx.test.espresso.Espresso"},"method":"onView","args":[{"type":"Invocation","value":{"target":{"type":"Class","value":"com.wix.detox.espresso.DetoxMatcher"},"method":"matcherForTestId","args":["vpaAddress"]}}]}},{"type":"Invocation","value":{"target":{"type":"Class","value":"androidx.test.espresso.action.ViewActions"},"method":"replaceText","args":["rohan@paytm"]}}]})
03-22 18:38:54.216 20115 20187 I DetoxDispatcher: Handling action 'invoke' (ID #18)...
03-22 18:38:54.217 20115 20187 D Detox   : class com.wix.detox.espresso.DetoxMatcher, matcherForTestId, [vpaAddress]
03-22 18:38:54.218 20115 20187 D Detox   : class androidx.test.espresso.Espresso, onView, [(view.getTag() is "vpaAddress" and view has effective visibility <VISIBLE>)]
03-22 18:38:54.219 20115 20187 D Detox   : class androidx.test.espresso.action.ViewActions, replaceText, [rohan@paytm]
03-22 18:38:54.219 20115 20187 D Detox   : class com.wix.detox.espresso.EspressoDetox, perform, [androidx.test.espresso.ViewInteraction@3b476e2, androidx.test.espresso.action.ReplaceTextAction@4dbaa73]
03-22 18:38:54.224 20115 20115 I ViewInteraction: Performing 'replace text(rohan@paytm)' action on view (view.getTag() is "vpaAddress" and view has effective visibility <VISIBLE>)
03-22 18:38:54.236 20115 20187 I DetoxWSClient: Sending out action 'invokeResult' (ID #18)
03-22 18:38:54.237 20115 20187 I DetoxDispatcher: Done with action 'invoke'
03-22 18:38:54.247 20115 20191 D DetoxWSClient: Received action 'invoke' (ID #19, params={"target":{"type":"Class","value":"com.wix.detox.espresso.EspressoDetox"},"method":"perform","args":[{"type":"Invocation","value":{"target":{"type":"Class","value":"androidx.test.espresso.Espresso"},"method":"onView","args":[{"type":"Invocation","value":{"target":{"type":"Class","value":"com.wix.detox.espresso.DetoxMatcher"},"method":"matcherForText","args":["PAY WITH UPI COLLECT"]}}]}},{"type":"Invocation","value":{"target":{"type":"Class","value":"com.wix.detox.espresso.DetoxViewActions"},"method":"click","args":[]}}]})
03-22 18:38:54.249 20115 20187 I DetoxDispatcher: Handling action 'invoke' (ID #19)...
03-22 18:38:54.250 20115 20187 D Detox   : class com.wix.detox.espresso.DetoxMatcher, matcherForText, [PAY WITH UPI COLLECT]
03-22 18:38:54.250 20115 20187 D Detox   : class androidx.test.espresso.Espresso, onView, [(an instance of android.widget.TextView and view.getText() with or without transformation to match: is "PAY WITH UPI COLLECT" and view has effective visibility <VISIBLE>)]
03-22 18:38:54.251 20115 20187 D Detox   : class com.wix.detox.espresso.DetoxViewActions, click, []
03-22 18:38:54.257 20115 20187 D Detox   : class com.wix.detox.espresso.EspressoDetox, perform, [androidx.test.espresso.ViewInteraction@1a71f2e, com.wix.detox.espresso.action.RNClickAction@b3c7acf]
03-22 18:38:54.257 20115 20173 D EGL_emulation: app_time_stats: avg=63.40ms min=2.92ms max=522.67ms count=20
03-22 18:38:54.273 20115 20115 I Detox   : UIManagerModule is busy
03-22 18:38:54.282 20115 20115 I Detox   : UIManagerModule is busy
03-22 18:38:54.299 20115 20115 I ViewInteraction: Performing 'com.wix.detox.espresso.action.detoxsingletap@487e606 click' action on view (an instance of android.widget.TextView and view.getText() with or without transformation to match: is "PAY WITH UPI COLLECT" and view has effective visibility <VISIBLE>)
03-22 18:38:54.355 20115 20115 I Detox   : UIManagerModule is busy
03-22 18:38:54.939 20115 20189 I ReactNativeJS: gettin ghere
03-22 18:38:54.940 20115 20189 I ReactNativeJS: here
03-22 18:38:54.941 20115 20189 I ReactNativeJS: here
03-22 18:38:54.953 20115 20190 D here    : getting here success
03-22 18:38:54.992 20115 20115 D LifecycleMonitor: Lifecycle status change: com.detoxsample.MainActivity@95c1cf5 in: PAUSED
03-22 18:38:55.010 20115 20115 D LifecycleMonitor: Lifecycle status change: com.razorpay.rn.RazorpayPaymentActivity@3b668bc in: PRE_ON_CREATE
03-22 18:38:55.074 20115 20115 E com.razorpay.checkout: GooglePay library not included
03-22 18:38:55.127 20115 20252 W com.detoxsampl: Accessing hidden method Landroid/media/AudioManager;->getOutputLatency(I)I (unsupported, reflection, allowed)
03-22 18:38:55.146 20115 20351 D HostConnection: createUnique: call
03-22 18:38:55.147 20115 20351 D HostConnection: HostConnection::get() New Host Connection established 0x73a0edf12790, tid 20351
03-22 18:38:55.151 20115 20252 W cr_media: Requires BLUETOOTH permission
03-22 18:38:55.152 20115 20115 D LifecycleMonitor: Lifecycle status change: com.razorpay.rn.RazorpayPaymentActivity@3b668bc in: CREATED
03-22 18:38:55.155 20115 20115 D LifecycleMonitor: Lifecycle status change: com.razorpay.rn.RazorpayPaymentActivity@3b668bc in: STARTED
03-22 18:38:55.156 20115 20115 D LifecycleMonitor: Lifecycle status change: com.razorpay.rn.RazorpayPaymentActivity@3b668bc in: RESUMED
03-22 18:38:55.161 20115 20351 D HostConnection: HostComposition ext ANDROID_EMU_CHECKSUM_HELPER_v1 ANDROID_EMU_native_sync_v2 ANDROID_EMU_native_sync_v3 ANDROID_EMU_native_sync_v4 ANDROID_EMU_dma_v1 ANDROID_EMU_direct_mem ANDROID_EMU_host_composition_v1 ANDROID_EMU_host_composition_v2 ANDROID_EMU_YUV_Cache ANDROID_EMU_async_unmap_buffer ANDROID_EMU_has_shared_slots_host_memory_allocator ANDROID_EMU_sync_buffer_data GL_OES_EGL_image_external_essl3 GL_OES_vertex_array_object GL_KHR_texture_compression_astc_ldr ANDROID_EMU_host_side_tracing ANDROID_EMU_async_frame_commands ANDROID_EMU_gles_max_version_3_0 
03-22 18:38:55.166 20115 20351 D EGL_emulation: eglCreateContext: 0x73a0edf1f210: maj 3 min 0 rcv 3
03-22 18:38:55.166 20115 20351 D EGL_emulation: eglMakeCurrent: 0x73a0edf1f210: ver 3 0 (tinfo 0x73a3073d2100) (first time)
03-22 18:38:55.224 20115 20351 D EGL_emulation: eglCreateContext: 0x73a0edf1f210: maj 3 min 0 rcv 3
03-22 18:38:55.267 20115 20173 D EGL_emulation: app_time_stats: avg=17.27ms min=10.30ms max=45.52ms count=58
03-22 18:38:55.330 20115 20351 D EGL_emulation: eglCreateContext: 0x73a0edf13b10: maj 3 min 0 rcv 3
03-22 18:38:55.830 20115 20115 D LifecycleMonitor: Lifecycle status change: com.detoxsample.MainActivity@95c1cf5 in: STOPPED
03-22 18:38:55.889 20115 20187 I DetoxWSClient: Sending out action 'invokeResult' (ID #19)
03-22 18:38:55.889 20115 20187 I DetoxDispatcher: Done with action 'invoke'
03-22 18:38:55.898 20115 20191 D DetoxWSClient: Received action 'invoke' (ID #20, params={"target":{"type":"Class","value":"com.wix.detox.espresso.DetoxAssertion"},"method":"assertMatcher","args":[{"type":"Invocation","value":{"target":{"type":"Class","value":"androidx.test.espresso.Espresso"},"method":"onView","args":[{"type":"Invocation","value":{"target":{"type":"Class","value":"com.wix.detox.espresso.DetoxMatcher"},"method":"matcherForText","args":["VPA Validity : true"]}}]}},{"type":"Invocation","value":{"target":{"type":"Class","value":"com.wix.detox.espresso.DetoxMatcher"},"method":"matcherForSufficientlyVisible","args":[{"type":"Integer","value":75}]}}]})
03-22 18:38:55.899 20115 20187 I DetoxDispatcher: Handling action 'invoke' (ID #20)...
03-22 18:38:55.899 20115 20187 D Detox   : class com.wix.detox.espresso.DetoxMatcher, matcherForText, [VPA Validity : true]
03-22 18:38:55.900 20115 20187 D Detox   : class androidx.test.espresso.Espresso, onView, [(an instance of android.widget.TextView and view.getText() with or without transformation to match: is "VPA Validity : true" and view has effective visibility <VISIBLE>)]
03-22 18:38:55.900 20115 20187 D Detox   : class com.wix.detox.espresso.DetoxMatcher, matcherForSufficientlyVisible, [75]
03-22 18:38:55.901 20115 20187 D Detox   : class com.wix.detox.espresso.DetoxAssertion, assertMatcher, [androidx.test.espresso.ViewInteraction@54c3414, (view has effective visibility <VISIBLE> and view.getGlobalVisibleRect() covers at least <75> percent of the view's area)]
03-22 18:38:55.959 20115 20115 I ViewInteraction: Checking 'MatchesViewAssertion(Detox){viewMatcher=(view has effective visibility <VISIBLE> and view.getGlobalVisibleRect() covers at least <75> percent of the view's area)}' assertion on view (an instance of android.widget.TextView and view.getText() with or without transformation to match: is "VPA Validity : true" and view has effective visibility <VISIBLE>)
03-22 18:38:55.968 20115 20187 I DetoxActionHandlers: Test exception
03-22 18:38:55.968 20115 20187 I DetoxActionHandlers: java.lang.reflect.InvocationTargetException
03-22 18:38:55.968 20115 20187 I DetoxActionHandlers: 	at java.lang.reflect.Method.invoke(Native Method)
03-22 18:38:55.968 20115 20187 I DetoxActionHandlers: 	at org.apache.commons.lang3.reflect.MethodUtils.invokeStaticMethod(MethodUtils.java:443)
03-22 18:38:55.968 20115 20187 I DetoxActionHandlers: 	at org.apache.commons.lang3.reflect.MethodUtils.invokeStaticMethod(MethodUtils.java:405)
03-22 18:38:55.968 20115 20187 I DetoxActionHandlers: 	at com.wix.invoke.types.ClassTarget.execute(ClassTarget.java:23)
03-22 18:38:55.968 20115 20187 I DetoxActionHandlers: 	at com.wix.invoke.types.Target.invoke(Target.java:59)
03-22 18:38:55.968 20115 20187 I DetoxActionHandlers: 	at com.wix.invoke.MethodInvocation.invoke(MethodInvocation.java:35)
03-22 18:38:55.968 20115 20187 I DetoxActionHandlers: 	at com.wix.invoke.MethodInvocation.invoke(MethodInvocation.java:26)
03-22 18:38:55.968 20115 20187 I DetoxActionHandlers: 	at com.wix.invoke.MethodInvocation.invoke(MethodInvocation.java:20)
03-22 18:38:55.968 20115 20187 I DetoxActionHandlers: 	at com.wix.detox.adapters.server.InvokeActionHandler.handle(DetoxActionHandlers.kt:54)
03-22 18:38:55.968 20115 20187 I DetoxActionHandlers: 	at com.wix.detox.adapters.server.ActionsExecutor$executeAction$$inlined$let$lambda$1.run(DetoxActionsDispatcher.kt:64)
03-22 18:38:55.968 20115 20187 I DetoxActionHandlers: 	at android.os.Handler.handleCallback(Handler.java:938)
03-22 18:38:55.968 20115 20187 I DetoxActionHandlers: 	at android.os.Handler.dispatchMessage(Handler.java:99)
03-22 18:38:55.968 20115 20187 I DetoxActionHandlers: 	at android.os.Looper.loopOnce(Looper.java:201)
03-22 18:38:55.968 20115 20187 I DetoxActionHandlers: 	at android.os.Looper.loop(Looper.java:288)
03-22 18:38:55.968 20115 20187 I DetoxActionHandlers: 	at com.wix.detox.adapters.server.ActionsExecutor$1.run(DetoxActionsDispatcher.kt:50)
03-22 18:38:55.968 20115 20187 I DetoxActionHandlers: 	at java.lang.Thread.run(Thread.java:920)
03-22 18:38:55.968 20115 20187 I DetoxActionHandlers: Caused by: androidx.test.espresso.base.DefaultFailureHandler$AssertionFailedWithCauseError: '(view has effective visibility <VISIBLE> and view.getGlobalVisibleRect() covers at least <75> percent of the view's area)' doesn't match the selected view.
03-22 18:38:55.968 20115 20187 I DetoxActionHandlers: Expected: (view has effective visibility <VISIBLE> and view.getGlobalVisibleRect() covers at least <75> percent of the view's area)
03-22 18:38:55.968 20115 20187 I DetoxActionHandlers:      Got: was null
03-22 18:38:55.968 20115 20187 I DetoxActionHandlers: 
03-22 18:38:55.968 20115 20187 I DetoxActionHandlers: 	at dalvik.system.VMStack.getThreadStackTrace(Native Method)
03-22 18:38:55.968 20115 20187 I DetoxActionHandlers: 	at java.lang.Thread.getStackTrace(Thread.java:1724)
03-22 18:38:55.968 20115 20187 I DetoxActionHandlers: 	at androidx.test.espresso.base.DefaultFailureHandler.getUserFriendlyError(DefaultFailureHandler.java:12)
03-22 18:38:55.968 20115 20187 I DetoxActionHandlers: 	at androidx.test.espresso.base.DefaultFailureHandler.handle(DefaultFailureHandler.java:7)
03-22 18:38:55.968 20115 20187 I DetoxActionHandlers: 	at androidx.test.espresso.ViewInteraction.waitForAndHandleInteractionResults(ViewInteraction.java:5)
03-22 18:38:55.968 20115 20187 I DetoxActionHandlers: 	at androidx.test.espresso.ViewInteraction.check(ViewInteraction.java:12)
03-22 18:38:55.968 20115 20187 I DetoxActionHandlers: 	at com.wix.detox.espresso.DetoxAssertion.assertMatcher(DetoxAssertion.java:32)
03-22 18:38:55.968 20115 20187 I DetoxActionHandlers: 	... 16 more
03-22 18:38:55.968 20115 20187 I DetoxActionHandlers: Caused by: junit.framework.AssertionFailedError: '(view has effective visibility <VISIBLE> and view.getGlobalVisibleRect() covers at least <75> percent of the view's area)' doesn't match the selected view.
03-22 18:38:55.968 20115 20187 I DetoxActionHandlers: Expected: (view has effective visibility <VISIBLE> and view.getGlobalVisibleRect() covers at least <75> percent of the view's area)
03-22 18:38:55.968 20115 20187 I DetoxActionHandlers:      Got: was null
03-22 18:38:55.968 20115 20187 I DetoxActionHandlers: 
03-22 18:38:55.968 20115 20187 I DetoxActionHandlers: 	at androidx.test.espresso.matcher.ViewMatchers.assertThat(ViewMatchers.java:16)
03-22 18:38:55.968 20115 20187 I DetoxActionHandlers: 	at com.wix.detox.espresso.assertion.ViewAssertions$MatchesViewAssertion.check(ViewAssertions.java:52)
03-22 18:38:55.968 20115 20187 I DetoxActionHandlers: 	at androidx.test.espresso.ViewInteraction$SingleExecutionViewAssertion.check(ViewInteraction.java:2)
03-22 18:38:55.968 20115 20187 I DetoxActionHandlers: 	at androidx.test.espresso.ViewInteraction$2.call(ViewInteraction.java:12)
03-22 18:38:55.968 20115 20187 I DetoxActionHandlers: 	at androidx.test.espresso.ViewInteraction$2.call(ViewInteraction.java:1)
03-22 18:38:55.968 20115 20187 I DetoxActionHandlers: 	at java.util.concurrent.FutureTask.run(FutureTask.java:266)
03-22 18:38:55.968 20115 20187 I DetoxActionHandlers: 	at android.os.Handler.handleCallback(Handler.java:938)
03-22 18:38:55.968 20115 20187 I DetoxActionHandlers: 	at android.os.Handler.dispatchMessage(Handler.java:99)
03-22 18:38:55.968 20115 20187 I DetoxActionHandlers: 	at android.os.Looper.loopOnce(Looper.java:201)
03-22 18:38:55.968 20115 20187 I DetoxActionHandlers: 	at android.os.Looper.loop(Looper.java:288)
03-22 18:38:55.968 20115 20187 I DetoxActionHandlers: 	at android.app.ActivityThread.main(ActivityThread.java:7842)
03-22 18:38:55.968 20115 20187 I DetoxActionHandlers: 	at java.lang.reflect.Method.invoke(Native Method)
03-22 18:38:55.968 20115 20187 I DetoxActionHandlers: 	at com.android.internal.os.RuntimeInit$MethodAndArgsCaller.run(RuntimeInit.java:548)
03-22 18:38:55.968 20115 20187 I DetoxActionHandlers: 	at com.android.internal.os.ZygoteInit.main(ZygoteInit.java:1003)
03-22 18:38:55.970 20115 20187 I DetoxWSClient: Sending out action 'testFailed' (ID #20)
03-22 18:38:55.971 20115 20187 I DetoxDispatcher: Done with action 'invoke'
