--------- beginning of main
03-22 11:08:06.006 29959 29959 I com.detoxsampl: Late-enabling -Xcheck:jni
03-22 11:08:06.023 29959 29959 I com.detoxsampl: Unquickening 19 vdex files!
--------- beginning of system
03-22 11:08:06.057 29959 29959 W ActivityThread: Package uses different ABI(s) than its instrumentation: package[com.detoxsample]: arm64-v8a, null instrumentation[com.detoxsample.test]: null, null
03-22 11:08:06.058 29959 29959 I Typeface: Current DefaultTypeface ( lgtravel )
03-22 11:08:06.061 29959 29959 I com.detoxsampl: The ClassLoaderContext is a special shared library.
03-22 11:08:06.065 29959 29959 I chatty  : uid=10524(com.detoxsample) identical 2 lines
03-22 11:08:06.066 29959 29959 I com.detoxsampl: The ClassLoaderContext is a special shared library.
03-22 11:08:06.252 29959 29959 D ApplicationLoaders: Returning zygote-cached class loader: /system/framework/android.test.base.jar
03-22 11:08:06.252 29959 29959 D ApplicationLoaders: Returning zygote-cached class loader: /system/framework/android.test.base.jar
03-22 11:08:06.253 29959 29959 I com.detoxsampl: The ClassLoaderContext is a special shared library.
03-22 11:08:06.255 29959 29959 D ApplicationLoaders: Returning zygote-cached class loader: /system/framework/android.test.base.jar
03-22 11:08:06.255 29959 29959 D ApplicationLoaders: Returning zygote-cached class loader: /system/framework/android.test.base.jar
03-22 11:08:06.256 29959 29959 I com.detoxsampl: The ClassLoaderContext is a special shared library.
03-22 11:08:06.259 29959 29959 I chatty  : uid=10524(com.detoxsample) identical 2 lines
03-22 11:08:06.260 29959 29959 I com.detoxsampl: The ClassLoaderContext is a special shared library.
03-22 11:08:06.438 29959 29959 W com.detoxsampl: Accessing hidden method Landroid/app/Instrumentation;->execStartActivity(Landroid/content/Context;Landroid/os/IBinder;Landroid/os/IBinder;Landroid/app/Activity;Landroid/content/Intent;ILandroid/os/Bundle;)Landroid/app/Instrumentation$ActivityResult; (greylist, linking, allowed)
03-22 11:08:06.438 29959 29959 W com.detoxsampl: Accessing hidden method Landroid/app/Instrumentation;->execStartActivity(Landroid/content/Context;Landroid/os/IBinder;Landroid/os/IBinder;Ljava/lang/String;Landroid/content/Intent;ILandroid/os/Bundle;)Landroid/app/Instrumentation$ActivityResult; (greylist, linking, allowed)
03-22 11:08:06.447 29959 29959 D NetworkSecurityConfig: Using Network Security Config from resource network_security_config debugBuild: true
03-22 11:08:06.450 29959 29959 D NetworkSecurityConfig: Using Network Security Config from resource network_security_config debugBuild: true
03-22 11:08:06.453 29959 29959 I MonitoringInstr: Instrumentation started!
03-22 11:08:06.462 29959 29959 V TestEventClient: No service name argument was given (testDiscoveryService, testRunEventService or orchestratorService)
03-22 11:08:06.466 29959 29959 D SoLoader: init start
03-22 11:08:06.466 29959 29959 D SoLoader: adding system library source: /vendor/lib64
03-22 11:08:06.467 29959 29959 D SoLoader: adding system library source: /system/lib64
03-22 11:08:06.467 29959 29959 D SoLoader: adding application source: com.facebook.soloader.DirectorySoSource[root = /data/app/~~YCek1RxbVxEElktnNIGP0w==/com.detoxsample-SLl2Nud0rPLIJ2iawFvz8Q==/lib/arm64 flags = 0]
03-22 11:08:06.468 29959 29959 D SoLoader: adding backup source from : com.facebook.soloader.ApkSoSource[root = /data/data/com.detoxsample/lib-main flags = 1]
03-22 11:08:06.469 29959 29959 D SoLoader: Preparing SO source: com.facebook.soloader.DirectorySoSource[root = /system/lib64 flags = 2]
03-22 11:08:06.469 29959 29959 D SoLoader: Preparing SO source: com.facebook.soloader.DirectorySoSource[root = /vendor/lib64 flags = 2]
03-22 11:08:06.469 29959 29959 D SoLoader: Preparing SO source: com.facebook.soloader.DirectorySoSource[root = /data/app/~~YCek1RxbVxEElktnNIGP0w==/com.detoxsample-SLl2Nud0rPLIJ2iawFvz8Q==/lib/arm64 flags = 0]
03-22 11:08:06.469 29959 29959 D SoLoader: Preparing SO source: com.facebook.soloader.ApkSoSource[root = /data/data/com.detoxsample/lib-main flags = 1]
03-22 11:08:06.470 29959 29959 V fb-UnpackingSoSource: locked dso store /data/user/0/com.detoxsample/lib-main
03-22 11:08:06.471 29959 29959 V fb-UnpackingSoSource: deps mismatch on deps store: regenerating
03-22 11:08:06.471 29959 29959 V fb-UnpackingSoSource: so store dirty: regenerating
03-22 11:08:06.524 29959 29959 D ApkSoSource: not allowing consideration of lib/arm64-v8a/libbetter.so: deferring to libdir
03-22 11:08:06.524 29959 29959 D ApkSoSource: not allowing consideration of lib/arm64-v8a/libc++_shared.so: deferring to libdir
03-22 11:08:06.524 29959 29959 D ApkSoSource: not allowing consideration of lib/arm64-v8a/libevent-2.1.so: deferring to libdir
03-22 11:08:06.524 29959 29959 D ApkSoSource: not allowing consideration of lib/arm64-v8a/libevent_core-2.1.so: deferring to libdir
03-22 11:08:06.524 29959 29959 D ApkSoSource: not allowing consideration of lib/arm64-v8a/libevent_extra-2.1.so: deferring to libdir
03-22 11:08:06.524 29959 29959 D ApkSoSource: not allowing consideration of lib/arm64-v8a/libfabricjni.so: deferring to libdir
03-22 11:08:06.524 29959 29959 D ApkSoSource: not allowing consideration of lib/arm64-v8a/libfb.so: deferring to libdir
03-22 11:08:06.524 29959 29959 D ApkSoSource: not allowing consideration of lib/arm64-v8a/libfbjni.so: deferring to libdir
03-22 11:08:06.524 29959 29959 D ApkSoSource: not allowing consideration of lib/arm64-v8a/libflipper.so: deferring to libdir
03-22 11:08:06.524 29959 29959 D ApkSoSource: not allowing consideration of lib/arm64-v8a/libfolly_futures.so: deferring to libdir
03-22 11:08:06.524 29959 29959 D ApkSoSource: not allowing consideration of lib/arm64-v8a/libfolly_json.so: deferring to libdir
03-22 11:08:06.524 29959 29959 D ApkSoSource: not allowing consideration of lib/arm64-v8a/libglog.so: deferring to libdir
03-22 11:08:06.525 29959 29959 D ApkSoSource: not allowing consideration of lib/arm64-v8a/libglog_init.so: deferring to libdir
03-22 11:08:06.525 29959 29959 D ApkSoSource: not allowing consideration of lib/arm64-v8a/libimagepipeline.so: deferring to libdir
03-22 11:08:06.525 29959 29959 D ApkSoSource: not allowing consideration of lib/arm64-v8a/libjsc.so: deferring to libdir
03-22 11:08:06.525 29959 29959 D ApkSoSource: not allowing consideration of lib/arm64-v8a/libjscexecutor.so: deferring to libdir
03-22 11:08:06.525 29959 29959 D ApkSoSource: not allowing consideration of lib/arm64-v8a/libjsi.so: deferring to libdir
03-22 11:08:06.525 29959 29959 D ApkSoSource: not allowing consideration of lib/arm64-v8a/libjsijniprofiler.so: deferring to libdir
03-22 11:08:06.525 29959 29959 D ApkSoSource: not allowing consideration of lib/arm64-v8a/libjsinspector.so: deferring to libdir
03-22 11:08:06.525 29959 29959 D ApkSoSource: not allowing consideration of lib/arm64-v8a/liblogger.so: deferring to libdir
03-22 11:08:06.525 29959 29959 D ApkSoSource: not allowing consideration of lib/arm64-v8a/libmapbufferjni.so: deferring to libdir
03-22 11:08:06.525 29959 29959 D ApkSoSource: not allowing consideration of lib/arm64-v8a/libnative-filters.so: deferring to libdir
03-22 11:08:06.525 29959 29959 D ApkSoSource: not allowing consideration of lib/arm64-v8a/libnative-imagetranscoder.so: deferring to libdir
03-22 11:08:06.525 29959 29959 D ApkSoSource: not allowing consideration of lib/arm64-v8a/libreact_codegen_rncore.so: deferring to libdir
03-22 11:08:06.525 29959 29959 D ApkSoSource: not allowing consideration of lib/arm64-v8a/libreact_debug.so: deferring to libdir
03-22 11:08:06.525 29959 29959 D ApkSoSource: not allowing consideration of lib/arm64-v8a/libreact_nativemodule_core.so: deferring to libdir
03-22 11:08:06.525 29959 29959 D ApkSoSource: not allowing consideration of lib/arm64-v8a/libreact_render_animations.so: deferring to libdir
03-22 11:08:06.525 29959 29959 D ApkSoSource: not allowing consideration of lib/arm64-v8a/libreact_render_attributedstring.so: deferring to libdir
03-22 11:08:06.525 29959 29959 D ApkSoSource: not allowing consideration of lib/arm64-v8a/libreact_render_componentregistry.so: deferring to libdir
03-22 11:08:06.525 29959 29959 D ApkSoSource: not allowing consideration of lib/arm64-v8a/libreact_render_core.so: deferring to libdir
03-22 11:08:06.526 29959 29959 D ApkSoSource: not allowing consideration of lib/arm64-v8a/libreact_render_debug.so: deferring to libdir
03-22 11:08:06.526 29959 29959 D ApkSoSource: not allowing consideration of lib/arm64-v8a/libreact_render_graphics.so: deferring to libdir
03-22 11:08:06.526 29959 29959 D ApkSoSource: not allowing consideration of lib/arm64-v8a/libreact_render_imagemanager.so: deferring to libdir
03-22 11:08:06.526 29959 29959 D ApkSoSource: not allowing consideration of lib/arm64-v8a/libreact_render_leakchecker.so: deferring to libdir
03-22 11:08:06.526 29959 29959 D ApkSoSource: not allowing consideration of lib/arm64-v8a/libreact_render_mapbuffer.so: deferring to libdir
03-22 11:08:06.526 29959 29959 D ApkSoSource: not allowing consideration of lib/arm64-v8a/libreact_render_mounting.so: deferring to libdir
03-22 11:08:06.526 29959 29959 D ApkSoSource: not allowing consideration of lib/arm64-v8a/libreact_render_runtimescheduler.so: deferring to libdir
03-22 11:08:06.526 29959 29959 D ApkSoSource: not allowing consideration of lib/arm64-v8a/libreact_render_scheduler.so: deferring to libdir
03-22 11:08:06.526 29959 29959 D ApkSoSource: not allowing consideration of lib/arm64-v8a/libreact_render_telemetry.so: deferring to libdir
03-22 11:08:06.526 29959 29959 D ApkSoSource: not allowing consideration of lib/arm64-v8a/libreact_render_templateprocessor.so: deferring to libdir
03-22 11:08:06.526 29959 29959 D ApkSoSource: not allowing consideration of lib/arm64-v8a/libreact_render_textlayoutmanager.so: deferring to libdir
03-22 11:08:06.526 29959 29959 D ApkSoSource: not allowing consideration of lib/arm64-v8a/libreact_render_uimanager.so: deferring to libdir
03-22 11:08:06.526 29959 29959 D ApkSoSource: not allowing consideration of lib/arm64-v8a/libreact_utils.so: deferring to libdir
03-22 11:08:06.526 29959 29959 D ApkSoSource: not allowing consideration of lib/arm64-v8a/libreactconfig.so: deferring to libdir
03-22 11:08:06.526 29959 29959 D ApkSoSource: not allowing consideration of lib/arm64-v8a/libreactnativeblob.so: deferring to libdir
03-22 11:08:06.526 29959 29959 D ApkSoSource: not allowing consideration of lib/arm64-v8a/libreactnativejni.so: deferring to libdir
03-22 11:08:06.526 29959 29959 D ApkSoSource: not allowing consideration of lib/arm64-v8a/libreactnativeutilsjni.so: deferring to libdir
03-22 11:08:06.526 29959 29959 D ApkSoSource: not allowing consideration of lib/arm64-v8a/libreactperfloggerjni.so: deferring to libdir
03-22 11:08:06.526 29959 29959 D ApkSoSource: not allowing consideration of lib/arm64-v8a/librrc_image.so: deferring to libdir
03-22 11:08:06.526 29959 29959 D ApkSoSource: not allowing consideration of lib/arm64-v8a/librrc_modal.so: deferring to libdir
03-22 11:08:06.527 29959 29959 D ApkSoSource: not allowing consideration of lib/arm64-v8a/librrc_progressbar.so: deferring to libdir
03-22 11:08:06.527 29959 29959 D ApkSoSource: not allowing consideration of lib/arm64-v8a/librrc_root.so: deferring to libdir
03-22 11:08:06.527 29959 29959 D ApkSoSource: not allowing consideration of lib/arm64-v8a/librrc_scrollview.so: deferring to libdir
03-22 11:08:06.527 29959 29959 D ApkSoSource: not allowing consideration of lib/arm64-v8a/librrc_slider.so: deferring to libdir
03-22 11:08:06.527 29959 29959 D ApkSoSource: not allowing consideration of lib/arm64-v8a/librrc_switch.so: deferring to libdir
03-22 11:08:06.527 29959 29959 D ApkSoSource: not allowing consideration of lib/arm64-v8a/librrc_text.so: deferring to libdir
03-22 11:08:06.527 29959 29959 D ApkSoSource: not allowing consideration of lib/arm64-v8a/librrc_textinput.so: deferring to libdir
03-22 11:08:06.527 29959 29959 D ApkSoSource: not allowing consideration of lib/arm64-v8a/librrc_unimplementedview.so: deferring to libdir
03-22 11:08:06.527 29959 29959 D ApkSoSource: not allowing consideration of lib/arm64-v8a/librrc_view.so: deferring to libdir
03-22 11:08:06.527 29959 29959 D ApkSoSource: not allowing consideration of lib/arm64-v8a/libturbomodulejsijni.so: deferring to libdir
03-22 11:08:06.527 29959 29959 D ApkSoSource: not allowing consideration of lib/arm64-v8a/libyoga.so: deferring to libdir
03-22 11:08:06.527 29959 29959 V fb-UnpackingSoSource: regenerating DSO store com.facebook.soloader.ApkSoSource
03-22 11:08:06.528 29959 29959 V fb-UnpackingSoSource: Finished regenerating DSO store com.facebook.soloader.ApkSoSource
03-22 11:08:06.528 29959 29959 V fb-UnpackingSoSource: starting syncer worker
03-22 11:08:06.538 29959 29959 V fb-UnpackingSoSource: releasing dso store lock for /data/user/0/com.detoxsample/lib-main (from syncer thread)
03-22 11:08:06.538 29959 29959 V fb-UnpackingSoSource: not releasing dso store lock for /data/user/0/com.detoxsample/lib-main (syncer thread started)
03-22 11:08:06.538 29959 29959 D SoLoader: init finish: 4 SO sources prepared
03-22 11:08:06.538 29959 29959 D SoLoader: init exiting
03-22 11:08:06.548 29959 29959 D SoLoader: init exiting
03-22 11:08:06.548 29959 29959 D SoLoader: About to load: libjscexecutor.so
03-22 11:08:06.549 29959 29959 D SoLoader: libjscexecutor.so not found on /data/data/com.detoxsample/lib-main
03-22 11:08:06.549 29959 29959 D SoLoader: libjscexecutor.so found on /data/app/~~YCek1RxbVxEElktnNIGP0w==/com.detoxsample-SLl2Nud0rPLIJ2iawFvz8Q==/lib/arm64
03-22 11:08:06.549 29959 29959 D SoLoader: Not resolving dependencies for libjscexecutor.so
03-22 11:08:06.555 29959 29959 D JavaScriptCore.Version: 250230.2.1
03-22 11:08:06.556 29959 29959 D SoLoader: Loaded: libjscexecutor.so
03-22 11:08:06.557 29959 29959 D SoLoader: init exiting
03-22 11:08:06.635 29959 29959 I SensorManager: registerListenerImpl() [Sensor: LGE Accelerometer Non-wakeup, Rate: 66667, SensorEventListener: com.facebook.react.common.ShakeDetector@b25dd88] by com.facebook.react.common.ShakeDetector.start():60
03-22 11:08:06.651 29959 30006 D SoLoader: About to load: libfbjni.so
03-22 11:08:06.651 29959 30006 D SoLoader: libfbjni.so not found on /data/data/com.detoxsample/lib-main
03-22 11:08:06.651 29959 30006 D SoLoader: libfbjni.so found on /data/app/~~YCek1RxbVxEElktnNIGP0w==/com.detoxsample-SLl2Nud0rPLIJ2iawFvz8Q==/lib/arm64
03-22 11:08:06.651 29959 30006 D SoLoader: Not resolving dependencies for libfbjni.so
03-22 11:08:06.653 29959 30006 D SoLoader: Loaded: libfbjni.so
03-22 11:08:06.653 29959 30006 D SoLoader: About to load: libflipper.so
03-22 11:08:06.653 29959 30006 D SoLoader: libflipper.so not found on /data/data/com.detoxsample/lib-main
03-22 11:08:06.653 29959 30006 D SoLoader: libflipper.so found on /data/app/~~YCek1RxbVxEElktnNIGP0w==/com.detoxsample-SLl2Nud0rPLIJ2iawFvz8Q==/lib/arm64
03-22 11:08:06.653 29959 30006 D SoLoader: Not resolving dependencies for libflipper.so
03-22 11:08:06.666 29959 30006 D SoLoader: Loaded: libflipper.so
03-22 11:08:06.691 29959 29959 W com.detoxsampl: Accessing hidden field Landroid/view/View;->mKeyedTags:Landroid/util/SparseArray; (greylist, reflection, allowed)
03-22 11:08:06.691 29959 29959 W com.detoxsampl: Accessing hidden field Landroid/view/View;->mListenerInfo:Landroid/view/View$ListenerInfo; (greylist, reflection, allowed)
03-22 11:08:06.691 29959 29959 W com.detoxsampl: Accessing hidden field Landroid/view/View$ListenerInfo;->mOnClickListener:Landroid/view/View$OnClickListener; (greylist, reflection, allowed)
03-22 11:08:06.696 29959 29959 I flipper : flipper: FlipperClient::addPlugin Inspector
03-22 11:08:06.696 29959 29959 I flipper : flipper: FlipperClient::addPlugin React
03-22 11:08:06.698 29959 29959 I flipper : flipper: FlipperClient::addPlugin Databases
03-22 11:08:06.699 29959 29959 I flipper : flipper: FlipperClient::addPlugin Preferences
03-22 11:08:06.699 29959 29959 I flipper : flipper: FlipperClient::addPlugin CrashReporter
03-22 11:08:06.701 29959 29959 I flipper : flipper: FlipperClient::addPlugin Network
03-22 11:08:06.723 29959 29998 I UsageTrackerFacilitator: Usage tracking enabled
03-22 11:08:06.728 29959 29998 I TestRequestBuilder: Scanning classpath to find tests in paths [/data/app/~~RFSr9OpG0PeJSr0lHmN-pg==/com.detoxsample.test-uBioBSsDM4YltJkf9edqbQ==/base.apk]
03-22 11:08:06.730 29959 29998 W com.detoxsampl: Opening an oat file without a class loader. Are you using the deprecated DexFile APIs?
03-22 11:08:07.296 29959 29998 D TestExecutor: Adding listener androidx.test.internal.runner.listener.LogRunListener
03-22 11:08:07.296 29959 29998 D TestExecutor: Adding listener androidx.test.internal.runner.listener.InstrumentationResultPrinter
03-22 11:08:07.296 29959 29998 D TestExecutor: Adding listener androidx.test.internal.runner.listener.ActivityFinisherRunListener
03-22 11:08:07.297 29959 29998 I TestRunner: run started: 1 tests
03-22 11:08:07.299 29959 29998 I TestRunner: started: runDetoxTests(com.detoxsample.DetoxTest)
03-22 11:08:07.311 29959 29998 D EventInjectionStrategy: Creating injection strategy with input manager.
03-22 11:08:07.311 29959 29998 W com.detoxsampl: Accessing hidden method Landroid/hardware/input/InputManager;->getInstance()Landroid/hardware/input/InputManager; (greylist, reflection, allowed)
03-22 11:08:07.311 29959 29998 W com.detoxsampl: Accessing hidden method Landroid/hardware/input/InputManager;->injectInputEvent(Landroid/view/InputEvent;I)Z (greylist, reflection, allowed)
03-22 11:08:07.311 29959 29998 W com.detoxsampl: Accessing hidden field Landroid/hardware/input/InputManager;->INJECT_INPUT_EVENT_MODE_WAIT_FOR_FINISH:I (greylist, reflection, allowed)
03-22 11:08:07.320 29959 29998 W com.detoxsampl: Accessing hidden field Ljava/lang/reflect/Field;->accessFlags:I (greylist, reflection, allowed)
03-22 11:08:07.454 29959 29959 D LifecycleMonitor: Lifecycle status change: com.detoxsample.MainActivity@d591319 in: PRE_ON_CREATE
03-22 11:08:07.524 29959 29959 W com.detoxsampl: Accessing hidden method Landroid/view/View;->computeFitSystemWindows(Landroid/graphics/Rect;Landroid/graphics/Rect;)Z (greylist, reflection, allowed)
03-22 11:08:07.525 29959 29959 W com.detoxsampl: Accessing hidden method Landroid/view/ViewGroup;->makeOptionalFitsSystemWindows()V (greylist, reflection, allowed)
03-22 11:08:07.536 29959 29959 D LifecycleMonitor: Lifecycle status change: com.detoxsample.MainActivity@d591319 in: CREATED
03-22 11:08:07.538 29959 29959 D LifecycleMonitor: Lifecycle status change: com.detoxsample.MainActivity@d591319 in: STARTED
03-22 11:08:07.548 29959 29959 D LifecycleMonitor: Lifecycle status change: com.detoxsample.MainActivity@d591319 in: RESUMED
03-22 11:08:07.572 29959 29959 I TouchFilterInputStageHelper: [needTouchEventFilter] Displayid : 0
03-22 11:08:07.574 29959 29959 D HandGripFilter: getdisplaysize, x : 1080 y : 2340
03-22 11:08:07.579 29959 29959 W unknown:ReactNative: Packager connection already open, nooping.
03-22 11:08:07.600 29959 30031 I AdrenoGLES-0: QUALCOMM build                   : 59e4ca3, Ic42881d075
03-22 11:08:07.600 29959 30031 I AdrenoGLES-0: Build Date                       : 01/07/21
03-22 11:08:07.600 29959 30031 I AdrenoGLES-0: OpenGL ES Shader Compiler Version: EV031.32.02.06
03-22 11:08:07.600 29959 30031 I AdrenoGLES-0: Local Branch                     : mybrancheb50fcd0-9e7c-f130-bc5f-5cb90179c3d8
03-22 11:08:07.600 29959 30031 I AdrenoGLES-0: Remote Branch                    : quic/gfx-adreno.lnx.1.0.r99-rel
03-22 11:08:07.600 29959 30031 I AdrenoGLES-0: Remote Branch                    : NONE
03-22 11:08:07.600 29959 30031 I AdrenoGLES-0: Reconstruct Branch               : NOTHING
03-22 11:08:07.600 29959 30031 I AdrenoGLES-0: Build Config                     : S P 10.0.7 AArch64
03-22 11:08:07.600 29959 30031 I AdrenoGLES-0: Driver Path                      : /vendor/lib64/egl/libGLESv2_adreno.so
03-22 11:08:07.606 29959 30031 I AdrenoGLES-0: PFP: 0x016ee190, ME: 0x00000000
03-22 11:08:07.692 29959 29959 I TouchFilterInputStageHelper: [needTouchEventFilter] Displayid : 0
03-22 11:08:07.693 29959 29959 D HandGripFilter: getdisplaysize, x : 1080 y : 2340
03-22 11:08:07.761 29959 30011 D SoLoader: About to load: libreactnativejni.so
03-22 11:08:07.761 29959 30011 D SoLoader: libreactnativejni.so not found on /data/data/com.detoxsample/lib-main
03-22 11:08:07.761 29959 30011 D SoLoader: libreactnativejni.so found on /data/app/~~YCek1RxbVxEElktnNIGP0w==/com.detoxsample-SLl2Nud0rPLIJ2iawFvz8Q==/lib/arm64
03-22 11:08:07.761 29959 30011 D SoLoader: Not resolving dependencies for libreactnativejni.so
03-22 11:08:07.764 29959 30011 D SoLoader: Loaded: libreactnativejni.so
03-22 11:08:07.795 29959 29959 I Timeline: Timeline: Activity_idle id: ActivityRecord{24a69f0 token=android.os.BinderProxy@a052606 {com.detoxsample/com.detoxsample.MainActivity}} time:610281
03-22 11:08:07.809 29959 29998 I Detox   : Detox server connection details: url=ws://localhost:53575, sessionId=151f0500-b082-0c1f-d9d8-04f61e866318
03-22 11:08:07.817 29959 30083 I DetoxDispatcher: Handling action '_init' (ID #0)...
03-22 11:08:07.817 29959 30083 I Detox   : Connecting to server...
03-22 11:08:07.818 29959 30083 I DetoxWSClient: At connectToServer
03-22 11:08:07.836 29959 30072 W unknown:ReactContext: initializeMessageQueueThreads() is called.
03-22 11:08:07.854 29959 29959 W unknown:ReactNative: Packager connection already open, nooping.
03-22 11:08:07.855 29959 30085 D DetoxWSClient: At onOpen
03-22 11:08:07.855 29959 30085 I DetoxWSClient: Sending out action 'login' (ID #0)
03-22 11:08:07.855 29959 30085 I Detox   : Connected to server!
03-22 11:08:07.862 29959 30085 D DetoxWSClient: Received action 'loginSuccess' (ID #0, params={"testerConnected":true,"appConnected":true})
03-22 11:08:07.877 29959 30093 W unknown:ViewManagerPropertyUpdater: Could not find generated setter for class com.facebook.react.views.drawer.ReactDrawerLayoutManager
03-22 11:08:07.881 29959 30093 W unknown:ViewManagerPropertyUpdater: Could not find generated setter for class com.facebook.react.uimanager.LayoutShadowNode
03-22 11:08:07.883 29959 30093 W unknown:ViewManagerPropertyUpdater: Could not find generated setter for class com.facebook.react.views.scroll.ReactHorizontalScrollViewManager
03-22 11:08:07.886 29959 30093 W unknown:ViewManagerPropertyUpdater: Could not find generated setter for class com.facebook.react.views.scroll.ReactHorizontalScrollContainerViewManager
03-22 11:08:07.887 29959 30093 W unknown:ViewManagerPropertyUpdater: Could not find generated setter for class com.facebook.react.views.progressbar.ReactProgressBarViewManager
03-22 11:08:07.888 29959 30093 W unknown:ViewManagerPropertyUpdater: Could not find generated setter for class com.facebook.react.views.progressbar.ProgressBarShadowNode
03-22 11:08:07.889 29959 30093 W unknown:ViewManagerPropertyUpdater: Could not find generated setter for class com.facebook.react.views.scroll.ReactScrollViewManager
03-22 11:08:07.891 29959 30093 W unknown:ViewManagerPropertyUpdater: Could not find generated setter for class com.facebook.react.views.slider.ReactSliderManager
03-22 11:08:07.893 29959 30093 W unknown:ViewManagerPropertyUpdater: Could not find generated setter for class com.facebook.react.views.slider.ReactSliderManager$ReactSliderShadowNode
03-22 11:08:07.894 29959 30093 W unknown:ViewManagerPropertyUpdater: Could not find generated setter for class com.facebook.react.views.switchview.ReactSwitchManager
03-22 11:08:07.894 29959 30085 D DetoxWSClient: Received action 'isReady' (ID #-1000, params={})
03-22 11:08:07.895 29959 30093 W unknown:ViewManagerPropertyUpdater: Could not find generated setter for class com.facebook.react.views.switchview.ReactSwitchManager$ReactSwitchShadowNode
03-22 11:08:07.896 29959 30093 W unknown:ViewManagerPropertyUpdater: Could not find generated setter for class com.facebook.react.views.swiperefresh.SwipeRefreshLayoutManager
03-22 11:08:07.897 29959 30093 W unknown:ViewManagerPropertyUpdater: Could not find generated setter for class com.facebook.react.views.text.frescosupport.FrescoBasedReactTextInlineImageViewManager
03-22 11:08:07.897 29959 30093 W unknown:ViewManagerPropertyUpdater: Could not find generated setter for class com.facebook.react.views.text.frescosupport.FrescoBasedReactTextInlineImageShadowNode
03-22 11:08:07.899 29959 30093 W unknown:ViewManagerPropertyUpdater: Could not find generated setter for class com.facebook.react.views.image.ReactImageManager
03-22 11:08:07.900 29959 30093 W unknown:ViewManagerPropertyUpdater: Could not find generated setter for class com.facebook.react.views.modal.ReactModalHostManager
03-22 11:08:07.901 29959 30093 W unknown:ViewManagerPropertyUpdater: Could not find generated setter for class com.facebook.react.views.modal.ModalHostShadowNode
03-22 11:08:07.901 29959 30093 W unknown:ViewManagerPropertyUpdater: Could not find generated setter for class com.facebook.react.views.text.ReactRawTextManager
03-22 11:08:07.901 29959 30093 W unknown:ViewManagerPropertyUpdater: Could not find generated setter for class com.facebook.react.views.text.ReactRawTextShadowNode
03-22 11:08:07.902 29959 30093 W unknown:ViewManagerPropertyUpdater: Could not find generated setter for class com.facebook.react.views.textinput.ReactTextInputManager
03-22 11:08:07.905 29959 30093 W unknown:ViewManagerPropertyUpdater: Could not find generated setter for class com.facebook.react.views.textinput.ReactTextInputShadowNode
03-22 11:08:07.906 29959 30093 W unknown:ViewManagerPropertyUpdater: Could not find generated setter for class com.facebook.react.views.text.ReactTextViewManager
03-22 11:08:07.908 29959 30093 W unknown:ViewManagerPropertyUpdater: Could not find generated setter for class com.facebook.react.views.text.ReactTextShadowNode
03-22 11:08:07.909 29959 30093 W unknown:ViewManagerPropertyUpdater: Could not find generated setter for class com.facebook.react.views.view.ReactViewManager
03-22 11:08:07.910 29959 30093 W unknown:ViewManagerPropertyUpdater: Could not find generated setter for class com.facebook.react.views.text.ReactVirtualTextViewManager
03-22 11:08:07.911 29959 30093 W unknown:ViewManagerPropertyUpdater: Could not find generated setter for class com.facebook.react.views.text.ReactVirtualTextShadowNode
03-22 11:08:07.911 29959 30093 W unknown:ViewManagerPropertyUpdater: Could not find generated setter for class com.facebook.react.views.unimplementedview.ReactUnimplementedViewManager
03-22 11:08:07.919 29959 30093 W unknown:ReactContext: initializeMessageQueueThreads() is called.
03-22 11:08:07.921 29959 30093 D SoLoader: About to load: libyoga.so
03-22 11:08:07.921 29959 30093 D SoLoader: libyoga.so not found on /data/data/com.detoxsample/lib-main
03-22 11:08:07.921 29959 30093 D SoLoader: libyoga.so found on /data/app/~~YCek1RxbVxEElktnNIGP0w==/com.detoxsample-SLl2Nud0rPLIJ2iawFvz8Q==/lib/arm64
03-22 11:08:07.921 29959 30093 D SoLoader: Not resolving dependencies for libyoga.so
03-22 11:08:07.922 29959 30093 D SoLoader: Loaded: libyoga.so
03-22 11:08:07.928 29959 29959 I DetoxRNLoading: Got new RN-context async'ly through listener
03-22 11:08:07.928 29959 30083 I DetoxRNIdleRes: Setting up Espresso Idling Resources for React Native
03-22 11:08:07.941 29959 30083 D AsyncStorageIR: Checking whether a custom IR for Async-Storage is required... (legacy=false)
03-22 11:08:07.942 29959 30083 D DetoxRNHelpers: Native RN module resolution (class com.reactnativecommunity.asyncstorage.AsyncStorageModule): no such class
03-22 11:08:07.942 29959 30083 D AsyncStorageIR: Checking whether a custom IR for Async-Storage is required... (legacy=true)
03-22 11:08:07.943 29959 30083 D AsyncStorageIR: IR for Async-Storage is required! (legacy=true)
03-22 11:08:07.948 29959 29959 D AsyncStorageIRLegacy: Async-storage is busy!
03-22 11:08:07.958 29959 30083 I DetoxDispatcher: Done with action '_init'
03-22 11:08:07.958 29959 30083 I DetoxDispatcher: Handling action 'isReady' (ID #-1000)...
03-22 11:08:07.959 29959 30093 I flipper : flipper: FlipperClient::addPlugin Fresco
03-22 11:08:07.960 29959 30093 W com.detoxsampl: Accessing hidden method Landroid/os/MessageQueue;->next()Landroid/os/Message; (greylist, reflection, allowed)
03-22 11:08:07.960 29959 30093 W com.detoxsampl: Accessing hidden field Landroid/os/MessageQueue;->mMessages:Landroid/os/Message; (greylist, reflection, allowed)
03-22 11:08:07.960 29959 30093 W com.detoxsampl: Accessing hidden method Landroid/os/Message;->recycleUnchecked()V (greylist, reflection, allowed)
03-22 11:08:08.011 29959 30086 D SoLoader: About to load: libreactnativeblob.so
03-22 11:08:08.012 29959 30086 D SoLoader: libreactnativeblob.so not found on /data/data/com.detoxsample/lib-main
03-22 11:08:08.012 29959 30086 D SoLoader: libreactnativeblob.so found on /data/app/~~YCek1RxbVxEElktnNIGP0w==/com.detoxsample-SLl2Nud0rPLIJ2iawFvz8Q==/lib/arm64
03-22 11:08:08.012 29959 30086 D SoLoader: Not resolving dependencies for libreactnativeblob.so
03-22 11:08:08.013 29959 30086 D SoLoader: Loaded: libreactnativeblob.so
03-22 11:08:08.055 29959 30093 I WebViewFactory: Loading com.google.android.webview version 99.0.4844.58 (code 484405833)
03-22 11:08:08.077 29959 30093 W com.detoxsampl: Accessing hidden method Landroid/os/Trace;->isTagEnabled(J)Z (greylist, reflection, allowed)
03-22 11:08:08.077 29959 30093 W com.detoxsampl: Accessing hidden method Landroid/os/Trace;->traceBegin(JLjava/lang/String;)V (greylist, reflection, allowed)
03-22 11:08:08.077 29959 30093 W com.detoxsampl: Accessing hidden method Landroid/os/Trace;->traceEnd(J)V (greylist, reflection, allowed)
03-22 11:08:08.077 29959 30093 W com.detoxsampl: Accessing hidden method Landroid/os/Trace;->asyncTraceBegin(JLjava/lang/String;I)V (greylist, reflection, allowed)
03-22 11:08:08.077 29959 30093 W com.detoxsampl: Accessing hidden method Landroid/os/Trace;->asyncTraceEnd(JLjava/lang/String;I)V (greylist, reflection, allowed)
03-22 11:08:08.080 29959 30093 I cr_WVCFactoryProvider: Loaded version=99.0.4844.58 minSdkVersion=29 isBundle=true multiprocess=true packageId=3
03-22 11:08:08.095 29959 30093 I cr_LibraryLoader: Successfully loaded native library
03-22 11:08:08.096 29959 30093 I cr_CachingUmaRecorder: Flushed 8 samples from 8 histograms.
03-22 11:08:08.204 29959 30086 I ReactNativeJS: Running "DetoxSample" with {"rootTag":1}
03-22 11:08:08.384 29959 29959 W com.detoxsampl: Accessing hidden field Landroid/widget/ScrollView;->mScroller:Landroid/widget/OverScroller; (greylist, reflection, allowed)
03-22 11:08:08.424 29959 29959 I Detox   : Wait is over: app is now idle!
03-22 11:08:08.424 29959 30083 I DetoxWSClient: Sending out action 'ready' (ID #-1000)
03-22 11:08:08.424 29959 30083 I DetoxDispatcher: Done with action 'isReady'
03-22 11:08:08.424 29959 30083 I DetoxDispatcher: Handling action 'loginSuccess' (ID #0)...
03-22 11:08:08.424 29959 30083 I DetoxDispatcher: Done with action 'loginSuccess'
03-22 11:08:08.424 29959 30083 I DetoxDispatcher: Handling action 'isReady' (ID #-1000)...
03-22 11:08:08.426 29959 30259 D SoLoader: About to load: libimagepipeline.so
03-22 11:08:08.426 29959 30259 D SoLoader: libimagepipeline.so not found on /data/data/com.detoxsample/lib-main
03-22 11:08:08.427 29959 29959 I Detox   : Wait is over: app is now idle!
03-22 11:08:08.427 29959 30259 D SoLoader: libimagepipeline.so found on /data/app/~~YCek1RxbVxEElktnNIGP0w==/com.detoxsample-SLl2Nud0rPLIJ2iawFvz8Q==/lib/arm64
03-22 11:08:08.427 29959 30083 I DetoxWSClient: Sending out action 'ready' (ID #-1000)
03-22 11:08:08.427 29959 30259 D SoLoader: Not resolving dependencies for libimagepipeline.so
03-22 11:08:08.427 29959 30083 I DetoxDispatcher: Done with action 'isReady'
03-22 11:08:08.428 29959 30259 D SoLoader: Loaded: libimagepipeline.so
