--------- beginning of main
03-22 17:25:41.014 10374 10443 I cr_LibraryLoader: Loaded native library version number "91.0.4472.114"
03-22 17:25:41.020 10374 10443 I cr_CachingUmaRecorder: Flushed 4 samples from 4 histograms.
03-22 17:25:41.039 10374 10442 I ReactNativeJS: Running "DetoxSample" with {"rootTag":1}
03-22 17:25:41.209 10374 10374 D CompatibilityChangeReporter: Compat change id reported: 171228096; UID 10160; state: ENABLED
03-22 17:25:41.213 10374 10374 W com.detoxsampl: Accessing hidden field Landroid/widget/ScrollView;->mScroller:Landroid/widget/OverScroller; (unsupported, reflection, allowed)
03-22 17:25:41.252 10374 10374 I Detox   : Wait is over: app is now idle!
03-22 17:25:41.252 10374 10437 I DetoxWSClient: Sending out action 'ready' (ID #-1000)
03-22 17:25:41.253 10374 10437 I DetoxDispatcher: Done with action 'isReady'
03-22 17:25:41.253 10374 10437 I DetoxDispatcher: Handling action 'loginSuccess' (ID #0)...
03-22 17:25:41.253 10374 10437 I DetoxDispatcher: Done with action 'loginSuccess'
03-22 17:25:41.253 10374 10437 I DetoxDispatcher: Handling action 'isReady' (ID #-1000)...
03-22 17:25:41.263 10374 10374 I Detox   : Wait is over: app is now idle!
03-22 17:25:41.264 10374 10437 I DetoxWSClient: Sending out action 'ready' (ID #-1000)
03-22 17:25:41.266 10374 10437 I DetoxDispatcher: Done with action 'isReady'
03-22 17:25:41.325 10374 10439 D DetoxWSClient: Received action 'invoke' (ID #1, params={"target":{"type":"Class","value":"com.wix.detox.espresso.EspressoDetox"},"method":"perform","args":[{"type":"Invocation","value":{"target":{"type":"Class","value":"androidx.test.espresso.Espresso"},"method":"onView","args":[{"type":"Invocation","value":{"target":{"type":"Class","value":"com.wix.detox.espresso.DetoxMatcher"},"method":"matcherForTestId","args":["initRazorpay"]}}]}},{"type":"Invocation","value":{"target":{"type":"Class","value":"com.wix.detox.espresso.DetoxViewActions"},"method":"click","args":[]}}]})
03-22 17:25:41.327 10374 10437 I DetoxDispatcher: Handling action 'invoke' (ID #1)...
03-22 17:25:41.351 10374 10437 D Detox   : class com.wix.detox.espresso.DetoxMatcher, matcherForTestId, [initRazorpay]
03-22 17:25:41.380 10374 10437 D Detox   : class androidx.test.espresso.Espresso, onView, [(view.getTag() is "initRazorpay" and view has effective visibility <VISIBLE>)]
03-22 17:25:41.381 10374 10437 D Detox   : class com.wix.detox.espresso.DetoxViewActions, click, []
03-22 17:25:41.384 10374 10437 W com.detoxsampl: Accessing hidden method Landroid/view/ViewConfiguration;->getDoubleTapMinTime()I (unsupported, reflection, allowed)
03-22 17:25:41.395 10374 10437 D Detox   : class com.wix.detox.espresso.EspressoDetox, perform, [androidx.test.espresso.ViewInteraction@841b372, com.wix.detox.espresso.action.RNClickAction@4d253c3]
03-22 17:25:41.410 10374 10374 W com.detoxsampl: Accessing hidden method Landroid/view/WindowManagerGlobal;->getInstance()Landroid/view/WindowManagerGlobal; (unsupported, reflection, allowed)
03-22 17:25:41.410 10374 10374 W com.detoxsampl: Accessing hidden field Landroid/view/WindowManagerGlobal;->mViews:Ljava/util/ArrayList; (unsupported, reflection, allowed)
03-22 17:25:41.411 10374 10374 W com.detoxsampl: Accessing hidden field Landroid/view/WindowManagerGlobal;->mParams:Ljava/util/ArrayList; (unsupported, reflection, allowed)
03-22 17:25:41.423 10374 10374 I ViewInteraction: Performing 'com.wix.detox.espresso.action.detoxsingletap@be9bf79 click' action on view (view.getTag() is "initRazorpay" and view has effective visibility <VISIBLE>)
03-22 17:25:41.470 10374 10442 I ReactNativeJS: clicked
03-22 17:25:41.489 10374 10426 D EGL_emulation: app_time_stats: avg=310.34ms min=8.64ms max=853.12ms count=4
03-22 17:25:41.796 10374 10374 I Detox   : AnimatedModule is busy.
03-22 17:25:41.801 10374 10374 I Detox   : AnimatedModule is busy.
03-22 17:25:41.813 10374 10374 I Detox   : AnimatedModule is busy.
03-22 17:25:41.830 10374 10374 I Detox   : AnimatedModule is busy.
03-22 17:25:41.846 10374 10374 I Detox   : AnimatedModule is busy.
03-22 17:25:41.867 10374 10374 I Detox   : AnimatedModule is busy.
03-22 17:25:41.879 10374 10374 I Detox   : AnimatedModule is busy.
03-22 17:25:41.895 10374 10374 I Detox   : AnimatedModule is busy.
03-22 17:25:41.911 10374 10374 I Detox   : AnimatedModule is busy.
03-22 17:25:41.931 10374 10374 I Detox   : AnimatedModule is busy.
03-22 17:25:41.945 10374 10374 I Detox   : AnimatedModule is busy.
03-22 17:25:41.963 10374 10374 I Detox   : AnimatedModule is busy.
03-22 17:25:41.979 10374 10374 I Detox   : AnimatedModule is busy.
03-22 17:25:42.465 10374 10437 I DetoxWSClient: Sending out action 'invokeResult' (ID #1)
03-22 17:25:42.465 10374 10437 I DetoxDispatcher: Done with action 'invoke'
03-22 17:25:42.473 10374 10439 D DetoxWSClient: Received action 'invoke' (ID #2, params={"target":{"type":"Class","value":"com.wix.detox.espresso.DetoxAssertion"},"method":"assertMatcher","args":[{"type":"Invocation","value":{"target":{"type":"Class","value":"androidx.test.espresso.Espresso"},"method":"onView","args":[{"type":"Invocation","value":{"target":{"type":"Class","value":"com.wix.detox.espresso.DetoxMatcher"},"method":"matcherForText","args":["Razorpay Initialized"]}}]}},{"type":"Invocation","value":{"target":{"type":"Class","value":"com.wix.detox.espresso.DetoxMatcher"},"method":"matcherForSufficientlyVisible","args":[{"type":"Integer","value":75}]}}]})
03-22 17:25:42.473 10374 10437 I DetoxDispatcher: Handling action 'invoke' (ID #2)...
03-22 17:25:42.474 10374 10437 D Detox   : class com.wix.detox.espresso.DetoxMatcher, matcherForText, [Razorpay Initialized]
03-22 17:25:42.476 10374 10437 D Detox   : class androidx.test.espresso.Espresso, onView, [(an instance of android.widget.TextView and view.getText() with or without transformation to match: is "Razorpay Initialized" and view has effective visibility <VISIBLE>)]
03-22 17:25:42.476 10374 10437 D Detox   : class com.wix.detox.espresso.DetoxMatcher, matcherForSufficientlyVisible, [75]
03-22 17:25:42.477 10374 10437 D Detox   : class com.wix.detox.espresso.DetoxAssertion, assertMatcher, [androidx.test.espresso.ViewInteraction@be9e18c, (view has effective visibility <VISIBLE> and view.getGlobalVisibleRect() covers at least <75> percent of the view's area)]
03-22 17:25:42.483 10374 10374 I ViewInteraction: Checking 'MatchesViewAssertion(Detox){viewMatcher=(view has effective visibility <VISIBLE> and view.getGlobalVisibleRect() covers at least <75> percent of the view's area)}' assertion on view (an instance of android.widget.TextView and view.getText() with or without transformation to match: is "Razorpay Initialized" and view has effective visibility <VISIBLE>)
03-22 17:25:42.484 10374 10437 I DetoxWSClient: Sending out action 'invokeResult' (ID #2)
03-22 17:25:42.484 10374 10437 I DetoxDispatcher: Done with action 'invoke'
