--------- beginning of main
03-22 17:21:44.016  9313  9342 I Detox   : Detox server connection details: url=ws://localhost:61168, sessionId=e84f9412-56c0-52ac-7ff3-4ba7966b357b
03-22 17:21:44.032  9313  9378 I DetoxDispatcher: Handling action '_init' (ID #0)...
03-22 17:21:44.032  9313  9378 I Detox   : Connecting to server...
03-22 17:21:44.032  9313  9378 I DetoxWSClient: At connectToServer
03-22 17:21:44.045  9313  9380 D DetoxWSClient: At onOpen
03-22 17:21:44.045  9313  9380 I DetoxWSClient: Sending out action 'login' (ID #0)
03-22 17:21:44.045  9313  9380 I Detox   : Connected to server!
03-22 17:21:44.051  9313  9380 D DetoxWSClient: Received action 'loginSuccess' (ID #0, params={"testerConnected":true,"appConnected":true})
03-22 17:21:44.055  9313  9380 D DetoxWSClient: Received action 'isReady' (ID #-1000, params={})
03-22 17:21:44.063  9313  9377 W unknown:ReactContext: initializeMessageQueueThreads() is called.
03-22 17:21:44.072  9313  9313 W unknown:ReactNative: Packager connection already open, nooping.
03-22 17:21:44.147  9313  9384 W unknown:ViewManagerPropertyUpdater: Could not find generated setter for class com.facebook.react.views.drawer.ReactDrawerLayoutManager
03-22 17:21:44.155  9313  9384 W unknown:ViewManagerPropertyUpdater: Could not find generated setter for class com.facebook.react.uimanager.LayoutShadowNode
03-22 17:21:44.157  9313  9384 W unknown:ViewManagerPropertyUpdater: Could not find generated setter for class com.facebook.react.views.scroll.ReactHorizontalScrollViewManager
03-22 17:21:44.162  9313  9384 W unknown:ViewManagerPropertyUpdater: Could not find generated setter for class com.facebook.react.views.scroll.ReactHorizontalScrollContainerViewManager
03-22 17:21:44.163  9313  9384 W unknown:ViewManagerPropertyUpdater: Could not find generated setter for class com.facebook.react.views.progressbar.ReactProgressBarViewManager
03-22 17:21:44.165  9313  9384 W unknown:ViewManagerPropertyUpdater: Could not find generated setter for class com.facebook.react.views.progressbar.ProgressBarShadowNode
03-22 17:21:44.168  9313  9384 W unknown:ViewManagerPropertyUpdater: Could not find generated setter for class com.facebook.react.views.scroll.ReactScrollViewManager
03-22 17:21:44.170  9313  9384 W unknown:ViewManagerPropertyUpdater: Could not find generated setter for class com.facebook.react.views.slider.ReactSliderManager
03-22 17:21:44.173  9313  9384 W unknown:ViewManagerPropertyUpdater: Could not find generated setter for class com.facebook.react.views.slider.ReactSliderManager$ReactSliderShadowNode
03-22 17:21:44.173  9313  9384 W unknown:ViewManagerPropertyUpdater: Could not find generated setter for class com.facebook.react.views.switchview.ReactSwitchManager
03-22 17:21:44.175  9313  9384 W unknown:ViewManagerPropertyUpdater: Could not find generated setter for class com.facebook.react.views.switchview.ReactSwitchManager$ReactSwitchShadowNode
03-22 17:21:44.177  9313  9384 W unknown:ViewManagerPropertyUpdater: Could not find generated setter for class com.facebook.react.views.swiperefresh.SwipeRefreshLayoutManager
03-22 17:21:44.179  9313  9384 W unknown:ViewManagerPropertyUpdater: Could not find generated setter for class com.facebook.react.views.text.frescosupport.FrescoBasedReactTextInlineImageViewManager
03-22 17:21:44.180  9313  9384 W unknown:ViewManagerPropertyUpdater: Could not find generated setter for class com.facebook.react.views.text.frescosupport.FrescoBasedReactTextInlineImageShadowNode
03-22 17:21:44.184  9313  9384 W unknown:ViewManagerPropertyUpdater: Could not find generated setter for class com.facebook.react.views.image.ReactImageManager
03-22 17:21:44.186  9313  9384 W unknown:ViewManagerPropertyUpdater: Could not find generated setter for class com.facebook.react.views.modal.ReactModalHostManager
03-22 17:21:44.188  9313  9384 W unknown:ViewManagerPropertyUpdater: Could not find generated setter for class com.facebook.react.views.modal.ModalHostShadowNode
03-22 17:21:44.189  9313  9384 W unknown:ViewManagerPropertyUpdater: Could not find generated setter for class com.facebook.react.views.text.ReactRawTextManager
03-22 17:21:44.190  9313  9384 W unknown:ViewManagerPropertyUpdater: Could not find generated setter for class com.facebook.react.views.text.ReactRawTextShadowNode
03-22 17:21:44.191  9313  9384 W unknown:ViewManagerPropertyUpdater: Could not find generated setter for class com.facebook.react.views.textinput.ReactTextInputManager
03-22 17:21:44.197  9313  9384 W unknown:ViewManagerPropertyUpdater: Could not find generated setter for class com.facebook.react.views.textinput.ReactTextInputShadowNode
03-22 17:21:44.202  9313  9384 W unknown:ViewManagerPropertyUpdater: Could not find generated setter for class com.facebook.react.views.text.ReactTextViewManager
03-22 17:21:44.206  9313  9384 W unknown:ViewManagerPropertyUpdater: Could not find generated setter for class com.facebook.react.views.text.ReactTextShadowNode
03-22 17:21:44.208  9313  9384 W unknown:ViewManagerPropertyUpdater: Could not find generated setter for class com.facebook.react.views.view.ReactViewManager
03-22 17:21:44.214  9313  9384 W unknown:ViewManagerPropertyUpdater: Could not find generated setter for class com.facebook.react.views.text.ReactVirtualTextViewManager
03-22 17:21:44.216  9313  9384 W unknown:ViewManagerPropertyUpdater: Could not find generated setter for class com.facebook.react.views.text.ReactVirtualTextShadowNode
03-22 17:21:44.217  9313  9384 W unknown:ViewManagerPropertyUpdater: Could not find generated setter for class com.facebook.react.views.unimplementedview.ReactUnimplementedViewManager
03-22 17:21:44.240  9313  9384 W unknown:ReactContext: initializeMessageQueueThreads() is called.
03-22 17:21:44.255  9313  9384 D SoLoader: About to load: libyoga.so
03-22 17:21:44.256  9313  9384 D SoLoader: libyoga.so not found on /data/data/com.detoxsample/lib-main
03-22 17:21:44.256  9313  9384 D SoLoader: libyoga.so found on /data/app/~~cjEzEvDSw4A3KVGI7J9UWA==/com.detoxsample--bRMX1_QX7KjenFHXQkdtw==/lib/x86_64
03-22 17:21:44.257  9313  9384 D SoLoader: Not resolving dependencies for libyoga.so
03-22 17:21:44.263  9313  9384 D SoLoader: Loaded: libyoga.so
03-22 17:21:44.281  9313  9313 I DetoxRNLoading: Got new RN-context async'ly through listener
03-22 17:21:44.284  9313  9378 I DetoxRNIdleRes: Setting up Espresso Idling Resources for React Native
03-22 17:21:44.308  9313  9383 D SoLoader: About to load: libreactnativeblob.so
03-22 17:21:44.309  9313  9383 D SoLoader: libreactnativeblob.so not found on /data/data/com.detoxsample/lib-main
03-22 17:21:44.317  9313  9383 D SoLoader: libreactnativeblob.so found on /data/app/~~cjEzEvDSw4A3KVGI7J9UWA==/com.detoxsample--bRMX1_QX7KjenFHXQkdtw==/lib/x86_64
03-22 17:21:44.318  9313  9383 D SoLoader: Not resolving dependencies for libreactnativeblob.so
03-22 17:21:44.322  9313  9383 D SoLoader: Loaded: libreactnativeblob.so
03-22 17:21:44.337  9313  9378 D AsyncStorageIR: Checking whether a custom IR for Async-Storage is required... (legacy=false)
03-22 17:21:44.338  9313  9378 D DetoxRNHelpers: Native RN module resolution (class com.reactnativecommunity.asyncstorage.AsyncStorageModule): no such class
03-22 17:21:44.338  9313  9378 D AsyncStorageIR: Checking whether a custom IR for Async-Storage is required... (legacy=true)
03-22 17:21:44.342  9313  9378 D AsyncStorageIR: IR for Async-Storage is required! (legacy=true)
03-22 17:21:44.363  9313  9378 I DetoxDispatcher: Done with action '_init'
03-22 17:21:44.363  9313  9378 I DetoxDispatcher: Handling action 'isReady' (ID #-1000)...
03-22 17:21:44.369  9313  9313 W com.detoxsampl: Accessing hidden method Landroid/os/MessageQueue;->next()Landroid/os/Message; (unsupported, reflection, allowed)
03-22 17:21:44.369  9313  9313 W com.detoxsampl: Accessing hidden field Landroid/os/MessageQueue;->mMessages:Landroid/os/Message; (unsupported, reflection, allowed)
03-22 17:21:44.369  9313  9313 W com.detoxsampl: Accessing hidden method Landroid/os/Message;->recycleUnchecked()V (unsupported, reflection, allowed)
03-22 17:21:44.395  9313  9384 I flipper : flipper: FlipperClient::addPlugin Fresco
03-22 17:21:44.404  9313  9384 I WebViewFactory: Loading com.google.android.webview version 91.0.4472.114 (code 447211487)
03-22 17:21:44.449  9313  9384 W com.detoxsampl: Accessing hidden method Landroid/os/Trace;->isTagEnabled(J)Z (unsupported, reflection, allowed)
03-22 17:21:44.449  9313  9384 W com.detoxsampl: Accessing hidden method Landroid/os/Trace;->traceBegin(JLjava/lang/String;)V (unsupported, reflection, allowed)
03-22 17:21:44.449  9313  9384 W com.detoxsampl: Accessing hidden method Landroid/os/Trace;->traceEnd(J)V (unsupported, reflection, allowed)
03-22 17:21:44.449  9313  9384 W com.detoxsampl: Accessing hidden method Landroid/os/Trace;->asyncTraceBegin(JLjava/lang/String;I)V (unsupported, reflection, allowed)
03-22 17:21:44.449  9313  9384 W com.detoxsampl: Accessing hidden method Landroid/os/Trace;->asyncTraceEnd(JLjava/lang/String;I)V (unsupported, reflection, allowed)
03-22 17:21:44.471  9313  9384 I cr_LibraryLoader: Loaded native library version number "91.0.4472.114"
03-22 17:21:44.472  9313  9384 I cr_CachingUmaRecorder: Flushed 4 samples from 4 histograms.
03-22 17:21:44.554  9313  9383 I ReactNativeJS: Running "DetoxSample" with {"rootTag":1}
03-22 17:21:44.684  9313  9313 D CompatibilityChangeReporter: Compat change id reported: 171228096; UID 10156; state: ENABLED
03-22 17:21:44.687  9313  9313 W com.detoxsampl: Accessing hidden field Landroid/widget/ScrollView;->mScroller:Landroid/widget/OverScroller; (unsupported, reflection, allowed)
03-22 17:21:44.783  9313  9313 I Detox   : Wait is over: app is now idle!
03-22 17:21:44.784  9313  9378 I DetoxWSClient: Sending out action 'ready' (ID #-1000)
03-22 17:21:44.784  9313  9378 I DetoxDispatcher: Done with action 'isReady'
03-22 17:21:44.785  9313  9378 I DetoxDispatcher: Handling action 'loginSuccess' (ID #0)...
03-22 17:21:44.785  9313  9378 I DetoxDispatcher: Done with action 'loginSuccess'
03-22 17:21:44.785  9313  9378 I DetoxDispatcher: Handling action 'isReady' (ID #-1000)...
03-22 17:21:44.799  9313  9313 I Detox   : Wait is over: app is now idle!
03-22 17:21:44.799  9313  9378 I DetoxWSClient: Sending out action 'ready' (ID #-1000)
03-22 17:21:44.800  9313  9378 I DetoxDispatcher: Done with action 'isReady'
03-22 17:21:44.881  9313  9380 D DetoxWSClient: Received action 'invoke' (ID #1, params={"target":{"type":"Class","value":"com.wix.detox.espresso.EspressoDetox"},"method":"perform","args":[{"type":"Invocation","value":{"target":{"type":"Class","value":"androidx.test.espresso.Espresso"},"method":"onView","args":[{"type":"Invocation","value":{"target":{"type":"Class","value":"com.wix.detox.espresso.DetoxMatcher"},"method":"matcherForTestId","args":["initRazorpay"]}}]}},{"type":"Invocation","value":{"target":{"type":"Class","value":"com.wix.detox.espresso.DetoxViewActions"},"method":"click","args":[]}}]})
03-22 17:21:44.882  9313  9378 I DetoxDispatcher: Handling action 'invoke' (ID #1)...
03-22 17:21:44.904  9313  9378 D Detox   : class com.wix.detox.espresso.DetoxMatcher, matcherForTestId, [initRazorpay]
03-22 17:21:44.940  9313  9378 D Detox   : class androidx.test.espresso.Espresso, onView, [(view.getTag() is "initRazorpay" and view has effective visibility <VISIBLE>)]
03-22 17:21:44.942  9313  9378 D Detox   : class com.wix.detox.espresso.DetoxViewActions, click, []
03-22 17:21:44.949  9313  9378 W com.detoxsampl: Accessing hidden method Landroid/view/ViewConfiguration;->getDoubleTapMinTime()I (unsupported, reflection, allowed)
03-22 17:21:44.957  9313  9378 D Detox   : class com.wix.detox.espresso.EspressoDetox, perform, [androidx.test.espresso.ViewInteraction@ea1c27, com.wix.detox.espresso.action.RNClickAction@56c0ed4]
03-22 17:21:44.978  9313  9313 W com.detoxsampl: Accessing hidden method Landroid/view/WindowManagerGlobal;->getInstance()Landroid/view/WindowManagerGlobal; (unsupported, reflection, allowed)
03-22 17:21:44.978  9313  9313 W com.detoxsampl: Accessing hidden field Landroid/view/WindowManagerGlobal;->mViews:Ljava/util/ArrayList; (unsupported, reflection, allowed)
03-22 17:21:44.979  9313  9313 W com.detoxsampl: Accessing hidden field Landroid/view/WindowManagerGlobal;->mParams:Ljava/util/ArrayList; (unsupported, reflection, allowed)
03-22 17:21:44.992  9313  9313 I ViewInteraction: Performing 'com.wix.detox.espresso.action.detoxsingletap@841b372 click' action on view (view.getTag() is "initRazorpay" and view has effective visibility <VISIBLE>)
03-22 17:21:45.036  9313  9313 I Detox   : UIManagerModule is busy
03-22 17:21:45.053  9313  9366 D EGL_emulation: app_time_stats: avg=240.58ms min=2.51ms max=767.88ms count=5
03-22 17:21:45.054  9313  9383 I ReactNativeJS: clicked
03-22 17:21:45.392  9313  9313 I Detox   : AnimatedModule is busy.
03-22 17:21:45.398  9313  9313 I Detox   : AnimatedModule is busy.
03-22 17:21:45.413  9313  9313 I Detox   : AnimatedModule is busy.
03-22 17:21:45.430  9313  9313 I Detox   : AnimatedModule is busy.
03-22 17:21:45.447  9313  9313 I Detox   : AnimatedModule is busy.
03-22 17:21:45.463  9313  9313 I Detox   : AnimatedModule is busy.
03-22 17:21:45.478  9313  9313 I Detox   : AnimatedModule is busy.
03-22 17:21:45.496  9313  9313 I Detox   : AnimatedModule is busy.
03-22 17:21:45.513  9313  9313 I Detox   : AnimatedModule is busy.
03-22 17:21:45.530  9313  9313 I Detox   : AnimatedModule is busy.
03-22 17:21:45.546  9313  9313 I Detox   : AnimatedModule is busy.
03-22 17:21:45.562  9313  9313 I Detox   : AnimatedModule is busy.
03-22 17:21:45.580  9313  9313 I Detox   : AnimatedModule is busy.
03-22 17:21:46.001  9313  9378 I DetoxWSClient: Sending out action 'invokeResult' (ID #1)
03-22 17:21:46.001  9313  9378 I DetoxDispatcher: Done with action 'invoke'
03-22 17:21:46.015  9313  9380 D DetoxWSClient: Received action 'invoke' (ID #2, params={"target":{"type":"Class","value":"com.wix.detox.espresso.DetoxAssertion"},"method":"assertMatcher","args":[{"type":"Invocation","value":{"target":{"type":"Class","value":"androidx.test.espresso.Espresso"},"method":"onView","args":[{"type":"Invocation","value":{"target":{"type":"Class","value":"com.wix.detox.espresso.DetoxMatcher"},"method":"matcherForText","args":["Razorpay Initialized"]}}]}},{"type":"Invocation","value":{"target":{"type":"Class","value":"com.wix.detox.espresso.DetoxMatcher"},"method":"matcherForSufficientlyVisible","args":[{"type":"Integer","value":75}]}}]})
03-22 17:21:46.017  9313  9378 I DetoxDispatcher: Handling action 'invoke' (ID #2)...
03-22 17:21:46.017  9313  9378 D Detox   : class com.wix.detox.espresso.DetoxMatcher, matcherForText, [Razorpay Initialized]
03-22 17:21:46.019  9313  9378 D Detox   : class androidx.test.espresso.Espresso, onView, [(an instance of android.widget.TextView and view.getText() with or without transformation to match: is "Razorpay Initialized" and view has effective visibility <VISIBLE>)]
03-22 17:21:46.019  9313  9378 D Detox   : class com.wix.detox.espresso.DetoxMatcher, matcherForSufficientlyVisible, [75]
03-22 17:21:46.020  9313  9378 D Detox   : class com.wix.detox.espresso.DetoxAssertion, assertMatcher, [androidx.test.espresso.ViewInteraction@cc844de, (view has effective visibility <VISIBLE> and view.getGlobalVisibleRect() covers at least <75> percent of the view's area)]
03-22 17:21:46.030  9313  9313 I ViewInteraction: Checking 'MatchesViewAssertion(Detox){viewMatcher=(view has effective visibility <VISIBLE> and view.getGlobalVisibleRect() covers at least <75> percent of the view's area)}' assertion on view (an instance of android.widget.TextView and view.getText() with or without transformation to match: is "Razorpay Initialized" and view has effective visibility <VISIBLE>)
03-22 17:21:46.031  9313  9378 I DetoxWSClient: Sending out action 'invokeResult' (ID #2)
03-22 17:21:46.032  9313  9378 I DetoxDispatcher: Done with action 'invoke'
