--------- beginning of main
03-22 21:55:10.319  9498  9498 I com.detoxsampl: Late-enabling -Xcheck:jni
03-22 21:55:10.354  9498  9498 W com.detoxsampl: Unexpected CPU variant for X86 using defaults: x86_64
03-22 21:55:10.736  9498  9498 D CompatibilityChangeReporter: Compat change id reported: 171979766; UID 10194; state: DISABLED
--------- beginning of system
03-22 21:55:10.756  9498  9498 W ActivityThread: Package uses different ABI(s) than its instrumentation: package[com.detoxsample]: x86_64, null instrumentation[com.detoxsample.test]: null, null
03-22 21:55:11.579  9498  9498 V GraphicsEnvironment: ANGLE Developer option for 'com.detoxsample' set to: 'default'
03-22 21:55:11.580  9498  9498 V GraphicsEnvironment: ANGLE GameManagerService for com.detoxsample: false
03-22 21:55:11.580  9498  9498 V GraphicsEnvironment: Neither updatable production driver nor prerelease driver is supported.
03-22 21:55:11.584  9498  9498 D ApplicationLoaders: Returning zygote-cached class loader: /system/framework/android.test.base.jar
03-22 21:55:11.588  9498  9498 D ApplicationLoaders: Returning zygote-cached class loader: /system/framework/android.test.base.jar
03-22 21:55:11.822  9498  9498 D NetworkSecurityConfig: Using Network Security Config from resource network_security_config debugBuild: true
03-22 21:55:11.824  9498  9498 D NetworkSecurityConfig: Using Network Security Config from resource network_security_config debugBuild: true
03-22 21:55:11.828  9498  9498 I MonitoringInstr: Instrumentation started!
03-22 21:55:11.874  9498  9498 V TestEventClient: No service name argument was given (testDiscoveryService, testRunEventService or orchestratorService)
03-22 21:55:11.880  9498  9498 D SoLoader: init start
03-22 21:55:11.882  9498  9498 D SoLoader: adding system library source: /vendor/lib64
03-22 21:55:11.884  9498  9498 D SoLoader: adding system library source: /system/lib64
03-22 21:55:11.886  9498  9498 D SoLoader: adding application source: com.facebook.soloader.DirectorySoSource[root = /data/app/~~oGWIJ7KStrcBGp3-XduCCA==/com.detoxsample-iW2XnLHCy379Tw_5eyYvhw==/lib/x86_64 flags = 0]
03-22 21:55:11.890  9498  9498 D SoLoader: adding backup source from : com.facebook.soloader.ApkSoSource[root = /data/data/com.detoxsample/lib-main flags = 1]
03-22 21:55:11.890  9498  9498 D SoLoader: Preparing SO source: com.facebook.soloader.DirectorySoSource[root = /system/lib64 flags = 2]
03-22 21:55:11.890  9498  9498 D SoLoader: Preparing SO source: com.facebook.soloader.DirectorySoSource[root = /vendor/lib64 flags = 2]
03-22 21:55:11.891  9498  9498 D SoLoader: Preparing SO source: com.facebook.soloader.DirectorySoSource[root = /data/app/~~oGWIJ7KStrcBGp3-XduCCA==/com.detoxsample-iW2XnLHCy379Tw_5eyYvhw==/lib/x86_64 flags = 0]
03-22 21:55:11.891  9498  9498 D SoLoader: Preparing SO source: com.facebook.soloader.ApkSoSource[root = /data/data/com.detoxsample/lib-main flags = 1]
03-22 21:55:11.893  9498  9498 V fb-UnpackingSoSource: locked dso store /data/user/0/com.detoxsample/lib-main
03-22 21:55:11.895  9498  9498 V fb-UnpackingSoSource: deps mismatch on deps store: regenerating
03-22 21:55:11.896  9498  9498 V fb-UnpackingSoSource: so store dirty: regenerating
03-22 21:55:11.985  9498  9498 D ApkSoSource: not allowing consideration of lib/x86_64/libbetter.so: deferring to libdir
03-22 21:55:11.985  9498  9498 D ApkSoSource: not allowing consideration of lib/x86_64/libc++_shared.so: deferring to libdir
03-22 21:55:11.986  9498  9498 D ApkSoSource: not allowing consideration of lib/x86_64/libevent-2.1.so: deferring to libdir
03-22 21:55:11.986  9498  9498 D ApkSoSource: not allowing consideration of lib/x86_64/libevent_core-2.1.so: deferring to libdir
03-22 21:55:11.986  9498  9498 D ApkSoSource: not allowing consideration of lib/x86_64/libevent_extra-2.1.so: deferring to libdir
03-22 21:55:11.987  9498  9498 D ApkSoSource: not allowing consideration of lib/x86_64/libfabricjni.so: deferring to libdir
03-22 21:55:11.988  9498  9498 D ApkSoSource: not allowing consideration of lib/x86_64/libfb.so: deferring to libdir
03-22 21:55:11.988  9498  9498 D ApkSoSource: not allowing consideration of lib/x86_64/libfbjni.so: deferring to libdir
03-22 21:55:11.989  9498  9498 D ApkSoSource: not allowing consideration of lib/x86_64/libflipper.so: deferring to libdir
03-22 21:55:11.989  9498  9498 D ApkSoSource: not allowing consideration of lib/x86_64/libfolly_futures.so: deferring to libdir
03-22 21:55:11.990  9498  9498 D ApkSoSource: not allowing consideration of lib/x86_64/libfolly_json.so: deferring to libdir
03-22 21:55:11.990  9498  9498 D ApkSoSource: not allowing consideration of lib/x86_64/libglog.so: deferring to libdir
03-22 21:55:11.991  9498  9498 D ApkSoSource: not allowing consideration of lib/x86_64/libglog_init.so: deferring to libdir
03-22 21:55:11.991  9498  9498 D ApkSoSource: not allowing consideration of lib/x86_64/libimagepipeline.so: deferring to libdir
03-22 21:55:11.991  9498  9498 D ApkSoSource: not allowing consideration of lib/x86_64/libjsc.so: deferring to libdir
03-22 21:55:11.991  9498  9498 D ApkSoSource: not allowing consideration of lib/x86_64/libjscexecutor.so: deferring to libdir
03-22 21:55:11.992  9498  9498 D ApkSoSource: not allowing consideration of lib/x86_64/libjsi.so: deferring to libdir
03-22 21:55:11.992  9498  9498 D ApkSoSource: not allowing consideration of lib/x86_64/libjsijniprofiler.so: deferring to libdir
03-22 21:55:11.992  9498  9498 D ApkSoSource: not allowing consideration of lib/x86_64/libjsinspector.so: deferring to libdir
03-22 21:55:11.992  9498  9498 D ApkSoSource: not allowing consideration of lib/x86_64/liblogger.so: deferring to libdir
03-22 21:55:11.992  9498  9498 D ApkSoSource: not allowing consideration of lib/x86_64/libmapbufferjni.so: deferring to libdir
03-22 21:55:11.993  9498  9498 D ApkSoSource: not allowing consideration of lib/x86_64/libnative-filters.so: deferring to libdir
03-22 21:55:11.993  9498  9498 D ApkSoSource: not allowing consideration of lib/x86_64/libnative-imagetranscoder.so: deferring to libdir
03-22 21:55:11.993  9498  9498 D ApkSoSource: not allowing consideration of lib/x86_64/libreact_codegen_rncore.so: deferring to libdir
03-22 21:55:11.993  9498  9498 D ApkSoSource: not allowing consideration of lib/x86_64/libreact_debug.so: deferring to libdir
03-22 21:55:11.993  9498  9498 D ApkSoSource: not allowing consideration of lib/x86_64/libreact_nativemodule_core.so: deferring to libdir
03-22 21:55:11.995  9498  9498 D ApkSoSource: not allowing consideration of lib/x86_64/libreact_render_animations.so: deferring to libdir
03-22 21:55:11.995  9498  9498 D ApkSoSource: not allowing consideration of lib/x86_64/libreact_render_attributedstring.so: deferring to libdir
03-22 21:55:11.996  9498  9498 D ApkSoSource: not allowing consideration of lib/x86_64/libreact_render_componentregistry.so: deferring to libdir
03-22 21:55:11.998  9498  9498 D ApkSoSource: not allowing consideration of lib/x86_64/libreact_render_core.so: deferring to libdir
03-22 21:55:11.999  9498  9498 D ApkSoSource: not allowing consideration of lib/x86_64/libreact_render_debug.so: deferring to libdir
03-22 21:55:12.000  9498  9498 D ApkSoSource: not allowing consideration of lib/x86_64/libreact_render_graphics.so: deferring to libdir
03-22 21:55:12.000  9498  9498 D ApkSoSource: not allowing consideration of lib/x86_64/libreact_render_imagemanager.so: deferring to libdir
03-22 21:55:12.000  9498  9498 D ApkSoSource: not allowing consideration of lib/x86_64/libreact_render_leakchecker.so: deferring to libdir
03-22 21:55:12.000  9498  9498 D ApkSoSource: not allowing consideration of lib/x86_64/libreact_render_mapbuffer.so: deferring to libdir
03-22 21:55:12.001  9498  9498 D ApkSoSource: not allowing consideration of lib/x86_64/libreact_render_mounting.so: deferring to libdir
03-22 21:55:12.002  9498  9498 D ApkSoSource: not allowing consideration of lib/x86_64/libreact_render_runtimescheduler.so: deferring to libdir
03-22 21:55:12.003  9498  9498 D ApkSoSource: not allowing consideration of lib/x86_64/libreact_render_scheduler.so: deferring to libdir
03-22 21:55:12.003  9498  9498 D ApkSoSource: not allowing consideration of lib/x86_64/libreact_render_telemetry.so: deferring to libdir
03-22 21:55:12.003  9498  9498 D ApkSoSource: not allowing consideration of lib/x86_64/libreact_render_templateprocessor.so: deferring to libdir
03-22 21:55:12.003  9498  9498 D ApkSoSource: not allowing consideration of lib/x86_64/libreact_render_textlayoutmanager.so: deferring to libdir
03-22 21:55:12.003  9498  9498 D ApkSoSource: not allowing consideration of lib/x86_64/libreact_render_uimanager.so: deferring to libdir
03-22 21:55:12.004  9498  9498 D ApkSoSource: not allowing consideration of lib/x86_64/libreact_utils.so: deferring to libdir
03-22 21:55:12.004  9498  9498 D ApkSoSource: not allowing consideration of lib/x86_64/libreactconfig.so: deferring to libdir
03-22 21:55:12.004  9498  9498 D ApkSoSource: not allowing consideration of lib/x86_64/libreactnativeblob.so: deferring to libdir
03-22 21:55:12.005  9498  9498 D ApkSoSource: not allowing consideration of lib/x86_64/libreactnativejni.so: deferring to libdir
03-22 21:55:12.005  9498  9498 D ApkSoSource: not allowing consideration of lib/x86_64/libreactnativeutilsjni.so: deferring to libdir
03-22 21:55:12.005  9498  9498 D ApkSoSource: not allowing consideration of lib/x86_64/libreactperfloggerjni.so: deferring to libdir
03-22 21:55:12.006  9498  9498 D ApkSoSource: not allowing consideration of lib/x86_64/librrc_image.so: deferring to libdir
03-22 21:55:12.006  9498  9498 D ApkSoSource: not allowing consideration of lib/x86_64/librrc_modal.so: deferring to libdir
03-22 21:55:12.006  9498  9498 D ApkSoSource: not allowing consideration of lib/x86_64/librrc_progressbar.so: deferring to libdir
03-22 21:55:12.006  9498  9498 D ApkSoSource: not allowing consideration of lib/x86_64/librrc_root.so: deferring to libdir
03-22 21:55:12.007  9498  9498 D ApkSoSource: not allowing consideration of lib/x86_64/librrc_scrollview.so: deferring to libdir
03-22 21:55:12.007  9498  9498 D ApkSoSource: not allowing consideration of lib/x86_64/librrc_slider.so: deferring to libdir
03-22 21:55:12.007  9498  9498 D ApkSoSource: not allowing consideration of lib/x86_64/librrc_switch.so: deferring to libdir
03-22 21:55:12.008  9498  9498 D ApkSoSource: not allowing consideration of lib/x86_64/librrc_text.so: deferring to libdir
03-22 21:55:12.008  9498  9498 D ApkSoSource: not allowing consideration of lib/x86_64/librrc_textinput.so: deferring to libdir
03-22 21:55:12.008  9498  9498 D ApkSoSource: not allowing consideration of lib/x86_64/librrc_unimplementedview.so: deferring to libdir
03-22 21:55:12.008  9498  9498 D ApkSoSource: not allowing consideration of lib/x86_64/librrc_view.so: deferring to libdir
03-22 21:55:12.008  9498  9498 D ApkSoSource: not allowing consideration of lib/x86_64/libturbomodulejsijni.so: deferring to libdir
03-22 21:55:12.008  9498  9498 D ApkSoSource: not allowing consideration of lib/x86_64/libyoga.so: deferring to libdir
03-22 21:55:12.009  9498  9498 V fb-UnpackingSoSource: regenerating DSO store com.facebook.soloader.ApkSoSource
03-22 21:55:12.010  9498  9498 V fb-UnpackingSoSource: Finished regenerating DSO store com.facebook.soloader.ApkSoSource
03-22 21:55:12.010  9498  9498 V fb-UnpackingSoSource: starting syncer worker
03-22 21:55:12.027  9498  9498 V fb-UnpackingSoSource: releasing dso store lock for /data/user/0/com.detoxsample/lib-main (from syncer thread)
03-22 21:55:12.027  9498  9498 V fb-UnpackingSoSource: not releasing dso store lock for /data/user/0/com.detoxsample/lib-main (syncer thread started)
03-22 21:55:12.027  9498  9498 D SoLoader: init finish: 4 SO sources prepared
03-22 21:55:12.027  9498  9498 D SoLoader: init exiting
03-22 21:55:12.053  9498  9498 D SoLoader: init exiting
03-22 21:55:12.055  9498  9498 D SoLoader: About to load: libjscexecutor.so
03-22 21:55:12.056  9498  9498 D SoLoader: libjscexecutor.so not found on /data/data/com.detoxsample/lib-main
03-22 21:55:12.056  9498  9498 D SoLoader: libjscexecutor.so found on /data/app/~~oGWIJ7KStrcBGp3-XduCCA==/com.detoxsample-iW2XnLHCy379Tw_5eyYvhw==/lib/x86_64
03-22 21:55:12.057  9498  9498 D SoLoader: Not resolving dependencies for libjscexecutor.so
03-22 21:55:12.102  9498  9498 D JavaScriptCore.Version: 250230.2.1
03-22 21:55:12.103  9498  9498 D SoLoader: Loaded: libjscexecutor.so
03-22 21:55:12.109  9498  9498 D SoLoader: init exiting
03-22 21:55:12.421  9498  9578 D SoLoader: About to load: libfbjni.so
03-22 21:55:12.422  9498  9578 D SoLoader: libfbjni.so not found on /data/data/com.detoxsample/lib-main
03-22 21:55:12.422  9498  9578 D SoLoader: libfbjni.so found on /data/app/~~oGWIJ7KStrcBGp3-XduCCA==/com.detoxsample-iW2XnLHCy379Tw_5eyYvhw==/lib/x86_64
03-22 21:55:12.422  9498  9578 D SoLoader: Not resolving dependencies for libfbjni.so
03-22 21:55:12.425  9498  9578 D SoLoader: Loaded: libfbjni.so
03-22 21:55:12.425  9498  9578 D SoLoader: About to load: libflipper.so
03-22 21:55:12.425  9498  9578 D SoLoader: libflipper.so not found on /data/data/com.detoxsample/lib-main
03-22 21:55:12.426  9498  9578 D SoLoader: libflipper.so found on /data/app/~~oGWIJ7KStrcBGp3-XduCCA==/com.detoxsample-iW2XnLHCy379Tw_5eyYvhw==/lib/x86_64
03-22 21:55:12.426  9498  9578 D SoLoader: Not resolving dependencies for libflipper.so
03-22 21:55:12.435  9498  9578 D SoLoader: Loaded: libflipper.so
03-22 21:55:12.480  9498  9498 W com.detoxsampl: Accessing hidden field Landroid/view/View;->mKeyedTags:Landroid/util/SparseArray; (unsupported, reflection, allowed)
03-22 21:55:12.481  9498  9498 W com.detoxsampl: Accessing hidden field Landroid/view/View;->mListenerInfo:Landroid/view/View$ListenerInfo; (unsupported, reflection, allowed)
03-22 21:55:12.481  9498  9498 W com.detoxsampl: Accessing hidden field Landroid/view/View$ListenerInfo;->mOnClickListener:Landroid/view/View$OnClickListener; (unsupported, reflection, allowed)
03-22 21:55:12.499  9498  9498 I flipper : flipper: FlipperClient::addPlugin Inspector
03-22 21:55:12.499  9498  9498 I flipper : flipper: FlipperClient::addPlugin React
03-22 21:55:12.504  9498  9498 I flipper : flipper: FlipperClient::addPlugin Databases
03-22 21:55:12.506  9498  9498 I flipper : flipper: FlipperClient::addPlugin Preferences
03-22 21:55:12.507  9498  9498 I flipper : flipper: FlipperClient::addPlugin CrashReporter
03-22 21:55:12.515  9498  9498 I flipper : flipper: FlipperClient::addPlugin Network
03-22 21:55:12.547  9498  9569 I UsageTrackerFacilitator: Usage tracking enabled
03-22 21:55:12.554  9498  9569 I TestRequestBuilder: Scanning classpath to find tests in paths [/data/app/~~wt0mqVpuQXjIVyOSVI4-8A==/com.detoxsample.test-vV-Z3-nWVcM--4z2szcrag==/base.apk]
03-22 21:55:12.556  9498  9569 W com.detoxsampl: Opening an oat file without a class loader. Are you using the deprecated DexFile APIs?
03-22 21:55:13.206  9498  9569 D TestExecutor: Adding listener androidx.test.internal.runner.listener.LogRunListener
03-22 21:55:13.207  9498  9569 D TestExecutor: Adding listener androidx.test.internal.runner.listener.InstrumentationResultPrinter
03-22 21:55:13.208  9498  9569 D TestExecutor: Adding listener androidx.test.internal.runner.listener.ActivityFinisherRunListener
03-22 21:55:13.211  9498  9569 I TestRunner: run started: 1 tests
03-22 21:55:13.217  9498  9569 I TestRunner: started: runDetoxTests(com.detoxsample.DetoxTest)
03-22 21:55:13.277  9498  9569 D EventInjectionStrategy: Creating injection strategy with input manager.
03-22 21:55:13.277  9498  9569 W com.detoxsampl: Accessing hidden method Landroid/hardware/input/InputManager;->getInstance()Landroid/hardware/input/InputManager; (unsupported, reflection, allowed)
03-22 21:55:13.277  9498  9569 W com.detoxsampl: Accessing hidden method Landroid/hardware/input/InputManager;->injectInputEvent(Landroid/view/InputEvent;I)Z (unsupported, reflection, allowed)
03-22 21:55:13.277  9498  9569 W com.detoxsampl: Accessing hidden field Landroid/hardware/input/InputManager;->INJECT_INPUT_EVENT_MODE_WAIT_FOR_FINISH:I (unsupported, reflection, allowed)
03-22 21:55:13.298  9498  9569 W com.detoxsampl: Accessing hidden field Ljava/lang/reflect/Field;->accessFlags:I (unsupported, reflection, allowed)
03-22 21:55:13.375  9498  9613 D libEGL  : loaded /vendor/lib64/egl/libEGL_emulation.so
03-22 21:55:13.383  9498  9613 D libEGL  : loaded /vendor/lib64/egl/libGLESv1_CM_emulation.so
03-22 21:55:13.390  9498  9613 D libEGL  : loaded /vendor/lib64/egl/libGLESv2_emulation.so
03-22 21:55:13.509  9498  9498 D LifecycleMonitor: Lifecycle status change: com.detoxsample.MainActivity@95c1cf5 in: PRE_ON_CREATE
03-22 21:55:13.541  9498  9586 D SoLoader: About to load: libreactnativejni.so
03-22 21:55:13.541  9498  9586 D SoLoader: libreactnativejni.so not found on /data/data/com.detoxsample/lib-main
03-22 21:55:13.542  9498  9586 D SoLoader: libreactnativejni.so found on /data/app/~~oGWIJ7KStrcBGp3-XduCCA==/com.detoxsample-iW2XnLHCy379Tw_5eyYvhw==/lib/x86_64
03-22 21:55:13.543  9498  9586 D SoLoader: Not resolving dependencies for libreactnativejni.so
03-22 21:55:13.546  9498  9586 D SoLoader: Loaded: libreactnativejni.so
03-22 21:55:13.650  9498  9498 W com.detoxsampl: Accessing hidden method Landroid/view/View;->computeFitSystemWindows(Landroid/graphics/Rect;Landroid/graphics/Rect;)Z (unsupported, reflection, allowed)
03-22 21:55:13.651  9498  9498 W com.detoxsampl: Accessing hidden method Landroid/view/ViewGroup;->makeOptionalFitsSystemWindows()V (unsupported, reflection, allowed)
03-22 21:55:13.668  9498  9498 D LifecycleMonitor: Lifecycle status change: com.detoxsample.MainActivity@95c1cf5 in: CREATED
03-22 21:55:13.670  9498  9498 D LifecycleMonitor: Lifecycle status change: com.detoxsample.MainActivity@95c1cf5 in: STARTED
03-22 21:55:13.672  9498  9498 D LifecycleMonitor: Lifecycle status change: com.detoxsample.MainActivity@95c1cf5 in: RESUMED
03-22 21:55:13.712  9498  9498 W unknown:ReactNative: Packager connection already open, nooping.
03-22 21:55:13.794  9498  9611 D HostConnection: createUnique: call
03-22 21:55:13.795  9498  9611 D HostConnection: HostConnection::get() New Host Connection established 0x73a0edf0c610, tid 9611
03-22 21:55:13.803  9498  9611 D HostConnection: HostComposition ext ANDROID_EMU_CHECKSUM_HELPER_v1 ANDROID_EMU_native_sync_v2 ANDROID_EMU_native_sync_v3 ANDROID_EMU_native_sync_v4 ANDROID_EMU_dma_v1 ANDROID_EMU_direct_mem ANDROID_EMU_host_composition_v1 ANDROID_EMU_host_composition_v2 ANDROID_EMU_YUV_Cache ANDROID_EMU_async_unmap_buffer ANDROID_EMU_has_shared_slots_host_memory_allocator ANDROID_EMU_sync_buffer_data GL_OES_EGL_image_external_essl3 GL_OES_vertex_array_object GL_KHR_texture_compression_astc_ldr ANDROID_EMU_host_side_tracing ANDROID_EMU_async_frame_commands ANDROID_EMU_gles_max_version_3_0 
03-22 21:55:13.807  9498  9611 W OpenGLRenderer: Failed to choose config with EGL_SWAP_BEHAVIOR_PRESERVED, retrying without...
03-22 21:55:13.808  9498  9611 W OpenGLRenderer: Failed to initialize 101010-2 format, error = EGL_SUCCESS
03-22 21:55:13.810  9498  9611 D EGL_emulation: eglCreateContext: 0x73a0edf0b950: maj 3 min 0 rcv 3
03-22 21:55:13.812  9498  9611 D EGL_emulation: eglMakeCurrent: 0x73a0edf0b950: ver 3 0 (tinfo 0x73a3073d2080) (first time)
03-22 21:55:13.824  9498  9611 I Gralloc4: mapper 4.x is not supported
03-22 21:55:13.828  9498  9611 D HostConnection: createUnique: call
03-22 21:55:13.828  9498  9611 D HostConnection: HostConnection::get() New Host Connection established 0x73a0edf0b4d0, tid 9611
03-22 21:55:13.829  9498  9611 D goldfish-address-space: allocate: Ask for block of size 0x100
03-22 21:55:13.830  9498  9611 D goldfish-address-space: allocate: ioctl allocate returned offset 0x3e3ffe000 size 0x2000
03-22 21:55:13.834  9498  9611 W Gralloc4: allocator 4.x is not supported
03-22 21:55:13.845  9498  9611 D HostConnection: HostComposition ext ANDROID_EMU_CHECKSUM_HELPER_v1 ANDROID_EMU_native_sync_v2 ANDROID_EMU_native_sync_v3 ANDROID_EMU_native_sync_v4 ANDROID_EMU_dma_v1 ANDROID_EMU_direct_mem ANDROID_EMU_host_composition_v1 ANDROID_EMU_host_composition_v2 ANDROID_EMU_YUV_Cache ANDROID_EMU_async_unmap_buffer ANDROID_EMU_has_shared_slots_host_memory_allocator ANDROID_EMU_sync_buffer_data GL_OES_EGL_image_external_essl3 GL_OES_vertex_array_object GL_KHR_texture_compression_astc_ldr ANDROID_EMU_host_side_tracing ANDROID_EMU_async_frame_commands ANDROID_EMU_gles_max_version_3_0 
03-22 21:55:14.051  9498  9569 I Detox   : Detox server connection details: url=ws://localhost:57959, sessionId=f91eb252-f07d-f0d9-e34f-c4893c688c68
03-22 21:55:14.069  9498  9623 I DetoxDispatcher: Handling action '_init' (ID #0)...
03-22 21:55:14.070  9498  9623 I Detox   : Connecting to server...
03-22 21:55:14.070  9498  9623 I DetoxWSClient: At connectToServer
03-22 21:55:14.107  9498  9625 D DetoxWSClient: At onOpen
03-22 21:55:14.107  9498  9625 I DetoxWSClient: Sending out action 'login' (ID #0)
03-22 21:55:14.109  9498  9625 I Detox   : Connected to server!
03-22 21:55:14.114  9498  9622 W unknown:ReactContext: initializeMessageQueueThreads() is called.
03-22 21:55:14.117  9498  9625 D DetoxWSClient: Received action 'loginSuccess' (ID #0, params={"testerConnected":true,"appConnected":true})
03-22 21:55:14.120  9498  9625 D DetoxWSClient: Received action 'isReady' (ID #-1000, params={})
03-22 21:55:14.156  9498  9498 W unknown:ReactNative: Packager connection already open, nooping.
03-22 21:55:14.304  9498  9629 W unknown:ViewManagerPropertyUpdater: Could not find generated setter for class com.facebook.react.views.drawer.ReactDrawerLayoutManager
03-22 21:55:14.321  9498  9629 W unknown:ViewManagerPropertyUpdater: Could not find generated setter for class com.facebook.react.uimanager.LayoutShadowNode
03-22 21:55:14.330  9498  9629 W unknown:ViewManagerPropertyUpdater: Could not find generated setter for class com.facebook.react.views.scroll.ReactHorizontalScrollViewManager
03-22 21:55:14.341  9498  9629 W unknown:ViewManagerPropertyUpdater: Could not find generated setter for class com.facebook.react.views.scroll.ReactHorizontalScrollContainerViewManager
03-22 21:55:14.344  9498  9629 W unknown:ViewManagerPropertyUpdater: Could not find generated setter for class com.facebook.react.views.progressbar.ReactProgressBarViewManager
03-22 21:55:14.349  9498  9629 W unknown:ViewManagerPropertyUpdater: Could not find generated setter for class com.facebook.react.views.progressbar.ProgressBarShadowNode
03-22 21:55:14.352  9498  9629 W unknown:ViewManagerPropertyUpdater: Could not find generated setter for class com.facebook.react.views.scroll.ReactScrollViewManager
03-22 21:55:14.361  9498  9629 W unknown:ViewManagerPropertyUpdater: Could not find generated setter for class com.facebook.react.views.slider.ReactSliderManager
03-22 21:55:14.365  9498  9629 W unknown:ViewManagerPropertyUpdater: Could not find generated setter for class com.facebook.react.views.slider.ReactSliderManager$ReactSliderShadowNode
03-22 21:55:14.369  9498  9629 W unknown:ViewManagerPropertyUpdater: Could not find generated setter for class com.facebook.react.views.switchview.ReactSwitchManager
03-22 21:55:14.373  9498  9629 W unknown:ViewManagerPropertyUpdater: Could not find generated setter for class com.facebook.react.views.switchview.ReactSwitchManager$ReactSwitchShadowNode
03-22 21:55:14.375  9498  9629 W unknown:ViewManagerPropertyUpdater: Could not find generated setter for class com.facebook.react.views.swiperefresh.SwipeRefreshLayoutManager
03-22 21:55:14.379  9498  9629 W unknown:ViewManagerPropertyUpdater: Could not find generated setter for class com.facebook.react.views.text.frescosupport.FrescoBasedReactTextInlineImageViewManager
03-22 21:55:14.381  9498  9629 W unknown:ViewManagerPropertyUpdater: Could not find generated setter for class com.facebook.react.views.text.frescosupport.FrescoBasedReactTextInlineImageShadowNode
03-22 21:55:14.385  9498  9629 W unknown:ViewManagerPropertyUpdater: Could not find generated setter for class com.facebook.react.views.image.ReactImageManager
03-22 21:55:14.389  9498  9629 W unknown:ViewManagerPropertyUpdater: Could not find generated setter for class com.facebook.react.views.modal.ReactModalHostManager
03-22 21:55:14.392  9498  9629 W unknown:ViewManagerPropertyUpdater: Could not find generated setter for class com.facebook.react.views.modal.ModalHostShadowNode
03-22 21:55:14.393  9498  9629 W unknown:ViewManagerPropertyUpdater: Could not find generated setter for class com.facebook.react.views.text.ReactRawTextManager
03-22 21:55:14.396  9498  9629 W unknown:ViewManagerPropertyUpdater: Could not find generated setter for class com.facebook.react.views.text.ReactRawTextShadowNode
03-22 21:55:14.397  9498  9629 W unknown:ViewManagerPropertyUpdater: Could not find generated setter for class com.facebook.react.views.textinput.ReactTextInputManager
03-22 21:55:14.410  9498  9629 W unknown:ViewManagerPropertyUpdater: Could not find generated setter for class com.facebook.react.views.textinput.ReactTextInputShadowNode
03-22 21:55:14.420  9498  9629 W unknown:ViewManagerPropertyUpdater: Could not find generated setter for class com.facebook.react.views.text.ReactTextViewManager
03-22 21:55:14.430  9498  9629 W unknown:ViewManagerPropertyUpdater: Could not find generated setter for class com.facebook.react.views.text.ReactTextShadowNode
03-22 21:55:14.433  9498  9629 W unknown:ViewManagerPropertyUpdater: Could not find generated setter for class com.facebook.react.views.view.ReactViewManager
03-22 21:55:14.446  9498  9629 W unknown:ViewManagerPropertyUpdater: Could not find generated setter for class com.facebook.react.views.text.ReactVirtualTextViewManager
03-22 21:55:14.447  9498  9629 W unknown:ViewManagerPropertyUpdater: Could not find generated setter for class com.facebook.react.views.text.ReactVirtualTextShadowNode
03-22 21:55:14.448  9498  9629 W unknown:ViewManagerPropertyUpdater: Could not find generated setter for class com.facebook.react.views.unimplementedview.ReactUnimplementedViewManager
03-22 21:55:14.488  9498  9629 W unknown:ReactContext: initializeMessageQueueThreads() is called.
03-22 21:55:14.503  9498  9629 D SoLoader: About to load: libyoga.so
03-22 21:55:14.503  9498  9629 D SoLoader: libyoga.so not found on /data/data/com.detoxsample/lib-main
03-22 21:55:14.504  9498  9629 D SoLoader: libyoga.so found on /data/app/~~oGWIJ7KStrcBGp3-XduCCA==/com.detoxsample-iW2XnLHCy379Tw_5eyYvhw==/lib/x86_64
03-22 21:55:14.504  9498  9629 D SoLoader: Not resolving dependencies for libyoga.so
03-22 21:55:14.506  9498  9629 D SoLoader: Loaded: libyoga.so
03-22 21:55:14.522  9498  9629 D SoLoader: About to load: libreactnativeblob.so
03-22 21:55:14.522  9498  9498 I DetoxRNLoading: Got new RN-context async'ly through listener
03-22 21:55:14.525  9498  9629 D SoLoader: libreactnativeblob.so not found on /data/data/com.detoxsample/lib-main
03-22 21:55:14.525  9498  9629 D SoLoader: libreactnativeblob.so found on /data/app/~~oGWIJ7KStrcBGp3-XduCCA==/com.detoxsample-iW2XnLHCy379Tw_5eyYvhw==/lib/x86_64
03-22 21:55:14.525  9498  9629 D SoLoader: Not resolving dependencies for libreactnativeblob.so
03-22 21:55:14.529  9498  9623 I DetoxRNIdleRes: Setting up Espresso Idling Resources for React Native
03-22 21:55:14.533  9498  9629 D SoLoader: Loaded: libreactnativeblob.so
03-22 21:55:14.559  9498  9623 D AsyncStorageIR: Checking whether a custom IR for Async-Storage is required... (legacy=false)
03-22 21:55:14.559  9498  9623 D DetoxRNHelpers: Native RN module resolution (class com.reactnativecommunity.asyncstorage.AsyncStorageModule): no such class
03-22 21:55:14.560  9498  9623 D AsyncStorageIR: Checking whether a custom IR for Async-Storage is required... (legacy=true)
03-22 21:55:14.564  9498  9623 D AsyncStorageIR: IR for Async-Storage is required! (legacy=true)
03-22 21:55:14.568  9498  9498 D AsyncStorageIRLegacy: Async-storage is busy!
03-22 21:55:14.580  9498  9623 I DetoxDispatcher: Done with action '_init'
03-22 21:55:14.580  9498  9623 I DetoxDispatcher: Handling action 'isReady' (ID #-1000)...
03-22 21:55:14.586  9498  9498 W com.detoxsampl: Accessing hidden method Landroid/os/MessageQueue;->next()Landroid/os/Message; (unsupported, reflection, allowed)
03-22 21:55:14.586  9498  9498 W com.detoxsampl: Accessing hidden field Landroid/os/MessageQueue;->mMessages:Landroid/os/Message; (unsupported, reflection, allowed)
03-22 21:55:14.587  9498  9498 W com.detoxsampl: Accessing hidden method Landroid/os/Message;->recycleUnchecked()V (unsupported, reflection, allowed)
03-22 21:55:14.665  9498  9629 I WebViewFactory: Loading com.google.android.webview version 91.0.4472.114 (code 447211487)
03-22 21:55:14.734  9498  9628 I ReactNativeJS: Running "DetoxSample" with {"rootTag":1}
03-22 21:55:14.814  9498  9629 W com.detoxsampl: Accessing hidden method Landroid/os/Trace;->isTagEnabled(J)Z (unsupported, reflection, allowed)
03-22 21:55:14.814  9498  9629 W com.detoxsampl: Accessing hidden method Landroid/os/Trace;->traceBegin(JLjava/lang/String;)V (unsupported, reflection, allowed)
03-22 21:55:14.814  9498  9629 W com.detoxsampl: Accessing hidden method Landroid/os/Trace;->traceEnd(J)V (unsupported, reflection, allowed)
03-22 21:55:14.814  9498  9629 W com.detoxsampl: Accessing hidden method Landroid/os/Trace;->asyncTraceBegin(JLjava/lang/String;I)V (unsupported, reflection, allowed)
03-22 21:55:14.814  9498  9629 W com.detoxsampl: Accessing hidden method Landroid/os/Trace;->asyncTraceEnd(JLjava/lang/String;I)V (unsupported, reflection, allowed)
03-22 21:55:14.847  9498  9629 I cr_LibraryLoader: Loaded native library version number "91.0.4472.114"
03-22 21:55:14.848  9498  9629 I cr_CachingUmaRecorder: Flushed 4 samples from 4 histograms.
03-22 21:55:14.934  9498  9629 I flipper : flipper: FlipperClient::addPlugin Fresco
03-22 21:55:15.017  9498  9498 D CompatibilityChangeReporter: Compat change id reported: 171228096; UID 10194; state: ENABLED
03-22 21:55:15.019  9498  9498 W com.detoxsampl: Accessing hidden field Landroid/widget/ScrollView;->mScroller:Landroid/widget/OverScroller; (unsupported, reflection, allowed)
03-22 21:55:15.051  9498  9611 D EGL_emulation: app_time_stats: avg=570.41ms min=113.29ms max=1027.52ms count=2
03-22 21:55:15.056  9498  9498 I Detox   : Wait is over: app is now idle!
03-22 21:55:15.057  9498  9623 I DetoxWSClient: Sending out action 'ready' (ID #-1000)
03-22 21:55:15.057  9498  9623 I DetoxDispatcher: Done with action 'isReady'
03-22 21:55:15.058  9498  9623 I DetoxDispatcher: Handling action 'loginSuccess' (ID #0)...
03-22 21:55:15.058  9498  9623 I DetoxDispatcher: Done with action 'loginSuccess'
03-22 21:55:15.058  9498  9623 I DetoxDispatcher: Handling action 'isReady' (ID #-1000)...
03-22 21:55:15.068  9498  9498 I Detox   : Wait is over: app is now idle!
03-22 21:55:15.069  9498  9623 I DetoxWSClient: Sending out action 'ready' (ID #-1000)
03-22 21:55:15.069  9498  9623 I DetoxDispatcher: Done with action 'isReady'
