--------- beginning of main
03-22 18:38:14.186 19656 19721 I DetoxWSClient: Sending out action 'invokeResult' (ID #10)
03-22 18:38:14.186 19656 19721 I DetoxDispatcher: Done with action 'invoke'
03-22 18:38:14.192 19656 19723 D DetoxWSClient: Received action 'invoke' (ID #11, params={"target":{"type":"Class","value":"com.wix.detox.espresso.DetoxAssertion"},"method":"assertMatcher","args":[{"type":"Invocation","value":{"target":{"type":"Class","value":"androidx.test.espresso.Espresso"},"method":"onView","args":[{"type":"Invocation","value":{"target":{"type":"Class","value":"com.wix.detox.espresso.DetoxMatcher"},"method":"matcherForText","args":["Card Validity : false"]}}]}},{"type":"Invocation","value":{"target":{"type":"Class","value":"com.wix.detox.espresso.DetoxMatcher"},"method":"matcherForSufficientlyVisible","args":[{"type":"Integer","value":75}]}}]})
03-22 18:38:14.192 19656 19721 I DetoxDispatcher: Handling action 'invoke' (ID #11)...
03-22 18:38:14.193 19656 19721 D Detox   : class com.wix.detox.espresso.DetoxMatcher, matcherForText, [Card Validity : false]
03-22 18:38:14.195 19656 19721 D Detox   : class androidx.test.espresso.Espresso, onView, [(an instance of android.widget.TextView and view.getText() with or without transformation to match: is "Card Validity : false" and view has effective visibility <VISIBLE>)]
03-22 18:38:14.196 19656 19721 D Detox   : class com.wix.detox.espresso.DetoxMatcher, matcherForSufficientlyVisible, [75]
03-22 18:38:14.197 19656 19721 D Detox   : class com.wix.detox.espresso.DetoxAssertion, assertMatcher, [androidx.test.espresso.ViewInteraction@afa9d88, (view has effective visibility <VISIBLE> and view.getGlobalVisibleRect() covers at least <75> percent of the view's area)]
03-22 18:38:14.202 19656 19656 I ViewInteraction: Checking 'MatchesViewAssertion(Detox){viewMatcher=(view has effective visibility <VISIBLE> and view.getGlobalVisibleRect() covers at least <75> percent of the view's area)}' assertion on view (an instance of android.widget.TextView and view.getText() with or without transformation to match: is "Card Validity : false" and view has effective visibility <VISIBLE>)
03-22 18:38:14.204 19656 19721 I DetoxWSClient: Sending out action 'invokeResult' (ID #11)
03-22 18:38:14.205 19656 19721 I DetoxDispatcher: Done with action 'invoke'
03-22 18:38:14.209 19656 19723 D DetoxWSClient: Received action 'invoke' (ID #12, params={"target":{"type":"Class","value":"com.wix.detox.espresso.EspressoDetox"},"method":"perform","args":[{"type":"Invocation","value":{"target":{"type":"Class","value":"androidx.test.espresso.Espresso"},"method":"onView","args":[{"type":"Invocation","value":{"target":{"type":"Class","value":"com.wix.detox.espresso.DetoxMatcher"},"method":"matcherForText","args":["GET CARD NETWORK"]}}]}},{"type":"Invocation","value":{"target":{"type":"Class","value":"com.wix.detox.espresso.DetoxViewActions"},"method":"click","args":[]}}]})
03-22 18:38:14.211 19656 19721 I DetoxDispatcher: Handling action 'invoke' (ID #12)...
03-22 18:38:14.212 19656 19721 D Detox   : class com.wix.detox.espresso.DetoxMatcher, matcherForText, [GET CARD NETWORK]
03-22 18:38:14.212 19656 19721 D Detox   : class androidx.test.espresso.Espresso, onView, [(an instance of android.widget.TextView and view.getText() with or without transformation to match: is "GET CARD NETWORK" and view has effective visibility <VISIBLE>)]
03-22 18:38:14.213 19656 19721 D Detox   : class com.wix.detox.espresso.DetoxViewActions, click, []
03-22 18:38:14.213 19656 19721 D Detox   : class com.wix.detox.espresso.EspressoDetox, perform, [androidx.test.espresso.ViewInteraction@7e4b321, com.wix.detox.espresso.action.RNClickAction@77a8346]
03-22 18:38:14.217 19656 19656 I ViewInteraction: Performing 'com.wix.detox.espresso.action.detoxsingletap@14d6907 click' action on view (an instance of android.widget.TextView and view.getText() with or without transformation to match: is "GET CARD NETWORK" and view has effective visibility <VISIBLE>)
03-22 18:38:14.266 19656 19724 I ReactNativeJS: unknown
03-22 18:38:14.297 19656 19656 I Detox   : UIManagerModule is busy
03-22 18:38:14.697 19656 19721 I DetoxWSClient: Sending out action 'invokeResult' (ID #12)
03-22 18:38:14.697 19656 19721 I DetoxDispatcher: Done with action 'invoke'
03-22 18:38:14.703 19656 19723 D DetoxWSClient: Received action 'invoke' (ID #13, params={"target":{"type":"Class","value":"com.wix.detox.espresso.DetoxAssertion"},"method":"assertMatcher","args":[{"type":"Invocation","value":{"target":{"type":"Class","value":"androidx.test.espresso.Espresso"},"method":"onView","args":[{"type":"Invocation","value":{"target":{"type":"Class","value":"com.wix.detox.espresso.DetoxMatcher"},"method":"matcherForText","args":["Card Network : unknown"]}}]}},{"type":"Invocation","value":{"target":{"type":"Class","value":"com.wix.detox.espresso.DetoxMatcher"},"method":"matcherForSufficientlyVisible","args":[{"type":"Integer","value":75}]}}]})
03-22 18:38:14.703 19656 19721 I DetoxDispatcher: Handling action 'invoke' (ID #13)...
03-22 18:38:14.704 19656 19721 D Detox   : class com.wix.detox.espresso.DetoxMatcher, matcherForText, [Card Network : unknown]
03-22 18:38:14.704 19656 19721 D Detox   : class androidx.test.espresso.Espresso, onView, [(an instance of android.widget.TextView and view.getText() with or without transformation to match: is "Card Network : unknown" and view has effective visibility <VISIBLE>)]
03-22 18:38:14.704 19656 19721 D Detox   : class com.wix.detox.espresso.DetoxMatcher, matcherForSufficientlyVisible, [75]
03-22 18:38:14.705 19656 19721 D Detox   : class com.wix.detox.espresso.DetoxAssertion, assertMatcher, [androidx.test.espresso.ViewInteraction@d0d95a0, (view has effective visibility <VISIBLE> and view.getGlobalVisibleRect() covers at least <75> percent of the view's area)]
03-22 18:38:14.716 19656 19656 I ViewInteraction: Checking 'MatchesViewAssertion(Detox){viewMatcher=(view has effective visibility <VISIBLE> and view.getGlobalVisibleRect() covers at least <75> percent of the view's area)}' assertion on view (an instance of android.widget.TextView and view.getText() with or without transformation to match: is "Card Network : unknown" and view has effective visibility <VISIBLE>)
03-22 18:38:14.718 19656 19721 I DetoxWSClient: Sending out action 'invokeResult' (ID #13)
03-22 18:38:14.719 19656 19721 I DetoxDispatcher: Done with action 'invoke'
03-22 18:38:14.733 19656 19710 D EGL_emulation: app_time_stats: avg=14.47ms min=2.36ms max=23.14ms count=59
03-22 18:38:14.787 19656 19723 D DetoxWSClient: Received action 'invoke' (ID #14, params={"target":{"type":"Class","value":"com.wix.detox.espresso.EspressoDetox"},"method":"perform","args":[{"type":"Invocation","value":{"target":{"type":"Class","value":"androidx.test.espresso.Espresso"},"method":"onView","args":[{"type":"Invocation","value":{"target":{"type":"Class","value":"com.wix.detox.espresso.DetoxMatcher"},"method":"matcherForText","args":["GET CARD NETWORK LENGTH"]}}]}},{"type":"Invocation","value":{"target":{"type":"Class","value":"com.wix.detox.espresso.DetoxViewActions"},"method":"click","args":[]}}]})
03-22 18:38:14.788 19656 19721 I DetoxDispatcher: Handling action 'invoke' (ID #14)...
03-22 18:38:14.789 19656 19721 D Detox   : class com.wix.detox.espresso.DetoxMatcher, matcherForText, [GET CARD NETWORK LENGTH]
03-22 18:38:14.791 19656 19721 D Detox   : class androidx.test.espresso.Espresso, onView, [(an instance of android.widget.TextView and view.getText() with or without transformation to match: is "GET CARD NETWORK LENGTH" and view has effective visibility <VISIBLE>)]
03-22 18:38:14.792 19656 19721 D Detox   : class com.wix.detox.espresso.DetoxViewActions, click, []
03-22 18:38:14.794 19656 19721 D Detox   : class com.wix.detox.espresso.EspressoDetox, perform, [androidx.test.espresso.ViewInteraction@c1fa559, com.wix.detox.espresso.action.RNClickAction@9b0b51e]
03-22 18:38:14.805 19656 19656 I ViewInteraction: Performing 'com.wix.detox.espresso.action.detoxsingletap@aa071ff click' action on view (an instance of android.widget.TextView and view.getText() with or without transformation to match: is "GET CARD NETWORK LENGTH" and view has effective visibility <VISIBLE>)
03-22 18:38:15.291 19656 19721 I DetoxWSClient: Sending out action 'invokeResult' (ID #14)
03-22 18:38:15.291 19656 19721 I DetoxDispatcher: Done with action 'invoke'
03-22 18:38:15.297 19656 19723 D DetoxWSClient: Received action 'invoke' (ID #15, params={"target":{"type":"Class","value":"com.wix.detox.espresso.DetoxAssertion"},"method":"assertMatcher","args":[{"type":"Invocation","value":{"target":{"type":"Class","value":"androidx.test.espresso.Espresso"},"method":"onView","args":[{"type":"Invocation","value":{"target":{"type":"Class","value":"com.wix.detox.espresso.DetoxMatcher"},"method":"matcherForText","args":["Card Network length : 16"]}}]}},{"type":"Invocation","value":{"target":{"type":"Class","value":"com.wix.detox.espresso.DetoxMatcher"},"method":"matcherForSufficientlyVisible","args":[{"type":"Integer","value":75}]}}]})
03-22 18:38:15.298 19656 19721 I DetoxDispatcher: Handling action 'invoke' (ID #15)...
03-22 18:38:15.298 19656 19721 D Detox   : class com.wix.detox.espresso.DetoxMatcher, matcherForText, [Card Network length : 16]
03-22 18:38:15.299 19656 19721 D Detox   : class androidx.test.espresso.Espresso, onView, [(an instance of android.widget.TextView and view.getText() with or without transformation to match: is "Card Network length : 16" and view has effective visibility <VISIBLE>)]
03-22 18:38:15.300 19656 19721 D Detox   : class com.wix.detox.espresso.DetoxMatcher, matcherForSufficientlyVisible, [75]
03-22 18:38:15.300 19656 19721 D Detox   : class com.wix.detox.espresso.DetoxAssertion, assertMatcher, [androidx.test.espresso.ViewInteraction@30fa691, (view has effective visibility <VISIBLE> and view.getGlobalVisibleRect() covers at least <75> percent of the view's area)]
03-22 18:38:15.317 19656 19656 I ViewInteraction: Checking 'MatchesViewAssertion(Detox){viewMatcher=(view has effective visibility <VISIBLE> and view.getGlobalVisibleRect() covers at least <75> percent of the view's area)}' assertion on view (an instance of android.widget.TextView and view.getText() with or without transformation to match: is "Card Network length : 16" and view has effective visibility <VISIBLE>)
03-22 18:38:15.319 19656 19721 I DetoxWSClient: Sending out action 'invokeResult' (ID #15)
03-22 18:38:15.319 19656 19721 I DetoxDispatcher: Done with action 'invoke'
03-22 18:38:15.325 19656 19723 D DetoxWSClient: Received action 'invoke' (ID #16, params={"target":{"type":"Class","value":"com.wix.detox.espresso.EspressoDetox"},"method":"perform","args":[{"type":"Invocation","value":{"target":{"type":"Class","value":"androidx.test.espresso.Espresso"},"method":"onView","args":[{"type":"Invocation","value":{"target":{"type":"Class","value":"com.wix.detox.espresso.DetoxMatcher"},"method":"matcherForTestId","args":["cards"]}}]}},{"type":"Invocation","value":{"target":{"type":"Class","value":"com.wix.detox.espresso.DetoxViewActions"},"method":"click","args":[]}}]})
03-22 18:38:15.326 19656 19721 I DetoxDispatcher: Handling action 'invoke' (ID #16)...
03-22 18:38:15.327 19656 19721 D Detox   : class com.wix.detox.espresso.DetoxMatcher, matcherForTestId, [cards]
03-22 18:38:15.328 19656 19721 D Detox   : class androidx.test.espresso.Espresso, onView, [(view.getTag() is "cards" and view has effective visibility <VISIBLE>)]
03-22 18:38:15.330 19656 19721 D Detox   : class com.wix.detox.espresso.DetoxViewActions, click, []
03-22 18:38:15.331 19656 19721 D Detox   : class com.wix.detox.espresso.EspressoDetox, perform, [androidx.test.espresso.ViewInteraction@79049f6, com.wix.detox.espresso.action.RNClickAction@93ca1f7]
03-22 18:38:15.337 19656 19656 I ViewInteraction: Performing 'com.wix.detox.espresso.action.detoxsingletap@4346864 click' action on view (view.getTag() is "cards" and view has effective visibility <VISIBLE>)
03-22 18:38:15.677 19656 19656 I Detox   : AnimatedModule is busy.
03-22 18:38:15.763 19656 19721 I DetoxWSClient: Sending out action 'invokeResult' (ID #16)
03-22 18:38:15.764 19656 19721 I DetoxDispatcher: Done with action 'invoke'
