--------- beginning of main
03-22 22:10:14.721 12891 12891 I com.detoxsampl: Late-enabling -Xcheck:jni
03-22 22:10:14.752 12891 12891 W com.detoxsampl: Unexpected CPU variant for X86 using defaults: x86_64
03-22 22:10:14.878 12891 12891 D CompatibilityChangeReporter: Compat change id reported: 171979766; UID 10204; state: DISABLED
--------- beginning of system
03-22 22:10:14.902 12891 12891 W ActivityThread: Package uses different ABI(s) than its instrumentation: package[com.detoxsample]: x86_64, null instrumentation[com.detoxsample.test]: null, null
03-22 22:10:15.258 12891 12891 V GraphicsEnvironment: ANGLE Developer option for 'com.detoxsample' set to: 'default'
03-22 22:10:15.259 12891 12891 V GraphicsEnvironment: ANGLE GameManagerService for com.detoxsample: false
03-22 22:10:15.259 12891 12891 V GraphicsEnvironment: Neither updatable production driver nor prerelease driver is supported.
03-22 22:10:15.268 12891 12891 D ApplicationLoaders: Returning zygote-cached class loader: /system/framework/android.test.base.jar
03-22 22:10:15.275 12891 12891 D ApplicationLoaders: Returning zygote-cached class loader: /system/framework/android.test.base.jar
03-22 22:10:15.531 12891 12891 D NetworkSecurityConfig: Using Network Security Config from resource network_security_config debugBuild: true
03-22 22:10:15.533 12891 12891 D NetworkSecurityConfig: Using Network Security Config from resource network_security_config debugBuild: true
03-22 22:10:15.540 12891 12891 I MonitoringInstr: Instrumentation started!
03-22 22:10:15.609 12891 12891 V TestEventClient: No service name argument was given (testDiscoveryService, testRunEventService or orchestratorService)
03-22 22:10:15.615 12891 12891 D SoLoader: init start
03-22 22:10:15.618 12891 12891 D SoLoader: adding system library source: /vendor/lib64
03-22 22:10:15.620 12891 12891 D SoLoader: adding system library source: /system/lib64
03-22 22:10:15.621 12891 12891 D SoLoader: adding application source: com.facebook.soloader.DirectorySoSource[root = /data/app/~~44Wcqmo9I4a0SlLEqb4rcw==/com.detoxsample--gJlBUJ94GVDpj6nDj1stg==/lib/x86_64 flags = 0]
03-22 22:10:15.625 12891 12891 D SoLoader: adding backup source from : com.facebook.soloader.ApkSoSource[root = /data/data/com.detoxsample/lib-main flags = 1]
03-22 22:10:15.625 12891 12891 D SoLoader: Preparing SO source: com.facebook.soloader.DirectorySoSource[root = /system/lib64 flags = 2]
03-22 22:10:15.625 12891 12891 D SoLoader: Preparing SO source: com.facebook.soloader.DirectorySoSource[root = /vendor/lib64 flags = 2]
03-22 22:10:15.625 12891 12891 D SoLoader: Preparing SO source: com.facebook.soloader.DirectorySoSource[root = /data/app/~~44Wcqmo9I4a0SlLEqb4rcw==/com.detoxsample--gJlBUJ94GVDpj6nDj1stg==/lib/x86_64 flags = 0]
03-22 22:10:15.625 12891 12891 D SoLoader: Preparing SO source: com.facebook.soloader.ApkSoSource[root = /data/data/com.detoxsample/lib-main flags = 1]
03-22 22:10:15.627 12891 12891 V fb-UnpackingSoSource: locked dso store /data/user/0/com.detoxsample/lib-main
03-22 22:10:15.629 12891 12891 V fb-UnpackingSoSource: deps mismatch on deps store: regenerating
03-22 22:10:15.630 12891 12891 V fb-UnpackingSoSource: so store dirty: regenerating
03-22 22:10:15.752 12891 12891 D ApkSoSource: not allowing consideration of lib/x86_64/libbetter.so: deferring to libdir
03-22 22:10:15.753 12891 12891 D ApkSoSource: not allowing consideration of lib/x86_64/libc++_shared.so: deferring to libdir
03-22 22:10:15.753 12891 12891 D ApkSoSource: not allowing consideration of lib/x86_64/libevent-2.1.so: deferring to libdir
03-22 22:10:15.753 12891 12891 D ApkSoSource: not allowing consideration of lib/x86_64/libevent_core-2.1.so: deferring to libdir
03-22 22:10:15.753 12891 12891 D ApkSoSource: not allowing consideration of lib/x86_64/libevent_extra-2.1.so: deferring to libdir
03-22 22:10:15.754 12891 12891 D ApkSoSource: not allowing consideration of lib/x86_64/libfabricjni.so: deferring to libdir
03-22 22:10:15.754 12891 12891 D ApkSoSource: not allowing consideration of lib/x86_64/libfb.so: deferring to libdir
03-22 22:10:15.754 12891 12891 D ApkSoSource: not allowing consideration of lib/x86_64/libfbjni.so: deferring to libdir
03-22 22:10:15.754 12891 12891 D ApkSoSource: not allowing consideration of lib/x86_64/libflipper.so: deferring to libdir
03-22 22:10:15.754 12891 12891 D ApkSoSource: not allowing consideration of lib/x86_64/libfolly_futures.so: deferring to libdir
03-22 22:10:15.755 12891 12891 D ApkSoSource: not allowing consideration of lib/x86_64/libfolly_json.so: deferring to libdir
03-22 22:10:15.755 12891 12891 D ApkSoSource: not allowing consideration of lib/x86_64/libglog.so: deferring to libdir
03-22 22:10:15.755 12891 12891 D ApkSoSource: not allowing consideration of lib/x86_64/libglog_init.so: deferring to libdir
03-22 22:10:15.755 12891 12891 D ApkSoSource: not allowing consideration of lib/x86_64/libimagepipeline.so: deferring to libdir
03-22 22:10:15.755 12891 12891 D ApkSoSource: not allowing consideration of lib/x86_64/libjsc.so: deferring to libdir
03-22 22:10:15.755 12891 12891 D ApkSoSource: not allowing consideration of lib/x86_64/libjscexecutor.so: deferring to libdir
03-22 22:10:15.755 12891 12891 D ApkSoSource: not allowing consideration of lib/x86_64/libjsi.so: deferring to libdir
03-22 22:10:15.756 12891 12891 D ApkSoSource: not allowing consideration of lib/x86_64/libjsijniprofiler.so: deferring to libdir
03-22 22:10:15.756 12891 12891 D ApkSoSource: not allowing consideration of lib/x86_64/libjsinspector.so: deferring to libdir
03-22 22:10:15.756 12891 12891 D ApkSoSource: not allowing consideration of lib/x86_64/liblogger.so: deferring to libdir
03-22 22:10:15.756 12891 12891 D ApkSoSource: not allowing consideration of lib/x86_64/libmapbufferjni.so: deferring to libdir
03-22 22:10:15.756 12891 12891 D ApkSoSource: not allowing consideration of lib/x86_64/libnative-filters.so: deferring to libdir
03-22 22:10:15.756 12891 12891 D ApkSoSource: not allowing consideration of lib/x86_64/libnative-imagetranscoder.so: deferring to libdir
03-22 22:10:15.756 12891 12891 D ApkSoSource: not allowing consideration of lib/x86_64/libreact_codegen_rncore.so: deferring to libdir
03-22 22:10:15.757 12891 12891 D ApkSoSource: not allowing consideration of lib/x86_64/libreact_debug.so: deferring to libdir
03-22 22:10:15.757 12891 12891 D ApkSoSource: not allowing consideration of lib/x86_64/libreact_nativemodule_core.so: deferring to libdir
03-22 22:10:15.757 12891 12891 D ApkSoSource: not allowing consideration of lib/x86_64/libreact_render_animations.so: deferring to libdir
03-22 22:10:15.757 12891 12891 D ApkSoSource: not allowing consideration of lib/x86_64/libreact_render_attributedstring.so: deferring to libdir
03-22 22:10:15.757 12891 12891 D ApkSoSource: not allowing consideration of lib/x86_64/libreact_render_componentregistry.so: deferring to libdir
03-22 22:10:15.757 12891 12891 D ApkSoSource: not allowing consideration of lib/x86_64/libreact_render_core.so: deferring to libdir
03-22 22:10:15.757 12891 12891 D ApkSoSource: not allowing consideration of lib/x86_64/libreact_render_debug.so: deferring to libdir
03-22 22:10:15.757 12891 12891 D ApkSoSource: not allowing consideration of lib/x86_64/libreact_render_graphics.so: deferring to libdir
03-22 22:10:15.757 12891 12891 D ApkSoSource: not allowing consideration of lib/x86_64/libreact_render_imagemanager.so: deferring to libdir
03-22 22:10:15.758 12891 12891 D ApkSoSource: not allowing consideration of lib/x86_64/libreact_render_leakchecker.so: deferring to libdir
03-22 22:10:15.758 12891 12891 D ApkSoSource: not allowing consideration of lib/x86_64/libreact_render_mapbuffer.so: deferring to libdir
03-22 22:10:15.758 12891 12891 D ApkSoSource: not allowing consideration of lib/x86_64/libreact_render_mounting.so: deferring to libdir
03-22 22:10:15.758 12891 12891 D ApkSoSource: not allowing consideration of lib/x86_64/libreact_render_runtimescheduler.so: deferring to libdir
03-22 22:10:15.758 12891 12891 D ApkSoSource: not allowing consideration of lib/x86_64/libreact_render_scheduler.so: deferring to libdir
03-22 22:10:15.758 12891 12891 D ApkSoSource: not allowing consideration of lib/x86_64/libreact_render_telemetry.so: deferring to libdir
03-22 22:10:15.759 12891 12891 D ApkSoSource: not allowing consideration of lib/x86_64/libreact_render_templateprocessor.so: deferring to libdir
03-22 22:10:15.759 12891 12891 D ApkSoSource: not allowing consideration of lib/x86_64/libreact_render_textlayoutmanager.so: deferring to libdir
03-22 22:10:15.759 12891 12891 D ApkSoSource: not allowing consideration of lib/x86_64/libreact_render_uimanager.so: deferring to libdir
03-22 22:10:15.759 12891 12891 D ApkSoSource: not allowing consideration of lib/x86_64/libreact_utils.so: deferring to libdir
03-22 22:10:15.759 12891 12891 D ApkSoSource: not allowing consideration of lib/x86_64/libreactconfig.so: deferring to libdir
03-22 22:10:15.759 12891 12891 D ApkSoSource: not allowing consideration of lib/x86_64/libreactnativeblob.so: deferring to libdir
03-22 22:10:15.759 12891 12891 D ApkSoSource: not allowing consideration of lib/x86_64/libreactnativejni.so: deferring to libdir
03-22 22:10:15.759 12891 12891 D ApkSoSource: not allowing consideration of lib/x86_64/libreactnativeutilsjni.so: deferring to libdir
03-22 22:10:15.759 12891 12891 D ApkSoSource: not allowing consideration of lib/x86_64/libreactperfloggerjni.so: deferring to libdir
03-22 22:10:15.760 12891 12891 D ApkSoSource: not allowing consideration of lib/x86_64/librrc_image.so: deferring to libdir
03-22 22:10:15.760 12891 12891 D ApkSoSource: not allowing consideration of lib/x86_64/librrc_modal.so: deferring to libdir
03-22 22:10:15.760 12891 12891 D ApkSoSource: not allowing consideration of lib/x86_64/librrc_progressbar.so: deferring to libdir
03-22 22:10:15.760 12891 12891 D ApkSoSource: not allowing consideration of lib/x86_64/librrc_root.so: deferring to libdir
03-22 22:10:15.760 12891 12891 D ApkSoSource: not allowing consideration of lib/x86_64/librrc_scrollview.so: deferring to libdir
03-22 22:10:15.760 12891 12891 D ApkSoSource: not allowing consideration of lib/x86_64/librrc_slider.so: deferring to libdir
03-22 22:10:15.760 12891 12891 D ApkSoSource: not allowing consideration of lib/x86_64/librrc_switch.so: deferring to libdir
03-22 22:10:15.760 12891 12891 D ApkSoSource: not allowing consideration of lib/x86_64/librrc_text.so: deferring to libdir
03-22 22:10:15.760 12891 12891 D ApkSoSource: not allowing consideration of lib/x86_64/librrc_textinput.so: deferring to libdir
03-22 22:10:15.760 12891 12891 D ApkSoSource: not allowing consideration of lib/x86_64/librrc_unimplementedview.so: deferring to libdir
03-22 22:10:15.761 12891 12891 D ApkSoSource: not allowing consideration of lib/x86_64/librrc_view.so: deferring to libdir
03-22 22:10:15.761 12891 12891 D ApkSoSource: not allowing consideration of lib/x86_64/libturbomodulejsijni.so: deferring to libdir
03-22 22:10:15.761 12891 12891 D ApkSoSource: not allowing consideration of lib/x86_64/libyoga.so: deferring to libdir
03-22 22:10:15.761 12891 12891 V fb-UnpackingSoSource: regenerating DSO store com.facebook.soloader.ApkSoSource
03-22 22:10:15.762 12891 12891 V fb-UnpackingSoSource: Finished regenerating DSO store com.facebook.soloader.ApkSoSource
03-22 22:10:15.762 12891 12891 V fb-UnpackingSoSource: starting syncer worker
03-22 22:10:15.776 12891 12891 V fb-UnpackingSoSource: releasing dso store lock for /data/user/0/com.detoxsample/lib-main (from syncer thread)
03-22 22:10:15.776 12891 12891 V fb-UnpackingSoSource: not releasing dso store lock for /data/user/0/com.detoxsample/lib-main (syncer thread started)
03-22 22:10:15.776 12891 12891 D SoLoader: init finish: 4 SO sources prepared
03-22 22:10:15.776 12891 12891 D SoLoader: init exiting
03-22 22:10:15.804 12891 12891 D SoLoader: init exiting
03-22 22:10:15.805 12891 12891 D SoLoader: About to load: libjscexecutor.so
03-22 22:10:15.806 12891 12891 D SoLoader: libjscexecutor.so not found on /data/data/com.detoxsample/lib-main
03-22 22:10:15.806 12891 12891 D SoLoader: libjscexecutor.so found on /data/app/~~44Wcqmo9I4a0SlLEqb4rcw==/com.detoxsample--gJlBUJ94GVDpj6nDj1stg==/lib/x86_64
03-22 22:10:15.806 12891 12891 D SoLoader: Not resolving dependencies for libjscexecutor.so
03-22 22:10:15.814 12891 12891 D JavaScriptCore.Version: 250230.2.1
03-22 22:10:15.814 12891 12891 D SoLoader: Loaded: libjscexecutor.so
03-22 22:10:15.820 12891 12891 D SoLoader: init exiting
03-22 22:10:16.234 12891 12928 D SoLoader: About to load: libfbjni.so
03-22 22:10:16.240 12891 12928 D SoLoader: libfbjni.so not found on /data/data/com.detoxsample/lib-main
03-22 22:10:16.240 12891 12928 D SoLoader: libfbjni.so found on /data/app/~~44Wcqmo9I4a0SlLEqb4rcw==/com.detoxsample--gJlBUJ94GVDpj6nDj1stg==/lib/x86_64
03-22 22:10:16.240 12891 12928 D SoLoader: Not resolving dependencies for libfbjni.so
03-22 22:10:16.253 12891 12928 D SoLoader: Loaded: libfbjni.so
03-22 22:10:16.253 12891 12928 D SoLoader: About to load: libflipper.so
03-22 22:10:16.254 12891 12928 D SoLoader: libflipper.so not found on /data/data/com.detoxsample/lib-main
03-22 22:10:16.254 12891 12928 D SoLoader: libflipper.so found on /data/app/~~44Wcqmo9I4a0SlLEqb4rcw==/com.detoxsample--gJlBUJ94GVDpj6nDj1stg==/lib/x86_64
03-22 22:10:16.259 12891 12928 D SoLoader: Not resolving dependencies for libflipper.so
03-22 22:10:16.280 12891 12928 D SoLoader: Loaded: libflipper.so
03-22 22:10:16.359 12891 12891 W com.detoxsampl: Accessing hidden field Landroid/view/View;->mKeyedTags:Landroid/util/SparseArray; (unsupported, reflection, allowed)
03-22 22:10:16.359 12891 12891 W com.detoxsampl: Accessing hidden field Landroid/view/View;->mListenerInfo:Landroid/view/View$ListenerInfo; (unsupported, reflection, allowed)
03-22 22:10:16.359 12891 12891 W com.detoxsampl: Accessing hidden field Landroid/view/View$ListenerInfo;->mOnClickListener:Landroid/view/View$OnClickListener; (unsupported, reflection, allowed)
03-22 22:10:16.397 12891 12891 I flipper : flipper: FlipperClient::addPlugin Inspector
03-22 22:10:16.398 12891 12891 I flipper : flipper: FlipperClient::addPlugin React
03-22 22:10:16.406 12891 12891 I flipper : flipper: FlipperClient::addPlugin Databases
03-22 22:10:16.411 12891 12891 I flipper : flipper: FlipperClient::addPlugin Preferences
03-22 22:10:16.412 12891 12891 I flipper : flipper: FlipperClient::addPlugin CrashReporter
03-22 22:10:16.420 12891 12891 I flipper : flipper: FlipperClient::addPlugin Network
03-22 22:10:16.464 12891 12922 I UsageTrackerFacilitator: Usage tracking enabled
03-22 22:10:16.474 12891 12922 I TestRequestBuilder: Scanning classpath to find tests in paths [/data/app/~~JU-3MJfcqRcCVLnYj_S97w==/com.detoxsample.test-vSg8LtKo2MkTnUVb5q6ZsQ==/base.apk]
03-22 22:10:16.476 12891 12922 W com.detoxsampl: Opening an oat file without a class loader. Are you using the deprecated DexFile APIs?
03-22 22:10:17.099 12891 12922 D TestExecutor: Adding listener androidx.test.internal.runner.listener.LogRunListener
03-22 22:10:17.100 12891 12922 D TestExecutor: Adding listener androidx.test.internal.runner.listener.InstrumentationResultPrinter
03-22 22:10:17.100 12891 12922 D TestExecutor: Adding listener androidx.test.internal.runner.listener.ActivityFinisherRunListener
03-22 22:10:17.102 12891 12922 I TestRunner: run started: 1 tests
03-22 22:10:17.108 12891 12922 I TestRunner: started: runDetoxTests(com.detoxsample.DetoxTest)
03-22 22:10:17.154 12891 12922 D EventInjectionStrategy: Creating injection strategy with input manager.
03-22 22:10:17.154 12891 12922 W com.detoxsampl: Accessing hidden method Landroid/hardware/input/InputManager;->getInstance()Landroid/hardware/input/InputManager; (unsupported, reflection, allowed)
03-22 22:10:17.154 12891 12922 W com.detoxsampl: Accessing hidden method Landroid/hardware/input/InputManager;->injectInputEvent(Landroid/view/InputEvent;I)Z (unsupported, reflection, allowed)
03-22 22:10:17.154 12891 12922 W com.detoxsampl: Accessing hidden field Landroid/hardware/input/InputManager;->INJECT_INPUT_EVENT_MODE_WAIT_FOR_FINISH:I (unsupported, reflection, allowed)
03-22 22:10:17.174 12891 12922 W com.detoxsampl: Accessing hidden field Ljava/lang/reflect/Field;->accessFlags:I (unsupported, reflection, allowed)
03-22 22:10:17.241 12891 12951 D libEGL  : loaded /vendor/lib64/egl/libEGL_emulation.so
03-22 22:10:17.290 12891 12951 D libEGL  : loaded /vendor/lib64/egl/libGLESv1_CM_emulation.so
03-22 22:10:17.303 12891 12951 D libEGL  : loaded /vendor/lib64/egl/libGLESv2_emulation.so
03-22 22:10:17.380 12891 12891 D LifecycleMonitor: Lifecycle status change: com.detoxsample.MainActivity@b7cbddf in: PRE_ON_CREATE
03-22 22:10:17.458 12891 12936 D SoLoader: About to load: libreactnativejni.so
03-22 22:10:17.461 12891 12936 D SoLoader: libreactnativejni.so not found on /data/data/com.detoxsample/lib-main
03-22 22:10:17.463 12891 12936 D SoLoader: libreactnativejni.so found on /data/app/~~44Wcqmo9I4a0SlLEqb4rcw==/com.detoxsample--gJlBUJ94GVDpj6nDj1stg==/lib/x86_64
03-22 22:10:17.464 12891 12936 D SoLoader: Not resolving dependencies for libreactnativejni.so
03-22 22:10:17.468 12891 12936 D SoLoader: Loaded: libreactnativejni.so
03-22 22:10:17.523 12891 12891 W com.detoxsampl: Accessing hidden method Landroid/view/View;->computeFitSystemWindows(Landroid/graphics/Rect;Landroid/graphics/Rect;)Z (unsupported, reflection, allowed)
03-22 22:10:17.523 12891 12891 W com.detoxsampl: Accessing hidden method Landroid/view/ViewGroup;->makeOptionalFitsSystemWindows()V (unsupported, reflection, allowed)
03-22 22:10:17.538 12891 12891 D LifecycleMonitor: Lifecycle status change: com.detoxsample.MainActivity@b7cbddf in: CREATED
03-22 22:10:17.543 12891 12891 D LifecycleMonitor: Lifecycle status change: com.detoxsample.MainActivity@b7cbddf in: STARTED
03-22 22:10:17.545 12891 12891 D LifecycleMonitor: Lifecycle status change: com.detoxsample.MainActivity@b7cbddf in: RESUMED
03-22 22:10:17.578 12891 12891 W unknown:ReactNative: Packager connection already open, nooping.
03-22 22:10:17.617 12891 12949 D HostConnection: createUnique: call
03-22 22:10:17.619 12891 12949 D HostConnection: HostConnection::get() New Host Connection established 0x73a0edf0be90, tid 12949
03-22 22:10:17.630 12891 12949 D HostConnection: HostComposition ext ANDROID_EMU_CHECKSUM_HELPER_v1 ANDROID_EMU_native_sync_v2 ANDROID_EMU_native_sync_v3 ANDROID_EMU_native_sync_v4 ANDROID_EMU_dma_v1 ANDROID_EMU_direct_mem ANDROID_EMU_host_composition_v1 ANDROID_EMU_host_composition_v2 ANDROID_EMU_YUV_Cache ANDROID_EMU_async_unmap_buffer ANDROID_EMU_has_shared_slots_host_memory_allocator ANDROID_EMU_sync_buffer_data GL_OES_EGL_image_external_essl3 GL_OES_vertex_array_object GL_KHR_texture_compression_astc_ldr ANDROID_EMU_host_side_tracing ANDROID_EMU_async_frame_commands ANDROID_EMU_gles_max_version_3_0 
03-22 22:10:17.635 12891 12949 W OpenGLRenderer: Failed to choose config with EGL_SWAP_BEHAVIOR_PRESERVED, retrying without...
03-22 22:10:17.636 12891 12949 W OpenGLRenderer: Failed to initialize 101010-2 format, error = EGL_SUCCESS
03-22 22:10:17.638 12891 12949 D EGL_emulation: eglCreateContext: 0x73a0edf0ad50: maj 3 min 0 rcv 3
03-22 22:10:17.641 12891 12949 D EGL_emulation: eglMakeCurrent: 0x73a0edf0ad50: ver 3 0 (tinfo 0x73a3073d2080) (first time)
03-22 22:10:17.656 12891 12949 I Gralloc4: mapper 4.x is not supported
03-22 22:10:17.659 12891 12949 D HostConnection: createUnique: call
03-22 22:10:17.665 12891 12949 D HostConnection: HostConnection::get() New Host Connection established 0x73a0edf0c6d0, tid 12949
03-22 22:10:17.665 12891 12949 D goldfish-address-space: allocate: Ask for block of size 0x100
03-22 22:10:17.667 12891 12949 D goldfish-address-space: allocate: ioctl allocate returned offset 0x3e3ffe000 size 0x2000
03-22 22:10:17.669 12891 12949 W Gralloc4: allocator 4.x is not supported
03-22 22:10:17.680 12891 12949 D HostConnection: HostComposition ext ANDROID_EMU_CHECKSUM_HELPER_v1 ANDROID_EMU_native_sync_v2 ANDROID_EMU_native_sync_v3 ANDROID_EMU_native_sync_v4 ANDROID_EMU_dma_v1 ANDROID_EMU_direct_mem ANDROID_EMU_host_composition_v1 ANDROID_EMU_host_composition_v2 ANDROID_EMU_YUV_Cache ANDROID_EMU_async_unmap_buffer ANDROID_EMU_has_shared_slots_host_memory_allocator ANDROID_EMU_sync_buffer_data GL_OES_EGL_image_external_essl3 GL_OES_vertex_array_object GL_KHR_texture_compression_astc_ldr ANDROID_EMU_host_side_tracing ANDROID_EMU_async_frame_commands ANDROID_EMU_gles_max_version_3_0 
03-22 22:10:17.898 12891 12922 I Detox   : Detox server connection details: url=ws://localhost:61227, sessionId=5c80875d-e90c-dc44-6a23-5de37f4b02a2
03-22 22:10:17.917 12891 12960 I DetoxDispatcher: Handling action '_init' (ID #0)...
03-22 22:10:17.918 12891 12960 I Detox   : Connecting to server...
03-22 22:10:17.918 12891 12960 I DetoxWSClient: At connectToServer
03-22 22:10:17.938 12891 12962 D DetoxWSClient: At onOpen
03-22 22:10:17.938 12891 12962 I DetoxWSClient: Sending out action 'login' (ID #0)
03-22 22:10:17.939 12891 12962 I Detox   : Connected to server!
03-22 22:10:17.947 12891 12962 D DetoxWSClient: Received action 'loginSuccess' (ID #0, params={"testerConnected":true,"appConnected":true})
03-22 22:10:17.950 12891 12962 D DetoxWSClient: Received action 'isReady' (ID #-1000, params={})
03-22 22:10:17.953 12891 12958 W unknown:ReactContext: initializeMessageQueueThreads() is called.
03-22 22:10:17.961 12891 12891 W unknown:ReactNative: Packager connection already open, nooping.
03-22 22:10:18.033 12891 12966 W unknown:ViewManagerPropertyUpdater: Could not find generated setter for class com.facebook.react.views.drawer.ReactDrawerLayoutManager
03-22 22:10:18.043 12891 12966 W unknown:ViewManagerPropertyUpdater: Could not find generated setter for class com.facebook.react.uimanager.LayoutShadowNode
03-22 22:10:18.047 12891 12966 W unknown:ViewManagerPropertyUpdater: Could not find generated setter for class com.facebook.react.views.scroll.ReactHorizontalScrollViewManager
03-22 22:10:18.053 12891 12966 W unknown:ViewManagerPropertyUpdater: Could not find generated setter for class com.facebook.react.views.scroll.ReactHorizontalScrollContainerViewManager
03-22 22:10:18.054 12891 12966 W unknown:ViewManagerPropertyUpdater: Could not find generated setter for class com.facebook.react.views.progressbar.ReactProgressBarViewManager
03-22 22:10:18.056 12891 12966 W unknown:ViewManagerPropertyUpdater: Could not find generated setter for class com.facebook.react.views.progressbar.ProgressBarShadowNode
03-22 22:10:18.060 12891 12966 W unknown:ViewManagerPropertyUpdater: Could not find generated setter for class com.facebook.react.views.scroll.ReactScrollViewManager
03-22 22:10:18.064 12891 12966 W unknown:ViewManagerPropertyUpdater: Could not find generated setter for class com.facebook.react.views.slider.ReactSliderManager
03-22 22:10:18.067 12891 12966 W unknown:ViewManagerPropertyUpdater: Could not find generated setter for class com.facebook.react.views.slider.ReactSliderManager$ReactSliderShadowNode
03-22 22:10:18.068 12891 12966 W unknown:ViewManagerPropertyUpdater: Could not find generated setter for class com.facebook.react.views.switchview.ReactSwitchManager
03-22 22:10:18.071 12891 12966 W unknown:ViewManagerPropertyUpdater: Could not find generated setter for class com.facebook.react.views.switchview.ReactSwitchManager$ReactSwitchShadowNode
03-22 22:10:18.072 12891 12966 W unknown:ViewManagerPropertyUpdater: Could not find generated setter for class com.facebook.react.views.swiperefresh.SwipeRefreshLayoutManager
03-22 22:10:18.074 12891 12966 W unknown:ViewManagerPropertyUpdater: Could not find generated setter for class com.facebook.react.views.text.frescosupport.FrescoBasedReactTextInlineImageViewManager
03-22 22:10:18.074 12891 12966 W unknown:ViewManagerPropertyUpdater: Could not find generated setter for class com.facebook.react.views.text.frescosupport.FrescoBasedReactTextInlineImageShadowNode
03-22 22:10:18.080 12891 12966 W unknown:ViewManagerPropertyUpdater: Could not find generated setter for class com.facebook.react.views.image.ReactImageManager
03-22 22:10:18.083 12891 12966 W unknown:ViewManagerPropertyUpdater: Could not find generated setter for class com.facebook.react.views.modal.ReactModalHostManager
03-22 22:10:18.085 12891 12966 W unknown:ViewManagerPropertyUpdater: Could not find generated setter for class com.facebook.react.views.modal.ModalHostShadowNode
03-22 22:10:18.086 12891 12966 W unknown:ViewManagerPropertyUpdater: Could not find generated setter for class com.facebook.react.views.text.ReactRawTextManager
03-22 22:10:18.088 12891 12966 W unknown:ViewManagerPropertyUpdater: Could not find generated setter for class com.facebook.react.views.text.ReactRawTextShadowNode
03-22 22:10:18.089 12891 12966 W unknown:ViewManagerPropertyUpdater: Could not find generated setter for class com.facebook.react.views.textinput.ReactTextInputManager
03-22 22:10:18.096 12891 12966 W unknown:ViewManagerPropertyUpdater: Could not find generated setter for class com.facebook.react.views.textinput.ReactTextInputShadowNode
03-22 22:10:18.100 12891 12966 W unknown:ViewManagerPropertyUpdater: Could not find generated setter for class com.facebook.react.views.text.ReactTextViewManager
03-22 22:10:18.103 12891 12966 W unknown:ViewManagerPropertyUpdater: Could not find generated setter for class com.facebook.react.views.text.ReactTextShadowNode
03-22 22:10:18.105 12891 12966 W unknown:ViewManagerPropertyUpdater: Could not find generated setter for class com.facebook.react.views.view.ReactViewManager
03-22 22:10:18.108 12891 12966 W unknown:ViewManagerPropertyUpdater: Could not find generated setter for class com.facebook.react.views.text.ReactVirtualTextViewManager
03-22 22:10:18.108 12891 12966 W unknown:ViewManagerPropertyUpdater: Could not find generated setter for class com.facebook.react.views.text.ReactVirtualTextShadowNode
03-22 22:10:18.111 12891 12966 W unknown:ViewManagerPropertyUpdater: Could not find generated setter for class com.facebook.react.views.unimplementedview.ReactUnimplementedViewManager
03-22 22:10:18.136 12891 12966 W unknown:ReactContext: initializeMessageQueueThreads() is called.
03-22 22:10:18.154 12891 12966 D SoLoader: About to load: libyoga.so
03-22 22:10:18.155 12891 12966 D SoLoader: libyoga.so not found on /data/data/com.detoxsample/lib-main
03-22 22:10:18.155 12891 12966 D SoLoader: libyoga.so found on /data/app/~~44Wcqmo9I4a0SlLEqb4rcw==/com.detoxsample--gJlBUJ94GVDpj6nDj1stg==/lib/x86_64
03-22 22:10:18.155 12891 12966 D SoLoader: Not resolving dependencies for libyoga.so
03-22 22:10:18.158 12891 12966 D SoLoader: Loaded: libyoga.so
03-22 22:10:18.182 12891 12891 I DetoxRNLoading: Got new RN-context async'ly through listener
03-22 22:10:18.185 12891 12960 I DetoxRNIdleRes: Setting up Espresso Idling Resources for React Native
03-22 22:10:18.199 12891 12965 D SoLoader: About to load: libreactnativeblob.so
03-22 22:10:18.199 12891 12965 D SoLoader: libreactnativeblob.so not found on /data/data/com.detoxsample/lib-main
03-22 22:10:18.199 12891 12965 D SoLoader: libreactnativeblob.so found on /data/app/~~44Wcqmo9I4a0SlLEqb4rcw==/com.detoxsample--gJlBUJ94GVDpj6nDj1stg==/lib/x86_64
03-22 22:10:18.200 12891 12965 D SoLoader: Not resolving dependencies for libreactnativeblob.so
03-22 22:10:18.201 12891 12965 D SoLoader: Loaded: libreactnativeblob.so
03-22 22:10:18.223 12891 12960 D AsyncStorageIR: Checking whether a custom IR for Async-Storage is required... (legacy=false)
03-22 22:10:18.224 12891 12960 D DetoxRNHelpers: Native RN module resolution (class com.reactnativecommunity.asyncstorage.AsyncStorageModule): no such class
03-22 22:10:18.224 12891 12960 D AsyncStorageIR: Checking whether a custom IR for Async-Storage is required... (legacy=true)
03-22 22:10:18.230 12891 12960 D AsyncStorageIR: IR for Async-Storage is required! (legacy=true)
03-22 22:10:18.234 12891 12891 D AsyncStorageIRLegacy: Async-storage is busy!
03-22 22:10:18.245 12891 12960 I DetoxDispatcher: Done with action '_init'
03-22 22:10:18.246 12891 12960 I DetoxDispatcher: Handling action 'isReady' (ID #-1000)...
03-22 22:10:18.254 12891 12891 W com.detoxsampl: Accessing hidden method Landroid/os/MessageQueue;->next()Landroid/os/Message; (unsupported, reflection, allowed)
03-22 22:10:18.255 12891 12891 W com.detoxsampl: Accessing hidden field Landroid/os/MessageQueue;->mMessages:Landroid/os/Message; (unsupported, reflection, allowed)
03-22 22:10:18.257 12891 12891 W com.detoxsampl: Accessing hidden method Landroid/os/Message;->recycleUnchecked()V (unsupported, reflection, allowed)
03-22 22:10:18.324 12891 12966 I flipper : flipper: FlipperClient::addPlugin Fresco
03-22 22:10:18.336 12891 12966 I WebViewFactory: Loading com.google.android.webview version 91.0.4472.114 (code 447211487)
03-22 22:10:18.387 12891 12966 W com.detoxsampl: Accessing hidden method Landroid/os/Trace;->isTagEnabled(J)Z (unsupported, reflection, allowed)
03-22 22:10:18.387 12891 12966 W com.detoxsampl: Accessing hidden method Landroid/os/Trace;->traceBegin(JLjava/lang/String;)V (unsupported, reflection, allowed)
03-22 22:10:18.387 12891 12966 W com.detoxsampl: Accessing hidden method Landroid/os/Trace;->traceEnd(J)V (unsupported, reflection, allowed)
03-22 22:10:18.387 12891 12966 W com.detoxsampl: Accessing hidden method Landroid/os/Trace;->asyncTraceBegin(JLjava/lang/String;I)V (unsupported, reflection, allowed)
03-22 22:10:18.387 12891 12966 W com.detoxsampl: Accessing hidden method Landroid/os/Trace;->asyncTraceEnd(JLjava/lang/String;I)V (unsupported, reflection, allowed)
03-22 22:10:18.433 12891 12966 I cr_LibraryLoader: Loaded native library version number "91.0.4472.114"
03-22 22:10:18.435 12891 12966 I cr_CachingUmaRecorder: Flushed 6 samples from 6 histograms.
03-22 22:10:18.462 12891 12965 I ReactNativeJS: Running "DetoxSample" with {"rootTag":1}
03-22 22:10:18.620 12891 12891 D CompatibilityChangeReporter: Compat change id reported: 171228096; UID 10204; state: ENABLED
03-22 22:10:18.623 12891 12891 W com.detoxsampl: Accessing hidden field Landroid/widget/ScrollView;->mScroller:Landroid/widget/OverScroller; (unsupported, reflection, allowed)
03-22 22:10:18.672 12891 12891 I Detox   : Wait is over: app is now idle!
03-22 22:10:18.675 12891 12960 I DetoxWSClient: Sending out action 'ready' (ID #-1000)
03-22 22:10:18.675 12891 12960 I DetoxDispatcher: Done with action 'isReady'
03-22 22:10:18.676 12891 12960 I DetoxDispatcher: Handling action 'loginSuccess' (ID #0)...
03-22 22:10:18.676 12891 12960 I DetoxDispatcher: Done with action 'loginSuccess'
