--------- beginning of main
03-22 17:36:22.628 12198 12293 I DetoxWSClient: Sending out action 'invokeResult' (ID #1)
03-22 17:36:22.629 12198 12293 I DetoxDispatcher: Done with action 'invoke'
03-22 17:36:22.646 12198 12295 D DetoxWSClient: Received action 'invoke' (ID #2, params={"target":{"type":"Class","value":"com.wix.detox.espresso.DetoxAssertion"},"method":"assertMatcher","args":[{"type":"Invocation","value":{"target":{"type":"Class","value":"androidx.test.espresso.Espresso"},"method":"onView","args":[{"type":"Invocation","value":{"target":{"type":"Class","value":"com.wix.detox.espresso.DetoxMatcher"},"method":"matcherForText","args":["Razorpay Initialized"]}}]}},{"type":"Invocation","value":{"target":{"type":"Class","value":"com.wix.detox.espresso.DetoxMatcher"},"method":"matcherForSufficientlyVisible","args":[{"type":"Integer","value":75}]}}]})
03-22 17:36:22.648 12198 12293 I DetoxDispatcher: Handling action 'invoke' (ID #2)...
03-22 17:36:22.649 12198 12293 D Detox   : class com.wix.detox.espresso.DetoxMatcher, matcherForText, [Razorpay Initialized]
03-22 17:36:22.653 12198 12293 D Detox   : class androidx.test.espresso.Espresso, onView, [(an instance of android.widget.TextView and view.getText() with or without transformation to match: is "Razorpay Initialized" and view has effective visibility <VISIBLE>)]
03-22 17:36:22.654 12198 12293 D Detox   : class com.wix.detox.espresso.DetoxMatcher, matcherForSufficientlyVisible, [75]
03-22 17:36:22.656 12198 12293 D Detox   : class com.wix.detox.espresso.DetoxAssertion, assertMatcher, [androidx.test.espresso.ViewInteraction@7f526bf, (view has effective visibility <VISIBLE> and view.getGlobalVisibleRect() covers at least <75> percent of the view's area)]
03-22 17:36:22.671 12198 12198 I ViewInteraction: Checking 'MatchesViewAssertion(Detox){viewMatcher=(view has effective visibility <VISIBLE> and view.getGlobalVisibleRect() covers at least <75> percent of the view's area)}' assertion on view (an instance of android.widget.TextView and view.getText() with or without transformation to match: is "Razorpay Initialized" and view has effective visibility <VISIBLE>)
03-22 17:36:22.673 12198 12293 I DetoxWSClient: Sending out action 'invokeResult' (ID #2)
03-22 17:36:22.677 12198 12293 I DetoxDispatcher: Done with action 'invoke'
03-22 17:36:22.763 12198 12295 D DetoxWSClient: Received action 'invoke' (ID #3, params={"target":{"type":"Class","value":"com.wix.detox.espresso.EspressoDetox"},"method":"perform","args":[{"type":"Invocation","value":{"target":{"type":"Class","value":"androidx.test.espresso.Espresso"},"method":"onView","args":[{"type":"Invocation","value":{"target":{"type":"Class","value":"com.wix.detox.espresso.DetoxMatcher"},"method":"matcherForTestId","args":["cards"]}}]}},{"type":"Invocation","value":{"target":{"type":"Class","value":"com.wix.detox.espresso.DetoxViewActions"},"method":"click","args":[]}}]})
03-22 17:36:22.764 12198 12293 I DetoxDispatcher: Handling action 'invoke' (ID #3)...
03-22 17:36:22.764 12198 12293 D Detox   : class com.wix.detox.espresso.DetoxMatcher, matcherForTestId, [cards]
03-22 17:36:22.764 12198 12293 D Detox   : class androidx.test.espresso.Espresso, onView, [(view.getTag() is "cards" and view has effective visibility <VISIBLE>)]
03-22 17:36:22.765 12198 12293 D Detox   : class com.wix.detox.espresso.DetoxViewActions, click, []
03-22 17:36:22.765 12198 12293 D Detox   : class com.wix.detox.espresso.EspressoDetox, perform, [androidx.test.espresso.ViewInteraction@be9e18c, com.wix.detox.espresso.action.RNClickAction@395e0d5]
03-22 17:36:22.776 12198 12198 I ViewInteraction: Performing 'com.wix.detox.espresso.action.detoxsingletap@b0fd0ea click' action on view (view.getTag() is "cards" and view has effective visibility <VISIBLE>)
03-22 17:36:22.824 12198 12198 I Detox   : UIManagerModule is busy
03-22 17:36:22.847 12198 12281 D EGL_emulation: app_time_stats: avg=48.19ms min=5.60ms max=614.83ms count=28
03-22 17:36:23.992 12198 12293 I DetoxWSClient: Sending out action 'invokeResult' (ID #3)
03-22 17:36:23.992 12198 12293 I DetoxDispatcher: Done with action 'invoke'
03-22 17:36:24.000 12198 12295 D DetoxWSClient: Received action 'invoke' (ID #4, params={"target":{"type":"Class","value":"com.wix.detox.espresso.EspressoDetox"},"method":"perform","args":[{"type":"Invocation","value":{"target":{"type":"Class","value":"androidx.test.espresso.Espresso"},"method":"onView","args":[{"type":"Invocation","value":{"target":{"type":"Class","value":"com.wix.detox.espresso.DetoxMatcher"},"method":"matcherForTestId","args":["cardNumber"]}}]}},{"type":"Invocation","value":{"target":{"type":"Class","value":"androidx.test.espresso.action.ViewActions"},"method":"replaceText","args":["4111111111111111"]}}]})
03-22 17:36:24.000 12198 12293 I DetoxDispatcher: Handling action 'invoke' (ID #4)...
03-22 17:36:24.000 12198 12293 D Detox   : class com.wix.detox.espresso.DetoxMatcher, matcherForTestId, [cardNumber]
03-22 17:36:24.001 12198 12293 D Detox   : class androidx.test.espresso.Espresso, onView, [(view.getTag() is "cardNumber" and view has effective visibility <VISIBLE>)]
03-22 17:36:24.002 12198 12293 D Detox   : class androidx.test.espresso.action.ViewActions, replaceText, [4111111111111111]
03-22 17:36:24.003 12198 12293 D Detox   : class com.wix.detox.espresso.EspressoDetox, perform, [androidx.test.espresso.ViewInteraction@54440d1, androidx.test.espresso.action.ReplaceTextAction@c757736]
03-22 17:36:24.009 12198 12198 I ViewInteraction: Performing 'replace text(4111111111111111)' action on view (view.getTag() is "cardNumber" and view has effective visibility <VISIBLE>)
03-22 17:36:24.027 12198 12293 I DetoxWSClient: Sending out action 'invokeResult' (ID #4)
03-22 17:36:24.028 12198 12293 I DetoxDispatcher: Done with action 'invoke'
03-22 17:36:24.034 12198 12295 D DetoxWSClient: Received action 'invoke' (ID #5, params={"target":{"type":"Class","value":"com.wix.detox.espresso.EspressoDetox"},"method":"perform","args":[{"type":"Invocation","value":{"target":{"type":"Class","value":"androidx.test.espresso.Espresso"},"method":"onView","args":[{"type":"Invocation","value":{"target":{"type":"Class","value":"com.wix.detox.espresso.DetoxMatcher"},"method":"matcherForText","args":["IS CARD VALID"]}}]}},{"type":"Invocation","value":{"target":{"type":"Class","value":"com.wix.detox.espresso.DetoxViewActions"},"method":"click","args":[]}}]})
03-22 17:36:24.035 12198 12293 I DetoxDispatcher: Handling action 'invoke' (ID #5)...
03-22 17:36:24.037 12198 12293 D Detox   : class com.wix.detox.espresso.DetoxMatcher, matcherForText, [IS CARD VALID]
03-22 17:36:24.037 12198 12281 D EGL_emulation: app_time_stats: avg=98.36ms min=2.64ms max=635.41ms count=11
03-22 17:36:24.037 12198 12293 D Detox   : class androidx.test.espresso.Espresso, onView, [(an instance of android.widget.TextView and view.getText() with or without transformation to match: is "IS CARD VALID" and view has effective visibility <VISIBLE>)]
03-22 17:36:24.038 12198 12293 D Detox   : class com.wix.detox.espresso.DetoxViewActions, click, []
03-22 17:36:24.038 12198 12293 D Detox   : class com.wix.detox.espresso.EspressoDetox, perform, [androidx.test.espresso.ViewInteraction@eb8370e, com.wix.detox.espresso.action.RNClickAction@809e52f]
03-22 17:36:24.041 12198 12198 D CompatibilityChangeReporter: Compat change id reported: 163400105; UID 10164; state: DISABLED
03-22 17:36:24.048 12198 12198 I AssistStructure: Flattened final assist data: 4240 bytes, containing 1 windows, 26 views
03-22 17:36:24.071 12198 12198 I Detox   : UIManagerModule is busy
03-22 17:36:24.087 12198 12198 I Detox   : UIManagerModule is busy
03-22 17:36:24.098 12198 12198 I ViewInteraction: Performing 'com.wix.detox.espresso.action.detoxsingletap@f9b4b27 click' action on view (an instance of android.widget.TextView and view.getText() with or without transformation to match: is "IS CARD VALID" and view has effective visibility <VISIBLE>)
03-22 17:36:24.161 12198 12299 I ReactNativeJS: true
03-22 17:36:24.210 12198 12198 I Detox   : UIManagerModule is busy
03-22 17:36:24.605 12198 12293 I DetoxWSClient: Sending out action 'invokeResult' (ID #5)
03-22 17:36:24.606 12198 12293 I DetoxDispatcher: Done with action 'invoke'
03-22 17:36:24.612 12198 12295 D DetoxWSClient: Received action 'invoke' (ID #6, params={"target":{"type":"Class","value":"com.wix.detox.espresso.DetoxAssertion"},"method":"assertMatcher","args":[{"type":"Invocation","value":{"target":{"type":"Class","value":"androidx.test.espresso.Espresso"},"method":"onView","args":[{"type":"Invocation","value":{"target":{"type":"Class","value":"com.wix.detox.espresso.DetoxMatcher"},"method":"matcherForText","args":["Card Validity : true"]}}]}},{"type":"Invocation","value":{"target":{"type":"Class","value":"com.wix.detox.espresso.DetoxMatcher"},"method":"matcherForSufficientlyVisible","args":[{"type":"Integer","value":75}]}}]})
03-22 17:36:24.613 12198 12293 I DetoxDispatcher: Handling action 'invoke' (ID #6)...
03-22 17:36:24.615 12198 12293 D Detox   : class com.wix.detox.espresso.DetoxMatcher, matcherForText, [Card Validity : true]
03-22 17:36:24.616 12198 12293 D Detox   : class androidx.test.espresso.Espresso, onView, [(an instance of android.widget.TextView and view.getText() with or without transformation to match: is "Card Validity : true" and view has effective visibility <VISIBLE>)]
03-22 17:36:24.617 12198 12293 D Detox   : class com.wix.detox.espresso.DetoxMatcher, matcherForSufficientlyVisible, [75]
03-22 17:36:24.620 12198 12293 D Detox   : class com.wix.detox.espresso.DetoxAssertion, assertMatcher, [androidx.test.espresso.ViewInteraction@3557740, (view has effective visibility <VISIBLE> and view.getGlobalVisibleRect() covers at least <75> percent of the view's area)]
03-22 17:36:24.626 12198 12198 I ViewInteraction: Checking 'MatchesViewAssertion(Detox){viewMatcher=(view has effective visibility <VISIBLE> and view.getGlobalVisibleRect() covers at least <75> percent of the view's area)}' assertion on view (an instance of android.widget.TextView and view.getText() with or without transformation to match: is "Card Validity : true" and view has effective visibility <VISIBLE>)
03-22 17:36:24.628 12198 12293 I DetoxWSClient: Sending out action 'invokeResult' (ID #6)
03-22 17:36:24.629 12198 12293 I DetoxDispatcher: Done with action 'invoke'
03-22 17:36:24.639 12198 12295 D DetoxWSClient: Received action 'invoke' (ID #7, params={"target":{"type":"Class","value":"com.wix.detox.espresso.EspressoDetox"},"method":"perform","args":[{"type":"Invocation","value":{"target":{"type":"Class","value":"androidx.test.espresso.Espresso"},"method":"onView","args":[{"type":"Invocation","value":{"target":{"type":"Class","value":"com.wix.detox.espresso.DetoxMatcher"},"method":"matcherForText","args":["GET CARD NETWORK"]}}]}},{"type":"Invocation","value":{"target":{"type":"Class","value":"com.wix.detox.espresso.DetoxViewActions"},"method":"click","args":[]}}]})
03-22 17:36:24.640 12198 12293 I DetoxDispatcher: Handling action 'invoke' (ID #7)...
03-22 17:36:24.640 12198 12293 D Detox   : class com.wix.detox.espresso.DetoxMatcher, matcherForText, [GET CARD NETWORK]
03-22 17:36:24.642 12198 12293 D Detox   : class androidx.test.espresso.Espresso, onView, [(an instance of android.widget.TextView and view.getText() with or without transformation to match: is "GET CARD NETWORK" and view has effective visibility <VISIBLE>)]
03-22 17:36:24.644 12198 12293 D Detox   : class com.wix.detox.espresso.DetoxViewActions, click, []
03-22 17:36:24.645 12198 12293 D Detox   : class com.wix.detox.espresso.EspressoDetox, perform, [androidx.test.espresso.ViewInteraction@1397679, com.wix.detox.espresso.action.RNClickAction@2267fbe]
03-22 17:36:24.652 12198 12198 I ViewInteraction: Performing 'com.wix.detox.espresso.action.detoxsingletap@44781f click' action on view (an instance of android.widget.TextView and view.getText() with or without transformation to match: is "GET CARD NETWORK" and view has effective visibility <VISIBLE>)
03-22 17:36:24.709 12198 12299 I ReactNativeJS: visa
03-22 17:36:24.783 12198 12198 I Detox   : UIManagerModule is busy
03-22 17:36:25.049 12198 12281 D EGL_emulation: app_time_stats: avg=16.68ms min=2.69ms max=85.66ms count=55
03-22 17:36:25.184 12198 12293 I DetoxWSClient: Sending out action 'invokeResult' (ID #7)
03-22 17:36:25.184 12198 12293 I DetoxDispatcher: Done with action 'invoke'
03-22 17:36:25.191 12198 12295 D DetoxWSClient: Received action 'invoke' (ID #8, params={"target":{"type":"Class","value":"com.wix.detox.espresso.DetoxAssertion"},"method":"assertMatcher","args":[{"type":"Invocation","value":{"target":{"type":"Class","value":"androidx.test.espresso.Espresso"},"method":"onView","args":[{"type":"Invocation","value":{"target":{"type":"Class","value":"com.wix.detox.espresso.DetoxMatcher"},"method":"matcherForText","args":["Card Network : visa"]}}]}},{"type":"Invocation","value":{"target":{"type":"Class","value":"com.wix.detox.espresso.DetoxMatcher"},"method":"matcherForSufficientlyVisible","args":[{"type":"Integer","value":75}]}}]})
03-22 17:36:25.191 12198 12293 I DetoxDispatcher: Handling action 'invoke' (ID #8)...
03-22 17:36:25.194 12198 12293 D Detox   : class com.wix.detox.espresso.DetoxMatcher, matcherForText, [Card Network : visa]
03-22 17:36:25.197 12198 12293 D Detox   : class androidx.test.espresso.Espresso, onView, [(an instance of android.widget.TextView and view.getText() with or without transformation to match: is "Card Network : visa" and view has effective visibility <VISIBLE>)]
03-22 17:36:25.197 12198 12293 D Detox   : class com.wix.detox.espresso.DetoxMatcher, matcherForSufficientlyVisible, [75]
03-22 17:36:25.197 12198 12293 D Detox   : class com.wix.detox.espresso.DetoxAssertion, assertMatcher, [androidx.test.espresso.ViewInteraction@42ee58, (view has effective visibility <VISIBLE> and view.getGlobalVisibleRect() covers at least <75> percent of the view's area)]
03-22 17:36:25.207 12198 12198 I ViewInteraction: Checking 'MatchesViewAssertion(Detox){viewMatcher=(view has effective visibility <VISIBLE> and view.getGlobalVisibleRect() covers at least <75> percent of the view's area)}' assertion on view (an instance of android.widget.TextView and view.getText() with or without transformation to match: is "Card Network : visa" and view has effective visibility <VISIBLE>)
03-22 17:36:25.209 12198 12293 I DetoxWSClient: Sending out action 'invokeResult' (ID #8)
03-22 17:36:25.211 12198 12293 I DetoxDispatcher: Done with action 'invoke'
