--------- beginning of main
03-22 22:08:13.074 11863 11863 D CompatibilityChangeReporter: Compat change id reported: 171228096; UID 10200; state: ENABLED
03-22 22:08:13.079 11863 11863 W com.detoxsampl: Accessing hidden field Landroid/widget/ScrollView;->mScroller:Landroid/widget/OverScroller; (unsupported, reflection, allowed)
03-22 22:08:13.136 11863 11863 I Detox   : Wait is over: app is now idle!
03-22 22:08:13.136 11863 11933 I DetoxWSClient: Sending out action 'ready' (ID #-1000)
03-22 22:08:13.136 11863 11933 I DetoxDispatcher: Done with action 'isReady'
03-22 22:08:13.136 11863 11933 I DetoxDispatcher: Handling action 'loginSuccess' (ID #0)...
03-22 22:08:13.137 11863 11933 I DetoxDispatcher: Done with action 'loginSuccess'
03-22 22:08:13.137 11863 11933 I DetoxDispatcher: Handling action 'isReady' (ID #-1000)...
03-22 22:08:13.153 11863 11863 I Detox   : Wait is over: app is now idle!
03-22 22:08:13.154 11863 11933 I DetoxWSClient: Sending out action 'ready' (ID #-1000)
03-22 22:08:13.154 11863 11933 I DetoxDispatcher: Done with action 'isReady'
03-22 22:08:13.216 11863 11937 D DetoxWSClient: Received action 'invoke' (ID #1, params={"target":{"type":"Class","value":"com.wix.detox.espresso.EspressoDetox"},"method":"perform","args":[{"type":"Invocation","value":{"target":{"type":"Class","value":"androidx.test.espresso.Espresso"},"method":"onView","args":[{"type":"Invocation","value":{"target":{"type":"Class","value":"com.wix.detox.espresso.DetoxMatcher"},"method":"matcherForTestId","args":["initRazorpay"]}}]}},{"type":"Invocation","value":{"target":{"type":"Class","value":"com.wix.detox.espresso.DetoxViewActions"},"method":"click","args":[]}}]})
03-22 22:08:13.217 11863 11933 I DetoxDispatcher: Handling action 'invoke' (ID #1)...
03-22 22:08:13.236 11863 11933 D Detox   : class com.wix.detox.espresso.DetoxMatcher, matcherForTestId, [initRazorpay]
03-22 22:08:13.270 11863 11933 D Detox   : class androidx.test.espresso.Espresso, onView, [(view.getTag() is "initRazorpay" and view has effective visibility <VISIBLE>)]
03-22 22:08:13.271 11863 11933 D Detox   : class com.wix.detox.espresso.DetoxViewActions, click, []
03-22 22:08:13.274 11863 11933 W com.detoxsampl: Accessing hidden method Landroid/view/ViewConfiguration;->getDoubleTapMinTime()I (unsupported, reflection, allowed)
03-22 22:08:13.284 11863 11933 D Detox   : class com.wix.detox.espresso.EspressoDetox, perform, [androidx.test.espresso.ViewInteraction@77f187d, com.wix.detox.espresso.action.RNClickAction@841b372]
03-22 22:08:13.306 11863 11863 W com.detoxsampl: Accessing hidden method Landroid/view/WindowManagerGlobal;->getInstance()Landroid/view/WindowManagerGlobal; (unsupported, reflection, allowed)
03-22 22:08:13.309 11863 11863 W com.detoxsampl: Accessing hidden field Landroid/view/WindowManagerGlobal;->mViews:Ljava/util/ArrayList; (unsupported, reflection, allowed)
03-22 22:08:13.310 11863 11863 W com.detoxsampl: Accessing hidden field Landroid/view/WindowManagerGlobal;->mParams:Ljava/util/ArrayList; (unsupported, reflection, allowed)
03-22 22:08:13.321 11863 11863 I ViewInteraction: Performing 'com.wix.detox.espresso.action.detoxsingletap@ee54440 click' action on view (view.getTag() is "initRazorpay" and view has effective visibility <VISIBLE>)
03-22 22:08:13.365 11863 11935 I ReactNativeJS: clicked
03-22 22:08:13.733 11863 11920 D EGL_emulation: app_time_stats: avg=315.74ms min=3.15ms max=862.68ms count=5
03-22 22:08:13.763 11863 11863 I Detox   : AnimatedModule is busy.
03-22 22:08:13.767 11863 11863 I Detox   : AnimatedModule is busy.
03-22 22:08:13.777 11863 11863 I Detox   : AnimatedModule is busy.
03-22 22:08:13.794 11863 11863 I Detox   : AnimatedModule is busy.
03-22 22:08:13.811 11863 11863 I Detox   : AnimatedModule is busy.
03-22 22:08:13.827 11863 11863 I Detox   : AnimatedModule is busy.
03-22 22:08:13.844 11863 11863 I Detox   : AnimatedModule is busy.
03-22 22:08:13.860 11863 11863 I Detox   : AnimatedModule is busy.
03-22 22:08:13.879 11863 11863 I Detox   : AnimatedModule is busy.
03-22 22:08:13.896 11863 11863 I Detox   : AnimatedModule is busy.
03-22 22:08:13.910 11863 11863 I Detox   : AnimatedModule is busy.
03-22 22:08:13.928 11863 11863 I Detox   : AnimatedModule is busy.
03-22 22:08:14.693 11863 11933 I DetoxWSClient: Sending out action 'invokeResult' (ID #1)
03-22 22:08:14.693 11863 11933 I DetoxDispatcher: Done with action 'invoke'
03-22 22:08:14.702 11863 11937 D DetoxWSClient: Received action 'invoke' (ID #2, params={"target":{"type":"Class","value":"com.wix.detox.espresso.DetoxAssertion"},"method":"assertMatcher","args":[{"type":"Invocation","value":{"target":{"type":"Class","value":"androidx.test.espresso.Espresso"},"method":"onView","args":[{"type":"Invocation","value":{"target":{"type":"Class","value":"com.wix.detox.espresso.DetoxMatcher"},"method":"matcherForText","args":["Razorpay Initialized"]}}]}},{"type":"Invocation","value":{"target":{"type":"Class","value":"com.wix.detox.espresso.DetoxMatcher"},"method":"matcherForSufficientlyVisible","args":[{"type":"Integer","value":75}]}}]})
03-22 22:08:14.702 11863 11933 I DetoxDispatcher: Handling action 'invoke' (ID #2)...
03-22 22:08:14.704 11863 11933 D Detox   : class com.wix.detox.espresso.DetoxMatcher, matcherForText, [Razorpay Initialized]
03-22 22:08:14.706 11863 11933 D Detox   : class androidx.test.espresso.Espresso, onView, [(an instance of android.widget.TextView and view.getText() with or without transformation to match: is "Razorpay Initialized" and view has effective visibility <VISIBLE>)]
03-22 22:08:14.706 11863 11933 D Detox   : class com.wix.detox.espresso.DetoxMatcher, matcherForSufficientlyVisible, [75]
03-22 22:08:14.707 11863 11933 D Detox   : class com.wix.detox.espresso.DetoxAssertion, assertMatcher, [androidx.test.espresso.ViewInteraction@be9e18c, (view has effective visibility <VISIBLE> and view.getGlobalVisibleRect() covers at least <75> percent of the view's area)]
03-22 22:08:14.747 11863 11920 D EGL_emulation: app_time_stats: avg=338.00ms min=17.06ms max=979.29ms count=3
03-22 22:08:14.983 11863 11863 I ViewInteraction: Checking 'MatchesViewAssertion(Detox){viewMatcher=(view has effective visibility <VISIBLE> and view.getGlobalVisibleRect() covers at least <75> percent of the view's area)}' assertion on view (an instance of android.widget.TextView and view.getText() with or without transformation to match: is "Razorpay Initialized" and view has effective visibility <VISIBLE>)
03-22 22:08:14.985 11863 11933 I DetoxWSClient: Sending out action 'invokeResult' (ID #2)
03-22 22:08:14.986 11863 11933 I DetoxDispatcher: Done with action 'invoke'
