--------- beginning of main
03-22 00:36:06.050  3657  4032 W com.detoxsampl: Accessing hidden method Landroid/os/Trace;->isTagEnabled(J)Z (greylist, reflection, allowed)
03-22 00:36:06.050  3657  4032 W com.detoxsampl: Accessing hidden method Landroid/os/Trace;->traceBegin(JLjava/lang/String;)V (greylist, reflection, allowed)
03-22 00:36:06.050  3657  4032 W com.detoxsampl: Accessing hidden method Landroid/os/Trace;->traceEnd(J)V (greylist, reflection, allowed)
03-22 00:36:06.050  3657  4032 W com.detoxsampl: Accessing hidden method Landroid/os/Trace;->asyncTraceBegin(JLjava/lang/String;I)V (greylist, reflection, allowed)
03-22 00:36:06.050  3657  4032 W com.detoxsampl: Accessing hidden method Landroid/os/Trace;->asyncTraceEnd(JLjava/lang/String;I)V (greylist, reflection, allowed)
03-22 00:36:06.059  3657  4032 I cr_WVCFactoryProvider: Loaded version=99.0.4844.58 minSdkVersion=29 isBundle=true multiprocess=true packageId=3
03-22 00:36:06.085  3657  4031 I ReactNativeJS: Running "DetoxSample" with {"rootTag":1}
03-22 00:36:06.108  3657  4032 I cr_LibraryLoader: Successfully loaded native library
03-22 00:36:06.112  3657  4032 I cr_CachingUmaRecorder: Flushed 8 samples from 8 histograms.
03-22 00:36:06.296  3657  3657 W com.detoxsampl: Accessing hidden field Landroid/widget/ScrollView;->mScroller:Landroid/widget/OverScroller; (greylist, reflection, allowed)
03-22 00:36:06.369  3657  3657 I Detox   : Wait is over: app is now idle!
03-22 00:36:06.370  3657  3845 I DetoxWSClient: Sending out action 'ready' (ID #-1000)
03-22 00:36:06.370  3657  3845 I DetoxDispatcher: Done with action 'isReady'
03-22 00:36:06.370  3657  3845 I DetoxDispatcher: Handling action 'loginSuccess' (ID #0)...
03-22 00:36:06.370  3657  3845 I DetoxDispatcher: Done with action 'loginSuccess'
03-22 00:36:06.370  3657  3845 I DetoxDispatcher: Handling action 'isReady' (ID #-1000)...
03-22 00:36:06.375  3657  3657 I Detox   : Wait is over: app is now idle!
03-22 00:36:06.375  3657  3845 I DetoxWSClient: Sending out action 'ready' (ID #-1000)
03-22 00:36:06.376  3657  3845 I DetoxDispatcher: Done with action 'isReady'
03-22 00:36:06.394  3657  4108 D SoLoader: About to load: libimagepipeline.so
03-22 00:36:06.395  3657  4108 D SoLoader: libimagepipeline.so not found on /data/data/com.detoxsample/lib-main
03-22 00:36:06.395  3657  4108 D SoLoader: libimagepipeline.so found on /data/app/~~tNcbPFeGYN1F_mq_3wKr_w==/com.detoxsample-0S0ji2wqsK2JxtptfrCDCQ==/lib/arm64
03-22 00:36:06.395  3657  4108 D SoLoader: Not resolving dependencies for libimagepipeline.so
03-22 00:36:06.398  3657  4108 D SoLoader: Loaded: libimagepipeline.so
03-22 00:36:06.471  3657  3847 D DetoxWSClient: Received action 'reactNativeReload' (ID #-1000, params={})
03-22 00:36:06.471  3657  3845 I DetoxDispatcher: Handling action 'reactNativeReload' (ID #-1000)...
03-22 00:36:06.738  3657  3845 I DetoxRNExt: Reloading React Native
03-22 00:36:06.775  3657  3657 I TouchFilterInputStageHelper: [needTouchEventFilter] Displayid : 0
03-22 00:36:06.776  3657  3657 D HandGripFilter: getdisplaysize, x : 1080 y : 2340
03-22 00:36:06.934  3657  3657 W unknown:ReactNative: Packager connection already open, nooping.
03-22 00:36:06.935  3657  4032 E unknown:ReactContextBaseJavaModule: Unhandled SoftException
03-22 00:36:06.935  3657  4032 E unknown:ReactContextBaseJavaModule: java.lang.RuntimeException: Catalyst Instance has already disappeared: requested by DeviceInfo
03-22 00:36:06.935  3657  4032 E unknown:ReactContextBaseJavaModule: 	at com.facebook.react.bridge.ReactContextBaseJavaModule.getReactApplicationContextIfActiveOrWarn(ReactContextBaseJavaModule.java:66)
03-22 00:36:06.935  3657  4032 E unknown:ReactContextBaseJavaModule: 	at com.facebook.react.modules.deviceinfo.DeviceInfoModule.invalidate(DeviceInfoModule.java:114)
03-22 00:36:06.935  3657  4032 E unknown:ReactContextBaseJavaModule: 	at com.facebook.react.bridge.ModuleHolder.destroy(ModuleHolder.java:110)
03-22 00:36:06.935  3657  4032 E unknown:ReactContextBaseJavaModule: 	at com.facebook.react.bridge.NativeModuleRegistry.notifyJSInstanceDestroy(NativeModuleRegistry.java:108)
03-22 00:36:06.935  3657  4032 E unknown:ReactContextBaseJavaModule: 	at com.facebook.react.bridge.CatalystInstanceImpl$1.run(CatalystInstanceImpl.java:368)
03-22 00:36:06.935  3657  4032 E unknown:ReactContextBaseJavaModule: 	at android.os.Handler.handleCallback(Handler.java:938)
03-22 00:36:06.935  3657  4032 E unknown:ReactContextBaseJavaModule: 	at android.os.Handler.dispatchMessage(Handler.java:99)
03-22 00:36:06.935  3657  4032 E unknown:ReactContextBaseJavaModule: 	at com.facebook.react.bridge.queue.MessageQueueThreadHandler.dispatchMessage(MessageQueueThreadHandler.java:27)
03-22 00:36:06.935  3657  4032 E unknown:ReactContextBaseJavaModule: 	at androidx.test.espresso.base.Interrogator.loopAndInterrogate(Interrogator.java:14)
03-22 00:36:06.935  3657  4032 E unknown:ReactContextBaseJavaModule: 	at androidx.test.espresso.base.LooperIdlingResourceInterrogationHandler$2.run(LooperIdlingResourceInterrogationHandler.java:3)
03-22 00:36:06.935  3657  4032 E unknown:ReactContextBaseJavaModule: 	at android.os.Handler.handleCallback(Handler.java:938)
03-22 00:36:06.935  3657  4032 E unknown:ReactContextBaseJavaModule: 	at android.os.Handler.dispatchMessage(Handler.java:99)
03-22 00:36:06.935  3657  4032 E unknown:ReactContextBaseJavaModule: 	at android.os.Looper.loop(Looper.java:223)
03-22 00:36:06.935  3657  4032 E unknown:ReactContextBaseJavaModule: 	at com.facebook.react.bridge.queue.MessageQueueThreadImpl$4.run(MessageQueueThreadImpl.java:226)
03-22 00:36:06.935  3657  4032 E unknown:ReactContextBaseJavaModule: 	at java.lang.Thread.run(Thread.java:923)
03-22 00:36:06.935  3657  4032 E unknown:ReactContextBaseJavaModule: Unhandled SoftException
03-22 00:36:06.935  3657  4032 E unknown:ReactContextBaseJavaModule: java.lang.RuntimeException: Catalyst Instance has already disappeared: requested by AppState
03-22 00:36:06.935  3657  4032 E unknown:ReactContextBaseJavaModule: 	at com.facebook.react.bridge.ReactContextBaseJavaModule.getReactApplicationContextIfActiveOrWarn(ReactContextBaseJavaModule.java:66)
03-22 00:36:06.935  3657  4032 E unknown:ReactContextBaseJavaModule: 	at com.facebook.react.modules.appstate.AppStateModule.invalidate(AppStateModule.java:127)
03-22 00:36:06.935  3657  4032 E unknown:ReactContextBaseJavaModule: 	at com.facebook.react.bridge.ModuleHolder.destroy(ModuleHolder.java:110)
03-22 00:36:06.935  3657  4032 E unknown:ReactContextBaseJavaModule: 	at com.facebook.react.bridge.NativeModuleRegistry.notifyJSInstanceDestroy(NativeModuleRegistry.java:108)
03-22 00:36:06.935  3657  4032 E unknown:ReactContextBaseJavaModule: 	at com.facebook.react.bridge.CatalystInstanceImpl$1.run(CatalystInstanceImpl.java:368)
03-22 00:36:06.935  3657  4032 E unknown:ReactContextBaseJavaModule: 	at android.os.Handler.handleCallback(Handler.java:938)
03-22 00:36:06.935  3657  4032 E unknown:ReactContextBaseJavaModule: 	at android.os.Handler.dispatchMessage(Handler.java:99)
03-22 00:36:06.935  3657  4032 E unknown:ReactContextBaseJavaModule: 	at com.facebook.react.bridge.queue.MessageQueueThreadHandler.dispatchMessage(MessageQueueThreadHandler.java:27)
03-22 00:36:06.935  3657  4032 E unknown:ReactContextBaseJavaModule: 	at androidx.test.espresso.base.Interrogator.loopAndInterrogate(Interrogator.java:14)
03-22 00:36:06.935  3657  4032 E unknown:ReactContextBaseJavaModule: 	at androidx.test.espresso.base.LooperIdlingResourceInterrogationHandler$2.run(LooperIdlingResourceInterrogationHandler.java:3)
03-22 00:36:06.935  3657  4032 E unknown:ReactContextBaseJavaModule: 	at android.os.Handler.handleCallback(Handler.java:938)
03-22 00:36:06.935  3657  4032 E unknown:ReactContextBaseJavaModule: 	at android.os.Handler.dispatchMessage(Handler.java:99)
03-22 00:36:06.935  3657  4032 E unknown:ReactContextBaseJavaModule: 	at android.os.Looper.loop(Looper.java:223)
03-22 00:36:06.935  3657  4032 E unknown:ReactContextBaseJavaModule: 	at com.facebook.react.bridge.queue.MessageQueueThreadImpl$4.run(MessageQueueThreadImpl.java:226)
03-22 00:36:06.935  3657  4032 E unknown:ReactContextBaseJavaModule: 	at java.lang.Thread.run(Thread.java:923)
03-22 00:36:06.935  3657  4032 E unknown:ReactContextBaseJavaModule: Unhandled SoftException
03-22 00:36:06.935  3657  4032 E unknown:ReactContextBaseJavaModule: java.lang.RuntimeException: Catalyst Instance has already disappeared: requested by NativeAnimatedModule
03-22 00:36:06.935  3657  4032 E unknown:ReactContextBaseJavaModule: 	at com.facebook.react.bridge.ReactContextBaseJavaModule.getReactApplicationContextIfActiveOrWarn(ReactContextBaseJavaModule.java:66)
03-22 00:36:06.935  3657  4032 E unknown:ReactContextBaseJavaModule: 	at com.facebook.react.animated.NativeAnimatedModule.invalidate(NativeAnimatedModule.java:897)
03-22 00:36:06.935  3657  4032 E unknown:ReactContextBaseJavaModule: 	at com.facebook.react.bridge.ModuleHolder.destroy(ModuleHolder.java:110)
03-22 00:36:06.935  3657  4032 E unknown:ReactContextBaseJavaModule: 	at com.facebook.react.bridge.NativeModuleRegistry.notifyJSInstanceDestroy(NativeModuleRegistry.java:108)
03-22 00:36:06.935  3657  4032 E unknown:ReactContextBaseJavaModule: 	at com.facebook.react.bridge.CatalystInstanceImpl$1.run(CatalystInstanceImpl.java:368)
03-22 00:36:06.935  3657  4032 E unknown:ReactContextBaseJavaModule: 	at android.os.Handler.handleCallback(Handler.java:938)
03-22 00:36:06.935  3657  4032 E unknown:ReactContextBaseJavaModule: 	at android.os.Handler.dispatchMessage(Handler.java:99)
03-22 00:36:06.935  3657  4032 E unknown:ReactContextBaseJavaModule: 	at com.facebook.react.bridge.queue.MessageQueueThreadHandler.dispatchMessage(MessageQueueThreadHandler.java:27)
03-22 00:36:06.935  3657  4032 E unknown:ReactContextBaseJavaModule: 	at androidx.test.espresso.base.Interrogator.loopAndInterrogate(Interrogator.java:14)
03-22 00:36:06.935  3657  4032 E unknown:ReactContextBaseJavaModule: 	at androidx.test.espresso.base.LooperIdlingResourceInterrogationHandler$2.run(LooperIdlingResourceInterrogationHandler.java:3)
03-22 00:36:06.935  3657  4032 E unknown:ReactContextBaseJavaModule: 	at android.os.Handler.handleCallback(Handler.java:938)
03-22 00:36:06.935  3657  4032 E unknown:ReactContextBaseJavaModule: 	at android.os.Handler.dispatchMessage(Handler.java:99)
03-22 00:36:06.935  3657  4032 E unknown:ReactContextBaseJavaModule: 	at android.os.Looper.loop(Looper.java:223)
03-22 00:36:06.935  3657  4032 E unknown:ReactContextBaseJavaModule: 	at com.facebook.react.bridge.queue.MessageQueueThreadImpl$4.run(MessageQueueThreadImpl.java:226)
03-22 00:36:06.935  3657  4032 E unknown:ReactContextBaseJavaModule: 	at java.lang.Thread.run(Thread.java:923)
03-22 00:36:06.936  3657  4032 E unknown:ReactContextBaseJavaModule: Unhandled SoftException
03-22 00:36:06.936  3657  4032 E unknown:ReactContextBaseJavaModule: java.lang.RuntimeException: Catalyst Instance has already disappeared: requested by FrescoModule
03-22 00:36:06.936  3657  4032 E unknown:ReactContextBaseJavaModule: 	at com.facebook.react.bridge.ReactContextBaseJavaModule.getReactApplicationContextIfActiveOrWarn(ReactContextBaseJavaModule.java:66)
03-22 00:36:06.936  3657  4032 E unknown:ReactContextBaseJavaModule: 	at com.facebook.react.modules.fresco.FrescoModule.invalidate(FrescoModule.java:202)
03-22 00:36:06.936  3657  4032 E unknown:ReactContextBaseJavaModule: 	at com.facebook.react.bridge.ModuleHolder.destroy(ModuleHolder.java:110)
03-22 00:36:06.936  3657  4032 E unknown:ReactContextBaseJavaModule: 	at com.facebook.react.bridge.NativeModuleRegistry.notifyJSInstanceDestroy(NativeModuleRegistry.java:108)
03-22 00:36:06.936  3657  4032 E unknown:ReactContextBaseJavaModule: 	at com.facebook.react.bridge.CatalystInstanceImpl$1.run(CatalystInstanceImpl.java:368)
03-22 00:36:06.936  3657  4032 E unknown:ReactContextBaseJavaModule: 	at android.os.Handler.handleCallback(Handler.java:938)
03-22 00:36:06.936  3657  4032 E unknown:ReactContextBaseJavaModule: 	at android.os.Handler.dispatchMessage(Handler.java:99)
03-22 00:36:06.936  3657  4032 E unknown:ReactContextBaseJavaModule: 	at com.facebook.react.bridge.queue.MessageQueueThreadHandler.dispatchMessage(MessageQueueThreadHandler.java:27)
03-22 00:36:06.936  3657  4032 E unknown:ReactContextBaseJavaModule: 	at androidx.test.espresso.base.Interrogator.loopAndInterrogate(Interrogator.java:14)
03-22 00:36:06.936  3657  4032 E unknown:ReactContextBaseJavaModule: 	at androidx.test.espresso.base.LooperIdlingResourceInterrogationHandler$2.run(LooperIdlingResourceInterrogationHandler.java:3)
03-22 00:36:06.936  3657  4032 E unknown:ReactContextBaseJavaModule: 	at android.os.Handler.handleCallback(Handler.java:938)
03-22 00:36:06.936  3657  4032 E unknown:ReactContextBaseJavaModule: 	at android.os.Handler.dispatchMessage(Handler.java:99)
03-22 00:36:06.936  3657  4032 E unknown:ReactContextBaseJavaModule: 	at android.os.Looper.loop(Looper.java:223)
03-22 00:36:06.936  3657  4032 E unknown:ReactContextBaseJavaModule: 	at com.facebook.react.bridge.queue.MessageQueueThreadImpl$4.run(MessageQueueThreadImpl.java:226)
03-22 00:36:06.936  3657  4032 E unknown:ReactContextBaseJavaModule: 	at java.lang.Thread.run(Thread.java:923)
03-22 00:36:06.944  3657  3657 E unknown:ReactInstanceManager: destroyRootView called
03-22 00:36:06.944  3657  3657 E unknown:ReactInstanceManager: destroyRootView called, unmountReactApplication
03-22 00:36:06.954  3657  4193 W unknown:ReactContext: initializeMessageQueueThreads() is called.
03-22 00:36:06.957  3657  3657 W unknown:ReactNative: Packager connection already open, nooping.
03-22 00:36:06.959  3657  4196 W unknown:ViewManagerPropertyUpdater: Could not find generated setter for class com.facebook.react.views.drawer.ReactDrawerLayoutManager
03-22 00:36:06.963  3657  4196 W unknown:ViewManagerPropertyUpdater: Could not find generated setter for class com.facebook.react.uimanager.LayoutShadowNode
03-22 00:36:06.966  3657  4196 W unknown:ViewManagerPropertyUpdater: Could not find generated setter for class com.facebook.react.views.scroll.ReactHorizontalScrollViewManager
03-22 00:36:06.968  3657  4196 W unknown:ViewManagerPropertyUpdater: Could not find generated setter for class com.facebook.react.views.scroll.ReactHorizontalScrollContainerViewManager
03-22 00:36:06.969  3657  4196 W unknown:ViewManagerPropertyUpdater: Could not find generated setter for class com.facebook.react.views.progressbar.ReactProgressBarViewManager
03-22 00:36:06.970  3657  4196 W unknown:ViewManagerPropertyUpdater: Could not find generated setter for class com.facebook.react.views.progressbar.ProgressBarShadowNode
03-22 00:36:06.971  3657  4196 W unknown:ViewManagerPropertyUpdater: Could not find generated setter for class com.facebook.react.views.scroll.ReactScrollViewManager
03-22 00:36:06.975  3657  4196 W unknown:ViewManagerPropertyUpdater: Could not find generated setter for class com.facebook.react.views.slider.ReactSliderManager
03-22 00:36:06.976  3657  4196 W unknown:ViewManagerPropertyUpdater: Could not find generated setter for class com.facebook.react.views.slider.ReactSliderManager$ReactSliderShadowNode
03-22 00:36:06.977  3657  4196 W unknown:ViewManagerPropertyUpdater: Could not find generated setter for class com.facebook.react.views.switchview.ReactSwitchManager
03-22 00:36:06.978  3657  4196 W unknown:ViewManagerPropertyUpdater: Could not find generated setter for class com.facebook.react.views.switchview.ReactSwitchManager$ReactSwitchShadowNode
03-22 00:36:06.979  3657  4196 W unknown:ViewManagerPropertyUpdater: Could not find generated setter for class com.facebook.react.views.swiperefresh.SwipeRefreshLayoutManager
03-22 00:36:06.980  3657  4196 W unknown:ViewManagerPropertyUpdater: Could not find generated setter for class com.facebook.react.views.text.frescosupport.FrescoBasedReactTextInlineImageViewManager
03-22 00:36:06.981  3657  4196 W unknown:ViewManagerPropertyUpdater: Could not find generated setter for class com.facebook.react.views.text.frescosupport.FrescoBasedReactTextInlineImageShadowNode
03-22 00:36:06.981  3657  4196 W unknown:ViewManagerPropertyUpdater: Could not find generated setter for class com.facebook.react.views.image.ReactImageManager
03-22 00:36:06.983  3657  4196 W unknown:ViewManagerPropertyUpdater: Could not find generated setter for class com.facebook.react.views.modal.ReactModalHostManager
03-22 00:36:06.983  3657  4196 W unknown:ViewManagerPropertyUpdater: Could not find generated setter for class com.facebook.react.views.modal.ModalHostShadowNode
03-22 00:36:06.984  3657  4196 W unknown:ViewManagerPropertyUpdater: Could not find generated setter for class com.facebook.react.views.text.ReactRawTextManager
03-22 00:36:06.984  3657  4196 W unknown:ViewManagerPropertyUpdater: Could not find generated setter for class com.facebook.react.views.text.ReactRawTextShadowNode
03-22 00:36:06.984  3657  4196 W unknown:ViewManagerPropertyUpdater: Could not find generated setter for class com.facebook.react.views.textinput.ReactTextInputManager
03-22 00:36:06.986  3657  4196 W unknown:ViewManagerPropertyUpdater: Could not find generated setter for class com.facebook.react.views.textinput.ReactTextInputShadowNode
03-22 00:36:06.988  3657  4196 W unknown:ViewManagerPropertyUpdater: Could not find generated setter for class com.facebook.react.views.text.ReactTextViewManager
03-22 00:36:06.989  3657  4196 W unknown:ViewManagerPropertyUpdater: Could not find generated setter for class com.facebook.react.views.text.ReactTextShadowNode
03-22 00:36:06.989  3657  4196 W unknown:ViewManagerPropertyUpdater: Could not find generated setter for class com.facebook.react.views.view.ReactViewManager
03-22 00:36:06.991  3657  4196 W unknown:ViewManagerPropertyUpdater: Could not find generated setter for class com.facebook.react.views.text.ReactVirtualTextViewManager
03-22 00:36:06.992  3657  4196 W unknown:ViewManagerPropertyUpdater: Could not find generated setter for class com.facebook.react.views.text.ReactVirtualTextShadowNode
03-22 00:36:06.992  3657  4196 W unknown:ViewManagerPropertyUpdater: Could not find generated setter for class com.facebook.react.views.unimplementedview.ReactUnimplementedViewManager
03-22 00:36:06.993  3657  4196 W unknown:ReactContext: initializeMessageQueueThreads() is called.
03-22 00:36:06.994  3657  3657 I DetoxRNLoading: Got new RN-context async'ly through listener
03-22 00:36:06.994  3657  3845 I DetoxRNIdleRes: Setting up Espresso Idling Resources for React Native
03-22 00:36:06.997  3657  3845 D AsyncStorageIR: Checking whether a custom IR for Async-Storage is required... (legacy=false)
03-22 00:36:06.998  3657  3845 D DetoxRNHelpers: Native RN module resolution (class com.reactnativecommunity.asyncstorage.AsyncStorageModule): no such class
03-22 00:36:06.998  3657  3845 D AsyncStorageIR: Checking whether a custom IR for Async-Storage is required... (legacy=true)
03-22 00:36:06.998  3657  3845 D AsyncStorageIR: IR for Async-Storage is required! (legacy=true)
03-22 00:36:07.000  3657  3657 D AsyncStorageIRLegacy: Async-storage is busy!
03-22 00:36:07.001  3657  3845 I DetoxWSClient: Sending out action 'ready' (ID #-1000)
03-22 00:36:07.001  3657  3845 I DetoxDispatcher: Done with action 'reactNativeReload'
03-22 00:36:07.012  3657  3847 D DetoxWSClient: Received action 'invoke' (ID #1, params={"target":{"type":"Class","value":"com.wix.detox.espresso.DetoxAssertion"},"method":"assertMatcher","args":[{"type":"Invocation","value":{"target":{"type":"Class","value":"androidx.test.espresso.Espresso"},"method":"onView","args":[{"type":"Invocation","value":{"target":{"type":"Class","value":"com.wix.detox.espresso.DetoxMatcher"},"method":"matcherForText","args":["Step One"]}}]}},{"type":"Invocation","value":{"target":{"type":"Class","value":"com.wix.detox.espresso.DetoxMatcher"},"method":"matcherForSufficientlyVisible","args":[{"type":"Integer","value":75}]}}]})
03-22 00:36:07.013  3657  3845 I DetoxDispatcher: Handling action 'invoke' (ID #1)...
03-22 00:36:07.017  3657  3845 D Detox   : class com.wix.detox.espresso.DetoxMatcher, matcherForText, [Step One]
03-22 00:36:07.023  3657  3845 D Detox   : class androidx.test.espresso.Espresso, onView, [(an instance of android.widget.TextView and view.getText() with or without transformation to match: is "Step One" and view has effective visibility <VISIBLE>)]
03-22 00:36:07.023  3657  3845 D Detox   : class com.wix.detox.espresso.DetoxMatcher, matcherForSufficientlyVisible, [75]
03-22 00:36:07.025  3657  3845 D Detox   : class com.wix.detox.espresso.DetoxAssertion, assertMatcher, [androidx.test.espresso.ViewInteraction@c429394, (view has effective visibility <VISIBLE> and view.getGlobalVisibleRect() covers at least <75> percent of the view's area)]
03-22 00:36:07.206  3657  4195 I ReactNativeJS: Running "DetoxSample" with {"rootTag":11}
03-22 00:36:07.395  3657  3657 W com.detoxsampl: Accessing hidden method Landroid/view/WindowManagerGlobal;->getInstance()Landroid/view/WindowManagerGlobal; (greylist, reflection, allowed)
03-22 00:36:07.395  3657  3657 W com.detoxsampl: Accessing hidden field Landroid/view/WindowManagerGlobal;->mViews:Ljava/util/ArrayList; (greylist, reflection, allowed)
03-22 00:36:07.395  3657  3657 W com.detoxsampl: Accessing hidden field Landroid/view/WindowManagerGlobal;->mParams:Ljava/util/ArrayList; (greylist, reflection, allowed)
03-22 00:36:07.397  3657  4082 E unknown:ReactContextBaseJavaModule: Unhandled SoftException
03-22 00:36:07.397  3657  4082 E unknown:ReactContextBaseJavaModule: java.lang.RuntimeException: Catalyst Instance has already disappeared: requested by WebSocketModule
03-22 00:36:07.397  3657  4082 E unknown:ReactContextBaseJavaModule: 	at com.facebook.react.bridge.ReactContextBaseJavaModule.getReactApplicationContextIfActiveOrWarn(ReactContextBaseJavaModule.java:66)
03-22 00:36:07.397  3657  4082 E unknown:ReactContextBaseJavaModule: 	at com.facebook.react.modules.websocket.WebSocketModule.sendEvent(WebSocketModule.java:62)
03-22 00:36:07.397  3657  4082 E unknown:ReactContextBaseJavaModule: 	at com.facebook.react.modules.websocket.WebSocketModule.access$100(WebSocketModule.java:40)
03-22 00:36:07.397  3657  4082 E unknown:ReactContextBaseJavaModule: 	at com.facebook.react.modules.websocket.WebSocketModule$1.onMessage(WebSocketModule.java:190)
03-22 00:36:07.397  3657  4082 E unknown:ReactContextBaseJavaModule: 	at okhttp3.internal.ws.RealWebSocket.onReadMessage(RealWebSocket.kt:333)
03-22 00:36:07.397  3657  4082 E unknown:ReactContextBaseJavaModule: 	at okhttp3.internal.ws.WebSocketReader.readMessageFrame(WebSocketReader.kt:245)
03-22 00:36:07.397  3657  4082 E unknown:ReactContextBaseJavaModule: 	at okhttp3.internal.ws.WebSocketReader.processNextFrame(WebSocketReader.kt:106)
03-22 00:36:07.397  3657  4082 E unknown:ReactContextBaseJavaModule: 	at okhttp3.internal.ws.RealWebSocket.loopReader(RealWebSocket.kt:293)
03-22 00:36:07.397  3657  4082 E unknown:ReactContextBaseJavaModule: 	at okhttp3.internal.ws.RealWebSocket$connect$1.onResponse(RealWebSocket.kt:195)
03-22 00:36:07.397  3657  4082 E unknown:ReactContextBaseJavaModule: 	at okhttp3.internal.connection.RealCall$AsyncCall.run(RealCall.kt:519)
03-22 00:36:07.397  3657  4082 E unknown:ReactContextBaseJavaModule: 	at java.util.concurrent.ThreadPoolExecutor.runWorker(ThreadPoolExecutor.java:1167)
03-22 00:36:07.397  3657  4082 E unknown:ReactContextBaseJavaModule: 	at java.util.concurrent.ThreadPoolExecutor$Worker.run(ThreadPoolExecutor.java:641)
03-22 00:36:07.397  3657  4082 E unknown:ReactContextBaseJavaModule: 	at java.lang.Thread.run(Thread.java:923)
03-22 00:36:07.399  3657  3657 I ViewInteraction: Checking 'MatchesViewAssertion(Detox){viewMatcher=(view has effective visibility <VISIBLE> and view.getGlobalVisibleRect() covers at least <75> percent of the view's area)}' assertion on view (an instance of android.widget.TextView and view.getText() with or without transformation to match: is "Step One" and view has effective visibility <VISIBLE>)
03-22 00:36:07.401  3657  3845 I DetoxWSClient: Sending out action 'invokeResult' (ID #1)
03-22 00:36:07.401  3657  3845 I DetoxDispatcher: Done with action 'invoke'
03-22 00:36:07.405  3657  4082 E unknown:ReactContextBaseJavaModule: Unhandled SoftException
03-22 00:36:07.405  3657  4082 E unknown:ReactContextBaseJavaModule: java.lang.RuntimeException: Catalyst Instance has already disappeared: requested by WebSocketModule
03-22 00:36:07.405  3657  4082 E unknown:ReactContextBaseJavaModule: 	at com.facebook.react.bridge.ReactContextBaseJavaModule.getReactApplicationContextIfActiveOrWarn(ReactContextBaseJavaModule.java:66)
03-22 00:36:07.405  3657  4082 E unknown:ReactContextBaseJavaModule: 	at com.facebook.react.modules.websocket.WebSocketModule.sendEvent(WebSocketModule.java:62)
03-22 00:36:07.405  3657  4082 E unknown:ReactContextBaseJavaModule: 	at com.facebook.react.modules.websocket.WebSocketModule.access$100(WebSocketModule.java:40)
03-22 00:36:07.405  3657  4082 E unknown:ReactContextBaseJavaModule: 	at com.facebook.react.modules.websocket.WebSocketModule$1.onMessage(WebSocketModule.java:190)
03-22 00:36:07.405  3657  4082 E unknown:ReactContextBaseJavaModule: 	at okhttp3.internal.ws.RealWebSocket.onReadMessage(RealWebSocket.kt:333)
03-22 00:36:07.405  3657  4082 E unknown:ReactContextBaseJavaModule: 	at okhttp3.internal.ws.WebSocketReader.readMessageFrame(WebSocketReader.kt:245)
03-22 00:36:07.405  3657  4082 E unknown:ReactContextBaseJavaModule: 	at okhttp3.internal.ws.WebSocketReader.processNextFrame(WebSocketReader.kt:106)
03-22 00:36:07.405  3657  4082 E unknown:ReactContextBaseJavaModule: 	at okhttp3.internal.ws.RealWebSocket.loopReader(RealWebSocket.kt:293)
03-22 00:36:07.405  3657  4082 E unknown:ReactContextBaseJavaModule: 	at okhttp3.internal.ws.RealWebSocket$connect$1.onResponse(RealWebSocket.kt:195)
03-22 00:36:07.405  3657  4082 E unknown:ReactContextBaseJavaModule: 	at okhttp3.internal.connection.RealCall$AsyncCall.run(RealCall.kt:519)
03-22 00:36:07.405  3657  4082 E unknown:ReactContextBaseJavaModule: 	at java.util.concurrent.ThreadPoolExecutor.runWorker(ThreadPoolExecutor.java:1167)
03-22 00:36:07.405  3657  4082 E unknown:ReactContextBaseJavaModule: 	at java.util.concurrent.ThreadPoolExecutor$Worker.run(ThreadPoolExecutor.java:641)
03-22 00:36:07.405  3657  4082 E unknown:ReactContextBaseJavaModule: 	at java.lang.Thread.run(Thread.java:923)
03-22 00:36:07.407  3657  4082 E unknown:ReactContextBaseJavaModule: Unhandled SoftException
03-22 00:36:07.407  3657  4082 E unknown:ReactContextBaseJavaModule: java.lang.RuntimeException: Catalyst Instance has already disappeared: requested by WebSocketModule
03-22 00:36:07.407  3657  4082 E unknown:ReactContextBaseJavaModule: 	at com.facebook.react.bridge.ReactContextBaseJavaModule.getReactApplicationContextIfActiveOrWarn(ReactContextBaseJavaModule.java:66)
03-22 00:36:07.407  3657  4082 E unknown:ReactContextBaseJavaModule: 	at com.facebook.react.modules.websocket.WebSocketModule.sendEvent(WebSocketModule.java:62)
03-22 00:36:07.407  3657  4082 E unknown:ReactContextBaseJavaModule: 	at com.facebook.react.modules.websocket.WebSocketModule.access$100(WebSocketModule.java:40)
03-22 00:36:07.407  3657  4082 E unknown:ReactContextBaseJavaModule: 	at com.facebook.react.modules.websocket.WebSocketModule$1.onMessage(WebSocketModule.java:190)
03-22 00:36:07.407  3657  4082 E unknown:ReactContextBaseJavaModule: 	at okhttp3.internal.ws.RealWebSocket.onReadMessage(RealWebSocket.kt:333)
03-22 00:36:07.407  3657  4082 E unknown:ReactContextBaseJavaModule: 	at okhttp3.internal.ws.WebSocketReader.readMessageFrame(WebSocketReader.kt:245)
03-22 00:36:07.407  3657  4082 E unknown:ReactContextBaseJavaModule: 	at okhttp3.internal.ws.WebSocketReader.processNextFrame(WebSocketReader.kt:106)
03-22 00:36:07.407  3657  4082 E unknown:ReactContextBaseJavaModule: 	at okhttp3.internal.ws.RealWebSocket.loopReader(RealWebSocket.kt:293)
03-22 00:36:07.407  3657  4082 E unknown:ReactContextBaseJavaModule: 	at okhttp3.internal.ws.RealWebSocket$connect$1.onResponse(RealWebSocket.kt:195)
03-22 00:36:07.407  3657  4082 E unknown:ReactContextBaseJavaModule: 	at okhttp3.internal.connection.RealCall$AsyncCall.run(RealCall.kt:519)
03-22 00:36:07.407  3657  4082 E unknown:ReactContextBaseJavaModule: 	at java.util.concurrent.ThreadPoolExecutor.runWorker(ThreadPoolExecutor.java:1167)
03-22 00:36:07.407  3657  4082 E unknown:ReactContextBaseJavaModule: 	at java.util.concurrent.ThreadPoolExecutor$Worker.run(ThreadPoolExecutor.java:641)
03-22 00:36:07.407  3657  4082 E unknown:ReactContextBaseJavaModule: 	at java.lang.Thread.run(Thread.java:923)
