--------- beginning of main
03-22 18:31:55.521 17060 17060 I com.detoxsampl: Late-enabling -Xcheck:jni
03-22 18:31:55.538 17060 17060 W com.detoxsampl: Unexpected CPU variant for X86 using defaults: x86_64
03-22 18:31:55.580 17060 17060 D CompatibilityChangeReporter: Compat change id reported: 171979766; UID 10178; state: DISABLED
--------- beginning of system
03-22 18:31:55.591 17060 17060 W ActivityThread: Package uses different ABI(s) than its instrumentation: package[com.detoxsample]: x86_64, null instrumentation[com.detoxsample.test]: null, null
03-22 18:31:55.782 17060 17060 V GraphicsEnvironment: ANGLE Developer option for 'com.detoxsample' set to: 'default'
03-22 18:31:55.783 17060 17060 V GraphicsEnvironment: ANGLE GameManagerService for com.detoxsample: false
03-22 18:31:55.783 17060 17060 V GraphicsEnvironment: Neither updatable production driver nor prerelease driver is supported.
03-22 18:31:55.790 17060 17060 D ApplicationLoaders: Returning zygote-cached class loader: /system/framework/android.test.base.jar
03-22 18:31:55.794 17060 17060 D ApplicationLoaders: Returning zygote-cached class loader: /system/framework/android.test.base.jar
03-22 18:31:56.016 17060 17060 D NetworkSecurityConfig: Using Network Security Config from resource network_security_config debugBuild: true
03-22 18:31:56.020 17060 17060 D NetworkSecurityConfig: Using Network Security Config from resource network_security_config debugBuild: true
03-22 18:31:56.031 17060 17060 I MonitoringInstr: Instrumentation started!
03-22 18:31:56.121 17060 17060 V TestEventClient: No service name argument was given (testDiscoveryService, testRunEventService or orchestratorService)
03-22 18:31:56.128 17060 17060 D SoLoader: init start
03-22 18:31:56.130 17060 17060 D SoLoader: adding system library source: /vendor/lib64
03-22 18:31:56.131 17060 17060 D SoLoader: adding system library source: /system/lib64
03-22 18:31:56.133 17060 17060 D SoLoader: adding application source: com.facebook.soloader.DirectorySoSource[root = /data/app/~~TiBpoYjn2QDkGNprb-9Uhw==/com.detoxsample-S43lLQRxOLb3qr0vk7Xbsg==/lib/x86_64 flags = 0]
03-22 18:31:56.136 17060 17060 D SoLoader: adding backup source from : com.facebook.soloader.ApkSoSource[root = /data/data/com.detoxsample/lib-main flags = 1]
03-22 18:31:56.136 17060 17060 D SoLoader: Preparing SO source: com.facebook.soloader.DirectorySoSource[root = /system/lib64 flags = 2]
03-22 18:31:56.137 17060 17060 D SoLoader: Preparing SO source: com.facebook.soloader.DirectorySoSource[root = /vendor/lib64 flags = 2]
03-22 18:31:56.137 17060 17060 D SoLoader: Preparing SO source: com.facebook.soloader.DirectorySoSource[root = /data/app/~~TiBpoYjn2QDkGNprb-9Uhw==/com.detoxsample-S43lLQRxOLb3qr0vk7Xbsg==/lib/x86_64 flags = 0]
03-22 18:31:56.137 17060 17060 D SoLoader: Preparing SO source: com.facebook.soloader.ApkSoSource[root = /data/data/com.detoxsample/lib-main flags = 1]
03-22 18:31:56.139 17060 17060 V fb-UnpackingSoSource: locked dso store /data/user/0/com.detoxsample/lib-main
03-22 18:31:56.140 17060 17060 V fb-UnpackingSoSource: deps mismatch on deps store: regenerating
03-22 18:31:56.140 17060 17060 V fb-UnpackingSoSource: so store dirty: regenerating
03-22 18:31:56.221 17060 17060 D ApkSoSource: not allowing consideration of lib/x86_64/libbetter.so: deferring to libdir
03-22 18:31:56.221 17060 17060 D ApkSoSource: not allowing consideration of lib/x86_64/libc++_shared.so: deferring to libdir
03-22 18:31:56.221 17060 17060 D ApkSoSource: not allowing consideration of lib/x86_64/libevent-2.1.so: deferring to libdir
03-22 18:31:56.222 17060 17060 D ApkSoSource: not allowing consideration of lib/x86_64/libevent_core-2.1.so: deferring to libdir
03-22 18:31:56.224 17060 17060 D ApkSoSource: not allowing consideration of lib/x86_64/libevent_extra-2.1.so: deferring to libdir
03-22 18:31:56.225 17060 17060 D ApkSoSource: not allowing consideration of lib/x86_64/libfabricjni.so: deferring to libdir
03-22 18:31:56.226 17060 17060 D ApkSoSource: not allowing consideration of lib/x86_64/libfb.so: deferring to libdir
03-22 18:31:56.228 17060 17060 D ApkSoSource: not allowing consideration of lib/x86_64/libfbjni.so: deferring to libdir
03-22 18:31:56.228 17060 17060 D ApkSoSource: not allowing consideration of lib/x86_64/libflipper.so: deferring to libdir
03-22 18:31:56.230 17060 17060 D ApkSoSource: not allowing consideration of lib/x86_64/libfolly_futures.so: deferring to libdir
03-22 18:31:56.231 17060 17060 D ApkSoSource: not allowing consideration of lib/x86_64/libfolly_json.so: deferring to libdir
03-22 18:31:56.232 17060 17060 D ApkSoSource: not allowing consideration of lib/x86_64/libglog.so: deferring to libdir
03-22 18:31:56.232 17060 17060 D ApkSoSource: not allowing consideration of lib/x86_64/libglog_init.so: deferring to libdir
03-22 18:31:56.233 17060 17060 D ApkSoSource: not allowing consideration of lib/x86_64/libimagepipeline.so: deferring to libdir
03-22 18:31:56.234 17060 17060 D ApkSoSource: not allowing consideration of lib/x86_64/libjsc.so: deferring to libdir
03-22 18:31:56.235 17060 17060 D ApkSoSource: not allowing consideration of lib/x86_64/libjscexecutor.so: deferring to libdir
03-22 18:31:56.235 17060 17060 D ApkSoSource: not allowing consideration of lib/x86_64/libjsi.so: deferring to libdir
03-22 18:31:56.236 17060 17060 D ApkSoSource: not allowing consideration of lib/x86_64/libjsijniprofiler.so: deferring to libdir
03-22 18:31:56.237 17060 17060 D ApkSoSource: not allowing consideration of lib/x86_64/libjsinspector.so: deferring to libdir
03-22 18:31:56.238 17060 17060 D ApkSoSource: not allowing consideration of lib/x86_64/liblogger.so: deferring to libdir
03-22 18:31:56.238 17060 17060 D ApkSoSource: not allowing consideration of lib/x86_64/libmapbufferjni.so: deferring to libdir
03-22 18:31:56.238 17060 17060 D ApkSoSource: not allowing consideration of lib/x86_64/libnative-filters.so: deferring to libdir
03-22 18:31:56.239 17060 17060 D ApkSoSource: not allowing consideration of lib/x86_64/libnative-imagetranscoder.so: deferring to libdir
03-22 18:31:56.239 17060 17060 D ApkSoSource: not allowing consideration of lib/x86_64/libreact_codegen_rncore.so: deferring to libdir
03-22 18:31:56.239 17060 17060 D ApkSoSource: not allowing consideration of lib/x86_64/libreact_debug.so: deferring to libdir
03-22 18:31:56.240 17060 17060 D ApkSoSource: not allowing consideration of lib/x86_64/libreact_nativemodule_core.so: deferring to libdir
03-22 18:31:56.240 17060 17060 D ApkSoSource: not allowing consideration of lib/x86_64/libreact_render_animations.so: deferring to libdir
03-22 18:31:56.241 17060 17060 D ApkSoSource: not allowing consideration of lib/x86_64/libreact_render_attributedstring.so: deferring to libdir
03-22 18:31:56.242 17060 17060 D ApkSoSource: not allowing consideration of lib/x86_64/libreact_render_componentregistry.so: deferring to libdir
03-22 18:31:56.243 17060 17060 D ApkSoSource: not allowing consideration of lib/x86_64/libreact_render_core.so: deferring to libdir
03-22 18:31:56.243 17060 17060 D ApkSoSource: not allowing consideration of lib/x86_64/libreact_render_debug.so: deferring to libdir
03-22 18:31:56.244 17060 17060 D ApkSoSource: not allowing consideration of lib/x86_64/libreact_render_graphics.so: deferring to libdir
03-22 18:31:56.244 17060 17060 D ApkSoSource: not allowing consideration of lib/x86_64/libreact_render_imagemanager.so: deferring to libdir
03-22 18:31:56.244 17060 17060 D ApkSoSource: not allowing consideration of lib/x86_64/libreact_render_leakchecker.so: deferring to libdir
03-22 18:31:56.244 17060 17060 D ApkSoSource: not allowing consideration of lib/x86_64/libreact_render_mapbuffer.so: deferring to libdir
03-22 18:31:56.244 17060 17060 D ApkSoSource: not allowing consideration of lib/x86_64/libreact_render_mounting.so: deferring to libdir
03-22 18:31:56.244 17060 17060 D ApkSoSource: not allowing consideration of lib/x86_64/libreact_render_runtimescheduler.so: deferring to libdir
03-22 18:31:56.244 17060 17060 D ApkSoSource: not allowing consideration of lib/x86_64/libreact_render_scheduler.so: deferring to libdir
03-22 18:31:56.244 17060 17060 D ApkSoSource: not allowing consideration of lib/x86_64/libreact_render_telemetry.so: deferring to libdir
03-22 18:31:56.245 17060 17060 D ApkSoSource: not allowing consideration of lib/x86_64/libreact_render_templateprocessor.so: deferring to libdir
03-22 18:31:56.245 17060 17060 D ApkSoSource: not allowing consideration of lib/x86_64/libreact_render_textlayoutmanager.so: deferring to libdir
03-22 18:31:56.245 17060 17060 D ApkSoSource: not allowing consideration of lib/x86_64/libreact_render_uimanager.so: deferring to libdir
03-22 18:31:56.245 17060 17060 D ApkSoSource: not allowing consideration of lib/x86_64/libreact_utils.so: deferring to libdir
03-22 18:31:56.246 17060 17060 D ApkSoSource: not allowing consideration of lib/x86_64/libreactconfig.so: deferring to libdir
03-22 18:31:56.246 17060 17060 D ApkSoSource: not allowing consideration of lib/x86_64/libreactnativeblob.so: deferring to libdir
03-22 18:31:56.246 17060 17060 D ApkSoSource: not allowing consideration of lib/x86_64/libreactnativejni.so: deferring to libdir
03-22 18:31:56.246 17060 17060 D ApkSoSource: not allowing consideration of lib/x86_64/libreactnativeutilsjni.so: deferring to libdir
03-22 18:31:56.247 17060 17060 D ApkSoSource: not allowing consideration of lib/x86_64/libreactperfloggerjni.so: deferring to libdir
03-22 18:31:56.247 17060 17060 D ApkSoSource: not allowing consideration of lib/x86_64/librrc_image.so: deferring to libdir
03-22 18:31:56.247 17060 17060 D ApkSoSource: not allowing consideration of lib/x86_64/librrc_modal.so: deferring to libdir
03-22 18:31:56.247 17060 17060 D ApkSoSource: not allowing consideration of lib/x86_64/librrc_progressbar.so: deferring to libdir
03-22 18:31:56.247 17060 17060 D ApkSoSource: not allowing consideration of lib/x86_64/librrc_root.so: deferring to libdir
03-22 18:31:56.248 17060 17060 D ApkSoSource: not allowing consideration of lib/x86_64/librrc_scrollview.so: deferring to libdir
03-22 18:31:56.248 17060 17060 D ApkSoSource: not allowing consideration of lib/x86_64/librrc_slider.so: deferring to libdir
03-22 18:31:56.248 17060 17060 D ApkSoSource: not allowing consideration of lib/x86_64/librrc_switch.so: deferring to libdir
03-22 18:31:56.248 17060 17060 D ApkSoSource: not allowing consideration of lib/x86_64/librrc_text.so: deferring to libdir
03-22 18:31:56.248 17060 17060 D ApkSoSource: not allowing consideration of lib/x86_64/librrc_textinput.so: deferring to libdir
03-22 18:31:56.248 17060 17060 D ApkSoSource: not allowing consideration of lib/x86_64/librrc_unimplementedview.so: deferring to libdir
03-22 18:31:56.249 17060 17060 D ApkSoSource: not allowing consideration of lib/x86_64/librrc_view.so: deferring to libdir
03-22 18:31:56.249 17060 17060 D ApkSoSource: not allowing consideration of lib/x86_64/libturbomodulejsijni.so: deferring to libdir
03-22 18:31:56.249 17060 17060 D ApkSoSource: not allowing consideration of lib/x86_64/libyoga.so: deferring to libdir
03-22 18:31:56.250 17060 17060 V fb-UnpackingSoSource: regenerating DSO store com.facebook.soloader.ApkSoSource
03-22 18:31:56.251 17060 17060 V fb-UnpackingSoSource: Finished regenerating DSO store com.facebook.soloader.ApkSoSource
03-22 18:31:56.252 17060 17060 V fb-UnpackingSoSource: starting syncer worker
03-22 18:31:56.266 17060 17060 V fb-UnpackingSoSource: releasing dso store lock for /data/user/0/com.detoxsample/lib-main (from syncer thread)
03-22 18:31:56.266 17060 17060 V fb-UnpackingSoSource: not releasing dso store lock for /data/user/0/com.detoxsample/lib-main (syncer thread started)
03-22 18:31:56.266 17060 17060 D SoLoader: init finish: 4 SO sources prepared
03-22 18:31:56.266 17060 17060 D SoLoader: init exiting
03-22 18:31:56.297 17060 17060 D SoLoader: init exiting
03-22 18:31:56.300 17060 17060 D SoLoader: About to load: libjscexecutor.so
03-22 18:31:56.300 17060 17060 D SoLoader: libjscexecutor.so not found on /data/data/com.detoxsample/lib-main
03-22 18:31:56.301 17060 17060 D SoLoader: libjscexecutor.so found on /data/app/~~TiBpoYjn2QDkGNprb-9Uhw==/com.detoxsample-S43lLQRxOLb3qr0vk7Xbsg==/lib/x86_64
03-22 18:31:56.301 17060 17060 D SoLoader: Not resolving dependencies for libjscexecutor.so
03-22 18:31:56.312 17060 17060 D JavaScriptCore.Version: 250230.2.1
03-22 18:31:56.312 17060 17060 D SoLoader: Loaded: libjscexecutor.so
03-22 18:31:56.322 17060 17060 D SoLoader: init exiting
03-22 18:31:56.627 17060 17103 D SoLoader: About to load: libfbjni.so
03-22 18:31:56.628 17060 17103 D SoLoader: libfbjni.so not found on /data/data/com.detoxsample/lib-main
03-22 18:31:56.628 17060 17103 D SoLoader: libfbjni.so found on /data/app/~~TiBpoYjn2QDkGNprb-9Uhw==/com.detoxsample-S43lLQRxOLb3qr0vk7Xbsg==/lib/x86_64
03-22 18:31:56.628 17060 17103 D SoLoader: Not resolving dependencies for libfbjni.so
03-22 18:31:56.630 17060 17103 D SoLoader: Loaded: libfbjni.so
03-22 18:31:56.631 17060 17103 D SoLoader: About to load: libflipper.so
03-22 18:31:56.632 17060 17103 D SoLoader: libflipper.so not found on /data/data/com.detoxsample/lib-main
03-22 18:31:56.632 17060 17103 D SoLoader: libflipper.so found on /data/app/~~TiBpoYjn2QDkGNprb-9Uhw==/com.detoxsample-S43lLQRxOLb3qr0vk7Xbsg==/lib/x86_64
03-22 18:31:56.632 17060 17103 D SoLoader: Not resolving dependencies for libflipper.so
03-22 18:31:56.649 17060 17103 D SoLoader: Loaded: libflipper.so
03-22 18:31:56.679 17060 17060 W com.detoxsampl: Accessing hidden field Landroid/view/View;->mKeyedTags:Landroid/util/SparseArray; (unsupported, reflection, allowed)
03-22 18:31:56.680 17060 17060 W com.detoxsampl: Accessing hidden field Landroid/view/View;->mListenerInfo:Landroid/view/View$ListenerInfo; (unsupported, reflection, allowed)
03-22 18:31:56.681 17060 17060 W com.detoxsampl: Accessing hidden field Landroid/view/View$ListenerInfo;->mOnClickListener:Landroid/view/View$OnClickListener; (unsupported, reflection, allowed)
03-22 18:31:56.703 17060 17060 I flipper : flipper: FlipperClient::addPlugin Inspector
03-22 18:31:56.703 17060 17060 I flipper : flipper: FlipperClient::addPlugin React
03-22 18:31:56.709 17060 17060 I flipper : flipper: FlipperClient::addPlugin Databases
03-22 18:31:56.712 17060 17060 I flipper : flipper: FlipperClient::addPlugin Preferences
03-22 18:31:56.713 17060 17060 I flipper : flipper: FlipperClient::addPlugin CrashReporter
03-22 18:31:56.721 17060 17060 I flipper : flipper: FlipperClient::addPlugin Network
03-22 18:31:56.745 17060 17095 I UsageTrackerFacilitator: Usage tracking enabled
03-22 18:31:56.751 17060 17095 I TestRequestBuilder: Scanning classpath to find tests in paths [/data/app/~~frwo_UsEHQZhfE3yU0mgpw==/com.detoxsample.test-pR3j8R0BrM8lqbqOpO-U0Q==/base.apk]
03-22 18:31:56.752 17060 17095 W com.detoxsampl: Opening an oat file without a class loader. Are you using the deprecated DexFile APIs?
03-22 18:31:57.385 17060 17095 D TestExecutor: Adding listener androidx.test.internal.runner.listener.LogRunListener
03-22 18:31:57.386 17060 17095 D TestExecutor: Adding listener androidx.test.internal.runner.listener.InstrumentationResultPrinter
03-22 18:31:57.386 17060 17095 D TestExecutor: Adding listener androidx.test.internal.runner.listener.ActivityFinisherRunListener
03-22 18:31:57.388 17060 17095 I TestRunner: run started: 1 tests
03-22 18:31:57.395 17060 17095 I TestRunner: started: runDetoxTests(com.detoxsample.DetoxTest)
03-22 18:31:57.443 17060 17095 D EventInjectionStrategy: Creating injection strategy with input manager.
03-22 18:31:57.443 17060 17095 W com.detoxsampl: Accessing hidden method Landroid/hardware/input/InputManager;->getInstance()Landroid/hardware/input/InputManager; (unsupported, reflection, allowed)
03-22 18:31:57.443 17060 17095 W com.detoxsampl: Accessing hidden method Landroid/hardware/input/InputManager;->injectInputEvent(Landroid/view/InputEvent;I)Z (unsupported, reflection, allowed)
03-22 18:31:57.443 17060 17095 W com.detoxsampl: Accessing hidden field Landroid/hardware/input/InputManager;->INJECT_INPUT_EVENT_MODE_WAIT_FOR_FINISH:I (unsupported, reflection, allowed)
03-22 18:31:57.464 17060 17095 W com.detoxsampl: Accessing hidden field Ljava/lang/reflect/Field;->accessFlags:I (unsupported, reflection, allowed)
03-22 18:31:57.523 17060 17123 D libEGL  : loaded /vendor/lib64/egl/libEGL_emulation.so
03-22 18:31:57.525 17060 17123 D libEGL  : loaded /vendor/lib64/egl/libGLESv1_CM_emulation.so
03-22 18:31:57.531 17060 17123 D libEGL  : loaded /vendor/lib64/egl/libGLESv2_emulation.so
03-22 18:31:57.622 17060 17069 I com.detoxsampl: Background young concurrent copying GC freed 169128(11MB) AllocSpace objects, 3(76KB) LOS objects, 85% free, 4171KB/28MB, paused 11.490ms,95us total 83.918ms
03-22 18:31:57.662 17060 17060 D LifecycleMonitor: Lifecycle status change: com.detoxsample.MainActivity@95c1cf5 in: PRE_ON_CREATE
03-22 18:31:57.722 17060 17108 D SoLoader: About to load: libreactnativejni.so
03-22 18:31:57.722 17060 17108 D SoLoader: libreactnativejni.so not found on /data/data/com.detoxsample/lib-main
03-22 18:31:57.723 17060 17108 D SoLoader: libreactnativejni.so found on /data/app/~~TiBpoYjn2QDkGNprb-9Uhw==/com.detoxsample-S43lLQRxOLb3qr0vk7Xbsg==/lib/x86_64
03-22 18:31:57.723 17060 17108 D SoLoader: Not resolving dependencies for libreactnativejni.so
03-22 18:31:57.726 17060 17108 D SoLoader: Loaded: libreactnativejni.so
03-22 18:31:57.776 17060 17060 W com.detoxsampl: Accessing hidden method Landroid/view/View;->computeFitSystemWindows(Landroid/graphics/Rect;Landroid/graphics/Rect;)Z (unsupported, reflection, allowed)
03-22 18:31:57.777 17060 17060 W com.detoxsampl: Accessing hidden method Landroid/view/ViewGroup;->makeOptionalFitsSystemWindows()V (unsupported, reflection, allowed)
03-22 18:31:57.794 17060 17060 D LifecycleMonitor: Lifecycle status change: com.detoxsample.MainActivity@95c1cf5 in: CREATED
03-22 18:31:57.796 17060 17060 D LifecycleMonitor: Lifecycle status change: com.detoxsample.MainActivity@95c1cf5 in: STARTED
03-22 18:31:57.798 17060 17060 D LifecycleMonitor: Lifecycle status change: com.detoxsample.MainActivity@95c1cf5 in: RESUMED
03-22 18:31:57.831 17060 17060 W unknown:ReactNative: Packager connection already open, nooping.
03-22 18:31:57.900 17060 17121 D HostConnection: createUnique: call
03-22 18:31:57.902 17060 17121 D HostConnection: HostConnection::get() New Host Connection established 0x73a0edf0b4d0, tid 17121
03-22 18:31:57.915 17060 17121 D HostConnection: HostComposition ext ANDROID_EMU_CHECKSUM_HELPER_v1 ANDROID_EMU_native_sync_v2 ANDROID_EMU_native_sync_v3 ANDROID_EMU_native_sync_v4 ANDROID_EMU_dma_v1 ANDROID_EMU_direct_mem ANDROID_EMU_host_composition_v1 ANDROID_EMU_host_composition_v2 ANDROID_EMU_YUV_Cache ANDROID_EMU_async_unmap_buffer ANDROID_EMU_has_shared_slots_host_memory_allocator ANDROID_EMU_sync_buffer_data GL_OES_EGL_image_external_essl3 GL_OES_vertex_array_object GL_KHR_texture_compression_astc_ldr ANDROID_EMU_host_side_tracing ANDROID_EMU_async_frame_commands ANDROID_EMU_gles_max_version_3_0 
03-22 18:31:57.925 17060 17121 W OpenGLRenderer: Failed to choose config with EGL_SWAP_BEHAVIOR_PRESERVED, retrying without...
03-22 18:31:57.926 17060 17121 W OpenGLRenderer: Failed to initialize 101010-2 format, error = EGL_SUCCESS
03-22 18:31:57.927 17060 17121 D EGL_emulation: eglCreateContext: 0x73a0edf0bdd0: maj 3 min 0 rcv 3
03-22 18:31:57.929 17060 17121 D EGL_emulation: eglMakeCurrent: 0x73a0edf0bdd0: ver 3 0 (tinfo 0x73a3073d2080) (first time)
03-22 18:31:57.942 17060 17121 I Gralloc4: mapper 4.x is not supported
03-22 18:31:57.946 17060 17121 D HostConnection: createUnique: call
03-22 18:31:57.946 17060 17121 D HostConnection: HostConnection::get() New Host Connection established 0x73a0edf0b590, tid 17121
03-22 18:31:57.947 17060 17121 D goldfish-address-space: allocate: Ask for block of size 0x100
03-22 18:31:57.947 17060 17121 D goldfish-address-space: allocate: ioctl allocate returned offset 0x3e3ffe000 size 0x2000
03-22 18:31:57.949 17060 17121 W Gralloc4: allocator 4.x is not supported
03-22 18:31:57.961 17060 17121 D HostConnection: HostComposition ext ANDROID_EMU_CHECKSUM_HELPER_v1 ANDROID_EMU_native_sync_v2 ANDROID_EMU_native_sync_v3 ANDROID_EMU_native_sync_v4 ANDROID_EMU_dma_v1 ANDROID_EMU_direct_mem ANDROID_EMU_host_composition_v1 ANDROID_EMU_host_composition_v2 ANDROID_EMU_YUV_Cache ANDROID_EMU_async_unmap_buffer ANDROID_EMU_has_shared_slots_host_memory_allocator ANDROID_EMU_sync_buffer_data GL_OES_EGL_image_external_essl3 GL_OES_vertex_array_object GL_KHR_texture_compression_astc_ldr ANDROID_EMU_host_side_tracing ANDROID_EMU_async_frame_commands ANDROID_EMU_gles_max_version_3_0 
03-22 18:31:58.168 17060 17095 I Detox   : Detox server connection details: url=ws://localhost:57423, sessionId=0394262e-c304-5a08-ac8f-ec2f3d497f7d
03-22 18:31:58.190 17060 17132 I DetoxDispatcher: Handling action '_init' (ID #0)...
03-22 18:31:58.190 17060 17132 I Detox   : Connecting to server...
03-22 18:31:58.190 17060 17132 I DetoxWSClient: At connectToServer
03-22 18:31:58.214 17060 17134 D DetoxWSClient: At onOpen
03-22 18:31:58.214 17060 17134 I DetoxWSClient: Sending out action 'login' (ID #0)
03-22 18:31:58.217 17060 17134 I Detox   : Connected to server!
03-22 18:31:58.225 17060 17134 D DetoxWSClient: Received action 'loginSuccess' (ID #0, params={"testerConnected":true,"appConnected":true})
03-22 18:31:58.227 17060 17134 D DetoxWSClient: Received action 'isReady' (ID #-1000, params={})
03-22 18:31:58.264 17060 17131 W unknown:ReactContext: initializeMessageQueueThreads() is called.
03-22 18:31:58.273 17060 17060 W unknown:ReactNative: Packager connection already open, nooping.
03-22 18:31:58.341 17060 17136 W unknown:ViewManagerPropertyUpdater: Could not find generated setter for class com.facebook.react.views.drawer.ReactDrawerLayoutManager
03-22 18:31:58.350 17060 17136 W unknown:ViewManagerPropertyUpdater: Could not find generated setter for class com.facebook.react.uimanager.LayoutShadowNode
03-22 18:31:58.353 17060 17136 W unknown:ViewManagerPropertyUpdater: Could not find generated setter for class com.facebook.react.views.scroll.ReactHorizontalScrollViewManager
03-22 18:31:58.357 17060 17136 W unknown:ViewManagerPropertyUpdater: Could not find generated setter for class com.facebook.react.views.scroll.ReactHorizontalScrollContainerViewManager
03-22 18:31:58.357 17060 17136 W unknown:ViewManagerPropertyUpdater: Could not find generated setter for class com.facebook.react.views.progressbar.ReactProgressBarViewManager
03-22 18:31:58.359 17060 17136 W unknown:ViewManagerPropertyUpdater: Could not find generated setter for class com.facebook.react.views.progressbar.ProgressBarShadowNode
03-22 18:31:58.363 17060 17136 W unknown:ViewManagerPropertyUpdater: Could not find generated setter for class com.facebook.react.views.scroll.ReactScrollViewManager
03-22 18:31:58.367 17060 17136 W unknown:ViewManagerPropertyUpdater: Could not find generated setter for class com.facebook.react.views.slider.ReactSliderManager
03-22 18:31:58.368 17060 17136 W unknown:ViewManagerPropertyUpdater: Could not find generated setter for class com.facebook.react.views.slider.ReactSliderManager$ReactSliderShadowNode
03-22 18:31:58.368 17060 17136 W unknown:ViewManagerPropertyUpdater: Could not find generated setter for class com.facebook.react.views.switchview.ReactSwitchManager
03-22 18:31:58.370 17060 17136 W unknown:ViewManagerPropertyUpdater: Could not find generated setter for class com.facebook.react.views.switchview.ReactSwitchManager$ReactSwitchShadowNode
03-22 18:31:58.371 17060 17136 W unknown:ViewManagerPropertyUpdater: Could not find generated setter for class com.facebook.react.views.swiperefresh.SwipeRefreshLayoutManager
03-22 18:31:58.373 17060 17136 W unknown:ViewManagerPropertyUpdater: Could not find generated setter for class com.facebook.react.views.text.frescosupport.FrescoBasedReactTextInlineImageViewManager
03-22 18:31:58.373 17060 17136 W unknown:ViewManagerPropertyUpdater: Could not find generated setter for class com.facebook.react.views.text.frescosupport.FrescoBasedReactTextInlineImageShadowNode
03-22 18:31:58.376 17060 17136 W unknown:ViewManagerPropertyUpdater: Could not find generated setter for class com.facebook.react.views.image.ReactImageManager
03-22 18:31:58.378 17060 17136 W unknown:ViewManagerPropertyUpdater: Could not find generated setter for class com.facebook.react.views.modal.ReactModalHostManager
03-22 18:31:58.380 17060 17136 W unknown:ViewManagerPropertyUpdater: Could not find generated setter for class com.facebook.react.views.modal.ModalHostShadowNode
03-22 18:31:58.380 17060 17136 W unknown:ViewManagerPropertyUpdater: Could not find generated setter for class com.facebook.react.views.text.ReactRawTextManager
03-22 18:31:58.381 17060 17136 W unknown:ViewManagerPropertyUpdater: Could not find generated setter for class com.facebook.react.views.text.ReactRawTextShadowNode
03-22 18:31:58.381 17060 17136 W unknown:ViewManagerPropertyUpdater: Could not find generated setter for class com.facebook.react.views.textinput.ReactTextInputManager
03-22 18:31:58.385 17060 17136 W unknown:ViewManagerPropertyUpdater: Could not find generated setter for class com.facebook.react.views.textinput.ReactTextInputShadowNode
03-22 18:31:58.388 17060 17136 W unknown:ViewManagerPropertyUpdater: Could not find generated setter for class com.facebook.react.views.text.ReactTextViewManager
03-22 18:31:58.390 17060 17136 W unknown:ViewManagerPropertyUpdater: Could not find generated setter for class com.facebook.react.views.text.ReactTextShadowNode
03-22 18:31:58.391 17060 17136 W unknown:ViewManagerPropertyUpdater: Could not find generated setter for class com.facebook.react.views.view.ReactViewManager
03-22 18:31:58.394 17060 17136 W unknown:ViewManagerPropertyUpdater: Could not find generated setter for class com.facebook.react.views.text.ReactVirtualTextViewManager
03-22 18:31:58.395 17060 17136 W unknown:ViewManagerPropertyUpdater: Could not find generated setter for class com.facebook.react.views.text.ReactVirtualTextShadowNode
03-22 18:31:58.396 17060 17136 W unknown:ViewManagerPropertyUpdater: Could not find generated setter for class com.facebook.react.views.unimplementedview.ReactUnimplementedViewManager
03-22 18:31:58.417 17060 17136 W unknown:ReactContext: initializeMessageQueueThreads() is called.
03-22 18:31:58.431 17060 17136 D SoLoader: About to load: libyoga.so
03-22 18:31:58.431 17060 17136 D SoLoader: libyoga.so not found on /data/data/com.detoxsample/lib-main
03-22 18:31:58.432 17060 17136 D SoLoader: libyoga.so found on /data/app/~~TiBpoYjn2QDkGNprb-9Uhw==/com.detoxsample-S43lLQRxOLb3qr0vk7Xbsg==/lib/x86_64
03-22 18:31:58.432 17060 17136 D SoLoader: Not resolving dependencies for libyoga.so
03-22 18:31:58.433 17060 17136 D SoLoader: Loaded: libyoga.so
03-22 18:31:58.450 17060 17060 I DetoxRNLoading: Got new RN-context async'ly through listener
03-22 18:31:58.457 17060 17132 I DetoxRNIdleRes: Setting up Espresso Idling Resources for React Native
03-22 18:31:58.505 17060 17132 D AsyncStorageIR: Checking whether a custom IR for Async-Storage is required... (legacy=false)
03-22 18:31:58.508 17060 17132 D DetoxRNHelpers: Native RN module resolution (class com.reactnativecommunity.asyncstorage.AsyncStorageModule): no such class
03-22 18:31:58.508 17060 17132 D AsyncStorageIR: Checking whether a custom IR for Async-Storage is required... (legacy=true)
03-22 18:31:58.514 17060 17132 D AsyncStorageIR: IR for Async-Storage is required! (legacy=true)
03-22 18:31:58.532 17060 17060 D AsyncStorageIRLegacy: Async-storage is busy!
03-22 18:31:58.545 17060 17132 I DetoxDispatcher: Done with action '_init'
03-22 18:31:58.549 17060 17132 I DetoxDispatcher: Handling action 'isReady' (ID #-1000)...
03-22 18:31:58.554 17060 17135 D SoLoader: About to load: libreactnativeblob.so
03-22 18:31:58.554 17060 17135 D SoLoader: libreactnativeblob.so not found on /data/data/com.detoxsample/lib-main
03-22 18:31:58.555 17060 17135 D SoLoader: libreactnativeblob.so found on /data/app/~~TiBpoYjn2QDkGNprb-9Uhw==/com.detoxsample-S43lLQRxOLb3qr0vk7Xbsg==/lib/x86_64
03-22 18:31:58.555 17060 17135 D SoLoader: Not resolving dependencies for libreactnativeblob.so
03-22 18:31:58.560 17060 17135 D SoLoader: Loaded: libreactnativeblob.so
03-22 18:31:58.567 17060 17060 W com.detoxsampl: Accessing hidden method Landroid/os/MessageQueue;->next()Landroid/os/Message; (unsupported, reflection, allowed)
03-22 18:31:58.567 17060 17060 W com.detoxsampl: Accessing hidden field Landroid/os/MessageQueue;->mMessages:Landroid/os/Message; (unsupported, reflection, allowed)
03-22 18:31:58.568 17060 17060 W com.detoxsampl: Accessing hidden method Landroid/os/Message;->recycleUnchecked()V (unsupported, reflection, allowed)
03-22 18:31:58.605 17060 17136 I flipper : flipper: FlipperClient::addPlugin Fresco
03-22 18:31:58.623 17060 17136 I WebViewFactory: Loading com.google.android.webview version 91.0.4472.114 (code 447211487)
03-22 18:31:58.666 17060 17136 W com.detoxsampl: Accessing hidden method Landroid/os/Trace;->isTagEnabled(J)Z (unsupported, reflection, allowed)
03-22 18:31:58.667 17060 17136 W com.detoxsampl: Accessing hidden method Landroid/os/Trace;->traceBegin(JLjava/lang/String;)V (unsupported, reflection, allowed)
03-22 18:31:58.667 17060 17136 W com.detoxsampl: Accessing hidden method Landroid/os/Trace;->traceEnd(J)V (unsupported, reflection, allowed)
03-22 18:31:58.668 17060 17136 W com.detoxsampl: Accessing hidden method Landroid/os/Trace;->asyncTraceBegin(JLjava/lang/String;I)V (unsupported, reflection, allowed)
03-22 18:31:58.668 17060 17136 W com.detoxsampl: Accessing hidden method Landroid/os/Trace;->asyncTraceEnd(JLjava/lang/String;I)V (unsupported, reflection, allowed)
03-22 18:31:58.692 17060 17136 I cr_LibraryLoader: Loaded native library version number "91.0.4472.114"
03-22 18:31:58.693 17060 17136 I cr_CachingUmaRecorder: Flushed 4 samples from 4 histograms.
03-22 18:31:58.797 17060 17135 I ReactNativeJS: Running "DetoxSample" with {"rootTag":1}
03-22 18:31:58.952 17060 17060 D CompatibilityChangeReporter: Compat change id reported: 171228096; UID 10178; state: ENABLED
03-22 18:31:58.953 17060 17060 W com.detoxsampl: Accessing hidden field Landroid/widget/ScrollView;->mScroller:Landroid/widget/OverScroller; (unsupported, reflection, allowed)
03-22 18:31:58.993 17060 17060 I Detox   : Wait is over: app is now idle!
03-22 18:31:58.993 17060 17132 I DetoxWSClient: Sending out action 'ready' (ID #-1000)
03-22 18:31:58.993 17060 17132 I DetoxDispatcher: Done with action 'isReady'
03-22 18:31:58.993 17060 17132 I DetoxDispatcher: Handling action 'loginSuccess' (ID #0)...
03-22 18:31:58.993 17060 17132 I DetoxDispatcher: Done with action 'loginSuccess'
03-22 18:31:58.994 17060 17132 I DetoxDispatcher: Handling action 'isReady' (ID #-1000)...
03-22 18:31:59.007 17060 17060 I Detox   : Wait is over: app is now idle!
03-22 18:31:59.008 17060 17132 I DetoxWSClient: Sending out action 'ready' (ID #-1000)
03-22 18:31:59.010 17060 17132 I DetoxDispatcher: Done with action 'isReady'
