--------- beginning of main
03-22 17:22:28.080  9731  9731 I com.detoxsampl: Late-enabling -Xcheck:jni
03-22 17:22:28.096  9731  9731 W com.detoxsampl: Unexpected CPU variant for X86 using defaults: x86_64
03-22 17:22:28.149  9731  9731 D CompatibilityChangeReporter: Compat change id reported: 171979766; UID 10158; state: DISABLED
--------- beginning of system
03-22 17:22:28.167  9731  9731 W ActivityThread: Package uses different ABI(s) than its instrumentation: package[com.detoxsample]: x86_64, null instrumentation[com.detoxsample.test]: null, null
03-22 17:22:28.343  9731  9731 V GraphicsEnvironment: ANGLE Developer option for 'com.detoxsample' set to: 'default'
03-22 17:22:28.344  9731  9731 V GraphicsEnvironment: ANGLE GameManagerService for com.detoxsample: false
03-22 17:22:28.344  9731  9731 V GraphicsEnvironment: Neither updatable production driver nor prerelease driver is supported.
03-22 17:22:28.350  9731  9731 D ApplicationLoaders: Returning zygote-cached class loader: /system/framework/android.test.base.jar
03-22 17:22:28.353  9731  9731 D ApplicationLoaders: Returning zygote-cached class loader: /system/framework/android.test.base.jar
03-22 17:22:28.528  9731  9731 D NetworkSecurityConfig: Using Network Security Config from resource network_security_config debugBuild: true
03-22 17:22:28.529  9731  9731 D NetworkSecurityConfig: Using Network Security Config from resource network_security_config debugBuild: true
03-22 17:22:28.535  9731  9731 I MonitoringInstr: Instrumentation started!
03-22 17:22:28.592  9731  9731 V TestEventClient: No service name argument was given (testDiscoveryService, testRunEventService or orchestratorService)
03-22 17:22:28.598  9731  9731 D SoLoader: init start
03-22 17:22:28.600  9731  9731 D SoLoader: adding system library source: /vendor/lib64
03-22 17:22:28.601  9731  9731 D SoLoader: adding system library source: /system/lib64
03-22 17:22:28.602  9731  9731 D SoLoader: adding application source: com.facebook.soloader.DirectorySoSource[root = /data/app/~~fo5MQ5Bng1Y2qtvk7SFeVQ==/com.detoxsample-DhsuIqKcxn9_kPN1Qg1aAQ==/lib/x86_64 flags = 0]
03-22 17:22:28.605  9731  9731 D SoLoader: adding backup source from : com.facebook.soloader.ApkSoSource[root = /data/data/com.detoxsample/lib-main flags = 1]
03-22 17:22:28.605  9731  9731 D SoLoader: Preparing SO source: com.facebook.soloader.DirectorySoSource[root = /system/lib64 flags = 2]
03-22 17:22:28.605  9731  9731 D SoLoader: Preparing SO source: com.facebook.soloader.DirectorySoSource[root = /vendor/lib64 flags = 2]
03-22 17:22:28.605  9731  9731 D SoLoader: Preparing SO source: com.facebook.soloader.DirectorySoSource[root = /data/app/~~fo5MQ5Bng1Y2qtvk7SFeVQ==/com.detoxsample-DhsuIqKcxn9_kPN1Qg1aAQ==/lib/x86_64 flags = 0]
03-22 17:22:28.605  9731  9731 D SoLoader: Preparing SO source: com.facebook.soloader.ApkSoSource[root = /data/data/com.detoxsample/lib-main flags = 1]
03-22 17:22:28.607  9731  9731 V fb-UnpackingSoSource: locked dso store /data/user/0/com.detoxsample/lib-main
03-22 17:22:28.608  9731  9731 V fb-UnpackingSoSource: deps mismatch on deps store: regenerating
03-22 17:22:28.608  9731  9731 V fb-UnpackingSoSource: so store dirty: regenerating
03-22 17:22:28.678  9731  9731 D ApkSoSource: not allowing consideration of lib/x86_64/libbetter.so: deferring to libdir
03-22 17:22:28.679  9731  9731 D ApkSoSource: not allowing consideration of lib/x86_64/libc++_shared.so: deferring to libdir
03-22 17:22:28.679  9731  9731 D ApkSoSource: not allowing consideration of lib/x86_64/libevent-2.1.so: deferring to libdir
03-22 17:22:28.680  9731  9731 D ApkSoSource: not allowing consideration of lib/x86_64/libevent_core-2.1.so: deferring to libdir
03-22 17:22:28.680  9731  9731 D ApkSoSource: not allowing consideration of lib/x86_64/libevent_extra-2.1.so: deferring to libdir
03-22 17:22:28.680  9731  9731 D ApkSoSource: not allowing consideration of lib/x86_64/libfabricjni.so: deferring to libdir
03-22 17:22:28.681  9731  9731 D ApkSoSource: not allowing consideration of lib/x86_64/libfb.so: deferring to libdir
03-22 17:22:28.681  9731  9731 D ApkSoSource: not allowing consideration of lib/x86_64/libfbjni.so: deferring to libdir
03-22 17:22:28.681  9731  9731 D ApkSoSource: not allowing consideration of lib/x86_64/libflipper.so: deferring to libdir
03-22 17:22:28.682  9731  9731 D ApkSoSource: not allowing consideration of lib/x86_64/libfolly_futures.so: deferring to libdir
03-22 17:22:28.682  9731  9731 D ApkSoSource: not allowing consideration of lib/x86_64/libfolly_json.so: deferring to libdir
03-22 17:22:28.683  9731  9731 D ApkSoSource: not allowing consideration of lib/x86_64/libglog.so: deferring to libdir
03-22 17:22:28.683  9731  9731 D ApkSoSource: not allowing consideration of lib/x86_64/libglog_init.so: deferring to libdir
03-22 17:22:28.683  9731  9731 D ApkSoSource: not allowing consideration of lib/x86_64/libimagepipeline.so: deferring to libdir
03-22 17:22:28.684  9731  9731 D ApkSoSource: not allowing consideration of lib/x86_64/libjsc.so: deferring to libdir
03-22 17:22:28.684  9731  9731 D ApkSoSource: not allowing consideration of lib/x86_64/libjscexecutor.so: deferring to libdir
03-22 17:22:28.684  9731  9731 D ApkSoSource: not allowing consideration of lib/x86_64/libjsi.so: deferring to libdir
03-22 17:22:28.685  9731  9731 D ApkSoSource: not allowing consideration of lib/x86_64/libjsijniprofiler.so: deferring to libdir
03-22 17:22:28.686  9731  9731 D ApkSoSource: not allowing consideration of lib/x86_64/libjsinspector.so: deferring to libdir
03-22 17:22:28.687  9731  9731 D ApkSoSource: not allowing consideration of lib/x86_64/liblogger.so: deferring to libdir
03-22 17:22:28.689  9731  9731 D ApkSoSource: not allowing consideration of lib/x86_64/libmapbufferjni.so: deferring to libdir
03-22 17:22:28.689  9731  9731 D ApkSoSource: not allowing consideration of lib/x86_64/libnative-filters.so: deferring to libdir
03-22 17:22:28.690  9731  9731 D ApkSoSource: not allowing consideration of lib/x86_64/libnative-imagetranscoder.so: deferring to libdir
03-22 17:22:28.691  9731  9731 D ApkSoSource: not allowing consideration of lib/x86_64/libreact_codegen_rncore.so: deferring to libdir
03-22 17:22:28.691  9731  9731 D ApkSoSource: not allowing consideration of lib/x86_64/libreact_debug.so: deferring to libdir
03-22 17:22:28.691  9731  9731 D ApkSoSource: not allowing consideration of lib/x86_64/libreact_nativemodule_core.so: deferring to libdir
03-22 17:22:28.691  9731  9731 D ApkSoSource: not allowing consideration of lib/x86_64/libreact_render_animations.so: deferring to libdir
03-22 17:22:28.692  9731  9731 D ApkSoSource: not allowing consideration of lib/x86_64/libreact_render_attributedstring.so: deferring to libdir
03-22 17:22:28.693  9731  9731 D ApkSoSource: not allowing consideration of lib/x86_64/libreact_render_componentregistry.so: deferring to libdir
03-22 17:22:28.693  9731  9731 D ApkSoSource: not allowing consideration of lib/x86_64/libreact_render_core.so: deferring to libdir
03-22 17:22:28.693  9731  9731 D ApkSoSource: not allowing consideration of lib/x86_64/libreact_render_debug.so: deferring to libdir
03-22 17:22:28.694  9731  9731 D ApkSoSource: not allowing consideration of lib/x86_64/libreact_render_graphics.so: deferring to libdir
03-22 17:22:28.694  9731  9731 D ApkSoSource: not allowing consideration of lib/x86_64/libreact_render_imagemanager.so: deferring to libdir
03-22 17:22:28.694  9731  9731 D ApkSoSource: not allowing consideration of lib/x86_64/libreact_render_leakchecker.so: deferring to libdir
03-22 17:22:28.694  9731  9731 D ApkSoSource: not allowing consideration of lib/x86_64/libreact_render_mapbuffer.so: deferring to libdir
03-22 17:22:28.695  9731  9731 D ApkSoSource: not allowing consideration of lib/x86_64/libreact_render_mounting.so: deferring to libdir
03-22 17:22:28.695  9731  9731 D ApkSoSource: not allowing consideration of lib/x86_64/libreact_render_runtimescheduler.so: deferring to libdir
03-22 17:22:28.696  9731  9731 D ApkSoSource: not allowing consideration of lib/x86_64/libreact_render_scheduler.so: deferring to libdir
03-22 17:22:28.696  9731  9731 D ApkSoSource: not allowing consideration of lib/x86_64/libreact_render_telemetry.so: deferring to libdir
03-22 17:22:28.697  9731  9731 D ApkSoSource: not allowing consideration of lib/x86_64/libreact_render_templateprocessor.so: deferring to libdir
03-22 17:22:28.697  9731  9731 D ApkSoSource: not allowing consideration of lib/x86_64/libreact_render_textlayoutmanager.so: deferring to libdir
03-22 17:22:28.697  9731  9731 D ApkSoSource: not allowing consideration of lib/x86_64/libreact_render_uimanager.so: deferring to libdir
03-22 17:22:28.697  9731  9731 D ApkSoSource: not allowing consideration of lib/x86_64/libreact_utils.so: deferring to libdir
03-22 17:22:28.697  9731  9731 D ApkSoSource: not allowing consideration of lib/x86_64/libreactconfig.so: deferring to libdir
03-22 17:22:28.699  9731  9731 D ApkSoSource: not allowing consideration of lib/x86_64/libreactnativeblob.so: deferring to libdir
03-22 17:22:28.699  9731  9731 D ApkSoSource: not allowing consideration of lib/x86_64/libreactnativejni.so: deferring to libdir
03-22 17:22:28.699  9731  9731 D ApkSoSource: not allowing consideration of lib/x86_64/libreactnativeutilsjni.so: deferring to libdir
03-22 17:22:28.699  9731  9731 D ApkSoSource: not allowing consideration of lib/x86_64/libreactperfloggerjni.so: deferring to libdir
03-22 17:22:28.700  9731  9731 D ApkSoSource: not allowing consideration of lib/x86_64/librrc_image.so: deferring to libdir
03-22 17:22:28.700  9731  9731 D ApkSoSource: not allowing consideration of lib/x86_64/librrc_modal.so: deferring to libdir
03-22 17:22:28.701  9731  9731 D ApkSoSource: not allowing consideration of lib/x86_64/librrc_progressbar.so: deferring to libdir
03-22 17:22:28.701  9731  9731 D ApkSoSource: not allowing consideration of lib/x86_64/librrc_root.so: deferring to libdir
03-22 17:22:28.701  9731  9731 D ApkSoSource: not allowing consideration of lib/x86_64/librrc_scrollview.so: deferring to libdir
03-22 17:22:28.701  9731  9731 D ApkSoSource: not allowing consideration of lib/x86_64/librrc_slider.so: deferring to libdir
03-22 17:22:28.701  9731  9731 D ApkSoSource: not allowing consideration of lib/x86_64/librrc_switch.so: deferring to libdir
03-22 17:22:28.701  9731  9731 D ApkSoSource: not allowing consideration of lib/x86_64/librrc_text.so: deferring to libdir
03-22 17:22:28.702  9731  9731 D ApkSoSource: not allowing consideration of lib/x86_64/librrc_textinput.so: deferring to libdir
03-22 17:22:28.702  9731  9731 D ApkSoSource: not allowing consideration of lib/x86_64/librrc_unimplementedview.so: deferring to libdir
03-22 17:22:28.702  9731  9731 D ApkSoSource: not allowing consideration of lib/x86_64/librrc_view.so: deferring to libdir
03-22 17:22:28.703  9731  9731 D ApkSoSource: not allowing consideration of lib/x86_64/libturbomodulejsijni.so: deferring to libdir
03-22 17:22:28.703  9731  9731 D ApkSoSource: not allowing consideration of lib/x86_64/libyoga.so: deferring to libdir
03-22 17:22:28.704  9731  9731 V fb-UnpackingSoSource: regenerating DSO store com.facebook.soloader.ApkSoSource
03-22 17:22:28.705  9731  9731 V fb-UnpackingSoSource: Finished regenerating DSO store com.facebook.soloader.ApkSoSource
03-22 17:22:28.706  9731  9731 V fb-UnpackingSoSource: starting syncer worker
03-22 17:22:28.728  9731  9731 V fb-UnpackingSoSource: releasing dso store lock for /data/user/0/com.detoxsample/lib-main (from syncer thread)
03-22 17:22:28.728  9731  9731 V fb-UnpackingSoSource: not releasing dso store lock for /data/user/0/com.detoxsample/lib-main (syncer thread started)
03-22 17:22:28.729  9731  9731 D SoLoader: init finish: 4 SO sources prepared
03-22 17:22:28.729  9731  9731 D SoLoader: init exiting
03-22 17:22:28.753  9731  9731 D SoLoader: init exiting
03-22 17:22:28.755  9731  9731 D SoLoader: About to load: libjscexecutor.so
03-22 17:22:28.756  9731  9731 D SoLoader: libjscexecutor.so not found on /data/data/com.detoxsample/lib-main
03-22 17:22:28.756  9731  9731 D SoLoader: libjscexecutor.so found on /data/app/~~fo5MQ5Bng1Y2qtvk7SFeVQ==/com.detoxsample-DhsuIqKcxn9_kPN1Qg1aAQ==/lib/x86_64
03-22 17:22:28.756  9731  9731 D SoLoader: Not resolving dependencies for libjscexecutor.so
03-22 17:22:28.764  9731  9731 D JavaScriptCore.Version: 250230.2.1
03-22 17:22:28.764  9731  9731 D SoLoader: Loaded: libjscexecutor.so
03-22 17:22:28.769  9731  9731 D SoLoader: init exiting
03-22 17:22:29.056  9731  9769 D SoLoader: About to load: libfbjni.so
03-22 17:22:29.056  9731  9769 D SoLoader: libfbjni.so not found on /data/data/com.detoxsample/lib-main
03-22 17:22:29.056  9731  9769 D SoLoader: libfbjni.so found on /data/app/~~fo5MQ5Bng1Y2qtvk7SFeVQ==/com.detoxsample-DhsuIqKcxn9_kPN1Qg1aAQ==/lib/x86_64
03-22 17:22:29.057  9731  9769 D SoLoader: Not resolving dependencies for libfbjni.so
03-22 17:22:29.058  9731  9769 D SoLoader: Loaded: libfbjni.so
03-22 17:22:29.058  9731  9769 D SoLoader: About to load: libflipper.so
03-22 17:22:29.059  9731  9769 D SoLoader: libflipper.so not found on /data/data/com.detoxsample/lib-main
03-22 17:22:29.059  9731  9769 D SoLoader: libflipper.so found on /data/app/~~fo5MQ5Bng1Y2qtvk7SFeVQ==/com.detoxsample-DhsuIqKcxn9_kPN1Qg1aAQ==/lib/x86_64
03-22 17:22:29.059  9731  9769 D SoLoader: Not resolving dependencies for libflipper.so
03-22 17:22:29.071  9731  9769 D SoLoader: Loaded: libflipper.so
03-22 17:22:29.099  9731  9731 W com.detoxsampl: Accessing hidden field Landroid/view/View;->mKeyedTags:Landroid/util/SparseArray; (unsupported, reflection, allowed)
03-22 17:22:29.100  9731  9731 W com.detoxsampl: Accessing hidden field Landroid/view/View;->mListenerInfo:Landroid/view/View$ListenerInfo; (unsupported, reflection, allowed)
03-22 17:22:29.100  9731  9731 W com.detoxsampl: Accessing hidden field Landroid/view/View$ListenerInfo;->mOnClickListener:Landroid/view/View$OnClickListener; (unsupported, reflection, allowed)
03-22 17:22:29.121  9731  9731 I flipper : flipper: FlipperClient::addPlugin Inspector
03-22 17:22:29.121  9731  9731 I flipper : flipper: FlipperClient::addPlugin React
03-22 17:22:29.126  9731  9731 I flipper : flipper: FlipperClient::addPlugin Databases
03-22 17:22:29.129  9731  9731 I flipper : flipper: FlipperClient::addPlugin Preferences
03-22 17:22:29.130  9731  9731 I flipper : flipper: FlipperClient::addPlugin CrashReporter
03-22 17:22:29.137  9731  9731 I flipper : flipper: FlipperClient::addPlugin Network
03-22 17:22:29.161  9731  9761 I UsageTrackerFacilitator: Usage tracking enabled
03-22 17:22:29.168  9731  9761 I TestRequestBuilder: Scanning classpath to find tests in paths [/data/app/~~2pSuTvIE4rv7O1ydcdfJSw==/com.detoxsample.test-oHb24z7_WuC-fmPS-c6c7g==/base.apk]
03-22 17:22:29.169  9731  9761 W com.detoxsampl: Opening an oat file without a class loader. Are you using the deprecated DexFile APIs?
03-22 17:22:29.760  9731  9761 D TestExecutor: Adding listener androidx.test.internal.runner.listener.LogRunListener
03-22 17:22:29.762  9731  9761 D TestExecutor: Adding listener androidx.test.internal.runner.listener.InstrumentationResultPrinter
03-22 17:22:29.762  9731  9761 D TestExecutor: Adding listener androidx.test.internal.runner.listener.ActivityFinisherRunListener
03-22 17:22:29.764  9731  9761 I TestRunner: run started: 1 tests
03-22 17:22:29.770  9731  9761 I TestRunner: started: runDetoxTests(com.detoxsample.DetoxTest)
03-22 17:22:29.815  9731  9761 D EventInjectionStrategy: Creating injection strategy with input manager.
03-22 17:22:29.816  9731  9761 W com.detoxsampl: Accessing hidden method Landroid/hardware/input/InputManager;->getInstance()Landroid/hardware/input/InputManager; (unsupported, reflection, allowed)
03-22 17:22:29.816  9731  9761 W com.detoxsampl: Accessing hidden method Landroid/hardware/input/InputManager;->injectInputEvent(Landroid/view/InputEvent;I)Z (unsupported, reflection, allowed)
03-22 17:22:29.816  9731  9761 W com.detoxsampl: Accessing hidden field Landroid/hardware/input/InputManager;->INJECT_INPUT_EVENT_MODE_WAIT_FOR_FINISH:I (unsupported, reflection, allowed)
03-22 17:22:29.838  9731  9761 W com.detoxsampl: Accessing hidden field Ljava/lang/reflect/Field;->accessFlags:I (unsupported, reflection, allowed)
03-22 17:22:29.909  9731  9789 D libEGL  : loaded /vendor/lib64/egl/libEGL_emulation.so
03-22 17:22:29.916  9731  9789 D libEGL  : loaded /vendor/lib64/egl/libGLESv1_CM_emulation.so
03-22 17:22:29.921  9731  9789 D libEGL  : loaded /vendor/lib64/egl/libGLESv2_emulation.so
03-22 17:22:29.992  9731  9731 D LifecycleMonitor: Lifecycle status change: com.detoxsample.MainActivity@95c1cf5 in: PRE_ON_CREATE
03-22 17:22:30.109  9731  9731 W com.detoxsampl: Accessing hidden method Landroid/view/View;->computeFitSystemWindows(Landroid/graphics/Rect;Landroid/graphics/Rect;)Z (unsupported, reflection, allowed)
03-22 17:22:30.110  9731  9731 W com.detoxsampl: Accessing hidden method Landroid/view/ViewGroup;->makeOptionalFitsSystemWindows()V (unsupported, reflection, allowed)
03-22 17:22:30.126  9731  9731 D LifecycleMonitor: Lifecycle status change: com.detoxsample.MainActivity@95c1cf5 in: CREATED
03-22 17:22:30.128  9731  9731 D LifecycleMonitor: Lifecycle status change: com.detoxsample.MainActivity@95c1cf5 in: STARTED
03-22 17:22:30.132  9731  9731 D LifecycleMonitor: Lifecycle status change: com.detoxsample.MainActivity@95c1cf5 in: RESUMED
03-22 17:22:30.144  9731  9774 D SoLoader: About to load: libreactnativejni.so
03-22 17:22:30.144  9731  9774 D SoLoader: libreactnativejni.so not found on /data/data/com.detoxsample/lib-main
03-22 17:22:30.145  9731  9774 D SoLoader: libreactnativejni.so found on /data/app/~~fo5MQ5Bng1Y2qtvk7SFeVQ==/com.detoxsample-DhsuIqKcxn9_kPN1Qg1aAQ==/lib/x86_64
03-22 17:22:30.145  9731  9774 D SoLoader: Not resolving dependencies for libreactnativejni.so
03-22 17:22:30.148  9731  9774 D SoLoader: Loaded: libreactnativejni.so
03-22 17:22:30.166  9731  9731 W unknown:ReactNative: Packager connection already open, nooping.
03-22 17:22:30.203  9731  9786 D HostConnection: createUnique: call
03-22 17:22:30.204  9731  9786 D HostConnection: HostConnection::get() New Host Connection established 0x73a0edf0b650, tid 9786
03-22 17:22:30.216  9731  9786 D HostConnection: HostComposition ext ANDROID_EMU_CHECKSUM_HELPER_v1 ANDROID_EMU_native_sync_v2 ANDROID_EMU_native_sync_v3 ANDROID_EMU_native_sync_v4 ANDROID_EMU_dma_v1 ANDROID_EMU_direct_mem ANDROID_EMU_host_composition_v1 ANDROID_EMU_host_composition_v2 ANDROID_EMU_YUV_Cache ANDROID_EMU_async_unmap_buffer ANDROID_EMU_has_shared_slots_host_memory_allocator ANDROID_EMU_sync_buffer_data GL_OES_EGL_image_external_essl3 GL_OES_vertex_array_object GL_KHR_texture_compression_astc_ldr ANDROID_EMU_host_side_tracing ANDROID_EMU_async_frame_commands ANDROID_EMU_gles_max_version_3_0 
03-22 17:22:30.221  9731  9786 W OpenGLRenderer: Failed to choose config with EGL_SWAP_BEHAVIOR_PRESERVED, retrying without...
03-22 17:22:30.221  9731  9786 W OpenGLRenderer: Failed to initialize 101010-2 format, error = EGL_SUCCESS
03-22 17:22:30.223  9731  9786 D EGL_emulation: eglCreateContext: 0x73a0edf0b7d0: maj 3 min 0 rcv 3
03-22 17:22:30.225  9731  9786 D EGL_emulation: eglMakeCurrent: 0x73a0edf0b7d0: ver 3 0 (tinfo 0x73a3073d2080) (first time)
03-22 17:22:30.240  9731  9786 I Gralloc4: mapper 4.x is not supported
03-22 17:22:30.245  9731  9786 D HostConnection: createUnique: call
03-22 17:22:30.245  9731  9786 D HostConnection: HostConnection::get() New Host Connection established 0x73a0edf0c490, tid 9786
03-22 17:22:30.246  9731  9786 D goldfish-address-space: allocate: Ask for block of size 0x100
03-22 17:22:30.247  9731  9786 D goldfish-address-space: allocate: ioctl allocate returned offset 0x3e3ffe000 size 0x2000
03-22 17:22:30.250  9731  9786 W Gralloc4: allocator 4.x is not supported
03-22 17:22:30.263  9731  9786 D HostConnection: HostComposition ext ANDROID_EMU_CHECKSUM_HELPER_v1 ANDROID_EMU_native_sync_v2 ANDROID_EMU_native_sync_v3 ANDROID_EMU_native_sync_v4 ANDROID_EMU_dma_v1 ANDROID_EMU_direct_mem ANDROID_EMU_host_composition_v1 ANDROID_EMU_host_composition_v2 ANDROID_EMU_YUV_Cache ANDROID_EMU_async_unmap_buffer ANDROID_EMU_has_shared_slots_host_memory_allocator ANDROID_EMU_sync_buffer_data GL_OES_EGL_image_external_essl3 GL_OES_vertex_array_object GL_KHR_texture_compression_astc_ldr ANDROID_EMU_host_side_tracing ANDROID_EMU_async_frame_commands ANDROID_EMU_gles_max_version_3_0 
03-22 17:22:30.473  9731  9761 I Detox   : Detox server connection details: url=ws://localhost:61395, sessionId=bfebc9a2-c0f4-79e7-2da5-91f1d0ee4c39
03-22 17:22:30.494  9731  9797 I DetoxDispatcher: Handling action '_init' (ID #0)...
03-22 17:22:30.494  9731  9797 I Detox   : Connecting to server...
03-22 17:22:30.494  9731  9797 I DetoxWSClient: At connectToServer
03-22 17:22:30.517  9731  9799 D DetoxWSClient: At onOpen
03-22 17:22:30.518  9731  9799 I DetoxWSClient: Sending out action 'login' (ID #0)
03-22 17:22:30.520  9731  9796 W unknown:ReactContext: initializeMessageQueueThreads() is called.
03-22 17:22:30.522  9731  9799 I Detox   : Connected to server!
03-22 17:22:30.527  9731  9799 D DetoxWSClient: Received action 'loginSuccess' (ID #0, params={"testerConnected":true,"appConnected":true})
03-22 17:22:30.531  9731  9799 D DetoxWSClient: Received action 'isReady' (ID #-1000, params={})
03-22 17:22:30.568  9731  9731 W unknown:ReactNative: Packager connection already open, nooping.
03-22 17:22:30.642  9731  9803 W unknown:ViewManagerPropertyUpdater: Could not find generated setter for class com.facebook.react.views.drawer.ReactDrawerLayoutManager
03-22 17:22:30.652  9731  9803 W unknown:ViewManagerPropertyUpdater: Could not find generated setter for class com.facebook.react.uimanager.LayoutShadowNode
03-22 17:22:30.656  9731  9803 W unknown:ViewManagerPropertyUpdater: Could not find generated setter for class com.facebook.react.views.scroll.ReactHorizontalScrollViewManager
03-22 17:22:30.662  9731  9803 W unknown:ViewManagerPropertyUpdater: Could not find generated setter for class com.facebook.react.views.scroll.ReactHorizontalScrollContainerViewManager
03-22 17:22:30.663  9731  9803 W unknown:ViewManagerPropertyUpdater: Could not find generated setter for class com.facebook.react.views.progressbar.ReactProgressBarViewManager
03-22 17:22:30.665  9731  9803 W unknown:ViewManagerPropertyUpdater: Could not find generated setter for class com.facebook.react.views.progressbar.ProgressBarShadowNode
03-22 17:22:30.668  9731  9803 W unknown:ViewManagerPropertyUpdater: Could not find generated setter for class com.facebook.react.views.scroll.ReactScrollViewManager
03-22 17:22:30.670  9731  9803 W unknown:ViewManagerPropertyUpdater: Could not find generated setter for class com.facebook.react.views.slider.ReactSliderManager
03-22 17:22:30.672  9731  9803 W unknown:ViewManagerPropertyUpdater: Could not find generated setter for class com.facebook.react.views.slider.ReactSliderManager$ReactSliderShadowNode
03-22 17:22:30.674  9731  9803 W unknown:ViewManagerPropertyUpdater: Could not find generated setter for class com.facebook.react.views.switchview.ReactSwitchManager
03-22 17:22:30.679  9731  9803 W unknown:ViewManagerPropertyUpdater: Could not find generated setter for class com.facebook.react.views.switchview.ReactSwitchManager$ReactSwitchShadowNode
03-22 17:22:30.680  9731  9803 W unknown:ViewManagerPropertyUpdater: Could not find generated setter for class com.facebook.react.views.swiperefresh.SwipeRefreshLayoutManager
03-22 17:22:30.681  9731  9803 W unknown:ViewManagerPropertyUpdater: Could not find generated setter for class com.facebook.react.views.text.frescosupport.FrescoBasedReactTextInlineImageViewManager
03-22 17:22:30.682  9731  9803 W unknown:ViewManagerPropertyUpdater: Could not find generated setter for class com.facebook.react.views.text.frescosupport.FrescoBasedReactTextInlineImageShadowNode
03-22 17:22:30.685  9731  9803 W unknown:ViewManagerPropertyUpdater: Could not find generated setter for class com.facebook.react.views.image.ReactImageManager
03-22 17:22:30.688  9731  9803 W unknown:ViewManagerPropertyUpdater: Could not find generated setter for class com.facebook.react.views.modal.ReactModalHostManager
03-22 17:22:30.689  9731  9803 W unknown:ViewManagerPropertyUpdater: Could not find generated setter for class com.facebook.react.views.modal.ModalHostShadowNode
03-22 17:22:30.690  9731  9803 W unknown:ViewManagerPropertyUpdater: Could not find generated setter for class com.facebook.react.views.text.ReactRawTextManager
03-22 17:22:30.691  9731  9803 W unknown:ViewManagerPropertyUpdater: Could not find generated setter for class com.facebook.react.views.text.ReactRawTextShadowNode
03-22 17:22:30.696  9731  9803 W unknown:ViewManagerPropertyUpdater: Could not find generated setter for class com.facebook.react.views.textinput.ReactTextInputManager
03-22 17:22:30.700  9731  9803 W unknown:ViewManagerPropertyUpdater: Could not find generated setter for class com.facebook.react.views.textinput.ReactTextInputShadowNode
03-22 17:22:30.702  9731  9803 W unknown:ViewManagerPropertyUpdater: Could not find generated setter for class com.facebook.react.views.text.ReactTextViewManager
03-22 17:22:30.704  9731  9803 W unknown:ViewManagerPropertyUpdater: Could not find generated setter for class com.facebook.react.views.text.ReactTextShadowNode
03-22 17:22:30.705  9731  9803 W unknown:ViewManagerPropertyUpdater: Could not find generated setter for class com.facebook.react.views.view.ReactViewManager
03-22 17:22:30.708  9731  9803 W unknown:ViewManagerPropertyUpdater: Could not find generated setter for class com.facebook.react.views.text.ReactVirtualTextViewManager
03-22 17:22:30.709  9731  9803 W unknown:ViewManagerPropertyUpdater: Could not find generated setter for class com.facebook.react.views.text.ReactVirtualTextShadowNode
03-22 17:22:30.713  9731  9803 W unknown:ViewManagerPropertyUpdater: Could not find generated setter for class com.facebook.react.views.unimplementedview.ReactUnimplementedViewManager
03-22 17:22:30.734  9731  9803 W unknown:ReactContext: initializeMessageQueueThreads() is called.
03-22 17:22:30.749  9731  9803 D SoLoader: About to load: libyoga.so
03-22 17:22:30.749  9731  9803 D SoLoader: libyoga.so not found on /data/data/com.detoxsample/lib-main
03-22 17:22:30.750  9731  9803 D SoLoader: libyoga.so found on /data/app/~~fo5MQ5Bng1Y2qtvk7SFeVQ==/com.detoxsample-DhsuIqKcxn9_kPN1Qg1aAQ==/lib/x86_64
03-22 17:22:30.750  9731  9803 D SoLoader: Not resolving dependencies for libyoga.so
03-22 17:22:30.753  9731  9803 D SoLoader: Loaded: libyoga.so
03-22 17:22:30.770  9731  9731 I DetoxRNLoading: Got new RN-context async'ly through listener
03-22 17:22:30.773  9731  9797 I DetoxRNIdleRes: Setting up Espresso Idling Resources for React Native
03-22 17:22:30.786  9731  9801 D SoLoader: About to load: libreactnativeblob.so
03-22 17:22:30.788  9731  9801 D SoLoader: libreactnativeblob.so not found on /data/data/com.detoxsample/lib-main
03-22 17:22:30.788  9731  9801 D SoLoader: libreactnativeblob.so found on /data/app/~~fo5MQ5Bng1Y2qtvk7SFeVQ==/com.detoxsample-DhsuIqKcxn9_kPN1Qg1aAQ==/lib/x86_64
03-22 17:22:30.789  9731  9801 D SoLoader: Not resolving dependencies for libreactnativeblob.so
03-22 17:22:30.794  9731  9801 D SoLoader: Loaded: libreactnativeblob.so
03-22 17:22:30.814  9731  9797 D AsyncStorageIR: Checking whether a custom IR for Async-Storage is required... (legacy=false)
03-22 17:22:30.814  9731  9797 D DetoxRNHelpers: Native RN module resolution (class com.reactnativecommunity.asyncstorage.AsyncStorageModule): no such class
03-22 17:22:30.814  9731  9797 D AsyncStorageIR: Checking whether a custom IR for Async-Storage is required... (legacy=true)
03-22 17:22:30.820  9731  9797 D AsyncStorageIR: IR for Async-Storage is required! (legacy=true)
03-22 17:22:30.828  9731  9731 D AsyncStorageIRLegacy: Async-storage is busy!
03-22 17:22:30.841  9731  9797 I DetoxDispatcher: Done with action '_init'
03-22 17:22:30.841  9731  9797 I DetoxDispatcher: Handling action 'isReady' (ID #-1000)...
03-22 17:22:30.851  9731  9731 W com.detoxsampl: Accessing hidden method Landroid/os/MessageQueue;->next()Landroid/os/Message; (unsupported, reflection, allowed)
03-22 17:22:30.851  9731  9731 W com.detoxsampl: Accessing hidden field Landroid/os/MessageQueue;->mMessages:Landroid/os/Message; (unsupported, reflection, allowed)
03-22 17:22:30.852  9731  9731 W com.detoxsampl: Accessing hidden method Landroid/os/Message;->recycleUnchecked()V (unsupported, reflection, allowed)
03-22 17:22:30.907  9731  9803 I flipper : flipper: FlipperClient::addPlugin Fresco
03-22 17:22:30.916  9731  9803 I WebViewFactory: Loading com.google.android.webview version 91.0.4472.114 (code 447211487)
03-22 17:22:30.977  9731  9803 W com.detoxsampl: Accessing hidden method Landroid/os/Trace;->isTagEnabled(J)Z (unsupported, reflection, allowed)
03-22 17:22:30.978  9731  9803 W com.detoxsampl: Accessing hidden method Landroid/os/Trace;->traceBegin(JLjava/lang/String;)V (unsupported, reflection, allowed)
03-22 17:22:30.978  9731  9803 W com.detoxsampl: Accessing hidden method Landroid/os/Trace;->traceEnd(J)V (unsupported, reflection, allowed)
03-22 17:22:30.978  9731  9803 W com.detoxsampl: Accessing hidden method Landroid/os/Trace;->asyncTraceBegin(JLjava/lang/String;I)V (unsupported, reflection, allowed)
03-22 17:22:30.979  9731  9803 W com.detoxsampl: Accessing hidden method Landroid/os/Trace;->asyncTraceEnd(JLjava/lang/String;I)V (unsupported, reflection, allowed)
03-22 17:22:31.012  9731  9803 I cr_LibraryLoader: Loaded native library version number "91.0.4472.114"
03-22 17:22:31.013  9731  9803 I cr_CachingUmaRecorder: Flushed 4 samples from 4 histograms.
03-22 17:22:31.075  9731  9801 I ReactNativeJS: Running "DetoxSample" with {"rootTag":1}
03-22 17:22:31.220  9731  9731 D CompatibilityChangeReporter: Compat change id reported: 171228096; UID 10158; state: ENABLED
03-22 17:22:31.224  9731  9731 W com.detoxsampl: Accessing hidden field Landroid/widget/ScrollView;->mScroller:Landroid/widget/OverScroller; (unsupported, reflection, allowed)
03-22 17:22:31.296  9731  9731 I Detox   : Wait is over: app is now idle!
03-22 17:22:31.298  9731  9797 I DetoxWSClient: Sending out action 'ready' (ID #-1000)
03-22 17:22:31.299  9731  9797 I DetoxDispatcher: Done with action 'isReady'
03-22 17:22:31.300  9731  9797 I DetoxDispatcher: Handling action 'loginSuccess' (ID #0)...
03-22 17:22:31.300  9731  9797 I DetoxDispatcher: Done with action 'loginSuccess'
03-22 17:22:31.300  9731  9797 I DetoxDispatcher: Handling action 'isReady' (ID #-1000)...
03-22 17:22:31.312  9731  9731 I Detox   : Wait is over: app is now idle!
03-22 17:22:31.313  9731  9797 I DetoxWSClient: Sending out action 'ready' (ID #-1000)
03-22 17:22:31.314  9731  9797 I DetoxDispatcher: Done with action 'isReady'
