--------- beginning of main
03-22 21:55:15.017  9498  9498 D CompatibilityChangeReporter: Compat change id reported: 171228096; UID 10194; state: ENABLED
03-22 21:55:15.019  9498  9498 W com.detoxsampl: Accessing hidden field Landroid/widget/ScrollView;->mScroller:Landroid/widget/OverScroller; (unsupported, reflection, allowed)
03-22 21:55:15.051  9498  9611 D EGL_emulation: app_time_stats: avg=570.41ms min=113.29ms max=1027.52ms count=2
03-22 21:55:15.056  9498  9498 I Detox   : Wait is over: app is now idle!
03-22 21:55:15.057  9498  9623 I DetoxWSClient: Sending out action 'ready' (ID #-1000)
03-22 21:55:15.057  9498  9623 I DetoxDispatcher: Done with action 'isReady'
03-22 21:55:15.058  9498  9623 I DetoxDispatcher: Handling action 'loginSuccess' (ID #0)...
03-22 21:55:15.058  9498  9623 I DetoxDispatcher: Done with action 'loginSuccess'
03-22 21:55:15.058  9498  9623 I DetoxDispatcher: Handling action 'isReady' (ID #-1000)...
03-22 21:55:15.068  9498  9498 I Detox   : Wait is over: app is now idle!
03-22 21:55:15.069  9498  9623 I DetoxWSClient: Sending out action 'ready' (ID #-1000)
03-22 21:55:15.069  9498  9623 I DetoxDispatcher: Done with action 'isReady'
03-22 21:55:15.124  9498  9625 D DetoxWSClient: Received action 'invoke' (ID #1, params={"target":{"type":"Class","value":"com.wix.detox.espresso.EspressoDetox"},"method":"perform","args":[{"type":"Invocation","value":{"target":{"type":"Class","value":"androidx.test.espresso.Espresso"},"method":"onView","args":[{"type":"Invocation","value":{"target":{"type":"Class","value":"com.wix.detox.espresso.DetoxMatcher"},"method":"matcherForTestId","args":["initRazorpay"]}}]}},{"type":"Invocation","value":{"target":{"type":"Class","value":"com.wix.detox.espresso.DetoxViewActions"},"method":"click","args":[]}}]})
03-22 21:55:15.130  9498  9623 I DetoxDispatcher: Handling action 'invoke' (ID #1)...
03-22 21:55:15.150  9498  9623 D Detox   : class com.wix.detox.espresso.DetoxMatcher, matcherForTestId, [initRazorpay]
03-22 21:55:15.180  9498  9623 D Detox   : class androidx.test.espresso.Espresso, onView, [(view.getTag() is "initRazorpay" and view has effective visibility <VISIBLE>)]
03-22 21:55:15.182  9498  9623 D Detox   : class com.wix.detox.espresso.DetoxViewActions, click, []
03-22 21:55:15.185  9498  9623 W com.detoxsampl: Accessing hidden method Landroid/view/ViewConfiguration;->getDoubleTapMinTime()I (unsupported, reflection, allowed)
03-22 21:55:15.197  9498  9623 D Detox   : class com.wix.detox.espresso.EspressoDetox, perform, [androidx.test.espresso.ViewInteraction@b819828, com.wix.detox.espresso.action.RNClickAction@97a2941]
03-22 21:55:15.217  9498  9498 W com.detoxsampl: Accessing hidden method Landroid/view/WindowManagerGlobal;->getInstance()Landroid/view/WindowManagerGlobal; (unsupported, reflection, allowed)
03-22 21:55:15.217  9498  9498 W com.detoxsampl: Accessing hidden field Landroid/view/WindowManagerGlobal;->mViews:Ljava/util/ArrayList; (unsupported, reflection, allowed)
03-22 21:55:15.217  9498  9498 W com.detoxsampl: Accessing hidden field Landroid/view/WindowManagerGlobal;->mParams:Ljava/util/ArrayList; (unsupported, reflection, allowed)
03-22 21:55:15.229  9498  9498 I ViewInteraction: Performing 'com.wix.detox.espresso.action.detoxsingletap@ea1c27 click' action on view (view.getTag() is "initRazorpay" and view has effective visibility <VISIBLE>)
03-22 21:55:15.300  9498  9628 I ReactNativeJS: clicked
03-22 21:55:15.959  9498  9498 I Choreographer: Skipped 37 frames!  The application may be doing too much work on its main thread.
03-22 21:55:16.044  9498  9498 I Detox   : AnimatedModule is busy.
03-22 21:55:16.047  9498  9498 I Detox   : AnimatedModule is busy.
03-22 21:55:16.055  9498  9611 D EGL_emulation: app_time_stats: avg=163.78ms min=2.28ms max=650.62ms count=6
03-22 21:55:16.064  9498  9498 I Detox   : AnimatedModule is busy.
03-22 21:55:16.079  9498  9498 I Detox   : AnimatedModule is busy.
03-22 21:55:16.099  9498  9498 I Detox   : AnimatedModule is busy.
03-22 21:55:16.112  9498  9498 I Detox   : AnimatedModule is busy.
03-22 21:55:16.128  9498  9498 I Detox   : AnimatedModule is busy.
03-22 21:55:16.144  9498  9498 I Detox   : AnimatedModule is busy.
03-22 21:55:16.161  9498  9498 I Detox   : AnimatedModule is busy.
03-22 21:55:16.180  9498  9498 I Detox   : AnimatedModule is busy.
03-22 21:55:16.194  9498  9498 I Detox   : AnimatedModule is busy.
03-22 21:55:16.748  9498  9507 I com.detoxsampl: Background concurrent copying GC freed 221192(19MB) AllocSpace objects, 13(516KB) LOS objects, 49% free, 6185KB/12MB, paused 1.300ms,168us total 125.231ms
03-22 21:55:17.306  9498  9623 I DetoxWSClient: Sending out action 'invokeResult' (ID #1)
03-22 21:55:17.306  9498  9623 I DetoxDispatcher: Done with action 'invoke'
03-22 21:55:17.314  9498  9625 D DetoxWSClient: Received action 'invoke' (ID #2, params={"target":{"type":"Class","value":"com.wix.detox.espresso.DetoxAssertion"},"method":"assertMatcher","args":[{"type":"Invocation","value":{"target":{"type":"Class","value":"androidx.test.espresso.Espresso"},"method":"onView","args":[{"type":"Invocation","value":{"target":{"type":"Class","value":"com.wix.detox.espresso.DetoxMatcher"},"method":"matcherForText","args":["Razorpay Initialized"]}}]}},{"type":"Invocation","value":{"target":{"type":"Class","value":"com.wix.detox.espresso.DetoxMatcher"},"method":"matcherForSufficientlyVisible","args":[{"type":"Integer","value":75}]}}]})
03-22 21:55:17.314  9498  9623 I DetoxDispatcher: Handling action 'invoke' (ID #2)...
03-22 21:55:17.315  9498  9623 D Detox   : class com.wix.detox.espresso.DetoxMatcher, matcherForText, [Razorpay Initialized]
03-22 21:55:17.317  9498  9623 D Detox   : class androidx.test.espresso.Espresso, onView, [(an instance of android.widget.TextView and view.getText() with or without transformation to match: is "Razorpay Initialized" and view has effective visibility <VISIBLE>)]
03-22 21:55:17.317  9498  9623 D Detox   : class com.wix.detox.espresso.DetoxMatcher, matcherForSufficientlyVisible, [75]
03-22 21:55:17.318  9498  9623 D Detox   : class com.wix.detox.espresso.DetoxAssertion, assertMatcher, [androidx.test.espresso.ViewInteraction@7209c19, (view has effective visibility <VISIBLE> and view.getGlobalVisibleRect() covers at least <75> percent of the view's area)]
03-22 21:55:17.325  9498  9498 I ViewInteraction: Checking 'MatchesViewAssertion(Detox){viewMatcher=(view has effective visibility <VISIBLE> and view.getGlobalVisibleRect() covers at least <75> percent of the view's area)}' assertion on view (an instance of android.widget.TextView and view.getText() with or without transformation to match: is "Razorpay Initialized" and view has effective visibility <VISIBLE>)
03-22 21:55:17.326  9498  9623 I DetoxWSClient: Sending out action 'invokeResult' (ID #2)
03-22 21:55:17.331  9498  9623 I DetoxDispatcher: Done with action 'invoke'
