--------- beginning of main
03-22 17:17:13.009  7419  7487 W com.detoxsampl: Accessing hidden method Landroid/os/Trace;->isTagEnabled(J)Z (unsupported, reflection, allowed)
03-22 17:17:13.009  7419  7487 W com.detoxsampl: Accessing hidden method Landroid/os/Trace;->traceBegin(JLjava/lang/String;)V (unsupported, reflection, allowed)
03-22 17:17:13.009  7419  7487 W com.detoxsampl: Accessing hidden method Landroid/os/Trace;->traceEnd(J)V (unsupported, reflection, allowed)
03-22 17:17:13.009  7419  7487 W com.detoxsampl: Accessing hidden method Landroid/os/Trace;->asyncTraceBegin(JLjava/lang/String;I)V (unsupported, reflection, allowed)
03-22 17:17:13.009  7419  7487 W com.detoxsampl: Accessing hidden method Landroid/os/Trace;->asyncTraceEnd(JLjava/lang/String;I)V (unsupported, reflection, allowed)
03-22 17:17:13.033  7419  7487 I cr_LibraryLoader: Loaded native library version number "91.0.4472.114"
03-22 17:17:13.039  7419  7487 I cr_CachingUmaRecorder: Flushed 4 samples from 4 histograms.
03-22 17:17:13.122  7419  7486 I ReactNativeJS: Running "DetoxSample" with {"rootTag":1}
03-22 17:17:13.252  7419  7419 D CompatibilityChangeReporter: Compat change id reported: 171228096; UID 10150; state: ENABLED
03-22 17:17:13.253  7419  7419 W com.detoxsampl: Accessing hidden field Landroid/widget/ScrollView;->mScroller:Landroid/widget/OverScroller; (unsupported, reflection, allowed)
03-22 17:17:13.308  7419  7419 I Detox   : Wait is over: app is now idle!
03-22 17:17:13.310  7419  7488 I DetoxWSClient: Sending out action 'ready' (ID #-1000)
03-22 17:17:13.311  7419  7488 I DetoxDispatcher: Done with action 'isReady'
03-22 17:17:13.311  7419  7488 I DetoxDispatcher: Handling action 'loginSuccess' (ID #0)...
03-22 17:17:13.311  7419  7488 I DetoxDispatcher: Done with action 'loginSuccess'
03-22 17:17:13.311  7419  7488 I DetoxDispatcher: Handling action 'isReady' (ID #-1000)...
03-22 17:17:13.316  7419  7419 I Detox   : Wait is over: app is now idle!
03-22 17:17:13.316  7419  7488 I DetoxWSClient: Sending out action 'ready' (ID #-1000)
03-22 17:17:13.317  7419  7488 I DetoxDispatcher: Done with action 'isReady'
03-22 17:17:13.391  7419  7492 D DetoxWSClient: Received action 'invoke' (ID #1, params={"target":{"type":"Class","value":"com.wix.detox.espresso.EspressoDetox"},"method":"perform","args":[{"type":"Invocation","value":{"target":{"type":"Class","value":"androidx.test.espresso.Espresso"},"method":"onView","args":[{"type":"Invocation","value":{"target":{"type":"Class","value":"com.wix.detox.espresso.DetoxMatcher"},"method":"matcherForTestId","args":["initRazorpay"]}}]}},{"type":"Invocation","value":{"target":{"type":"Class","value":"com.wix.detox.espresso.DetoxViewActions"},"method":"click","args":[]}}]})
03-22 17:17:13.393  7419  7488 I DetoxDispatcher: Handling action 'invoke' (ID #1)...
03-22 17:17:13.398  7419  7488 D Detox   : class com.wix.detox.espresso.DetoxMatcher, matcherForTestId, [initRazorpay]
03-22 17:17:13.403  7419  7488 D Detox   : class androidx.test.espresso.Espresso, onView, [(view.getTag() is "initRazorpay" and view has effective visibility <VISIBLE>)]
03-22 17:17:13.404  7419  7488 D Detox   : class com.wix.detox.espresso.DetoxViewActions, click, []
03-22 17:17:13.406  7419  7488 W com.detoxsampl: Accessing hidden method Landroid/view/ViewConfiguration;->getDoubleTapMinTime()I (unsupported, reflection, allowed)
03-22 17:17:13.411  7419  7488 D Detox   : class com.wix.detox.espresso.EspressoDetox, perform, [androidx.test.espresso.ViewInteraction@77f187d, com.wix.detox.espresso.action.RNClickAction@841b372]
03-22 17:17:13.423  7419  7419 W com.detoxsampl: Accessing hidden method Landroid/view/WindowManagerGlobal;->getInstance()Landroid/view/WindowManagerGlobal; (unsupported, reflection, allowed)
03-22 17:17:13.423  7419  7419 W com.detoxsampl: Accessing hidden field Landroid/view/WindowManagerGlobal;->mViews:Ljava/util/ArrayList; (unsupported, reflection, allowed)
03-22 17:17:13.423  7419  7419 W com.detoxsampl: Accessing hidden field Landroid/view/WindowManagerGlobal;->mParams:Ljava/util/ArrayList; (unsupported, reflection, allowed)
03-22 17:17:13.427  7419  7419 I ViewInteraction: Performing 'com.wix.detox.espresso.action.detoxsingletap@ee54440 click' action on view (view.getTag() is "initRazorpay" and view has effective visibility <VISIBLE>)
03-22 17:17:13.478  7419  7486 I ReactNativeJS: clicked
03-22 17:17:13.492  7419  7476 D EGL_emulation: app_time_stats: avg=266.86ms min=1.86ms max=824.67ms count=4
03-22 17:17:14.064  7419  7419 I Detox   : AnimatedModule is busy.
03-22 17:17:14.068  7419  7419 I Detox   : AnimatedModule is busy.
03-22 17:17:14.078  7419  7419 I Detox   : AnimatedModule is busy.
03-22 17:17:14.096  7419  7419 I Detox   : AnimatedModule is busy.
03-22 17:17:14.113  7419  7419 I Detox   : AnimatedModule is busy.
03-22 17:17:14.132  7419  7419 I Detox   : AnimatedModule is busy.
03-22 17:17:14.145  7419  7419 I Detox   : AnimatedModule is busy.
03-22 17:17:14.162  7419  7419 I Detox   : AnimatedModule is busy.
03-22 17:17:14.181  7419  7419 I Detox   : AnimatedModule is busy.
03-22 17:17:14.197  7419  7419 I Detox   : AnimatedModule is busy.
03-22 17:17:14.212  7419  7419 I Detox   : AnimatedModule is busy.
03-22 17:17:14.228  7419  7419 I Detox   : AnimatedModule is busy.
03-22 17:17:14.738  7419  7488 I DetoxWSClient: Sending out action 'invokeResult' (ID #1)
03-22 17:17:14.739  7419  7488 I DetoxDispatcher: Done with action 'invoke'
03-22 17:17:14.749  7419  7492 D DetoxWSClient: Received action 'invoke' (ID #2, params={"target":{"type":"Class","value":"com.wix.detox.espresso.DetoxAssertion"},"method":"assertMatcher","args":[{"type":"Invocation","value":{"target":{"type":"Class","value":"androidx.test.espresso.Espresso"},"method":"onView","args":[{"type":"Invocation","value":{"target":{"type":"Class","value":"com.wix.detox.espresso.DetoxMatcher"},"method":"matcherForText","args":["Razorpay Initialized"]}}]}},{"type":"Invocation","value":{"target":{"type":"Class","value":"com.wix.detox.espresso.DetoxMatcher"},"method":"matcherForSufficientlyVisible","args":[{"type":"Integer","value":75}]}}]})
03-22 17:17:14.750  7419  7488 I DetoxDispatcher: Handling action 'invoke' (ID #2)...
03-22 17:17:14.751  7419  7488 D Detox   : class com.wix.detox.espresso.DetoxMatcher, matcherForText, [Razorpay Initialized]
03-22 17:17:14.752  7419  7488 D Detox   : class androidx.test.espresso.Espresso, onView, [(an instance of android.widget.TextView and view.getText() with or without transformation to match: is "Razorpay Initialized" and view has effective visibility <VISIBLE>)]
03-22 17:17:14.752  7419  7488 D Detox   : class com.wix.detox.espresso.DetoxMatcher, matcherForSufficientlyVisible, [75]
03-22 17:17:14.753  7419  7488 D Detox   : class com.wix.detox.espresso.DetoxAssertion, assertMatcher, [androidx.test.espresso.ViewInteraction@be9e18c, (view has effective visibility <VISIBLE> and view.getGlobalVisibleRect() covers at least <75> percent of the view's area)]
03-22 17:17:14.761  7419  7419 I ViewInteraction: Checking 'MatchesViewAssertion(Detox){viewMatcher=(view has effective visibility <VISIBLE> and view.getGlobalVisibleRect() covers at least <75> percent of the view's area)}' assertion on view (an instance of android.widget.TextView and view.getText() with or without transformation to match: is "Razorpay Initialized" and view has effective visibility <VISIBLE>)
03-22 17:17:14.763  7419  7488 I DetoxWSClient: Sending out action 'invokeResult' (ID #2)
03-22 17:17:14.764  7419  7488 I DetoxDispatcher: Done with action 'invoke'
