--------- beginning of main
03-22 01:33:50.364   321   321 I com.detoxsampl: Late-enabling -Xcheck:jni
03-22 01:33:50.406   321   321 I com.detoxsampl: Unquickening 19 vdex files!
--------- beginning of system
03-22 01:33:50.489   321   321 W ActivityThread: Package uses different ABI(s) than its instrumentation: package[com.detoxsample]: arm64-v8a, null instrumentation[com.detoxsample.test]: null, null
03-22 01:33:50.491   321   321 I Typeface: Current DefaultTypeface ( lgtravel )
03-22 01:33:50.496   321   321 I com.detoxsampl: The ClassLoaderContext is a special shared library.
03-22 01:33:50.508   321   321 I chatty  : uid=10508(com.detoxsample) identical 2 lines
03-22 01:33:50.513   321   321 I com.detoxsampl: The ClassLoaderContext is a special shared library.
03-22 01:33:50.788   321   321 D ApplicationLoaders: Returning zygote-cached class loader: /system/framework/android.test.base.jar
03-22 01:33:50.788   321   321 D ApplicationLoaders: Returning zygote-cached class loader: /system/framework/android.test.base.jar
03-22 01:33:50.789   321   321 I com.detoxsampl: The ClassLoaderContext is a special shared library.
03-22 01:33:50.793   321   321 D ApplicationLoaders: Returning zygote-cached class loader: /system/framework/android.test.base.jar
03-22 01:33:50.793   321   321 D ApplicationLoaders: Returning zygote-cached class loader: /system/framework/android.test.base.jar
03-22 01:33:50.794   321   321 I com.detoxsampl: The ClassLoaderContext is a special shared library.
03-22 01:33:50.800   321   321 I chatty  : uid=10508(com.detoxsample) identical 2 lines
03-22 01:33:50.801   321   321 I com.detoxsampl: The ClassLoaderContext is a special shared library.
03-22 01:33:51.060   321   321 W com.detoxsampl: Accessing hidden method Landroid/app/Instrumentation;->execStartActivity(Landroid/content/Context;Landroid/os/IBinder;Landroid/os/IBinder;Landroid/app/Activity;Landroid/content/Intent;ILandroid/os/Bundle;)Landroid/app/Instrumentation$ActivityResult; (greylist, linking, allowed)
03-22 01:33:51.060   321   321 W com.detoxsampl: Accessing hidden method Landroid/app/Instrumentation;->execStartActivity(Landroid/content/Context;Landroid/os/IBinder;Landroid/os/IBinder;Ljava/lang/String;Landroid/content/Intent;ILandroid/os/Bundle;)Landroid/app/Instrumentation$ActivityResult; (greylist, linking, allowed)
03-22 01:33:51.068   321   321 D NetworkSecurityConfig: Using Network Security Config from resource network_security_config debugBuild: true
03-22 01:33:51.070   321   321 D NetworkSecurityConfig: Using Network Security Config from resource network_security_config debugBuild: true
03-22 01:33:51.072   321   321 I MonitoringInstr: Instrumentation started!
03-22 01:33:51.087   321   321 V TestEventClient: No service name argument was given (testDiscoveryService, testRunEventService or orchestratorService)
03-22 01:33:51.093   321   321 D SoLoader: init start
03-22 01:33:51.094   321   321 D SoLoader: adding system library source: /vendor/lib64
03-22 01:33:51.095   321   321 D SoLoader: adding system library source: /system/lib64
03-22 01:33:51.095   321   321 D SoLoader: adding application source: com.facebook.soloader.DirectorySoSource[root = /data/app/~~UavNe9gSWtsY0v6Vfp7zbQ==/com.detoxsample-Imb5op9aayGdC-4nIPZjeQ==/lib/arm64 flags = 0]
03-22 01:33:51.097   321   321 D SoLoader: adding backup source from : com.facebook.soloader.ApkSoSource[root = /data/data/com.detoxsample/lib-main flags = 1]
03-22 01:33:51.097   321   321 D SoLoader: Preparing SO source: com.facebook.soloader.DirectorySoSource[root = /system/lib64 flags = 2]
03-22 01:33:51.097   321   321 D SoLoader: Preparing SO source: com.facebook.soloader.DirectorySoSource[root = /vendor/lib64 flags = 2]
03-22 01:33:51.097   321   321 D SoLoader: Preparing SO source: com.facebook.soloader.DirectorySoSource[root = /data/app/~~UavNe9gSWtsY0v6Vfp7zbQ==/com.detoxsample-Imb5op9aayGdC-4nIPZjeQ==/lib/arm64 flags = 0]
03-22 01:33:51.097   321   321 D SoLoader: Preparing SO source: com.facebook.soloader.ApkSoSource[root = /data/data/com.detoxsample/lib-main flags = 1]
03-22 01:33:51.099   321   321 V fb-UnpackingSoSource: locked dso store /data/user/0/com.detoxsample/lib-main
03-22 01:33:51.102   321   321 V fb-UnpackingSoSource: deps mismatch on deps store: regenerating
03-22 01:33:51.102   321   321 V fb-UnpackingSoSource: so store dirty: regenerating
03-22 01:33:51.167   321   321 D ApkSoSource: not allowing consideration of lib/arm64-v8a/libbetter.so: deferring to libdir
03-22 01:33:51.167   321   321 D ApkSoSource: not allowing consideration of lib/arm64-v8a/libc++_shared.so: deferring to libdir
03-22 01:33:51.167   321   321 D ApkSoSource: not allowing consideration of lib/arm64-v8a/libevent-2.1.so: deferring to libdir
03-22 01:33:51.167   321   321 D ApkSoSource: not allowing consideration of lib/arm64-v8a/libevent_core-2.1.so: deferring to libdir
03-22 01:33:51.167   321   321 D ApkSoSource: not allowing consideration of lib/arm64-v8a/libevent_extra-2.1.so: deferring to libdir
03-22 01:33:51.168   321   321 D ApkSoSource: not allowing consideration of lib/arm64-v8a/libfabricjni.so: deferring to libdir
03-22 01:33:51.168   321   321 D ApkSoSource: not allowing consideration of lib/arm64-v8a/libfb.so: deferring to libdir
03-22 01:33:51.168   321   321 D ApkSoSource: not allowing consideration of lib/arm64-v8a/libfbjni.so: deferring to libdir
03-22 01:33:51.168   321   321 D ApkSoSource: not allowing consideration of lib/arm64-v8a/libflipper.so: deferring to libdir
03-22 01:33:51.168   321   321 D ApkSoSource: not allowing consideration of lib/arm64-v8a/libfolly_futures.so: deferring to libdir
03-22 01:33:51.168   321   321 D ApkSoSource: not allowing consideration of lib/arm64-v8a/libfolly_json.so: deferring to libdir
03-22 01:33:51.168   321   321 D ApkSoSource: not allowing consideration of lib/arm64-v8a/libglog.so: deferring to libdir
03-22 01:33:51.168   321   321 D ApkSoSource: not allowing consideration of lib/arm64-v8a/libglog_init.so: deferring to libdir
03-22 01:33:51.168   321   321 D ApkSoSource: not allowing consideration of lib/arm64-v8a/libimagepipeline.so: deferring to libdir
03-22 01:33:51.168   321   321 D ApkSoSource: not allowing consideration of lib/arm64-v8a/libjsc.so: deferring to libdir
03-22 01:33:51.168   321   321 D ApkSoSource: not allowing consideration of lib/arm64-v8a/libjscexecutor.so: deferring to libdir
03-22 01:33:51.168   321   321 D ApkSoSource: not allowing consideration of lib/arm64-v8a/libjsi.so: deferring to libdir
03-22 01:33:51.168   321   321 D ApkSoSource: not allowing consideration of lib/arm64-v8a/libjsijniprofiler.so: deferring to libdir
03-22 01:33:51.169   321   321 D ApkSoSource: not allowing consideration of lib/arm64-v8a/libjsinspector.so: deferring to libdir
03-22 01:33:51.169   321   321 D ApkSoSource: not allowing consideration of lib/arm64-v8a/liblogger.so: deferring to libdir
03-22 01:33:51.169   321   321 D ApkSoSource: not allowing consideration of lib/arm64-v8a/libmapbufferjni.so: deferring to libdir
03-22 01:33:51.169   321   321 D ApkSoSource: not allowing consideration of lib/arm64-v8a/libnative-filters.so: deferring to libdir
03-22 01:33:51.169   321   321 D ApkSoSource: not allowing consideration of lib/arm64-v8a/libnative-imagetranscoder.so: deferring to libdir
03-22 01:33:51.169   321   321 D ApkSoSource: not allowing consideration of lib/arm64-v8a/libreact_codegen_rncore.so: deferring to libdir
03-22 01:33:51.169   321   321 D ApkSoSource: not allowing consideration of lib/arm64-v8a/libreact_debug.so: deferring to libdir
03-22 01:33:51.169   321   321 D ApkSoSource: not allowing consideration of lib/arm64-v8a/libreact_nativemodule_core.so: deferring to libdir
03-22 01:33:51.169   321   321 D ApkSoSource: not allowing consideration of lib/arm64-v8a/libreact_render_animations.so: deferring to libdir
03-22 01:33:51.169   321   321 D ApkSoSource: not allowing consideration of lib/arm64-v8a/libreact_render_attributedstring.so: deferring to libdir
03-22 01:33:51.169   321   321 D ApkSoSource: not allowing consideration of lib/arm64-v8a/libreact_render_componentregistry.so: deferring to libdir
03-22 01:33:51.169   321   321 D ApkSoSource: not allowing consideration of lib/arm64-v8a/libreact_render_core.so: deferring to libdir
03-22 01:33:51.170   321   321 D ApkSoSource: not allowing consideration of lib/arm64-v8a/libreact_render_debug.so: deferring to libdir
03-22 01:33:51.170   321   321 D ApkSoSource: not allowing consideration of lib/arm64-v8a/libreact_render_graphics.so: deferring to libdir
03-22 01:33:51.170   321   321 D ApkSoSource: not allowing consideration of lib/arm64-v8a/libreact_render_imagemanager.so: deferring to libdir
03-22 01:33:51.170   321   321 D ApkSoSource: not allowing consideration of lib/arm64-v8a/libreact_render_leakchecker.so: deferring to libdir
03-22 01:33:51.170   321   321 D ApkSoSource: not allowing consideration of lib/arm64-v8a/libreact_render_mapbuffer.so: deferring to libdir
03-22 01:33:51.170   321   321 D ApkSoSource: not allowing consideration of lib/arm64-v8a/libreact_render_mounting.so: deferring to libdir
03-22 01:33:51.170   321   321 D ApkSoSource: not allowing consideration of lib/arm64-v8a/libreact_render_runtimescheduler.so: deferring to libdir
03-22 01:33:51.170   321   321 D ApkSoSource: not allowing consideration of lib/arm64-v8a/libreact_render_scheduler.so: deferring to libdir
03-22 01:33:51.170   321   321 D ApkSoSource: not allowing consideration of lib/arm64-v8a/libreact_render_telemetry.so: deferring to libdir
03-22 01:33:51.170   321   321 D ApkSoSource: not allowing consideration of lib/arm64-v8a/libreact_render_templateprocessor.so: deferring to libdir
03-22 01:33:51.170   321   321 D ApkSoSource: not allowing consideration of lib/arm64-v8a/libreact_render_textlayoutmanager.so: deferring to libdir
03-22 01:33:51.171   321   321 D ApkSoSource: not allowing consideration of lib/arm64-v8a/libreact_render_uimanager.so: deferring to libdir
03-22 01:33:51.171   321   321 D ApkSoSource: not allowing consideration of lib/arm64-v8a/libreact_utils.so: deferring to libdir
03-22 01:33:51.171   321   321 D ApkSoSource: not allowing consideration of lib/arm64-v8a/libreactconfig.so: deferring to libdir
03-22 01:33:51.171   321   321 D ApkSoSource: not allowing consideration of lib/arm64-v8a/libreactnativeblob.so: deferring to libdir
03-22 01:33:51.171   321   321 D ApkSoSource: not allowing consideration of lib/arm64-v8a/libreactnativejni.so: deferring to libdir
03-22 01:33:51.171   321   321 D ApkSoSource: not allowing consideration of lib/arm64-v8a/libreactnativeutilsjni.so: deferring to libdir
03-22 01:33:51.171   321   321 D ApkSoSource: not allowing consideration of lib/arm64-v8a/libreactperfloggerjni.so: deferring to libdir
03-22 01:33:51.171   321   321 D ApkSoSource: not allowing consideration of lib/arm64-v8a/librrc_image.so: deferring to libdir
03-22 01:33:51.171   321   321 D ApkSoSource: not allowing consideration of lib/arm64-v8a/librrc_modal.so: deferring to libdir
03-22 01:33:51.171   321   321 D ApkSoSource: not allowing consideration of lib/arm64-v8a/librrc_progressbar.so: deferring to libdir
03-22 01:33:51.172   321   321 D ApkSoSource: not allowing consideration of lib/arm64-v8a/librrc_root.so: deferring to libdir
03-22 01:33:51.172   321   321 D ApkSoSource: not allowing consideration of lib/arm64-v8a/librrc_scrollview.so: deferring to libdir
03-22 01:33:51.172   321   321 D ApkSoSource: not allowing consideration of lib/arm64-v8a/librrc_slider.so: deferring to libdir
03-22 01:33:51.172   321   321 D ApkSoSource: not allowing consideration of lib/arm64-v8a/librrc_switch.so: deferring to libdir
03-22 01:33:51.172   321   321 D ApkSoSource: not allowing consideration of lib/arm64-v8a/librrc_text.so: deferring to libdir
03-22 01:33:51.172   321   321 D ApkSoSource: not allowing consideration of lib/arm64-v8a/librrc_textinput.so: deferring to libdir
03-22 01:33:51.172   321   321 D ApkSoSource: not allowing consideration of lib/arm64-v8a/librrc_unimplementedview.so: deferring to libdir
03-22 01:33:51.172   321   321 D ApkSoSource: not allowing consideration of lib/arm64-v8a/librrc_view.so: deferring to libdir
03-22 01:33:51.172   321   321 D ApkSoSource: not allowing consideration of lib/arm64-v8a/libturbomodulejsijni.so: deferring to libdir
03-22 01:33:51.172   321   321 D ApkSoSource: not allowing consideration of lib/arm64-v8a/libyoga.so: deferring to libdir
03-22 01:33:51.172   321   321 V fb-UnpackingSoSource: regenerating DSO store com.facebook.soloader.ApkSoSource
03-22 01:33:51.173   321   321 V fb-UnpackingSoSource: Finished regenerating DSO store com.facebook.soloader.ApkSoSource
03-22 01:33:51.173   321   321 V fb-UnpackingSoSource: starting syncer worker
03-22 01:33:51.181   321   321 V fb-UnpackingSoSource: releasing dso store lock for /data/user/0/com.detoxsample/lib-main (from syncer thread)
03-22 01:33:51.181   321   321 V fb-UnpackingSoSource: not releasing dso store lock for /data/user/0/com.detoxsample/lib-main (syncer thread started)
03-22 01:33:51.182   321   321 D SoLoader: init finish: 4 SO sources prepared
03-22 01:33:51.182   321   321 D SoLoader: init exiting
03-22 01:33:51.204   321   321 D SoLoader: init exiting
03-22 01:33:51.204   321   321 D SoLoader: About to load: libjscexecutor.so
03-22 01:33:51.205   321   321 D SoLoader: libjscexecutor.so not found on /data/data/com.detoxsample/lib-main
03-22 01:33:51.205   321   321 D SoLoader: libjscexecutor.so found on /data/app/~~UavNe9gSWtsY0v6Vfp7zbQ==/com.detoxsample-Imb5op9aayGdC-4nIPZjeQ==/lib/arm64
03-22 01:33:51.205   321   321 D SoLoader: Not resolving dependencies for libjscexecutor.so
03-22 01:33:51.310   321   321 D JavaScriptCore.Version: 250230.2.1
03-22 01:33:51.311   321   321 D SoLoader: Loaded: libjscexecutor.so
03-22 01:33:51.314   321   321 D SoLoader: init exiting
03-22 01:33:51.443   321   321 I SensorManager: registerListenerImpl() [Sensor: LGE Accelerometer Non-wakeup, Rate: 66667, SensorEventListener: com.facebook.react.common.ShakeDetector@717fc72] by com.facebook.react.common.ShakeDetector.start():60
03-22 01:33:51.459   321   728 D SoLoader: About to load: libfbjni.so
03-22 01:33:51.459   321   728 D SoLoader: libfbjni.so not found on /data/data/com.detoxsample/lib-main
03-22 01:33:51.459   321   728 D SoLoader: libfbjni.so found on /data/app/~~UavNe9gSWtsY0v6Vfp7zbQ==/com.detoxsample-Imb5op9aayGdC-4nIPZjeQ==/lib/arm64
03-22 01:33:51.459   321   728 D SoLoader: Not resolving dependencies for libfbjni.so
03-22 01:33:51.461   321   728 D SoLoader: Loaded: libfbjni.so
03-22 01:33:51.461   321   728 D SoLoader: About to load: libflipper.so
03-22 01:33:51.461   321   728 D SoLoader: libflipper.so not found on /data/data/com.detoxsample/lib-main
03-22 01:33:51.461   321   728 D SoLoader: libflipper.so found on /data/app/~~UavNe9gSWtsY0v6Vfp7zbQ==/com.detoxsample-Imb5op9aayGdC-4nIPZjeQ==/lib/arm64
03-22 01:33:51.461   321   728 D SoLoader: Not resolving dependencies for libflipper.so
03-22 01:33:51.513   321   728 D SoLoader: Loaded: libflipper.so
03-22 01:33:51.536   321   321 W com.detoxsampl: Accessing hidden field Landroid/view/View;->mKeyedTags:Landroid/util/SparseArray; (greylist, reflection, allowed)
03-22 01:33:51.536   321   321 W com.detoxsampl: Accessing hidden field Landroid/view/View;->mListenerInfo:Landroid/view/View$ListenerInfo; (greylist, reflection, allowed)
03-22 01:33:51.537   321   321 W com.detoxsampl: Accessing hidden field Landroid/view/View$ListenerInfo;->mOnClickListener:Landroid/view/View$OnClickListener; (greylist, reflection, allowed)
03-22 01:33:51.543   321   321 I flipper : flipper: FlipperClient::addPlugin Inspector
03-22 01:33:51.543   321   321 I flipper : flipper: FlipperClient::addPlugin React
03-22 01:33:51.546   321   321 I flipper : flipper: FlipperClient::addPlugin Databases
03-22 01:33:51.548   321   321 I flipper : flipper: FlipperClient::addPlugin Preferences
03-22 01:33:51.548   321   321 I flipper : flipper: FlipperClient::addPlugin CrashReporter
03-22 01:33:51.551   321   321 I flipper : flipper: FlipperClient::addPlugin Network
03-22 01:33:51.590   321   622 I UsageTrackerFacilitator: Usage tracking enabled
03-22 01:33:51.593   321   622 I TestRequestBuilder: Scanning classpath to find tests in paths [/data/app/~~tG2KGZWrapD0eKR9YkFX8A==/com.detoxsample.test-Hl4UDcbYmZSYMPgUPbm99g==/base.apk]
03-22 01:33:51.594   321   622 W com.detoxsampl: Opening an oat file without a class loader. Are you using the deprecated DexFile APIs?
03-22 01:33:52.525   321   734 D SoLoader: About to load: libreactnativejni.so
03-22 01:33:52.526   321   734 D SoLoader: libreactnativejni.so not found on /data/data/com.detoxsample/lib-main
03-22 01:33:52.526   321   734 D SoLoader: libreactnativejni.so found on /data/app/~~UavNe9gSWtsY0v6Vfp7zbQ==/com.detoxsample-Imb5op9aayGdC-4nIPZjeQ==/lib/arm64
03-22 01:33:52.526   321   734 D SoLoader: Not resolving dependencies for libreactnativejni.so
03-22 01:33:52.529   321   734 D SoLoader: Loaded: libreactnativejni.so
03-22 01:33:52.554   321   622 D TestExecutor: Adding listener androidx.test.internal.runner.listener.LogRunListener
03-22 01:33:52.554   321   622 D TestExecutor: Adding listener androidx.test.internal.runner.listener.InstrumentationResultPrinter
03-22 01:33:52.554   321   622 D TestExecutor: Adding listener androidx.test.internal.runner.listener.ActivityFinisherRunListener
03-22 01:33:52.556   321   622 I TestRunner: run started: 1 tests
03-22 01:33:52.559   321   622 I TestRunner: started: runDetoxTests(com.detoxsample.DetoxTest)
03-22 01:33:52.580   321   622 D EventInjectionStrategy: Creating injection strategy with input manager.
03-22 01:33:52.581   321   622 W com.detoxsampl: Accessing hidden method Landroid/hardware/input/InputManager;->getInstance()Landroid/hardware/input/InputManager; (greylist, reflection, allowed)
03-22 01:33:52.584   321   622 W com.detoxsampl: Accessing hidden method Landroid/hardware/input/InputManager;->injectInputEvent(Landroid/view/InputEvent;I)Z (greylist, reflection, allowed)
03-22 01:33:52.584   321   622 W com.detoxsampl: Accessing hidden field Landroid/hardware/input/InputManager;->INJECT_INPUT_EVENT_MODE_WAIT_FOR_FINISH:I (greylist, reflection, allowed)
03-22 01:33:52.598   321   622 W com.detoxsampl: Accessing hidden field Ljava/lang/reflect/Field;->accessFlags:I (greylist, reflection, allowed)
03-22 01:33:52.818   321   321 D LifecycleMonitor: Lifecycle status change: com.detoxsample.MainActivity@f740cfb in: PRE_ON_CREATE
03-22 01:33:52.914   321   321 W com.detoxsampl: Accessing hidden method Landroid/view/View;->computeFitSystemWindows(Landroid/graphics/Rect;Landroid/graphics/Rect;)Z (greylist, reflection, allowed)
03-22 01:33:52.915   321   321 W com.detoxsampl: Accessing hidden method Landroid/view/ViewGroup;->makeOptionalFitsSystemWindows()V (greylist, reflection, allowed)
03-22 01:33:52.931   321   321 D LifecycleMonitor: Lifecycle status change: com.detoxsample.MainActivity@f740cfb in: CREATED
03-22 01:33:52.935   321   321 D LifecycleMonitor: Lifecycle status change: com.detoxsample.MainActivity@f740cfb in: STARTED
03-22 01:33:52.945   321   321 D LifecycleMonitor: Lifecycle status change: com.detoxsample.MainActivity@f740cfb in: RESUMED
03-22 01:33:52.973   321   321 I TouchFilterInputStageHelper: [needTouchEventFilter] Displayid : 0
03-22 01:33:52.976   321   321 D HandGripFilter: getdisplaysize, x : 1080 y : 2340
03-22 01:33:52.984   321   321 W unknown:ReactNative: Packager connection already open, nooping.
03-22 01:33:53.012   321   808 I AdrenoGLES-0: QUALCOMM build                   : 59e4ca3, Ic42881d075
03-22 01:33:53.012   321   808 I AdrenoGLES-0: Build Date                       : 01/07/21
03-22 01:33:53.012   321   808 I AdrenoGLES-0: OpenGL ES Shader Compiler Version: EV031.32.02.06
03-22 01:33:53.012   321   808 I AdrenoGLES-0: Local Branch                     : mybrancheb50fcd0-9e7c-f130-bc5f-5cb90179c3d8
03-22 01:33:53.012   321   808 I AdrenoGLES-0: Remote Branch                    : quic/gfx-adreno.lnx.1.0.r99-rel
03-22 01:33:53.012   321   808 I AdrenoGLES-0: Remote Branch                    : NONE
03-22 01:33:53.012   321   808 I AdrenoGLES-0: Reconstruct Branch               : NOTHING
03-22 01:33:53.012   321   808 I AdrenoGLES-0: Build Config                     : S P 10.0.7 AArch64
03-22 01:33:53.012   321   808 I AdrenoGLES-0: Driver Path                      : /vendor/lib64/egl/libGLESv2_adreno.so
03-22 01:33:53.028   321   808 I AdrenoGLES-0: PFP: 0x016ee190, ME: 0x00000000
03-22 01:33:53.228   321   321 I TouchFilterInputStageHelper: [needTouchEventFilter] Displayid : 0
03-22 01:33:53.229   321   321 D HandGripFilter: getdisplaysize, x : 1080 y : 2340
03-22 01:33:53.281   321   321 I Timeline: Timeline: Activity_idle id: ActivityRecord{ed0e190 token=android.os.BinderProxy@962d73d {com.detoxsample/com.detoxsample.MainActivity}} time:381185510
03-22 01:33:53.289   321   622 I Detox   : Detox server connection details: url=ws://localhost:63240, sessionId=6b22f8b4-10af-4a89-dc82-85d98e1ed414
03-22 01:33:53.300   321   818 I DetoxDispatcher: Handling action '_init' (ID #0)...
03-22 01:33:53.300   321   818 I Detox   : Connecting to server...
03-22 01:33:53.300   321   818 I DetoxWSClient: At connectToServer
03-22 01:33:53.330   321   822 D DetoxWSClient: At onOpen
03-22 01:33:53.330   321   822 I DetoxWSClient: Sending out action 'login' (ID #0)
03-22 01:33:53.332   321   822 I Detox   : Connected to server!
03-22 01:33:53.342   321   822 D DetoxWSClient: Received action 'loginSuccess' (ID #0, params={"testerConnected":true,"appConnected":true})
03-22 01:33:53.346   321   815 W unknown:ReactContext: initializeMessageQueueThreads() is called.
03-22 01:33:53.352   321   321 W unknown:ReactNative: Packager connection already open, nooping.
03-22 01:33:53.372   321   822 D DetoxWSClient: Received action 'isReady' (ID #-1000, params={})
03-22 01:33:53.398   321   821 W unknown:ViewManagerPropertyUpdater: Could not find generated setter for class com.facebook.react.views.drawer.ReactDrawerLayoutManager
03-22 01:33:53.404   321   821 W unknown:ViewManagerPropertyUpdater: Could not find generated setter for class com.facebook.react.uimanager.LayoutShadowNode
03-22 01:33:53.407   321   821 W unknown:ViewManagerPropertyUpdater: Could not find generated setter for class com.facebook.react.views.scroll.ReactHorizontalScrollViewManager
03-22 01:33:53.410   321   821 W unknown:ViewManagerPropertyUpdater: Could not find generated setter for class com.facebook.react.views.scroll.ReactHorizontalScrollContainerViewManager
03-22 01:33:53.411   321   821 W unknown:ViewManagerPropertyUpdater: Could not find generated setter for class com.facebook.react.views.progressbar.ReactProgressBarViewManager
03-22 01:33:53.413   321   821 W unknown:ViewManagerPropertyUpdater: Could not find generated setter for class com.facebook.react.views.progressbar.ProgressBarShadowNode
03-22 01:33:53.415   321   821 W unknown:ViewManagerPropertyUpdater: Could not find generated setter for class com.facebook.react.views.scroll.ReactScrollViewManager
03-22 01:33:53.417   321   821 W unknown:ViewManagerPropertyUpdater: Could not find generated setter for class com.facebook.react.views.slider.ReactSliderManager
03-22 01:33:53.419   321   821 W unknown:ViewManagerPropertyUpdater: Could not find generated setter for class com.facebook.react.views.slider.ReactSliderManager$ReactSliderShadowNode
03-22 01:33:53.420   321   821 W unknown:ViewManagerPropertyUpdater: Could not find generated setter for class com.facebook.react.views.switchview.ReactSwitchManager
03-22 01:33:53.421   321   821 W unknown:ViewManagerPropertyUpdater: Could not find generated setter for class com.facebook.react.views.switchview.ReactSwitchManager$ReactSwitchShadowNode
03-22 01:33:53.422   321   821 W unknown:ViewManagerPropertyUpdater: Could not find generated setter for class com.facebook.react.views.swiperefresh.SwipeRefreshLayoutManager
03-22 01:33:53.424   321   821 W unknown:ViewManagerPropertyUpdater: Could not find generated setter for class com.facebook.react.views.text.frescosupport.FrescoBasedReactTextInlineImageViewManager
03-22 01:33:53.424   321   821 W unknown:ViewManagerPropertyUpdater: Could not find generated setter for class com.facebook.react.views.text.frescosupport.FrescoBasedReactTextInlineImageShadowNode
03-22 01:33:53.426   321   821 W unknown:ViewManagerPropertyUpdater: Could not find generated setter for class com.facebook.react.views.image.ReactImageManager
03-22 01:33:53.428   321   821 W unknown:ViewManagerPropertyUpdater: Could not find generated setter for class com.facebook.react.views.modal.ReactModalHostManager
03-22 01:33:53.429   321   821 W unknown:ViewManagerPropertyUpdater: Could not find generated setter for class com.facebook.react.views.modal.ModalHostShadowNode
03-22 01:33:53.430   321   821 W unknown:ViewManagerPropertyUpdater: Could not find generated setter for class com.facebook.react.views.text.ReactRawTextManager
03-22 01:33:53.430   321   821 W unknown:ViewManagerPropertyUpdater: Could not find generated setter for class com.facebook.react.views.text.ReactRawTextShadowNode
03-22 01:33:53.431   321   821 W unknown:ViewManagerPropertyUpdater: Could not find generated setter for class com.facebook.react.views.textinput.ReactTextInputManager
03-22 01:33:53.435   321   821 W unknown:ViewManagerPropertyUpdater: Could not find generated setter for class com.facebook.react.views.textinput.ReactTextInputShadowNode
03-22 01:33:53.437   321   821 W unknown:ViewManagerPropertyUpdater: Could not find generated setter for class com.facebook.react.views.text.ReactTextViewManager
03-22 01:33:53.439   321   821 W unknown:ViewManagerPropertyUpdater: Could not find generated setter for class com.facebook.react.views.text.ReactTextShadowNode
03-22 01:33:53.440   321   821 W unknown:ViewManagerPropertyUpdater: Could not find generated setter for class com.facebook.react.views.view.ReactViewManager
03-22 01:33:53.442   321   821 W unknown:ViewManagerPropertyUpdater: Could not find generated setter for class com.facebook.react.views.text.ReactVirtualTextViewManager
03-22 01:33:53.443   321   821 W unknown:ViewManagerPropertyUpdater: Could not find generated setter for class com.facebook.react.views.text.ReactVirtualTextShadowNode
03-22 01:33:53.443   321   821 W unknown:ViewManagerPropertyUpdater: Could not find generated setter for class com.facebook.react.views.unimplementedview.ReactUnimplementedViewManager
03-22 01:33:53.453   321   821 W unknown:ReactContext: initializeMessageQueueThreads() is called.
03-22 01:33:53.455   321   821 D SoLoader: About to load: libyoga.so
03-22 01:33:53.456   321   821 D SoLoader: libyoga.so not found on /data/data/com.detoxsample/lib-main
03-22 01:33:53.456   321   821 D SoLoader: libyoga.so found on /data/app/~~UavNe9gSWtsY0v6Vfp7zbQ==/com.detoxsample-Imb5op9aayGdC-4nIPZjeQ==/lib/arm64
03-22 01:33:53.456   321   821 D SoLoader: Not resolving dependencies for libyoga.so
03-22 01:33:53.457   321   821 D SoLoader: Loaded: libyoga.so
03-22 01:33:53.464   321   321 I DetoxRNLoading: Got new RN-context async'ly through listener
03-22 01:33:53.466   321   818 I DetoxRNIdleRes: Setting up Espresso Idling Resources for React Native
03-22 01:33:53.488   321   818 D AsyncStorageIR: Checking whether a custom IR for Async-Storage is required... (legacy=false)
03-22 01:33:53.489   321   818 D DetoxRNHelpers: Native RN module resolution (class com.reactnativecommunity.asyncstorage.AsyncStorageModule): no such class
03-22 01:33:53.489   321   818 D AsyncStorageIR: Checking whether a custom IR for Async-Storage is required... (legacy=true)
03-22 01:33:53.491   321   818 D AsyncStorageIR: IR for Async-Storage is required! (legacy=true)
03-22 01:33:53.498   321   321 D AsyncStorageIRLegacy: Async-storage is busy!
03-22 01:33:53.503   321   818 I DetoxDispatcher: Done with action '_init'
03-22 01:33:53.503   321   818 I DetoxDispatcher: Handling action 'isReady' (ID #-1000)...
03-22 01:33:53.508   321   821 I flipper : flipper: FlipperClient::addPlugin Fresco
03-22 01:33:53.508   321   321 W com.detoxsampl: Accessing hidden method Landroid/os/MessageQueue;->next()Landroid/os/Message; (greylist, reflection, allowed)
03-22 01:33:53.508   321   321 W com.detoxsampl: Accessing hidden field Landroid/os/MessageQueue;->mMessages:Landroid/os/Message; (greylist, reflection, allowed)
03-22 01:33:53.508   321   321 W com.detoxsampl: Accessing hidden method Landroid/os/Message;->recycleUnchecked()V (greylist, reflection, allowed)
03-22 01:33:53.613   321   820 D SoLoader: About to load: libreactnativeblob.so
03-22 01:33:53.613   321   820 D SoLoader: libreactnativeblob.so not found on /data/data/com.detoxsample/lib-main
03-22 01:33:53.613   321   820 D SoLoader: libreactnativeblob.so found on /data/app/~~UavNe9gSWtsY0v6Vfp7zbQ==/com.detoxsample-Imb5op9aayGdC-4nIPZjeQ==/lib/arm64
03-22 01:33:53.613   321   820 D SoLoader: Not resolving dependencies for libreactnativeblob.so
03-22 01:33:53.615   321   820 D SoLoader: Loaded: libreactnativeblob.so
03-22 01:33:53.682   321   821 I WebViewFactory: Loading com.google.android.webview version 99.0.4844.58 (code 484405833)
03-22 01:33:53.795   321   821 W com.detoxsampl: Accessing hidden method Landroid/os/Trace;->isTagEnabled(J)Z (greylist, reflection, allowed)
03-22 01:33:53.796   321   821 W com.detoxsampl: Accessing hidden method Landroid/os/Trace;->traceBegin(JLjava/lang/String;)V (greylist, reflection, allowed)
03-22 01:33:53.796   321   821 W com.detoxsampl: Accessing hidden method Landroid/os/Trace;->traceEnd(J)V (greylist, reflection, allowed)
03-22 01:33:53.796   321   821 W com.detoxsampl: Accessing hidden method Landroid/os/Trace;->asyncTraceBegin(JLjava/lang/String;I)V (greylist, reflection, allowed)
03-22 01:33:53.796   321   821 W com.detoxsampl: Accessing hidden method Landroid/os/Trace;->asyncTraceEnd(JLjava/lang/String;I)V (greylist, reflection, allowed)
03-22 01:33:53.804   321   821 I cr_WVCFactoryProvider: Loaded version=99.0.4844.58 minSdkVersion=29 isBundle=true multiprocess=true packageId=3
03-22 01:33:53.845   321   820 I ReactNativeJS: Running "DetoxSample" with {"rootTag":1}
03-22 01:33:53.918   321   821 I cr_LibraryLoader: Successfully loaded native library
03-22 01:33:53.928   321   821 I cr_CachingUmaRecorder: Flushed 8 samples from 8 histograms.
03-22 01:33:54.266   321   321 W com.detoxsampl: Accessing hidden field Landroid/widget/ScrollView;->mScroller:Landroid/widget/OverScroller; (greylist, reflection, allowed)
03-22 01:33:54.329   321  1133 D SoLoader: About to load: libimagepipeline.so
03-22 01:33:54.329   321  1133 D SoLoader: libimagepipeline.so not found on /data/data/com.detoxsample/lib-main
03-22 01:33:54.330   321  1133 D SoLoader: libimagepipeline.so found on /data/app/~~UavNe9gSWtsY0v6Vfp7zbQ==/com.detoxsample-Imb5op9aayGdC-4nIPZjeQ==/lib/arm64
03-22 01:33:54.330   321  1133 D SoLoader: Not resolving dependencies for libimagepipeline.so
03-22 01:33:54.340   321  1133 D SoLoader: Loaded: libimagepipeline.so
03-22 01:33:54.342   321   321 I Detox   : Wait is over: app is now idle!
03-22 01:33:54.343   321   818 I DetoxWSClient: Sending out action 'ready' (ID #-1000)
03-22 01:33:54.343   321   818 I DetoxDispatcher: Done with action 'isReady'
03-22 01:33:54.343   321   818 I DetoxDispatcher: Handling action 'loginSuccess' (ID #0)...
03-22 01:33:54.343   321   818 I DetoxDispatcher: Done with action 'loginSuccess'
03-22 01:33:54.343   321   818 I DetoxDispatcher: Handling action 'isReady' (ID #-1000)...
03-22 01:33:54.353   321   321 I Detox   : Wait is over: app is now idle!
03-22 01:33:54.353   321   818 I DetoxWSClient: Sending out action 'ready' (ID #-1000)
03-22 01:33:54.353   321   818 I DetoxDispatcher: Done with action 'isReady'
