--------- beginning of main
03-22 18:30:48.118 16555 16555 I com.detoxsampl: Late-enabling -Xcheck:jni
03-22 18:30:48.134 16555 16555 W com.detoxsampl: Unexpected CPU variant for X86 using defaults: x86_64
03-22 18:30:48.187 16555 16555 D CompatibilityChangeReporter: Compat change id reported: 171979766; UID 10176; state: DISABLED
--------- beginning of system
03-22 18:30:48.199 16555 16555 W ActivityThread: Package uses different ABI(s) than its instrumentation: package[com.detoxsample]: x86_64, null instrumentation[com.detoxsample.test]: null, null
03-22 18:30:48.390 16555 16555 V GraphicsEnvironment: ANGLE Developer option for 'com.detoxsample' set to: 'default'
03-22 18:30:48.391 16555 16555 V GraphicsEnvironment: ANGLE GameManagerService for com.detoxsample: false
03-22 18:30:48.391 16555 16555 V GraphicsEnvironment: Neither updatable production driver nor prerelease driver is supported.
03-22 18:30:48.397 16555 16555 D ApplicationLoaders: Returning zygote-cached class loader: /system/framework/android.test.base.jar
03-22 18:30:48.402 16555 16555 D ApplicationLoaders: Returning zygote-cached class loader: /system/framework/android.test.base.jar
03-22 18:30:48.606 16555 16555 D NetworkSecurityConfig: Using Network Security Config from resource network_security_config debugBuild: true
03-22 18:30:48.608 16555 16555 D NetworkSecurityConfig: Using Network Security Config from resource network_security_config debugBuild: true
03-22 18:30:48.613 16555 16555 I MonitoringInstr: Instrumentation started!
03-22 18:30:48.646 16555 16555 V TestEventClient: No service name argument was given (testDiscoveryService, testRunEventService or orchestratorService)
03-22 18:30:48.651 16555 16555 D SoLoader: init start
03-22 18:30:48.653 16555 16555 D SoLoader: adding system library source: /vendor/lib64
03-22 18:30:48.654 16555 16555 D SoLoader: adding system library source: /system/lib64
03-22 18:30:48.655 16555 16555 D SoLoader: adding application source: com.facebook.soloader.DirectorySoSource[root = /data/app/~~ROTFtk7LFTQ85lYvkqcB5w==/com.detoxsample-GNXEo0GJnFb_lQn9wN7zmg==/lib/x86_64 flags = 0]
03-22 18:30:48.659 16555 16555 D SoLoader: adding backup source from : com.facebook.soloader.ApkSoSource[root = /data/data/com.detoxsample/lib-main flags = 1]
03-22 18:30:48.659 16555 16555 D SoLoader: Preparing SO source: com.facebook.soloader.DirectorySoSource[root = /system/lib64 flags = 2]
03-22 18:30:48.660 16555 16555 D SoLoader: Preparing SO source: com.facebook.soloader.DirectorySoSource[root = /vendor/lib64 flags = 2]
03-22 18:30:48.660 16555 16555 D SoLoader: Preparing SO source: com.facebook.soloader.DirectorySoSource[root = /data/app/~~ROTFtk7LFTQ85lYvkqcB5w==/com.detoxsample-GNXEo0GJnFb_lQn9wN7zmg==/lib/x86_64 flags = 0]
03-22 18:30:48.660 16555 16555 D SoLoader: Preparing SO source: com.facebook.soloader.ApkSoSource[root = /data/data/com.detoxsample/lib-main flags = 1]
03-22 18:30:48.661 16555 16555 V fb-UnpackingSoSource: locked dso store /data/user/0/com.detoxsample/lib-main
03-22 18:30:48.665 16555 16555 V fb-UnpackingSoSource: deps mismatch on deps store: regenerating
03-22 18:30:48.665 16555 16555 V fb-UnpackingSoSource: so store dirty: regenerating
03-22 18:30:48.764 16555 16555 D ApkSoSource: not allowing consideration of lib/x86_64/libbetter.so: deferring to libdir
03-22 18:30:48.765 16555 16555 D ApkSoSource: not allowing consideration of lib/x86_64/libc++_shared.so: deferring to libdir
03-22 18:30:48.766 16555 16555 D ApkSoSource: not allowing consideration of lib/x86_64/libevent-2.1.so: deferring to libdir
03-22 18:30:48.767 16555 16555 D ApkSoSource: not allowing consideration of lib/x86_64/libevent_core-2.1.so: deferring to libdir
03-22 18:30:48.767 16555 16555 D ApkSoSource: not allowing consideration of lib/x86_64/libevent_extra-2.1.so: deferring to libdir
03-22 18:30:48.768 16555 16555 D ApkSoSource: not allowing consideration of lib/x86_64/libfabricjni.so: deferring to libdir
03-22 18:30:48.769 16555 16555 D ApkSoSource: not allowing consideration of lib/x86_64/libfb.so: deferring to libdir
03-22 18:30:48.770 16555 16555 D ApkSoSource: not allowing consideration of lib/x86_64/libfbjni.so: deferring to libdir
03-22 18:30:48.771 16555 16555 D ApkSoSource: not allowing consideration of lib/x86_64/libflipper.so: deferring to libdir
03-22 18:30:48.771 16555 16555 D ApkSoSource: not allowing consideration of lib/x86_64/libfolly_futures.so: deferring to libdir
03-22 18:30:48.772 16555 16555 D ApkSoSource: not allowing consideration of lib/x86_64/libfolly_json.so: deferring to libdir
03-22 18:30:48.773 16555 16555 D ApkSoSource: not allowing consideration of lib/x86_64/libglog.so: deferring to libdir
03-22 18:30:48.773 16555 16555 D ApkSoSource: not allowing consideration of lib/x86_64/libglog_init.so: deferring to libdir
03-22 18:30:48.774 16555 16555 D ApkSoSource: not allowing consideration of lib/x86_64/libimagepipeline.so: deferring to libdir
03-22 18:30:48.775 16555 16555 D ApkSoSource: not allowing consideration of lib/x86_64/libjsc.so: deferring to libdir
03-22 18:30:48.775 16555 16555 D ApkSoSource: not allowing consideration of lib/x86_64/libjscexecutor.so: deferring to libdir
03-22 18:30:48.775 16555 16555 D ApkSoSource: not allowing consideration of lib/x86_64/libjsi.so: deferring to libdir
03-22 18:30:48.775 16555 16555 D ApkSoSource: not allowing consideration of lib/x86_64/libjsijniprofiler.so: deferring to libdir
03-22 18:30:48.776 16555 16555 D ApkSoSource: not allowing consideration of lib/x86_64/libjsinspector.so: deferring to libdir
03-22 18:30:48.776 16555 16555 D ApkSoSource: not allowing consideration of lib/x86_64/liblogger.so: deferring to libdir
03-22 18:30:48.776 16555 16555 D ApkSoSource: not allowing consideration of lib/x86_64/libmapbufferjni.so: deferring to libdir
03-22 18:30:48.776 16555 16555 D ApkSoSource: not allowing consideration of lib/x86_64/libnative-filters.so: deferring to libdir
03-22 18:30:48.776 16555 16555 D ApkSoSource: not allowing consideration of lib/x86_64/libnative-imagetranscoder.so: deferring to libdir
03-22 18:30:48.776 16555 16555 D ApkSoSource: not allowing consideration of lib/x86_64/libreact_codegen_rncore.so: deferring to libdir
03-22 18:30:48.776 16555 16555 D ApkSoSource: not allowing consideration of lib/x86_64/libreact_debug.so: deferring to libdir
03-22 18:30:48.776 16555 16555 D ApkSoSource: not allowing consideration of lib/x86_64/libreact_nativemodule_core.so: deferring to libdir
03-22 18:30:48.776 16555 16555 D ApkSoSource: not allowing consideration of lib/x86_64/libreact_render_animations.so: deferring to libdir
03-22 18:30:48.776 16555 16555 D ApkSoSource: not allowing consideration of lib/x86_64/libreact_render_attributedstring.so: deferring to libdir
03-22 18:30:48.777 16555 16555 D ApkSoSource: not allowing consideration of lib/x86_64/libreact_render_componentregistry.so: deferring to libdir
03-22 18:30:48.777 16555 16555 D ApkSoSource: not allowing consideration of lib/x86_64/libreact_render_core.so: deferring to libdir
03-22 18:30:48.777 16555 16555 D ApkSoSource: not allowing consideration of lib/x86_64/libreact_render_debug.so: deferring to libdir
03-22 18:30:48.778 16555 16555 D ApkSoSource: not allowing consideration of lib/x86_64/libreact_render_graphics.so: deferring to libdir
03-22 18:30:48.778 16555 16555 D ApkSoSource: not allowing consideration of lib/x86_64/libreact_render_imagemanager.so: deferring to libdir
03-22 18:30:48.778 16555 16555 D ApkSoSource: not allowing consideration of lib/x86_64/libreact_render_leakchecker.so: deferring to libdir
03-22 18:30:48.778 16555 16555 D ApkSoSource: not allowing consideration of lib/x86_64/libreact_render_mapbuffer.so: deferring to libdir
03-22 18:30:48.778 16555 16555 D ApkSoSource: not allowing consideration of lib/x86_64/libreact_render_mounting.so: deferring to libdir
03-22 18:30:48.778 16555 16555 D ApkSoSource: not allowing consideration of lib/x86_64/libreact_render_runtimescheduler.so: deferring to libdir
03-22 18:30:48.779 16555 16555 D ApkSoSource: not allowing consideration of lib/x86_64/libreact_render_scheduler.so: deferring to libdir
03-22 18:30:48.780 16555 16555 D ApkSoSource: not allowing consideration of lib/x86_64/libreact_render_telemetry.so: deferring to libdir
03-22 18:30:48.780 16555 16555 D ApkSoSource: not allowing consideration of lib/x86_64/libreact_render_templateprocessor.so: deferring to libdir
03-22 18:30:48.780 16555 16555 D ApkSoSource: not allowing consideration of lib/x86_64/libreact_render_textlayoutmanager.so: deferring to libdir
03-22 18:30:48.781 16555 16555 D ApkSoSource: not allowing consideration of lib/x86_64/libreact_render_uimanager.so: deferring to libdir
03-22 18:30:48.781 16555 16555 D ApkSoSource: not allowing consideration of lib/x86_64/libreact_utils.so: deferring to libdir
03-22 18:30:48.781 16555 16555 D ApkSoSource: not allowing consideration of lib/x86_64/libreactconfig.so: deferring to libdir
03-22 18:30:48.781 16555 16555 D ApkSoSource: not allowing consideration of lib/x86_64/libreactnativeblob.so: deferring to libdir
03-22 18:30:48.781 16555 16555 D ApkSoSource: not allowing consideration of lib/x86_64/libreactnativejni.so: deferring to libdir
03-22 18:30:48.781 16555 16555 D ApkSoSource: not allowing consideration of lib/x86_64/libreactnativeutilsjni.so: deferring to libdir
03-22 18:30:48.782 16555 16555 D ApkSoSource: not allowing consideration of lib/x86_64/libreactperfloggerjni.so: deferring to libdir
03-22 18:30:48.782 16555 16555 D ApkSoSource: not allowing consideration of lib/x86_64/librrc_image.so: deferring to libdir
03-22 18:30:48.782 16555 16555 D ApkSoSource: not allowing consideration of lib/x86_64/librrc_modal.so: deferring to libdir
03-22 18:30:48.782 16555 16555 D ApkSoSource: not allowing consideration of lib/x86_64/librrc_progressbar.so: deferring to libdir
03-22 18:30:48.782 16555 16555 D ApkSoSource: not allowing consideration of lib/x86_64/librrc_root.so: deferring to libdir
03-22 18:30:48.783 16555 16555 D ApkSoSource: not allowing consideration of lib/x86_64/librrc_scrollview.so: deferring to libdir
03-22 18:30:48.783 16555 16555 D ApkSoSource: not allowing consideration of lib/x86_64/librrc_slider.so: deferring to libdir
03-22 18:30:48.783 16555 16555 D ApkSoSource: not allowing consideration of lib/x86_64/librrc_switch.so: deferring to libdir
03-22 18:30:48.784 16555 16555 D ApkSoSource: not allowing consideration of lib/x86_64/librrc_text.so: deferring to libdir
03-22 18:30:48.784 16555 16555 D ApkSoSource: not allowing consideration of lib/x86_64/librrc_textinput.so: deferring to libdir
03-22 18:30:48.785 16555 16555 D ApkSoSource: not allowing consideration of lib/x86_64/librrc_unimplementedview.so: deferring to libdir
03-22 18:30:48.785 16555 16555 D ApkSoSource: not allowing consideration of lib/x86_64/librrc_view.so: deferring to libdir
03-22 18:30:48.785 16555 16555 D ApkSoSource: not allowing consideration of lib/x86_64/libturbomodulejsijni.so: deferring to libdir
03-22 18:30:48.785 16555 16555 D ApkSoSource: not allowing consideration of lib/x86_64/libyoga.so: deferring to libdir
03-22 18:30:48.786 16555 16555 V fb-UnpackingSoSource: regenerating DSO store com.facebook.soloader.ApkSoSource
03-22 18:30:48.787 16555 16555 V fb-UnpackingSoSource: Finished regenerating DSO store com.facebook.soloader.ApkSoSource
03-22 18:30:48.787 16555 16555 V fb-UnpackingSoSource: starting syncer worker
03-22 18:30:48.803 16555 16555 V fb-UnpackingSoSource: releasing dso store lock for /data/user/0/com.detoxsample/lib-main (from syncer thread)
03-22 18:30:48.804 16555 16555 V fb-UnpackingSoSource: not releasing dso store lock for /data/user/0/com.detoxsample/lib-main (syncer thread started)
03-22 18:30:48.804 16555 16555 D SoLoader: init finish: 4 SO sources prepared
03-22 18:30:48.804 16555 16555 D SoLoader: init exiting
03-22 18:30:48.829 16555 16555 D SoLoader: init exiting
03-22 18:30:48.830 16555 16555 D SoLoader: About to load: libjscexecutor.so
03-22 18:30:48.831 16555 16555 D SoLoader: libjscexecutor.so not found on /data/data/com.detoxsample/lib-main
03-22 18:30:48.831 16555 16555 D SoLoader: libjscexecutor.so found on /data/app/~~ROTFtk7LFTQ85lYvkqcB5w==/com.detoxsample-GNXEo0GJnFb_lQn9wN7zmg==/lib/x86_64
03-22 18:30:48.831 16555 16555 D SoLoader: Not resolving dependencies for libjscexecutor.so
03-22 18:30:48.840 16555 16555 D JavaScriptCore.Version: 250230.2.1
03-22 18:30:48.840 16555 16555 D SoLoader: Loaded: libjscexecutor.so
03-22 18:30:48.848 16555 16555 D SoLoader: init exiting
03-22 18:30:49.160 16555 16591 D SoLoader: About to load: libfbjni.so
03-22 18:30:49.160 16555 16591 D SoLoader: libfbjni.so not found on /data/data/com.detoxsample/lib-main
03-22 18:30:49.161 16555 16591 D SoLoader: libfbjni.so found on /data/app/~~ROTFtk7LFTQ85lYvkqcB5w==/com.detoxsample-GNXEo0GJnFb_lQn9wN7zmg==/lib/x86_64
03-22 18:30:49.161 16555 16591 D SoLoader: Not resolving dependencies for libfbjni.so
03-22 18:30:49.162 16555 16591 D SoLoader: Loaded: libfbjni.so
03-22 18:30:49.163 16555 16591 D SoLoader: About to load: libflipper.so
03-22 18:30:49.163 16555 16591 D SoLoader: libflipper.so not found on /data/data/com.detoxsample/lib-main
03-22 18:30:49.163 16555 16591 D SoLoader: libflipper.so found on /data/app/~~ROTFtk7LFTQ85lYvkqcB5w==/com.detoxsample-GNXEo0GJnFb_lQn9wN7zmg==/lib/x86_64
03-22 18:30:49.163 16555 16591 D SoLoader: Not resolving dependencies for libflipper.so
03-22 18:30:49.177 16555 16591 D SoLoader: Loaded: libflipper.so
03-22 18:30:49.207 16555 16555 W com.detoxsampl: Accessing hidden field Landroid/view/View;->mKeyedTags:Landroid/util/SparseArray; (unsupported, reflection, allowed)
03-22 18:30:49.207 16555 16555 W com.detoxsampl: Accessing hidden field Landroid/view/View;->mListenerInfo:Landroid/view/View$ListenerInfo; (unsupported, reflection, allowed)
03-22 18:30:49.207 16555 16555 W com.detoxsampl: Accessing hidden field Landroid/view/View$ListenerInfo;->mOnClickListener:Landroid/view/View$OnClickListener; (unsupported, reflection, allowed)
03-22 18:30:49.230 16555 16555 I flipper : flipper: FlipperClient::addPlugin Inspector
03-22 18:30:49.230 16555 16555 I flipper : flipper: FlipperClient::addPlugin React
03-22 18:30:49.235 16555 16555 I flipper : flipper: FlipperClient::addPlugin Databases
03-22 18:30:49.238 16555 16555 I flipper : flipper: FlipperClient::addPlugin Preferences
03-22 18:30:49.238 16555 16555 I flipper : flipper: FlipperClient::addPlugin CrashReporter
03-22 18:30:49.247 16555 16555 I flipper : flipper: FlipperClient::addPlugin Network
03-22 18:30:49.275 16555 16582 I UsageTrackerFacilitator: Usage tracking enabled
03-22 18:30:49.282 16555 16582 I TestRequestBuilder: Scanning classpath to find tests in paths [/data/app/~~j1UCXLJiNXVtNb2D6qk7yw==/com.detoxsample.test-RWBhp08z3kLiH2SIosCb9Q==/base.apk]
03-22 18:30:49.283 16555 16582 W com.detoxsampl: Opening an oat file without a class loader. Are you using the deprecated DexFile APIs?
03-22 18:30:49.878 16555 16582 D TestExecutor: Adding listener androidx.test.internal.runner.listener.LogRunListener
03-22 18:30:49.879 16555 16582 D TestExecutor: Adding listener androidx.test.internal.runner.listener.InstrumentationResultPrinter
03-22 18:30:49.880 16555 16582 D TestExecutor: Adding listener androidx.test.internal.runner.listener.ActivityFinisherRunListener
03-22 18:30:49.883 16555 16582 I TestRunner: run started: 1 tests
03-22 18:30:49.889 16555 16582 I TestRunner: started: runDetoxTests(com.detoxsample.DetoxTest)
03-22 18:30:49.939 16555 16582 D EventInjectionStrategy: Creating injection strategy with input manager.
03-22 18:30:49.939 16555 16582 W com.detoxsampl: Accessing hidden method Landroid/hardware/input/InputManager;->getInstance()Landroid/hardware/input/InputManager; (unsupported, reflection, allowed)
03-22 18:30:49.939 16555 16582 W com.detoxsampl: Accessing hidden method Landroid/hardware/input/InputManager;->injectInputEvent(Landroid/view/InputEvent;I)Z (unsupported, reflection, allowed)
03-22 18:30:49.940 16555 16582 W com.detoxsampl: Accessing hidden field Landroid/hardware/input/InputManager;->INJECT_INPUT_EVENT_MODE_WAIT_FOR_FINISH:I (unsupported, reflection, allowed)
03-22 18:30:49.961 16555 16582 W com.detoxsampl: Accessing hidden field Ljava/lang/reflect/Field;->accessFlags:I (unsupported, reflection, allowed)
03-22 18:30:50.029 16555 16611 D libEGL  : loaded /vendor/lib64/egl/libEGL_emulation.so
03-22 18:30:50.042 16555 16611 D libEGL  : loaded /vendor/lib64/egl/libGLESv1_CM_emulation.so
03-22 18:30:50.047 16555 16611 D libEGL  : loaded /vendor/lib64/egl/libGLESv2_emulation.so
03-22 18:30:50.155 16555 16555 D LifecycleMonitor: Lifecycle status change: com.detoxsample.MainActivity@95c1cf5 in: PRE_ON_CREATE
03-22 18:30:50.254 16555 16596 D SoLoader: About to load: libreactnativejni.so
03-22 18:30:50.255 16555 16596 D SoLoader: libreactnativejni.so not found on /data/data/com.detoxsample/lib-main
03-22 18:30:50.255 16555 16596 D SoLoader: libreactnativejni.so found on /data/app/~~ROTFtk7LFTQ85lYvkqcB5w==/com.detoxsample-GNXEo0GJnFb_lQn9wN7zmg==/lib/x86_64
03-22 18:30:50.255 16555 16596 D SoLoader: Not resolving dependencies for libreactnativejni.so
03-22 18:30:50.257 16555 16596 D SoLoader: Loaded: libreactnativejni.so
03-22 18:30:50.277 16555 16555 W com.detoxsampl: Accessing hidden method Landroid/view/View;->computeFitSystemWindows(Landroid/graphics/Rect;Landroid/graphics/Rect;)Z (unsupported, reflection, allowed)
03-22 18:30:50.279 16555 16555 W com.detoxsampl: Accessing hidden method Landroid/view/ViewGroup;->makeOptionalFitsSystemWindows()V (unsupported, reflection, allowed)
03-22 18:30:50.293 16555 16555 D LifecycleMonitor: Lifecycle status change: com.detoxsample.MainActivity@95c1cf5 in: CREATED
03-22 18:30:50.297 16555 16555 D LifecycleMonitor: Lifecycle status change: com.detoxsample.MainActivity@95c1cf5 in: STARTED
03-22 18:30:50.300 16555 16555 D LifecycleMonitor: Lifecycle status change: com.detoxsample.MainActivity@95c1cf5 in: RESUMED
03-22 18:30:50.329 16555 16555 W unknown:ReactNative: Packager connection already open, nooping.
03-22 18:30:50.358 16555 16609 D HostConnection: createUnique: call
03-22 18:30:50.363 16555 16609 D HostConnection: HostConnection::get() New Host Connection established 0x73a0edf0b350, tid 16609
03-22 18:30:50.374 16555 16609 D HostConnection: HostComposition ext ANDROID_EMU_CHECKSUM_HELPER_v1 ANDROID_EMU_native_sync_v2 ANDROID_EMU_native_sync_v3 ANDROID_EMU_native_sync_v4 ANDROID_EMU_dma_v1 ANDROID_EMU_direct_mem ANDROID_EMU_host_composition_v1 ANDROID_EMU_host_composition_v2 ANDROID_EMU_YUV_Cache ANDROID_EMU_async_unmap_buffer ANDROID_EMU_has_shared_slots_host_memory_allocator ANDROID_EMU_sync_buffer_data GL_OES_EGL_image_external_essl3 GL_OES_vertex_array_object GL_KHR_texture_compression_astc_ldr ANDROID_EMU_host_side_tracing ANDROID_EMU_async_frame_commands ANDROID_EMU_gles_max_version_3_0 
03-22 18:30:50.381 16555 16609 W OpenGLRenderer: Failed to choose config with EGL_SWAP_BEHAVIOR_PRESERVED, retrying without...
03-22 18:30:50.381 16555 16609 W OpenGLRenderer: Failed to initialize 101010-2 format, error = EGL_SUCCESS
03-22 18:30:50.383 16555 16609 D EGL_emulation: eglCreateContext: 0x73a0edf0c0d0: maj 3 min 0 rcv 3
03-22 18:30:50.386 16555 16609 D EGL_emulation: eglMakeCurrent: 0x73a0edf0c0d0: ver 3 0 (tinfo 0x73a3073d2080) (first time)
03-22 18:30:50.411 16555 16609 I Gralloc4: mapper 4.x is not supported
03-22 18:30:50.413 16555 16609 D HostConnection: createUnique: call
03-22 18:30:50.415 16555 16609 D HostConnection: HostConnection::get() New Host Connection established 0x73a0edf0b710, tid 16609
03-22 18:30:50.416 16555 16609 D goldfish-address-space: allocate: Ask for block of size 0x100
03-22 18:30:50.416 16555 16609 D goldfish-address-space: allocate: ioctl allocate returned offset 0x3e3ffe000 size 0x2000
03-22 18:30:50.419 16555 16609 W Gralloc4: allocator 4.x is not supported
03-22 18:30:50.443 16555 16609 D HostConnection: HostComposition ext ANDROID_EMU_CHECKSUM_HELPER_v1 ANDROID_EMU_native_sync_v2 ANDROID_EMU_native_sync_v3 ANDROID_EMU_native_sync_v4 ANDROID_EMU_dma_v1 ANDROID_EMU_direct_mem ANDROID_EMU_host_composition_v1 ANDROID_EMU_host_composition_v2 ANDROID_EMU_YUV_Cache ANDROID_EMU_async_unmap_buffer ANDROID_EMU_has_shared_slots_host_memory_allocator ANDROID_EMU_sync_buffer_data GL_OES_EGL_image_external_essl3 GL_OES_vertex_array_object GL_KHR_texture_compression_astc_ldr ANDROID_EMU_host_side_tracing ANDROID_EMU_async_frame_commands ANDROID_EMU_gles_max_version_3_0 
03-22 18:30:50.781 16555 16582 I Detox   : Detox server connection details: url=ws://localhost:57091, sessionId=36bc6f37-1b7a-0dce-daf5-5f92a8d5d8b0
03-22 18:30:50.809 16555 16620 I DetoxDispatcher: Handling action '_init' (ID #0)...
03-22 18:30:50.810 16555 16620 I Detox   : Connecting to server...
03-22 18:30:50.811 16555 16620 I DetoxWSClient: At connectToServer
03-22 18:30:50.840 16555 16622 D DetoxWSClient: At onOpen
03-22 18:30:50.840 16555 16622 I DetoxWSClient: Sending out action 'login' (ID #0)
03-22 18:30:50.841 16555 16622 I Detox   : Connected to server!
03-22 18:30:50.847 16555 16622 D DetoxWSClient: Received action 'loginSuccess' (ID #0, params={"testerConnected":true,"appConnected":true})
03-22 18:30:50.850 16555 16622 D DetoxWSClient: Received action 'isReady' (ID #-1000, params={})
03-22 18:30:50.853 16555 16619 W unknown:ReactContext: initializeMessageQueueThreads() is called.
03-22 18:30:50.863 16555 16555 W unknown:ReactNative: Packager connection already open, nooping.
03-22 18:30:50.928 16555 16626 W unknown:ViewManagerPropertyUpdater: Could not find generated setter for class com.facebook.react.views.drawer.ReactDrawerLayoutManager
03-22 18:30:50.937 16555 16626 W unknown:ViewManagerPropertyUpdater: Could not find generated setter for class com.facebook.react.uimanager.LayoutShadowNode
03-22 18:30:50.941 16555 16626 W unknown:ViewManagerPropertyUpdater: Could not find generated setter for class com.facebook.react.views.scroll.ReactHorizontalScrollViewManager
03-22 18:30:50.944 16555 16626 W unknown:ViewManagerPropertyUpdater: Could not find generated setter for class com.facebook.react.views.scroll.ReactHorizontalScrollContainerViewManager
03-22 18:30:50.946 16555 16626 W unknown:ViewManagerPropertyUpdater: Could not find generated setter for class com.facebook.react.views.progressbar.ReactProgressBarViewManager
03-22 18:30:50.953 16555 16626 W unknown:ViewManagerPropertyUpdater: Could not find generated setter for class com.facebook.react.views.progressbar.ProgressBarShadowNode
03-22 18:30:50.968 16555 16626 W unknown:ViewManagerPropertyUpdater: Could not find generated setter for class com.facebook.react.views.scroll.ReactScrollViewManager
03-22 18:30:50.980 16555 16626 W unknown:ViewManagerPropertyUpdater: Could not find generated setter for class com.facebook.react.views.slider.ReactSliderManager
03-22 18:30:50.982 16555 16626 W unknown:ViewManagerPropertyUpdater: Could not find generated setter for class com.facebook.react.views.slider.ReactSliderManager$ReactSliderShadowNode
03-22 18:30:50.982 16555 16626 W unknown:ViewManagerPropertyUpdater: Could not find generated setter for class com.facebook.react.views.switchview.ReactSwitchManager
03-22 18:30:50.984 16555 16626 W unknown:ViewManagerPropertyUpdater: Could not find generated setter for class com.facebook.react.views.switchview.ReactSwitchManager$ReactSwitchShadowNode
03-22 18:30:50.985 16555 16626 W unknown:ViewManagerPropertyUpdater: Could not find generated setter for class com.facebook.react.views.swiperefresh.SwipeRefreshLayoutManager
03-22 18:30:50.987 16555 16626 W unknown:ViewManagerPropertyUpdater: Could not find generated setter for class com.facebook.react.views.text.frescosupport.FrescoBasedReactTextInlineImageViewManager
03-22 18:30:50.988 16555 16626 W unknown:ViewManagerPropertyUpdater: Could not find generated setter for class com.facebook.react.views.text.frescosupport.FrescoBasedReactTextInlineImageShadowNode
03-22 18:30:50.994 16555 16626 W unknown:ViewManagerPropertyUpdater: Could not find generated setter for class com.facebook.react.views.image.ReactImageManager
03-22 18:30:50.996 16555 16626 W unknown:ViewManagerPropertyUpdater: Could not find generated setter for class com.facebook.react.views.modal.ReactModalHostManager
03-22 18:30:50.999 16555 16626 W unknown:ViewManagerPropertyUpdater: Could not find generated setter for class com.facebook.react.views.modal.ModalHostShadowNode
03-22 18:30:50.999 16555 16626 W unknown:ViewManagerPropertyUpdater: Could not find generated setter for class com.facebook.react.views.text.ReactRawTextManager
03-22 18:30:51.000 16555 16626 W unknown:ViewManagerPropertyUpdater: Could not find generated setter for class com.facebook.react.views.text.ReactRawTextShadowNode
03-22 18:30:51.000 16555 16626 W unknown:ViewManagerPropertyUpdater: Could not find generated setter for class com.facebook.react.views.textinput.ReactTextInputManager
03-22 18:30:51.005 16555 16626 W unknown:ViewManagerPropertyUpdater: Could not find generated setter for class com.facebook.react.views.textinput.ReactTextInputShadowNode
03-22 18:30:51.009 16555 16626 W unknown:ViewManagerPropertyUpdater: Could not find generated setter for class com.facebook.react.views.text.ReactTextViewManager
03-22 18:30:51.011 16555 16626 W unknown:ViewManagerPropertyUpdater: Could not find generated setter for class com.facebook.react.views.text.ReactTextShadowNode
03-22 18:30:51.012 16555 16626 W unknown:ViewManagerPropertyUpdater: Could not find generated setter for class com.facebook.react.views.view.ReactViewManager
03-22 18:30:51.015 16555 16626 W unknown:ViewManagerPropertyUpdater: Could not find generated setter for class com.facebook.react.views.text.ReactVirtualTextViewManager
03-22 18:30:51.016 16555 16626 W unknown:ViewManagerPropertyUpdater: Could not find generated setter for class com.facebook.react.views.text.ReactVirtualTextShadowNode
03-22 18:30:51.017 16555 16626 W unknown:ViewManagerPropertyUpdater: Could not find generated setter for class com.facebook.react.views.unimplementedview.ReactUnimplementedViewManager
03-22 18:30:51.039 16555 16626 W unknown:ReactContext: initializeMessageQueueThreads() is called.
03-22 18:30:51.052 16555 16626 D SoLoader: About to load: libyoga.so
03-22 18:30:51.052 16555 16626 D SoLoader: libyoga.so not found on /data/data/com.detoxsample/lib-main
03-22 18:30:51.052 16555 16626 D SoLoader: libyoga.so found on /data/app/~~ROTFtk7LFTQ85lYvkqcB5w==/com.detoxsample-GNXEo0GJnFb_lQn9wN7zmg==/lib/x86_64
03-22 18:30:51.052 16555 16626 D SoLoader: Not resolving dependencies for libyoga.so
03-22 18:30:51.054 16555 16626 D SoLoader: Loaded: libyoga.so
03-22 18:30:51.071 16555 16555 I DetoxRNLoading: Got new RN-context async'ly through listener
03-22 18:30:51.073 16555 16620 I DetoxRNIdleRes: Setting up Espresso Idling Resources for React Native
03-22 18:30:51.100 16555 16620 D AsyncStorageIR: Checking whether a custom IR for Async-Storage is required... (legacy=false)
03-22 18:30:51.101 16555 16620 D DetoxRNHelpers: Native RN module resolution (class com.reactnativecommunity.asyncstorage.AsyncStorageModule): no such class
03-22 18:30:51.101 16555 16620 D AsyncStorageIR: Checking whether a custom IR for Async-Storage is required... (legacy=true)
03-22 18:30:51.107 16555 16620 D AsyncStorageIR: IR for Async-Storage is required! (legacy=true)
03-22 18:30:51.112 16555 16555 D AsyncStorageIRLegacy: Async-storage is busy!
03-22 18:30:51.122 16555 16625 D SoLoader: About to load: libreactnativeblob.so
03-22 18:30:51.122 16555 16625 D SoLoader: libreactnativeblob.so not found on /data/data/com.detoxsample/lib-main
03-22 18:30:51.123 16555 16625 D SoLoader: libreactnativeblob.so found on /data/app/~~ROTFtk7LFTQ85lYvkqcB5w==/com.detoxsample-GNXEo0GJnFb_lQn9wN7zmg==/lib/x86_64
03-22 18:30:51.123 16555 16625 D SoLoader: Not resolving dependencies for libreactnativeblob.so
03-22 18:30:51.125 16555 16620 I DetoxDispatcher: Done with action '_init'
03-22 18:30:51.125 16555 16620 I DetoxDispatcher: Handling action 'isReady' (ID #-1000)...
03-22 18:30:51.128 16555 16625 D SoLoader: Loaded: libreactnativeblob.so
03-22 18:30:51.133 16555 16555 W com.detoxsampl: Accessing hidden method Landroid/os/MessageQueue;->next()Landroid/os/Message; (unsupported, reflection, allowed)
03-22 18:30:51.133 16555 16555 W com.detoxsampl: Accessing hidden field Landroid/os/MessageQueue;->mMessages:Landroid/os/Message; (unsupported, reflection, allowed)
03-22 18:30:51.133 16555 16555 W com.detoxsampl: Accessing hidden method Landroid/os/Message;->recycleUnchecked()V (unsupported, reflection, allowed)
03-22 18:30:51.181 16555 16626 I flipper : flipper: FlipperClient::addPlugin Fresco
03-22 18:30:51.190 16555 16626 I WebViewFactory: Loading com.google.android.webview version 91.0.4472.114 (code 447211487)
03-22 18:30:51.284 16555 16626 W com.detoxsampl: Accessing hidden method Landroid/os/Trace;->isTagEnabled(J)Z (unsupported, reflection, allowed)
03-22 18:30:51.284 16555 16626 W com.detoxsampl: Accessing hidden method Landroid/os/Trace;->traceBegin(JLjava/lang/String;)V (unsupported, reflection, allowed)
03-22 18:30:51.284 16555 16626 W com.detoxsampl: Accessing hidden method Landroid/os/Trace;->traceEnd(J)V (unsupported, reflection, allowed)
03-22 18:30:51.285 16555 16626 W com.detoxsampl: Accessing hidden method Landroid/os/Trace;->asyncTraceBegin(JLjava/lang/String;I)V (unsupported, reflection, allowed)
03-22 18:30:51.285 16555 16626 W com.detoxsampl: Accessing hidden method Landroid/os/Trace;->asyncTraceEnd(JLjava/lang/String;I)V (unsupported, reflection, allowed)
03-22 18:30:51.314 16555 16626 I cr_LibraryLoader: Loaded native library version number "91.0.4472.114"
03-22 18:30:51.316 16555 16626 I cr_CachingUmaRecorder: Flushed 4 samples from 4 histograms.
03-22 18:30:51.353 16555 16625 I ReactNativeJS: Running "DetoxSample" with {"rootTag":1}
03-22 18:30:51.495 16555 16555 D CompatibilityChangeReporter: Compat change id reported: 171228096; UID 10176; state: ENABLED
03-22 18:30:51.497 16555 16555 W com.detoxsampl: Accessing hidden field Landroid/widget/ScrollView;->mScroller:Landroid/widget/OverScroller; (unsupported, reflection, allowed)
03-22 18:30:51.551 16555 16555 I Detox   : Wait is over: app is now idle!
03-22 18:30:51.551 16555 16620 I DetoxWSClient: Sending out action 'ready' (ID #-1000)
03-22 18:30:51.552 16555 16620 I DetoxDispatcher: Done with action 'isReady'
03-22 18:30:51.552 16555 16620 I DetoxDispatcher: Handling action 'loginSuccess' (ID #0)...
03-22 18:30:51.552 16555 16620 I DetoxDispatcher: Done with action 'loginSuccess'
03-22 18:30:51.552 16555 16620 I DetoxDispatcher: Handling action 'isReady' (ID #-1000)...
03-22 18:30:51.565 16555 16555 I Detox   : Wait is over: app is now idle!
03-22 18:30:51.565 16555 16620 I DetoxWSClient: Sending out action 'ready' (ID #-1000)
03-22 18:30:51.567 16555 16620 I DetoxDispatcher: Done with action 'isReady'
