--------- beginning of main
03-22 21:59:16.054 10840 10907 I DetoxWSClient: Sending out action 'invokeResult' (ID #12)
03-22 21:59:16.055 10840 10907 I DetoxDispatcher: Done with action 'invoke'
03-22 21:59:16.061 10840 10909 D DetoxWSClient: Received action 'invoke' (ID #13, params={"target":{"type":"Class","value":"com.wix.detox.espresso.DetoxAssertion"},"method":"assertMatcher","args":[{"type":"Invocation","value":{"target":{"type":"Class","value":"androidx.test.espresso.Espresso"},"method":"onView","args":[{"type":"Invocation","value":{"target":{"type":"Class","value":"com.wix.detox.espresso.DetoxMatcher"},"method":"matcherForText","args":["Card Network : unknown"]}}]}},{"type":"Invocation","value":{"target":{"type":"Class","value":"com.wix.detox.espresso.DetoxMatcher"},"method":"matcherForSufficientlyVisible","args":[{"type":"Integer","value":75}]}}]})
03-22 21:59:16.062 10840 10907 I DetoxDispatcher: Handling action 'invoke' (ID #13)...
03-22 21:59:16.062 10840 10907 D Detox   : class com.wix.detox.espresso.DetoxMatcher, matcherForText, [Card Network : unknown]
03-22 21:59:16.062 10840 10907 D Detox   : class androidx.test.espresso.Espresso, onView, [(an instance of android.widget.TextView and view.getText() with or without transformation to match: is "Card Network : unknown" and view has effective visibility <VISIBLE>)]
03-22 21:59:16.063 10840 10907 D Detox   : class com.wix.detox.espresso.DetoxMatcher, matcherForSufficientlyVisible, [75]
03-22 21:59:16.063 10840 10907 D Detox   : class com.wix.detox.espresso.DetoxAssertion, assertMatcher, [androidx.test.espresso.ViewInteraction@9b0b51e, (view has effective visibility <VISIBLE> and view.getGlobalVisibleRect() covers at least <75> percent of the view's area)]
03-22 21:59:16.069 10840 10840 I ViewInteraction: Checking 'MatchesViewAssertion(Detox){viewMatcher=(view has effective visibility <VISIBLE> and view.getGlobalVisibleRect() covers at least <75> percent of the view's area)}' assertion on view (an instance of android.widget.TextView and view.getText() with or without transformation to match: is "Card Network : unknown" and view has effective visibility <VISIBLE>)
03-22 21:59:16.071 10840 10907 I DetoxWSClient: Sending out action 'invokeResult' (ID #13)
03-22 21:59:16.071 10840 10907 I DetoxDispatcher: Done with action 'invoke'
03-22 21:59:16.137 10840 10909 D DetoxWSClient: Received action 'invoke' (ID #14, params={"target":{"type":"Class","value":"com.wix.detox.espresso.EspressoDetox"},"method":"perform","args":[{"type":"Invocation","value":{"target":{"type":"Class","value":"androidx.test.espresso.Espresso"},"method":"onView","args":[{"type":"Invocation","value":{"target":{"type":"Class","value":"com.wix.detox.espresso.DetoxMatcher"},"method":"matcherForText","args":["GET CARD NETWORK LENGTH"]}}]}},{"type":"Invocation","value":{"target":{"type":"Class","value":"com.wix.detox.espresso.DetoxViewActions"},"method":"click","args":[]}}]})
03-22 21:59:16.138 10840 10907 I DetoxDispatcher: Handling action 'invoke' (ID #14)...
03-22 21:59:16.139 10840 10907 D Detox   : class com.wix.detox.espresso.DetoxMatcher, matcherForText, [GET CARD NETWORK LENGTH]
03-22 21:59:16.139 10840 10907 D Detox   : class androidx.test.espresso.Espresso, onView, [(an instance of android.widget.TextView and view.getText() with or without transformation to match: is "GET CARD NETWORK LENGTH" and view has effective visibility <VISIBLE>)]
03-22 21:59:16.140 10840 10907 D Detox   : class com.wix.detox.espresso.DetoxViewActions, click, []
03-22 21:59:16.140 10840 10907 D Detox   : class com.wix.detox.espresso.EspressoDetox, perform, [androidx.test.espresso.ViewInteraction@aa071ff, com.wix.detox.espresso.action.RNClickAction@3466bcc]
03-22 21:59:16.149 10840 10840 I ViewInteraction: Performing 'com.wix.detox.espresso.action.detoxsingletap@59c3e15 click' action on view (an instance of android.widget.TextView and view.getText() with or without transformation to match: is "GET CARD NETWORK LENGTH" and view has effective visibility <VISIBLE>)
03-22 21:59:16.682 10840 10896 D EGL_emulation: app_time_stats: avg=9.66ms min=2.23ms max=97.82ms count=55
03-22 21:59:16.691 10840 10907 I DetoxWSClient: Sending out action 'invokeResult' (ID #14)
03-22 21:59:16.693 10840 10907 I DetoxDispatcher: Done with action 'invoke'
03-22 21:59:16.701 10840 10909 D DetoxWSClient: Received action 'invoke' (ID #15, params={"target":{"type":"Class","value":"com.wix.detox.espresso.DetoxAssertion"},"method":"assertMatcher","args":[{"type":"Invocation","value":{"target":{"type":"Class","value":"androidx.test.espresso.Espresso"},"method":"onView","args":[{"type":"Invocation","value":{"target":{"type":"Class","value":"com.wix.detox.espresso.DetoxMatcher"},"method":"matcherForText","args":["Card Network length : 16"]}}]}},{"type":"Invocation","value":{"target":{"type":"Class","value":"com.wix.detox.espresso.DetoxMatcher"},"method":"matcherForSufficientlyVisible","args":[{"type":"Integer","value":75}]}}]})
03-22 21:59:16.701 10840 10907 I DetoxDispatcher: Handling action 'invoke' (ID #15)...
03-22 21:59:16.703 10840 10907 D Detox   : class com.wix.detox.espresso.DetoxMatcher, matcherForText, [Card Network length : 16]
03-22 21:59:16.703 10840 10907 D Detox   : class androidx.test.espresso.Espresso, onView, [(an instance of android.widget.TextView and view.getText() with or without transformation to match: is "Card Network length : 16" and view has effective visibility <VISIBLE>)]
03-22 21:59:16.704 10840 10907 D Detox   : class com.wix.detox.espresso.DetoxMatcher, matcherForSufficientlyVisible, [75]
03-22 21:59:16.704 10840 10907 D Detox   : class com.wix.detox.espresso.DetoxAssertion, assertMatcher, [androidx.test.espresso.ViewInteraction@93ca1f7, (view has effective visibility <VISIBLE> and view.getGlobalVisibleRect() covers at least <75> percent of the view's area)]
03-22 21:59:16.709 10840 10840 I ViewInteraction: Checking 'MatchesViewAssertion(Detox){viewMatcher=(view has effective visibility <VISIBLE> and view.getGlobalVisibleRect() covers at least <75> percent of the view's area)}' assertion on view (an instance of android.widget.TextView and view.getText() with or without transformation to match: is "Card Network length : 16" and view has effective visibility <VISIBLE>)
03-22 21:59:16.710 10840 10907 I DetoxWSClient: Sending out action 'invokeResult' (ID #15)
03-22 21:59:16.711 10840 10907 I DetoxDispatcher: Done with action 'invoke'
03-22 21:59:16.718 10840 10909 D DetoxWSClient: Received action 'invoke' (ID #16, params={"target":{"type":"Class","value":"com.wix.detox.espresso.EspressoDetox"},"method":"perform","args":[{"type":"Invocation","value":{"target":{"type":"Class","value":"androidx.test.espresso.Espresso"},"method":"onView","args":[{"type":"Invocation","value":{"target":{"type":"Class","value":"com.wix.detox.espresso.DetoxMatcher"},"method":"matcherForTestId","args":["cards"]}}]}},{"type":"Invocation","value":{"target":{"type":"Class","value":"com.wix.detox.espresso.DetoxViewActions"},"method":"click","args":[]}}]})
03-22 21:59:16.722 10840 10907 I DetoxDispatcher: Handling action 'invoke' (ID #16)...
03-22 21:59:16.722 10840 10907 D Detox   : class com.wix.detox.espresso.DetoxMatcher, matcherForTestId, [cards]
03-22 21:59:16.723 10840 10907 D Detox   : class androidx.test.espresso.Espresso, onView, [(view.getTag() is "cards" and view has effective visibility <VISIBLE>)]
03-22 21:59:16.724 10840 10907 D Detox   : class com.wix.detox.espresso.DetoxViewActions, click, []
03-22 21:59:16.724 10840 10907 D Detox   : class com.wix.detox.espresso.EspressoDetox, perform, [androidx.test.espresso.ViewInteraction@4346864, com.wix.detox.espresso.action.RNClickAction@3771acd]
03-22 21:59:16.732 10840 10840 I ViewInteraction: Performing 'com.wix.detox.espresso.action.detoxsingletap@b6f0f82 click' action on view (view.getTag() is "cards" and view has effective visibility <VISIBLE>)
03-22 21:59:16.855 10840 10840 I Detox   : AnimatedModule is busy.
03-22 21:59:16.863 10840 10840 I Detox   : AnimatedModule is busy.
03-22 21:59:16.877 10840 10840 I Detox   : AnimatedModule is busy.
03-22 21:59:16.895 10840 10840 I Detox   : AnimatedModule is busy.
03-22 21:59:16.911 10840 10840 I Detox   : AnimatedModule is busy.
03-22 21:59:16.928 10840 10840 I Detox   : AnimatedModule is busy.
03-22 21:59:16.945 10840 10840 I Detox   : AnimatedModule is busy.
03-22 21:59:16.961 10840 10840 I Detox   : AnimatedModule is busy.
03-22 21:59:16.978 10840 10840 I Detox   : AnimatedModule is busy.
03-22 21:59:16.996 10840 10840 I Detox   : AnimatedModule is busy.
03-22 21:59:17.012 10840 10840 I Detox   : AnimatedModule is busy.
03-22 21:59:17.029 10840 10840 I Detox   : AnimatedModule is busy.
03-22 21:59:17.045 10840 10840 I Detox   : AnimatedModule is busy.
03-22 21:59:17.062 10840 10840 I Detox   : AnimatedModule is busy.
03-22 21:59:17.453 10840 10907 I DetoxWSClient: Sending out action 'invokeResult' (ID #16)
03-22 21:59:17.454 10840 10907 I DetoxDispatcher: Done with action 'invoke'
