--------- beginning of main
03-22 00:56:49.306 16646 16646 I com.detoxsampl: Late-enabling -Xcheck:jni
03-22 00:56:49.328 16646 16646 I com.detoxsampl: Unquickening 19 vdex files!
--------- beginning of system
03-22 00:56:49.397 16646 16646 W ActivityThread: Package uses different ABI(s) than its instrumentation: package[com.detoxsample]: arm64-v8a, null instrumentation[com.detoxsample.test]: null, null
03-22 00:56:49.398 16646 16646 I Typeface: Current DefaultTypeface ( lgtravel )
03-22 00:56:49.408 16646 16646 I com.detoxsampl: The ClassLoaderContext is a special shared library.
03-22 00:56:49.423 16646 16646 I chatty  : uid=10480(com.detoxsample) identical 2 lines
03-22 00:56:49.426 16646 16646 I com.detoxsampl: The ClassLoaderContext is a special shared library.
03-22 00:56:49.621 16646 16646 D ApplicationLoaders: Returning zygote-cached class loader: /system/framework/android.test.base.jar
03-22 00:56:49.621 16646 16646 D ApplicationLoaders: Returning zygote-cached class loader: /system/framework/android.test.base.jar
03-22 00:56:49.622 16646 16646 I com.detoxsampl: The ClassLoaderContext is a special shared library.
03-22 00:56:49.624 16646 16646 D ApplicationLoaders: Returning zygote-cached class loader: /system/framework/android.test.base.jar
03-22 00:56:49.624 16646 16646 D ApplicationLoaders: Returning zygote-cached class loader: /system/framework/android.test.base.jar
03-22 00:56:49.624 16646 16646 I com.detoxsampl: The ClassLoaderContext is a special shared library.
03-22 00:56:49.628 16646 16646 I chatty  : uid=10480(com.detoxsample) identical 2 lines
03-22 00:56:49.628 16646 16646 I com.detoxsampl: The ClassLoaderContext is a special shared library.
03-22 00:56:49.780 16646 16646 W com.detoxsampl: Accessing hidden method Landroid/app/Instrumentation;->execStartActivity(Landroid/content/Context;Landroid/os/IBinder;Landroid/os/IBinder;Landroid/app/Activity;Landroid/content/Intent;ILandroid/os/Bundle;)Landroid/app/Instrumentation$ActivityResult; (greylist, linking, allowed)
03-22 00:56:49.780 16646 16646 W com.detoxsampl: Accessing hidden method Landroid/app/Instrumentation;->execStartActivity(Landroid/content/Context;Landroid/os/IBinder;Landroid/os/IBinder;Ljava/lang/String;Landroid/content/Intent;ILandroid/os/Bundle;)Landroid/app/Instrumentation$ActivityResult; (greylist, linking, allowed)
03-22 00:56:49.789 16646 16646 D NetworkSecurityConfig: Using Network Security Config from resource network_security_config debugBuild: true
03-22 00:56:49.791 16646 16646 D NetworkSecurityConfig: Using Network Security Config from resource network_security_config debugBuild: true
03-22 00:56:49.793 16646 16646 I MonitoringInstr: Instrumentation started!
03-22 00:56:49.806 16646 16646 V TestEventClient: No service name argument was given (testDiscoveryService, testRunEventService or orchestratorService)
03-22 00:56:49.809 16646 16646 D SoLoader: init start
03-22 00:56:49.809 16646 16646 D SoLoader: adding system library source: /vendor/lib64
03-22 00:56:49.810 16646 16646 D SoLoader: adding system library source: /system/lib64
03-22 00:56:49.810 16646 16646 D SoLoader: adding application source: com.facebook.soloader.DirectorySoSource[root = /data/app/~~p_wVuHhLc1M8opDvdaxQ3A==/com.detoxsample-eu-U1ag7nhH7rb73fv8fog==/lib/arm64 flags = 0]
03-22 00:56:49.811 16646 16646 D SoLoader: adding backup source from : com.facebook.soloader.ApkSoSource[root = /data/data/com.detoxsample/lib-main flags = 1]
03-22 00:56:49.811 16646 16646 D SoLoader: Preparing SO source: com.facebook.soloader.DirectorySoSource[root = /system/lib64 flags = 2]
03-22 00:56:49.811 16646 16646 D SoLoader: Preparing SO source: com.facebook.soloader.DirectorySoSource[root = /vendor/lib64 flags = 2]
03-22 00:56:49.811 16646 16646 D SoLoader: Preparing SO source: com.facebook.soloader.DirectorySoSource[root = /data/app/~~p_wVuHhLc1M8opDvdaxQ3A==/com.detoxsample-eu-U1ag7nhH7rb73fv8fog==/lib/arm64 flags = 0]
03-22 00:56:49.811 16646 16646 D SoLoader: Preparing SO source: com.facebook.soloader.ApkSoSource[root = /data/data/com.detoxsample/lib-main flags = 1]
03-22 00:56:49.812 16646 16646 V fb-UnpackingSoSource: locked dso store /data/user/0/com.detoxsample/lib-main
03-22 00:56:49.815 16646 16646 V fb-UnpackingSoSource: deps mismatch on deps store: regenerating
03-22 00:56:49.815 16646 16646 V fb-UnpackingSoSource: so store dirty: regenerating
03-22 00:56:49.860 16646 16646 D ApkSoSource: not allowing consideration of lib/arm64-v8a/libbetter.so: deferring to libdir
03-22 00:56:49.860 16646 16646 D ApkSoSource: not allowing consideration of lib/arm64-v8a/libc++_shared.so: deferring to libdir
03-22 00:56:49.860 16646 16646 D ApkSoSource: not allowing consideration of lib/arm64-v8a/libevent-2.1.so: deferring to libdir
03-22 00:56:49.860 16646 16646 D ApkSoSource: not allowing consideration of lib/arm64-v8a/libevent_core-2.1.so: deferring to libdir
03-22 00:56:49.860 16646 16646 D ApkSoSource: not allowing consideration of lib/arm64-v8a/libevent_extra-2.1.so: deferring to libdir
03-22 00:56:49.860 16646 16646 D ApkSoSource: not allowing consideration of lib/arm64-v8a/libfabricjni.so: deferring to libdir
03-22 00:56:49.860 16646 16646 D ApkSoSource: not allowing consideration of lib/arm64-v8a/libfb.so: deferring to libdir
03-22 00:56:49.860 16646 16646 D ApkSoSource: not allowing consideration of lib/arm64-v8a/libfbjni.so: deferring to libdir
03-22 00:56:49.860 16646 16646 D ApkSoSource: not allowing consideration of lib/arm64-v8a/libflipper.so: deferring to libdir
03-22 00:56:49.860 16646 16646 D ApkSoSource: not allowing consideration of lib/arm64-v8a/libfolly_futures.so: deferring to libdir
03-22 00:56:49.860 16646 16646 D ApkSoSource: not allowing consideration of lib/arm64-v8a/libfolly_json.so: deferring to libdir
03-22 00:56:49.860 16646 16646 D ApkSoSource: not allowing consideration of lib/arm64-v8a/libglog.so: deferring to libdir
03-22 00:56:49.860 16646 16646 D ApkSoSource: not allowing consideration of lib/arm64-v8a/libglog_init.so: deferring to libdir
03-22 00:56:49.860 16646 16646 D ApkSoSource: not allowing consideration of lib/arm64-v8a/libimagepipeline.so: deferring to libdir
03-22 00:56:49.860 16646 16646 D ApkSoSource: not allowing consideration of lib/arm64-v8a/libjsc.so: deferring to libdir
03-22 00:56:49.860 16646 16646 D ApkSoSource: not allowing consideration of lib/arm64-v8a/libjscexecutor.so: deferring to libdir
03-22 00:56:49.860 16646 16646 D ApkSoSource: not allowing consideration of lib/arm64-v8a/libjsi.so: deferring to libdir
03-22 00:56:49.860 16646 16646 D ApkSoSource: not allowing consideration of lib/arm64-v8a/libjsijniprofiler.so: deferring to libdir
03-22 00:56:49.860 16646 16646 D ApkSoSource: not allowing consideration of lib/arm64-v8a/libjsinspector.so: deferring to libdir
03-22 00:56:49.860 16646 16646 D ApkSoSource: not allowing consideration of lib/arm64-v8a/liblogger.so: deferring to libdir
03-22 00:56:49.861 16646 16646 D ApkSoSource: not allowing consideration of lib/arm64-v8a/libmapbufferjni.so: deferring to libdir
03-22 00:56:49.861 16646 16646 D ApkSoSource: not allowing consideration of lib/arm64-v8a/libnative-filters.so: deferring to libdir
03-22 00:56:49.861 16646 16646 D ApkSoSource: not allowing consideration of lib/arm64-v8a/libnative-imagetranscoder.so: deferring to libdir
03-22 00:56:49.861 16646 16646 D ApkSoSource: not allowing consideration of lib/arm64-v8a/libreact_codegen_rncore.so: deferring to libdir
03-22 00:56:49.861 16646 16646 D ApkSoSource: not allowing consideration of lib/arm64-v8a/libreact_debug.so: deferring to libdir
03-22 00:56:49.861 16646 16646 D ApkSoSource: not allowing consideration of lib/arm64-v8a/libreact_nativemodule_core.so: deferring to libdir
03-22 00:56:49.861 16646 16646 D ApkSoSource: not allowing consideration of lib/arm64-v8a/libreact_render_animations.so: deferring to libdir
03-22 00:56:49.861 16646 16646 D ApkSoSource: not allowing consideration of lib/arm64-v8a/libreact_render_attributedstring.so: deferring to libdir
03-22 00:56:49.861 16646 16646 D ApkSoSource: not allowing consideration of lib/arm64-v8a/libreact_render_componentregistry.so: deferring to libdir
03-22 00:56:49.861 16646 16646 D ApkSoSource: not allowing consideration of lib/arm64-v8a/libreact_render_core.so: deferring to libdir
03-22 00:56:49.861 16646 16646 D ApkSoSource: not allowing consideration of lib/arm64-v8a/libreact_render_debug.so: deferring to libdir
03-22 00:56:49.861 16646 16646 D ApkSoSource: not allowing consideration of lib/arm64-v8a/libreact_render_graphics.so: deferring to libdir
03-22 00:56:49.861 16646 16646 D ApkSoSource: not allowing consideration of lib/arm64-v8a/libreact_render_imagemanager.so: deferring to libdir
03-22 00:56:49.861 16646 16646 D ApkSoSource: not allowing consideration of lib/arm64-v8a/libreact_render_leakchecker.so: deferring to libdir
03-22 00:56:49.861 16646 16646 D ApkSoSource: not allowing consideration of lib/arm64-v8a/libreact_render_mapbuffer.so: deferring to libdir
03-22 00:56:49.861 16646 16646 D ApkSoSource: not allowing consideration of lib/arm64-v8a/libreact_render_mounting.so: deferring to libdir
03-22 00:56:49.861 16646 16646 D ApkSoSource: not allowing consideration of lib/arm64-v8a/libreact_render_runtimescheduler.so: deferring to libdir
03-22 00:56:49.861 16646 16646 D ApkSoSource: not allowing consideration of lib/arm64-v8a/libreact_render_scheduler.so: deferring to libdir
03-22 00:56:49.861 16646 16646 D ApkSoSource: not allowing consideration of lib/arm64-v8a/libreact_render_telemetry.so: deferring to libdir
03-22 00:56:49.861 16646 16646 D ApkSoSource: not allowing consideration of lib/arm64-v8a/libreact_render_templateprocessor.so: deferring to libdir
03-22 00:56:49.861 16646 16646 D ApkSoSource: not allowing consideration of lib/arm64-v8a/libreact_render_textlayoutmanager.so: deferring to libdir
03-22 00:56:49.861 16646 16646 D ApkSoSource: not allowing consideration of lib/arm64-v8a/libreact_render_uimanager.so: deferring to libdir
03-22 00:56:49.862 16646 16646 D ApkSoSource: not allowing consideration of lib/arm64-v8a/libreact_utils.so: deferring to libdir
03-22 00:56:49.862 16646 16646 D ApkSoSource: not allowing consideration of lib/arm64-v8a/libreactconfig.so: deferring to libdir
03-22 00:56:49.862 16646 16646 D ApkSoSource: not allowing consideration of lib/arm64-v8a/libreactnativeblob.so: deferring to libdir
03-22 00:56:49.862 16646 16646 D ApkSoSource: not allowing consideration of lib/arm64-v8a/libreactnativejni.so: deferring to libdir
03-22 00:56:49.862 16646 16646 D ApkSoSource: not allowing consideration of lib/arm64-v8a/libreactnativeutilsjni.so: deferring to libdir
03-22 00:56:49.862 16646 16646 D ApkSoSource: not allowing consideration of lib/arm64-v8a/libreactperfloggerjni.so: deferring to libdir
03-22 00:56:49.862 16646 16646 D ApkSoSource: not allowing consideration of lib/arm64-v8a/librrc_image.so: deferring to libdir
03-22 00:56:49.862 16646 16646 D ApkSoSource: not allowing consideration of lib/arm64-v8a/librrc_modal.so: deferring to libdir
03-22 00:56:49.862 16646 16646 D ApkSoSource: not allowing consideration of lib/arm64-v8a/librrc_progressbar.so: deferring to libdir
03-22 00:56:49.862 16646 16646 D ApkSoSource: not allowing consideration of lib/arm64-v8a/librrc_root.so: deferring to libdir
03-22 00:56:49.862 16646 16646 D ApkSoSource: not allowing consideration of lib/arm64-v8a/librrc_scrollview.so: deferring to libdir
03-22 00:56:49.862 16646 16646 D ApkSoSource: not allowing consideration of lib/arm64-v8a/librrc_slider.so: deferring to libdir
03-22 00:56:49.862 16646 16646 D ApkSoSource: not allowing consideration of lib/arm64-v8a/librrc_switch.so: deferring to libdir
03-22 00:56:49.862 16646 16646 D ApkSoSource: not allowing consideration of lib/arm64-v8a/librrc_text.so: deferring to libdir
03-22 00:56:49.862 16646 16646 D ApkSoSource: not allowing consideration of lib/arm64-v8a/librrc_textinput.so: deferring to libdir
03-22 00:56:49.862 16646 16646 D ApkSoSource: not allowing consideration of lib/arm64-v8a/librrc_unimplementedview.so: deferring to libdir
03-22 00:56:49.862 16646 16646 D ApkSoSource: not allowing consideration of lib/arm64-v8a/librrc_view.so: deferring to libdir
03-22 00:56:49.862 16646 16646 D ApkSoSource: not allowing consideration of lib/arm64-v8a/libturbomodulejsijni.so: deferring to libdir
03-22 00:56:49.862 16646 16646 D ApkSoSource: not allowing consideration of lib/arm64-v8a/libyoga.so: deferring to libdir
03-22 00:56:49.862 16646 16646 V fb-UnpackingSoSource: regenerating DSO store com.facebook.soloader.ApkSoSource
03-22 00:56:49.863 16646 16646 V fb-UnpackingSoSource: Finished regenerating DSO store com.facebook.soloader.ApkSoSource
03-22 00:56:49.863 16646 16646 V fb-UnpackingSoSource: starting syncer worker
03-22 00:56:49.873 16646 16646 V fb-UnpackingSoSource: releasing dso store lock for /data/user/0/com.detoxsample/lib-main (from syncer thread)
03-22 00:56:49.873 16646 16646 V fb-UnpackingSoSource: not releasing dso store lock for /data/user/0/com.detoxsample/lib-main (syncer thread started)
03-22 00:56:49.873 16646 16646 D SoLoader: init finish: 4 SO sources prepared
03-22 00:56:49.873 16646 16646 D SoLoader: init exiting
03-22 00:56:49.888 16646 16646 D SoLoader: init exiting
03-22 00:56:49.888 16646 16646 D SoLoader: About to load: libjscexecutor.so
03-22 00:56:49.888 16646 16646 D SoLoader: libjscexecutor.so not found on /data/data/com.detoxsample/lib-main
03-22 00:56:49.888 16646 16646 D SoLoader: libjscexecutor.so found on /data/app/~~p_wVuHhLc1M8opDvdaxQ3A==/com.detoxsample-eu-U1ag7nhH7rb73fv8fog==/lib/arm64
03-22 00:56:49.888 16646 16646 D SoLoader: Not resolving dependencies for libjscexecutor.so
03-22 00:56:49.895 16646 16646 D JavaScriptCore.Version: 250230.2.1
03-22 00:56:49.895 16646 16646 D SoLoader: Loaded: libjscexecutor.so
03-22 00:56:49.896 16646 16646 D SoLoader: init exiting
03-22 00:56:49.983 16646 16646 I SensorManager: registerListenerImpl() [Sensor: LGE Accelerometer Non-wakeup, Rate: 66667, SensorEventListener: com.facebook.react.common.ShakeDetector@717fc72] by com.facebook.react.common.ShakeDetector.start():60
03-22 00:56:50.000 16646 16675 D SoLoader: About to load: libfbjni.so
03-22 00:56:50.001 16646 16675 D SoLoader: libfbjni.so not found on /data/data/com.detoxsample/lib-main
03-22 00:56:50.001 16646 16675 D SoLoader: libfbjni.so found on /data/app/~~p_wVuHhLc1M8opDvdaxQ3A==/com.detoxsample-eu-U1ag7nhH7rb73fv8fog==/lib/arm64
03-22 00:56:50.001 16646 16675 D SoLoader: Not resolving dependencies for libfbjni.so
03-22 00:56:50.003 16646 16675 D SoLoader: Loaded: libfbjni.so
03-22 00:56:50.003 16646 16675 D SoLoader: About to load: libflipper.so
03-22 00:56:50.003 16646 16675 D SoLoader: libflipper.so not found on /data/data/com.detoxsample/lib-main
03-22 00:56:50.003 16646 16675 D SoLoader: libflipper.so found on /data/app/~~p_wVuHhLc1M8opDvdaxQ3A==/com.detoxsample-eu-U1ag7nhH7rb73fv8fog==/lib/arm64
03-22 00:56:50.003 16646 16675 D SoLoader: Not resolving dependencies for libflipper.so
03-22 00:56:50.012 16646 16675 D SoLoader: Loaded: libflipper.so
03-22 00:56:50.032 16646 16646 W com.detoxsampl: Accessing hidden field Landroid/view/View;->mKeyedTags:Landroid/util/SparseArray; (greylist, reflection, allowed)
03-22 00:56:50.032 16646 16646 W com.detoxsampl: Accessing hidden field Landroid/view/View;->mListenerInfo:Landroid/view/View$ListenerInfo; (greylist, reflection, allowed)
03-22 00:56:50.032 16646 16646 W com.detoxsampl: Accessing hidden field Landroid/view/View$ListenerInfo;->mOnClickListener:Landroid/view/View$OnClickListener; (greylist, reflection, allowed)
03-22 00:56:50.037 16646 16646 I flipper : flipper: FlipperClient::addPlugin Inspector
03-22 00:56:50.037 16646 16646 I flipper : flipper: FlipperClient::addPlugin React
03-22 00:56:50.039 16646 16646 I flipper : flipper: FlipperClient::addPlugin Databases
03-22 00:56:50.040 16646 16646 I flipper : flipper: FlipperClient::addPlugin Preferences
03-22 00:56:50.040 16646 16646 I flipper : flipper: FlipperClient::addPlugin CrashReporter
03-22 00:56:50.042 16646 16646 I flipper : flipper: FlipperClient::addPlugin Network
03-22 00:56:50.081 16646 16667 I UsageTrackerFacilitator: Usage tracking enabled
03-22 00:56:50.086 16646 16667 I TestRequestBuilder: Scanning classpath to find tests in paths [/data/app/~~1Fb40jdTamN-TIhaoF5v6A==/com.detoxsample.test-S8GuflHohAWx1a9B5BNvyg==/base.apk]
03-22 00:56:50.088 16646 16667 W com.detoxsampl: Opening an oat file without a class loader. Are you using the deprecated DexFile APIs?
03-22 00:56:50.804 16646 16667 D TestExecutor: Adding listener androidx.test.internal.runner.listener.LogRunListener
03-22 00:56:50.805 16646 16667 D TestExecutor: Adding listener androidx.test.internal.runner.listener.InstrumentationResultPrinter
03-22 00:56:50.805 16646 16667 D TestExecutor: Adding listener androidx.test.internal.runner.listener.ActivityFinisherRunListener
03-22 00:56:50.806 16646 16667 I TestRunner: run started: 1 tests
03-22 00:56:50.810 16646 16667 I TestRunner: started: runDetoxTests(com.detoxsample.DetoxTest)
03-22 00:56:50.831 16646 16667 D EventInjectionStrategy: Creating injection strategy with input manager.
03-22 00:56:50.831 16646 16667 W com.detoxsampl: Accessing hidden method Landroid/hardware/input/InputManager;->getInstance()Landroid/hardware/input/InputManager; (greylist, reflection, allowed)
03-22 00:56:50.832 16646 16667 W com.detoxsampl: Accessing hidden method Landroid/hardware/input/InputManager;->injectInputEvent(Landroid/view/InputEvent;I)Z (greylist, reflection, allowed)
03-22 00:56:50.832 16646 16667 W com.detoxsampl: Accessing hidden field Landroid/hardware/input/InputManager;->INJECT_INPUT_EVENT_MODE_WAIT_FOR_FINISH:I (greylist, reflection, allowed)
03-22 00:56:50.846 16646 16667 W com.detoxsampl: Accessing hidden field Ljava/lang/reflect/Field;->accessFlags:I (greylist, reflection, allowed)
03-22 00:56:51.040 16646 16646 D LifecycleMonitor: Lifecycle status change: com.detoxsample.MainActivity@9d431df in: PRE_ON_CREATE
03-22 00:56:51.099 16646 16683 D SoLoader: About to load: libreactnativejni.so
03-22 00:56:51.100 16646 16683 D SoLoader: libreactnativejni.so not found on /data/data/com.detoxsample/lib-main
03-22 00:56:51.100 16646 16683 D SoLoader: libreactnativejni.so found on /data/app/~~p_wVuHhLc1M8opDvdaxQ3A==/com.detoxsample-eu-U1ag7nhH7rb73fv8fog==/lib/arm64
03-22 00:56:51.100 16646 16683 D SoLoader: Not resolving dependencies for libreactnativejni.so
03-22 00:56:51.107 16646 16683 D SoLoader: Loaded: libreactnativejni.so
03-22 00:56:51.148 16646 16646 W com.detoxsampl: Accessing hidden method Landroid/view/View;->computeFitSystemWindows(Landroid/graphics/Rect;Landroid/graphics/Rect;)Z (greylist, reflection, allowed)
03-22 00:56:51.149 16646 16646 W com.detoxsampl: Accessing hidden method Landroid/view/ViewGroup;->makeOptionalFitsSystemWindows()V (greylist, reflection, allowed)
03-22 00:56:51.206 16646 16646 D LifecycleMonitor: Lifecycle status change: com.detoxsample.MainActivity@9d431df in: CREATED
03-22 00:56:51.210 16646 16646 D LifecycleMonitor: Lifecycle status change: com.detoxsample.MainActivity@9d431df in: STARTED
03-22 00:56:51.251 16646 16646 D LifecycleMonitor: Lifecycle status change: com.detoxsample.MainActivity@9d431df in: RESUMED
03-22 00:56:51.295 16646 16646 I TouchFilterInputStageHelper: [needTouchEventFilter] Displayid : 0
03-22 00:56:51.297 16646 16646 D HandGripFilter: getdisplaysize, x : 1080 y : 2340
03-22 00:56:51.305 16646 16646 W unknown:ReactNative: Packager connection already open, nooping.
03-22 00:56:51.351 16646 16791 I AdrenoGLES-0: QUALCOMM build                   : 59e4ca3, Ic42881d075
03-22 00:56:51.351 16646 16791 I AdrenoGLES-0: Build Date                       : 01/07/21
03-22 00:56:51.351 16646 16791 I AdrenoGLES-0: OpenGL ES Shader Compiler Version: EV031.32.02.06
03-22 00:56:51.351 16646 16791 I AdrenoGLES-0: Local Branch                     : mybrancheb50fcd0-9e7c-f130-bc5f-5cb90179c3d8
03-22 00:56:51.351 16646 16791 I AdrenoGLES-0: Remote Branch                    : quic/gfx-adreno.lnx.1.0.r99-rel
03-22 00:56:51.351 16646 16791 I AdrenoGLES-0: Remote Branch                    : NONE
03-22 00:56:51.351 16646 16791 I AdrenoGLES-0: Reconstruct Branch               : NOTHING
03-22 00:56:51.351 16646 16791 I AdrenoGLES-0: Build Config                     : S P 10.0.7 AArch64
03-22 00:56:51.351 16646 16791 I AdrenoGLES-0: Driver Path                      : /vendor/lib64/egl/libGLESv2_adreno.so
03-22 00:56:51.382 16646 16791 I AdrenoGLES-0: PFP: 0x016ee190, ME: 0x00000000
03-22 00:56:51.571 16646 16646 I TouchFilterInputStageHelper: [needTouchEventFilter] Displayid : 0
03-22 00:56:51.574 16646 16646 D HandGripFilter: getdisplaysize, x : 1080 y : 2340
03-22 00:56:51.610 16646 16646 I Timeline: Timeline: Activity_idle id: ActivityRecord{6a4e28d token=android.os.BinderProxy@d209094 {com.detoxsample/com.detoxsample.MainActivity}} time:378963839
03-22 00:56:51.623 16646 16667 I Detox   : Detox server connection details: url=ws://localhost:57444, sessionId=980396b3-398b-27c4-9166-d3d22131206a
03-22 00:56:51.628 16646 16885 I DetoxDispatcher: Handling action '_init' (ID #0)...
03-22 00:56:51.628 16646 16885 I Detox   : Connecting to server...
03-22 00:56:51.628 16646 16885 I DetoxWSClient: At connectToServer
03-22 00:56:51.649 16646 16887 D DetoxWSClient: At onOpen
03-22 00:56:51.649 16646 16887 I DetoxWSClient: Sending out action 'login' (ID #0)
03-22 00:56:51.649 16646 16887 I Detox   : Connected to server!
03-22 00:56:51.654 16646 16887 D DetoxWSClient: Received action 'loginSuccess' (ID #0, params={"testerConnected":true,"appConnected":true})
03-22 00:56:51.682 16646 16884 W unknown:ReactContext: initializeMessageQueueThreads() is called.
03-22 00:56:51.688 16646 16646 W unknown:ReactNative: Packager connection already open, nooping.
03-22 00:56:51.693 16646 16887 D DetoxWSClient: Received action 'isReady' (ID #-1000, params={})
03-22 00:56:51.726 16646 16891 W unknown:ViewManagerPropertyUpdater: Could not find generated setter for class com.facebook.react.views.drawer.ReactDrawerLayoutManager
03-22 00:56:51.731 16646 16891 W unknown:ViewManagerPropertyUpdater: Could not find generated setter for class com.facebook.react.uimanager.LayoutShadowNode
03-22 00:56:51.734 16646 16891 W unknown:ViewManagerPropertyUpdater: Could not find generated setter for class com.facebook.react.views.scroll.ReactHorizontalScrollViewManager
03-22 00:56:51.737 16646 16891 W unknown:ViewManagerPropertyUpdater: Could not find generated setter for class com.facebook.react.views.scroll.ReactHorizontalScrollContainerViewManager
03-22 00:56:51.738 16646 16891 W unknown:ViewManagerPropertyUpdater: Could not find generated setter for class com.facebook.react.views.progressbar.ReactProgressBarViewManager
03-22 00:56:51.739 16646 16891 W unknown:ViewManagerPropertyUpdater: Could not find generated setter for class com.facebook.react.views.progressbar.ProgressBarShadowNode
03-22 00:56:51.741 16646 16891 W unknown:ViewManagerPropertyUpdater: Could not find generated setter for class com.facebook.react.views.scroll.ReactScrollViewManager
03-22 00:56:51.743 16646 16891 W unknown:ViewManagerPropertyUpdater: Could not find generated setter for class com.facebook.react.views.slider.ReactSliderManager
03-22 00:56:51.745 16646 16891 W unknown:ViewManagerPropertyUpdater: Could not find generated setter for class com.facebook.react.views.slider.ReactSliderManager$ReactSliderShadowNode
03-22 00:56:51.746 16646 16891 W unknown:ViewManagerPropertyUpdater: Could not find generated setter for class com.facebook.react.views.switchview.ReactSwitchManager
03-22 00:56:51.747 16646 16891 W unknown:ViewManagerPropertyUpdater: Could not find generated setter for class com.facebook.react.views.switchview.ReactSwitchManager$ReactSwitchShadowNode
03-22 00:56:51.748 16646 16891 W unknown:ViewManagerPropertyUpdater: Could not find generated setter for class com.facebook.react.views.swiperefresh.SwipeRefreshLayoutManager
03-22 00:56:51.749 16646 16891 W unknown:ViewManagerPropertyUpdater: Could not find generated setter for class com.facebook.react.views.text.frescosupport.FrescoBasedReactTextInlineImageViewManager
03-22 00:56:51.750 16646 16891 W unknown:ViewManagerPropertyUpdater: Could not find generated setter for class com.facebook.react.views.text.frescosupport.FrescoBasedReactTextInlineImageShadowNode
03-22 00:56:51.752 16646 16891 W unknown:ViewManagerPropertyUpdater: Could not find generated setter for class com.facebook.react.views.image.ReactImageManager
03-22 00:56:51.753 16646 16891 W unknown:ViewManagerPropertyUpdater: Could not find generated setter for class com.facebook.react.views.modal.ReactModalHostManager
03-22 00:56:51.755 16646 16891 W unknown:ViewManagerPropertyUpdater: Could not find generated setter for class com.facebook.react.views.modal.ModalHostShadowNode
03-22 00:56:51.755 16646 16891 W unknown:ViewManagerPropertyUpdater: Could not find generated setter for class com.facebook.react.views.text.ReactRawTextManager
03-22 00:56:51.756 16646 16891 W unknown:ViewManagerPropertyUpdater: Could not find generated setter for class com.facebook.react.views.text.ReactRawTextShadowNode
03-22 00:56:51.756 16646 16891 W unknown:ViewManagerPropertyUpdater: Could not find generated setter for class com.facebook.react.views.textinput.ReactTextInputManager
03-22 00:56:51.760 16646 16891 W unknown:ViewManagerPropertyUpdater: Could not find generated setter for class com.facebook.react.views.textinput.ReactTextInputShadowNode
03-22 00:56:51.762 16646 16891 W unknown:ViewManagerPropertyUpdater: Could not find generated setter for class com.facebook.react.views.text.ReactTextViewManager
03-22 00:56:51.764 16646 16891 W unknown:ViewManagerPropertyUpdater: Could not find generated setter for class com.facebook.react.views.text.ReactTextShadowNode
03-22 00:56:51.765 16646 16891 W unknown:ViewManagerPropertyUpdater: Could not find generated setter for class com.facebook.react.views.view.ReactViewManager
03-22 00:56:51.767 16646 16891 W unknown:ViewManagerPropertyUpdater: Could not find generated setter for class com.facebook.react.views.text.ReactVirtualTextViewManager
03-22 00:56:51.767 16646 16891 W unknown:ViewManagerPropertyUpdater: Could not find generated setter for class com.facebook.react.views.text.ReactVirtualTextShadowNode
03-22 00:56:51.768 16646 16891 W unknown:ViewManagerPropertyUpdater: Could not find generated setter for class com.facebook.react.views.unimplementedview.ReactUnimplementedViewManager
03-22 00:56:51.777 16646 16891 W unknown:ReactContext: initializeMessageQueueThreads() is called.
03-22 00:56:51.780 16646 16891 D SoLoader: About to load: libyoga.so
03-22 00:56:51.780 16646 16891 D SoLoader: libyoga.so not found on /data/data/com.detoxsample/lib-main
03-22 00:56:51.780 16646 16891 D SoLoader: libyoga.so found on /data/app/~~p_wVuHhLc1M8opDvdaxQ3A==/com.detoxsample-eu-U1ag7nhH7rb73fv8fog==/lib/arm64
03-22 00:56:51.780 16646 16891 D SoLoader: Not resolving dependencies for libyoga.so
03-22 00:56:51.781 16646 16891 D SoLoader: Loaded: libyoga.so
03-22 00:56:51.789 16646 16646 I DetoxRNLoading: Got new RN-context async'ly through listener
03-22 00:56:51.789 16646 16885 I DetoxRNIdleRes: Setting up Espresso Idling Resources for React Native
03-22 00:56:51.802 16646 16885 D AsyncStorageIR: Checking whether a custom IR for Async-Storage is required... (legacy=false)
03-22 00:56:51.803 16646 16885 D DetoxRNHelpers: Native RN module resolution (class com.reactnativecommunity.asyncstorage.AsyncStorageModule): no such class
03-22 00:56:51.804 16646 16885 D AsyncStorageIR: Checking whether a custom IR for Async-Storage is required... (legacy=true)
03-22 00:56:51.805 16646 16885 D AsyncStorageIR: IR for Async-Storage is required! (legacy=true)
03-22 00:56:51.808 16646 16646 D AsyncStorageIRLegacy: Async-storage is busy!
03-22 00:56:51.814 16646 16885 I DetoxDispatcher: Done with action '_init'
03-22 00:56:51.814 16646 16885 I DetoxDispatcher: Handling action 'isReady' (ID #-1000)...
03-22 00:56:51.815 16646 16891 I flipper : flipper: FlipperClient::addPlugin Fresco
03-22 00:56:51.816 16646 16891 W com.detoxsampl: Accessing hidden method Landroid/os/MessageQueue;->next()Landroid/os/Message; (greylist, reflection, allowed)
03-22 00:56:51.816 16646 16891 W com.detoxsampl: Accessing hidden field Landroid/os/MessageQueue;->mMessages:Landroid/os/Message; (greylist, reflection, allowed)
03-22 00:56:51.816 16646 16891 W com.detoxsampl: Accessing hidden method Landroid/os/Message;->recycleUnchecked()V (greylist, reflection, allowed)
03-22 00:56:51.878 16646 16888 D SoLoader: About to load: libreactnativeblob.so
03-22 00:56:51.878 16646 16888 D SoLoader: libreactnativeblob.so not found on /data/data/com.detoxsample/lib-main
03-22 00:56:51.878 16646 16888 D SoLoader: libreactnativeblob.so found on /data/app/~~p_wVuHhLc1M8opDvdaxQ3A==/com.detoxsample-eu-U1ag7nhH7rb73fv8fog==/lib/arm64
03-22 00:56:51.878 16646 16888 D SoLoader: Not resolving dependencies for libreactnativeblob.so
03-22 00:56:51.879 16646 16888 D SoLoader: Loaded: libreactnativeblob.so
03-22 00:56:52.008 16646 16891 I WebViewFactory: Loading com.google.android.webview version 99.0.4844.58 (code 484405833)
03-22 00:56:52.068 16646 16888 I ReactNativeJS: Running "DetoxSample" with {"rootTag":1}
03-22 00:56:52.131 16646 16891 W com.detoxsampl: Accessing hidden method Landroid/os/Trace;->isTagEnabled(J)Z (greylist, reflection, allowed)
03-22 00:56:52.131 16646 16891 W com.detoxsampl: Accessing hidden method Landroid/os/Trace;->traceBegin(JLjava/lang/String;)V (greylist, reflection, allowed)
03-22 00:56:52.131 16646 16891 W com.detoxsampl: Accessing hidden method Landroid/os/Trace;->traceEnd(J)V (greylist, reflection, allowed)
03-22 00:56:52.131 16646 16891 W com.detoxsampl: Accessing hidden method Landroid/os/Trace;->asyncTraceBegin(JLjava/lang/String;I)V (greylist, reflection, allowed)
03-22 00:56:52.131 16646 16891 W com.detoxsampl: Accessing hidden method Landroid/os/Trace;->asyncTraceEnd(JLjava/lang/String;I)V (greylist, reflection, allowed)
03-22 00:56:52.138 16646 16891 I cr_WVCFactoryProvider: Loaded version=99.0.4844.58 minSdkVersion=29 isBundle=true multiprocess=true packageId=3
03-22 00:56:52.212 16646 16891 I cr_LibraryLoader: Successfully loaded native library
03-22 00:56:52.215 16646 16891 I cr_CachingUmaRecorder: Flushed 8 samples from 8 histograms.
03-22 00:56:52.386 16646 16646 I Detox   : UIManagerModule is busy
03-22 00:56:52.416 16646 16646 W com.detoxsampl: Accessing hidden field Landroid/widget/ScrollView;->mScroller:Landroid/widget/OverScroller; (greylist, reflection, allowed)
03-22 00:56:52.482 16646 17059 D SoLoader: About to load: libimagepipeline.so
03-22 00:56:52.482 16646 17059 D SoLoader: libimagepipeline.so not found on /data/data/com.detoxsample/lib-main
03-22 00:56:52.482 16646 17059 D SoLoader: libimagepipeline.so found on /data/app/~~p_wVuHhLc1M8opDvdaxQ3A==/com.detoxsample-eu-U1ag7nhH7rb73fv8fog==/lib/arm64
03-22 00:56:52.482 16646 17059 D SoLoader: Not resolving dependencies for libimagepipeline.so
03-22 00:56:52.483 16646 16646 I Detox   : Wait is over: app is now idle!
03-22 00:56:52.483 16646 16885 I DetoxWSClient: Sending out action 'ready' (ID #-1000)
03-22 00:56:52.483 16646 16885 I DetoxDispatcher: Done with action 'isReady'
03-22 00:56:52.484 16646 16885 I DetoxDispatcher: Handling action 'loginSuccess' (ID #0)...
03-22 00:56:52.484 16646 16885 I DetoxDispatcher: Done with action 'loginSuccess'
03-22 00:56:52.484 16646 16885 I DetoxDispatcher: Handling action 'isReady' (ID #-1000)...
03-22 00:56:52.488 16646 17059 D SoLoader: Loaded: libimagepipeline.so
03-22 00:56:52.489 16646 16646 I Detox   : Wait is over: app is now idle!
03-22 00:56:52.489 16646 16885 I DetoxWSClient: Sending out action 'ready' (ID #-1000)
03-22 00:56:52.489 16646 16885 I DetoxDispatcher: Done with action 'isReady'
