--------- beginning of main
03-22 00:36:02.090  3657  3657 I com.detoxsampl: Late-enabling -Xcheck:jni
03-22 00:36:02.120  3657  3657 I com.detoxsampl: Unquickening 19 vdex files!
--------- beginning of system
03-22 00:36:02.190  3657  3657 W ActivityThread: Package uses different ABI(s) than its instrumentation: package[com.detoxsample]: arm64-v8a, null instrumentation[com.detoxsample.test]: null, null
03-22 00:36:02.197  3657  3657 I Typeface: Current DefaultTypeface ( lgtravel )
03-22 00:36:02.200  3657  3657 I com.detoxsampl: The ClassLoaderContext is a special shared library.
03-22 00:36:02.218  3657  3657 I chatty  : uid=10462(com.detoxsample) identical 2 lines
03-22 00:36:02.222  3657  3657 I com.detoxsampl: The ClassLoaderContext is a special shared library.
03-22 00:36:02.403  3657  3657 D ApplicationLoaders: Returning zygote-cached class loader: /system/framework/android.test.base.jar
03-22 00:36:02.403  3657  3657 D ApplicationLoaders: Returning zygote-cached class loader: /system/framework/android.test.base.jar
03-22 00:36:02.404  3657  3657 I com.detoxsampl: The ClassLoaderContext is a special shared library.
03-22 00:36:02.407  3657  3657 D ApplicationLoaders: Returning zygote-cached class loader: /system/framework/android.test.base.jar
03-22 00:36:02.407  3657  3657 D ApplicationLoaders: Returning zygote-cached class loader: /system/framework/android.test.base.jar
03-22 00:36:02.407  3657  3657 I com.detoxsampl: The ClassLoaderContext is a special shared library.
03-22 00:36:02.411  3657  3657 I chatty  : uid=10462(com.detoxsample) identical 2 lines
03-22 00:36:02.412  3657  3657 I com.detoxsampl: The ClassLoaderContext is a special shared library.
03-22 00:36:02.568  3657  3657 W com.detoxsampl: Accessing hidden method Landroid/app/Instrumentation;->execStartActivity(Landroid/content/Context;Landroid/os/IBinder;Landroid/os/IBinder;Landroid/app/Activity;Landroid/content/Intent;ILandroid/os/Bundle;)Landroid/app/Instrumentation$ActivityResult; (greylist, linking, allowed)
03-22 00:36:02.568  3657  3657 W com.detoxsampl: Accessing hidden method Landroid/app/Instrumentation;->execStartActivity(Landroid/content/Context;Landroid/os/IBinder;Landroid/os/IBinder;Ljava/lang/String;Landroid/content/Intent;ILandroid/os/Bundle;)Landroid/app/Instrumentation$ActivityResult; (greylist, linking, allowed)
03-22 00:36:02.579  3657  3657 D NetworkSecurityConfig: Using Network Security Config from resource network_security_config debugBuild: true
03-22 00:36:02.581  3657  3657 D NetworkSecurityConfig: Using Network Security Config from resource network_security_config debugBuild: true
03-22 00:36:02.582  3657  3657 I MonitoringInstr: Instrumentation started!
03-22 00:36:02.595  3657  3657 V TestEventClient: No service name argument was given (testDiscoveryService, testRunEventService or orchestratorService)
03-22 00:36:02.600  3657  3657 D SoLoader: init start
03-22 00:36:02.600  3657  3657 D SoLoader: adding system library source: /vendor/lib64
03-22 00:36:02.601  3657  3657 D SoLoader: adding system library source: /system/lib64
03-22 00:36:02.601  3657  3657 D SoLoader: adding application source: com.facebook.soloader.DirectorySoSource[root = /data/app/~~tNcbPFeGYN1F_mq_3wKr_w==/com.detoxsample-0S0ji2wqsK2JxtptfrCDCQ==/lib/arm64 flags = 0]
03-22 00:36:02.602  3657  3657 D SoLoader: adding backup source from : com.facebook.soloader.ApkSoSource[root = /data/data/com.detoxsample/lib-main flags = 1]
03-22 00:36:02.602  3657  3657 D SoLoader: Preparing SO source: com.facebook.soloader.DirectorySoSource[root = /system/lib64 flags = 2]
03-22 00:36:02.603  3657  3657 D SoLoader: Preparing SO source: com.facebook.soloader.DirectorySoSource[root = /vendor/lib64 flags = 2]
03-22 00:36:02.603  3657  3657 D SoLoader: Preparing SO source: com.facebook.soloader.DirectorySoSource[root = /data/app/~~tNcbPFeGYN1F_mq_3wKr_w==/com.detoxsample-0S0ji2wqsK2JxtptfrCDCQ==/lib/arm64 flags = 0]
03-22 00:36:02.603  3657  3657 D SoLoader: Preparing SO source: com.facebook.soloader.ApkSoSource[root = /data/data/com.detoxsample/lib-main flags = 1]
03-22 00:36:02.604  3657  3657 V fb-UnpackingSoSource: locked dso store /data/user/0/com.detoxsample/lib-main
03-22 00:36:02.608  3657  3657 V fb-UnpackingSoSource: deps mismatch on deps store: regenerating
03-22 00:36:02.608  3657  3657 V fb-UnpackingSoSource: so store dirty: regenerating
03-22 00:36:02.660  3657  3657 D ApkSoSource: not allowing consideration of lib/arm64-v8a/libbetter.so: deferring to libdir
03-22 00:36:02.660  3657  3657 D ApkSoSource: not allowing consideration of lib/arm64-v8a/libc++_shared.so: deferring to libdir
03-22 00:36:02.660  3657  3657 D ApkSoSource: not allowing consideration of lib/arm64-v8a/libevent-2.1.so: deferring to libdir
03-22 00:36:02.660  3657  3657 D ApkSoSource: not allowing consideration of lib/arm64-v8a/libevent_core-2.1.so: deferring to libdir
03-22 00:36:02.660  3657  3657 D ApkSoSource: not allowing consideration of lib/arm64-v8a/libevent_extra-2.1.so: deferring to libdir
03-22 00:36:02.661  3657  3657 D ApkSoSource: not allowing consideration of lib/arm64-v8a/libfabricjni.so: deferring to libdir
03-22 00:36:02.661  3657  3657 D ApkSoSource: not allowing consideration of lib/arm64-v8a/libfb.so: deferring to libdir
03-22 00:36:02.661  3657  3657 D ApkSoSource: not allowing consideration of lib/arm64-v8a/libfbjni.so: deferring to libdir
03-22 00:36:02.661  3657  3657 D ApkSoSource: not allowing consideration of lib/arm64-v8a/libflipper.so: deferring to libdir
03-22 00:36:02.661  3657  3657 D ApkSoSource: not allowing consideration of lib/arm64-v8a/libfolly_futures.so: deferring to libdir
03-22 00:36:02.661  3657  3657 D ApkSoSource: not allowing consideration of lib/arm64-v8a/libfolly_json.so: deferring to libdir
03-22 00:36:02.661  3657  3657 D ApkSoSource: not allowing consideration of lib/arm64-v8a/libglog.so: deferring to libdir
03-22 00:36:02.661  3657  3657 D ApkSoSource: not allowing consideration of lib/arm64-v8a/libglog_init.so: deferring to libdir
03-22 00:36:02.661  3657  3657 D ApkSoSource: not allowing consideration of lib/arm64-v8a/libimagepipeline.so: deferring to libdir
03-22 00:36:02.661  3657  3657 D ApkSoSource: not allowing consideration of lib/arm64-v8a/libjsc.so: deferring to libdir
03-22 00:36:02.661  3657  3657 D ApkSoSource: not allowing consideration of lib/arm64-v8a/libjscexecutor.so: deferring to libdir
03-22 00:36:02.661  3657  3657 D ApkSoSource: not allowing consideration of lib/arm64-v8a/libjsi.so: deferring to libdir
03-22 00:36:02.661  3657  3657 D ApkSoSource: not allowing consideration of lib/arm64-v8a/libjsijniprofiler.so: deferring to libdir
03-22 00:36:02.661  3657  3657 D ApkSoSource: not allowing consideration of lib/arm64-v8a/libjsinspector.so: deferring to libdir
03-22 00:36:02.661  3657  3657 D ApkSoSource: not allowing consideration of lib/arm64-v8a/liblogger.so: deferring to libdir
03-22 00:36:02.661  3657  3657 D ApkSoSource: not allowing consideration of lib/arm64-v8a/libmapbufferjni.so: deferring to libdir
03-22 00:36:02.661  3657  3657 D ApkSoSource: not allowing consideration of lib/arm64-v8a/libnative-filters.so: deferring to libdir
03-22 00:36:02.661  3657  3657 D ApkSoSource: not allowing consideration of lib/arm64-v8a/libnative-imagetranscoder.so: deferring to libdir
03-22 00:36:02.661  3657  3657 D ApkSoSource: not allowing consideration of lib/arm64-v8a/libreact_codegen_rncore.so: deferring to libdir
03-22 00:36:02.661  3657  3657 D ApkSoSource: not allowing consideration of lib/arm64-v8a/libreact_debug.so: deferring to libdir
03-22 00:36:02.661  3657  3657 D ApkSoSource: not allowing consideration of lib/arm64-v8a/libreact_nativemodule_core.so: deferring to libdir
03-22 00:36:02.661  3657  3657 D ApkSoSource: not allowing consideration of lib/arm64-v8a/libreact_render_animations.so: deferring to libdir
03-22 00:36:02.662  3657  3657 D ApkSoSource: not allowing consideration of lib/arm64-v8a/libreact_render_attributedstring.so: deferring to libdir
03-22 00:36:02.662  3657  3657 D ApkSoSource: not allowing consideration of lib/arm64-v8a/libreact_render_componentregistry.so: deferring to libdir
03-22 00:36:02.662  3657  3657 D ApkSoSource: not allowing consideration of lib/arm64-v8a/libreact_render_core.so: deferring to libdir
03-22 00:36:02.662  3657  3657 D ApkSoSource: not allowing consideration of lib/arm64-v8a/libreact_render_debug.so: deferring to libdir
03-22 00:36:02.662  3657  3657 D ApkSoSource: not allowing consideration of lib/arm64-v8a/libreact_render_graphics.so: deferring to libdir
03-22 00:36:02.662  3657  3657 D ApkSoSource: not allowing consideration of lib/arm64-v8a/libreact_render_imagemanager.so: deferring to libdir
03-22 00:36:02.662  3657  3657 D ApkSoSource: not allowing consideration of lib/arm64-v8a/libreact_render_leakchecker.so: deferring to libdir
03-22 00:36:02.662  3657  3657 D ApkSoSource: not allowing consideration of lib/arm64-v8a/libreact_render_mapbuffer.so: deferring to libdir
03-22 00:36:02.662  3657  3657 D ApkSoSource: not allowing consideration of lib/arm64-v8a/libreact_render_mounting.so: deferring to libdir
03-22 00:36:02.662  3657  3657 D ApkSoSource: not allowing consideration of lib/arm64-v8a/libreact_render_runtimescheduler.so: deferring to libdir
03-22 00:36:02.662  3657  3657 D ApkSoSource: not allowing consideration of lib/arm64-v8a/libreact_render_scheduler.so: deferring to libdir
03-22 00:36:02.662  3657  3657 D ApkSoSource: not allowing consideration of lib/arm64-v8a/libreact_render_telemetry.so: deferring to libdir
03-22 00:36:02.662  3657  3657 D ApkSoSource: not allowing consideration of lib/arm64-v8a/libreact_render_templateprocessor.so: deferring to libdir
03-22 00:36:02.662  3657  3657 D ApkSoSource: not allowing consideration of lib/arm64-v8a/libreact_render_textlayoutmanager.so: deferring to libdir
03-22 00:36:02.662  3657  3657 D ApkSoSource: not allowing consideration of lib/arm64-v8a/libreact_render_uimanager.so: deferring to libdir
03-22 00:36:02.662  3657  3657 D ApkSoSource: not allowing consideration of lib/arm64-v8a/libreact_utils.so: deferring to libdir
03-22 00:36:02.662  3657  3657 D ApkSoSource: not allowing consideration of lib/arm64-v8a/libreactconfig.so: deferring to libdir
03-22 00:36:02.662  3657  3657 D ApkSoSource: not allowing consideration of lib/arm64-v8a/libreactnativeblob.so: deferring to libdir
03-22 00:36:02.662  3657  3657 D ApkSoSource: not allowing consideration of lib/arm64-v8a/libreactnativejni.so: deferring to libdir
03-22 00:36:02.662  3657  3657 D ApkSoSource: not allowing consideration of lib/arm64-v8a/libreactnativeutilsjni.so: deferring to libdir
03-22 00:36:02.662  3657  3657 D ApkSoSource: not allowing consideration of lib/arm64-v8a/libreactperfloggerjni.so: deferring to libdir
03-22 00:36:02.662  3657  3657 D ApkSoSource: not allowing consideration of lib/arm64-v8a/librrc_image.so: deferring to libdir
03-22 00:36:02.662  3657  3657 D ApkSoSource: not allowing consideration of lib/arm64-v8a/librrc_modal.so: deferring to libdir
03-22 00:36:02.662  3657  3657 D ApkSoSource: not allowing consideration of lib/arm64-v8a/librrc_progressbar.so: deferring to libdir
03-22 00:36:02.663  3657  3657 D ApkSoSource: not allowing consideration of lib/arm64-v8a/librrc_root.so: deferring to libdir
03-22 00:36:02.663  3657  3657 D ApkSoSource: not allowing consideration of lib/arm64-v8a/librrc_scrollview.so: deferring to libdir
03-22 00:36:02.663  3657  3657 D ApkSoSource: not allowing consideration of lib/arm64-v8a/librrc_slider.so: deferring to libdir
03-22 00:36:02.663  3657  3657 D ApkSoSource: not allowing consideration of lib/arm64-v8a/librrc_switch.so: deferring to libdir
03-22 00:36:02.663  3657  3657 D ApkSoSource: not allowing consideration of lib/arm64-v8a/librrc_text.so: deferring to libdir
03-22 00:36:02.663  3657  3657 D ApkSoSource: not allowing consideration of lib/arm64-v8a/librrc_textinput.so: deferring to libdir
03-22 00:36:02.663  3657  3657 D ApkSoSource: not allowing consideration of lib/arm64-v8a/librrc_unimplementedview.so: deferring to libdir
03-22 00:36:02.663  3657  3657 D ApkSoSource: not allowing consideration of lib/arm64-v8a/librrc_view.so: deferring to libdir
03-22 00:36:02.663  3657  3657 D ApkSoSource: not allowing consideration of lib/arm64-v8a/libturbomodulejsijni.so: deferring to libdir
03-22 00:36:02.663  3657  3657 D ApkSoSource: not allowing consideration of lib/arm64-v8a/libyoga.so: deferring to libdir
03-22 00:36:02.663  3657  3657 V fb-UnpackingSoSource: regenerating DSO store com.facebook.soloader.ApkSoSource
03-22 00:36:02.663  3657  3657 V fb-UnpackingSoSource: Finished regenerating DSO store com.facebook.soloader.ApkSoSource
03-22 00:36:02.664  3657  3657 V fb-UnpackingSoSource: starting syncer worker
03-22 00:36:02.674  3657  3657 V fb-UnpackingSoSource: releasing dso store lock for /data/user/0/com.detoxsample/lib-main (from syncer thread)
03-22 00:36:02.674  3657  3657 V fb-UnpackingSoSource: not releasing dso store lock for /data/user/0/com.detoxsample/lib-main (syncer thread started)
03-22 00:36:02.674  3657  3657 D SoLoader: init finish: 4 SO sources prepared
03-22 00:36:02.674  3657  3657 D SoLoader: init exiting
03-22 00:36:02.685  3657  3657 D SoLoader: init exiting
03-22 00:36:02.685  3657  3657 D SoLoader: About to load: libjscexecutor.so
03-22 00:36:02.686  3657  3657 D SoLoader: libjscexecutor.so not found on /data/data/com.detoxsample/lib-main
03-22 00:36:02.686  3657  3657 D SoLoader: libjscexecutor.so found on /data/app/~~tNcbPFeGYN1F_mq_3wKr_w==/com.detoxsample-0S0ji2wqsK2JxtptfrCDCQ==/lib/arm64
03-22 00:36:02.686  3657  3657 D SoLoader: Not resolving dependencies for libjscexecutor.so
03-22 00:36:02.692  3657  3657 D JavaScriptCore.Version: 250230.2.1
03-22 00:36:02.693  3657  3657 D SoLoader: Loaded: libjscexecutor.so
03-22 00:36:02.694  3657  3657 D SoLoader: init exiting
03-22 00:36:02.787  3657  3657 I SensorManager: registerListenerImpl() [Sensor: LGE Accelerometer Non-wakeup, Rate: 66667, SensorEventListener: com.facebook.react.common.ShakeDetector@717fc72] by com.facebook.react.common.ShakeDetector.start():60
03-22 00:36:02.816  3657  3715 D SoLoader: About to load: libfbjni.so
03-22 00:36:02.816  3657  3715 D SoLoader: libfbjni.so not found on /data/data/com.detoxsample/lib-main
03-22 00:36:02.821  3657  3715 D SoLoader: libfbjni.so found on /data/app/~~tNcbPFeGYN1F_mq_3wKr_w==/com.detoxsample-0S0ji2wqsK2JxtptfrCDCQ==/lib/arm64
03-22 00:36:02.821  3657  3715 D SoLoader: Not resolving dependencies for libfbjni.so
03-22 00:36:02.823  3657  3715 D SoLoader: Loaded: libfbjni.so
03-22 00:36:02.824  3657  3715 D SoLoader: About to load: libflipper.so
03-22 00:36:02.824  3657  3715 D SoLoader: libflipper.so not found on /data/data/com.detoxsample/lib-main
03-22 00:36:02.824  3657  3715 D SoLoader: libflipper.so found on /data/app/~~tNcbPFeGYN1F_mq_3wKr_w==/com.detoxsample-0S0ji2wqsK2JxtptfrCDCQ==/lib/arm64
03-22 00:36:02.824  3657  3715 D SoLoader: Not resolving dependencies for libflipper.so
03-22 00:36:02.836  3657  3715 D SoLoader: Loaded: libflipper.so
03-22 00:36:02.868  3657  3657 W com.detoxsampl: Accessing hidden field Landroid/view/View;->mKeyedTags:Landroid/util/SparseArray; (greylist, reflection, allowed)
03-22 00:36:02.868  3657  3657 W com.detoxsampl: Accessing hidden field Landroid/view/View;->mListenerInfo:Landroid/view/View$ListenerInfo; (greylist, reflection, allowed)
03-22 00:36:02.870  3657  3657 W com.detoxsampl: Accessing hidden field Landroid/view/View$ListenerInfo;->mOnClickListener:Landroid/view/View$OnClickListener; (greylist, reflection, allowed)
03-22 00:36:02.879  3657  3657 I flipper : flipper: FlipperClient::addPlugin Inspector
03-22 00:36:02.880  3657  3657 I flipper : flipper: FlipperClient::addPlugin React
03-22 00:36:02.885  3657  3657 I flipper : flipper: FlipperClient::addPlugin Databases
03-22 00:36:02.887  3657  3657 I flipper : flipper: FlipperClient::addPlugin Preferences
03-22 00:36:02.887  3657  3657 I flipper : flipper: FlipperClient::addPlugin CrashReporter
03-22 00:36:02.893  3657  3657 I flipper : flipper: FlipperClient::addPlugin Network
03-22 00:36:02.938  3657  3694 I UsageTrackerFacilitator: Usage tracking enabled
03-22 00:36:02.944  3657  3694 I TestRequestBuilder: Scanning classpath to find tests in paths [/data/app/~~RZLO16DYGieiYArbUDamzA==/com.detoxsample.test-_GoZeFdxFalk4DA2Nh43rA==/base.apk]
03-22 00:36:02.946  3657  3694 W com.detoxsampl: Opening an oat file without a class loader. Are you using the deprecated DexFile APIs?
03-22 00:36:03.623  3657  3694 D TestExecutor: Adding listener androidx.test.internal.runner.listener.LogRunListener
03-22 00:36:03.623  3657  3694 D TestExecutor: Adding listener androidx.test.internal.runner.listener.InstrumentationResultPrinter
03-22 00:36:03.623  3657  3694 D TestExecutor: Adding listener androidx.test.internal.runner.listener.ActivityFinisherRunListener
03-22 00:36:03.625  3657  3694 I TestRunner: run started: 1 tests
03-22 00:36:03.628  3657  3694 I TestRunner: started: runDetoxTests(com.detoxsample.DetoxTest)
03-22 00:36:03.646  3657  3694 D EventInjectionStrategy: Creating injection strategy with input manager.
03-22 00:36:03.647  3657  3694 W com.detoxsampl: Accessing hidden method Landroid/hardware/input/InputManager;->getInstance()Landroid/hardware/input/InputManager; (greylist, reflection, allowed)
03-22 00:36:03.647  3657  3694 W com.detoxsampl: Accessing hidden method Landroid/hardware/input/InputManager;->injectInputEvent(Landroid/view/InputEvent;I)Z (greylist, reflection, allowed)
03-22 00:36:03.647  3657  3694 W com.detoxsampl: Accessing hidden field Landroid/hardware/input/InputManager;->INJECT_INPUT_EVENT_MODE_WAIT_FOR_FINISH:I (greylist, reflection, allowed)
03-22 00:36:03.666  3657  3694 W com.detoxsampl: Accessing hidden field Ljava/lang/reflect/Field;->accessFlags:I (greylist, reflection, allowed)
03-22 00:36:03.940  3657  3720 D SoLoader: About to load: libreactnativejni.so
03-22 00:36:03.941  3657  3720 D SoLoader: libreactnativejni.so not found on /data/data/com.detoxsample/lib-main
03-22 00:36:03.941  3657  3720 D SoLoader: libreactnativejni.so found on /data/app/~~tNcbPFeGYN1F_mq_3wKr_w==/com.detoxsample-0S0ji2wqsK2JxtptfrCDCQ==/lib/arm64
03-22 00:36:03.941  3657  3720 D SoLoader: Not resolving dependencies for libreactnativejni.so
03-22 00:36:03.944  3657  3657 D LifecycleMonitor: Lifecycle status change: com.detoxsample.MainActivity@31e087e in: PRE_ON_CREATE
03-22 00:36:03.985  3657  3720 D SoLoader: Loaded: libreactnativejni.so
03-22 00:36:04.087  3657  3657 W com.detoxsampl: Accessing hidden method Landroid/view/View;->computeFitSystemWindows(Landroid/graphics/Rect;Landroid/graphics/Rect;)Z (greylist, reflection, allowed)
03-22 00:36:04.089  3657  3657 W com.detoxsampl: Accessing hidden method Landroid/view/ViewGroup;->makeOptionalFitsSystemWindows()V (greylist, reflection, allowed)
03-22 00:36:04.103  3657  3657 D LifecycleMonitor: Lifecycle status change: com.detoxsample.MainActivity@31e087e in: CREATED
03-22 00:36:04.110  3657  3657 D LifecycleMonitor: Lifecycle status change: com.detoxsample.MainActivity@31e087e in: STARTED
03-22 00:36:04.120  3657  3657 D LifecycleMonitor: Lifecycle status change: com.detoxsample.MainActivity@31e087e in: RESUMED
03-22 00:36:04.172  3657  3657 I TouchFilterInputStageHelper: [needTouchEventFilter] Displayid : 0
03-22 00:36:04.175  3657  3657 D HandGripFilter: getdisplaysize, x : 1080 y : 2340
03-22 00:36:04.181  3657  3657 W unknown:ReactNative: Packager connection already open, nooping.
03-22 00:36:04.220  3657  3764 I AdrenoGLES-0: QUALCOMM build                   : 59e4ca3, Ic42881d075
03-22 00:36:04.220  3657  3764 I AdrenoGLES-0: Build Date                       : 01/07/21
03-22 00:36:04.220  3657  3764 I AdrenoGLES-0: OpenGL ES Shader Compiler Version: EV031.32.02.06
03-22 00:36:04.220  3657  3764 I AdrenoGLES-0: Local Branch                     : mybrancheb50fcd0-9e7c-f130-bc5f-5cb90179c3d8
03-22 00:36:04.220  3657  3764 I AdrenoGLES-0: Remote Branch                    : quic/gfx-adreno.lnx.1.0.r99-rel
03-22 00:36:04.220  3657  3764 I AdrenoGLES-0: Remote Branch                    : NONE
03-22 00:36:04.220  3657  3764 I AdrenoGLES-0: Reconstruct Branch               : NOTHING
03-22 00:36:04.220  3657  3764 I AdrenoGLES-0: Build Config                     : S P 10.0.7 AArch64
03-22 00:36:04.220  3657  3764 I AdrenoGLES-0: Driver Path                      : /vendor/lib64/egl/libGLESv2_adreno.so
03-22 00:36:04.250  3657  3764 I AdrenoGLES-0: PFP: 0x016ee190, ME: 0x00000000
03-22 00:36:04.469  3657  3657 I TouchFilterInputStageHelper: [needTouchEventFilter] Displayid : 0
03-22 00:36:04.470  3657  3657 D HandGripFilter: getdisplaysize, x : 1080 y : 2340
03-22 00:36:04.551  3657  3657 I Timeline: Timeline: Activity_idle id: ActivityRecord{9578ab6 token=android.os.BinderProxy@1fc8ce7 {com.detoxsample/com.detoxsample.MainActivity}} time:377716779
03-22 00:36:04.557  3657  3694 I Detox   : Detox server connection details: url=ws://localhost:54262, sessionId=24d1d299-cc44-8dc4-5f41-6f1d672b3236
03-22 00:36:04.564  3657  3845 I DetoxDispatcher: Handling action '_init' (ID #0)...
03-22 00:36:04.564  3657  3845 I Detox   : Connecting to server...
03-22 00:36:04.564  3657  3845 I DetoxWSClient: At connectToServer
03-22 00:36:04.585  3657  3847 D DetoxWSClient: At onOpen
03-22 00:36:04.585  3657  3847 I DetoxWSClient: Sending out action 'login' (ID #0)
03-22 00:36:04.586  3657  3847 I Detox   : Connected to server!
03-22 00:36:04.592  3657  3847 D DetoxWSClient: Received action 'loginSuccess' (ID #0, params={"testerConnected":true,"appConnected":true})
03-22 00:36:04.631  3657  3847 D DetoxWSClient: Received action 'isReady' (ID #-1000, params={})
03-22 00:36:05.740  3657  4027 W unknown:ReactContext: initializeMessageQueueThreads() is called.
03-22 00:36:05.746  3657  3657 W unknown:ReactNative: Packager connection already open, nooping.
03-22 00:36:05.777  3657  4032 W unknown:ViewManagerPropertyUpdater: Could not find generated setter for class com.facebook.react.views.drawer.ReactDrawerLayoutManager
03-22 00:36:05.781  3657  4032 W unknown:ViewManagerPropertyUpdater: Could not find generated setter for class com.facebook.react.uimanager.LayoutShadowNode
03-22 00:36:05.784  3657  4032 W unknown:ViewManagerPropertyUpdater: Could not find generated setter for class com.facebook.react.views.scroll.ReactHorizontalScrollViewManager
03-22 00:36:05.787  3657  4032 W unknown:ViewManagerPropertyUpdater: Could not find generated setter for class com.facebook.react.views.scroll.ReactHorizontalScrollContainerViewManager
03-22 00:36:05.787  3657  4032 W unknown:ViewManagerPropertyUpdater: Could not find generated setter for class com.facebook.react.views.progressbar.ReactProgressBarViewManager
03-22 00:36:05.789  3657  4032 W unknown:ViewManagerPropertyUpdater: Could not find generated setter for class com.facebook.react.views.progressbar.ProgressBarShadowNode
03-22 00:36:05.790  3657  4032 W unknown:ViewManagerPropertyUpdater: Could not find generated setter for class com.facebook.react.views.scroll.ReactScrollViewManager
03-22 00:36:05.793  3657  4032 W unknown:ViewManagerPropertyUpdater: Could not find generated setter for class com.facebook.react.views.slider.ReactSliderManager
03-22 00:36:05.795  3657  4032 W unknown:ViewManagerPropertyUpdater: Could not find generated setter for class com.facebook.react.views.slider.ReactSliderManager$ReactSliderShadowNode
03-22 00:36:05.795  3657  4032 W unknown:ViewManagerPropertyUpdater: Could not find generated setter for class com.facebook.react.views.switchview.ReactSwitchManager
03-22 00:36:05.796  3657  4032 W unknown:ViewManagerPropertyUpdater: Could not find generated setter for class com.facebook.react.views.switchview.ReactSwitchManager$ReactSwitchShadowNode
03-22 00:36:05.797  3657  4032 W unknown:ViewManagerPropertyUpdater: Could not find generated setter for class com.facebook.react.views.swiperefresh.SwipeRefreshLayoutManager
03-22 00:36:05.798  3657  4032 W unknown:ViewManagerPropertyUpdater: Could not find generated setter for class com.facebook.react.views.text.frescosupport.FrescoBasedReactTextInlineImageViewManager
03-22 00:36:05.798  3657  4032 W unknown:ViewManagerPropertyUpdater: Could not find generated setter for class com.facebook.react.views.text.frescosupport.FrescoBasedReactTextInlineImageShadowNode
03-22 00:36:05.799  3657  4032 W unknown:ViewManagerPropertyUpdater: Could not find generated setter for class com.facebook.react.views.image.ReactImageManager
03-22 00:36:05.801  3657  4032 W unknown:ViewManagerPropertyUpdater: Could not find generated setter for class com.facebook.react.views.modal.ReactModalHostManager
03-22 00:36:05.801  3657  4032 W unknown:ViewManagerPropertyUpdater: Could not find generated setter for class com.facebook.react.views.modal.ModalHostShadowNode
03-22 00:36:05.802  3657  4032 W unknown:ViewManagerPropertyUpdater: Could not find generated setter for class com.facebook.react.views.text.ReactRawTextManager
03-22 00:36:05.802  3657  4032 W unknown:ViewManagerPropertyUpdater: Could not find generated setter for class com.facebook.react.views.text.ReactRawTextShadowNode
03-22 00:36:05.803  3657  4032 W unknown:ViewManagerPropertyUpdater: Could not find generated setter for class com.facebook.react.views.textinput.ReactTextInputManager
03-22 00:36:05.805  3657  4032 W unknown:ViewManagerPropertyUpdater: Could not find generated setter for class com.facebook.react.views.textinput.ReactTextInputShadowNode
03-22 00:36:05.807  3657  4032 W unknown:ViewManagerPropertyUpdater: Could not find generated setter for class com.facebook.react.views.text.ReactTextViewManager
03-22 00:36:05.808  3657  4032 W unknown:ViewManagerPropertyUpdater: Could not find generated setter for class com.facebook.react.views.text.ReactTextShadowNode
03-22 00:36:05.809  3657  4032 W unknown:ViewManagerPropertyUpdater: Could not find generated setter for class com.facebook.react.views.view.ReactViewManager
03-22 00:36:05.810  3657  4032 W unknown:ViewManagerPropertyUpdater: Could not find generated setter for class com.facebook.react.views.text.ReactVirtualTextViewManager
03-22 00:36:05.810  3657  4032 W unknown:ViewManagerPropertyUpdater: Could not find generated setter for class com.facebook.react.views.text.ReactVirtualTextShadowNode
03-22 00:36:05.811  3657  4032 W unknown:ViewManagerPropertyUpdater: Could not find generated setter for class com.facebook.react.views.unimplementedview.ReactUnimplementedViewManager
03-22 00:36:05.818  3657  4032 W unknown:ReactContext: initializeMessageQueueThreads() is called.
03-22 00:36:05.820  3657  4032 D SoLoader: About to load: libyoga.so
03-22 00:36:05.820  3657  4032 D SoLoader: libyoga.so not found on /data/data/com.detoxsample/lib-main
03-22 00:36:05.821  3657  4032 D SoLoader: libyoga.so found on /data/app/~~tNcbPFeGYN1F_mq_3wKr_w==/com.detoxsample-0S0ji2wqsK2JxtptfrCDCQ==/lib/arm64
03-22 00:36:05.821  3657  4032 D SoLoader: Not resolving dependencies for libyoga.so
03-22 00:36:05.822  3657  4032 D SoLoader: Loaded: libyoga.so
03-22 00:36:05.828  3657  3657 I DetoxRNLoading: Got new RN-context async'ly through listener
03-22 00:36:05.828  3657  3845 I DetoxRNIdleRes: Setting up Espresso Idling Resources for React Native
03-22 00:36:05.839  3657  3845 D AsyncStorageIR: Checking whether a custom IR for Async-Storage is required... (legacy=false)
03-22 00:36:05.839  3657  3845 D DetoxRNHelpers: Native RN module resolution (class com.reactnativecommunity.asyncstorage.AsyncStorageModule): no such class
03-22 00:36:05.839  3657  3845 D AsyncStorageIR: Checking whether a custom IR for Async-Storage is required... (legacy=true)
03-22 00:36:05.841  3657  3845 D AsyncStorageIR: IR for Async-Storage is required! (legacy=true)
03-22 00:36:05.843  3657  3657 D AsyncStorageIRLegacy: Async-storage is busy!
03-22 00:36:05.851  3657  3845 I DetoxDispatcher: Done with action '_init'
03-22 00:36:05.851  3657  3845 I DetoxDispatcher: Handling action 'isReady' (ID #-1000)...
03-22 00:36:05.854  3657  3657 W com.detoxsampl: Accessing hidden method Landroid/os/MessageQueue;->next()Landroid/os/Message; (greylist, reflection, allowed)
03-22 00:36:05.854  3657  3657 W com.detoxsampl: Accessing hidden field Landroid/os/MessageQueue;->mMessages:Landroid/os/Message; (greylist, reflection, allowed)
03-22 00:36:05.854  3657  3657 W com.detoxsampl: Accessing hidden method Landroid/os/Message;->recycleUnchecked()V (greylist, reflection, allowed)
03-22 00:36:05.863  3657  4032 I flipper : flipper: FlipperClient::addPlugin Fresco
03-22 00:36:05.917  3657  4031 D SoLoader: About to load: libreactnativeblob.so
03-22 00:36:05.917  3657  4031 D SoLoader: libreactnativeblob.so not found on /data/data/com.detoxsample/lib-main
03-22 00:36:05.917  3657  4031 D SoLoader: libreactnativeblob.so found on /data/app/~~tNcbPFeGYN1F_mq_3wKr_w==/com.detoxsample-0S0ji2wqsK2JxtptfrCDCQ==/lib/arm64
03-22 00:36:05.918  3657  4031 D SoLoader: Not resolving dependencies for libreactnativeblob.so
03-22 00:36:05.920  3657  4031 D SoLoader: Loaded: libreactnativeblob.so
03-22 00:36:05.968  3657  4032 I WebViewFactory: Loading com.google.android.webview version 99.0.4844.58 (code 484405833)
03-22 00:36:06.050  3657  4032 W com.detoxsampl: Accessing hidden method Landroid/os/Trace;->isTagEnabled(J)Z (greylist, reflection, allowed)
03-22 00:36:06.050  3657  4032 W com.detoxsampl: Accessing hidden method Landroid/os/Trace;->traceBegin(JLjava/lang/String;)V (greylist, reflection, allowed)
03-22 00:36:06.050  3657  4032 W com.detoxsampl: Accessing hidden method Landroid/os/Trace;->traceEnd(J)V (greylist, reflection, allowed)
03-22 00:36:06.050  3657  4032 W com.detoxsampl: Accessing hidden method Landroid/os/Trace;->asyncTraceBegin(JLjava/lang/String;I)V (greylist, reflection, allowed)
03-22 00:36:06.050  3657  4032 W com.detoxsampl: Accessing hidden method Landroid/os/Trace;->asyncTraceEnd(JLjava/lang/String;I)V (greylist, reflection, allowed)
03-22 00:36:06.059  3657  4032 I cr_WVCFactoryProvider: Loaded version=99.0.4844.58 minSdkVersion=29 isBundle=true multiprocess=true packageId=3
03-22 00:36:06.085  3657  4031 I ReactNativeJS: Running "DetoxSample" with {"rootTag":1}
03-22 00:36:06.108  3657  4032 I cr_LibraryLoader: Successfully loaded native library
03-22 00:36:06.112  3657  4032 I cr_CachingUmaRecorder: Flushed 8 samples from 8 histograms.
03-22 00:36:06.296  3657  3657 W com.detoxsampl: Accessing hidden field Landroid/widget/ScrollView;->mScroller:Landroid/widget/OverScroller; (greylist, reflection, allowed)
03-22 00:36:06.369  3657  3657 I Detox   : Wait is over: app is now idle!
03-22 00:36:06.370  3657  3845 I DetoxWSClient: Sending out action 'ready' (ID #-1000)
03-22 00:36:06.370  3657  3845 I DetoxDispatcher: Done with action 'isReady'
03-22 00:36:06.370  3657  3845 I DetoxDispatcher: Handling action 'loginSuccess' (ID #0)...
03-22 00:36:06.370  3657  3845 I DetoxDispatcher: Done with action 'loginSuccess'
03-22 00:36:06.370  3657  3845 I DetoxDispatcher: Handling action 'isReady' (ID #-1000)...
03-22 00:36:06.375  3657  3657 I Detox   : Wait is over: app is now idle!
03-22 00:36:06.375  3657  3845 I DetoxWSClient: Sending out action 'ready' (ID #-1000)
03-22 00:36:06.376  3657  3845 I DetoxDispatcher: Done with action 'isReady'
03-22 00:36:06.394  3657  4108 D SoLoader: About to load: libimagepipeline.so
03-22 00:36:06.395  3657  4108 D SoLoader: libimagepipeline.so not found on /data/data/com.detoxsample/lib-main
03-22 00:36:06.395  3657  4108 D SoLoader: libimagepipeline.so found on /data/app/~~tNcbPFeGYN1F_mq_3wKr_w==/com.detoxsample-0S0ji2wqsK2JxtptfrCDCQ==/lib/arm64
03-22 00:36:06.395  3657  4108 D SoLoader: Not resolving dependencies for libimagepipeline.so
03-22 00:36:06.398  3657  4108 D SoLoader: Loaded: libimagepipeline.so
