--------- beginning of main
03-22 18:37:11.142 19144 19209 I DetoxWSClient: Sending out action 'invokeResult' (ID #14)
03-22 18:37:11.142 19144 19209 I DetoxDispatcher: Done with action 'invoke'
03-22 18:37:11.148 19144 19211 D DetoxWSClient: Received action 'invoke' (ID #15, params={"target":{"type":"Class","value":"com.wix.detox.espresso.DetoxAssertion"},"method":"assertMatcher","args":[{"type":"Invocation","value":{"target":{"type":"Class","value":"androidx.test.espresso.Espresso"},"method":"onView","args":[{"type":"Invocation","value":{"target":{"type":"Class","value":"com.wix.detox.espresso.DetoxMatcher"},"method":"matcherForText","args":["Card Network length : 16"]}}]}},{"type":"Invocation","value":{"target":{"type":"Class","value":"com.wix.detox.espresso.DetoxMatcher"},"method":"matcherForSufficientlyVisible","args":[{"type":"Integer","value":75}]}}]})
03-22 18:37:11.149 19144 19209 I DetoxDispatcher: Handling action 'invoke' (ID #15)...
03-22 18:37:11.150 19144 19209 D Detox   : class com.wix.detox.espresso.DetoxMatcher, matcherForText, [Card Network length : 16]
03-22 18:37:11.151 19144 19209 D Detox   : class androidx.test.espresso.Espresso, onView, [(an instance of android.widget.TextView and view.getText() with or without transformation to match: is "Card Network length : 16" and view has effective visibility <VISIBLE>)]
03-22 18:37:11.152 19144 19209 D Detox   : class com.wix.detox.espresso.DetoxMatcher, matcherForSufficientlyVisible, [75]
03-22 18:37:11.152 19144 19209 D Detox   : class com.wix.detox.espresso.DetoxAssertion, assertMatcher, [androidx.test.espresso.ViewInteraction@79049f6, (view has effective visibility <VISIBLE> and view.getGlobalVisibleRect() covers at least <75> percent of the view's area)]
03-22 18:37:11.157 19144 19144 I ViewInteraction: Checking 'MatchesViewAssertion(Detox){viewMatcher=(view has effective visibility <VISIBLE> and view.getGlobalVisibleRect() covers at least <75> percent of the view's area)}' assertion on view (an instance of android.widget.TextView and view.getText() with or without transformation to match: is "Card Network length : 16" and view has effective visibility <VISIBLE>)
03-22 18:37:11.158 19144 19209 I DetoxWSClient: Sending out action 'invokeResult' (ID #15)
03-22 18:37:11.159 19144 19209 I DetoxDispatcher: Done with action 'invoke'
03-22 18:37:11.164 19144 19211 D DetoxWSClient: Received action 'invoke' (ID #16, params={"target":{"type":"Class","value":"com.wix.detox.espresso.EspressoDetox"},"method":"perform","args":[{"type":"Invocation","value":{"target":{"type":"Class","value":"androidx.test.espresso.Espresso"},"method":"onView","args":[{"type":"Invocation","value":{"target":{"type":"Class","value":"com.wix.detox.espresso.DetoxMatcher"},"method":"matcherForTestId","args":["cards"]}}]}},{"type":"Invocation","value":{"target":{"type":"Class","value":"com.wix.detox.espresso.DetoxViewActions"},"method":"click","args":[]}}]})
03-22 18:37:11.165 19144 19209 I DetoxDispatcher: Handling action 'invoke' (ID #16)...
03-22 18:37:11.166 19144 19209 D Detox   : class com.wix.detox.espresso.DetoxMatcher, matcherForTestId, [cards]
03-22 18:37:11.167 19144 19209 D Detox   : class androidx.test.espresso.Espresso, onView, [(view.getTag() is "cards" and view has effective visibility <VISIBLE>)]
03-22 18:37:11.168 19144 19209 D Detox   : class com.wix.detox.espresso.DetoxViewActions, click, []
03-22 18:37:11.169 19144 19209 D Detox   : class com.wix.detox.espresso.EspressoDetox, perform, [androidx.test.espresso.ViewInteraction@93ca1f7, com.wix.detox.espresso.action.RNClickAction@4346864]
03-22 18:37:11.174 19144 19144 I ViewInteraction: Performing 'com.wix.detox.espresso.action.detoxsingletap@3771acd click' action on view (view.getTag() is "cards" and view has effective visibility <VISIBLE>)
03-22 18:37:11.277 19144 19144 I Detox   : AnimatedModule is busy.
03-22 18:37:11.282 19144 19144 I Detox   : AnimatedModule is busy.
03-22 18:37:11.295 19144 19144 I Detox   : AnimatedModule is busy.
03-22 18:37:11.312 19144 19144 I Detox   : AnimatedModule is busy.
03-22 18:37:11.328 19144 19144 I Detox   : AnimatedModule is busy.
03-22 18:37:11.332 19144 19197 D EGL_emulation: app_time_stats: avg=16.54ms min=9.00ms max=22.81ms count=61
03-22 18:37:11.346 19144 19144 I Detox   : AnimatedModule is busy.
03-22 18:37:11.362 19144 19144 I Detox   : AnimatedModule is busy.
03-22 18:37:11.378 19144 19144 I Detox   : AnimatedModule is busy.
03-22 18:37:11.395 19144 19144 I Detox   : AnimatedModule is busy.
03-22 18:37:11.412 19144 19144 I Detox   : AnimatedModule is busy.
03-22 18:37:11.428 19144 19144 I Detox   : AnimatedModule is busy.
03-22 18:37:11.447 19144 19144 I Detox   : AnimatedModule is busy.
03-22 18:37:11.461 19144 19144 I Detox   : AnimatedModule is busy.
03-22 18:37:11.478 19144 19144 I Detox   : AnimatedModule is busy.
03-22 18:37:11.495 19144 19144 I Detox   : AnimatedModule is busy.
03-22 18:37:11.899 19144 19209 I DetoxWSClient: Sending out action 'invokeResult' (ID #16)
03-22 18:37:11.900 19144 19209 I DetoxDispatcher: Done with action 'invoke'
03-22 18:37:11.957 19144 19211 D DetoxWSClient: Received action 'invoke' (ID #17, params={"target":{"type":"Class","value":"com.wix.detox.espresso.EspressoDetox"},"method":"perform","args":[{"type":"Invocation","value":{"target":{"type":"Class","value":"androidx.test.espresso.Espresso"},"method":"onView","args":[{"type":"Invocation","value":{"target":{"type":"Class","value":"com.wix.detox.espresso.DetoxMatcher"},"method":"matcherForTestId","args":["upiCollect"]}}]}},{"type":"Invocation","value":{"target":{"type":"Class","value":"com.wix.detox.espresso.DetoxViewActions"},"method":"click","args":[]}}]})
03-22 18:37:11.957 19144 19209 I DetoxDispatcher: Handling action 'invoke' (ID #17)...
03-22 18:37:11.958 19144 19209 D Detox   : class com.wix.detox.espresso.DetoxMatcher, matcherForTestId, [upiCollect]
03-22 18:37:11.958 19144 19209 D Detox   : class androidx.test.espresso.Espresso, onView, [(view.getTag() is "upiCollect" and view has effective visibility <VISIBLE>)]
03-22 18:37:11.959 19144 19209 D Detox   : class com.wix.detox.espresso.DetoxViewActions, click, []
03-22 18:37:11.959 19144 19209 D Detox   : class com.wix.detox.espresso.EspressoDetox, perform, [androidx.test.espresso.ViewInteraction@58f6693, com.wix.detox.espresso.action.RNClickAction@801a6d0]
03-22 18:37:11.965 19144 19144 I ViewInteraction: Performing 'com.wix.detox.espresso.action.detoxsingletap@e6796c9 click' action on view (view.getTag() is "upiCollect" and view has effective visibility <VISIBLE>)
03-22 18:37:12.017 19144 19214 I ReactNativeJS: false
03-22 18:37:12.122 19144 19144 I Detox   : AnimatedModule is busy.
03-22 18:37:12.132 19144 19144 I Detox   : AnimatedModule is busy.
03-22 18:37:12.144 19144 19144 I Detox   : AnimatedModule is busy.
03-22 18:37:12.162 19144 19144 I Detox   : AnimatedModule is busy.
03-22 18:37:12.180 19144 19144 I Detox   : AnimatedModule is busy.
03-22 18:37:12.195 19144 19144 I Detox   : AnimatedModule is busy.
03-22 18:37:12.212 19144 19144 I Detox   : AnimatedModule is busy.
03-22 18:37:12.227 19144 19144 I Detox   : AnimatedModule is busy.
03-22 18:37:12.244 19144 19144 I Detox   : AnimatedModule is busy.
03-22 18:37:12.262 19144 19144 I Detox   : AnimatedModule is busy.
03-22 18:37:12.280 19144 19144 I Detox   : AnimatedModule is busy.
03-22 18:37:12.296 19144 19144 I Detox   : AnimatedModule is busy.
03-22 18:37:12.311 19144 19144 I Detox   : AnimatedModule is busy.
03-22 18:37:12.329 19144 19144 I Detox   : AnimatedModule is busy.
03-22 18:37:12.334 19144 19197 D EGL_emulation: app_time_stats: avg=31.05ms min=2.55ms max=485.30ms count=27
03-22 18:37:12.727 19144 19209 I DetoxWSClient: Sending out action 'invokeResult' (ID #17)
03-22 18:37:12.727 19144 19209 I DetoxDispatcher: Done with action 'invoke'
03-22 18:37:12.734 19144 19211 D DetoxWSClient: Received action 'invoke' (ID #18, params={"target":{"type":"Class","value":"com.wix.detox.espresso.EspressoDetox"},"method":"perform","args":[{"type":"Invocation","value":{"target":{"type":"Class","value":"androidx.test.espresso.Espresso"},"method":"onView","args":[{"type":"Invocation","value":{"target":{"type":"Class","value":"com.wix.detox.espresso.DetoxMatcher"},"method":"matcherForTestId","args":["vpaAddress"]}}]}},{"type":"Invocation","value":{"target":{"type":"Class","value":"androidx.test.espresso.action.ViewActions"},"method":"replaceText","args":["rohan@paytm"]}}]})
03-22 18:37:12.734 19144 19209 I DetoxDispatcher: Handling action 'invoke' (ID #18)...
03-22 18:37:12.735 19144 19209 D Detox   : class com.wix.detox.espresso.DetoxMatcher, matcherForTestId, [vpaAddress]
03-22 18:37:12.735 19144 19209 D Detox   : class androidx.test.espresso.Espresso, onView, [(view.getTag() is "vpaAddress" and view has effective visibility <VISIBLE>)]
03-22 18:37:12.735 19144 19209 D Detox   : class androidx.test.espresso.action.ViewActions, replaceText, [rohan@paytm]
03-22 18:37:12.735 19144 19209 D Detox   : class com.wix.detox.espresso.EspressoDetox, perform, [androidx.test.espresso.ViewInteraction@4dbaa73, androidx.test.espresso.action.ReplaceTextAction@768cd30]
03-22 18:37:12.739 19144 19144 I ViewInteraction: Performing 'replace text(rohan@paytm)' action on view (view.getTag() is "vpaAddress" and view has effective visibility <VISIBLE>)
03-22 18:37:12.744 19144 19209 I DetoxWSClient: Sending out action 'invokeResult' (ID #18)
03-22 18:37:12.752 19144 19209 I DetoxDispatcher: Done with action 'invoke'
03-22 18:37:12.756 19144 19211 D DetoxWSClient: Received action 'invoke' (ID #19, params={"target":{"type":"Class","value":"com.wix.detox.espresso.EspressoDetox"},"method":"perform","args":[{"type":"Invocation","value":{"target":{"type":"Class","value":"androidx.test.espresso.Espresso"},"method":"onView","args":[{"type":"Invocation","value":{"target":{"type":"Class","value":"com.wix.detox.espresso.DetoxMatcher"},"method":"matcherForText","args":["PAY WITH UPI COLLECT"]}}]}},{"type":"Invocation","value":{"target":{"type":"Class","value":"com.wix.detox.espresso.DetoxViewActions"},"method":"click","args":[]}}]})
03-22 18:37:12.758 19144 19209 I DetoxDispatcher: Handling action 'invoke' (ID #19)...
03-22 18:37:12.758 19144 19209 D Detox   : class com.wix.detox.espresso.DetoxMatcher, matcherForText, [PAY WITH UPI COLLECT]
03-22 18:37:12.760 19144 19209 D Detox   : class androidx.test.espresso.Espresso, onView, [(an instance of android.widget.TextView and view.getText() with or without transformation to match: is "PAY WITH UPI COLLECT" and view has effective visibility <VISIBLE>)]
03-22 18:37:12.761 19144 19209 D Detox   : class com.wix.detox.espresso.DetoxViewActions, click, []
03-22 18:37:12.762 19144 19209 D Detox   : class com.wix.detox.espresso.EspressoDetox, perform, [androidx.test.espresso.ViewInteraction@b3c7acf, com.wix.detox.espresso.action.RNClickAction@1458c5c]
03-22 18:37:12.774 19144 19144 I Detox   : UIManagerModule is busy
03-22 18:37:12.780 19144 19144 I Detox   : UIManagerModule is busy
03-22 18:37:12.798 19144 19144 I ViewInteraction: Performing 'com.wix.detox.espresso.action.detoxsingletap@487e606 click' action on view (an instance of android.widget.TextView and view.getText() with or without transformation to match: is "PAY WITH UPI COLLECT" and view has effective visibility <VISIBLE>)
03-22 18:37:12.855 19144 19144 I Detox   : UIManagerModule is busy
03-22 18:37:13.350 19144 19197 D EGL_emulation: app_time_stats: avg=28.22ms min=2.72ms max=391.38ms count=35
03-22 18:37:13.417 19144 19214 I ReactNativeJS: gettin ghere
03-22 18:37:13.418 19144 19214 I ReactNativeJS: here
03-22 18:37:13.419 19144 19214 I ReactNativeJS: here
03-22 18:37:13.425 19144 19215 D here    : getting here success
03-22 18:37:13.452 19144 19144 D LifecycleMonitor: Lifecycle status change: com.detoxsample.MainActivity@95c1cf5 in: PAUSED
03-22 18:37:13.495 19144 19144 D LifecycleMonitor: Lifecycle status change: com.razorpay.rn.RazorpayPaymentActivity@5fc1045 in: PRE_ON_CREATE
03-22 18:37:13.552 19144 19144 E com.razorpay.checkout: GooglePay library not included
03-22 18:37:13.592 19144 19275 W com.detoxsampl: Accessing hidden method Landroid/media/AudioManager;->getOutputLatency(I)I (unsupported, reflection, allowed)
03-22 18:37:13.604 19144 19365 D HostConnection: createUnique: call
03-22 18:37:13.605 19144 19365 D HostConnection: HostConnection::get() New Host Connection established 0x73a0edf16750, tid 19365
03-22 18:37:13.612 19144 19144 D LifecycleMonitor: Lifecycle status change: com.razorpay.rn.RazorpayPaymentActivity@5fc1045 in: CREATED
03-22 18:37:13.613 19144 19365 D HostConnection: HostComposition ext ANDROID_EMU_CHECKSUM_HELPER_v1 ANDROID_EMU_native_sync_v2 ANDROID_EMU_native_sync_v3 ANDROID_EMU_native_sync_v4 ANDROID_EMU_dma_v1 ANDROID_EMU_direct_mem ANDROID_EMU_host_composition_v1 ANDROID_EMU_host_composition_v2 ANDROID_EMU_YUV_Cache ANDROID_EMU_async_unmap_buffer ANDROID_EMU_has_shared_slots_host_memory_allocator ANDROID_EMU_sync_buffer_data GL_OES_EGL_image_external_essl3 GL_OES_vertex_array_object GL_KHR_texture_compression_astc_ldr ANDROID_EMU_host_side_tracing ANDROID_EMU_async_frame_commands ANDROID_EMU_gles_max_version_3_0 
03-22 18:37:13.616 19144 19144 D LifecycleMonitor: Lifecycle status change: com.razorpay.rn.RazorpayPaymentActivity@5fc1045 in: STARTED
03-22 18:37:13.616 19144 19144 D LifecycleMonitor: Lifecycle status change: com.razorpay.rn.RazorpayPaymentActivity@5fc1045 in: RESUMED
03-22 18:37:13.619 19144 19365 D EGL_emulation: eglCreateContext: 0x73a0edf1ddd0: maj 3 min 0 rcv 3
03-22 18:37:13.619 19144 19365 D EGL_emulation: eglMakeCurrent: 0x73a0edf1ddd0: ver 3 0 (tinfo 0x73a3073d2100) (first time)
03-22 18:37:13.623 19144 19275 W cr_media: Requires BLUETOOTH permission
03-22 18:37:13.659 19144 19365 D EGL_emulation: eglCreateContext: 0x73a0edf15f10: maj 3 min 0 rcv 3
03-22 18:37:13.742 19144 19365 D EGL_emulation: eglCreateContext: 0x73a0edf156d0: maj 3 min 0 rcv 3
03-22 18:37:14.233 19144 19144 D LifecycleMonitor: Lifecycle status change: com.detoxsample.MainActivity@95c1cf5 in: STOPPED
03-22 18:37:14.393 19144 19209 I DetoxWSClient: Sending out action 'invokeResult' (ID #19)
03-22 18:37:14.395 19144 19209 I DetoxDispatcher: Done with action 'invoke'
03-22 18:37:14.401 19144 19211 D DetoxWSClient: Received action 'invoke' (ID #20, params={"target":{"type":"Class","value":"com.wix.detox.espresso.DetoxAssertion"},"method":"assertMatcher","args":[{"type":"Invocation","value":{"target":{"type":"Class","value":"androidx.test.espresso.Espresso"},"method":"onView","args":[{"type":"Invocation","value":{"target":{"type":"Class","value":"com.wix.detox.espresso.DetoxMatcher"},"method":"matcherForText","args":["VPA Validity : true"]}}]}},{"type":"Invocation","value":{"target":{"type":"Class","value":"com.wix.detox.espresso.DetoxMatcher"},"method":"matcherForSufficientlyVisible","args":[{"type":"Integer","value":75}]}}]})
03-22 18:37:14.405 19144 19209 I DetoxDispatcher: Handling action 'invoke' (ID #20)...
03-22 18:37:14.407 19144 19209 D Detox   : class com.wix.detox.espresso.DetoxMatcher, matcherForText, [VPA Validity : true]
03-22 18:37:14.411 19144 19209 D Detox   : class androidx.test.espresso.Espresso, onView, [(an instance of android.widget.TextView and view.getText() with or without transformation to match: is "VPA Validity : true" and view has effective visibility <VISIBLE>)]
03-22 18:37:14.412 19144 19209 D Detox   : class com.wix.detox.espresso.DetoxMatcher, matcherForSufficientlyVisible, [75]
03-22 18:37:14.412 19144 19209 D Detox   : class com.wix.detox.espresso.DetoxAssertion, assertMatcher, [androidx.test.espresso.ViewInteraction@4c874bd, (view has effective visibility <VISIBLE> and view.getGlobalVisibleRect() covers at least <75> percent of the view's area)]
03-22 18:37:14.435 19144 19144 I ViewInteraction: Checking 'MatchesViewAssertion(Detox){viewMatcher=(view has effective visibility <VISIBLE> and view.getGlobalVisibleRect() covers at least <75> percent of the view's area)}' assertion on view (an instance of android.widget.TextView and view.getText() with or without transformation to match: is "VPA Validity : true" and view has effective visibility <VISIBLE>)
03-22 18:37:14.438 19144 19209 I DetoxActionHandlers: Test exception
03-22 18:37:14.438 19144 19209 I DetoxActionHandlers: java.lang.reflect.InvocationTargetException
03-22 18:37:14.438 19144 19209 I DetoxActionHandlers: 	at java.lang.reflect.Method.invoke(Native Method)
03-22 18:37:14.438 19144 19209 I DetoxActionHandlers: 	at org.apache.commons.lang3.reflect.MethodUtils.invokeStaticMethod(MethodUtils.java:443)
03-22 18:37:14.438 19144 19209 I DetoxActionHandlers: 	at org.apache.commons.lang3.reflect.MethodUtils.invokeStaticMethod(MethodUtils.java:405)
03-22 18:37:14.438 19144 19209 I DetoxActionHandlers: 	at com.wix.invoke.types.ClassTarget.execute(ClassTarget.java:23)
03-22 18:37:14.438 19144 19209 I DetoxActionHandlers: 	at com.wix.invoke.types.Target.invoke(Target.java:59)
03-22 18:37:14.438 19144 19209 I DetoxActionHandlers: 	at com.wix.invoke.MethodInvocation.invoke(MethodInvocation.java:35)
03-22 18:37:14.438 19144 19209 I DetoxActionHandlers: 	at com.wix.invoke.MethodInvocation.invoke(MethodInvocation.java:26)
03-22 18:37:14.438 19144 19209 I DetoxActionHandlers: 	at com.wix.invoke.MethodInvocation.invoke(MethodInvocation.java:20)
03-22 18:37:14.438 19144 19209 I DetoxActionHandlers: 	at com.wix.detox.adapters.server.InvokeActionHandler.handle(DetoxActionHandlers.kt:54)
03-22 18:37:14.438 19144 19209 I DetoxActionHandlers: 	at com.wix.detox.adapters.server.ActionsExecutor$executeAction$$inlined$let$lambda$1.run(DetoxActionsDispatcher.kt:64)
03-22 18:37:14.438 19144 19209 I DetoxActionHandlers: 	at android.os.Handler.handleCallback(Handler.java:938)
03-22 18:37:14.438 19144 19209 I DetoxActionHandlers: 	at android.os.Handler.dispatchMessage(Handler.java:99)
03-22 18:37:14.438 19144 19209 I DetoxActionHandlers: 	at android.os.Looper.loopOnce(Looper.java:201)
03-22 18:37:14.438 19144 19209 I DetoxActionHandlers: 	at android.os.Looper.loop(Looper.java:288)
03-22 18:37:14.438 19144 19209 I DetoxActionHandlers: 	at com.wix.detox.adapters.server.ActionsExecutor$1.run(DetoxActionsDispatcher.kt:50)
03-22 18:37:14.438 19144 19209 I DetoxActionHandlers: 	at java.lang.Thread.run(Thread.java:920)
03-22 18:37:14.438 19144 19209 I DetoxActionHandlers: Caused by: androidx.test.espresso.base.DefaultFailureHandler$AssertionFailedWithCauseError: '(view has effective visibility <VISIBLE> and view.getGlobalVisibleRect() covers at least <75> percent of the view's area)' doesn't match the selected view.
03-22 18:37:14.438 19144 19209 I DetoxActionHandlers: Expected: (view has effective visibility <VISIBLE> and view.getGlobalVisibleRect() covers at least <75> percent of the view's area)
03-22 18:37:14.438 19144 19209 I DetoxActionHandlers:      Got: was null
03-22 18:37:14.438 19144 19209 I DetoxActionHandlers: 
03-22 18:37:14.438 19144 19209 I DetoxActionHandlers: 	at dalvik.system.VMStack.getThreadStackTrace(Native Method)
03-22 18:37:14.438 19144 19209 I DetoxActionHandlers: 	at java.lang.Thread.getStackTrace(Thread.java:1724)
03-22 18:37:14.438 19144 19209 I DetoxActionHandlers: 	at androidx.test.espresso.base.DefaultFailureHandler.getUserFriendlyError(DefaultFailureHandler.java:12)
03-22 18:37:14.438 19144 19209 I DetoxActionHandlers: 	at androidx.test.espresso.base.DefaultFailureHandler.handle(DefaultFailureHandler.java:7)
03-22 18:37:14.438 19144 19209 I DetoxActionHandlers: 	at androidx.test.espresso.ViewInteraction.waitForAndHandleInteractionResults(ViewInteraction.java:5)
03-22 18:37:14.438 19144 19209 I DetoxActionHandlers: 	at androidx.test.espresso.ViewInteraction.check(ViewInteraction.java:12)
03-22 18:37:14.438 19144 19209 I DetoxActionHandlers: 	at com.wix.detox.espresso.DetoxAssertion.assertMatcher(DetoxAssertion.java:32)
03-22 18:37:14.438 19144 19209 I DetoxActionHandlers: 	... 16 more
03-22 18:37:14.438 19144 19209 I DetoxActionHandlers: Caused by: junit.framework.AssertionFailedError: '(view has effective visibility <VISIBLE> and view.getGlobalVisibleRect() covers at least <75> percent of the view's area)' doesn't match the selected view.
03-22 18:37:14.438 19144 19209 I DetoxActionHandlers: Expected: (view has effective visibility <VISIBLE> and view.getGlobalVisibleRect() covers at least <75> percent of the view's area)
03-22 18:37:14.438 19144 19209 I DetoxActionHandlers:      Got: was null
03-22 18:37:14.438 19144 19209 I DetoxActionHandlers: 
03-22 18:37:14.438 19144 19209 I DetoxActionHandlers: 	at androidx.test.espresso.matcher.ViewMatchers.assertThat(ViewMatchers.java:16)
03-22 18:37:14.438 19144 19209 I DetoxActionHandlers: 	at com.wix.detox.espresso.assertion.ViewAssertions$MatchesViewAssertion.check(ViewAssertions.java:52)
03-22 18:37:14.438 19144 19209 I DetoxActionHandlers: 	at androidx.test.espresso.ViewInteraction$SingleExecutionViewAssertion.check(ViewInteraction.java:2)
03-22 18:37:14.438 19144 19209 I DetoxActionHandlers: 	at androidx.test.espresso.ViewInteraction$2.call(ViewInteraction.java:12)
03-22 18:37:14.438 19144 19209 I DetoxActionHandlers: 	at androidx.test.espresso.ViewInteraction$2.call(ViewInteraction.java:1)
03-22 18:37:14.438 19144 19209 I DetoxActionHandlers: 	at java.util.concurrent.FutureTask.run(FutureTask.java:266)
03-22 18:37:14.438 19144 19209 I DetoxActionHandlers: 	at android.os.Handler.handleCallback(Handler.java:938)
03-22 18:37:14.438 19144 19209 I DetoxActionHandlers: 	at android.os.Handler.dispatchMessage(Handler.java:99)
03-22 18:37:14.438 19144 19209 I DetoxActionHandlers: 	at android.os.Looper.loopOnce(Looper.java:201)
03-22 18:37:14.438 19144 19209 I DetoxActionHandlers: 	at android.os.Looper.loop(Looper.java:288)
03-22 18:37:14.438 19144 19209 I DetoxActionHandlers: 	at android.app.ActivityThread.main(ActivityThread.java:7842)
03-22 18:37:14.438 19144 19209 I DetoxActionHandlers: 	at java.lang.reflect.Method.invoke(Native Method)
03-22 18:37:14.438 19144 19209 I DetoxActionHandlers: 	at com.android.internal.os.RuntimeInit$MethodAndArgsCaller.run(RuntimeInit.java:548)
03-22 18:37:14.438 19144 19209 I DetoxActionHandlers: 	at com.android.internal.os.ZygoteInit.main(ZygoteInit.java:1003)
03-22 18:37:14.439 19144 19209 I DetoxWSClient: Sending out action 'testFailed' (ID #20)
03-22 18:37:14.440 19144 19209 I DetoxDispatcher: Done with action 'invoke'
