--------- beginning of main
03-22 22:10:24.033 12891 12965 I ReactNativeJS: unknown
03-22 22:10:24.064 12891 12891 I Detox   : UIManagerModule is busy
03-22 22:10:24.350 12891 12949 D EGL_emulation: app_time_stats: avg=15.00ms min=2.34ms max=43.44ms count=59
03-22 22:10:24.458 12891 12960 I DetoxWSClient: Sending out action 'invokeResult' (ID #12)
03-22 22:10:24.459 12891 12960 I DetoxDispatcher: Done with action 'invoke'
03-22 22:10:24.467 12891 12962 D DetoxWSClient: Received action 'invoke' (ID #13, params={"target":{"type":"Class","value":"com.wix.detox.espresso.DetoxAssertion"},"method":"assertMatcher","args":[{"type":"Invocation","value":{"target":{"type":"Class","value":"androidx.test.espresso.Espresso"},"method":"onView","args":[{"type":"Invocation","value":{"target":{"type":"Class","value":"com.wix.detox.espresso.DetoxMatcher"},"method":"matcherForText","args":["Card Network : unknown"]}}]}},{"type":"Invocation","value":{"target":{"type":"Class","value":"com.wix.detox.espresso.DetoxMatcher"},"method":"matcherForSufficientlyVisible","args":[{"type":"Integer","value":75}]}}]})
03-22 22:10:24.467 12891 12960 I DetoxDispatcher: Handling action 'invoke' (ID #13)...
03-22 22:10:24.468 12891 12960 D Detox   : class com.wix.detox.espresso.DetoxMatcher, matcherForText, [Card Network : unknown]
03-22 22:10:24.469 12891 12960 D Detox   : class androidx.test.espresso.Espresso, onView, [(an instance of android.widget.TextView and view.getText() with or without transformation to match: is "Card Network : unknown" and view has effective visibility <VISIBLE>)]
03-22 22:10:24.471 12891 12960 D Detox   : class com.wix.detox.espresso.DetoxMatcher, matcherForSufficientlyVisible, [75]
03-22 22:10:24.471 12891 12960 D Detox   : class com.wix.detox.espresso.DetoxAssertion, assertMatcher, [androidx.test.espresso.ViewInteraction@9b0b51e, (view has effective visibility <VISIBLE> and view.getGlobalVisibleRect() covers at least <75> percent of the view's area)]
03-22 22:10:24.483 12891 12891 I ViewInteraction: Checking 'MatchesViewAssertion(Detox){viewMatcher=(view has effective visibility <VISIBLE> and view.getGlobalVisibleRect() covers at least <75> percent of the view's area)}' assertion on view (an instance of android.widget.TextView and view.getText() with or without transformation to match: is "Card Network : unknown" and view has effective visibility <VISIBLE>)
03-22 22:10:24.484 12891 12960 I DetoxWSClient: Sending out action 'invokeResult' (ID #13)
03-22 22:10:24.485 12891 12960 I DetoxDispatcher: Done with action 'invoke'
03-22 22:10:24.565 12891 12962 D DetoxWSClient: Received action 'invoke' (ID #14, params={"target":{"type":"Class","value":"com.wix.detox.espresso.EspressoDetox"},"method":"perform","args":[{"type":"Invocation","value":{"target":{"type":"Class","value":"androidx.test.espresso.Espresso"},"method":"onView","args":[{"type":"Invocation","value":{"target":{"type":"Class","value":"com.wix.detox.espresso.DetoxMatcher"},"method":"matcherForText","args":["GET CARD NETWORK LENGTH"]}}]}},{"type":"Invocation","value":{"target":{"type":"Class","value":"com.wix.detox.espresso.DetoxViewActions"},"method":"click","args":[]}}]})
03-22 22:10:24.567 12891 12960 I DetoxDispatcher: Handling action 'invoke' (ID #14)...
03-22 22:10:24.570 12891 12960 D Detox   : class com.wix.detox.espresso.DetoxMatcher, matcherForText, [GET CARD NETWORK LENGTH]
03-22 22:10:24.570 12891 12960 D Detox   : class androidx.test.espresso.Espresso, onView, [(an instance of android.widget.TextView and view.getText() with or without transformation to match: is "GET CARD NETWORK LENGTH" and view has effective visibility <VISIBLE>)]
03-22 22:10:24.572 12891 12960 D Detox   : class com.wix.detox.espresso.DetoxViewActions, click, []
03-22 22:10:24.572 12891 12960 D Detox   : class com.wix.detox.espresso.EspressoDetox, perform, [androidx.test.espresso.ViewInteraction@aa071ff, com.wix.detox.espresso.action.RNClickAction@3466bcc]
03-22 22:10:24.591 12891 12891 I ViewInteraction: Performing 'com.wix.detox.espresso.action.detoxsingletap@59c3e15 click' action on view (an instance of android.widget.TextView and view.getText() with or without transformation to match: is "GET CARD NETWORK LENGTH" and view has effective visibility <VISIBLE>)
03-22 22:10:24.725 12891 12891 I Detox   : UIManagerModule is busy
03-22 22:10:25.123 12891 12960 I DetoxWSClient: Sending out action 'invokeResult' (ID #14)
03-22 22:10:25.123 12891 12960 I DetoxDispatcher: Done with action 'invoke'
03-22 22:10:25.132 12891 12962 D DetoxWSClient: Received action 'invoke' (ID #15, params={"target":{"type":"Class","value":"com.wix.detox.espresso.DetoxAssertion"},"method":"assertMatcher","args":[{"type":"Invocation","value":{"target":{"type":"Class","value":"androidx.test.espresso.Espresso"},"method":"onView","args":[{"type":"Invocation","value":{"target":{"type":"Class","value":"com.wix.detox.espresso.DetoxMatcher"},"method":"matcherForText","args":["Card Network length : 16"]}}]}},{"type":"Invocation","value":{"target":{"type":"Class","value":"com.wix.detox.espresso.DetoxMatcher"},"method":"matcherForSufficientlyVisible","args":[{"type":"Integer","value":75}]}}]})
03-22 22:10:25.132 12891 12960 I DetoxDispatcher: Handling action 'invoke' (ID #15)...
03-22 22:10:25.133 12891 12960 D Detox   : class com.wix.detox.espresso.DetoxMatcher, matcherForText, [Card Network length : 16]
03-22 22:10:25.135 12891 12960 D Detox   : class androidx.test.espresso.Espresso, onView, [(an instance of android.widget.TextView and view.getText() with or without transformation to match: is "Card Network length : 16" and view has effective visibility <VISIBLE>)]
03-22 22:10:25.136 12891 12960 D Detox   : class com.wix.detox.espresso.DetoxMatcher, matcherForSufficientlyVisible, [75]
03-22 22:10:25.137 12891 12960 D Detox   : class com.wix.detox.espresso.DetoxAssertion, assertMatcher, [androidx.test.espresso.ViewInteraction@79049f6, (view has effective visibility <VISIBLE> and view.getGlobalVisibleRect() covers at least <75> percent of the view's area)]
03-22 22:10:25.142 12891 12891 I ViewInteraction: Checking 'MatchesViewAssertion(Detox){viewMatcher=(view has effective visibility <VISIBLE> and view.getGlobalVisibleRect() covers at least <75> percent of the view's area)}' assertion on view (an instance of android.widget.TextView and view.getText() with or without transformation to match: is "Card Network length : 16" and view has effective visibility <VISIBLE>)
03-22 22:10:25.145 12891 12960 I DetoxWSClient: Sending out action 'invokeResult' (ID #15)
03-22 22:10:25.146 12891 12960 I DetoxDispatcher: Done with action 'invoke'
03-22 22:10:25.152 12891 12962 D DetoxWSClient: Received action 'invoke' (ID #16, params={"target":{"type":"Class","value":"com.wix.detox.espresso.EspressoDetox"},"method":"perform","args":[{"type":"Invocation","value":{"target":{"type":"Class","value":"androidx.test.espresso.Espresso"},"method":"onView","args":[{"type":"Invocation","value":{"target":{"type":"Class","value":"com.wix.detox.espresso.DetoxMatcher"},"method":"matcherForTestId","args":["cards"]}}]}},{"type":"Invocation","value":{"target":{"type":"Class","value":"com.wix.detox.espresso.DetoxViewActions"},"method":"click","args":[]}}]})
03-22 22:10:25.152 12891 12960 I DetoxDispatcher: Handling action 'invoke' (ID #16)...
03-22 22:10:25.152 12891 12960 D Detox   : class com.wix.detox.espresso.DetoxMatcher, matcherForTestId, [cards]
03-22 22:10:25.153 12891 12960 D Detox   : class androidx.test.espresso.Espresso, onView, [(view.getTag() is "cards" and view has effective visibility <VISIBLE>)]
03-22 22:10:25.153 12891 12960 D Detox   : class com.wix.detox.espresso.DetoxViewActions, click, []
03-22 22:10:25.154 12891 12960 D Detox   : class com.wix.detox.espresso.EspressoDetox, perform, [androidx.test.espresso.ViewInteraction@93ca1f7, com.wix.detox.espresso.action.RNClickAction@4346864]
03-22 22:10:25.157 12891 12891 I ViewInteraction: Performing 'com.wix.detox.espresso.action.detoxsingletap@3771acd click' action on view (view.getTag() is "cards" and view has effective visibility <VISIBLE>)
03-22 22:10:25.259 12891 12891 I Detox   : AnimatedModule is busy.
03-22 22:10:25.263 12891 12891 I Detox   : AnimatedModule is busy.
03-22 22:10:25.279 12891 12891 I Detox   : AnimatedModule is busy.
03-22 22:10:25.296 12891 12891 I Detox   : AnimatedModule is busy.
03-22 22:10:25.311 12891 12891 I Detox   : AnimatedModule is busy.
03-22 22:10:25.327 12891 12891 I Detox   : AnimatedModule is busy.
03-22 22:10:25.344 12891 12891 I Detox   : AnimatedModule is busy.
03-22 22:10:25.363 12891 12891 I Detox   : AnimatedModule is busy.
03-22 22:10:25.367 12891 12949 D EGL_emulation: app_time_stats: avg=8.52ms min=2.12ms max=27.86ms count=61
03-22 22:10:25.379 12891 12891 I Detox   : AnimatedModule is busy.
03-22 22:10:25.396 12891 12891 I Detox   : AnimatedModule is busy.
03-22 22:10:25.411 12891 12891 I Detox   : AnimatedModule is busy.
03-22 22:10:25.428 12891 12891 I Detox   : AnimatedModule is busy.
03-22 22:10:25.444 12891 12891 I Detox   : AnimatedModule is busy.
03-22 22:10:25.463 12891 12891 I Detox   : AnimatedModule is busy.
03-22 22:10:25.478 12891 12891 I Detox   : AnimatedModule is busy.
03-22 22:10:25.878 12891 12960 I DetoxWSClient: Sending out action 'invokeResult' (ID #16)
03-22 22:10:25.878 12891 12960 I DetoxDispatcher: Done with action 'invoke'
