--------- beginning of main
03-22 17:26:52.209 10844 10909 I DetoxWSClient: Sending out action 'invokeResult' (ID #1)
03-22 17:26:52.209 10844 10909 I DetoxDispatcher: Done with action 'invoke'
03-22 17:26:52.217 10844 10911 D DetoxWSClient: Received action 'invoke' (ID #2, params={"target":{"type":"Class","value":"com.wix.detox.espresso.DetoxAssertion"},"method":"assertMatcher","args":[{"type":"Invocation","value":{"target":{"type":"Class","value":"androidx.test.espresso.Espresso"},"method":"onView","args":[{"type":"Invocation","value":{"target":{"type":"Class","value":"com.wix.detox.espresso.DetoxMatcher"},"method":"matcherForText","args":["Razorpay Initialized"]}}]}},{"type":"Invocation","value":{"target":{"type":"Class","value":"com.wix.detox.espresso.DetoxMatcher"},"method":"matcherForSufficientlyVisible","args":[{"type":"Integer","value":75}]}}]})
03-22 17:26:52.218 10844 10909 I DetoxDispatcher: Handling action 'invoke' (ID #2)...
03-22 17:26:52.218 10844 10909 D Detox   : class com.wix.detox.espresso.DetoxMatcher, matcherForText, [Razorpay Initialized]
03-22 17:26:52.220 10844 10909 D Detox   : class androidx.test.espresso.Espresso, onView, [(an instance of android.widget.TextView and view.getText() with or without transformation to match: is "Razorpay Initialized" and view has effective visibility <VISIBLE>)]
03-22 17:26:52.220 10844 10909 D Detox   : class com.wix.detox.espresso.DetoxMatcher, matcherForSufficientlyVisible, [75]
03-22 17:26:52.221 10844 10909 D Detox   : class com.wix.detox.espresso.DetoxAssertion, assertMatcher, [androidx.test.espresso.ViewInteraction@7f526bf, (view has effective visibility <VISIBLE> and view.getGlobalVisibleRect() covers at least <75> percent of the view's area)]
03-22 17:26:52.229 10844 10844 I ViewInteraction: Checking 'MatchesViewAssertion(Detox){viewMatcher=(view has effective visibility <VISIBLE> and view.getGlobalVisibleRect() covers at least <75> percent of the view's area)}' assertion on view (an instance of android.widget.TextView and view.getText() with or without transformation to match: is "Razorpay Initialized" and view has effective visibility <VISIBLE>)
03-22 17:26:52.230 10844 10909 I DetoxWSClient: Sending out action 'invokeResult' (ID #2)
03-22 17:26:52.231 10844 10909 I DetoxDispatcher: Done with action 'invoke'
03-22 17:26:52.290 10844 10911 D DetoxWSClient: Received action 'invoke' (ID #3, params={"target":{"type":"Class","value":"com.wix.detox.espresso.EspressoDetox"},"method":"perform","args":[{"type":"Invocation","value":{"target":{"type":"Class","value":"androidx.test.espresso.Espresso"},"method":"onView","args":[{"type":"Invocation","value":{"target":{"type":"Class","value":"com.wix.detox.espresso.DetoxMatcher"},"method":"matcherForTestId","args":["cards"]}}]}},{"type":"Invocation","value":{"target":{"type":"Class","value":"com.wix.detox.espresso.DetoxViewActions"},"method":"click","args":[]}}]})
03-22 17:26:52.291 10844 10909 I DetoxDispatcher: Handling action 'invoke' (ID #3)...
03-22 17:26:52.291 10844 10909 D Detox   : class com.wix.detox.espresso.DetoxMatcher, matcherForTestId, [cards]
03-22 17:26:52.292 10844 10909 D Detox   : class androidx.test.espresso.Espresso, onView, [(view.getTag() is "cards" and view has effective visibility <VISIBLE>)]
03-22 17:26:52.292 10844 10909 D Detox   : class com.wix.detox.espresso.DetoxViewActions, click, []
03-22 17:26:52.293 10844 10909 D Detox   : class com.wix.detox.espresso.EspressoDetox, perform, [androidx.test.espresso.ViewInteraction@be9e18c, com.wix.detox.espresso.action.RNClickAction@395e0d5]
03-22 17:26:52.299 10844 10844 I ViewInteraction: Performing 'com.wix.detox.espresso.action.detoxsingletap@b0fd0ea click' action on view (view.getTag() is "cards" and view has effective visibility <VISIBLE>)
03-22 17:26:52.338 10844 10898 D EGL_emulation: app_time_stats: avg=65.47ms min=10.06ms max=521.61ms count=16
03-22 17:26:52.998 10844 10909 I DetoxWSClient: Sending out action 'invokeResult' (ID #3)
03-22 17:26:52.999 10844 10909 I DetoxDispatcher: Done with action 'invoke'
03-22 17:26:53.006 10844 10911 D DetoxWSClient: Received action 'invoke' (ID #4, params={"target":{"type":"Class","value":"com.wix.detox.espresso.EspressoDetox"},"method":"perform","args":[{"type":"Invocation","value":{"target":{"type":"Class","value":"androidx.test.espresso.Espresso"},"method":"onView","args":[{"type":"Invocation","value":{"target":{"type":"Class","value":"com.wix.detox.espresso.DetoxMatcher"},"method":"matcherForTestId","args":["cardNumber"]}}]}},{"type":"Invocation","value":{"target":{"type":"Class","value":"androidx.test.espresso.action.ViewActions"},"method":"replaceText","args":["4111111111111111"]}}]})
03-22 17:26:53.006 10844 10909 I DetoxDispatcher: Handling action 'invoke' (ID #4)...
03-22 17:26:53.007 10844 10909 D Detox   : class com.wix.detox.espresso.DetoxMatcher, matcherForTestId, [cardNumber]
03-22 17:26:53.008 10844 10909 D Detox   : class androidx.test.espresso.Espresso, onView, [(view.getTag() is "cardNumber" and view has effective visibility <VISIBLE>)]
03-22 17:26:53.008 10844 10909 D Detox   : class androidx.test.espresso.action.ViewActions, replaceText, [4111111111111111]
03-22 17:26:53.009 10844 10909 D Detox   : class com.wix.detox.espresso.EspressoDetox, perform, [androidx.test.espresso.ViewInteraction@b04c6e3, androidx.test.espresso.action.ReplaceTextAction@c3408e0]
03-22 17:26:53.015 10844 10844 I ViewInteraction: Performing 'replace text(4111111111111111)' action on view (view.getTag() is "cardNumber" and view has effective visibility <VISIBLE>)
03-22 17:26:53.031 10844 10909 I DetoxWSClient: Sending out action 'invokeResult' (ID #4)
03-22 17:26:53.031 10844 10909 I DetoxDispatcher: Done with action 'invoke'
03-22 17:26:53.037 10844 10911 D DetoxWSClient: Received action 'invoke' (ID #5, params={"target":{"type":"Class","value":"com.wix.detox.espresso.EspressoDetox"},"method":"perform","args":[{"type":"Invocation","value":{"target":{"type":"Class","value":"androidx.test.espresso.Espresso"},"method":"onView","args":[{"type":"Invocation","value":{"target":{"type":"Class","value":"com.wix.detox.espresso.DetoxMatcher"},"method":"matcherForText","args":["IS CARD VALID"]}}]}},{"type":"Invocation","value":{"target":{"type":"Class","value":"com.wix.detox.espresso.DetoxViewActions"},"method":"click","args":[]}}]})
03-22 17:26:53.039 10844 10909 I DetoxDispatcher: Handling action 'invoke' (ID #5)...
03-22 17:26:53.040 10844 10909 D Detox   : class com.wix.detox.espresso.DetoxMatcher, matcherForText, [IS CARD VALID]
03-22 17:26:53.041 10844 10909 D Detox   : class androidx.test.espresso.Espresso, onView, [(an instance of android.widget.TextView and view.getText() with or without transformation to match: is "IS CARD VALID" and view has effective visibility <VISIBLE>)]
03-22 17:26:53.041 10844 10844 D CompatibilityChangeReporter: Compat change id reported: 163400105; UID 10162; state: DISABLED
03-22 17:26:53.043 10844 10909 D Detox   : class com.wix.detox.espresso.DetoxViewActions, click, []
03-22 17:26:53.048 10844 10909 D Detox   : class com.wix.detox.espresso.EspressoDetox, perform, [androidx.test.espresso.ViewInteraction@cee13f8, com.wix.detox.espresso.action.RNClickAction@54440d1]
03-22 17:26:53.055 10844 10844 I AssistStructure: Flattened final assist data: 3940 bytes, containing 1 windows, 24 views
03-22 17:26:53.084 10844 10844 I Detox   : UIManagerModule is busy
03-22 17:26:53.104 10844 10844 I Detox   : UIManagerModule is busy
03-22 17:26:53.115 10844 10844 I ViewInteraction: Performing 'com.wix.detox.espresso.action.detoxsingletap@2cd3909 click' action on view (an instance of android.widget.TextView and view.getText() with or without transformation to match: is "IS CARD VALID" and view has effective visibility <VISIBLE>)
03-22 17:26:53.177 10844 10914 I ReactNativeJS: true
03-22 17:26:53.349 10844 10898 D EGL_emulation: app_time_stats: avg=18.70ms min=2.08ms max=284.20ms count=34
03-22 17:26:53.622 10844 10909 I DetoxWSClient: Sending out action 'invokeResult' (ID #5)
03-22 17:26:53.622 10844 10909 I DetoxDispatcher: Done with action 'invoke'
03-22 17:26:53.630 10844 10911 D DetoxWSClient: Received action 'invoke' (ID #6, params={"target":{"type":"Class","value":"com.wix.detox.espresso.DetoxAssertion"},"method":"assertMatcher","args":[{"type":"Invocation","value":{"target":{"type":"Class","value":"androidx.test.espresso.Espresso"},"method":"onView","args":[{"type":"Invocation","value":{"target":{"type":"Class","value":"com.wix.detox.espresso.DetoxMatcher"},"method":"matcherForText","args":["Card Validity : true"]}}]}},{"type":"Invocation","value":{"target":{"type":"Class","value":"com.wix.detox.espresso.DetoxMatcher"},"method":"matcherForSufficientlyVisible","args":[{"type":"Integer","value":75}]}}]})
03-22 17:26:53.631 10844 10909 I DetoxDispatcher: Handling action 'invoke' (ID #6)...
03-22 17:26:53.631 10844 10909 D Detox   : class com.wix.detox.espresso.DetoxMatcher, matcherForText, [Card Validity : true]
03-22 17:26:53.632 10844 10909 D Detox   : class androidx.test.espresso.Espresso, onView, [(an instance of android.widget.TextView and view.getText() with or without transformation to match: is "Card Validity : true" and view has effective visibility <VISIBLE>)]
03-22 17:26:53.632 10844 10909 D Detox   : class com.wix.detox.espresso.DetoxMatcher, matcherForSufficientlyVisible, [75]
03-22 17:26:53.634 10844 10909 D Detox   : class com.wix.detox.espresso.DetoxAssertion, assertMatcher, [androidx.test.espresso.ViewInteraction@244b61a, (view has effective visibility <VISIBLE> and view.getGlobalVisibleRect() covers at least <75> percent of the view's area)]
03-22 17:26:53.640 10844 10844 I ViewInteraction: Checking 'MatchesViewAssertion(Detox){viewMatcher=(view has effective visibility <VISIBLE> and view.getGlobalVisibleRect() covers at least <75> percent of the view's area)}' assertion on view (an instance of android.widget.TextView and view.getText() with or without transformation to match: is "Card Validity : true" and view has effective visibility <VISIBLE>)
03-22 17:26:53.642 10844 10909 I DetoxWSClient: Sending out action 'invokeResult' (ID #6)
03-22 17:26:53.643 10844 10909 I DetoxDispatcher: Done with action 'invoke'
03-22 17:26:53.649 10844 10911 D DetoxWSClient: Received action 'invoke' (ID #7, params={"target":{"type":"Class","value":"com.wix.detox.espresso.EspressoDetox"},"method":"perform","args":[{"type":"Invocation","value":{"target":{"type":"Class","value":"androidx.test.espresso.Espresso"},"method":"onView","args":[{"type":"Invocation","value":{"target":{"type":"Class","value":"com.wix.detox.espresso.DetoxMatcher"},"method":"matcherForText","args":["GET CARD NETWORK"]}}]}},{"type":"Invocation","value":{"target":{"type":"Class","value":"com.wix.detox.espresso.DetoxViewActions"},"method":"click","args":[]}}]})
03-22 17:26:53.649 10844 10909 I DetoxDispatcher: Handling action 'invoke' (ID #7)...
03-22 17:26:53.651 10844 10909 D Detox   : class com.wix.detox.espresso.DetoxMatcher, matcherForText, [GET CARD NETWORK]
03-22 17:26:53.652 10844 10909 D Detox   : class androidx.test.espresso.Espresso, onView, [(an instance of android.widget.TextView and view.getText() with or without transformation to match: is "GET CARD NETWORK" and view has effective visibility <VISIBLE>)]
03-22 17:26:53.653 10844 10909 D Detox   : class com.wix.detox.espresso.DetoxViewActions, click, []
03-22 17:26:53.654 10844 10909 D Detox   : class com.wix.detox.espresso.EspressoDetox, perform, [androidx.test.espresso.ViewInteraction@8d9a54b, com.wix.detox.espresso.action.RNClickAction@80a6b28]
03-22 17:26:53.659 10844 10844 I ViewInteraction: Performing 'com.wix.detox.espresso.action.detoxsingletap@2060041 click' action on view (an instance of android.widget.TextView and view.getText() with or without transformation to match: is "GET CARD NETWORK" and view has effective visibility <VISIBLE>)
03-22 17:26:53.705 10844 10914 I ReactNativeJS: visa
03-22 17:26:54.128 10844 10909 I DetoxWSClient: Sending out action 'invokeResult' (ID #7)
03-22 17:26:54.129 10844 10909 I DetoxDispatcher: Done with action 'invoke'
03-22 17:26:54.136 10844 10911 D DetoxWSClient: Received action 'invoke' (ID #8, params={"target":{"type":"Class","value":"com.wix.detox.espresso.DetoxAssertion"},"method":"assertMatcher","args":[{"type":"Invocation","value":{"target":{"type":"Class","value":"androidx.test.espresso.Espresso"},"method":"onView","args":[{"type":"Invocation","value":{"target":{"type":"Class","value":"com.wix.detox.espresso.DetoxMatcher"},"method":"matcherForText","args":["Card Network : visa"]}}]}},{"type":"Invocation","value":{"target":{"type":"Class","value":"com.wix.detox.espresso.DetoxMatcher"},"method":"matcherForSufficientlyVisible","args":[{"type":"Integer","value":75}]}}]})
03-22 17:26:54.137 10844 10909 I DetoxDispatcher: Handling action 'invoke' (ID #8)...
03-22 17:26:54.139 10844 10909 D Detox   : class com.wix.detox.espresso.DetoxMatcher, matcherForText, [Card Network : visa]
03-22 17:26:54.140 10844 10909 D Detox   : class androidx.test.espresso.Espresso, onView, [(an instance of android.widget.TextView and view.getText() with or without transformation to match: is "Card Network : visa" and view has effective visibility <VISIBLE>)]
03-22 17:26:54.140 10844 10909 D Detox   : class com.wix.detox.espresso.DetoxMatcher, matcherForSufficientlyVisible, [75]
03-22 17:26:54.141 10844 10909 D Detox   : class com.wix.detox.espresso.DetoxAssertion, assertMatcher, [androidx.test.espresso.ViewInteraction@ee772c3, (view has effective visibility <VISIBLE> and view.getGlobalVisibleRect() covers at least <75> percent of the view's area)]
03-22 17:26:54.154 10844 10844 I ViewInteraction: Checking 'MatchesViewAssertion(Detox){viewMatcher=(view has effective visibility <VISIBLE> and view.getGlobalVisibleRect() covers at least <75> percent of the view's area)}' assertion on view (an instance of android.widget.TextView and view.getText() with or without transformation to match: is "Card Network : visa" and view has effective visibility <VISIBLE>)
03-22 17:26:54.156 10844 10909 I DetoxWSClient: Sending out action 'invokeResult' (ID #8)
03-22 17:26:54.157 10844 10909 I DetoxDispatcher: Done with action 'invoke'
