--------- beginning of main
03-22 11:08:09.877 29959 30083 I DetoxWSClient: Sending out action 'invokeResult' (ID #1)
03-22 11:08:09.878 29959 30083 I DetoxDispatcher: Done with action 'invoke'
03-22 11:08:09.886 29959 30085 D DetoxWSClient: Received action 'invoke' (ID #2, params={"target":{"type":"Class","value":"com.wix.detox.espresso.DetoxAssertion"},"method":"assertMatcher","args":[{"type":"Invocation","value":{"target":{"type":"Class","value":"androidx.test.espresso.Espresso"},"method":"onView","args":[{"type":"Invocation","value":{"target":{"type":"Class","value":"com.wix.detox.espresso.DetoxMatcher"},"method":"matcherForText","args":["Status changes"]}}]}},{"type":"Invocation","value":{"target":{"type":"Class","value":"com.wix.detox.espresso.DetoxMatcher"},"method":"matcherForSufficientlyVisible","args":[{"type":"Integer","value":75}]}}]})
03-22 11:08:09.886 29959 30083 I DetoxDispatcher: Handling action 'invoke' (ID #2)...
03-22 11:08:09.886 29959 30083 D Detox   : class com.wix.detox.espresso.DetoxMatcher, matcherForText, [Status changes]
03-22 11:08:09.887 29959 30083 D Detox   : class androidx.test.espresso.Espresso, onView, [(an instance of android.widget.TextView and view.getText() with or without transformation to match: is "Status changes" and view has effective visibility <VISIBLE>)]
03-22 11:08:09.887 29959 30083 D Detox   : class com.wix.detox.espresso.DetoxMatcher, matcherForSufficientlyVisible, [75]
03-22 11:08:09.888 29959 30083 D Detox   : class com.wix.detox.espresso.DetoxAssertion, assertMatcher, [androidx.test.espresso.ViewInteraction@31cb38b, (view has effective visibility <VISIBLE> and view.getGlobalVisibleRect() covers at least <75> percent of the view's area)]
03-22 11:08:09.895 29959 29959 I ViewInteraction: Checking 'MatchesViewAssertion(Detox){viewMatcher=(view has effective visibility <VISIBLE> and view.getGlobalVisibleRect() covers at least <75> percent of the view's area)}' assertion on view (an instance of android.widget.TextView and view.getText() with or without transformation to match: is "Status changes" and view has effective visibility <VISIBLE>)
03-22 11:08:09.896 29959 30083 I DetoxWSClient: Sending out action 'invokeResult' (ID #2)
03-22 11:08:09.897 29959 30083 I DetoxDispatcher: Done with action 'invoke'
03-22 11:08:09.902 29959 30085 D DetoxWSClient: Received action 'invoke' (ID #3, params={"target":{"type":"Class","value":"com.wix.detox.espresso.DetoxAssertion"},"method":"assertMatcher","args":[{"type":"Invocation","value":{"target":{"type":"Class","value":"androidx.test.espresso.Espresso"},"method":"onView","args":[{"type":"Invocation","value":{"target":{"type":"Class","value":"com.wix.detox.espresso.DetoxMatcher"},"method":"matcherForText","args":["Razorpay Initialized"]}}]}},{"type":"Invocation","value":{"target":{"type":"Class","value":"com.wix.detox.espresso.DetoxMatcher"},"method":"matcherForSufficientlyVisible","args":[{"type":"Integer","value":75}]}}]})
03-22 11:08:09.902 29959 30083 I DetoxDispatcher: Handling action 'invoke' (ID #3)...
03-22 11:08:09.902 29959 30083 D Detox   : class com.wix.detox.espresso.DetoxMatcher, matcherForText, [Razorpay Initialized]
03-22 11:08:09.903 29959 30083 D Detox   : class androidx.test.espresso.Espresso, onView, [(an instance of android.widget.TextView and view.getText() with or without transformation to match: is "Razorpay Initialized" and view has effective visibility <VISIBLE>)]
03-22 11:08:09.903 29959 30083 D Detox   : class com.wix.detox.espresso.DetoxMatcher, matcherForSufficientlyVisible, [75]
03-22 11:08:09.903 29959 30083 D Detox   : class com.wix.detox.espresso.DetoxAssertion, assertMatcher, [androidx.test.espresso.ViewInteraction@a6efc68, (view has effective visibility <VISIBLE> and view.getGlobalVisibleRect() covers at least <75> percent of the view's area)]
03-22 11:08:09.907 29959 29959 I ViewInteraction: Checking 'MatchesViewAssertion(Detox){viewMatcher=(view has effective visibility <VISIBLE> and view.getGlobalVisibleRect() covers at least <75> percent of the view's area)}' assertion on view (an instance of android.widget.TextView and view.getText() with or without transformation to match: is "Razorpay Initialized" and view has effective visibility <VISIBLE>)
03-22 11:08:09.908 29959 30083 I DetoxWSClient: Sending out action 'invokeResult' (ID #3)
03-22 11:08:09.908 29959 30083 I DetoxDispatcher: Done with action 'invoke'
03-22 11:08:09.977 29959 30085 D DetoxWSClient: Received action 'invoke' (ID #4, params={"target":{"type":"Class","value":"com.wix.detox.espresso.EspressoDetox"},"method":"perform","args":[{"type":"Invocation","value":{"target":{"type":"Class","value":"androidx.test.espresso.Espresso"},"method":"onView","args":[{"type":"Invocation","value":{"target":{"type":"Class","value":"com.wix.detox.espresso.DetoxMatcher"},"method":"matcherForTestId","args":["isValidVpa-pass"]}}]}},{"type":"Invocation","value":{"target":{"type":"Class","value":"com.wix.detox.espresso.DetoxViewActions"},"method":"click","args":[]}}]})
03-22 11:08:09.977 29959 30083 I DetoxDispatcher: Handling action 'invoke' (ID #4)...
03-22 11:08:09.977 29959 30083 D Detox   : class com.wix.detox.espresso.DetoxMatcher, matcherForTestId, [isValidVpa-pass]
03-22 11:08:09.978 29959 30083 D Detox   : class androidx.test.espresso.Espresso, onView, [(view.getTag() is "isValidVpa-pass" and view has effective visibility <VISIBLE>)]
03-22 11:08:09.978 29959 30083 D Detox   : class com.wix.detox.espresso.DetoxViewActions, click, []
03-22 11:08:09.978 29959 30083 D Detox   : class com.wix.detox.espresso.EspressoDetox, perform, [androidx.test.espresso.ViewInteraction@2995881, com.wix.detox.espresso.action.RNClickAction@9082d26]
03-22 11:08:10.249 29959 29959 I ViewInteraction: Performing 'com.wix.detox.espresso.action.detoxsingletap@7a0fd67 click' action on view (view.getTag() is "isValidVpa-pass" and view has effective visibility <VISIBLE>)
--------- beginning of system
03-22 11:08:10.253 29959 29959 I ViewRootImpl: ViewRoot's Touch Event : ACTION_DOWN
03-22 11:08:10.284 29959 29959 I ViewRootImpl: ViewRoot's Touch Event : ACTION_UP
03-22 11:08:11.367 29959 30083 I DetoxWSClient: Sending out action 'invokeResult' (ID #4)
03-22 11:08:11.368 29959 30083 I DetoxDispatcher: Done with action 'invoke'
03-22 11:08:11.373 29959 30085 D DetoxWSClient: Received action 'invoke' (ID #5, params={"target":{"type":"Class","value":"com.wix.detox.espresso.DetoxAssertion"},"method":"assertMatcher","args":[{"type":"Invocation","value":{"target":{"type":"Class","value":"androidx.test.espresso.Espresso"},"method":"onView","args":[{"type":"Invocation","value":{"target":{"type":"Class","value":"com.wix.detox.espresso.DetoxMatcher"},"method":"matcherForText","args":["Status changes"]}}]}},{"type":"Invocation","value":{"target":{"type":"Class","value":"com.wix.detox.espresso.DetoxMatcher"},"method":"matcherForSufficientlyVisible","args":[{"type":"Integer","value":75}]}}]})
03-22 11:08:11.374 29959 30083 I DetoxDispatcher: Handling action 'invoke' (ID #5)...
03-22 11:08:11.375 29959 30083 D Detox   : class com.wix.detox.espresso.DetoxMatcher, matcherForText, [Status changes]
03-22 11:08:11.376 29959 30083 D Detox   : class androidx.test.espresso.Espresso, onView, [(an instance of android.widget.TextView and view.getText() with or without transformation to match: is "Status changes" and view has effective visibility <VISIBLE>)]
03-22 11:08:11.376 29959 30083 D Detox   : class com.wix.detox.espresso.DetoxMatcher, matcherForSufficientlyVisible, [75]
03-22 11:08:11.377 29959 30083 D Detox   : class com.wix.detox.espresso.DetoxAssertion, assertMatcher, [androidx.test.espresso.ViewInteraction@c6714f, (view has effective visibility <VISIBLE> and view.getGlobalVisibleRect() covers at least <75> percent of the view's area)]
03-22 11:08:11.387 29959 29959 I ViewInteraction: Checking 'MatchesViewAssertion(Detox){viewMatcher=(view has effective visibility <VISIBLE> and view.getGlobalVisibleRect() covers at least <75> percent of the view's area)}' assertion on view (an instance of android.widget.TextView and view.getText() with or without transformation to match: is "Status changes" and view has effective visibility <VISIBLE>)
03-22 11:08:11.389 29959 30083 I DetoxWSClient: Sending out action 'invokeResult' (ID #5)
03-22 11:08:11.389 29959 30083 I DetoxDispatcher: Done with action 'invoke'
03-22 11:08:11.397 29959 30085 D DetoxWSClient: Received action 'invoke' (ID #6, params={"target":{"type":"Class","value":"com.wix.detox.espresso.DetoxAssertion"},"method":"assertMatcher","args":[{"type":"Invocation","value":{"target":{"type":"Class","value":"androidx.test.espresso.Espresso"},"method":"onView","args":[{"type":"Invocation","value":{"target":{"type":"Class","value":"com.wix.detox.espresso.DetoxMatcher"},"method":"matcherForText","args":["true"]}}]}},{"type":"Invocation","value":{"target":{"type":"Class","value":"com.wix.detox.espresso.DetoxMatcher"},"method":"matcherForSufficientlyVisible","args":[{"type":"Integer","value":75}]}}]})
03-22 11:08:11.397 29959 30083 I DetoxDispatcher: Handling action 'invoke' (ID #6)...
03-22 11:08:11.398 29959 30083 D Detox   : class com.wix.detox.espresso.DetoxMatcher, matcherForText, [true]
03-22 11:08:11.399 29959 30083 D Detox   : class androidx.test.espresso.Espresso, onView, [(an instance of android.widget.TextView and view.getText() with or without transformation to match: is "true" and view has effective visibility <VISIBLE>)]
03-22 11:08:11.400 29959 30083 D Detox   : class com.wix.detox.espresso.DetoxMatcher, matcherForSufficientlyVisible, [75]
03-22 11:08:11.401 29959 30083 D Detox   : class com.wix.detox.espresso.DetoxAssertion, assertMatcher, [androidx.test.espresso.ViewInteraction@d1e80dc, (view has effective visibility <VISIBLE> and view.getGlobalVisibleRect() covers at least <75> percent of the view's area)]
03-22 11:08:11.409 29959 29959 I ViewInteraction: Checking 'MatchesViewAssertion(Detox){viewMatcher=(view has effective visibility <VISIBLE> and view.getGlobalVisibleRect() covers at least <75> percent of the view's area)}' assertion on view (an instance of android.widget.TextView and view.getText() with or without transformation to match: is "true" and view has effective visibility <VISIBLE>)
03-22 11:08:11.411 29959 30083 I DetoxWSClient: Sending out action 'invokeResult' (ID #6)
03-22 11:08:11.411 29959 30083 I DetoxDispatcher: Done with action 'invoke'
