--------- beginning of main
03-22 01:03:47.160  8018  8289 D SoLoader: About to load: libreactnativeblob.so
03-22 01:03:47.160  8018  8289 D SoLoader: libreactnativeblob.so not found on /data/data/com.detoxsample/lib-main
03-22 01:03:47.161  8018  8289 D SoLoader: libreactnativeblob.so found on /data/app/~~5eevsVpWKNyhd3hEmLiziQ==/com.detoxsample-rXTzWx4bBqcV_bklmjT4fQ==/lib/arm64
03-22 01:03:47.161  8018  8289 D SoLoader: Not resolving dependencies for libreactnativeblob.so
03-22 01:03:47.164  8018  8289 D SoLoader: Loaded: libreactnativeblob.so
03-22 01:03:47.268  8018  8290 I WebViewFactory: Loading com.google.android.webview version 99.0.4844.58 (code 484405833)
03-22 01:03:47.395  8018  8290 W com.detoxsampl: Accessing hidden method Landroid/os/Trace;->isTagEnabled(J)Z (greylist, reflection, allowed)
03-22 01:03:47.396  8018  8290 W com.detoxsampl: Accessing hidden method Landroid/os/Trace;->traceBegin(JLjava/lang/String;)V (greylist, reflection, allowed)
03-22 01:03:47.396  8018  8290 W com.detoxsampl: Accessing hidden method Landroid/os/Trace;->traceEnd(J)V (greylist, reflection, allowed)
03-22 01:03:47.396  8018  8290 W com.detoxsampl: Accessing hidden method Landroid/os/Trace;->asyncTraceBegin(JLjava/lang/String;I)V (greylist, reflection, allowed)
03-22 01:03:47.396  8018  8290 W com.detoxsampl: Accessing hidden method Landroid/os/Trace;->asyncTraceEnd(JLjava/lang/String;I)V (greylist, reflection, allowed)
03-22 01:03:47.405  8018  8289 I ReactNativeJS: Running "DetoxSample" with {"rootTag":1}
03-22 01:03:47.407  8018  8290 I cr_WVCFactoryProvider: Loaded version=99.0.4844.58 minSdkVersion=29 isBundle=true multiprocess=true packageId=3
03-22 01:03:47.500  8018  8290 I cr_LibraryLoader: Successfully loaded native library
03-22 01:03:47.504  8018  8290 I cr_CachingUmaRecorder: Flushed 8 samples from 8 histograms.
03-22 01:03:47.743  8018  8018 W com.detoxsampl: Accessing hidden field Landroid/widget/ScrollView;->mScroller:Landroid/widget/OverScroller; (greylist, reflection, allowed)
03-22 01:03:47.819  8018  8395 D SoLoader: About to load: libimagepipeline.so
03-22 01:03:47.819  8018  8395 D SoLoader: libimagepipeline.so not found on /data/data/com.detoxsample/lib-main
03-22 01:03:47.819  8018  8395 D SoLoader: libimagepipeline.so found on /data/app/~~5eevsVpWKNyhd3hEmLiziQ==/com.detoxsample-rXTzWx4bBqcV_bklmjT4fQ==/lib/arm64
03-22 01:03:47.819  8018  8395 D SoLoader: Not resolving dependencies for libimagepipeline.so
03-22 01:03:47.819  8018  8018 I Detox   : Wait is over: app is now idle!
03-22 01:03:47.820  8018  8291 I DetoxWSClient: Sending out action 'ready' (ID #-1000)
03-22 01:03:47.820  8018  8291 I DetoxDispatcher: Done with action 'isReady'
03-22 01:03:47.820  8018  8291 I DetoxDispatcher: Handling action 'loginSuccess' (ID #0)...
03-22 01:03:47.820  8018  8291 I DetoxDispatcher: Done with action 'loginSuccess'
03-22 01:03:47.820  8018  8291 I DetoxDispatcher: Handling action 'isReady' (ID #-1000)...
03-22 01:03:47.823  8018  8395 D SoLoader: Loaded: libimagepipeline.so
03-22 01:03:47.827  8018  8018 I Detox   : Wait is over: app is now idle!
03-22 01:03:47.827  8018  8291 I DetoxWSClient: Sending out action 'ready' (ID #-1000)
03-22 01:03:47.828  8018  8291 I DetoxDispatcher: Done with action 'isReady'
03-22 01:03:47.905  8018  8296 D DetoxWSClient: Received action 'reactNativeReload' (ID #-1000, params={})
03-22 01:03:47.906  8018  8291 I DetoxDispatcher: Handling action 'reactNativeReload' (ID #-1000)...
03-22 01:03:48.165  8018  8291 I DetoxRNExt: Reloading React Native
03-22 01:03:48.201  8018  8018 I TouchFilterInputStageHelper: [needTouchEventFilter] Displayid : 0
03-22 01:03:48.202  8018  8018 D HandGripFilter: getdisplaysize, x : 1080 y : 2340
03-22 01:03:48.393  8018  8018 W unknown:ReactNative: Packager connection already open, nooping.
03-22 01:03:48.394  8018  8290 E unknown:ReactContextBaseJavaModule: Unhandled SoftException
03-22 01:03:48.394  8018  8290 E unknown:ReactContextBaseJavaModule: java.lang.RuntimeException: Catalyst Instance has already disappeared: requested by DeviceInfo
03-22 01:03:48.394  8018  8290 E unknown:ReactContextBaseJavaModule: 	at com.facebook.react.bridge.ReactContextBaseJavaModule.getReactApplicationContextIfActiveOrWarn(ReactContextBaseJavaModule.java:66)
03-22 01:03:48.394  8018  8290 E unknown:ReactContextBaseJavaModule: 	at com.facebook.react.modules.deviceinfo.DeviceInfoModule.invalidate(DeviceInfoModule.java:114)
03-22 01:03:48.394  8018  8290 E unknown:ReactContextBaseJavaModule: 	at com.facebook.react.bridge.ModuleHolder.destroy(ModuleHolder.java:110)
03-22 01:03:48.394  8018  8290 E unknown:ReactContextBaseJavaModule: 	at com.facebook.react.bridge.NativeModuleRegistry.notifyJSInstanceDestroy(NativeModuleRegistry.java:108)
03-22 01:03:48.394  8018  8290 E unknown:ReactContextBaseJavaModule: 	at com.facebook.react.bridge.CatalystInstanceImpl$1.run(CatalystInstanceImpl.java:368)
03-22 01:03:48.394  8018  8290 E unknown:ReactContextBaseJavaModule: 	at android.os.Handler.handleCallback(Handler.java:938)
03-22 01:03:48.394  8018  8290 E unknown:ReactContextBaseJavaModule: 	at android.os.Handler.dispatchMessage(Handler.java:99)
03-22 01:03:48.394  8018  8290 E unknown:ReactContextBaseJavaModule: 	at com.facebook.react.bridge.queue.MessageQueueThreadHandler.dispatchMessage(MessageQueueThreadHandler.java:27)
03-22 01:03:48.394  8018  8290 E unknown:ReactContextBaseJavaModule: 	at androidx.test.espresso.base.Interrogator.loopAndInterrogate(Interrogator.java:14)
03-22 01:03:48.394  8018  8290 E unknown:ReactContextBaseJavaModule: 	at androidx.test.espresso.base.LooperIdlingResourceInterrogationHandler$2.run(LooperIdlingResourceInterrogationHandler.java:3)
03-22 01:03:48.394  8018  8290 E unknown:ReactContextBaseJavaModule: 	at android.os.Handler.handleCallback(Handler.java:938)
03-22 01:03:48.394  8018  8290 E unknown:ReactContextBaseJavaModule: 	at android.os.Handler.dispatchMessage(Handler.java:99)
03-22 01:03:48.394  8018  8290 E unknown:ReactContextBaseJavaModule: 	at android.os.Looper.loop(Looper.java:223)
03-22 01:03:48.394  8018  8290 E unknown:ReactContextBaseJavaModule: 	at com.facebook.react.bridge.queue.MessageQueueThreadImpl$4.run(MessageQueueThreadImpl.java:226)
03-22 01:03:48.394  8018  8290 E unknown:ReactContextBaseJavaModule: 	at java.lang.Thread.run(Thread.java:923)
03-22 01:03:48.395  8018  8290 E unknown:ReactContextBaseJavaModule: Unhandled SoftException
03-22 01:03:48.395  8018  8290 E unknown:ReactContextBaseJavaModule: java.lang.RuntimeException: Catalyst Instance has already disappeared: requested by AppState
03-22 01:03:48.395  8018  8290 E unknown:ReactContextBaseJavaModule: 	at com.facebook.react.bridge.ReactContextBaseJavaModule.getReactApplicationContextIfActiveOrWarn(ReactContextBaseJavaModule.java:66)
03-22 01:03:48.395  8018  8290 E unknown:ReactContextBaseJavaModule: 	at com.facebook.react.modules.appstate.AppStateModule.invalidate(AppStateModule.java:127)
03-22 01:03:48.395  8018  8290 E unknown:ReactContextBaseJavaModule: 	at com.facebook.react.bridge.ModuleHolder.destroy(ModuleHolder.java:110)
03-22 01:03:48.395  8018  8290 E unknown:ReactContextBaseJavaModule: 	at com.facebook.react.bridge.NativeModuleRegistry.notifyJSInstanceDestroy(NativeModuleRegistry.java:108)
03-22 01:03:48.395  8018  8290 E unknown:ReactContextBaseJavaModule: 	at com.facebook.react.bridge.CatalystInstanceImpl$1.run(CatalystInstanceImpl.java:368)
03-22 01:03:48.395  8018  8290 E unknown:ReactContextBaseJavaModule: 	at android.os.Handler.handleCallback(Handler.java:938)
03-22 01:03:48.395  8018  8290 E unknown:ReactContextBaseJavaModule: 	at android.os.Handler.dispatchMessage(Handler.java:99)
03-22 01:03:48.395  8018  8290 E unknown:ReactContextBaseJavaModule: 	at com.facebook.react.bridge.queue.MessageQueueThreadHandler.dispatchMessage(MessageQueueThreadHandler.java:27)
03-22 01:03:48.395  8018  8290 E unknown:ReactContextBaseJavaModule: 	at androidx.test.espresso.base.Interrogator.loopAndInterrogate(Interrogator.java:14)
03-22 01:03:48.395  8018  8290 E unknown:ReactContextBaseJavaModule: 	at androidx.test.espresso.base.LooperIdlingResourceInterrogationHandler$2.run(LooperIdlingResourceInterrogationHandler.java:3)
03-22 01:03:48.395  8018  8290 E unknown:ReactContextBaseJavaModule: 	at android.os.Handler.handleCallback(Handler.java:938)
03-22 01:03:48.395  8018  8290 E unknown:ReactContextBaseJavaModule: 	at android.os.Handler.dispatchMessage(Handler.java:99)
03-22 01:03:48.395  8018  8290 E unknown:ReactContextBaseJavaModule: 	at android.os.Looper.loop(Looper.java:223)
03-22 01:03:48.395  8018  8290 E unknown:ReactContextBaseJavaModule: 	at com.facebook.react.bridge.queue.MessageQueueThreadImpl$4.run(MessageQueueThreadImpl.java:226)
03-22 01:03:48.395  8018  8290 E unknown:ReactContextBaseJavaModule: 	at java.lang.Thread.run(Thread.java:923)
03-22 01:03:48.395  8018  8290 E unknown:ReactContextBaseJavaModule: Unhandled SoftException
03-22 01:03:48.395  8018  8290 E unknown:ReactContextBaseJavaModule: java.lang.RuntimeException: Catalyst Instance has already disappeared: requested by NativeAnimatedModule
03-22 01:03:48.395  8018  8290 E unknown:ReactContextBaseJavaModule: 	at com.facebook.react.bridge.ReactContextBaseJavaModule.getReactApplicationContextIfActiveOrWarn(ReactContextBaseJavaModule.java:66)
03-22 01:03:48.395  8018  8290 E unknown:ReactContextBaseJavaModule: 	at com.facebook.react.animated.NativeAnimatedModule.invalidate(NativeAnimatedModule.java:897)
03-22 01:03:48.395  8018  8290 E unknown:ReactContextBaseJavaModule: 	at com.facebook.react.bridge.ModuleHolder.destroy(ModuleHolder.java:110)
03-22 01:03:48.395  8018  8290 E unknown:ReactContextBaseJavaModule: 	at com.facebook.react.bridge.NativeModuleRegistry.notifyJSInstanceDestroy(NativeModuleRegistry.java:108)
03-22 01:03:48.395  8018  8290 E unknown:ReactContextBaseJavaModule: 	at com.facebook.react.bridge.CatalystInstanceImpl$1.run(CatalystInstanceImpl.java:368)
03-22 01:03:48.395  8018  8290 E unknown:ReactContextBaseJavaModule: 	at android.os.Handler.handleCallback(Handler.java:938)
03-22 01:03:48.395  8018  8290 E unknown:ReactContextBaseJavaModule: 	at android.os.Handler.dispatchMessage(Handler.java:99)
03-22 01:03:48.395  8018  8290 E unknown:ReactContextBaseJavaModule: 	at com.facebook.react.bridge.queue.MessageQueueThreadHandler.dispatchMessage(MessageQueueThreadHandler.java:27)
03-22 01:03:48.395  8018  8290 E unknown:ReactContextBaseJavaModule: 	at androidx.test.espresso.base.Interrogator.loopAndInterrogate(Interrogator.java:14)
03-22 01:03:48.395  8018  8290 E unknown:ReactContextBaseJavaModule: 	at androidx.test.espresso.base.LooperIdlingResourceInterrogationHandler$2.run(LooperIdlingResourceInterrogationHandler.java:3)
03-22 01:03:48.395  8018  8290 E unknown:ReactContextBaseJavaModule: 	at android.os.Handler.handleCallback(Handler.java:938)
03-22 01:03:48.395  8018  8290 E unknown:ReactContextBaseJavaModule: 	at android.os.Handler.dispatchMessage(Handler.java:99)
03-22 01:03:48.395  8018  8290 E unknown:ReactContextBaseJavaModule: 	at android.os.Looper.loop(Looper.java:223)
03-22 01:03:48.395  8018  8290 E unknown:ReactContextBaseJavaModule: 	at com.facebook.react.bridge.queue.MessageQueueThreadImpl$4.run(MessageQueueThreadImpl.java:226)
03-22 01:03:48.395  8018  8290 E unknown:ReactContextBaseJavaModule: 	at java.lang.Thread.run(Thread.java:923)
03-22 01:03:48.395  8018  8290 E unknown:ReactContextBaseJavaModule: Unhandled SoftException
03-22 01:03:48.395  8018  8290 E unknown:ReactContextBaseJavaModule: java.lang.RuntimeException: Catalyst Instance has already disappeared: requested by FrescoModule
03-22 01:03:48.395  8018  8290 E unknown:ReactContextBaseJavaModule: 	at com.facebook.react.bridge.ReactContextBaseJavaModule.getReactApplicationContextIfActiveOrWarn(ReactContextBaseJavaModule.java:66)
03-22 01:03:48.395  8018  8290 E unknown:ReactContextBaseJavaModule: 	at com.facebook.react.modules.fresco.FrescoModule.invalidate(FrescoModule.java:202)
03-22 01:03:48.395  8018  8290 E unknown:ReactContextBaseJavaModule: 	at com.facebook.react.bridge.ModuleHolder.destroy(ModuleHolder.java:110)
03-22 01:03:48.395  8018  8290 E unknown:ReactContextBaseJavaModule: 	at com.facebook.react.bridge.NativeModuleRegistry.notifyJSInstanceDestroy(NativeModuleRegistry.java:108)
03-22 01:03:48.395  8018  8290 E unknown:ReactContextBaseJavaModule: 	at com.facebook.react.bridge.CatalystInstanceImpl$1.run(CatalystInstanceImpl.java:368)
03-22 01:03:48.395  8018  8290 E unknown:ReactContextBaseJavaModule: 	at android.os.Handler.handleCallback(Handler.java:938)
03-22 01:03:48.395  8018  8290 E unknown:ReactContextBaseJavaModule: 	at android.os.Handler.dispatchMessage(Handler.java:99)
03-22 01:03:48.395  8018  8290 E unknown:ReactContextBaseJavaModule: 	at com.facebook.react.bridge.queue.MessageQueueThreadHandler.dispatchMessage(MessageQueueThreadHandler.java:27)
03-22 01:03:48.395  8018  8290 E unknown:ReactContextBaseJavaModule: 	at androidx.test.espresso.base.Interrogator.loopAndInterrogate(Interrogator.java:14)
03-22 01:03:48.395  8018  8290 E unknown:ReactContextBaseJavaModule: 	at androidx.test.espresso.base.LooperIdlingResourceInterrogationHandler$2.run(LooperIdlingResourceInterrogationHandler.java:3)
03-22 01:03:48.395  8018  8290 E unknown:ReactContextBaseJavaModule: 	at android.os.Handler.handleCallback(Handler.java:938)
03-22 01:03:48.395  8018  8290 E unknown:ReactContextBaseJavaModule: 	at android.os.Handler.dispatchMessage(Handler.java:99)
03-22 01:03:48.395  8018  8290 E unknown:ReactContextBaseJavaModule: 	at android.os.Looper.loop(Looper.java:223)
03-22 01:03:48.395  8018  8290 E unknown:ReactContextBaseJavaModule: 	at com.facebook.react.bridge.queue.MessageQueueThreadImpl$4.run(MessageQueueThreadImpl.java:226)
03-22 01:03:48.395  8018  8290 E unknown:ReactContextBaseJavaModule: 	at java.lang.Thread.run(Thread.java:923)
03-22 01:03:48.399  8018  8018 E unknown:ReactInstanceManager: destroyRootView called
03-22 01:03:48.399  8018  8018 E unknown:ReactInstanceManager: destroyRootView called, unmountReactApplication
03-22 01:03:48.407  8018  8445 W unknown:ReactContext: initializeMessageQueueThreads() is called.
03-22 01:03:48.414  8018  8018 W unknown:ReactNative: Packager connection already open, nooping.
03-22 01:03:48.416  8018  8447 W unknown:ViewManagerPropertyUpdater: Could not find generated setter for class com.facebook.react.views.drawer.ReactDrawerLayoutManager
03-22 01:03:48.427  8018  8447 W unknown:ViewManagerPropertyUpdater: Could not find generated setter for class com.facebook.react.uimanager.LayoutShadowNode
03-22 01:03:48.429  8018  8447 W unknown:ViewManagerPropertyUpdater: Could not find generated setter for class com.facebook.react.views.scroll.ReactHorizontalScrollViewManager
03-22 01:03:48.432  8018  8447 W unknown:ViewManagerPropertyUpdater: Could not find generated setter for class com.facebook.react.views.scroll.ReactHorizontalScrollContainerViewManager
03-22 01:03:48.433  8018  8447 W unknown:ViewManagerPropertyUpdater: Could not find generated setter for class com.facebook.react.views.progressbar.ReactProgressBarViewManager
03-22 01:03:48.434  8018  8447 W unknown:ViewManagerPropertyUpdater: Could not find generated setter for class com.facebook.react.views.progressbar.ProgressBarShadowNode
03-22 01:03:48.435  8018  8447 W unknown:ViewManagerPropertyUpdater: Could not find generated setter for class com.facebook.react.views.scroll.ReactScrollViewManager
03-22 01:03:48.437  8018  8447 W unknown:ViewManagerPropertyUpdater: Could not find generated setter for class com.facebook.react.views.slider.ReactSliderManager
03-22 01:03:48.439  8018  8447 W unknown:ViewManagerPropertyUpdater: Could not find generated setter for class com.facebook.react.views.slider.ReactSliderManager$ReactSliderShadowNode
03-22 01:03:48.440  8018  8447 W unknown:ViewManagerPropertyUpdater: Could not find generated setter for class com.facebook.react.views.switchview.ReactSwitchManager
03-22 01:03:48.441  8018  8447 W unknown:ViewManagerPropertyUpdater: Could not find generated setter for class com.facebook.react.views.switchview.ReactSwitchManager$ReactSwitchShadowNode
03-22 01:03:48.442  8018  8447 W unknown:ViewManagerPropertyUpdater: Could not find generated setter for class com.facebook.react.views.swiperefresh.SwipeRefreshLayoutManager
03-22 01:03:48.443  8018  8447 W unknown:ViewManagerPropertyUpdater: Could not find generated setter for class com.facebook.react.views.text.frescosupport.FrescoBasedReactTextInlineImageViewManager
03-22 01:03:48.444  8018  8447 W unknown:ViewManagerPropertyUpdater: Could not find generated setter for class com.facebook.react.views.text.frescosupport.FrescoBasedReactTextInlineImageShadowNode
03-22 01:03:48.445  8018  8447 W unknown:ViewManagerPropertyUpdater: Could not find generated setter for class com.facebook.react.views.image.ReactImageManager
03-22 01:03:48.446  8018  8447 W unknown:ViewManagerPropertyUpdater: Could not find generated setter for class com.facebook.react.views.modal.ReactModalHostManager
03-22 01:03:48.447  8018  8447 W unknown:ViewManagerPropertyUpdater: Could not find generated setter for class com.facebook.react.views.modal.ModalHostShadowNode
03-22 01:03:48.448  8018  8447 W unknown:ViewManagerPropertyUpdater: Could not find generated setter for class com.facebook.react.views.text.ReactRawTextManager
03-22 01:03:48.448  8018  8447 W unknown:ViewManagerPropertyUpdater: Could not find generated setter for class com.facebook.react.views.text.ReactRawTextShadowNode
03-22 01:03:48.449  8018  8447 W unknown:ViewManagerPropertyUpdater: Could not find generated setter for class com.facebook.react.views.textinput.ReactTextInputManager
03-22 01:03:48.452  8018  8447 W unknown:ViewManagerPropertyUpdater: Could not find generated setter for class com.facebook.react.views.textinput.ReactTextInputShadowNode
03-22 01:03:48.454  8018  8447 W unknown:ViewManagerPropertyUpdater: Could not find generated setter for class com.facebook.react.views.text.ReactTextViewManager
03-22 01:03:48.455  8018  8447 W unknown:ViewManagerPropertyUpdater: Could not find generated setter for class com.facebook.react.views.text.ReactTextShadowNode
03-22 01:03:48.456  8018  8447 W unknown:ViewManagerPropertyUpdater: Could not find generated setter for class com.facebook.react.views.view.ReactViewManager
03-22 01:03:48.459  8018  8447 W unknown:ViewManagerPropertyUpdater: Could not find generated setter for class com.facebook.react.views.text.ReactVirtualTextViewManager
03-22 01:03:48.460  8018  8447 W unknown:ViewManagerPropertyUpdater: Could not find generated setter for class com.facebook.react.views.text.ReactVirtualTextShadowNode
03-22 01:03:48.460  8018  8447 W unknown:ViewManagerPropertyUpdater: Could not find generated setter for class com.facebook.react.views.unimplementedview.ReactUnimplementedViewManager
03-22 01:03:48.462  8018  8447 W unknown:ReactContext: initializeMessageQueueThreads() is called.
03-22 01:03:48.463  8018  8018 I DetoxRNLoading: Got new RN-context async'ly through listener
03-22 01:03:48.463  8018  8291 I DetoxRNIdleRes: Setting up Espresso Idling Resources for React Native
03-22 01:03:48.467  8018  8291 D AsyncStorageIR: Checking whether a custom IR for Async-Storage is required... (legacy=false)
03-22 01:03:48.467  8018  8291 D DetoxRNHelpers: Native RN module resolution (class com.reactnativecommunity.asyncstorage.AsyncStorageModule): no such class
03-22 01:03:48.467  8018  8291 D AsyncStorageIR: Checking whether a custom IR for Async-Storage is required... (legacy=true)
03-22 01:03:48.468  8018  8291 D AsyncStorageIR: IR for Async-Storage is required! (legacy=true)
03-22 01:03:48.469  8018  8018 I Detox   : UIManagerModule is busy
03-22 01:03:48.470  8018  8018 D AsyncStorageIRLegacy: Async-storage is busy!
03-22 01:03:48.472  8018  8291 I DetoxWSClient: Sending out action 'ready' (ID #-1000)
03-22 01:03:48.473  8018  8291 I DetoxDispatcher: Done with action 'reactNativeReload'
03-22 01:03:48.487  8018  8296 D DetoxWSClient: Received action 'invoke' (ID #1, params={"target":{"type":"Class","value":"com.wix.detox.espresso.EspressoDetox"},"method":"perform","args":[{"type":"Invocation","value":{"target":{"type":"Class","value":"androidx.test.espresso.Espresso"},"method":"onView","args":[{"type":"Invocation","value":{"target":{"type":"Class","value":"com.wix.detox.espresso.DetoxMatcher"},"method":"matcherForTestId","args":["initializeRzp"]}}]}},{"type":"Invocation","value":{"target":{"type":"Class","value":"com.wix.detox.espresso.DetoxViewActions"},"method":"click","args":[]}}]})
03-22 01:03:48.490  8018  8291 I DetoxDispatcher: Handling action 'invoke' (ID #1)...
03-22 01:03:48.498  8018  8291 D Detox   : class com.wix.detox.espresso.DetoxMatcher, matcherForTestId, [initializeRzp]
03-22 01:03:48.517  8018  8291 D Detox   : class androidx.test.espresso.Espresso, onView, [(view.getTag() is "initializeRzp" and view has effective visibility <VISIBLE>)]
03-22 01:03:48.518  8018  8291 D Detox   : class com.wix.detox.espresso.DetoxViewActions, click, []
03-22 01:03:48.520  8018  8291 W com.detoxsampl: Accessing hidden method Landroid/view/ViewConfiguration;->getDoubleTapMinTime()I (greylist, reflection, allowed)
03-22 01:03:48.524  8018  8291 D Detox   : class com.wix.detox.espresso.EspressoDetox, perform, [androidx.test.espresso.ViewInteraction@534f456, com.wix.detox.espresso.action.RNClickAction@a826cd7]
03-22 01:03:48.807  8018  8446 I ReactNativeJS: Running "DetoxSample" with {"rootTag":11}
03-22 01:03:48.990  8018  8018 I Detox   : UIManagerModule is busy
03-22 01:03:49.030  8018  8380 E unknown:ReactContextBaseJavaModule: Unhandled SoftException
03-22 01:03:49.030  8018  8380 E unknown:ReactContextBaseJavaModule: java.lang.RuntimeException: Catalyst Instance has already disappeared: requested by WebSocketModule
03-22 01:03:49.030  8018  8380 E unknown:ReactContextBaseJavaModule: 	at com.facebook.react.bridge.ReactContextBaseJavaModule.getReactApplicationContextIfActiveOrWarn(ReactContextBaseJavaModule.java:66)
03-22 01:03:49.030  8018  8380 E unknown:ReactContextBaseJavaModule: 	at com.facebook.react.modules.websocket.WebSocketModule.sendEvent(WebSocketModule.java:62)
03-22 01:03:49.030  8018  8380 E unknown:ReactContextBaseJavaModule: 	at com.facebook.react.modules.websocket.WebSocketModule.access$100(WebSocketModule.java:40)
03-22 01:03:49.030  8018  8380 E unknown:ReactContextBaseJavaModule: 	at com.facebook.react.modules.websocket.WebSocketModule$1.onMessage(WebSocketModule.java:190)
03-22 01:03:49.030  8018  8380 E unknown:ReactContextBaseJavaModule: 	at okhttp3.internal.ws.RealWebSocket.onReadMessage(RealWebSocket.kt:333)
03-22 01:03:49.030  8018  8380 E unknown:ReactContextBaseJavaModule: 	at okhttp3.internal.ws.WebSocketReader.readMessageFrame(WebSocketReader.kt:245)
03-22 01:03:49.030  8018  8380 E unknown:ReactContextBaseJavaModule: 	at okhttp3.internal.ws.WebSocketReader.processNextFrame(WebSocketReader.kt:106)
03-22 01:03:49.030  8018  8380 E unknown:ReactContextBaseJavaModule: 	at okhttp3.internal.ws.RealWebSocket.loopReader(RealWebSocket.kt:293)
03-22 01:03:49.030  8018  8380 E unknown:ReactContextBaseJavaModule: 	at okhttp3.internal.ws.RealWebSocket$connect$1.onResponse(RealWebSocket.kt:195)
03-22 01:03:49.030  8018  8380 E unknown:ReactContextBaseJavaModule: 	at okhttp3.internal.connection.RealCall$AsyncCall.run(RealCall.kt:519)
03-22 01:03:49.030  8018  8380 E unknown:ReactContextBaseJavaModule: 	at java.util.concurrent.ThreadPoolExecutor.runWorker(ThreadPoolExecutor.java:1167)
03-22 01:03:49.030  8018  8380 E unknown:ReactContextBaseJavaModule: 	at java.util.concurrent.ThreadPoolExecutor$Worker.run(ThreadPoolExecutor.java:641)
03-22 01:03:49.030  8018  8380 E unknown:ReactContextBaseJavaModule: 	at java.lang.Thread.run(Thread.java:923)
03-22 01:03:49.030  8018  8018 I Detox   : JS Bridge is busy
03-22 01:03:49.033  8018  8380 E unknown:ReactContextBaseJavaModule: Unhandled SoftException
03-22 01:03:49.033  8018  8380 E unknown:ReactContextBaseJavaModule: java.lang.RuntimeException: Catalyst Instance has already disappeared: requested by WebSocketModule
03-22 01:03:49.033  8018  8380 E unknown:ReactContextBaseJavaModule: 	at com.facebook.react.bridge.ReactContextBaseJavaModule.getReactApplicationContextIfActiveOrWarn(ReactContextBaseJavaModule.java:66)
03-22 01:03:49.033  8018  8380 E unknown:ReactContextBaseJavaModule: 	at com.facebook.react.modules.websocket.WebSocketModule.sendEvent(WebSocketModule.java:62)
03-22 01:03:49.033  8018  8380 E unknown:ReactContextBaseJavaModule: 	at com.facebook.react.modules.websocket.WebSocketModule.access$100(WebSocketModule.java:40)
03-22 01:03:49.033  8018  8380 E unknown:ReactContextBaseJavaModule: 	at com.facebook.react.modules.websocket.WebSocketModule$1.onMessage(WebSocketModule.java:190)
03-22 01:03:49.033  8018  8380 E unknown:ReactContextBaseJavaModule: 	at okhttp3.internal.ws.RealWebSocket.onReadMessage(RealWebSocket.kt:333)
03-22 01:03:49.033  8018  8380 E unknown:ReactContextBaseJavaModule: 	at okhttp3.internal.ws.WebSocketReader.readMessageFrame(WebSocketReader.kt:245)
03-22 01:03:49.033  8018  8380 E unknown:ReactContextBaseJavaModule: 	at okhttp3.internal.ws.WebSocketReader.processNextFrame(WebSocketReader.kt:106)
03-22 01:03:49.033  8018  8380 E unknown:ReactContextBaseJavaModule: 	at okhttp3.internal.ws.RealWebSocket.loopReader(RealWebSocket.kt:293)
03-22 01:03:49.033  8018  8380 E unknown:ReactContextBaseJavaModule: 	at okhttp3.internal.ws.RealWebSocket$connect$1.onResponse(RealWebSocket.kt:195)
03-22 01:03:49.033  8018  8380 E unknown:ReactContextBaseJavaModule: 	at okhttp3.internal.connection.RealCall$AsyncCall.run(RealCall.kt:519)
03-22 01:03:49.033  8018  8380 E unknown:ReactContextBaseJavaModule: 	at java.util.concurrent.ThreadPoolExecutor.runWorker(ThreadPoolExecutor.java:1167)
03-22 01:03:49.033  8018  8380 E unknown:ReactContextBaseJavaModule: 	at java.util.concurrent.ThreadPoolExecutor$Worker.run(ThreadPoolExecutor.java:641)
03-22 01:03:49.033  8018  8380 E unknown:ReactContextBaseJavaModule: 	at java.lang.Thread.run(Thread.java:923)
03-22 01:03:49.034  8018  8380 E unknown:ReactContextBaseJavaModule: Unhandled SoftException
03-22 01:03:49.034  8018  8380 E unknown:ReactContextBaseJavaModule: java.lang.RuntimeException: Catalyst Instance has already disappeared: requested by WebSocketModule
03-22 01:03:49.034  8018  8380 E unknown:ReactContextBaseJavaModule: 	at com.facebook.react.bridge.ReactContextBaseJavaModule.getReactApplicationContextIfActiveOrWarn(ReactContextBaseJavaModule.java:66)
03-22 01:03:49.034  8018  8380 E unknown:ReactContextBaseJavaModule: 	at com.facebook.react.modules.websocket.WebSocketModule.sendEvent(WebSocketModule.java:62)
03-22 01:03:49.034  8018  8380 E unknown:ReactContextBaseJavaModule: 	at com.facebook.react.modules.websocket.WebSocketModule.access$100(WebSocketModule.java:40)
03-22 01:03:49.034  8018  8380 E unknown:ReactContextBaseJavaModule: 	at com.facebook.react.modules.websocket.WebSocketModule$1.onMessage(WebSocketModule.java:190)
03-22 01:03:49.034  8018  8380 E unknown:ReactContextBaseJavaModule: 	at okhttp3.internal.ws.RealWebSocket.onReadMessage(RealWebSocket.kt:333)
03-22 01:03:49.034  8018  8380 E unknown:ReactContextBaseJavaModule: 	at okhttp3.internal.ws.WebSocketReader.readMessageFrame(WebSocketReader.kt:245)
03-22 01:03:49.034  8018  8380 E unknown:ReactContextBaseJavaModule: 	at okhttp3.internal.ws.WebSocketReader.processNextFrame(WebSocketReader.kt:106)
03-22 01:03:49.034  8018  8380 E unknown:ReactContextBaseJavaModule: 	at okhttp3.internal.ws.RealWebSocket.loopReader(RealWebSocket.kt:293)
03-22 01:03:49.034  8018  8380 E unknown:ReactContextBaseJavaModule: 	at okhttp3.internal.ws.RealWebSocket$connect$1.onResponse(RealWebSocket.kt:195)
03-22 01:03:49.034  8018  8380 E unknown:ReactContextBaseJavaModule: 	at okhttp3.internal.connection.RealCall$AsyncCall.run(RealCall.kt:519)
03-22 01:03:49.034  8018  8380 E unknown:ReactContextBaseJavaModule: 	at java.util.concurrent.ThreadPoolExecutor.runWorker(ThreadPoolExecutor.java:1167)
03-22 01:03:49.034  8018  8380 E unknown:ReactContextBaseJavaModule: 	at java.util.concurrent.ThreadPoolExecutor$Worker.run(ThreadPoolExecutor.java:641)
03-22 01:03:49.034  8018  8380 E unknown:ReactContextBaseJavaModule: 	at java.lang.Thread.run(Thread.java:923)
03-22 01:03:49.037  8018  8018 W com.detoxsampl: Accessing hidden method Landroid/view/WindowManagerGlobal;->getInstance()Landroid/view/WindowManagerGlobal; (greylist, reflection, allowed)
03-22 01:03:49.037  8018  8018 W com.detoxsampl: Accessing hidden field Landroid/view/WindowManagerGlobal;->mViews:Ljava/util/ArrayList; (greylist, reflection, allowed)
03-22 01:03:49.037  8018  8018 W com.detoxsampl: Accessing hidden field Landroid/view/WindowManagerGlobal;->mParams:Ljava/util/ArrayList; (greylist, reflection, allowed)
03-22 01:03:49.040  8018  8018 I ViewInteraction: Performing 'com.wix.detox.espresso.action.detoxsingletap@a68c225 click' action on view (view.getTag() is "initializeRzp" and view has effective visibility <VISIBLE>)
--------- beginning of system
03-22 01:03:49.047  8018  8018 I ViewRootImpl: ViewRoot's Touch Event : ACTION_DOWN
03-22 01:03:49.073  8018  8018 I ViewRootImpl: ViewRoot's Touch Event : ACTION_UP
03-22 01:03:49.170  8018  8018 I TetheringManager: registerTetheringEventCallback:com.detoxsample
03-22 01:03:50.464  8018  8291 I DetoxWSClient: Sending out action 'invokeResult' (ID #1)
03-22 01:03:50.465  8018  8291 I DetoxDispatcher: Done with action 'invoke'
03-22 01:03:50.475  8018  8296 D DetoxWSClient: Received action 'invoke' (ID #2, params={"target":{"type":"Class","value":"com.wix.detox.espresso.DetoxAssertion"},"method":"assertMatcher","args":[{"type":"Invocation","value":{"target":{"type":"Class","value":"androidx.test.espresso.Espresso"},"method":"onView","args":[{"type":"Invocation","value":{"target":{"type":"Class","value":"com.wix.detox.espresso.DetoxMatcher"},"method":"matcherForText","args":["Status changes"]}}]}},{"type":"Invocation","value":{"target":{"type":"Class","value":"com.wix.detox.espresso.DetoxMatcher"},"method":"matcherForSufficientlyVisible","args":[{"type":"Integer","value":75}]}}]})
03-22 01:03:50.476  8018  8291 I DetoxDispatcher: Handling action 'invoke' (ID #2)...
03-22 01:03:50.477  8018  8291 D Detox   : class com.wix.detox.espresso.DetoxMatcher, matcherForText, [Status changes]
03-22 01:03:50.479  8018  8291 D Detox   : class androidx.test.espresso.Espresso, onView, [(an instance of android.widget.TextView and view.getText() with or without transformation to match: is "Status changes" and view has effective visibility <VISIBLE>)]
03-22 01:03:50.480  8018  8291 D Detox   : class com.wix.detox.espresso.DetoxMatcher, matcherForSufficientlyVisible, [75]
03-22 01:03:50.481  8018  8291 D Detox   : class com.wix.detox.espresso.DetoxAssertion, assertMatcher, [androidx.test.espresso.ViewInteraction@43ba6c3, (view has effective visibility <VISIBLE> and view.getGlobalVisibleRect() covers at least <75> percent of the view's area)]
03-22 01:03:50.493  8018  8018 I ViewInteraction: Checking 'MatchesViewAssertion(Detox){viewMatcher=(view has effective visibility <VISIBLE> and view.getGlobalVisibleRect() covers at least <75> percent of the view's area)}' assertion on view (an instance of android.widget.TextView and view.getText() with or without transformation to match: is "Status changes" and view has effective visibility <VISIBLE>)
03-22 01:03:50.495  8018  8291 I DetoxWSClient: Sending out action 'invokeResult' (ID #2)
03-22 01:03:50.496  8018  8291 I DetoxDispatcher: Done with action 'invoke'
03-22 01:03:50.506  8018  8296 D DetoxWSClient: Received action 'invoke' (ID #3, params={"target":{"type":"Class","value":"com.wix.detox.espresso.DetoxAssertion"},"method":"waitForAssertMatcher","args":[{"type":"Invocation","value":{"target":{"type":"Class","value":"androidx.test.espresso.Espresso"},"method":"onView","args":[{"type":"Invocation","value":{"target":{"type":"Class","value":"com.wix.detox.espresso.DetoxMatcher"},"method":"matcherForTestId","args":["status"]}}]}},{"type":"Invocation","value":{"target":{"type":"Class","value":"com.wix.detox.espresso.DetoxMatcher"},"method":"matcherForSufficientlyVisible","args":[{"type":"Integer","value":75}]}},{"type":"Double","value":1}]})
03-22 01:03:50.507  8018  8291 I DetoxDispatcher: Handling action 'invoke' (ID #3)...
03-22 01:03:50.508  8018  8291 D Detox   : class com.wix.detox.espresso.DetoxMatcher, matcherForTestId, [status]
03-22 01:03:50.509  8018  8291 D Detox   : class androidx.test.espresso.Espresso, onView, [(view.getTag() is "status" and view has effective visibility <VISIBLE>)]
03-22 01:03:50.509  8018  8291 D Detox   : class com.wix.detox.espresso.DetoxMatcher, matcherForSufficientlyVisible, [75]
03-22 01:03:50.510  8018  8291 D Detox   : class com.wix.detox.espresso.DetoxAssertion, waitForAssertMatcher, [androidx.test.espresso.ViewInteraction@8079b40, (view has effective visibility <VISIBLE> and view.getGlobalVisibleRect() covers at least <75> percent of the view's area), 1.0]
03-22 01:03:50.540  8018  8018 I ViewInteraction: Checking 'MatchesViewAssertion(Detox){viewMatcher=(view has effective visibility <VISIBLE> and view.getGlobalVisibleRect() covers at least <75> percent of the view's area)}' assertion on view (view.getTag() is "status" and view has effective visibility <VISIBLE>)
03-22 01:03:50.590  8018  8018 I ViewInteraction: Checking 'MatchesViewAssertion(Detox){viewMatcher=(view has effective visibility <VISIBLE> and view.getGlobalVisibleRect() covers at least <75> percent of the view's area)}' assertion on view (view.getTag() is "status" and view has effective visibility <VISIBLE>)
03-22 01:03:50.983  8018  8018 I chatty  : uid=10488(com.detoxsample) identical 3 lines
03-22 01:03:51.025  8018  8018 I ViewInteraction: Checking 'MatchesViewAssertion(Detox){viewMatcher=(view has effective visibility <VISIBLE> and view.getGlobalVisibleRect() covers at least <75> percent of the view's area)}' assertion on view (view.getTag() is "status" and view has effective visibility <VISIBLE>)
03-22 01:03:51.072  8018  8018 I ViewInteraction: Checking 'MatchesViewAssertion(Detox){viewMatcher=(view has effective visibility <VISIBLE> and view.getGlobalVisibleRect() covers at least <75> percent of the view's area)}' assertion on view (view.getTag() is "status" and view has effective visibility <VISIBLE>)
03-22 01:03:51.114  8018  8018 I ViewInteraction: Checking 'MatchesViewAssertion(Detox){viewMatcher=(view has effective visibility <VISIBLE> and view.getGlobalVisibleRect() covers at least <75> percent of the view's area)}' assertion on view (view.getTag() is "status" and view has effective visibility <VISIBLE>)
03-22 01:03:51.161  8018  8018 I chatty  : uid=10488(com.detoxsample) identical 1 line
03-22 01:03:51.207  8018  8018 I ViewInteraction: Checking 'MatchesViewAssertion(Detox){viewMatcher=(view has effective visibility <VISIBLE> and view.getGlobalVisibleRect() covers at least <75> percent of the view's area)}' assertion on view (view.getTag() is "status" and view has effective visibility <VISIBLE>)
03-22 01:03:51.253  8018  8018 I ViewInteraction: Checking 'MatchesViewAssertion(Detox){viewMatcher=(view has effective visibility <VISIBLE> and view.getGlobalVisibleRect() covers at least <75> percent of the view's area)}' assertion on view (view.getTag() is "status" and view has effective visibility <VISIBLE>)
03-22 01:03:51.296  8018  8018 I ViewInteraction: Checking 'MatchesViewAssertion(Detox){viewMatcher=(view has effective visibility <VISIBLE> and view.getGlobalVisibleRect() covers at least <75> percent of the view's area)}' assertion on view (view.getTag() is "status" and view has effective visibility <VISIBLE>)
03-22 01:03:51.342  8018  8018 I ViewInteraction: Checking 'MatchesViewAssertion(Detox){viewMatcher=(view has effective visibility <VISIBLE> and view.getGlobalVisibleRect() covers at least <75> percent of the view's area)}' assertion on view (view.getTag() is "status" and view has effective visibility <VISIBLE>)
03-22 01:03:51.379  8018  8018 I ViewInteraction: Checking 'MatchesViewAssertion(Detox){viewMatcher=(view has effective visibility <VISIBLE> and view.getGlobalVisibleRect() covers at least <75> percent of the view's area)}' assertion on view (view.getTag() is "status" and view has effective visibility <VISIBLE>)
03-22 01:03:51.411  8018  8018 I ViewInteraction: Checking 'MatchesViewAssertion(Detox){viewMatcher=(view has effective visibility <VISIBLE> and view.getGlobalVisibleRect() covers at least <75> percent of the view's area)}' assertion on view (view.getTag() is "status" and view has effective visibility <VISIBLE>)
03-22 01:03:51.453  8018  8018 I ViewInteraction: Checking 'MatchesViewAssertion(Detox){viewMatcher=(view has effective visibility <VISIBLE> and view.getGlobalVisibleRect() covers at least <75> percent of the view's area)}' assertion on view (view.getTag() is "status" and view has effective visibility <VISIBLE>)
03-22 01:03:51.500  8018  8018 I ViewInteraction: Checking 'MatchesViewAssertion(Detox){viewMatcher=(view has effective visibility <VISIBLE> and view.getGlobalVisibleRect() covers at least <75> percent of the view's area)}' assertion on view (view.getTag() is "status" and view has effective visibility <VISIBLE>)
03-22 01:03:51.535  8018  8291 I DetoxActionHandlers: Test exception
03-22 01:03:51.535  8018  8291 I DetoxActionHandlers: java.lang.reflect.InvocationTargetException
03-22 01:03:51.535  8018  8291 I DetoxActionHandlers: 	at java.lang.reflect.Method.invoke(Native Method)
03-22 01:03:51.535  8018  8291 I DetoxActionHandlers: 	at org.apache.commons.lang3.reflect.MethodUtils.invokeStaticMethod(MethodUtils.java:443)
03-22 01:03:51.535  8018  8291 I DetoxActionHandlers: 	at org.apache.commons.lang3.reflect.MethodUtils.invokeStaticMethod(MethodUtils.java:405)
03-22 01:03:51.535  8018  8291 I DetoxActionHandlers: 	at com.wix.invoke.types.ClassTarget.execute(ClassTarget.java:23)
03-22 01:03:51.535  8018  8291 I DetoxActionHandlers: 	at com.wix.invoke.types.Target.invoke(Target.java:59)
03-22 01:03:51.535  8018  8291 I DetoxActionHandlers: 	at com.wix.invoke.MethodInvocation.invoke(MethodInvocation.java:35)
03-22 01:03:51.535  8018  8291 I DetoxActionHandlers: 	at com.wix.invoke.MethodInvocation.invoke(MethodInvocation.java:26)
03-22 01:03:51.535  8018  8291 I DetoxActionHandlers: 	at com.wix.invoke.MethodInvocation.invoke(MethodInvocation.java:20)
03-22 01:03:51.535  8018  8291 I DetoxActionHandlers: 	at com.wix.detox.adapters.server.InvokeActionHandler.handle(DetoxActionHandlers.kt:54)
03-22 01:03:51.535  8018  8291 I DetoxActionHandlers: 	at com.wix.detox.adapters.server.ActionsExecutor$executeAction$$inlined$let$lambda$1.run(DetoxActionsDispatcher.kt:64)
03-22 01:03:51.535  8018  8291 I DetoxActionHandlers: 	at android.os.Handler.handleCallback(Handler.java:938)
03-22 01:03:51.535  8018  8291 I DetoxActionHandlers: 	at android.os.Handler.dispatchMessage(Handler.java:99)
03-22 01:03:51.535  8018  8291 I DetoxActionHandlers: 	at android.os.Looper.loop(Looper.java:223)
03-22 01:03:51.535  8018  8291 I DetoxActionHandlers: 	at com.wix.detox.adapters.server.ActionsExecutor$1.run(DetoxActionsDispatcher.kt:50)
03-22 01:03:51.535  8018  8291 I DetoxActionHandlers: 	at java.lang.Thread.run(Thread.java:923)
03-22 01:03:51.535  8018  8291 I DetoxActionHandlers: Caused by: com.wix.detox.common.DetoxErrors$DetoxRuntimeException: 1.0sec timeout expired without matching of given matcher: (view has effective visibility <VISIBLE> and view.getGlobalVisibleRect() covers at least <75> percent of the view's area)
03-22 01:03:51.535  8018  8291 I DetoxActionHandlers: 	at com.wix.detox.espresso.DetoxAssertion.waitForAssertMatcher(DetoxAssertion.java:58)
03-22 01:03:51.535  8018  8291 I DetoxActionHandlers: 	... 15 more
03-22 01:03:51.536  8018  8291 I DetoxWSClient: Sending out action 'testFailed' (ID #3)
03-22 01:03:51.539  8018  8291 I DetoxDispatcher: Done with action 'invoke'
