--------- beginning of main
03-22 00:05:29.379 10991 10991 I com.detoxsampl: Late-enabling -Xcheck:jni
03-22 00:05:29.402 10991 10991 I com.detoxsampl: Unquickening 19 vdex files!
--------- beginning of system
03-22 00:05:29.476 10991 10991 W ActivityThread: Package uses different ABI(s) than its instrumentation: package[com.detoxsample]: arm64-v8a, null instrumentation[com.detoxsample.test]: null, null
03-22 00:05:29.480 10991 10991 I Typeface: Current DefaultTypeface ( lgtravel )
03-22 00:05:29.484 10991 10991 I com.detoxsampl: The ClassLoaderContext is a special shared library.
03-22 00:05:29.495 10991 10991 I chatty  : uid=10454(com.detoxsample) identical 2 lines
03-22 00:05:29.499 10991 10991 I com.detoxsampl: The ClassLoaderContext is a special shared library.
03-22 00:05:29.692 10991 10991 D ApplicationLoaders: Returning zygote-cached class loader: /system/framework/android.test.base.jar
03-22 00:05:29.692 10991 10991 D ApplicationLoaders: Returning zygote-cached class loader: /system/framework/android.test.base.jar
03-22 00:05:29.693 10991 10991 I com.detoxsampl: The ClassLoaderContext is a special shared library.
03-22 00:05:29.696 10991 10991 D ApplicationLoaders: Returning zygote-cached class loader: /system/framework/android.test.base.jar
03-22 00:05:29.696 10991 10991 D ApplicationLoaders: Returning zygote-cached class loader: /system/framework/android.test.base.jar
03-22 00:05:29.697 10991 10991 I com.detoxsampl: The ClassLoaderContext is a special shared library.
03-22 00:05:29.701 10991 10991 I chatty  : uid=10454(com.detoxsample) identical 2 lines
03-22 00:05:29.702 10991 10991 I com.detoxsampl: The ClassLoaderContext is a special shared library.
03-22 00:05:29.860 10991 10991 W com.detoxsampl: Accessing hidden method Landroid/app/Instrumentation;->execStartActivity(Landroid/content/Context;Landroid/os/IBinder;Landroid/os/IBinder;Landroid/app/Activity;Landroid/content/Intent;ILandroid/os/Bundle;)Landroid/app/Instrumentation$ActivityResult; (greylist, linking, allowed)
03-22 00:05:29.861 10991 10991 W com.detoxsampl: Accessing hidden method Landroid/app/Instrumentation;->execStartActivity(Landroid/content/Context;Landroid/os/IBinder;Landroid/os/IBinder;Ljava/lang/String;Landroid/content/Intent;ILandroid/os/Bundle;)Landroid/app/Instrumentation$ActivityResult; (greylist, linking, allowed)
03-22 00:05:29.868 10991 10991 D NetworkSecurityConfig: Using Network Security Config from resource network_security_config debugBuild: true
03-22 00:05:29.873 10991 10991 D NetworkSecurityConfig: Using Network Security Config from resource network_security_config debugBuild: true
03-22 00:05:29.875 10991 10991 I MonitoringInstr: Instrumentation started!
03-22 00:05:29.887 10991 10991 V TestEventClient: No service name argument was given (testDiscoveryService, testRunEventService or orchestratorService)
03-22 00:05:29.892 10991 10991 D SoLoader: init start
03-22 00:05:29.893 10991 10991 D SoLoader: adding system library source: /vendor/lib64
03-22 00:05:29.893 10991 10991 D SoLoader: adding system library source: /system/lib64
03-22 00:05:29.893 10991 10991 D SoLoader: adding application source: com.facebook.soloader.DirectorySoSource[root = /data/app/~~gscwy4EC1R2byrzlmG2xiQ==/com.detoxsample-mMWrl9yKcbZVN2n8RDFvBA==/lib/arm64 flags = 0]
03-22 00:05:29.895 10991 10991 D SoLoader: adding backup source from : com.facebook.soloader.ApkSoSource[root = /data/data/com.detoxsample/lib-main flags = 1]
03-22 00:05:29.896 10991 10991 D SoLoader: Preparing SO source: com.facebook.soloader.DirectorySoSource[root = /system/lib64 flags = 2]
03-22 00:05:29.896 10991 10991 D SoLoader: Preparing SO source: com.facebook.soloader.DirectorySoSource[root = /vendor/lib64 flags = 2]
03-22 00:05:29.896 10991 10991 D SoLoader: Preparing SO source: com.facebook.soloader.DirectorySoSource[root = /data/app/~~gscwy4EC1R2byrzlmG2xiQ==/com.detoxsample-mMWrl9yKcbZVN2n8RDFvBA==/lib/arm64 flags = 0]
03-22 00:05:29.896 10991 10991 D SoLoader: Preparing SO source: com.facebook.soloader.ApkSoSource[root = /data/data/com.detoxsample/lib-main flags = 1]
03-22 00:05:29.897 10991 10991 V fb-UnpackingSoSource: locked dso store /data/user/0/com.detoxsample/lib-main
03-22 00:05:29.900 10991 10991 V fb-UnpackingSoSource: deps mismatch on deps store: regenerating
03-22 00:05:29.900 10991 10991 V fb-UnpackingSoSource: so store dirty: regenerating
03-22 00:05:29.958 10991 10991 D ApkSoSource: not allowing consideration of lib/arm64-v8a/libbetter.so: deferring to libdir
03-22 00:05:29.958 10991 10991 D ApkSoSource: not allowing consideration of lib/arm64-v8a/libc++_shared.so: deferring to libdir
03-22 00:05:29.958 10991 10991 D ApkSoSource: not allowing consideration of lib/arm64-v8a/libevent-2.1.so: deferring to libdir
03-22 00:05:29.958 10991 10991 D ApkSoSource: not allowing consideration of lib/arm64-v8a/libevent_core-2.1.so: deferring to libdir
03-22 00:05:29.958 10991 10991 D ApkSoSource: not allowing consideration of lib/arm64-v8a/libevent_extra-2.1.so: deferring to libdir
03-22 00:05:29.958 10991 10991 D ApkSoSource: not allowing consideration of lib/arm64-v8a/libfabricjni.so: deferring to libdir
03-22 00:05:29.958 10991 10991 D ApkSoSource: not allowing consideration of lib/arm64-v8a/libfb.so: deferring to libdir
03-22 00:05:29.958 10991 10991 D ApkSoSource: not allowing consideration of lib/arm64-v8a/libfbjni.so: deferring to libdir
03-22 00:05:29.958 10991 10991 D ApkSoSource: not allowing consideration of lib/arm64-v8a/libflipper.so: deferring to libdir
03-22 00:05:29.958 10991 10991 D ApkSoSource: not allowing consideration of lib/arm64-v8a/libfolly_futures.so: deferring to libdir
03-22 00:05:29.958 10991 10991 D ApkSoSource: not allowing consideration of lib/arm64-v8a/libfolly_json.so: deferring to libdir
03-22 00:05:29.959 10991 10991 D ApkSoSource: not allowing consideration of lib/arm64-v8a/libglog.so: deferring to libdir
03-22 00:05:29.959 10991 10991 D ApkSoSource: not allowing consideration of lib/arm64-v8a/libglog_init.so: deferring to libdir
03-22 00:05:29.959 10991 10991 D ApkSoSource: not allowing consideration of lib/arm64-v8a/libimagepipeline.so: deferring to libdir
03-22 00:05:29.959 10991 10991 D ApkSoSource: not allowing consideration of lib/arm64-v8a/libjsc.so: deferring to libdir
03-22 00:05:29.959 10991 10991 D ApkSoSource: not allowing consideration of lib/arm64-v8a/libjscexecutor.so: deferring to libdir
03-22 00:05:29.959 10991 10991 D ApkSoSource: not allowing consideration of lib/arm64-v8a/libjsi.so: deferring to libdir
03-22 00:05:29.959 10991 10991 D ApkSoSource: not allowing consideration of lib/arm64-v8a/libjsijniprofiler.so: deferring to libdir
03-22 00:05:29.959 10991 10991 D ApkSoSource: not allowing consideration of lib/arm64-v8a/libjsinspector.so: deferring to libdir
03-22 00:05:29.959 10991 10991 D ApkSoSource: not allowing consideration of lib/arm64-v8a/liblogger.so: deferring to libdir
03-22 00:05:29.959 10991 10991 D ApkSoSource: not allowing consideration of lib/arm64-v8a/libmapbufferjni.so: deferring to libdir
03-22 00:05:29.959 10991 10991 D ApkSoSource: not allowing consideration of lib/arm64-v8a/libnative-filters.so: deferring to libdir
03-22 00:05:29.959 10991 10991 D ApkSoSource: not allowing consideration of lib/arm64-v8a/libnative-imagetranscoder.so: deferring to libdir
03-22 00:05:29.959 10991 10991 D ApkSoSource: not allowing consideration of lib/arm64-v8a/libreact_codegen_rncore.so: deferring to libdir
03-22 00:05:29.959 10991 10991 D ApkSoSource: not allowing consideration of lib/arm64-v8a/libreact_debug.so: deferring to libdir
03-22 00:05:29.959 10991 10991 D ApkSoSource: not allowing consideration of lib/arm64-v8a/libreact_nativemodule_core.so: deferring to libdir
03-22 00:05:29.959 10991 10991 D ApkSoSource: not allowing consideration of lib/arm64-v8a/libreact_render_animations.so: deferring to libdir
03-22 00:05:29.959 10991 10991 D ApkSoSource: not allowing consideration of lib/arm64-v8a/libreact_render_attributedstring.so: deferring to libdir
03-22 00:05:29.960 10991 10991 D ApkSoSource: not allowing consideration of lib/arm64-v8a/libreact_render_componentregistry.so: deferring to libdir
03-22 00:05:29.960 10991 10991 D ApkSoSource: not allowing consideration of lib/arm64-v8a/libreact_render_core.so: deferring to libdir
03-22 00:05:29.960 10991 10991 D ApkSoSource: not allowing consideration of lib/arm64-v8a/libreact_render_debug.so: deferring to libdir
03-22 00:05:29.960 10991 10991 D ApkSoSource: not allowing consideration of lib/arm64-v8a/libreact_render_graphics.so: deferring to libdir
03-22 00:05:29.960 10991 10991 D ApkSoSource: not allowing consideration of lib/arm64-v8a/libreact_render_imagemanager.so: deferring to libdir
03-22 00:05:29.960 10991 10991 D ApkSoSource: not allowing consideration of lib/arm64-v8a/libreact_render_leakchecker.so: deferring to libdir
03-22 00:05:29.960 10991 10991 D ApkSoSource: not allowing consideration of lib/arm64-v8a/libreact_render_mapbuffer.so: deferring to libdir
03-22 00:05:29.960 10991 10991 D ApkSoSource: not allowing consideration of lib/arm64-v8a/libreact_render_mounting.so: deferring to libdir
03-22 00:05:29.960 10991 10991 D ApkSoSource: not allowing consideration of lib/arm64-v8a/libreact_render_runtimescheduler.so: deferring to libdir
03-22 00:05:29.960 10991 10991 D ApkSoSource: not allowing consideration of lib/arm64-v8a/libreact_render_scheduler.so: deferring to libdir
03-22 00:05:29.960 10991 10991 D ApkSoSource: not allowing consideration of lib/arm64-v8a/libreact_render_telemetry.so: deferring to libdir
03-22 00:05:29.960 10991 10991 D ApkSoSource: not allowing consideration of lib/arm64-v8a/libreact_render_templateprocessor.so: deferring to libdir
03-22 00:05:29.960 10991 10991 D ApkSoSource: not allowing consideration of lib/arm64-v8a/libreact_render_textlayoutmanager.so: deferring to libdir
03-22 00:05:29.960 10991 10991 D ApkSoSource: not allowing consideration of lib/arm64-v8a/libreact_render_uimanager.so: deferring to libdir
03-22 00:05:29.960 10991 10991 D ApkSoSource: not allowing consideration of lib/arm64-v8a/libreact_utils.so: deferring to libdir
03-22 00:05:29.960 10991 10991 D ApkSoSource: not allowing consideration of lib/arm64-v8a/libreactconfig.so: deferring to libdir
03-22 00:05:29.960 10991 10991 D ApkSoSource: not allowing consideration of lib/arm64-v8a/libreactnativeblob.so: deferring to libdir
03-22 00:05:29.960 10991 10991 D ApkSoSource: not allowing consideration of lib/arm64-v8a/libreactnativejni.so: deferring to libdir
03-22 00:05:29.961 10991 10991 D ApkSoSource: not allowing consideration of lib/arm64-v8a/libreactnativeutilsjni.so: deferring to libdir
03-22 00:05:29.961 10991 10991 D ApkSoSource: not allowing consideration of lib/arm64-v8a/libreactperfloggerjni.so: deferring to libdir
03-22 00:05:29.961 10991 10991 D ApkSoSource: not allowing consideration of lib/arm64-v8a/librrc_image.so: deferring to libdir
03-22 00:05:29.961 10991 10991 D ApkSoSource: not allowing consideration of lib/arm64-v8a/librrc_modal.so: deferring to libdir
03-22 00:05:29.961 10991 10991 D ApkSoSource: not allowing consideration of lib/arm64-v8a/librrc_progressbar.so: deferring to libdir
03-22 00:05:29.961 10991 10991 D ApkSoSource: not allowing consideration of lib/arm64-v8a/librrc_root.so: deferring to libdir
03-22 00:05:29.961 10991 10991 D ApkSoSource: not allowing consideration of lib/arm64-v8a/librrc_scrollview.so: deferring to libdir
03-22 00:05:29.961 10991 10991 D ApkSoSource: not allowing consideration of lib/arm64-v8a/librrc_slider.so: deferring to libdir
03-22 00:05:29.961 10991 10991 D ApkSoSource: not allowing consideration of lib/arm64-v8a/librrc_switch.so: deferring to libdir
03-22 00:05:29.961 10991 10991 D ApkSoSource: not allowing consideration of lib/arm64-v8a/librrc_text.so: deferring to libdir
03-22 00:05:29.961 10991 10991 D ApkSoSource: not allowing consideration of lib/arm64-v8a/librrc_textinput.so: deferring to libdir
03-22 00:05:29.961 10991 10991 D ApkSoSource: not allowing consideration of lib/arm64-v8a/librrc_unimplementedview.so: deferring to libdir
03-22 00:05:29.961 10991 10991 D ApkSoSource: not allowing consideration of lib/arm64-v8a/librrc_view.so: deferring to libdir
03-22 00:05:29.961 10991 10991 D ApkSoSource: not allowing consideration of lib/arm64-v8a/libturbomodulejsijni.so: deferring to libdir
03-22 00:05:29.962 10991 10991 D ApkSoSource: not allowing consideration of lib/arm64-v8a/libyoga.so: deferring to libdir
03-22 00:05:29.962 10991 10991 V fb-UnpackingSoSource: regenerating DSO store com.facebook.soloader.ApkSoSource
03-22 00:05:29.962 10991 10991 V fb-UnpackingSoSource: Finished regenerating DSO store com.facebook.soloader.ApkSoSource
03-22 00:05:29.963 10991 10991 V fb-UnpackingSoSource: starting syncer worker
03-22 00:05:29.969 10991 10991 V fb-UnpackingSoSource: releasing dso store lock for /data/user/0/com.detoxsample/lib-main (from syncer thread)
03-22 00:05:29.969 10991 10991 V fb-UnpackingSoSource: not releasing dso store lock for /data/user/0/com.detoxsample/lib-main (syncer thread started)
03-22 00:05:29.969 10991 10991 D SoLoader: init finish: 4 SO sources prepared
03-22 00:05:29.969 10991 10991 D SoLoader: init exiting
03-22 00:05:29.982 10991 10991 D SoLoader: init exiting
03-22 00:05:29.982 10991 10991 D SoLoader: About to load: libjscexecutor.so
03-22 00:05:29.983 10991 10991 D SoLoader: libjscexecutor.so not found on /data/data/com.detoxsample/lib-main
03-22 00:05:29.983 10991 10991 D SoLoader: libjscexecutor.so found on /data/app/~~gscwy4EC1R2byrzlmG2xiQ==/com.detoxsample-mMWrl9yKcbZVN2n8RDFvBA==/lib/arm64
03-22 00:05:29.983 10991 10991 D SoLoader: Not resolving dependencies for libjscexecutor.so
03-22 00:05:30.006 10991 10991 D JavaScriptCore.Version: 250230.2.1
03-22 00:05:30.007 10991 10991 D SoLoader: Loaded: libjscexecutor.so
03-22 00:05:30.008 10991 10991 D SoLoader: init exiting
03-22 00:05:30.120 10991 10991 I SensorManager: registerListenerImpl() [Sensor: LGE Accelerometer Non-wakeup, Rate: 66667, SensorEventListener: com.facebook.react.common.ShakeDetector@717fc72] by com.facebook.react.common.ShakeDetector.start():60
03-22 00:05:30.143 10991 11048 D SoLoader: About to load: libfbjni.so
03-22 00:05:30.151 10991 11048 D SoLoader: libfbjni.so not found on /data/data/com.detoxsample/lib-main
03-22 00:05:30.151 10991 11048 D SoLoader: libfbjni.so found on /data/app/~~gscwy4EC1R2byrzlmG2xiQ==/com.detoxsample-mMWrl9yKcbZVN2n8RDFvBA==/lib/arm64
03-22 00:05:30.151 10991 11048 D SoLoader: Not resolving dependencies for libfbjni.so
03-22 00:05:30.159 10991 11048 D SoLoader: Loaded: libfbjni.so
03-22 00:05:30.159 10991 11048 D SoLoader: About to load: libflipper.so
03-22 00:05:30.160 10991 11048 D SoLoader: libflipper.so not found on /data/data/com.detoxsample/lib-main
03-22 00:05:30.160 10991 11048 D SoLoader: libflipper.so found on /data/app/~~gscwy4EC1R2byrzlmG2xiQ==/com.detoxsample-mMWrl9yKcbZVN2n8RDFvBA==/lib/arm64
03-22 00:05:30.160 10991 11048 D SoLoader: Not resolving dependencies for libflipper.so
03-22 00:05:30.220 10991 11048 D SoLoader: Loaded: libflipper.so
03-22 00:05:30.259 10991 10991 W com.detoxsampl: Accessing hidden field Landroid/view/View;->mKeyedTags:Landroid/util/SparseArray; (greylist, reflection, allowed)
03-22 00:05:30.259 10991 10991 W com.detoxsampl: Accessing hidden field Landroid/view/View;->mListenerInfo:Landroid/view/View$ListenerInfo; (greylist, reflection, allowed)
03-22 00:05:30.260 10991 10991 W com.detoxsampl: Accessing hidden field Landroid/view/View$ListenerInfo;->mOnClickListener:Landroid/view/View$OnClickListener; (greylist, reflection, allowed)
03-22 00:05:30.265 10991 10991 I flipper : flipper: FlipperClient::addPlugin Inspector
03-22 00:05:30.265 10991 10991 I flipper : flipper: FlipperClient::addPlugin React
03-22 00:05:30.267 10991 10991 I flipper : flipper: FlipperClient::addPlugin Databases
03-22 00:05:30.269 10991 10991 I flipper : flipper: FlipperClient::addPlugin Preferences
03-22 00:05:30.269 10991 10991 I flipper : flipper: FlipperClient::addPlugin CrashReporter
03-22 00:05:30.272 10991 10991 I flipper : flipper: FlipperClient::addPlugin Network
03-22 00:05:30.319 10991 11018 I UsageTrackerFacilitator: Usage tracking enabled
03-22 00:05:30.321 10991 11018 I TestRequestBuilder: Scanning classpath to find tests in paths [/data/app/~~ZOPqGkODf7VI00tLX3oYbA==/com.detoxsample.test-tPZViPNGLawqZzgIxiJWxA==/base.apk]
03-22 00:05:30.322 10991 11018 W com.detoxsampl: Opening an oat file without a class loader. Are you using the deprecated DexFile APIs?
03-22 00:05:31.008 10991 11018 D TestExecutor: Adding listener androidx.test.internal.runner.listener.LogRunListener
03-22 00:05:31.008 10991 11018 D TestExecutor: Adding listener androidx.test.internal.runner.listener.InstrumentationResultPrinter
03-22 00:05:31.008 10991 11018 D TestExecutor: Adding listener androidx.test.internal.runner.listener.ActivityFinisherRunListener
03-22 00:05:31.010 10991 11018 I TestRunner: run started: 1 tests
03-22 00:05:31.014 10991 11018 I TestRunner: started: runDetoxTests(com.detoxsample.DetoxTest)
03-22 00:05:31.037 10991 11018 D EventInjectionStrategy: Creating injection strategy with input manager.
03-22 00:05:31.037 10991 11018 W com.detoxsampl: Accessing hidden method Landroid/hardware/input/InputManager;->getInstance()Landroid/hardware/input/InputManager; (greylist, reflection, allowed)
03-22 00:05:31.038 10991 11018 W com.detoxsampl: Accessing hidden method Landroid/hardware/input/InputManager;->injectInputEvent(Landroid/view/InputEvent;I)Z (greylist, reflection, allowed)
03-22 00:05:31.038 10991 11018 W com.detoxsampl: Accessing hidden field Landroid/hardware/input/InputManager;->INJECT_INPUT_EVENT_MODE_WAIT_FOR_FINISH:I (greylist, reflection, allowed)
03-22 00:05:31.056 10991 11018 W com.detoxsampl: Accessing hidden field Ljava/lang/reflect/Field;->accessFlags:I (greylist, reflection, allowed)
03-22 00:05:31.222 10991 11054 D SoLoader: About to load: libreactnativejni.so
03-22 00:05:31.223 10991 11054 D SoLoader: libreactnativejni.so not found on /data/data/com.detoxsample/lib-main
03-22 00:05:31.223 10991 11054 D SoLoader: libreactnativejni.so found on /data/app/~~gscwy4EC1R2byrzlmG2xiQ==/com.detoxsample-mMWrl9yKcbZVN2n8RDFvBA==/lib/arm64
03-22 00:05:31.223 10991 11054 D SoLoader: Not resolving dependencies for libreactnativejni.so
03-22 00:05:31.225 10991 11054 D SoLoader: Loaded: libreactnativejni.so
03-22 00:05:31.302 10991 10991 D LifecycleMonitor: Lifecycle status change: com.detoxsample.MainActivity@8055e2c in: PRE_ON_CREATE
03-22 00:05:31.403 10991 10991 W com.detoxsampl: Accessing hidden method Landroid/view/View;->computeFitSystemWindows(Landroid/graphics/Rect;Landroid/graphics/Rect;)Z (greylist, reflection, allowed)
03-22 00:05:31.404 10991 10991 W com.detoxsampl: Accessing hidden method Landroid/view/ViewGroup;->makeOptionalFitsSystemWindows()V (greylist, reflection, allowed)
03-22 00:05:31.425 10991 10991 D LifecycleMonitor: Lifecycle status change: com.detoxsample.MainActivity@8055e2c in: CREATED
03-22 00:05:31.430 10991 10991 D LifecycleMonitor: Lifecycle status change: com.detoxsample.MainActivity@8055e2c in: STARTED
03-22 00:05:31.439 10991 10991 D LifecycleMonitor: Lifecycle status change: com.detoxsample.MainActivity@8055e2c in: RESUMED
03-22 00:05:31.468 10991 10991 I TouchFilterInputStageHelper: [needTouchEventFilter] Displayid : 0
03-22 00:05:31.470 10991 10991 D HandGripFilter: getdisplaysize, x : 1080 y : 2340
03-22 00:05:31.477 10991 10991 W unknown:ReactNative: Packager connection already open, nooping.
03-22 00:05:31.514 10991 11224 I AdrenoGLES-0: QUALCOMM build                   : 59e4ca3, Ic42881d075
03-22 00:05:31.514 10991 11224 I AdrenoGLES-0: Build Date                       : 01/07/21
03-22 00:05:31.514 10991 11224 I AdrenoGLES-0: OpenGL ES Shader Compiler Version: EV031.32.02.06
03-22 00:05:31.514 10991 11224 I AdrenoGLES-0: Local Branch                     : mybrancheb50fcd0-9e7c-f130-bc5f-5cb90179c3d8
03-22 00:05:31.514 10991 11224 I AdrenoGLES-0: Remote Branch                    : quic/gfx-adreno.lnx.1.0.r99-rel
03-22 00:05:31.514 10991 11224 I AdrenoGLES-0: Remote Branch                    : NONE
03-22 00:05:31.514 10991 11224 I AdrenoGLES-0: Reconstruct Branch               : NOTHING
03-22 00:05:31.514 10991 11224 I AdrenoGLES-0: Build Config                     : S P 10.0.7 AArch64
03-22 00:05:31.514 10991 11224 I AdrenoGLES-0: Driver Path                      : /vendor/lib64/egl/libGLESv2_adreno.so
03-22 00:05:31.572 10991 11224 I AdrenoGLES-0: PFP: 0x016ee190, ME: 0x00000000
03-22 00:05:31.787 10991 10991 I TouchFilterInputStageHelper: [needTouchEventFilter] Displayid : 0
03-22 00:05:31.788 10991 10991 D HandGripFilter: getdisplaysize, x : 1080 y : 2340
03-22 00:05:31.832 10991 10991 I Timeline: Timeline: Activity_idle id: ActivityRecord{6a4e28d token=android.os.BinderProxy@962d73d {com.detoxsample/com.detoxsample.MainActivity}} time:375884060
03-22 00:05:31.847 10991 11018 I Detox   : Detox server connection details: url=ws://localhost:50460, sessionId=d795d8cd-8788-0a6a-7a4f-c62715d5be95
03-22 00:05:31.853 10991 11297 I DetoxDispatcher: Handling action '_init' (ID #0)...
03-22 00:05:31.853 10991 11297 I Detox   : Connecting to server...
03-22 00:05:31.853 10991 11297 I DetoxWSClient: At connectToServer
03-22 00:05:31.875 10991 11305 D DetoxWSClient: At onOpen
03-22 00:05:31.875 10991 11305 I DetoxWSClient: Sending out action 'login' (ID #0)
03-22 00:05:31.875 10991 11305 I Detox   : Connected to server!
03-22 00:05:31.885 10991 11305 D DetoxWSClient: Received action 'loginSuccess' (ID #0, params={"testerConnected":true,"appConnected":true})
03-22 00:05:31.921 10991 11305 D DetoxWSClient: Received action 'isReady' (ID #-1000, params={})
03-22 00:05:31.937 10991 11296 W unknown:ReactContext: initializeMessageQueueThreads() is called.
03-22 00:05:31.944 10991 10991 W unknown:ReactNative: Packager connection already open, nooping.
03-22 00:05:31.981 10991 11309 W unknown:ViewManagerPropertyUpdater: Could not find generated setter for class com.facebook.react.views.drawer.ReactDrawerLayoutManager
03-22 00:05:31.986 10991 11309 W unknown:ViewManagerPropertyUpdater: Could not find generated setter for class com.facebook.react.uimanager.LayoutShadowNode
03-22 00:05:31.989 10991 11309 W unknown:ViewManagerPropertyUpdater: Could not find generated setter for class com.facebook.react.views.scroll.ReactHorizontalScrollViewManager
03-22 00:05:31.993 10991 11309 W unknown:ViewManagerPropertyUpdater: Could not find generated setter for class com.facebook.react.views.scroll.ReactHorizontalScrollContainerViewManager
03-22 00:05:31.994 10991 11309 W unknown:ViewManagerPropertyUpdater: Could not find generated setter for class com.facebook.react.views.progressbar.ReactProgressBarViewManager
03-22 00:05:31.995 10991 11309 W unknown:ViewManagerPropertyUpdater: Could not find generated setter for class com.facebook.react.views.progressbar.ProgressBarShadowNode
03-22 00:05:31.997 10991 11309 W unknown:ViewManagerPropertyUpdater: Could not find generated setter for class com.facebook.react.views.scroll.ReactScrollViewManager
03-22 00:05:31.999 10991 11309 W unknown:ViewManagerPropertyUpdater: Could not find generated setter for class com.facebook.react.views.slider.ReactSliderManager
03-22 00:05:32.001 10991 11309 W unknown:ViewManagerPropertyUpdater: Could not find generated setter for class com.facebook.react.views.slider.ReactSliderManager$ReactSliderShadowNode
03-22 00:05:32.003 10991 11309 W unknown:ViewManagerPropertyUpdater: Could not find generated setter for class com.facebook.react.views.switchview.ReactSwitchManager
03-22 00:05:32.005 10991 11309 W unknown:ViewManagerPropertyUpdater: Could not find generated setter for class com.facebook.react.views.switchview.ReactSwitchManager$ReactSwitchShadowNode
03-22 00:05:32.005 10991 11309 W unknown:ViewManagerPropertyUpdater: Could not find generated setter for class com.facebook.react.views.swiperefresh.SwipeRefreshLayoutManager
03-22 00:05:32.006 10991 11309 W unknown:ViewManagerPropertyUpdater: Could not find generated setter for class com.facebook.react.views.text.frescosupport.FrescoBasedReactTextInlineImageViewManager
03-22 00:05:32.007 10991 11309 W unknown:ViewManagerPropertyUpdater: Could not find generated setter for class com.facebook.react.views.text.frescosupport.FrescoBasedReactTextInlineImageShadowNode
03-22 00:05:32.008 10991 11309 W unknown:ViewManagerPropertyUpdater: Could not find generated setter for class com.facebook.react.views.image.ReactImageManager
03-22 00:05:32.010 10991 11309 W unknown:ViewManagerPropertyUpdater: Could not find generated setter for class com.facebook.react.views.modal.ReactModalHostManager
03-22 00:05:32.010 10991 11309 W unknown:ViewManagerPropertyUpdater: Could not find generated setter for class com.facebook.react.views.modal.ModalHostShadowNode
03-22 00:05:32.011 10991 11309 W unknown:ViewManagerPropertyUpdater: Could not find generated setter for class com.facebook.react.views.text.ReactRawTextManager
03-22 00:05:32.011 10991 11309 W unknown:ViewManagerPropertyUpdater: Could not find generated setter for class com.facebook.react.views.text.ReactRawTextShadowNode
03-22 00:05:32.012 10991 11309 W unknown:ViewManagerPropertyUpdater: Could not find generated setter for class com.facebook.react.views.textinput.ReactTextInputManager
03-22 00:05:32.015 10991 11309 W unknown:ViewManagerPropertyUpdater: Could not find generated setter for class com.facebook.react.views.textinput.ReactTextInputShadowNode
03-22 00:05:32.017 10991 11309 W unknown:ViewManagerPropertyUpdater: Could not find generated setter for class com.facebook.react.views.text.ReactTextViewManager
03-22 00:05:32.018 10991 11309 W unknown:ViewManagerPropertyUpdater: Could not find generated setter for class com.facebook.react.views.text.ReactTextShadowNode
03-22 00:05:32.019 10991 11309 W unknown:ViewManagerPropertyUpdater: Could not find generated setter for class com.facebook.react.views.view.ReactViewManager
03-22 00:05:32.037 10991 11309 W unknown:ViewManagerPropertyUpdater: Could not find generated setter for class com.facebook.react.views.text.ReactVirtualTextViewManager
03-22 00:05:32.038 10991 11309 W unknown:ViewManagerPropertyUpdater: Could not find generated setter for class com.facebook.react.views.text.ReactVirtualTextShadowNode
03-22 00:05:32.038 10991 11309 W unknown:ViewManagerPropertyUpdater: Could not find generated setter for class com.facebook.react.views.unimplementedview.ReactUnimplementedViewManager
03-22 00:05:32.049 10991 11309 W unknown:ReactContext: initializeMessageQueueThreads() is called.
03-22 00:05:32.050 10991 11309 D SoLoader: About to load: libyoga.so
03-22 00:05:32.051 10991 11309 D SoLoader: libyoga.so not found on /data/data/com.detoxsample/lib-main
03-22 00:05:32.051 10991 11309 D SoLoader: libyoga.so found on /data/app/~~gscwy4EC1R2byrzlmG2xiQ==/com.detoxsample-mMWrl9yKcbZVN2n8RDFvBA==/lib/arm64
03-22 00:05:32.051 10991 11309 D SoLoader: Not resolving dependencies for libyoga.so
03-22 00:05:32.062 10991 11309 D SoLoader: Loaded: libyoga.so
03-22 00:05:32.069 10991 10991 I DetoxRNLoading: Got new RN-context async'ly through listener
03-22 00:05:32.070 10991 11297 I DetoxRNIdleRes: Setting up Espresso Idling Resources for React Native
03-22 00:05:32.096 10991 11297 D AsyncStorageIR: Checking whether a custom IR for Async-Storage is required... (legacy=false)
03-22 00:05:32.096 10991 11297 D DetoxRNHelpers: Native RN module resolution (class com.reactnativecommunity.asyncstorage.AsyncStorageModule): no such class
03-22 00:05:32.096 10991 11297 D AsyncStorageIR: Checking whether a custom IR for Async-Storage is required... (legacy=true)
03-22 00:05:32.098 10991 11297 D AsyncStorageIR: IR for Async-Storage is required! (legacy=true)
03-22 00:05:32.104 10991 10991 D AsyncStorageIRLegacy: Async-storage is busy!
03-22 00:05:32.118 10991 11309 I flipper : flipper: FlipperClient::addPlugin Fresco
03-22 00:05:32.119 10991 11309 W com.detoxsampl: Accessing hidden method Landroid/os/MessageQueue;->next()Landroid/os/Message; (greylist, reflection, allowed)
03-22 00:05:32.119 10991 11309 W com.detoxsampl: Accessing hidden field Landroid/os/MessageQueue;->mMessages:Landroid/os/Message; (greylist, reflection, allowed)
03-22 00:05:32.119 10991 11309 W com.detoxsampl: Accessing hidden method Landroid/os/Message;->recycleUnchecked()V (greylist, reflection, allowed)
03-22 00:05:32.128 10991 11297 I DetoxDispatcher: Done with action '_init'
03-22 00:05:32.128 10991 11297 I DetoxDispatcher: Handling action 'isReady' (ID #-1000)...
03-22 00:05:32.307 10991 11308 D SoLoader: About to load: libreactnativeblob.so
03-22 00:05:32.307 10991 11308 D SoLoader: libreactnativeblob.so not found on /data/data/com.detoxsample/lib-main
03-22 00:05:32.307 10991 11308 D SoLoader: libreactnativeblob.so found on /data/app/~~gscwy4EC1R2byrzlmG2xiQ==/com.detoxsample-mMWrl9yKcbZVN2n8RDFvBA==/lib/arm64
03-22 00:05:32.307 10991 11308 D SoLoader: Not resolving dependencies for libreactnativeblob.so
03-22 00:05:32.309 10991 11308 D SoLoader: Loaded: libreactnativeblob.so
03-22 00:05:32.397 10991 11309 I WebViewFactory: Loading com.google.android.webview version 99.0.4844.58 (code 484405833)
03-22 00:05:32.511 10991 11308 I ReactNativeJS: Running "DetoxSample" with {"rootTag":1}
03-22 00:05:32.528 10991 11309 W com.detoxsampl: Accessing hidden method Landroid/os/Trace;->isTagEnabled(J)Z (greylist, reflection, allowed)
03-22 00:05:32.528 10991 11309 W com.detoxsampl: Accessing hidden method Landroid/os/Trace;->traceBegin(JLjava/lang/String;)V (greylist, reflection, allowed)
03-22 00:05:32.528 10991 11309 W com.detoxsampl: Accessing hidden method Landroid/os/Trace;->traceEnd(J)V (greylist, reflection, allowed)
03-22 00:05:32.528 10991 11309 W com.detoxsampl: Accessing hidden method Landroid/os/Trace;->asyncTraceBegin(JLjava/lang/String;I)V (greylist, reflection, allowed)
03-22 00:05:32.528 10991 11309 W com.detoxsampl: Accessing hidden method Landroid/os/Trace;->asyncTraceEnd(JLjava/lang/String;I)V (greylist, reflection, allowed)
03-22 00:05:32.537 10991 11309 I cr_WVCFactoryProvider: Loaded version=99.0.4844.58 minSdkVersion=29 isBundle=true multiprocess=true packageId=3
03-22 00:05:32.631 10991 11309 I cr_LibraryLoader: Successfully loaded native library
03-22 00:05:32.636 10991 11309 I cr_CachingUmaRecorder: Flushed 8 samples from 8 histograms.
03-22 00:05:32.962 10991 10991 W com.detoxsampl: Accessing hidden field Landroid/widget/ScrollView;->mScroller:Landroid/widget/OverScroller; (greylist, reflection, allowed)
03-22 00:05:33.049 10991 11427 D SoLoader: About to load: libimagepipeline.so
03-22 00:05:33.050 10991 11427 D SoLoader: libimagepipeline.so not found on /data/data/com.detoxsample/lib-main
03-22 00:05:33.050 10991 11427 D SoLoader: libimagepipeline.so found on /data/app/~~gscwy4EC1R2byrzlmG2xiQ==/com.detoxsample-mMWrl9yKcbZVN2n8RDFvBA==/lib/arm64
03-22 00:05:33.050 10991 11427 D SoLoader: Not resolving dependencies for libimagepipeline.so
03-22 00:05:33.053 10991 11427 D SoLoader: Loaded: libimagepipeline.so
03-22 00:05:33.400 10991 10991 I Detox   : Wait is over: app is now idle!
03-22 00:05:33.400 10991 11297 I DetoxWSClient: Sending out action 'ready' (ID #-1000)
03-22 00:05:33.401 10991 11297 I DetoxDispatcher: Done with action 'isReady'
03-22 00:05:33.401 10991 11297 I DetoxDispatcher: Handling action 'loginSuccess' (ID #0)...
03-22 00:05:33.401 10991 11297 I DetoxDispatcher: Done with action 'loginSuccess'
03-22 00:05:33.401 10991 11297 I DetoxDispatcher: Handling action 'isReady' (ID #-1000)...
03-22 00:05:33.411 10991 10991 I Detox   : Wait is over: app is now idle!
03-22 00:05:33.411 10991 11297 I DetoxWSClient: Sending out action 'ready' (ID #-1000)
03-22 00:05:33.412 10991 11297 I DetoxDispatcher: Done with action 'isReady'
