--------- beginning of main
03-22 18:30:56.232 16555 16609 D EGL_emulation: app_time_stats: avg=6.05ms min=2.34ms max=24.23ms count=61
03-22 18:30:56.402 16555 16620 I DetoxWSClient: Sending out action 'invokeResult' (ID #12)
03-22 18:30:56.403 16555 16620 I DetoxDispatcher: Done with action 'invoke'
03-22 18:30:56.407 16555 16622 D DetoxWSClient: Received action 'invoke' (ID #13, params={"target":{"type":"Class","value":"com.wix.detox.espresso.DetoxAssertion"},"method":"assertMatcher","args":[{"type":"Invocation","value":{"target":{"type":"Class","value":"androidx.test.espresso.Espresso"},"method":"onView","args":[{"type":"Invocation","value":{"target":{"type":"Class","value":"com.wix.detox.espresso.DetoxMatcher"},"method":"matcherForText","args":["Card Network : unknown"]}}]}},{"type":"Invocation","value":{"target":{"type":"Class","value":"com.wix.detox.espresso.DetoxMatcher"},"method":"matcherForSufficientlyVisible","args":[{"type":"Integer","value":75}]}}]})
03-22 18:30:56.408 16555 16620 I DetoxDispatcher: Handling action 'invoke' (ID #13)...
03-22 18:30:56.408 16555 16620 D Detox   : class com.wix.detox.espresso.DetoxMatcher, matcherForText, [Card Network : unknown]
03-22 18:30:56.409 16555 16620 D Detox   : class androidx.test.espresso.Espresso, onView, [(an instance of android.widget.TextView and view.getText() with or without transformation to match: is "Card Network : unknown" and view has effective visibility <VISIBLE>)]
03-22 18:30:56.410 16555 16620 D Detox   : class com.wix.detox.espresso.DetoxMatcher, matcherForSufficientlyVisible, [75]
03-22 18:30:56.410 16555 16620 D Detox   : class com.wix.detox.espresso.DetoxAssertion, assertMatcher, [androidx.test.espresso.ViewInteraction@9b0b51e, (view has effective visibility <VISIBLE> and view.getGlobalVisibleRect() covers at least <75> percent of the view's area)]
03-22 18:30:56.416 16555 16555 I ViewInteraction: Checking 'MatchesViewAssertion(Detox){viewMatcher=(view has effective visibility <VISIBLE> and view.getGlobalVisibleRect() covers at least <75> percent of the view's area)}' assertion on view (an instance of android.widget.TextView and view.getText() with or without transformation to match: is "Card Network : unknown" and view has effective visibility <VISIBLE>)
03-22 18:30:56.419 16555 16620 I DetoxWSClient: Sending out action 'invokeResult' (ID #13)
03-22 18:30:56.419 16555 16620 I DetoxDispatcher: Done with action 'invoke'
03-22 18:30:56.489 16555 16622 D DetoxWSClient: Received action 'invoke' (ID #14, params={"target":{"type":"Class","value":"com.wix.detox.espresso.EspressoDetox"},"method":"perform","args":[{"type":"Invocation","value":{"target":{"type":"Class","value":"androidx.test.espresso.Espresso"},"method":"onView","args":[{"type":"Invocation","value":{"target":{"type":"Class","value":"com.wix.detox.espresso.DetoxMatcher"},"method":"matcherForText","args":["GET CARD NETWORK LENGTH"]}}]}},{"type":"Invocation","value":{"target":{"type":"Class","value":"com.wix.detox.espresso.DetoxViewActions"},"method":"click","args":[]}}]})
03-22 18:30:56.490 16555 16620 I DetoxDispatcher: Handling action 'invoke' (ID #14)...
03-22 18:30:56.490 16555 16620 D Detox   : class com.wix.detox.espresso.DetoxMatcher, matcherForText, [GET CARD NETWORK LENGTH]
03-22 18:30:56.491 16555 16620 D Detox   : class androidx.test.espresso.Espresso, onView, [(an instance of android.widget.TextView and view.getText() with or without transformation to match: is "GET CARD NETWORK LENGTH" and view has effective visibility <VISIBLE>)]
03-22 18:30:56.492 16555 16620 D Detox   : class com.wix.detox.espresso.DetoxViewActions, click, []
03-22 18:30:56.493 16555 16620 D Detox   : class com.wix.detox.espresso.EspressoDetox, perform, [androidx.test.espresso.ViewInteraction@aa071ff, com.wix.detox.espresso.action.RNClickAction@3466bcc]
03-22 18:30:56.502 16555 16555 I ViewInteraction: Performing 'com.wix.detox.espresso.action.detoxsingletap@59c3e15 click' action on view (an instance of android.widget.TextView and view.getText() with or without transformation to match: is "GET CARD NETWORK LENGTH" and view has effective visibility <VISIBLE>)
03-22 18:30:57.041 16555 16620 I DetoxWSClient: Sending out action 'invokeResult' (ID #14)
03-22 18:30:57.041 16555 16620 I DetoxDispatcher: Done with action 'invoke'
03-22 18:30:57.047 16555 16622 D DetoxWSClient: Received action 'invoke' (ID #15, params={"target":{"type":"Class","value":"com.wix.detox.espresso.DetoxAssertion"},"method":"assertMatcher","args":[{"type":"Invocation","value":{"target":{"type":"Class","value":"androidx.test.espresso.Espresso"},"method":"onView","args":[{"type":"Invocation","value":{"target":{"type":"Class","value":"com.wix.detox.espresso.DetoxMatcher"},"method":"matcherForText","args":["Card Network length : 16"]}}]}},{"type":"Invocation","value":{"target":{"type":"Class","value":"com.wix.detox.espresso.DetoxMatcher"},"method":"matcherForSufficientlyVisible","args":[{"type":"Integer","value":75}]}}]})
03-22 18:30:57.047 16555 16620 I DetoxDispatcher: Handling action 'invoke' (ID #15)...
03-22 18:30:57.048 16555 16620 D Detox   : class com.wix.detox.espresso.DetoxMatcher, matcherForText, [Card Network length : 16]
03-22 18:30:57.049 16555 16620 D Detox   : class androidx.test.espresso.Espresso, onView, [(an instance of android.widget.TextView and view.getText() with or without transformation to match: is "Card Network length : 16" and view has effective visibility <VISIBLE>)]
03-22 18:30:57.049 16555 16620 D Detox   : class com.wix.detox.espresso.DetoxMatcher, matcherForSufficientlyVisible, [75]
03-22 18:30:57.051 16555 16620 D Detox   : class com.wix.detox.espresso.DetoxAssertion, assertMatcher, [androidx.test.espresso.ViewInteraction@79049f6, (view has effective visibility <VISIBLE> and view.getGlobalVisibleRect() covers at least <75> percent of the view's area)]
03-22 18:30:57.056 16555 16555 I ViewInteraction: Checking 'MatchesViewAssertion(Detox){viewMatcher=(view has effective visibility <VISIBLE> and view.getGlobalVisibleRect() covers at least <75> percent of the view's area)}' assertion on view (an instance of android.widget.TextView and view.getText() with or without transformation to match: is "Card Network length : 16" and view has effective visibility <VISIBLE>)
03-22 18:30:57.058 16555 16620 I DetoxWSClient: Sending out action 'invokeResult' (ID #15)
03-22 18:30:57.060 16555 16620 I DetoxDispatcher: Done with action 'invoke'
03-22 18:30:57.070 16555 16622 D DetoxWSClient: Received action 'invoke' (ID #16, params={"target":{"type":"Class","value":"com.wix.detox.espresso.EspressoDetox"},"method":"perform","args":[{"type":"Invocation","value":{"target":{"type":"Class","value":"androidx.test.espresso.Espresso"},"method":"onView","args":[{"type":"Invocation","value":{"target":{"type":"Class","value":"com.wix.detox.espresso.DetoxMatcher"},"method":"matcherForTestId","args":["cards"]}}]}},{"type":"Invocation","value":{"target":{"type":"Class","value":"com.wix.detox.espresso.DetoxViewActions"},"method":"click","args":[]}}]})
03-22 18:30:57.071 16555 16620 I DetoxDispatcher: Handling action 'invoke' (ID #16)...
03-22 18:30:57.071 16555 16620 D Detox   : class com.wix.detox.espresso.DetoxMatcher, matcherForTestId, [cards]
03-22 18:30:57.071 16555 16620 D Detox   : class androidx.test.espresso.Espresso, onView, [(view.getTag() is "cards" and view has effective visibility <VISIBLE>)]
03-22 18:30:57.072 16555 16620 D Detox   : class com.wix.detox.espresso.DetoxViewActions, click, []
03-22 18:30:57.072 16555 16620 D Detox   : class com.wix.detox.espresso.EspressoDetox, perform, [androidx.test.espresso.ViewInteraction@93ca1f7, com.wix.detox.espresso.action.RNClickAction@4346864]
03-22 18:30:57.078 16555 16555 I ViewInteraction: Performing 'com.wix.detox.espresso.action.detoxsingletap@3771acd click' action on view (view.getTag() is "cards" and view has effective visibility <VISIBLE>)
03-22 18:30:57.248 16555 16609 D EGL_emulation: app_time_stats: avg=10.92ms min=2.47ms max=19.68ms count=60
03-22 18:30:57.423 16555 16555 I Detox   : AnimatedModule is busy.
03-22 18:30:57.502 16555 16620 I DetoxWSClient: Sending out action 'invokeResult' (ID #16)
03-22 18:30:57.503 16555 16620 I DetoxDispatcher: Done with action 'invoke'
