--------- beginning of main
03-22 18:30:51.000 16555 16626 W unknown:ViewManagerPropertyUpdater: Could not find generated setter for class com.facebook.react.views.text.ReactRawTextShadowNode
03-22 18:30:51.000 16555 16626 W unknown:ViewManagerPropertyUpdater: Could not find generated setter for class com.facebook.react.views.textinput.ReactTextInputManager
03-22 18:30:51.005 16555 16626 W unknown:ViewManagerPropertyUpdater: Could not find generated setter for class com.facebook.react.views.textinput.ReactTextInputShadowNode
03-22 18:30:51.009 16555 16626 W unknown:ViewManagerPropertyUpdater: Could not find generated setter for class com.facebook.react.views.text.ReactTextViewManager
03-22 18:30:51.011 16555 16626 W unknown:ViewManagerPropertyUpdater: Could not find generated setter for class com.facebook.react.views.text.ReactTextShadowNode
03-22 18:30:51.012 16555 16626 W unknown:ViewManagerPropertyUpdater: Could not find generated setter for class com.facebook.react.views.view.ReactViewManager
03-22 18:30:51.015 16555 16626 W unknown:ViewManagerPropertyUpdater: Could not find generated setter for class com.facebook.react.views.text.ReactVirtualTextViewManager
03-22 18:30:51.016 16555 16626 W unknown:ViewManagerPropertyUpdater: Could not find generated setter for class com.facebook.react.views.text.ReactVirtualTextShadowNode
03-22 18:30:51.017 16555 16626 W unknown:ViewManagerPropertyUpdater: Could not find generated setter for class com.facebook.react.views.unimplementedview.ReactUnimplementedViewManager
03-22 18:30:51.039 16555 16626 W unknown:ReactContext: initializeMessageQueueThreads() is called.
03-22 18:30:51.052 16555 16626 D SoLoader: About to load: libyoga.so
03-22 18:30:51.052 16555 16626 D SoLoader: libyoga.so not found on /data/data/com.detoxsample/lib-main
03-22 18:30:51.052 16555 16626 D SoLoader: libyoga.so found on /data/app/~~ROTFtk7LFTQ85lYvkqcB5w==/com.detoxsample-GNXEo0GJnFb_lQn9wN7zmg==/lib/x86_64
03-22 18:30:51.052 16555 16626 D SoLoader: Not resolving dependencies for libyoga.so
03-22 18:30:51.054 16555 16626 D SoLoader: Loaded: libyoga.so
03-22 18:30:51.071 16555 16555 I DetoxRNLoading: Got new RN-context async'ly through listener
03-22 18:30:51.073 16555 16620 I DetoxRNIdleRes: Setting up Espresso Idling Resources for React Native
03-22 18:30:51.100 16555 16620 D AsyncStorageIR: Checking whether a custom IR for Async-Storage is required... (legacy=false)
03-22 18:30:51.101 16555 16620 D DetoxRNHelpers: Native RN module resolution (class com.reactnativecommunity.asyncstorage.AsyncStorageModule): no such class
03-22 18:30:51.101 16555 16620 D AsyncStorageIR: Checking whether a custom IR for Async-Storage is required... (legacy=true)
03-22 18:30:51.107 16555 16620 D AsyncStorageIR: IR for Async-Storage is required! (legacy=true)
03-22 18:30:51.112 16555 16555 D AsyncStorageIRLegacy: Async-storage is busy!
03-22 18:30:51.122 16555 16625 D SoLoader: About to load: libreactnativeblob.so
03-22 18:30:51.122 16555 16625 D SoLoader: libreactnativeblob.so not found on /data/data/com.detoxsample/lib-main
03-22 18:30:51.123 16555 16625 D SoLoader: libreactnativeblob.so found on /data/app/~~ROTFtk7LFTQ85lYvkqcB5w==/com.detoxsample-GNXEo0GJnFb_lQn9wN7zmg==/lib/x86_64
03-22 18:30:51.123 16555 16625 D SoLoader: Not resolving dependencies for libreactnativeblob.so
03-22 18:30:51.125 16555 16620 I DetoxDispatcher: Done with action '_init'
03-22 18:30:51.125 16555 16620 I DetoxDispatcher: Handling action 'isReady' (ID #-1000)...
03-22 18:30:51.128 16555 16625 D SoLoader: Loaded: libreactnativeblob.so
03-22 18:30:51.133 16555 16555 W com.detoxsampl: Accessing hidden method Landroid/os/MessageQueue;->next()Landroid/os/Message; (unsupported, reflection, allowed)
03-22 18:30:51.133 16555 16555 W com.detoxsampl: Accessing hidden field Landroid/os/MessageQueue;->mMessages:Landroid/os/Message; (unsupported, reflection, allowed)
03-22 18:30:51.133 16555 16555 W com.detoxsampl: Accessing hidden method Landroid/os/Message;->recycleUnchecked()V (unsupported, reflection, allowed)
03-22 18:30:51.181 16555 16626 I flipper : flipper: FlipperClient::addPlugin Fresco
03-22 18:30:51.190 16555 16626 I WebViewFactory: Loading com.google.android.webview version 91.0.4472.114 (code 447211487)
03-22 18:30:51.284 16555 16626 W com.detoxsampl: Accessing hidden method Landroid/os/Trace;->isTagEnabled(J)Z (unsupported, reflection, allowed)
03-22 18:30:51.284 16555 16626 W com.detoxsampl: Accessing hidden method Landroid/os/Trace;->traceBegin(JLjava/lang/String;)V (unsupported, reflection, allowed)
03-22 18:30:51.284 16555 16626 W com.detoxsampl: Accessing hidden method Landroid/os/Trace;->traceEnd(J)V (unsupported, reflection, allowed)
03-22 18:30:51.285 16555 16626 W com.detoxsampl: Accessing hidden method Landroid/os/Trace;->asyncTraceBegin(JLjava/lang/String;I)V (unsupported, reflection, allowed)
03-22 18:30:51.285 16555 16626 W com.detoxsampl: Accessing hidden method Landroid/os/Trace;->asyncTraceEnd(JLjava/lang/String;I)V (unsupported, reflection, allowed)
03-22 18:30:51.314 16555 16626 I cr_LibraryLoader: Loaded native library version number "91.0.4472.114"
03-22 18:30:51.316 16555 16626 I cr_CachingUmaRecorder: Flushed 4 samples from 4 histograms.
03-22 18:30:51.353 16555 16625 I ReactNativeJS: Running "DetoxSample" with {"rootTag":1}
03-22 18:30:51.495 16555 16555 D CompatibilityChangeReporter: Compat change id reported: 171228096; UID 10176; state: ENABLED
03-22 18:30:51.497 16555 16555 W com.detoxsampl: Accessing hidden field Landroid/widget/ScrollView;->mScroller:Landroid/widget/OverScroller; (unsupported, reflection, allowed)
03-22 18:30:51.551 16555 16555 I Detox   : Wait is over: app is now idle!
03-22 18:30:51.551 16555 16620 I DetoxWSClient: Sending out action 'ready' (ID #-1000)
03-22 18:30:51.552 16555 16620 I DetoxDispatcher: Done with action 'isReady'
03-22 18:30:51.552 16555 16620 I DetoxDispatcher: Handling action 'loginSuccess' (ID #0)...
03-22 18:30:51.552 16555 16620 I DetoxDispatcher: Done with action 'loginSuccess'
03-22 18:30:51.552 16555 16620 I DetoxDispatcher: Handling action 'isReady' (ID #-1000)...
03-22 18:30:51.565 16555 16555 I Detox   : Wait is over: app is now idle!
03-22 18:30:51.565 16555 16620 I DetoxWSClient: Sending out action 'ready' (ID #-1000)
03-22 18:30:51.567 16555 16620 I DetoxDispatcher: Done with action 'isReady'
03-22 18:30:51.626 16555 16622 D DetoxWSClient: Received action 'invoke' (ID #1, params={"target":{"type":"Class","value":"com.wix.detox.espresso.EspressoDetox"},"method":"perform","args":[{"type":"Invocation","value":{"target":{"type":"Class","value":"androidx.test.espresso.Espresso"},"method":"onView","args":[{"type":"Invocation","value":{"target":{"type":"Class","value":"com.wix.detox.espresso.DetoxMatcher"},"method":"matcherForTestId","args":["initRazorpay"]}}]}},{"type":"Invocation","value":{"target":{"type":"Class","value":"com.wix.detox.espresso.DetoxViewActions"},"method":"click","args":[]}}]})
03-22 18:30:51.629 16555 16620 I DetoxDispatcher: Handling action 'invoke' (ID #1)...
03-22 18:30:51.656 16555 16620 D Detox   : class com.wix.detox.espresso.DetoxMatcher, matcherForTestId, [initRazorpay]
03-22 18:30:51.714 16555 16620 D Detox   : class androidx.test.espresso.Espresso, onView, [(view.getTag() is "initRazorpay" and view has effective visibility <VISIBLE>)]
03-22 18:30:51.716 16555 16620 D Detox   : class com.wix.detox.espresso.DetoxViewActions, click, []
03-22 18:30:51.720 16555 16620 W com.detoxsampl: Accessing hidden method Landroid/view/ViewConfiguration;->getDoubleTapMinTime()I (unsupported, reflection, allowed)
03-22 18:30:51.735 16555 16620 D Detox   : class com.wix.detox.espresso.EspressoDetox, perform, [androidx.test.espresso.ViewInteraction@56c0ed4, com.wix.detox.espresso.action.RNClickAction@77f187d]
03-22 18:30:51.763 16555 16555 W com.detoxsampl: Accessing hidden method Landroid/view/WindowManagerGlobal;->getInstance()Landroid/view/WindowManagerGlobal; (unsupported, reflection, allowed)
03-22 18:30:51.763 16555 16555 W com.detoxsampl: Accessing hidden field Landroid/view/WindowManagerGlobal;->mViews:Ljava/util/ArrayList; (unsupported, reflection, allowed)
03-22 18:30:51.764 16555 16555 W com.detoxsampl: Accessing hidden field Landroid/view/WindowManagerGlobal;->mParams:Ljava/util/ArrayList; (unsupported, reflection, allowed)
03-22 18:30:51.779 16555 16555 I ViewInteraction: Performing 'com.wix.detox.espresso.action.detoxsingletap@4d253c3 click' action on view (view.getTag() is "initRazorpay" and view has effective visibility <VISIBLE>)
03-22 18:30:51.830 16555 16625 I ReactNativeJS: clicked
03-22 18:30:52.190 16555 16609 D EGL_emulation: app_time_stats: avg=331.42ms min=5.19ms max=880.79ms count=5
03-22 18:30:52.220 16555 16555 I Detox   : AnimatedModule is busy.
03-22 18:30:52.228 16555 16555 I Detox   : AnimatedModule is busy.
03-22 18:30:52.245 16555 16555 I Detox   : AnimatedModule is busy.
03-22 18:30:52.261 16555 16555 I Detox   : AnimatedModule is busy.
03-22 18:30:52.278 16555 16555 I Detox   : AnimatedModule is busy.
03-22 18:30:52.295 16555 16555 I Detox   : AnimatedModule is busy.
03-22 18:30:52.312 16555 16555 I Detox   : AnimatedModule is busy.
03-22 18:30:52.328 16555 16555 I Detox   : AnimatedModule is busy.
03-22 18:30:52.345 16555 16555 I Detox   : AnimatedModule is busy.
03-22 18:30:52.361 16555 16555 I Detox   : AnimatedModule is busy.
03-22 18:30:52.377 16555 16555 I Detox   : AnimatedModule is busy.
03-22 18:30:52.831 16555 16620 I DetoxWSClient: Sending out action 'invokeResult' (ID #1)
03-22 18:30:52.831 16555 16620 I DetoxDispatcher: Done with action 'invoke'
03-22 18:30:52.839 16555 16622 D DetoxWSClient: Received action 'invoke' (ID #2, params={"target":{"type":"Class","value":"com.wix.detox.espresso.DetoxAssertion"},"method":"assertMatcher","args":[{"type":"Invocation","value":{"target":{"type":"Class","value":"androidx.test.espresso.Espresso"},"method":"onView","args":[{"type":"Invocation","value":{"target":{"type":"Class","value":"com.wix.detox.espresso.DetoxMatcher"},"method":"matcherForText","args":["Razorpay Initialized"]}}]}},{"type":"Invocation","value":{"target":{"type":"Class","value":"com.wix.detox.espresso.DetoxMatcher"},"method":"matcherForSufficientlyVisible","args":[{"type":"Integer","value":75}]}}]})
03-22 18:30:52.840 16555 16620 I DetoxDispatcher: Handling action 'invoke' (ID #2)...
03-22 18:30:52.841 16555 16620 D Detox   : class com.wix.detox.espresso.DetoxMatcher, matcherForText, [Razorpay Initialized]
03-22 18:30:52.843 16555 16620 D Detox   : class androidx.test.espresso.Espresso, onView, [(an instance of android.widget.TextView and view.getText() with or without transformation to match: is "Razorpay Initialized" and view has effective visibility <VISIBLE>)]
03-22 18:30:52.844 16555 16620 D Detox   : class com.wix.detox.espresso.DetoxMatcher, matcherForSufficientlyVisible, [75]
03-22 18:30:52.844 16555 16620 D Detox   : class com.wix.detox.espresso.DetoxAssertion, assertMatcher, [androidx.test.espresso.ViewInteraction@7f526bf, (view has effective visibility <VISIBLE> and view.getGlobalVisibleRect() covers at least <75> percent of the view's area)]
03-22 18:30:52.851 16555 16555 I ViewInteraction: Checking 'MatchesViewAssertion(Detox){viewMatcher=(view has effective visibility <VISIBLE> and view.getGlobalVisibleRect() covers at least <75> percent of the view's area)}' assertion on view (an instance of android.widget.TextView and view.getText() with or without transformation to match: is "Razorpay Initialized" and view has effective visibility <VISIBLE>)
03-22 18:30:52.852 16555 16620 I DetoxWSClient: Sending out action 'invokeResult' (ID #2)
03-22 18:30:52.852 16555 16620 I DetoxDispatcher: Done with action 'invoke'
