--------- beginning of main
03-22 17:20:17.081  8285  8285 I com.detoxsampl: Late-enabling -Xcheck:jni
03-22 17:20:17.099  8285  8285 W com.detoxsampl: Unexpected CPU variant for X86 using defaults: x86_64
03-22 17:20:17.158  8285  8285 D CompatibilityChangeReporter: Compat change id reported: 171979766; UID 10152; state: DISABLED
--------- beginning of system
03-22 17:20:17.167  8285  8285 W ActivityThread: Package uses different ABI(s) than its instrumentation: package[com.detoxsample]: x86_64, null instrumentation[com.detoxsample.test]: null, null
03-22 17:20:17.371  8285  8285 V GraphicsEnvironment: ANGLE Developer option for 'com.detoxsample' set to: 'default'
03-22 17:20:17.372  8285  8285 V GraphicsEnvironment: ANGLE GameManagerService for com.detoxsample: false
03-22 17:20:17.372  8285  8285 V GraphicsEnvironment: Neither updatable production driver nor prerelease driver is supported.
03-22 17:20:17.376  8285  8285 D ApplicationLoaders: Returning zygote-cached class loader: /system/framework/android.test.base.jar
03-22 17:20:17.379  8285  8285 D ApplicationLoaders: Returning zygote-cached class loader: /system/framework/android.test.base.jar
03-22 17:20:17.603  8285  8285 D NetworkSecurityConfig: Using Network Security Config from resource network_security_config debugBuild: true
03-22 17:20:17.604  8285  8285 D NetworkSecurityConfig: Using Network Security Config from resource network_security_config debugBuild: true
03-22 17:20:17.609  8285  8285 I MonitoringInstr: Instrumentation started!
03-22 17:20:17.655  8285  8285 V TestEventClient: No service name argument was given (testDiscoveryService, testRunEventService or orchestratorService)
03-22 17:20:17.661  8285  8285 D SoLoader: init start
03-22 17:20:17.663  8285  8285 D SoLoader: adding system library source: /vendor/lib64
03-22 17:20:17.666  8285  8285 D SoLoader: adding system library source: /system/lib64
03-22 17:20:17.667  8285  8285 D SoLoader: adding application source: com.facebook.soloader.DirectorySoSource[root = /data/app/~~8VIw0L4cEKCsOhr9Jee_4g==/com.detoxsample-28r8IToFVO1JGKmYiVj0Rw==/lib/x86_64 flags = 0]
03-22 17:20:17.673  8285  8285 D SoLoader: adding backup source from : com.facebook.soloader.ApkSoSource[root = /data/data/com.detoxsample/lib-main flags = 1]
03-22 17:20:17.674  8285  8285 D SoLoader: Preparing SO source: com.facebook.soloader.DirectorySoSource[root = /system/lib64 flags = 2]
03-22 17:20:17.674  8285  8285 D SoLoader: Preparing SO source: com.facebook.soloader.DirectorySoSource[root = /vendor/lib64 flags = 2]
03-22 17:20:17.674  8285  8285 D SoLoader: Preparing SO source: com.facebook.soloader.DirectorySoSource[root = /data/app/~~8VIw0L4cEKCsOhr9Jee_4g==/com.detoxsample-28r8IToFVO1JGKmYiVj0Rw==/lib/x86_64 flags = 0]
03-22 17:20:17.674  8285  8285 D SoLoader: Preparing SO source: com.facebook.soloader.ApkSoSource[root = /data/data/com.detoxsample/lib-main flags = 1]
03-22 17:20:17.676  8285  8285 V fb-UnpackingSoSource: locked dso store /data/user/0/com.detoxsample/lib-main
03-22 17:20:17.679  8285  8285 V fb-UnpackingSoSource: deps mismatch on deps store: regenerating
03-22 17:20:17.680  8285  8285 V fb-UnpackingSoSource: so store dirty: regenerating
03-22 17:20:17.765  8285  8285 D ApkSoSource: not allowing consideration of lib/x86_64/libbetter.so: deferring to libdir
03-22 17:20:17.765  8285  8285 D ApkSoSource: not allowing consideration of lib/x86_64/libc++_shared.so: deferring to libdir
03-22 17:20:17.766  8285  8285 D ApkSoSource: not allowing consideration of lib/x86_64/libevent-2.1.so: deferring to libdir
03-22 17:20:17.766  8285  8285 D ApkSoSource: not allowing consideration of lib/x86_64/libevent_core-2.1.so: deferring to libdir
03-22 17:20:17.767  8285  8285 D ApkSoSource: not allowing consideration of lib/x86_64/libevent_extra-2.1.so: deferring to libdir
03-22 17:20:17.768  8285  8285 D ApkSoSource: not allowing consideration of lib/x86_64/libfabricjni.so: deferring to libdir
03-22 17:20:17.769  8285  8285 D ApkSoSource: not allowing consideration of lib/x86_64/libfb.so: deferring to libdir
03-22 17:20:17.769  8285  8285 D ApkSoSource: not allowing consideration of lib/x86_64/libfbjni.so: deferring to libdir
03-22 17:20:17.770  8285  8285 D ApkSoSource: not allowing consideration of lib/x86_64/libflipper.so: deferring to libdir
03-22 17:20:17.770  8285  8285 D ApkSoSource: not allowing consideration of lib/x86_64/libfolly_futures.so: deferring to libdir
03-22 17:20:17.772  8285  8285 D ApkSoSource: not allowing consideration of lib/x86_64/libfolly_json.so: deferring to libdir
03-22 17:20:17.773  8285  8285 D ApkSoSource: not allowing consideration of lib/x86_64/libglog.so: deferring to libdir
03-22 17:20:17.773  8285  8285 D ApkSoSource: not allowing consideration of lib/x86_64/libglog_init.so: deferring to libdir
03-22 17:20:17.774  8285  8285 D ApkSoSource: not allowing consideration of lib/x86_64/libimagepipeline.so: deferring to libdir
03-22 17:20:17.776  8285  8285 D ApkSoSource: not allowing consideration of lib/x86_64/libjsc.so: deferring to libdir
03-22 17:20:17.776  8285  8285 D ApkSoSource: not allowing consideration of lib/x86_64/libjscexecutor.so: deferring to libdir
03-22 17:20:17.777  8285  8285 D ApkSoSource: not allowing consideration of lib/x86_64/libjsi.so: deferring to libdir
03-22 17:20:17.778  8285  8285 D ApkSoSource: not allowing consideration of lib/x86_64/libjsijniprofiler.so: deferring to libdir
03-22 17:20:17.779  8285  8285 D ApkSoSource: not allowing consideration of lib/x86_64/libjsinspector.so: deferring to libdir
03-22 17:20:17.779  8285  8285 D ApkSoSource: not allowing consideration of lib/x86_64/liblogger.so: deferring to libdir
03-22 17:20:17.780  8285  8285 D ApkSoSource: not allowing consideration of lib/x86_64/libmapbufferjni.so: deferring to libdir
03-22 17:20:17.780  8285  8285 D ApkSoSource: not allowing consideration of lib/x86_64/libnative-filters.so: deferring to libdir
03-22 17:20:17.781  8285  8285 D ApkSoSource: not allowing consideration of lib/x86_64/libnative-imagetranscoder.so: deferring to libdir
03-22 17:20:17.781  8285  8285 D ApkSoSource: not allowing consideration of lib/x86_64/libreact_codegen_rncore.so: deferring to libdir
03-22 17:20:17.782  8285  8285 D ApkSoSource: not allowing consideration of lib/x86_64/libreact_debug.so: deferring to libdir
03-22 17:20:17.784  8285  8285 D ApkSoSource: not allowing consideration of lib/x86_64/libreact_nativemodule_core.so: deferring to libdir
03-22 17:20:17.785  8285  8285 D ApkSoSource: not allowing consideration of lib/x86_64/libreact_render_animations.so: deferring to libdir
03-22 17:20:17.787  8285  8285 D ApkSoSource: not allowing consideration of lib/x86_64/libreact_render_attributedstring.so: deferring to libdir
03-22 17:20:17.787  8285  8285 D ApkSoSource: not allowing consideration of lib/x86_64/libreact_render_componentregistry.so: deferring to libdir
03-22 17:20:17.787  8285  8285 D ApkSoSource: not allowing consideration of lib/x86_64/libreact_render_core.so: deferring to libdir
03-22 17:20:17.788  8285  8285 D ApkSoSource: not allowing consideration of lib/x86_64/libreact_render_debug.so: deferring to libdir
03-22 17:20:17.788  8285  8285 D ApkSoSource: not allowing consideration of lib/x86_64/libreact_render_graphics.so: deferring to libdir
03-22 17:20:17.788  8285  8285 D ApkSoSource: not allowing consideration of lib/x86_64/libreact_render_imagemanager.so: deferring to libdir
03-22 17:20:17.788  8285  8285 D ApkSoSource: not allowing consideration of lib/x86_64/libreact_render_leakchecker.so: deferring to libdir
03-22 17:20:17.788  8285  8285 D ApkSoSource: not allowing consideration of lib/x86_64/libreact_render_mapbuffer.so: deferring to libdir
03-22 17:20:17.789  8285  8285 D ApkSoSource: not allowing consideration of lib/x86_64/libreact_render_mounting.so: deferring to libdir
03-22 17:20:17.789  8285  8285 D ApkSoSource: not allowing consideration of lib/x86_64/libreact_render_runtimescheduler.so: deferring to libdir
03-22 17:20:17.789  8285  8285 D ApkSoSource: not allowing consideration of lib/x86_64/libreact_render_scheduler.so: deferring to libdir
03-22 17:20:17.789  8285  8285 D ApkSoSource: not allowing consideration of lib/x86_64/libreact_render_telemetry.so: deferring to libdir
03-22 17:20:17.789  8285  8285 D ApkSoSource: not allowing consideration of lib/x86_64/libreact_render_templateprocessor.so: deferring to libdir
03-22 17:20:17.790  8285  8285 D ApkSoSource: not allowing consideration of lib/x86_64/libreact_render_textlayoutmanager.so: deferring to libdir
03-22 17:20:17.790  8285  8285 D ApkSoSource: not allowing consideration of lib/x86_64/libreact_render_uimanager.so: deferring to libdir
03-22 17:20:17.790  8285  8285 D ApkSoSource: not allowing consideration of lib/x86_64/libreact_utils.so: deferring to libdir
03-22 17:20:17.790  8285  8285 D ApkSoSource: not allowing consideration of lib/x86_64/libreactconfig.so: deferring to libdir
03-22 17:20:17.791  8285  8285 D ApkSoSource: not allowing consideration of lib/x86_64/libreactnativeblob.so: deferring to libdir
03-22 17:20:17.791  8285  8285 D ApkSoSource: not allowing consideration of lib/x86_64/libreactnativejni.so: deferring to libdir
03-22 17:20:17.791  8285  8285 D ApkSoSource: not allowing consideration of lib/x86_64/libreactnativeutilsjni.so: deferring to libdir
03-22 17:20:17.791  8285  8285 D ApkSoSource: not allowing consideration of lib/x86_64/libreactperfloggerjni.so: deferring to libdir
03-22 17:20:17.792  8285  8285 D ApkSoSource: not allowing consideration of lib/x86_64/librrc_image.so: deferring to libdir
03-22 17:20:17.792  8285  8285 D ApkSoSource: not allowing consideration of lib/x86_64/librrc_modal.so: deferring to libdir
03-22 17:20:17.792  8285  8285 D ApkSoSource: not allowing consideration of lib/x86_64/librrc_progressbar.so: deferring to libdir
03-22 17:20:17.792  8285  8285 D ApkSoSource: not allowing consideration of lib/x86_64/librrc_root.so: deferring to libdir
03-22 17:20:17.792  8285  8285 D ApkSoSource: not allowing consideration of lib/x86_64/librrc_scrollview.so: deferring to libdir
03-22 17:20:17.792  8285  8285 D ApkSoSource: not allowing consideration of lib/x86_64/librrc_slider.so: deferring to libdir
03-22 17:20:17.793  8285  8285 D ApkSoSource: not allowing consideration of lib/x86_64/librrc_switch.so: deferring to libdir
03-22 17:20:17.793  8285  8285 D ApkSoSource: not allowing consideration of lib/x86_64/librrc_text.so: deferring to libdir
03-22 17:20:17.793  8285  8285 D ApkSoSource: not allowing consideration of lib/x86_64/librrc_textinput.so: deferring to libdir
03-22 17:20:17.794  8285  8285 D ApkSoSource: not allowing consideration of lib/x86_64/librrc_unimplementedview.so: deferring to libdir
03-22 17:20:17.794  8285  8285 D ApkSoSource: not allowing consideration of lib/x86_64/librrc_view.so: deferring to libdir
03-22 17:20:17.795  8285  8285 D ApkSoSource: not allowing consideration of lib/x86_64/libturbomodulejsijni.so: deferring to libdir
03-22 17:20:17.796  8285  8285 D ApkSoSource: not allowing consideration of lib/x86_64/libyoga.so: deferring to libdir
03-22 17:20:17.797  8285  8285 V fb-UnpackingSoSource: regenerating DSO store com.facebook.soloader.ApkSoSource
03-22 17:20:17.798  8285  8285 V fb-UnpackingSoSource: Finished regenerating DSO store com.facebook.soloader.ApkSoSource
03-22 17:20:17.799  8285  8285 V fb-UnpackingSoSource: starting syncer worker
03-22 17:20:17.821  8285  8285 V fb-UnpackingSoSource: releasing dso store lock for /data/user/0/com.detoxsample/lib-main (from syncer thread)
03-22 17:20:17.821  8285  8285 V fb-UnpackingSoSource: not releasing dso store lock for /data/user/0/com.detoxsample/lib-main (syncer thread started)
03-22 17:20:17.821  8285  8285 D SoLoader: init finish: 4 SO sources prepared
03-22 17:20:17.821  8285  8285 D SoLoader: init exiting
03-22 17:20:17.861  8285  8285 D SoLoader: init exiting
03-22 17:20:17.863  8285  8285 D SoLoader: About to load: libjscexecutor.so
03-22 17:20:17.865  8285  8285 D SoLoader: libjscexecutor.so not found on /data/data/com.detoxsample/lib-main
03-22 17:20:17.865  8285  8285 D SoLoader: libjscexecutor.so found on /data/app/~~8VIw0L4cEKCsOhr9Jee_4g==/com.detoxsample-28r8IToFVO1JGKmYiVj0Rw==/lib/x86_64
03-22 17:20:17.865  8285  8285 D SoLoader: Not resolving dependencies for libjscexecutor.so
03-22 17:20:17.877  8285  8285 D JavaScriptCore.Version: 250230.2.1
03-22 17:20:17.878  8285  8285 D SoLoader: Loaded: libjscexecutor.so
03-22 17:20:17.889  8285  8285 D SoLoader: init exiting
03-22 17:20:18.247  8285  8321 D SoLoader: About to load: libfbjni.so
03-22 17:20:18.249  8285  8321 D SoLoader: libfbjni.so not found on /data/data/com.detoxsample/lib-main
03-22 17:20:18.249  8285  8321 D SoLoader: libfbjni.so found on /data/app/~~8VIw0L4cEKCsOhr9Jee_4g==/com.detoxsample-28r8IToFVO1JGKmYiVj0Rw==/lib/x86_64
03-22 17:20:18.249  8285  8321 D SoLoader: Not resolving dependencies for libfbjni.so
03-22 17:20:18.252  8285  8321 D SoLoader: Loaded: libfbjni.so
03-22 17:20:18.252  8285  8321 D SoLoader: About to load: libflipper.so
03-22 17:20:18.252  8285  8321 D SoLoader: libflipper.so not found on /data/data/com.detoxsample/lib-main
03-22 17:20:18.252  8285  8321 D SoLoader: libflipper.so found on /data/app/~~8VIw0L4cEKCsOhr9Jee_4g==/com.detoxsample-28r8IToFVO1JGKmYiVj0Rw==/lib/x86_64
03-22 17:20:18.252  8285  8321 D SoLoader: Not resolving dependencies for libflipper.so
03-22 17:20:18.277  8285  8321 D SoLoader: Loaded: libflipper.so
03-22 17:20:18.310  8285  8285 W com.detoxsampl: Accessing hidden field Landroid/view/View;->mKeyedTags:Landroid/util/SparseArray; (unsupported, reflection, allowed)
03-22 17:20:18.311  8285  8285 W com.detoxsampl: Accessing hidden field Landroid/view/View;->mListenerInfo:Landroid/view/View$ListenerInfo; (unsupported, reflection, allowed)
03-22 17:20:18.311  8285  8285 W com.detoxsampl: Accessing hidden field Landroid/view/View$ListenerInfo;->mOnClickListener:Landroid/view/View$OnClickListener; (unsupported, reflection, allowed)
03-22 17:20:18.333  8285  8285 I flipper : flipper: FlipperClient::addPlugin Inspector
03-22 17:20:18.334  8285  8285 I flipper : flipper: FlipperClient::addPlugin React
03-22 17:20:18.339  8285  8285 I flipper : flipper: FlipperClient::addPlugin Databases
03-22 17:20:18.342  8285  8285 I flipper : flipper: FlipperClient::addPlugin Preferences
03-22 17:20:18.343  8285  8285 I flipper : flipper: FlipperClient::addPlugin CrashReporter
03-22 17:20:18.351  8285  8285 I flipper : flipper: FlipperClient::addPlugin Network
03-22 17:20:18.385  8285  8305 I UsageTrackerFacilitator: Usage tracking enabled
03-22 17:20:18.393  8285  8305 I TestRequestBuilder: Scanning classpath to find tests in paths [/data/app/~~8WXeQPs167k3sD_w-e59UA==/com.detoxsample.test-Rp8oqKXZkKuvdjzRYvGBBA==/base.apk]
03-22 17:20:18.395  8285  8305 W com.detoxsampl: Opening an oat file without a class loader. Are you using the deprecated DexFile APIs?
03-22 17:20:19.002  8285  8305 D TestExecutor: Adding listener androidx.test.internal.runner.listener.LogRunListener
03-22 17:20:19.004  8285  8305 D TestExecutor: Adding listener androidx.test.internal.runner.listener.InstrumentationResultPrinter
03-22 17:20:19.005  8285  8305 D TestExecutor: Adding listener androidx.test.internal.runner.listener.ActivityFinisherRunListener
03-22 17:20:19.007  8285  8305 I TestRunner: run started: 1 tests
03-22 17:20:19.013  8285  8305 I TestRunner: started: runDetoxTests(com.detoxsample.DetoxTest)
03-22 17:20:19.061  8285  8305 D EventInjectionStrategy: Creating injection strategy with input manager.
03-22 17:20:19.062  8285  8305 W com.detoxsampl: Accessing hidden method Landroid/hardware/input/InputManager;->getInstance()Landroid/hardware/input/InputManager; (unsupported, reflection, allowed)
03-22 17:20:19.063  8285  8305 W com.detoxsampl: Accessing hidden method Landroid/hardware/input/InputManager;->injectInputEvent(Landroid/view/InputEvent;I)Z (unsupported, reflection, allowed)
03-22 17:20:19.063  8285  8305 W com.detoxsampl: Accessing hidden field Landroid/hardware/input/InputManager;->INJECT_INPUT_EVENT_MODE_WAIT_FOR_FINISH:I (unsupported, reflection, allowed)
03-22 17:20:19.090  8285  8305 W com.detoxsampl: Accessing hidden field Ljava/lang/reflect/Field;->accessFlags:I (unsupported, reflection, allowed)
03-22 17:20:19.162  8285  8344 D libEGL  : loaded /vendor/lib64/egl/libEGL_emulation.so
03-22 17:20:19.169  8285  8344 D libEGL  : loaded /vendor/lib64/egl/libGLESv1_CM_emulation.so
03-22 17:20:19.173  8285  8344 D libEGL  : loaded /vendor/lib64/egl/libGLESv2_emulation.so
03-22 17:20:19.265  8285  8285 D LifecycleMonitor: Lifecycle status change: com.detoxsample.MainActivity@f70fa2c in: PRE_ON_CREATE
03-22 17:20:19.359  8285  8329 D SoLoader: About to load: libreactnativejni.so
03-22 17:20:19.360  8285  8329 D SoLoader: libreactnativejni.so not found on /data/data/com.detoxsample/lib-main
03-22 17:20:19.360  8285  8329 D SoLoader: libreactnativejni.so found on /data/app/~~8VIw0L4cEKCsOhr9Jee_4g==/com.detoxsample-28r8IToFVO1JGKmYiVj0Rw==/lib/x86_64
03-22 17:20:19.362  8285  8329 D SoLoader: Not resolving dependencies for libreactnativejni.so
03-22 17:20:19.365  8285  8329 D SoLoader: Loaded: libreactnativejni.so
03-22 17:20:19.387  8285  8285 W com.detoxsampl: Accessing hidden method Landroid/view/View;->computeFitSystemWindows(Landroid/graphics/Rect;Landroid/graphics/Rect;)Z (unsupported, reflection, allowed)
03-22 17:20:19.388  8285  8285 W com.detoxsampl: Accessing hidden method Landroid/view/ViewGroup;->makeOptionalFitsSystemWindows()V (unsupported, reflection, allowed)
03-22 17:20:19.402  8285  8285 D LifecycleMonitor: Lifecycle status change: com.detoxsample.MainActivity@f70fa2c in: CREATED
03-22 17:20:19.405  8285  8285 D LifecycleMonitor: Lifecycle status change: com.detoxsample.MainActivity@f70fa2c in: STARTED
03-22 17:20:19.408  8285  8285 D LifecycleMonitor: Lifecycle status change: com.detoxsample.MainActivity@f70fa2c in: RESUMED
03-22 17:20:19.448  8285  8285 W unknown:ReactNative: Packager connection already open, nooping.
03-22 17:20:19.484  8285  8341 D HostConnection: createUnique: call
03-22 17:20:19.491  8285  8341 D HostConnection: HostConnection::get() New Host Connection established 0x73a0edf04ed0, tid 8341
03-22 17:20:19.497  8285  8341 D HostConnection: HostComposition ext ANDROID_EMU_CHECKSUM_HELPER_v1 ANDROID_EMU_native_sync_v2 ANDROID_EMU_native_sync_v3 ANDROID_EMU_native_sync_v4 ANDROID_EMU_dma_v1 ANDROID_EMU_direct_mem ANDROID_EMU_host_composition_v1 ANDROID_EMU_host_composition_v2 ANDROID_EMU_YUV_Cache ANDROID_EMU_async_unmap_buffer ANDROID_EMU_has_shared_slots_host_memory_allocator ANDROID_EMU_sync_buffer_data GL_OES_EGL_image_external_essl3 GL_OES_vertex_array_object GL_KHR_texture_compression_astc_ldr ANDROID_EMU_host_side_tracing ANDROID_EMU_async_frame_commands ANDROID_EMU_gles_max_version_3_0 
03-22 17:20:19.514  8285  8341 W OpenGLRenderer: Failed to choose config with EGL_SWAP_BEHAVIOR_PRESERVED, retrying without...
03-22 17:20:19.514  8285  8341 W OpenGLRenderer: Failed to initialize 101010-2 format, error = EGL_SUCCESS
03-22 17:20:19.516  8285  8341 D EGL_emulation: eglCreateContext: 0x73a0edf03310: maj 3 min 0 rcv 3
03-22 17:20:19.518  8285  8341 D EGL_emulation: eglMakeCurrent: 0x73a0edf03310: ver 3 0 (tinfo 0x73a30947e080) (first time)
03-22 17:20:19.532  8285  8341 I Gralloc4: mapper 4.x is not supported
03-22 17:20:19.534  8285  8341 D HostConnection: createUnique: call
03-22 17:20:19.535  8285  8341 D HostConnection: HostConnection::get() New Host Connection established 0x73a0edf042d0, tid 8341
03-22 17:20:19.536  8285  8341 D goldfish-address-space: allocate: Ask for block of size 0x100
03-22 17:20:19.536  8285  8341 D goldfish-address-space: allocate: ioctl allocate returned offset 0x3e3ffe000 size 0x2000
03-22 17:20:19.539  8285  8341 W Gralloc4: allocator 4.x is not supported
03-22 17:20:19.548  8285  8341 D HostConnection: HostComposition ext ANDROID_EMU_CHECKSUM_HELPER_v1 ANDROID_EMU_native_sync_v2 ANDROID_EMU_native_sync_v3 ANDROID_EMU_native_sync_v4 ANDROID_EMU_dma_v1 ANDROID_EMU_direct_mem ANDROID_EMU_host_composition_v1 ANDROID_EMU_host_composition_v2 ANDROID_EMU_YUV_Cache ANDROID_EMU_async_unmap_buffer ANDROID_EMU_has_shared_slots_host_memory_allocator ANDROID_EMU_sync_buffer_data GL_OES_EGL_image_external_essl3 GL_OES_vertex_array_object GL_KHR_texture_compression_astc_ldr ANDROID_EMU_host_side_tracing ANDROID_EMU_async_frame_commands ANDROID_EMU_gles_max_version_3_0 
03-22 17:20:19.816  8285  8305 I Detox   : Detox server connection details: url=ws://localhost:60709, sessionId=5721659d-3402-f0f0-b1ea-a74bca7acc9e
03-22 17:20:19.828  8285  8353 I DetoxDispatcher: Handling action '_init' (ID #0)...
03-22 17:20:19.828  8285  8353 I Detox   : Connecting to server...
03-22 17:20:19.828  8285  8353 I DetoxWSClient: At connectToServer
03-22 17:20:19.856  8285  8355 D DetoxWSClient: At onOpen
03-22 17:20:19.857  8285  8355 I DetoxWSClient: Sending out action 'login' (ID #0)
03-22 17:20:19.858  8285  8355 I Detox   : Connected to server!
03-22 17:20:19.866  8285  8355 D DetoxWSClient: Received action 'loginSuccess' (ID #0, params={"testerConnected":true,"appConnected":true})
03-22 17:20:19.871  8285  8355 D DetoxWSClient: Received action 'isReady' (ID #-1000, params={})
03-22 17:20:19.906  8285  8351 W unknown:ReactContext: initializeMessageQueueThreads() is called.
03-22 17:20:19.920  8285  8285 W unknown:ReactNative: Packager connection already open, nooping.
03-22 17:20:19.986  8285  8359 W unknown:ViewManagerPropertyUpdater: Could not find generated setter for class com.facebook.react.views.drawer.ReactDrawerLayoutManager
03-22 17:20:19.995  8285  8359 W unknown:ViewManagerPropertyUpdater: Could not find generated setter for class com.facebook.react.uimanager.LayoutShadowNode
03-22 17:20:19.999  8285  8359 W unknown:ViewManagerPropertyUpdater: Could not find generated setter for class com.facebook.react.views.scroll.ReactHorizontalScrollViewManager
03-22 17:20:20.002  8285  8359 W unknown:ViewManagerPropertyUpdater: Could not find generated setter for class com.facebook.react.views.scroll.ReactHorizontalScrollContainerViewManager
03-22 17:20:20.003  8285  8359 W unknown:ViewManagerPropertyUpdater: Could not find generated setter for class com.facebook.react.views.progressbar.ReactProgressBarViewManager
03-22 17:20:20.006  8285  8359 W unknown:ViewManagerPropertyUpdater: Could not find generated setter for class com.facebook.react.views.progressbar.ProgressBarShadowNode
03-22 17:20:20.008  8285  8359 W unknown:ViewManagerPropertyUpdater: Could not find generated setter for class com.facebook.react.views.scroll.ReactScrollViewManager
03-22 17:20:20.011  8285  8359 W unknown:ViewManagerPropertyUpdater: Could not find generated setter for class com.facebook.react.views.slider.ReactSliderManager
03-22 17:20:20.013  8285  8359 W unknown:ViewManagerPropertyUpdater: Could not find generated setter for class com.facebook.react.views.slider.ReactSliderManager$ReactSliderShadowNode
03-22 17:20:20.014  8285  8359 W unknown:ViewManagerPropertyUpdater: Could not find generated setter for class com.facebook.react.views.switchview.ReactSwitchManager
03-22 17:20:20.016  8285  8359 W unknown:ViewManagerPropertyUpdater: Could not find generated setter for class com.facebook.react.views.switchview.ReactSwitchManager$ReactSwitchShadowNode
03-22 17:20:20.017  8285  8359 W unknown:ViewManagerPropertyUpdater: Could not find generated setter for class com.facebook.react.views.swiperefresh.SwipeRefreshLayoutManager
03-22 17:20:20.020  8285  8359 W unknown:ViewManagerPropertyUpdater: Could not find generated setter for class com.facebook.react.views.text.frescosupport.FrescoBasedReactTextInlineImageViewManager
03-22 17:20:20.021  8285  8359 W unknown:ViewManagerPropertyUpdater: Could not find generated setter for class com.facebook.react.views.text.frescosupport.FrescoBasedReactTextInlineImageShadowNode
03-22 17:20:20.027  8285  8359 W unknown:ViewManagerPropertyUpdater: Could not find generated setter for class com.facebook.react.views.image.ReactImageManager
03-22 17:20:20.029  8285  8359 W unknown:ViewManagerPropertyUpdater: Could not find generated setter for class com.facebook.react.views.modal.ReactModalHostManager
03-22 17:20:20.031  8285  8359 W unknown:ViewManagerPropertyUpdater: Could not find generated setter for class com.facebook.react.views.modal.ModalHostShadowNode
03-22 17:20:20.032  8285  8359 W unknown:ViewManagerPropertyUpdater: Could not find generated setter for class com.facebook.react.views.text.ReactRawTextManager
03-22 17:20:20.033  8285  8359 W unknown:ViewManagerPropertyUpdater: Could not find generated setter for class com.facebook.react.views.text.ReactRawTextShadowNode
03-22 17:20:20.034  8285  8359 W unknown:ViewManagerPropertyUpdater: Could not find generated setter for class com.facebook.react.views.textinput.ReactTextInputManager
03-22 17:20:20.042  8285  8359 W unknown:ViewManagerPropertyUpdater: Could not find generated setter for class com.facebook.react.views.textinput.ReactTextInputShadowNode
03-22 17:20:20.046  8285  8359 W unknown:ViewManagerPropertyUpdater: Could not find generated setter for class com.facebook.react.views.text.ReactTextViewManager
03-22 17:20:20.048  8285  8359 W unknown:ViewManagerPropertyUpdater: Could not find generated setter for class com.facebook.react.views.text.ReactTextShadowNode
03-22 17:20:20.050  8285  8359 W unknown:ViewManagerPropertyUpdater: Could not find generated setter for class com.facebook.react.views.view.ReactViewManager
03-22 17:20:20.053  8285  8359 W unknown:ViewManagerPropertyUpdater: Could not find generated setter for class com.facebook.react.views.text.ReactVirtualTextViewManager
03-22 17:20:20.054  8285  8359 W unknown:ViewManagerPropertyUpdater: Could not find generated setter for class com.facebook.react.views.text.ReactVirtualTextShadowNode
03-22 17:20:20.056  8285  8359 W unknown:ViewManagerPropertyUpdater: Could not find generated setter for class com.facebook.react.views.unimplementedview.ReactUnimplementedViewManager
03-22 17:20:20.077  8285  8359 W unknown:ReactContext: initializeMessageQueueThreads() is called.
03-22 17:20:20.089  8285  8359 D SoLoader: About to load: libyoga.so
03-22 17:20:20.090  8285  8359 D SoLoader: libyoga.so not found on /data/data/com.detoxsample/lib-main
03-22 17:20:20.091  8285  8359 D SoLoader: libyoga.so found on /data/app/~~8VIw0L4cEKCsOhr9Jee_4g==/com.detoxsample-28r8IToFVO1JGKmYiVj0Rw==/lib/x86_64
03-22 17:20:20.091  8285  8359 D SoLoader: Not resolving dependencies for libyoga.so
03-22 17:20:20.092  8285  8359 D SoLoader: Loaded: libyoga.so
03-22 17:20:20.112  8285  8285 I DetoxRNLoading: Got new RN-context async'ly through listener
03-22 17:20:20.114  8285  8353 I DetoxRNIdleRes: Setting up Espresso Idling Resources for React Native
03-22 17:20:20.138  8285  8353 D AsyncStorageIR: Checking whether a custom IR for Async-Storage is required... (legacy=false)
03-22 17:20:20.140  8285  8353 D DetoxRNHelpers: Native RN module resolution (class com.reactnativecommunity.asyncstorage.AsyncStorageModule): no such class
03-22 17:20:20.140  8285  8353 D AsyncStorageIR: Checking whether a custom IR for Async-Storage is required... (legacy=true)
03-22 17:20:20.142  8285  8353 D AsyncStorageIR: IR for Async-Storage is required! (legacy=true)
03-22 17:20:20.148  8285  8285 D AsyncStorageIRLegacy: Async-storage is busy!
03-22 17:20:20.158  8285  8358 D SoLoader: About to load: libreactnativeblob.so
03-22 17:20:20.159  8285  8358 D SoLoader: libreactnativeblob.so not found on /data/data/com.detoxsample/lib-main
03-22 17:20:20.159  8285  8358 D SoLoader: libreactnativeblob.so found on /data/app/~~8VIw0L4cEKCsOhr9Jee_4g==/com.detoxsample-28r8IToFVO1JGKmYiVj0Rw==/lib/x86_64
03-22 17:20:20.160  8285  8358 D SoLoader: Not resolving dependencies for libreactnativeblob.so
03-22 17:20:20.164  8285  8358 D SoLoader: Loaded: libreactnativeblob.so
03-22 17:20:20.166  8285  8353 I DetoxDispatcher: Done with action '_init'
03-22 17:20:20.166  8285  8353 I DetoxDispatcher: Handling action 'isReady' (ID #-1000)...
03-22 17:20:20.173  8285  8285 W com.detoxsampl: Accessing hidden method Landroid/os/MessageQueue;->next()Landroid/os/Message; (unsupported, reflection, allowed)
03-22 17:20:20.175  8285  8285 W com.detoxsampl: Accessing hidden field Landroid/os/MessageQueue;->mMessages:Landroid/os/Message; (unsupported, reflection, allowed)
03-22 17:20:20.176  8285  8285 W com.detoxsampl: Accessing hidden method Landroid/os/Message;->recycleUnchecked()V (unsupported, reflection, allowed)
03-22 17:20:20.245  8285  8359 I flipper : flipper: FlipperClient::addPlugin Fresco
03-22 17:20:20.254  8285  8359 I WebViewFactory: Loading com.google.android.webview version 91.0.4472.114 (code 447211487)
03-22 17:20:20.344  8285  8359 W com.detoxsampl: Accessing hidden method Landroid/os/Trace;->isTagEnabled(J)Z (unsupported, reflection, allowed)
03-22 17:20:20.345  8285  8359 W com.detoxsampl: Accessing hidden method Landroid/os/Trace;->traceBegin(JLjava/lang/String;)V (unsupported, reflection, allowed)
03-22 17:20:20.345  8285  8359 W com.detoxsampl: Accessing hidden method Landroid/os/Trace;->traceEnd(J)V (unsupported, reflection, allowed)
03-22 17:20:20.346  8285  8359 W com.detoxsampl: Accessing hidden method Landroid/os/Trace;->asyncTraceBegin(JLjava/lang/String;I)V (unsupported, reflection, allowed)
03-22 17:20:20.346  8285  8359 W com.detoxsampl: Accessing hidden method Landroid/os/Trace;->asyncTraceEnd(JLjava/lang/String;I)V (unsupported, reflection, allowed)
03-22 17:20:20.395  8285  8359 I cr_LibraryLoader: Loaded native library version number "91.0.4472.114"
03-22 17:20:20.396  8285  8359 I cr_CachingUmaRecorder: Flushed 8 samples from 8 histograms.
03-22 17:20:20.398  8285  8358 I ReactNativeJS: Running "DetoxSample" with {"rootTag":1}
03-22 17:20:20.564  8285  8285 D CompatibilityChangeReporter: Compat change id reported: 171228096; UID 10152; state: ENABLED
03-22 17:20:20.566  8285  8285 W com.detoxsampl: Accessing hidden field Landroid/widget/ScrollView;->mScroller:Landroid/widget/OverScroller; (unsupported, reflection, allowed)
03-22 17:20:20.667  8285  8285 I Detox   : Wait is over: app is now idle!
03-22 17:20:20.669  8285  8353 I DetoxWSClient: Sending out action 'ready' (ID #-1000)
03-22 17:20:20.671  8285  8353 I DetoxDispatcher: Done with action 'isReady'
03-22 17:20:20.672  8285  8353 I DetoxDispatcher: Handling action 'loginSuccess' (ID #0)...
03-22 17:20:20.672  8285  8353 I DetoxDispatcher: Done with action 'loginSuccess'
03-22 17:20:20.674  8285  8353 I DetoxDispatcher: Handling action 'isReady' (ID #-1000)...
03-22 17:20:20.688  8285  8285 I Detox   : Wait is over: app is now idle!
03-22 17:20:20.689  8285  8353 I DetoxWSClient: Sending out action 'ready' (ID #-1000)
03-22 17:20:20.691  8285  8353 I DetoxDispatcher: Done with action 'isReady'
