--------- beginning of main
03-22 17:38:39.004 13174 13174 W com.detoxsampl: Accessing hidden method Landroid/os/MessageQueue;->next()Landroid/os/Message; (unsupported, reflection, allowed)
03-22 17:38:39.004 13174 13174 W com.detoxsampl: Accessing hidden field Landroid/os/MessageQueue;->mMessages:Landroid/os/Message; (unsupported, reflection, allowed)
03-22 17:38:39.005 13174 13174 W com.detoxsampl: Accessing hidden method Landroid/os/Message;->recycleUnchecked()V (unsupported, reflection, allowed)
03-22 17:38:39.066 13174 13254 I flipper : flipper: FlipperClient::addPlugin Fresco
03-22 17:38:39.079 13174 13254 I WebViewFactory: Loading com.google.android.webview version 91.0.4472.114 (code 447211487)
03-22 17:38:39.139 13174 13254 W com.detoxsampl: Accessing hidden method Landroid/os/Trace;->isTagEnabled(J)Z (unsupported, reflection, allowed)
03-22 17:38:39.139 13174 13254 W com.detoxsampl: Accessing hidden method Landroid/os/Trace;->traceBegin(JLjava/lang/String;)V (unsupported, reflection, allowed)
03-22 17:38:39.139 13174 13254 W com.detoxsampl: Accessing hidden method Landroid/os/Trace;->traceEnd(J)V (unsupported, reflection, allowed)
03-22 17:38:39.139 13174 13254 W com.detoxsampl: Accessing hidden method Landroid/os/Trace;->asyncTraceBegin(JLjava/lang/String;I)V (unsupported, reflection, allowed)
03-22 17:38:39.140 13174 13254 W com.detoxsampl: Accessing hidden method Landroid/os/Trace;->asyncTraceEnd(JLjava/lang/String;I)V (unsupported, reflection, allowed)
03-22 17:38:39.191 13174 13254 I cr_LibraryLoader: Loaded native library version number "91.0.4472.114"
03-22 17:38:39.205 13174 13254 I cr_CachingUmaRecorder: Flushed 4 samples from 4 histograms.
03-22 17:38:39.246 13174 13253 I ReactNativeJS: Running "DetoxSample" with {"rootTag":1}
03-22 17:38:39.507 13174 13174 D CompatibilityChangeReporter: Compat change id reported: 171228096; UID 10168; state: ENABLED
03-22 17:38:39.510 13174 13174 W com.detoxsampl: Accessing hidden field Landroid/widget/ScrollView;->mScroller:Landroid/widget/OverScroller; (unsupported, reflection, allowed)
03-22 17:38:39.564 13174 13236 D EGL_emulation: app_time_stats: avg=410.23ms min=80.18ms max=1039.02ms count=3
03-22 17:38:39.569 13174 13174 I Detox   : Wait is over: app is now idle!
03-22 17:38:39.570 13174 13248 I DetoxWSClient: Sending out action 'ready' (ID #-1000)
03-22 17:38:39.571 13174 13248 I DetoxDispatcher: Done with action 'isReady'
03-22 17:38:39.571 13174 13248 I DetoxDispatcher: Handling action 'loginSuccess' (ID #0)...
03-22 17:38:39.571 13174 13248 I DetoxDispatcher: Done with action 'loginSuccess'
03-22 17:38:39.571 13174 13248 I DetoxDispatcher: Handling action 'isReady' (ID #-1000)...
03-22 17:38:39.585 13174 13174 I Detox   : Wait is over: app is now idle!
03-22 17:38:39.586 13174 13248 I DetoxWSClient: Sending out action 'ready' (ID #-1000)
03-22 17:38:39.589 13174 13248 I DetoxDispatcher: Done with action 'isReady'
03-22 17:38:39.653 13174 13250 D DetoxWSClient: Received action 'invoke' (ID #1, params={"target":{"type":"Class","value":"com.wix.detox.espresso.EspressoDetox"},"method":"perform","args":[{"type":"Invocation","value":{"target":{"type":"Class","value":"androidx.test.espresso.Espresso"},"method":"onView","args":[{"type":"Invocation","value":{"target":{"type":"Class","value":"com.wix.detox.espresso.DetoxMatcher"},"method":"matcherForTestId","args":["initRazorpay"]}}]}},{"type":"Invocation","value":{"target":{"type":"Class","value":"com.wix.detox.espresso.DetoxViewActions"},"method":"click","args":[]}}]})
03-22 17:38:39.654 13174 13248 I DetoxDispatcher: Handling action 'invoke' (ID #1)...
03-22 17:38:39.677 13174 13248 D Detox   : class com.wix.detox.espresso.DetoxMatcher, matcherForTestId, [initRazorpay]
03-22 17:38:39.713 13174 13248 D Detox   : class androidx.test.espresso.Espresso, onView, [(view.getTag() is "initRazorpay" and view has effective visibility <VISIBLE>)]
03-22 17:38:39.716 13174 13248 D Detox   : class com.wix.detox.espresso.DetoxViewActions, click, []
03-22 17:38:39.721 13174 13248 W com.detoxsampl: Accessing hidden method Landroid/view/ViewConfiguration;->getDoubleTapMinTime()I (unsupported, reflection, allowed)
03-22 17:38:39.732 13174 13248 D Detox   : class com.wix.detox.espresso.EspressoDetox, perform, [androidx.test.espresso.ViewInteraction@ea1c27, com.wix.detox.espresso.action.RNClickAction@56c0ed4]
03-22 17:38:39.755 13174 13174 W com.detoxsampl: Accessing hidden method Landroid/view/WindowManagerGlobal;->getInstance()Landroid/view/WindowManagerGlobal; (unsupported, reflection, allowed)
03-22 17:38:39.755 13174 13174 W com.detoxsampl: Accessing hidden field Landroid/view/WindowManagerGlobal;->mViews:Ljava/util/ArrayList; (unsupported, reflection, allowed)
03-22 17:38:39.755 13174 13174 W com.detoxsampl: Accessing hidden field Landroid/view/WindowManagerGlobal;->mParams:Ljava/util/ArrayList; (unsupported, reflection, allowed)
03-22 17:38:39.767 13174 13174 I ViewInteraction: Performing 'com.wix.detox.espresso.action.detoxsingletap@841b372 click' action on view (view.getTag() is "initRazorpay" and view has effective visibility <VISIBLE>)
03-22 17:38:39.805 13174 13174 I Detox   : UIManagerModule is busy
03-22 17:38:39.821 13174 13253 I ReactNativeJS: clicked
03-22 17:38:40.276 13174 13174 I Detox   : AnimatedModule is busy.
03-22 17:38:40.283 13174 13174 I Detox   : AnimatedModule is busy.
03-22 17:38:40.295 13174 13174 I Detox   : AnimatedModule is busy.
03-22 17:38:40.313 13174 13174 I Detox   : AnimatedModule is busy.
03-22 17:38:40.328 13174 13174 I Detox   : AnimatedModule is busy.
03-22 17:38:40.345 13174 13174 I Detox   : AnimatedModule is busy.
03-22 17:38:40.363 13174 13174 I Detox   : AnimatedModule is busy.
03-22 17:38:40.380 13174 13174 I Detox   : AnimatedModule is busy.
03-22 17:38:40.397 13174 13174 I Detox   : AnimatedModule is busy.
03-22 17:38:40.412 13174 13174 I Detox   : AnimatedModule is busy.
03-22 17:38:40.430 13174 13174 I Detox   : AnimatedModule is busy.
03-22 17:38:40.899 13174 13248 I DetoxWSClient: Sending out action 'invokeResult' (ID #1)
03-22 17:38:40.900 13174 13248 I DetoxDispatcher: Done with action 'invoke'
03-22 17:38:40.910 13174 13250 D DetoxWSClient: Received action 'invoke' (ID #2, params={"target":{"type":"Class","value":"com.wix.detox.espresso.DetoxAssertion"},"method":"assertMatcher","args":[{"type":"Invocation","value":{"target":{"type":"Class","value":"androidx.test.espresso.Espresso"},"method":"onView","args":[{"type":"Invocation","value":{"target":{"type":"Class","value":"com.wix.detox.espresso.DetoxMatcher"},"method":"matcherForText","args":["Razorpay Initialized"]}}]}},{"type":"Invocation","value":{"target":{"type":"Class","value":"com.wix.detox.espresso.DetoxMatcher"},"method":"matcherForSufficientlyVisible","args":[{"type":"Integer","value":75}]}}]})
03-22 17:38:40.911 13174 13248 I DetoxDispatcher: Handling action 'invoke' (ID #2)...
03-22 17:38:40.912 13174 13248 D Detox   : class com.wix.detox.espresso.DetoxMatcher, matcherForText, [Razorpay Initialized]
03-22 17:38:40.913 13174 13248 D Detox   : class androidx.test.espresso.Espresso, onView, [(an instance of android.widget.TextView and view.getText() with or without transformation to match: is "Razorpay Initialized" and view has effective visibility <VISIBLE>)]
03-22 17:38:40.913 13174 13248 D Detox   : class com.wix.detox.espresso.DetoxMatcher, matcherForSufficientlyVisible, [75]
03-22 17:38:40.915 13174 13248 D Detox   : class com.wix.detox.espresso.DetoxAssertion, assertMatcher, [androidx.test.espresso.ViewInteraction@be9e18c, (view has effective visibility <VISIBLE> and view.getGlobalVisibleRect() covers at least <75> percent of the view's area)]
03-22 17:38:40.925 13174 13174 I ViewInteraction: Checking 'MatchesViewAssertion(Detox){viewMatcher=(view has effective visibility <VISIBLE> and view.getGlobalVisibleRect() covers at least <75> percent of the view's area)}' assertion on view (an instance of android.widget.TextView and view.getText() with or without transformation to match: is "Razorpay Initialized" and view has effective visibility <VISIBLE>)
03-22 17:38:40.927 13174 13248 I DetoxWSClient: Sending out action 'invokeResult' (ID #2)
03-22 17:38:40.927 13174 13248 I DetoxDispatcher: Done with action 'invoke'
