--------- beginning of main
03-22 22:10:35.144 12891 12891 I ViewInteraction: Checking 'MatchesViewAssertion(Detox){viewMatcher=(view has effective visibility <VISIBLE> and view.getGlobalVisibleRect() covers at least <75> percent of the view's area)}' assertion on view (an instance of android.widget.TextView and view.getText() with or without transformation to match: is "VPA Validity : true" and view has effective visibility <VISIBLE>)
03-22 22:10:35.146 12891 12960 I DetoxWSClient: Sending out action 'invokeResult' (ID #20)
03-22 22:10:35.153 12891 12960 I DetoxDispatcher: Done with action 'invoke'
03-22 22:10:35.286 12891 12962 D DetoxWSClient: Received action 'invoke' (ID #21, params={"target":{"type":"Class","value":"com.wix.detox.espresso.EspressoDetox"},"method":"perform","args":[{"type":"Invocation","value":{"target":{"type":"Class","value":"androidx.test.espresso.Espresso"},"method":"onView","args":[{"type":"Invocation","value":{"target":{"type":"Class","value":"com.wix.detox.espresso.DetoxMatcher"},"method":"matcherForTestId","args":["vpaAddress"]}}]}},{"type":"Invocation","value":{"target":{"type":"Class","value":"androidx.test.espresso.action.ViewActions"},"method":"replaceText","args":["failure@pay"]}}]})
03-22 22:10:35.287 12891 12960 I DetoxDispatcher: Handling action 'invoke' (ID #21)...
03-22 22:10:35.288 12891 12960 D Detox   : class com.wix.detox.espresso.DetoxMatcher, matcherForTestId, [vpaAddress]
03-22 22:10:35.289 12891 12960 D Detox   : class androidx.test.espresso.Espresso, onView, [(view.getTag() is "vpaAddress" and view has effective visibility <VISIBLE>)]
03-22 22:10:35.289 12891 12960 D Detox   : class androidx.test.espresso.action.ViewActions, replaceText, [failure@pay]
03-22 22:10:35.290 12891 12960 D Detox   : class com.wix.detox.espresso.EspressoDetox, perform, [androidx.test.espresso.ViewInteraction@e1e44b, androidx.test.espresso.action.ReplaceTextAction@bf3e28]
03-22 22:10:35.303 12891 12891 I ViewInteraction: Performing 'replace text(failure@pay)' action on view (view.getTag() is "vpaAddress" and view has effective visibility <VISIBLE>)
03-22 22:10:35.324 12891 12960 I DetoxWSClient: Sending out action 'invokeResult' (ID #21)
03-22 22:10:35.353 12891 12960 I DetoxDispatcher: Done with action 'invoke'
03-22 22:10:35.365 12891 12962 D DetoxWSClient: Received action 'invoke' (ID #22, params={"target":{"type":"Class","value":"com.wix.detox.espresso.EspressoDetox"},"method":"perform","args":[{"type":"Invocation","value":{"target":{"type":"Class","value":"androidx.test.espresso.Espresso"},"method":"onView","args":[{"type":"Invocation","value":{"target":{"type":"Class","value":"com.wix.detox.espresso.DetoxMatcher"},"method":"matcherForText","args":["PAY WITH UPI COLLECT"]}}]}},{"type":"Invocation","value":{"target":{"type":"Class","value":"com.wix.detox.espresso.DetoxViewActions"},"method":"click","args":[]}}]})
03-22 22:10:35.367 12891 12960 I DetoxDispatcher: Handling action 'invoke' (ID #22)...
03-22 22:10:35.367 12891 12960 D Detox   : class com.wix.detox.espresso.DetoxMatcher, matcherForText, [PAY WITH UPI COLLECT]
03-22 22:10:35.368 12891 12960 D Detox   : class androidx.test.espresso.Espresso, onView, [(an instance of android.widget.TextView and view.getText() with or without transformation to match: is "PAY WITH UPI COLLECT" and view has effective visibility <VISIBLE>)]
03-22 22:10:35.377 12891 12960 D Detox   : class com.wix.detox.espresso.DetoxViewActions, click, []
03-22 22:10:35.380 12891 12960 D Detox   : class com.wix.detox.espresso.EspressoDetox, perform, [androidx.test.espresso.ViewInteraction@9687a27, com.wix.detox.espresso.action.RNClickAction@7de14d4]
03-22 22:10:35.437 12891 12891 I ViewInteraction: Performing 'com.wix.detox.espresso.action.detoxsingletap@d71aa40 click' action on view (an instance of android.widget.TextView and view.getText() with or without transformation to match: is "PAY WITH UPI COLLECT" and view has effective visibility <VISIBLE>)
03-22 22:10:35.542 12891 12891 D LifecycleMonitor: Lifecycle status change: com.razorpay.rn.RazorpayPaymentActivity@3a6239a in: STOPPED
03-22 22:10:35.555 12891 12891 D LifecycleMonitor: Lifecycle status change: com.razorpay.rn.RazorpayPaymentActivity@3a6239a in: DESTROYED
03-22 22:10:36.085 12891 12949 D EGL_emulation: app_time_stats: avg=21.75ms min=3.63ms max=126.48ms count=42
03-22 22:10:36.461 12891 12960 I DetoxWSClient: Sending out action 'invokeResult' (ID #22)
03-22 22:10:36.465 12891 12960 I DetoxDispatcher: Done with action 'invoke'
03-22 22:10:36.478 12891 12962 D DetoxWSClient: Received action 'invoke' (ID #23, params={"target":{"type":"Class","value":"com.wix.detox.espresso.DetoxAssertion"},"method":"waitForAssertMatcher","args":[{"type":"Invocation","value":{"target":{"type":"Class","value":"androidx.test.espresso.Espresso"},"method":"onView","args":[{"type":"Invocation","value":{"target":{"type":"Class","value":"com.wix.detox.espresso.DetoxMatcher"},"method":"matcherForText","args":["OK"]}}]}},{"type":"Invocation","value":{"target":{"type":"Class","value":"com.wix.detox.espresso.DetoxMatcher"},"method":"matcherForSufficientlyVisible","args":[{"type":"Integer","value":75}]}},{"type":"Double","value":3}]})
03-22 22:10:36.478 12891 12960 I DetoxDispatcher: Handling action 'invoke' (ID #23)...
03-22 22:10:36.479 12891 12960 D Detox   : class com.wix.detox.espresso.DetoxMatcher, matcherForText, [OK]
03-22 22:10:36.484 12891 12960 D Detox   : class androidx.test.espresso.Espresso, onView, [(an instance of android.widget.TextView and view.getText() with or without transformation to match: is "OK" and view has effective visibility <VISIBLE>)]
03-22 22:10:36.485 12891 12960 D Detox   : class com.wix.detox.espresso.DetoxMatcher, matcherForSufficientlyVisible, [75]
03-22 22:10:36.490 12891 12960 D Detox   : class com.wix.detox.espresso.DetoxAssertion, waitForAssertMatcher, [androidx.test.espresso.ViewInteraction@5528158, (view has effective visibility <VISIBLE> and view.getGlobalVisibleRect() covers at least <75> percent of the view's area), 3.0]
03-22 22:10:36.515 12891 12891 I ViewInteraction: Checking 'MatchesViewAssertion(Detox){viewMatcher=(view has effective visibility <VISIBLE> and view.getGlobalVisibleRect() covers at least <75> percent of the view's area)}' assertion on view (an instance of android.widget.TextView and view.getText() with or without transformation to match: is "OK" and view has effective visibility <VISIBLE>)
03-22 22:10:36.554 12891 12891 I ViewInteraction: Checking 'MatchesViewAssertion(Detox){viewMatcher=(view has effective visibility <VISIBLE> and view.getGlobalVisibleRect() covers at least <75> percent of the view's area)}' assertion on view (an instance of android.widget.TextView and view.getText() with or without transformation to match: is "OK" and view has effective visibility <VISIBLE>)
03-22 22:10:36.866 12891 12891 I ViewInteraction: Checking 'MatchesViewAssertion(Detox){viewMatcher=(view has effective visibility <VISIBLE> and view.getGlobalVisibleRect() covers at least <75> percent of the view's area)}' assertion on view (an instance of android.widget.TextView and view.getText() with or without transformation to match: is "OK" and view has effective visibility <VISIBLE>)
03-22 22:10:36.910 12891 12891 I ViewInteraction: Checking 'MatchesViewAssertion(Detox){viewMatcher=(view has effective visibility <VISIBLE> and view.getGlobalVisibleRect() covers at least <75> percent of the view's area)}' assertion on view (an instance of android.widget.TextView and view.getText() with or without transformation to match: is "OK" and view has effective visibility <VISIBLE>)
03-22 22:10:36.952 12891 12891 I ViewInteraction: Checking 'MatchesViewAssertion(Detox){viewMatcher=(view has effective visibility <VISIBLE> and view.getGlobalVisibleRect() covers at least <75> percent of the view's area)}' assertion on view (an instance of android.widget.TextView and view.getText() with or without transformation to match: is "OK" and view has effective visibility <VISIBLE>)
03-22 22:10:36.999 12891 12891 I ViewInteraction: Checking 'MatchesViewAssertion(Detox){viewMatcher=(view has effective visibility <VISIBLE> and view.getGlobalVisibleRect() covers at least <75> percent of the view's area)}' assertion on view (an instance of android.widget.TextView and view.getText() with or without transformation to match: is "OK" and view has effective visibility <VISIBLE>)
03-22 22:10:37.097 12891 12891 I ViewInteraction: Checking 'MatchesViewAssertion(Detox){viewMatcher=(view has effective visibility <VISIBLE> and view.getGlobalVisibleRect() covers at least <75> percent of the view's area)}' assertion on view (an instance of android.widget.TextView and view.getText() with or without transformation to match: is "OK" and view has effective visibility <VISIBLE>)
03-22 22:10:37.136 12891 12891 I ViewInteraction: Checking 'MatchesViewAssertion(Detox){viewMatcher=(view has effective visibility <VISIBLE> and view.getGlobalVisibleRect() covers at least <75> percent of the view's area)}' assertion on view (an instance of android.widget.TextView and view.getText() with or without transformation to match: is "OK" and view has effective visibility <VISIBLE>)
03-22 22:10:37.178 12891 12891 I ViewInteraction: Checking 'MatchesViewAssertion(Detox){viewMatcher=(view has effective visibility <VISIBLE> and view.getGlobalVisibleRect() covers at least <75> percent of the view's area)}' assertion on view (an instance of android.widget.TextView and view.getText() with or without transformation to match: is "OK" and view has effective visibility <VISIBLE>)
03-22 22:10:37.216 12891 12891 I ViewInteraction: Checking 'MatchesViewAssertion(Detox){viewMatcher=(view has effective visibility <VISIBLE> and view.getGlobalVisibleRect() covers at least <75> percent of the view's area)}' assertion on view (an instance of android.widget.TextView and view.getText() with or without transformation to match: is "OK" and view has effective visibility <VISIBLE>)
03-22 22:10:37.262 12891 12891 I ViewInteraction: Checking 'MatchesViewAssertion(Detox){viewMatcher=(view has effective visibility <VISIBLE> and view.getGlobalVisibleRect() covers at least <75> percent of the view's area)}' assertion on view (an instance of android.widget.TextView and view.getText() with or without transformation to match: is "OK" and view has effective visibility <VISIBLE>)
03-22 22:10:37.301 12891 12891 I ViewInteraction: Checking 'MatchesViewAssertion(Detox){viewMatcher=(view has effective visibility <VISIBLE> and view.getGlobalVisibleRect() covers at least <75> percent of the view's area)}' assertion on view (an instance of android.widget.TextView and view.getText() with or without transformation to match: is "OK" and view has effective visibility <VISIBLE>)
03-22 22:10:37.343 12891 12891 I ViewInteraction: Checking 'MatchesViewAssertion(Detox){viewMatcher=(view has effective visibility <VISIBLE> and view.getGlobalVisibleRect() covers at least <75> percent of the view's area)}' assertion on view (an instance of android.widget.TextView and view.getText() with or without transformation to match: is "OK" and view has effective visibility <VISIBLE>)
03-22 22:10:37.388 12891 12891 I ViewInteraction: Checking 'MatchesViewAssertion(Detox){viewMatcher=(view has effective visibility <VISIBLE> and view.getGlobalVisibleRect() covers at least <75> percent of the view's area)}' assertion on view (an instance of android.widget.TextView and view.getText() with or without transformation to match: is "OK" and view has effective visibility <VISIBLE>)
03-22 22:10:37.429 12891 12891 I ViewInteraction: Checking 'MatchesViewAssertion(Detox){viewMatcher=(view has effective visibility <VISIBLE> and view.getGlobalVisibleRect() covers at least <75> percent of the view's area)}' assertion on view (an instance of android.widget.TextView and view.getText() with or without transformation to match: is "OK" and view has effective visibility <VISIBLE>)
03-22 22:10:37.468 12891 12891 I ViewInteraction: Checking 'MatchesViewAssertion(Detox){viewMatcher=(view has effective visibility <VISIBLE> and view.getGlobalVisibleRect() covers at least <75> percent of the view's area)}' assertion on view (an instance of android.widget.TextView and view.getText() with or without transformation to match: is "OK" and view has effective visibility <VISIBLE>)
03-22 22:10:37.508 12891 12891 I ViewInteraction: Checking 'MatchesViewAssertion(Detox){viewMatcher=(view has effective visibility <VISIBLE> and view.getGlobalVisibleRect() covers at least <75> percent of the view's area)}' assertion on view (an instance of android.widget.TextView and view.getText() with or without transformation to match: is "OK" and view has effective visibility <VISIBLE>)
03-22 22:10:37.547 12891 12891 I ViewInteraction: Checking 'MatchesViewAssertion(Detox){viewMatcher=(view has effective visibility <VISIBLE> and view.getGlobalVisibleRect() covers at least <75> percent of the view's area)}' assertion on view (an instance of android.widget.TextView and view.getText() with or without transformation to match: is "OK" and view has effective visibility <VISIBLE>)
03-22 22:10:37.585 12891 12891 I ViewInteraction: Checking 'MatchesViewAssertion(Detox){viewMatcher=(view has effective visibility <VISIBLE> and view.getGlobalVisibleRect() covers at least <75> percent of the view's area)}' assertion on view (an instance of android.widget.TextView and view.getText() with or without transformation to match: is "OK" and view has effective visibility <VISIBLE>)
03-22 22:10:37.627 12891 12891 I ViewInteraction: Checking 'MatchesViewAssertion(Detox){viewMatcher=(view has effective visibility <VISIBLE> and view.getGlobalVisibleRect() covers at least <75> percent of the view's area)}' assertion on view (an instance of android.widget.TextView and view.getText() with or without transformation to match: is "OK" and view has effective visibility <VISIBLE>)
03-22 22:10:37.668 12891 12891 I ViewInteraction: Checking 'MatchesViewAssertion(Detox){viewMatcher=(view has effective visibility <VISIBLE> and view.getGlobalVisibleRect() covers at least <75> percent of the view's area)}' assertion on view (an instance of android.widget.TextView and view.getText() with or without transformation to match: is "OK" and view has effective visibility <VISIBLE>)
03-22 22:10:37.705 12891 12891 I ViewInteraction: Checking 'MatchesViewAssertion(Detox){viewMatcher=(view has effective visibility <VISIBLE> and view.getGlobalVisibleRect() covers at least <75> percent of the view's area)}' assertion on view (an instance of android.widget.TextView and view.getText() with or without transformation to match: is "OK" and view has effective visibility <VISIBLE>)
03-22 22:10:37.741 12891 12891 I ViewInteraction: Checking 'MatchesViewAssertion(Detox){viewMatcher=(view has effective visibility <VISIBLE> and view.getGlobalVisibleRect() covers at least <75> percent of the view's area)}' assertion on view (an instance of android.widget.TextView and view.getText() with or without transformation to match: is "OK" and view has effective visibility <VISIBLE>)
03-22 22:10:37.783 12891 12891 I ViewInteraction: Checking 'MatchesViewAssertion(Detox){viewMatcher=(view has effective visibility <VISIBLE> and view.getGlobalVisibleRect() covers at least <75> percent of the view's area)}' assertion on view (an instance of android.widget.TextView and view.getText() with or without transformation to match: is "OK" and view has effective visibility <VISIBLE>)
03-22 22:10:37.833 12891 12891 I ViewInteraction: Checking 'MatchesViewAssertion(Detox){viewMatcher=(view has effective visibility <VISIBLE> and view.getGlobalVisibleRect() covers at least <75> percent of the view's area)}' assertion on view (an instance of android.widget.TextView and view.getText() with or without transformation to match: is "OK" and view has effective visibility <VISIBLE>)
03-22 22:10:37.873 12891 12891 I ViewInteraction: Checking 'MatchesViewAssertion(Detox){viewMatcher=(view has effective visibility <VISIBLE> and view.getGlobalVisibleRect() covers at least <75> percent of the view's area)}' assertion on view (an instance of android.widget.TextView and view.getText() with or without transformation to match: is "OK" and view has effective visibility <VISIBLE>)
03-22 22:10:37.917 12891 12891 I ViewInteraction: Checking 'MatchesViewAssertion(Detox){viewMatcher=(view has effective visibility <VISIBLE> and view.getGlobalVisibleRect() covers at least <75> percent of the view's area)}' assertion on view (an instance of android.widget.TextView and view.getText() with or without transformation to match: is "OK" and view has effective visibility <VISIBLE>)
03-22 22:10:37.961 12891 12891 I ViewInteraction: Checking 'MatchesViewAssertion(Detox){viewMatcher=(view has effective visibility <VISIBLE> and view.getGlobalVisibleRect() covers at least <75> percent of the view's area)}' assertion on view (an instance of android.widget.TextView and view.getText() with or without transformation to match: is "OK" and view has effective visibility <VISIBLE>)
03-22 22:10:38.003 12891 12891 I ViewInteraction: Checking 'MatchesViewAssertion(Detox){viewMatcher=(view has effective visibility <VISIBLE> and view.getGlobalVisibleRect() covers at least <75> percent of the view's area)}' assertion on view (an instance of android.widget.TextView and view.getText() with or without transformation to match: is "OK" and view has effective visibility <VISIBLE>)
03-22 22:10:38.041 12891 12891 I ViewInteraction: Checking 'MatchesViewAssertion(Detox){viewMatcher=(view has effective visibility <VISIBLE> and view.getGlobalVisibleRect() covers at least <75> percent of the view's area)}' assertion on view (an instance of android.widget.TextView and view.getText() with or without transformation to match: is "OK" and view has effective visibility <VISIBLE>)
03-22 22:10:38.085 12891 12891 I ViewInteraction: Checking 'MatchesViewAssertion(Detox){viewMatcher=(view has effective visibility <VISIBLE> and view.getGlobalVisibleRect() covers at least <75> percent of the view's area)}' assertion on view (an instance of android.widget.TextView and view.getText() with or without transformation to match: is "OK" and view has effective visibility <VISIBLE>)
03-22 22:10:38.125 12891 12891 I ViewInteraction: Checking 'MatchesViewAssertion(Detox){viewMatcher=(view has effective visibility <VISIBLE> and view.getGlobalVisibleRect() covers at least <75> percent of the view's area)}' assertion on view (an instance of android.widget.TextView and view.getText() with or without transformation to match: is "OK" and view has effective visibility <VISIBLE>)
03-22 22:10:38.163 12891 12891 I ViewInteraction: Checking 'MatchesViewAssertion(Detox){viewMatcher=(view has effective visibility <VISIBLE> and view.getGlobalVisibleRect() covers at least <75> percent of the view's area)}' assertion on view (an instance of android.widget.TextView and view.getText() with or without transformation to match: is "OK" and view has effective visibility <VISIBLE>)
03-22 22:10:38.204 12891 12891 I ViewInteraction: Checking 'MatchesViewAssertion(Detox){viewMatcher=(view has effective visibility <VISIBLE> and view.getGlobalVisibleRect() covers at least <75> percent of the view's area)}' assertion on view (an instance of android.widget.TextView and view.getText() with or without transformation to match: is "OK" and view has effective visibility <VISIBLE>)
03-22 22:10:38.241 12891 12891 I ViewInteraction: Checking 'MatchesViewAssertion(Detox){viewMatcher=(view has effective visibility <VISIBLE> and view.getGlobalVisibleRect() covers at least <75> percent of the view's area)}' assertion on view (an instance of android.widget.TextView and view.getText() with or without transformation to match: is "OK" and view has effective visibility <VISIBLE>)
03-22 22:10:38.280 12891 12891 I ViewInteraction: Checking 'MatchesViewAssertion(Detox){viewMatcher=(view has effective visibility <VISIBLE> and view.getGlobalVisibleRect() covers at least <75> percent of the view's area)}' assertion on view (an instance of android.widget.TextView and view.getText() with or without transformation to match: is "OK" and view has effective visibility <VISIBLE>)
03-22 22:10:38.322 12891 12891 I ViewInteraction: Checking 'MatchesViewAssertion(Detox){viewMatcher=(view has effective visibility <VISIBLE> and view.getGlobalVisibleRect() covers at least <75> percent of the view's area)}' assertion on view (an instance of android.widget.TextView and view.getText() with or without transformation to match: is "OK" and view has effective visibility <VISIBLE>)
03-22 22:10:38.361 12891 12891 I ViewInteraction: Checking 'MatchesViewAssertion(Detox){viewMatcher=(view has effective visibility <VISIBLE> and view.getGlobalVisibleRect() covers at least <75> percent of the view's area)}' assertion on view (an instance of android.widget.TextView and view.getText() with or without transformation to match: is "OK" and view has effective visibility <VISIBLE>)
03-22 22:10:38.405 12891 12891 I ViewInteraction: Checking 'MatchesViewAssertion(Detox){viewMatcher=(view has effective visibility <VISIBLE> and view.getGlobalVisibleRect() covers at least <75> percent of the view's area)}' assertion on view (an instance of android.widget.TextView and view.getText() with or without transformation to match: is "OK" and view has effective visibility <VISIBLE>)
03-22 22:10:38.446 12891 12891 I ViewInteraction: Checking 'MatchesViewAssertion(Detox){viewMatcher=(view has effective visibility <VISIBLE> and view.getGlobalVisibleRect() covers at least <75> percent of the view's area)}' assertion on view (an instance of android.widget.TextView and view.getText() with or without transformation to match: is "OK" and view has effective visibility <VISIBLE>)
03-22 22:10:38.488 12891 12891 I ViewInteraction: Checking 'MatchesViewAssertion(Detox){viewMatcher=(view has effective visibility <VISIBLE> and view.getGlobalVisibleRect() covers at least <75> percent of the view's area)}' assertion on view (an instance of android.widget.TextView and view.getText() with or without transformation to match: is "OK" and view has effective visibility <VISIBLE>)
03-22 22:10:38.525 12891 12891 I ViewInteraction: Checking 'MatchesViewAssertion(Detox){viewMatcher=(view has effective visibility <VISIBLE> and view.getGlobalVisibleRect() covers at least <75> percent of the view's area)}' assertion on view (an instance of android.widget.TextView and view.getText() with or without transformation to match: is "OK" and view has effective visibility <VISIBLE>)
03-22 22:10:38.562 12891 12891 I ViewInteraction: Checking 'MatchesViewAssertion(Detox){viewMatcher=(view has effective visibility <VISIBLE> and view.getGlobalVisibleRect() covers at least <75> percent of the view's area)}' assertion on view (an instance of android.widget.TextView and view.getText() with or without transformation to match: is "OK" and view has effective visibility <VISIBLE>)
03-22 22:10:38.599 12891 12891 I ViewInteraction: Checking 'MatchesViewAssertion(Detox){viewMatcher=(view has effective visibility <VISIBLE> and view.getGlobalVisibleRect() covers at least <75> percent of the view's area)}' assertion on view (an instance of android.widget.TextView and view.getText() with or without transformation to match: is "OK" and view has effective visibility <VISIBLE>)
03-22 22:10:38.639 12891 12891 I ViewInteraction: Checking 'MatchesViewAssertion(Detox){viewMatcher=(view has effective visibility <VISIBLE> and view.getGlobalVisibleRect() covers at least <75> percent of the view's area)}' assertion on view (an instance of android.widget.TextView and view.getText() with or without transformation to match: is "OK" and view has effective visibility <VISIBLE>)
03-22 22:10:38.676 12891 12891 I ViewInteraction: Checking 'MatchesViewAssertion(Detox){viewMatcher=(view has effective visibility <VISIBLE> and view.getGlobalVisibleRect() covers at least <75> percent of the view's area)}' assertion on view (an instance of android.widget.TextView and view.getText() with or without transformation to match: is "OK" and view has effective visibility <VISIBLE>)
03-22 22:10:38.715 12891 12891 I ViewInteraction: Checking 'MatchesViewAssertion(Detox){viewMatcher=(view has effective visibility <VISIBLE> and view.getGlobalVisibleRect() covers at least <75> percent of the view's area)}' assertion on view (an instance of android.widget.TextView and view.getText() with or without transformation to match: is "OK" and view has effective visibility <VISIBLE>)
03-22 22:10:38.754 12891 12891 I ViewInteraction: Checking 'MatchesViewAssertion(Detox){viewMatcher=(view has effective visibility <VISIBLE> and view.getGlobalVisibleRect() covers at least <75> percent of the view's area)}' assertion on view (an instance of android.widget.TextView and view.getText() with or without transformation to match: is "OK" and view has effective visibility <VISIBLE>)
03-22 22:10:38.792 12891 12891 I ViewInteraction: Checking 'MatchesViewAssertion(Detox){viewMatcher=(view has effective visibility <VISIBLE> and view.getGlobalVisibleRect() covers at least <75> percent of the view's area)}' assertion on view (an instance of android.widget.TextView and view.getText() with or without transformation to match: is "OK" and view has effective visibility <VISIBLE>)
03-22 22:10:38.830 12891 12891 I ViewInteraction: Checking 'MatchesViewAssertion(Detox){viewMatcher=(view has effective visibility <VISIBLE> and view.getGlobalVisibleRect() covers at least <75> percent of the view's area)}' assertion on view (an instance of android.widget.TextView and view.getText() with or without transformation to match: is "OK" and view has effective visibility <VISIBLE>)
03-22 22:10:38.870 12891 12891 I ViewInteraction: Checking 'MatchesViewAssertion(Detox){viewMatcher=(view has effective visibility <VISIBLE> and view.getGlobalVisibleRect() covers at least <75> percent of the view's area)}' assertion on view (an instance of android.widget.TextView and view.getText() with or without transformation to match: is "OK" and view has effective visibility <VISIBLE>)
03-22 22:10:38.912 12891 12891 I ViewInteraction: Checking 'MatchesViewAssertion(Detox){viewMatcher=(view has effective visibility <VISIBLE> and view.getGlobalVisibleRect() covers at least <75> percent of the view's area)}' assertion on view (an instance of android.widget.TextView and view.getText() with or without transformation to match: is "OK" and view has effective visibility <VISIBLE>)
03-22 22:10:38.951 12891 12891 I ViewInteraction: Checking 'MatchesViewAssertion(Detox){viewMatcher=(view has effective visibility <VISIBLE> and view.getGlobalVisibleRect() covers at least <75> percent of the view's area)}' assertion on view (an instance of android.widget.TextView and view.getText() with or without transformation to match: is "OK" and view has effective visibility <VISIBLE>)
03-22 22:10:38.990 12891 12891 I ViewInteraction: Checking 'MatchesViewAssertion(Detox){viewMatcher=(view has effective visibility <VISIBLE> and view.getGlobalVisibleRect() covers at least <75> percent of the view's area)}' assertion on view (an instance of android.widget.TextView and view.getText() with or without transformation to match: is "OK" and view has effective visibility <VISIBLE>)
03-22 22:10:39.040 12891 12891 I ViewInteraction: Checking 'MatchesViewAssertion(Detox){viewMatcher=(view has effective visibility <VISIBLE> and view.getGlobalVisibleRect() covers at least <75> percent of the view's area)}' assertion on view (an instance of android.widget.TextView and view.getText() with or without transformation to match: is "OK" and view has effective visibility <VISIBLE>)
03-22 22:10:39.081 12891 12891 I ViewInteraction: Checking 'MatchesViewAssertion(Detox){viewMatcher=(view has effective visibility <VISIBLE> and view.getGlobalVisibleRect() covers at least <75> percent of the view's area)}' assertion on view (an instance of android.widget.TextView and view.getText() with or without transformation to match: is "OK" and view has effective visibility <VISIBLE>)
03-22 22:10:39.119 12891 12891 I ViewInteraction: Checking 'MatchesViewAssertion(Detox){viewMatcher=(view has effective visibility <VISIBLE> and view.getGlobalVisibleRect() covers at least <75> percent of the view's area)}' assertion on view (an instance of android.widget.TextView and view.getText() with or without transformation to match: is "OK" and view has effective visibility <VISIBLE>)
03-22 22:10:39.159 12891 12891 I ViewInteraction: Checking 'MatchesViewAssertion(Detox){viewMatcher=(view has effective visibility <VISIBLE> and view.getGlobalVisibleRect() covers at least <75> percent of the view's area)}' assertion on view (an instance of android.widget.TextView and view.getText() with or without transformation to match: is "OK" and view has effective visibility <VISIBLE>)
03-22 22:10:39.199 12891 12891 I ViewInteraction: Checking 'MatchesViewAssertion(Detox){viewMatcher=(view has effective visibility <VISIBLE> and view.getGlobalVisibleRect() covers at least <75> percent of the view's area)}' assertion on view (an instance of android.widget.TextView and view.getText() with or without transformation to match: is "OK" and view has effective visibility <VISIBLE>)
03-22 22:10:39.245 12891 12891 I ViewInteraction: Checking 'MatchesViewAssertion(Detox){viewMatcher=(view has effective visibility <VISIBLE> and view.getGlobalVisibleRect() covers at least <75> percent of the view's area)}' assertion on view (an instance of android.widget.TextView and view.getText() with or without transformation to match: is "OK" and view has effective visibility <VISIBLE>)
03-22 22:10:39.282 12891 12891 I ViewInteraction: Checking 'MatchesViewAssertion(Detox){viewMatcher=(view has effective visibility <VISIBLE> and view.getGlobalVisibleRect() covers at least <75> percent of the view's area)}' assertion on view (an instance of android.widget.TextView and view.getText() with or without transformation to match: is "OK" and view has effective visibility <VISIBLE>)
03-22 22:10:39.320 12891 12891 I ViewInteraction: Checking 'MatchesViewAssertion(Detox){viewMatcher=(view has effective visibility <VISIBLE> and view.getGlobalVisibleRect() covers at least <75> percent of the view's area)}' assertion on view (an instance of android.widget.TextView and view.getText() with or without transformation to match: is "OK" and view has effective visibility <VISIBLE>)
03-22 22:10:39.355 12891 12891 I ViewInteraction: Checking 'MatchesViewAssertion(Detox){viewMatcher=(view has effective visibility <VISIBLE> and view.getGlobalVisibleRect() covers at least <75> percent of the view's area)}' assertion on view (an instance of android.widget.TextView and view.getText() with or without transformation to match: is "OK" and view has effective visibility <VISIBLE>)
03-22 22:10:39.392 12891 12891 I ViewInteraction: Checking 'MatchesViewAssertion(Detox){viewMatcher=(view has effective visibility <VISIBLE> and view.getGlobalVisibleRect() covers at least <75> percent of the view's area)}' assertion on view (an instance of android.widget.TextView and view.getText() with or without transformation to match: is "OK" and view has effective visibility <VISIBLE>)
03-22 22:10:39.433 12891 12891 I ViewInteraction: Checking 'MatchesViewAssertion(Detox){viewMatcher=(view has effective visibility <VISIBLE> and view.getGlobalVisibleRect() covers at least <75> percent of the view's area)}' assertion on view (an instance of android.widget.TextView and view.getText() with or without transformation to match: is "OK" and view has effective visibility <VISIBLE>)
03-22 22:10:39.471 12891 12891 I ViewInteraction: Checking 'MatchesViewAssertion(Detox){viewMatcher=(view has effective visibility <VISIBLE> and view.getGlobalVisibleRect() covers at least <75> percent of the view's area)}' assertion on view (an instance of android.widget.TextView and view.getText() with or without transformation to match: is "OK" and view has effective visibility <VISIBLE>)
03-22 22:10:39.499 12891 12960 I DetoxActionHandlers: Test exception
03-22 22:10:39.499 12891 12960 I DetoxActionHandlers: java.lang.reflect.InvocationTargetException
03-22 22:10:39.499 12891 12960 I DetoxActionHandlers: 	at java.lang.reflect.Method.invoke(Native Method)
03-22 22:10:39.499 12891 12960 I DetoxActionHandlers: 	at org.apache.commons.lang3.reflect.MethodUtils.invokeStaticMethod(MethodUtils.java:443)
03-22 22:10:39.499 12891 12960 I DetoxActionHandlers: 	at org.apache.commons.lang3.reflect.MethodUtils.invokeStaticMethod(MethodUtils.java:405)
03-22 22:10:39.499 12891 12960 I DetoxActionHandlers: 	at com.wix.invoke.type