--------- beginning of main
03-22 11:05:44.026 19257 19521 I ReactNativeJS: Running "DetoxSample" with {"rootTag":1}
03-22 11:05:44.287 19257 19257 W com.detoxsampl: Accessing hidden field Landroid/widget/ScrollView;->mScroller:Landroid/widget/OverScroller; (greylist, reflection, allowed)
03-22 11:05:44.348 19257 19705 D SoLoader: About to load: libimagepipeline.so
03-22 11:05:44.348 19257 19705 D SoLoader: libimagepipeline.so not found on /data/data/com.detoxsample/lib-main
03-22 11:05:44.348 19257 19705 D SoLoader: libimagepipeline.so found on /data/app/~~ytNeSeEpBWvp88jIxoe8cw==/com.detoxsample-Eh_ky3ESrICk_3FpNrAMhw==/lib/arm64
03-22 11:05:44.348 19257 19705 D SoLoader: Not resolving dependencies for libimagepipeline.so
03-22 11:05:44.350 19257 19705 D SoLoader: Loaded: libimagepipeline.so
03-22 11:05:44.366 19257 19257 I Detox   : Wait is over: app is now idle!
03-22 11:05:44.366 19257 19519 I DetoxWSClient: Sending out action 'ready' (ID #-1000)
03-22 11:05:44.367 19257 19519 I DetoxDispatcher: Done with action 'isReady'
03-22 11:05:44.367 19257 19519 I DetoxDispatcher: Handling action 'loginSuccess' (ID #0)...
03-22 11:05:44.367 19257 19519 I DetoxDispatcher: Done with action 'loginSuccess'
03-22 11:05:44.367 19257 19519 I DetoxDispatcher: Handling action 'isReady' (ID #-1000)...
03-22 11:05:44.376 19257 19257 I Detox   : Wait is over: app is now idle!
03-22 11:05:44.376 19257 19519 I DetoxWSClient: Sending out action 'ready' (ID #-1000)
03-22 11:05:44.376 19257 19519 I DetoxDispatcher: Done with action 'isReady'
03-22 11:05:44.485 19257 19524 D DetoxWSClient: Received action 'invoke' (ID #1, params={"target":{"type":"Class","value":"com.wix.detox.espresso.EspressoDetox"},"method":"perform","args":[{"type":"Invocation","value":{"target":{"type":"Class","value":"androidx.test.espresso.Espresso"},"method":"onView","args":[{"type":"Invocation","value":{"target":{"type":"Class","value":"com.wix.detox.espresso.DetoxMatcher"},"method":"matcherForTestId","args":["initializeRzp"]}}]}},{"type":"Invocation","value":{"target":{"type":"Class","value":"com.wix.detox.espresso.DetoxViewActions"},"method":"click","args":[]}}]})
03-22 11:05:44.485 19257 19519 I DetoxDispatcher: Handling action 'invoke' (ID #1)...
03-22 11:05:44.490 19257 19519 D Detox   : class com.wix.detox.espresso.DetoxMatcher, matcherForTestId, [initializeRzp]
03-22 11:05:44.497 19257 19519 D Detox   : class androidx.test.espresso.Espresso, onView, [(view.getTag() is "initializeRzp" and view has effective visibility <VISIBLE>)]
03-22 11:05:44.498 19257 19519 D Detox   : class com.wix.detox.espresso.DetoxViewActions, click, []
03-22 11:05:44.500 19257 19519 W com.detoxsampl: Accessing hidden method Landroid/view/ViewConfiguration;->getDoubleTapMinTime()I (greylist, reflection, allowed)
03-22 11:05:44.503 19257 19519 D Detox   : class com.wix.detox.espresso.EspressoDetox, perform, [androidx.test.espresso.ViewInteraction@a91c973, com.wix.detox.espresso.action.RNClickAction@d660030]
03-22 11:05:44.687 19257 19257 W com.detoxsampl: Accessing hidden method Landroid/view/WindowManagerGlobal;->getInstance()Landroid/view/WindowManagerGlobal; (greylist, reflection, allowed)
03-22 11:05:44.687 19257 19257 W com.detoxsampl: Accessing hidden field Landroid/view/WindowManagerGlobal;->mViews:Ljava/util/ArrayList; (greylist, reflection, allowed)
03-22 11:05:44.687 19257 19257 W com.detoxsampl: Accessing hidden field Landroid/view/WindowManagerGlobal;->mParams:Ljava/util/ArrayList; (greylist, reflection, allowed)
03-22 11:05:44.691 19257 19257 I ViewInteraction: Performing 'com.wix.detox.espresso.action.detoxsingletap@d2f0a2e click' action on view (view.getTag() is "initializeRzp" and view has effective visibility <VISIBLE>)
--------- beginning of system
03-22 11:05:44.695 19257 19257 I ViewRootImpl: ViewRoot's Touch Event : ACTION_DOWN
03-22 11:05:44.733 19257 19257 I ViewRootImpl: ViewRoot's Touch Event : ACTION_UP
03-22 11:05:44.816 19257 19257 I TetheringManager: registerTetheringEventCallback:com.detoxsample
03-22 11:05:46.211 19257 19519 I DetoxWSClient: Sending out action 'invokeResult' (ID #1)
03-22 11:05:46.211 19257 19519 I DetoxDispatcher: Done with action 'invoke'
03-22 11:05:46.221 19257 19524 D DetoxWSClient: Received action 'invoke' (ID #2, params={"target":{"type":"Class","value":"com.wix.detox.espresso.DetoxAssertion"},"method":"assertMatcher","args":[{"type":"Invocation","value":{"target":{"type":"Class","value":"androidx.test.espresso.Espresso"},"method":"onView","args":[{"type":"Invocation","value":{"target":{"type":"Class","value":"com.wix.detox.espresso.DetoxMatcher"},"method":"matcherForText","args":["Status changes"]}}]}},{"type":"Invocation","value":{"target":{"type":"Class","value":"com.wix.detox.espresso.DetoxMatcher"},"method":"matcherForSufficientlyVisible","args":[{"type":"Integer","value":75}]}}]})
03-22 11:05:46.222 19257 19519 I DetoxDispatcher: Handling action 'invoke' (ID #2)...
03-22 11:05:46.222 19257 19519 D Detox   : class com.wix.detox.espresso.DetoxMatcher, matcherForText, [Status changes]
03-22 11:05:46.223 19257 19519 D Detox   : class androidx.test.espresso.Espresso, onView, [(an instance of android.widget.TextView and view.getText() with or without transformation to match: is "Status changes" and view has effective visibility <VISIBLE>)]
03-22 11:05:46.224 19257 19519 D Detox   : class com.wix.detox.espresso.DetoxMatcher, matcherForSufficientlyVisible, [75]
03-22 11:05:46.225 19257 19519 D Detox   : class com.wix.detox.espresso.DetoxAssertion, assertMatcher, [androidx.test.espresso.ViewInteraction@9082d26, (view has effective visibility <VISIBLE> and view.getGlobalVisibleRect() covers at least <75> percent of the view's area)]
03-22 11:05:46.231 19257 19257 I ViewInteraction: Checking 'MatchesViewAssertion(Detox){viewMatcher=(view has effective visibility <VISIBLE> and view.getGlobalVisibleRect() covers at least <75> percent of the view's area)}' assertion on view (an instance of android.widget.TextView and view.getText() with or without transformation to match: is "Status changes" and view has effective visibility <VISIBLE>)
03-22 11:05:46.233 19257 19519 I DetoxWSClient: Sending out action 'invokeResult' (ID #2)
03-22 11:05:46.234 19257 19519 I DetoxDispatcher: Done with action 'invoke'
03-22 11:05:46.240 19257 19524 D DetoxWSClient: Received action 'invoke' (ID #3, params={"target":{"type":"Class","value":"com.wix.detox.espresso.DetoxAssertion"},"method":"assertMatcher","args":[{"type":"Invocation","value":{"target":{"type":"Class","value":"androidx.test.espresso.Espresso"},"method":"onView","args":[{"type":"Invocation","value":{"target":{"type":"Class","value":"com.wix.detox.espresso.DetoxMatcher"},"method":"matcherForText","args":["Razorpay Initialized"]}}]}},{"type":"Invocation","value":{"target":{"type":"Class","value":"com.wix.detox.espresso.DetoxMatcher"},"method":"matcherForSufficientlyVisible","args":[{"type":"Integer","value":75}]}}]})
03-22 11:05:46.241 19257 19519 I DetoxDispatcher: Handling action 'invoke' (ID #3)...
03-22 11:05:46.242 19257 19519 D Detox   : class com.wix.detox.espresso.DetoxMatcher, matcherForText, [Razorpay Initialized]
03-22 11:05:46.242 19257 19519 D Detox   : class androidx.test.espresso.Espresso, onView, [(an instance of android.widget.TextView and view.getText() with or without transformation to match: is "Razorpay Initialized" and view has effective visibility <VISIBLE>)]
03-22 11:05:46.243 19257 19519 D Detox   : class com.wix.detox.espresso.DetoxMatcher, matcherForSufficientlyVisible, [75]
03-22 11:05:46.243 19257 19519 D Detox   : class com.wix.detox.espresso.DetoxAssertion, assertMatcher, [androidx.test.espresso.ViewInteraction@7a0fd67, (view has effective visibility <VISIBLE> and view.getGlobalVisibleRect() covers at least <75> percent of the view's area)]
03-22 11:05:46.249 19257 19257 I ViewInteraction: Checking 'MatchesViewAssertion(Detox){viewMatcher=(view has effective visibility <VISIBLE> and view.getGlobalVisibleRect() covers at least <75> percent of the view's area)}' assertion on view (an instance of android.widget.TextView and view.getText() with or without transformation to match: is "Razorpay Initialized" and view has effective visibility <VISIBLE>)
03-22 11:05:46.251 19257 19519 I DetoxWSClient: Sending out action 'invokeResult' (ID #3)
03-22 11:05:46.252 19257 19519 I DetoxDispatcher: Done with action 'invoke'
