--------- beginning of main
03-22 01:12:39.823 22550 22550 I com.detoxsampl: Late-enabling -Xcheck:jni
03-22 01:12:39.852 22550 22550 I com.detoxsampl: Unquickening 19 vdex files!
--------- beginning of system
03-22 01:12:39.914 22550 22550 W ActivityThread: Package uses different ABI(s) than its instrumentation: package[com.detoxsample]: arm64-v8a, null instrumentation[com.detoxsample.test]: null, null
03-22 01:12:39.915 22550 22550 I Typeface: Current DefaultTypeface ( lgtravel )
03-22 01:12:39.918 22550 22550 I com.detoxsampl: The ClassLoaderContext is a special shared library.
03-22 01:12:39.929 22550 22550 I chatty  : uid=10494(com.detoxsample) identical 1 line
03-22 01:12:39.932 22550 22550 I com.detoxsampl: The ClassLoaderContext is a special shared library.
03-22 01:12:39.936 22550 22550 I com.detoxsampl: The ClassLoaderContext is a special shared library.
03-22 01:12:40.137 22550 22550 D ApplicationLoaders: Returning zygote-cached class loader: /system/framework/android.test.base.jar
03-22 01:12:40.137 22550 22550 D ApplicationLoaders: Returning zygote-cached class loader: /system/framework/android.test.base.jar
03-22 01:12:40.138 22550 22550 I com.detoxsampl: The ClassLoaderContext is a special shared library.
03-22 01:12:40.141 22550 22550 D ApplicationLoaders: Returning zygote-cached class loader: /system/framework/android.test.base.jar
03-22 01:12:40.141 22550 22550 D ApplicationLoaders: Returning zygote-cached class loader: /system/framework/android.test.base.jar
03-22 01:12:40.142 22550 22550 I com.detoxsampl: The ClassLoaderContext is a special shared library.
03-22 01:12:40.146 22550 22550 I chatty  : uid=10494(com.detoxsample) identical 2 lines
03-22 01:12:40.147 22550 22550 I com.detoxsampl: The ClassLoaderContext is a special shared library.
03-22 01:12:40.307 22550 22550 W com.detoxsampl: Accessing hidden method Landroid/app/Instrumentation;->execStartActivity(Landroid/content/Context;Landroid/os/IBinder;Landroid/os/IBinder;Landroid/app/Activity;Landroid/content/Intent;ILandroid/os/Bundle;)Landroid/app/Instrumentation$ActivityResult; (greylist, linking, allowed)
03-22 01:12:40.308 22550 22550 W com.detoxsampl: Accessing hidden method Landroid/app/Instrumentation;->execStartActivity(Landroid/content/Context;Landroid/os/IBinder;Landroid/os/IBinder;Ljava/lang/String;Landroid/content/Intent;ILandroid/os/Bundle;)Landroid/app/Instrumentation$ActivityResult; (greylist, linking, allowed)
03-22 01:12:40.313 22550 22550 D NetworkSecurityConfig: Using Network Security Config from resource network_security_config debugBuild: true
03-22 01:12:40.315 22550 22550 D NetworkSecurityConfig: Using Network Security Config from resource network_security_config debugBuild: true
03-22 01:12:40.316 22550 22550 I MonitoringInstr: Instrumentation started!
03-22 01:12:40.326 22550 22550 V TestEventClient: No service name argument was given (testDiscoveryService, testRunEventService or orchestratorService)
03-22 01:12:40.330 22550 22550 D SoLoader: init start
03-22 01:12:40.330 22550 22550 D SoLoader: adding system library source: /vendor/lib64
03-22 01:12:40.331 22550 22550 D SoLoader: adding system library source: /system/lib64
03-22 01:12:40.331 22550 22550 D SoLoader: adding application source: com.facebook.soloader.DirectorySoSource[root = /data/app/~~BXWjVKMCkuDDkVF8i1Zl1Q==/com.detoxsample-wTyVpX73KXzjFqAB6Zka_A==/lib/arm64 flags = 0]
03-22 01:12:40.333 22550 22550 D SoLoader: adding backup source from : com.facebook.soloader.ApkSoSource[root = /data/data/com.detoxsample/lib-main flags = 1]
03-22 01:12:40.333 22550 22550 D SoLoader: Preparing SO source: com.facebook.soloader.DirectorySoSource[root = /system/lib64 flags = 2]
03-22 01:12:40.333 22550 22550 D SoLoader: Preparing SO source: com.facebook.soloader.DirectorySoSource[root = /vendor/lib64 flags = 2]
03-22 01:12:40.333 22550 22550 D SoLoader: Preparing SO source: com.facebook.soloader.DirectorySoSource[root = /data/app/~~BXWjVKMCkuDDkVF8i1Zl1Q==/com.detoxsample-wTyVpX73KXzjFqAB6Zka_A==/lib/arm64 flags = 0]
03-22 01:12:40.333 22550 22550 D SoLoader: Preparing SO source: com.facebook.soloader.ApkSoSource[root = /data/data/com.detoxsample/lib-main flags = 1]
03-22 01:12:40.334 22550 22550 V fb-UnpackingSoSource: locked dso store /data/user/0/com.detoxsample/lib-main
03-22 01:12:40.336 22550 22550 V fb-UnpackingSoSource: deps mismatch on deps store: regenerating
03-22 01:12:40.336 22550 22550 V fb-UnpackingSoSource: so store dirty: regenerating
03-22 01:12:40.391 22550 22550 D ApkSoSource: not allowing consideration of lib/arm64-v8a/libbetter.so: deferring to libdir
03-22 01:12:40.391 22550 22550 D ApkSoSource: not allowing consideration of lib/arm64-v8a/libc++_shared.so: deferring to libdir
03-22 01:12:40.392 22550 22550 D ApkSoSource: not allowing consideration of lib/arm64-v8a/libevent-2.1.so: deferring to libdir
03-22 01:12:40.392 22550 22550 D ApkSoSource: not allowing consideration of lib/arm64-v8a/libevent_core-2.1.so: deferring to libdir
03-22 01:12:40.392 22550 22550 D ApkSoSource: not allowing consideration of lib/arm64-v8a/libevent_extra-2.1.so: deferring to libdir
03-22 01:12:40.392 22550 22550 D ApkSoSource: not allowing consideration of lib/arm64-v8a/libfabricjni.so: deferring to libdir
03-22 01:12:40.392 22550 22550 D ApkSoSource: not allowing consideration of lib/arm64-v8a/libfb.so: deferring to libdir
03-22 01:12:40.392 22550 22550 D ApkSoSource: not allowing consideration of lib/arm64-v8a/libfbjni.so: deferring to libdir
03-22 01:12:40.392 22550 22550 D ApkSoSource: not allowing consideration of lib/arm64-v8a/libflipper.so: deferring to libdir
03-22 01:12:40.392 22550 22550 D ApkSoSource: not allowing consideration of lib/arm64-v8a/libfolly_futures.so: deferring to libdir
03-22 01:12:40.392 22550 22550 D ApkSoSource: not allowing consideration of lib/arm64-v8a/libfolly_json.so: deferring to libdir
03-22 01:12:40.392 22550 22550 D ApkSoSource: not allowing consideration of lib/arm64-v8a/libglog.so: deferring to libdir
03-22 01:12:40.392 22550 22550 D ApkSoSource: not allowing consideration of lib/arm64-v8a/libglog_init.so: deferring to libdir
03-22 01:12:40.392 22550 22550 D ApkSoSource: not allowing consideration of lib/arm64-v8a/libimagepipeline.so: deferring to libdir
03-22 01:12:40.392 22550 22550 D ApkSoSource: not allowing consideration of lib/arm64-v8a/libjsc.so: deferring to libdir
03-22 01:12:40.392 22550 22550 D ApkSoSource: not allowing consideration of lib/arm64-v8a/libjscexecutor.so: deferring to libdir
03-22 01:12:40.392 22550 22550 D ApkSoSource: not allowing consideration of lib/arm64-v8a/libjsi.so: deferring to libdir
03-22 01:12:40.392 22550 22550 D ApkSoSource: not allowing consideration of lib/arm64-v8a/libjsijniprofiler.so: deferring to libdir
03-22 01:12:40.392 22550 22550 D ApkSoSource: not allowing consideration of lib/arm64-v8a/libjsinspector.so: deferring to libdir
03-22 01:12:40.392 22550 22550 D ApkSoSource: not allowing consideration of lib/arm64-v8a/liblogger.so: deferring to libdir
03-22 01:12:40.392 22550 22550 D ApkSoSource: not allowing consideration of lib/arm64-v8a/libmapbufferjni.so: deferring to libdir
03-22 01:12:40.392 22550 22550 D ApkSoSource: not allowing consideration of lib/arm64-v8a/libnative-filters.so: deferring to libdir
03-22 01:12:40.392 22550 22550 D ApkSoSource: not allowing consideration of lib/arm64-v8a/libnative-imagetranscoder.so: deferring to libdir
03-22 01:12:40.393 22550 22550 D ApkSoSource: not allowing consideration of lib/arm64-v8a/libreact_codegen_rncore.so: deferring to libdir
03-22 01:12:40.393 22550 22550 D ApkSoSource: not allowing consideration of lib/arm64-v8a/libreact_debug.so: deferring to libdir
03-22 01:12:40.393 22550 22550 D ApkSoSource: not allowing consideration of lib/arm64-v8a/libreact_nativemodule_core.so: deferring to libdir
03-22 01:12:40.393 22550 22550 D ApkSoSource: not allowing consideration of lib/arm64-v8a/libreact_render_animations.so: deferring to libdir
03-22 01:12:40.393 22550 22550 D ApkSoSource: not allowing consideration of lib/arm64-v8a/libreact_render_attributedstring.so: deferring to libdir
03-22 01:12:40.393 22550 22550 D ApkSoSource: not allowing consideration of lib/arm64-v8a/libreact_render_componentregistry.so: deferring to libdir
03-22 01:12:40.393 22550 22550 D ApkSoSource: not allowing consideration of lib/arm64-v8a/libreact_render_core.so: deferring to libdir
03-22 01:12:40.393 22550 22550 D ApkSoSource: not allowing consideration of lib/arm64-v8a/libreact_render_debug.so: deferring to libdir
03-22 01:12:40.393 22550 22550 D ApkSoSource: not allowing consideration of lib/arm64-v8a/libreact_render_graphics.so: deferring to libdir
03-22 01:12:40.393 22550 22550 D ApkSoSource: not allowing consideration of lib/arm64-v8a/libreact_render_imagemanager.so: deferring to libdir
03-22 01:12:40.393 22550 22550 D ApkSoSource: not allowing consideration of lib/arm64-v8a/libreact_render_leakchecker.so: deferring to libdir
03-22 01:12:40.393 22550 22550 D ApkSoSource: not allowing consideration of lib/arm64-v8a/libreact_render_mapbuffer.so: deferring to libdir
03-22 01:12:40.393 22550 22550 D ApkSoSource: not allowing consideration of lib/arm64-v8a/libreact_render_mounting.so: deferring to libdir
03-22 01:12:40.393 22550 22550 D ApkSoSource: not allowing consideration of lib/arm64-v8a/libreact_render_runtimescheduler.so: deferring to libdir
03-22 01:12:40.393 22550 22550 D ApkSoSource: not allowing consideration of lib/arm64-v8a/libreact_render_scheduler.so: deferring to libdir
03-22 01:12:40.393 22550 22550 D ApkSoSource: not allowing consideration of lib/arm64-v8a/libreact_render_telemetry.so: deferring to libdir
03-22 01:12:40.393 22550 22550 D ApkSoSource: not allowing consideration of lib/arm64-v8a/libreact_render_templateprocessor.so: deferring to libdir
03-22 01:12:40.393 22550 22550 D ApkSoSource: not allowing consideration of lib/arm64-v8a/libreact_render_textlayoutmanager.so: deferring to libdir
03-22 01:12:40.393 22550 22550 D ApkSoSource: not allowing consideration of lib/arm64-v8a/libreact_render_uimanager.so: deferring to libdir
03-22 01:12:40.393 22550 22550 D ApkSoSource: not allowing consideration of lib/arm64-v8a/libreact_utils.so: deferring to libdir
03-22 01:12:40.393 22550 22550 D ApkSoSource: not allowing consideration of lib/arm64-v8a/libreactconfig.so: deferring to libdir
03-22 01:12:40.393 22550 22550 D ApkSoSource: not allowing consideration of lib/arm64-v8a/libreactnativeblob.so: deferring to libdir
03-22 01:12:40.393 22550 22550 D ApkSoSource: not allowing consideration of lib/arm64-v8a/libreactnativejni.so: deferring to libdir
03-22 01:12:40.394 22550 22550 D ApkSoSource: not allowing consideration of lib/arm64-v8a/libreactnativeutilsjni.so: deferring to libdir
03-22 01:12:40.394 22550 22550 D ApkSoSource: not allowing consideration of lib/arm64-v8a/libreactperfloggerjni.so: deferring to libdir
03-22 01:12:40.394 22550 22550 D ApkSoSource: not allowing consideration of lib/arm64-v8a/librrc_image.so: deferring to libdir
03-22 01:12:40.394 22550 22550 D ApkSoSource: not allowing consideration of lib/arm64-v8a/librrc_modal.so: deferring to libdir
03-22 01:12:40.394 22550 22550 D ApkSoSource: not allowing consideration of lib/arm64-v8a/librrc_progressbar.so: deferring to libdir
03-22 01:12:40.394 22550 22550 D ApkSoSource: not allowing consideration of lib/arm64-v8a/librrc_root.so: deferring to libdir
03-22 01:12:40.394 22550 22550 D ApkSoSource: not allowing consideration of lib/arm64-v8a/librrc_scrollview.so: deferring to libdir
03-22 01:12:40.394 22550 22550 D ApkSoSource: not allowing consideration of lib/arm64-v8a/librrc_slider.so: deferring to libdir
03-22 01:12:40.394 22550 22550 D ApkSoSource: not allowing consideration of lib/arm64-v8a/librrc_switch.so: deferring to libdir
03-22 01:12:40.394 22550 22550 D ApkSoSource: not allowing consideration of lib/arm64-v8a/librrc_text.so: deferring to libdir
03-22 01:12:40.394 22550 22550 D ApkSoSource: not allowing consideration of lib/arm64-v8a/librrc_textinput.so: deferring to libdir
03-22 01:12:40.394 22550 22550 D ApkSoSource: not allowing consideration of lib/arm64-v8a/librrc_unimplementedview.so: deferring to libdir
03-22 01:12:40.394 22550 22550 D ApkSoSource: not allowing consideration of lib/arm64-v8a/librrc_view.so: deferring to libdir
03-22 01:12:40.394 22550 22550 D ApkSoSource: not allowing consideration of lib/arm64-v8a/libturbomodulejsijni.so: deferring to libdir
03-22 01:12:40.394 22550 22550 D ApkSoSource: not allowing consideration of lib/arm64-v8a/libyoga.so: deferring to libdir
03-22 01:12:40.394 22550 22550 V fb-UnpackingSoSource: regenerating DSO store com.facebook.soloader.ApkSoSource
03-22 01:12:40.395 22550 22550 V fb-UnpackingSoSource: Finished regenerating DSO store com.facebook.soloader.ApkSoSource
03-22 01:12:40.395 22550 22550 V fb-UnpackingSoSource: starting syncer worker
03-22 01:12:40.400 22550 22550 V fb-UnpackingSoSource: releasing dso store lock for /data/user/0/com.detoxsample/lib-main (from syncer thread)
03-22 01:12:40.400 22550 22550 V fb-UnpackingSoSource: not releasing dso store lock for /data/user/0/com.detoxsample/lib-main (syncer thread started)
03-22 01:12:40.400 22550 22550 D SoLoader: init finish: 4 SO sources prepared
03-22 01:12:40.400 22550 22550 D SoLoader: init exiting
03-22 01:12:40.410 22550 22550 D SoLoader: init exiting
03-22 01:12:40.410 22550 22550 D SoLoader: About to load: libjscexecutor.so
03-22 01:12:40.411 22550 22550 D SoLoader: libjscexecutor.so not found on /data/data/com.detoxsample/lib-main
03-22 01:12:40.411 22550 22550 D SoLoader: libjscexecutor.so found on /data/app/~~BXWjVKMCkuDDkVF8i1Zl1Q==/com.detoxsample-wTyVpX73KXzjFqAB6Zka_A==/lib/arm64
03-22 01:12:40.411 22550 22550 D SoLoader: Not resolving dependencies for libjscexecutor.so
03-22 01:12:40.436 22550 22550 D JavaScriptCore.Version: 250230.2.1
03-22 01:12:40.436 22550 22550 D SoLoader: Loaded: libjscexecutor.so
03-22 01:12:40.437 22550 22550 D SoLoader: init exiting
03-22 01:12:40.517 22550 22550 I SensorManager: registerListenerImpl() [Sensor: LGE Accelerometer Non-wakeup, Rate: 66667, SensorEventListener: com.facebook.react.common.ShakeDetector@717fc72] by com.facebook.react.common.ShakeDetector.start():60
03-22 01:12:40.530 22550 22708 D SoLoader: About to load: libfbjni.so
03-22 01:12:40.531 22550 22708 D SoLoader: libfbjni.so not found on /data/data/com.detoxsample/lib-main
03-22 01:12:40.532 22550 22708 D SoLoader: libfbjni.so found on /data/app/~~BXWjVKMCkuDDkVF8i1Zl1Q==/com.detoxsample-wTyVpX73KXzjFqAB6Zka_A==/lib/arm64
03-22 01:12:40.532 22550 22708 D SoLoader: Not resolving dependencies for libfbjni.so
03-22 01:12:40.534 22550 22708 D SoLoader: Loaded: libfbjni.so
03-22 01:12:40.534 22550 22708 D SoLoader: About to load: libflipper.so
03-22 01:12:40.534 22550 22708 D SoLoader: libflipper.so not found on /data/data/com.detoxsample/lib-main
03-22 01:12:40.534 22550 22708 D SoLoader: libflipper.so found on /data/app/~~BXWjVKMCkuDDkVF8i1Zl1Q==/com.detoxsample-wTyVpX73KXzjFqAB6Zka_A==/lib/arm64
03-22 01:12:40.534 22550 22708 D SoLoader: Not resolving dependencies for libflipper.so
03-22 01:12:40.547 22550 22708 D SoLoader: Loaded: libflipper.so
03-22 01:12:40.565 22550 22550 W com.detoxsampl: Accessing hidden field Landroid/view/View;->mKeyedTags:Landroid/util/SparseArray; (greylist, reflection, allowed)
03-22 01:12:40.566 22550 22550 W com.detoxsampl: Accessing hidden field Landroid/view/View;->mListenerInfo:Landroid/view/View$ListenerInfo; (greylist, reflection, allowed)
03-22 01:12:40.566 22550 22550 W com.detoxsampl: Accessing hidden field Landroid/view/View$ListenerInfo;->mOnClickListener:Landroid/view/View$OnClickListener; (greylist, reflection, allowed)
03-22 01:12:40.570 22550 22550 I flipper : flipper: FlipperClient::addPlugin Inspector
03-22 01:12:40.570 22550 22550 I flipper : flipper: FlipperClient::addPlugin React
03-22 01:12:40.572 22550 22550 I flipper : flipper: FlipperClient::addPlugin Databases
03-22 01:12:40.573 22550 22550 I flipper : flipper: FlipperClient::addPlugin Preferences
03-22 01:12:40.573 22550 22550 I flipper : flipper: FlipperClient::addPlugin CrashReporter
03-22 01:12:40.575 22550 22550 I flipper : flipper: FlipperClient::addPlugin Network
03-22 01:12:40.605 22550 22633 I UsageTrackerFacilitator: Usage tracking enabled
03-22 01:12:40.612 22550 22633 I TestRequestBuilder: Scanning classpath to find tests in paths [/data/app/~~Is9aca0eKFEABDxutsVhig==/com.detoxsample.test-WnEzbauPExIlFVRdaN14FA==/base.apk]
03-22 01:12:40.612 22550 22633 W com.detoxsampl: Opening an oat file without a class loader. Are you using the deprecated DexFile APIs?
03-22 01:12:41.234 22550 22633 D TestExecutor: Adding listener androidx.test.internal.runner.listener.LogRunListener
03-22 01:12:41.234 22550 22633 D TestExecutor: Adding listener androidx.test.internal.runner.listener.InstrumentationResultPrinter
03-22 01:12:41.234 22550 22633 D TestExecutor: Adding listener androidx.test.internal.runner.listener.ActivityFinisherRunListener
03-22 01:12:41.235 22550 22633 I TestRunner: run started: 1 tests
03-22 01:12:41.239 22550 22633 I TestRunner: started: runDetoxTests(com.detoxsample.DetoxTest)
03-22 01:12:41.256 22550 22633 D EventInjectionStrategy: Creating injection strategy with input manager.
03-22 01:12:41.256 22550 22633 W com.detoxsampl: Accessing hidden method Landroid/hardware/input/InputManager;->getInstance()Landroid/hardware/input/InputManager; (greylist, reflection, allowed)
03-22 01:12:41.265 22550 22633 W com.detoxsampl: Accessing hidden method Landroid/hardware/input/InputManager;->injectInputEvent(Landroid/view/InputEvent;I)Z (greylist, reflection, allowed)
03-22 01:12:41.265 22550 22633 W com.detoxsampl: Accessing hidden field Landroid/hardware/input/InputManager;->INJECT_INPUT_EVENT_MODE_WAIT_FOR_FINISH:I (greylist, reflection, allowed)
03-22 01:12:41.278 22550 22633 W com.detoxsampl: Accessing hidden field Ljava/lang/reflect/Field;->accessFlags:I (greylist, reflection, allowed)
03-22 01:12:41.467 22550 22550 D LifecycleMonitor: Lifecycle status change: com.detoxsample.MainActivity@9d431df in: PRE_ON_CREATE
03-22 01:12:41.561 22550 22550 W com.detoxsampl: Accessing hidden method Landroid/view/View;->computeFitSystemWindows(Landroid/graphics/Rect;Landroid/graphics/Rect;)Z (greylist, reflection, allowed)
03-22 01:12:41.562 22550 22550 W com.detoxsampl: Accessing hidden method Landroid/view/ViewGroup;->makeOptionalFitsSystemWindows()V (greylist, reflection, allowed)
03-22 01:12:41.578 22550 22550 D LifecycleMonitor: Lifecycle status change: com.detoxsample.MainActivity@9d431df in: CREATED
03-22 01:12:41.581 22550 22550 D LifecycleMonitor: Lifecycle status change: com.detoxsample.MainActivity@9d431df in: STARTED
03-22 01:12:41.589 22550 22550 D LifecycleMonitor: Lifecycle status change: com.detoxsample.MainActivity@9d431df in: RESUMED
03-22 01:12:41.613 22550 22550 I TouchFilterInputStageHelper: [needTouchEventFilter] Displayid : 0
03-22 01:12:41.615 22550 22550 D HandGripFilter: getdisplaysize, x : 1080 y : 2340
03-22 01:12:41.620 22550 22550 W unknown:ReactNative: Packager connection already open, nooping.
03-22 01:12:41.658 22550 22918 I AdrenoGLES-0: QUALCOMM build                   : 59e4ca3, Ic42881d075
03-22 01:12:41.658 22550 22918 I AdrenoGLES-0: Build Date                       : 01/07/21
03-22 01:12:41.658 22550 22918 I AdrenoGLES-0: OpenGL ES Shader Compiler Version: EV031.32.02.06
03-22 01:12:41.658 22550 22918 I AdrenoGLES-0: Local Branch                     : mybrancheb50fcd0-9e7c-f130-bc5f-5cb90179c3d8
03-22 01:12:41.658 22550 22918 I AdrenoGLES-0: Remote Branch                    : quic/gfx-adreno.lnx.1.0.r99-rel
03-22 01:12:41.658 22550 22918 I AdrenoGLES-0: Remote Branch                    : NONE
03-22 01:12:41.658 22550 22918 I AdrenoGLES-0: Reconstruct Branch               : NOTHING
03-22 01:12:41.658 22550 22918 I AdrenoGLES-0: Build Config                     : S P 10.0.7 AArch64
03-22 01:12:41.658 22550 22918 I AdrenoGLES-0: Driver Path                      : /vendor/lib64/egl/libGLESv2_adreno.so
03-22 01:12:41.662 22550 22782 D SoLoader: About to load: libreactnativejni.so
03-22 01:12:41.662 22550 22782 D SoLoader: libreactnativejni.so not found on /data/data/com.detoxsample/lib-main
03-22 01:12:41.662 22550 22782 D SoLoader: libreactnativejni.so found on /data/app/~~BXWjVKMCkuDDkVF8i1Zl1Q==/com.detoxsample-wTyVpX73KXzjFqAB6Zka_A==/lib/arm64
03-22 01:12:41.662 22550 22782 D SoLoader: Not resolving dependencies for libreactnativejni.so
03-22 01:12:41.665 22550 22782 D SoLoader: Loaded: libreactnativejni.so
03-22 01:12:41.667 22550 22918 I AdrenoGLES-0: PFP: 0x016ee190, ME: 0x00000000
03-22 01:12:41.869 22550 22550 I TouchFilterInputStageHelper: [needTouchEventFilter] Displayid : 0
03-22 01:12:41.872 22550 22550 D HandGripFilter: getdisplaysize, x : 1080 y : 2340
03-22 01:12:41.929 22550 22550 I Timeline: Timeline: Activity_idle id: ActivityRecord{5617724 token=android.os.BinderProxy@d209094 {com.detoxsample/com.detoxsample.MainActivity}} time:379914157
03-22 01:12:41.934 22550 22633 I Detox   : Detox server connection details: url=ws://localhost:60013, sessionId=c7a09533-e4bd-4edc-22f2-36cf48e5f04d
03-22 01:12:41.952 22550 22958 I DetoxDispatcher: Handling action '_init' (ID #0)...
03-22 01:12:41.953 22550 22958 I Detox   : Connecting to server...
03-22 01:12:41.953 22550 22958 I DetoxWSClient: At connectToServer
03-22 01:12:41.972 22550 22965 D DetoxWSClient: At onOpen
03-22 01:12:41.972 22550 22965 I DetoxWSClient: Sending out action 'login' (ID #0)
03-22 01:12:41.972 22550 22965 I Detox   : Connected to server!
03-22 01:12:41.977 22550 22965 D DetoxWSClient: Received action 'loginSuccess' (ID #0, params={"testerConnected":true,"appConnected":true})
03-22 01:12:41.993 22550 22956 W unknown:ReactContext: initializeMessageQueueThreads() is called.
03-22 01:12:41.998 22550 22550 W unknown:ReactNative: Packager connection already open, nooping.
03-22 01:12:42.011 22550 22965 D DetoxWSClient: Received action 'isReady' (ID #-1000, params={})
03-22 01:12:42.034 22550 22968 W unknown:ViewManagerPropertyUpdater: Could not find generated setter for class com.facebook.react.views.drawer.ReactDrawerLayoutManager
03-22 01:12:42.038 22550 22968 W unknown:ViewManagerPropertyUpdater: Could not find generated setter for class com.facebook.react.uimanager.LayoutShadowNode
03-22 01:12:42.041 22550 22968 W unknown:ViewManagerPropertyUpdater: Could not find generated setter for class com.facebook.react.views.scroll.ReactHorizontalScrollViewManager
03-22 01:12:42.044 22550 22968 W unknown:ViewManagerPropertyUpdater: Could not find generated setter for class com.facebook.react.views.scroll.ReactHorizontalScrollContainerViewManager
03-22 01:12:42.044 22550 22968 W unknown:ViewManagerPropertyUpdater: Could not find generated setter for class com.facebook.react.views.progressbar.ReactProgressBarViewManager
03-22 01:12:42.046 22550 22968 W unknown:ViewManagerPropertyUpdater: Could not find generated setter for class com.facebook.react.views.progressbar.ProgressBarShadowNode
03-22 01:12:42.048 22550 22968 W unknown:ViewManagerPropertyUpdater: Could not find generated setter for class com.facebook.react.views.scroll.ReactScrollViewManager
03-22 01:12:42.050 22550 22968 W unknown:ViewManagerPropertyUpdater: Could not find generated setter for class com.facebook.react.views.slider.ReactSliderManager
03-22 01:12:42.051 22550 22968 W unknown:ViewManagerPropertyUpdater: Could not find generated setter for class com.facebook.react.views.slider.ReactSliderManager$ReactSliderShadowNode
03-22 01:12:42.052 22550 22968 W unknown:ViewManagerPropertyUpdater: Could not find generated setter for class com.facebook.react.views.switchview.ReactSwitchManager
03-22 01:12:42.053 22550 22968 W unknown:ViewManagerPropertyUpdater: Could not find generated setter for class com.facebook.react.views.switchview.ReactSwitchManager$ReactSwitchShadowNode
03-22 01:12:42.054 22550 22968 W unknown:ViewManagerPropertyUpdater: Could not find generated setter for class com.facebook.react.views.swiperefresh.SwipeRefreshLayoutManager
03-22 01:12:42.055 22550 22968 W unknown:ViewManagerPropertyUpdater: Could not find generated setter for class com.facebook.react.views.text.frescosupport.FrescoBasedReactTextInlineImageViewManager
03-22 01:12:42.056 22550 22968 W unknown:ViewManagerPropertyUpdater: Could not find generated setter for class com.facebook.react.views.text.frescosupport.FrescoBasedReactTextInlineImageShadowNode
03-22 01:12:42.057 22550 22968 W unknown:ViewManagerPropertyUpdater: Could not find generated setter for class com.facebook.react.views.image.ReactImageManager
03-22 01:12:42.059 22550 22968 W unknown:ViewManagerPropertyUpdater: Could not find generated setter for class com.facebook.react.views.modal.ReactModalHostManager
03-22 01:12:42.060 22550 22968 W unknown:ViewManagerPropertyUpdater: Could not find generated setter for class com.facebook.react.views.modal.ModalHostShadowNode
03-22 01:12:42.060 22550 22968 W unknown:ViewManagerPropertyUpdater: Could not find generated setter for class com.facebook.react.views.text.ReactRawTextManager
03-22 01:12:42.061 22550 22968 W unknown:ViewManagerPropertyUpdater: Could not find generated setter for class com.facebook.react.views.text.ReactRawTextShadowNode
03-22 01:12:42.062 22550 22968 W unknown:ViewManagerPropertyUpdater: Could not find generated setter for class com.facebook.react.views.textinput.ReactTextInputManager
03-22 01:12:42.065 22550 22968 W unknown:ViewManagerPropertyUpdater: Could not find generated setter for class com.facebook.react.views.textinput.ReactTextInputShadowNode
03-22 01:12:42.067 22550 22968 W unknown:ViewManagerPropertyUpdater: Could not find generated setter for class com.facebook.react.views.text.ReactTextViewManager
03-22 01:12:42.068 22550 22968 W unknown:ViewManagerPropertyUpdater: Could not find generated setter for class com.facebook.react.views.text.ReactTextShadowNode
03-22 01:12:42.069 22550 22968 W unknown:ViewManagerPropertyUpdater: Could not find generated setter for class com.facebook.react.views.view.ReactViewManager
03-22 01:12:42.072 22550 22968 W unknown:ViewManagerPropertyUpdater: Could not find generated setter for class com.facebook.react.views.text.ReactVirtualTextViewManager
03-22 01:12:42.073 22550 22968 W unknown:ViewManagerPropertyUpdater: Could not find generated setter for class com.facebook.react.views.text.ReactVirtualTextShadowNode
03-22 01:12:42.074 22550 22968 W unknown:ViewManagerPropertyUpdater: Could not find generated setter for class com.facebook.react.views.unimplementedview.ReactUnimplementedViewManager
03-22 01:12:42.083 22550 22968 W unknown:ReactContext: initializeMessageQueueThreads() is called.
03-22 01:12:42.085 22550 22968 D SoLoader: About to load: libyoga.so
03-22 01:12:42.085 22550 22968 D SoLoader: libyoga.so not found on /data/data/com.detoxsample/lib-main
03-22 01:12:42.085 22550 22968 D SoLoader: libyoga.so found on /data/app/~~BXWjVKMCkuDDkVF8i1Zl1Q==/com.detoxsample-wTyVpX73KXzjFqAB6Zka_A==/lib/arm64
03-22 01:12:42.085 22550 22968 D SoLoader: Not resolving dependencies for libyoga.so
03-22 01:12:42.088 22550 22968 D SoLoader: Loaded: libyoga.so
03-22 01:12:42.099 22550 22550 I DetoxRNLoading: Got new RN-context async'ly through listener
03-22 01:12:42.099 22550 22958 I DetoxRNIdleRes: Setting up Espresso Idling Resources for React Native
03-22 01:12:42.135 22550 22958 D AsyncStorageIR: Checking whether a custom IR for Async-Storage is required... (legacy=false)
03-22 01:12:42.137 22550 22958 D DetoxRNHelpers: Native RN module resolution (class com.reactnativecommunity.asyncstorage.AsyncStorageModule): no such class
03-22 01:12:42.137 22550 22958 D AsyncStorageIR: Checking whether a custom IR for Async-Storage is required... (legacy=true)
03-22 01:12:42.143 22550 22958 D AsyncStorageIR: IR for Async-Storage is required! (legacy=true)
03-22 01:12:42.147 22550 22968 I flipper : flipper: FlipperClient::addPlugin Fresco
03-22 01:12:42.148 22550 22968 W com.detoxsampl: Accessing hidden method Landroid/os/MessageQueue;->next()Landroid/os/Message; (greylist, reflection, allowed)
03-22 01:12:42.148 22550 22968 W com.detoxsampl: Accessing hidden field Landroid/os/MessageQueue;->mMessages:Landroid/os/Message; (greylist, reflection, allowed)
03-22 01:12:42.148 22550 22968 W com.detoxsampl: Accessing hidden method Landroid/os/Message;->recycleUnchecked()V (greylist, reflection, allowed)
03-22 01:12:42.162 22550 22550 I Detox   : UIManagerModule is busy
03-22 01:12:42.168 22550 22550 D AsyncStorageIRLegacy: Async-storage is busy!
03-22 01:12:42.175 22550 22958 I DetoxDispatcher: Done with action '_init'
03-22 01:12:42.175 22550 22958 I DetoxDispatcher: Handling action 'isReady' (ID #-1000)...
03-22 01:12:42.238 22550 22966 D SoLoader: About to load: libreactnativeblob.so
03-22 01:12:42.238 22550 22966 D SoLoader: libreactnativeblob.so not found on /data/data/com.detoxsample/lib-main
03-22 01:12:42.239 22550 22966 D SoLoader: libreactnativeblob.so found on /data/app/~~BXWjVKMCkuDDkVF8i1Zl1Q==/com.detoxsample-wTyVpX73KXzjFqAB6Zka_A==/lib/arm64
03-22 01:12:42.239 22550 22966 D SoLoader: Not resolving dependencies for libreactnativeblob.so
03-22 01:12:42.244 22550 22966 D SoLoader: Loaded: libreactnativeblob.so
03-22 01:12:42.304 22550 22968 I WebViewFactory: Loading com.google.android.webview version 99.0.4844.58 (code 484405833)
03-22 01:12:42.398 22550 22966 I ReactNativeJS: Running "DetoxSample" with {"rootTag":1}
03-22 01:12:42.422 22550 22968 W com.detoxsampl: Accessing hidden method Landroid/os/Trace;->isTagEnabled(J)Z (greylist, reflection, allowed)
03-22 01:12:42.423 22550 22968 W com.detoxsampl: Accessing hidden method Landroid/os/Trace;->traceBegin(JLjava/lang/String;)V (greylist, reflection, allowed)
03-22 01:12:42.423 22550 22968 W com.detoxsampl: Accessing hidden method Landroid/os/Trace;->traceEnd(J)V (greylist, reflection, allowed)
03-22 01:12:42.423 22550 22968 W com.detoxsampl: Accessing hidden method Landroid/os/Trace;->asyncTraceBegin(JLjava/lang/String;I)V (greylist, reflection, allowed)
03-22 01:12:42.423 22550 22968 W com.detoxsampl: Accessing hidden method Landroid/os/Trace;->asyncTraceEnd(JLjava/lang/String;I)V (greylist, reflection, allowed)
03-22 01:12:42.432 22550 22968 I cr_WVCFactoryProvider: Loaded version=99.0.4844.58 minSdkVersion=29 isBundle=true multiprocess=true packageId=3
03-22 01:12:42.558 22550 22968 I cr_LibraryLoader: Successfully loaded native library
03-22 01:12:42.564 22550 22968 I cr_CachingUmaRecorder: Flushed 8 samples from 8 histograms.
03-22 01:12:42.772 22550 22550 W com.detoxsampl: Accessing hidden field Landroid/widget/ScrollView;->mScroller:Landroid/widget/OverScroller; (greylist, reflection, allowed)
03-22 01:12:42.813 22550 23141 D SoLoader: About to load: libimagepipeline.so
03-22 01:12:42.813 22550 23141 D SoLoader: libimagepipeline.so not found on /data/data/com.detoxsample/lib-main
03-22 01:12:42.814 22550 23141 D SoLoader: libimagepipeline.so found on /data/app/~~BXWjVKMCkuDDkVF8i1Zl1Q==/com.detoxsample-wTyVpX73KXzjFqAB6Zka_A==/lib/arm64
03-22 01:12:42.814 22550 23141 D SoLoader: Not resolving dependencies for libimagepipeline.so
03-22 01:12:42.816 22550 23141 D SoLoader: Loaded: libimagepipeline.so
03-22 01:12:42.823 22550 22550 I Detox   : Wait is over: app is now idle!
03-22 01:12:42.823 22550 22958 I DetoxWSClient: Sending out action 'ready' (ID #-1000)
03-22 01:12:42.823 22550 22958 I DetoxDispatcher: Done with action 'isReady'
03-22 01:12:42.823 22550 22958 I DetoxDispatcher: Handling action 'loginSuccess' (ID #0)...
03-22 01:12:42.823 22550 22958 I DetoxDispatcher: Done with action 'loginSuccess'
03-22 01:12:42.823 22550 22958 I DetoxDispatcher: Handling action 'isReady' (ID #-1000)...
03-22 01:12:42.828 22550 22550 I Detox   : Wait is over: app is now idle!
03-22 01:12:42.828 22550 22958 I DetoxWSClient: Sending out action 'ready' (ID #-1000)
03-22 01:12:42.829 22550 22958 I DetoxDispatcher: Done with action 'isReady'
