--------- beginning of main
03-22 01:19:07.066 10394 10482 I cr_LibraryLoader: Successfully loaded native library
03-22 01:19:07.072 10394 10482 I cr_CachingUmaRecorder: Flushed 8 samples from 8 histograms.
03-22 01:19:07.353 10394 10394 W com.detoxsampl: Accessing hidden field Landroid/widget/ScrollView;->mScroller:Landroid/widget/OverScroller; (greylist, reflection, allowed)
03-22 01:19:07.425 10394 10394 I Detox   : Wait is over: app is now idle!
03-22 01:19:07.426 10394 10479 I DetoxWSClient: Sending out action 'ready' (ID #-1000)
03-22 01:19:07.426 10394 10479 I DetoxDispatcher: Done with action 'isReady'
03-22 01:19:07.426 10394 10479 I DetoxDispatcher: Handling action 'loginSuccess' (ID #0)...
03-22 01:19:07.426 10394 10479 I DetoxDispatcher: Done with action 'loginSuccess'
03-22 01:19:07.426 10394 10479 I DetoxDispatcher: Handling action 'isReady' (ID #-1000)...
03-22 01:19:07.427 10394 10557 D SoLoader: About to load: libimagepipeline.so
03-22 01:19:07.428 10394 10557 D SoLoader: libimagepipeline.so not found on /data/data/com.detoxsample/lib-main
03-22 01:19:07.428 10394 10557 D SoLoader: libimagepipeline.so found on /data/app/~~_M3bWsGyXd3OhYG8F6vCQQ==/com.detoxsample-04oni11qluHqTHBl6jDGlA==/lib/arm64
03-22 01:19:07.428 10394 10557 D SoLoader: Not resolving dependencies for libimagepipeline.so
03-22 01:19:07.430 10394 10557 D SoLoader: Loaded: libimagepipeline.so
03-22 01:19:07.432 10394 10394 I Detox   : Wait is over: app is now idle!
03-22 01:19:07.432 10394 10479 I DetoxWSClient: Sending out action 'ready' (ID #-1000)
03-22 01:19:07.432 10394 10479 I DetoxDispatcher: Done with action 'isReady'
03-22 01:19:07.527 10394 10483 D DetoxWSClient: Received action 'invoke' (ID #1, params={"target":{"type":"Class","value":"com.wix.detox.espresso.EspressoDetox"},"method":"perform","args":[{"type":"Invocation","value":{"target":{"type":"Class","value":"androidx.test.espresso.Espresso"},"method":"onView","args":[{"type":"Invocation","value":{"target":{"type":"Class","value":"com.wix.detox.espresso.DetoxMatcher"},"method":"matcherForTestId","args":["initializeRzp"]}}]}},{"type":"Invocation","value":{"target":{"type":"Class","value":"com.wix.detox.espresso.DetoxViewActions"},"method":"click","args":[]}}]})
03-22 01:19:07.528 10394 10479 I DetoxDispatcher: Handling action 'invoke' (ID #1)...
03-22 01:19:07.535 10394 10479 D Detox   : class com.wix.detox.espresso.DetoxMatcher, matcherForTestId, [initializeRzp]
03-22 01:19:07.541 10394 10479 D Detox   : class androidx.test.espresso.Espresso, onView, [(view.getTag() is "initializeRzp" and view has effective visibility <VISIBLE>)]
03-22 01:19:07.543 10394 10479 D Detox   : class com.wix.detox.espresso.DetoxViewActions, click, []
03-22 01:19:07.545 10394 10479 W com.detoxsampl: Accessing hidden method Landroid/view/ViewConfiguration;->getDoubleTapMinTime()I (greylist, reflection, allowed)
03-22 01:19:07.549 10394 10479 D Detox   : class com.wix.detox.espresso.EspressoDetox, perform, [androidx.test.espresso.ViewInteraction@6b920fc, com.wix.detox.espresso.action.RNClickAction@3c80385]
03-22 01:19:07.775 10394 10394 W com.detoxsampl: Accessing hidden method Landroid/view/WindowManagerGlobal;->getInstance()Landroid/view/WindowManagerGlobal; (greylist, reflection, allowed)
03-22 01:19:07.776 10394 10394 W com.detoxsampl: Accessing hidden field Landroid/view/WindowManagerGlobal;->mViews:Ljava/util/ArrayList; (greylist, reflection, allowed)
03-22 01:19:07.776 10394 10394 W com.detoxsampl: Accessing hidden field Landroid/view/WindowManagerGlobal;->mParams:Ljava/util/ArrayList; (greylist, reflection, allowed)
03-22 01:19:07.782 10394 10394 I ViewInteraction: Performing 'com.wix.detox.espresso.action.detoxsingletap@72d8a0b click' action on view (view.getTag() is "initializeRzp" and view has effective visibility <VISIBLE>)
--------- beginning of system
03-22 01:19:07.798 10394 10394 I ViewRootImpl: ViewRoot's Touch Event : ACTION_DOWN
03-22 01:19:07.818 10394 10394 I ViewRootImpl: ViewRoot's Touch Event : ACTION_UP
03-22 01:19:07.915 10394 10394 I TetheringManager: registerTetheringEventCallback:com.detoxsample
03-22 01:19:09.237 10394 10479 I DetoxWSClient: Sending out action 'invokeResult' (ID #1)
03-22 01:19:09.238 10394 10479 I DetoxDispatcher: Done with action 'invoke'
03-22 01:19:09.248 10394 10483 D DetoxWSClient: Received action 'invoke' (ID #2, params={"target":{"type":"Class","value":"com.wix.detox.espresso.DetoxAssertion"},"method":"assertMatcher","args":[{"type":"Invocation","value":{"target":{"type":"Class","value":"androidx.test.espresso.Espresso"},"method":"onView","args":[{"type":"Invocation","value":{"target":{"type":"Class","value":"com.wix.detox.espresso.DetoxMatcher"},"method":"matcherForText","args":["Status changes"]}}]}},{"type":"Invocation","value":{"target":{"type":"Class","value":"com.wix.detox.espresso.DetoxMatcher"},"method":"matcherForSufficientlyVisible","args":[{"type":"Integer","value":75}]}}]})
03-22 01:19:09.249 10394 10479 I DetoxDispatcher: Handling action 'invoke' (ID #2)...
03-22 01:19:09.249 10394 10479 D Detox   : class com.wix.detox.espresso.DetoxMatcher, matcherForText, [Status changes]
03-22 01:19:09.250 10394 10479 D Detox   : class androidx.test.espresso.Espresso, onView, [(an instance of android.widget.TextView and view.getText() with or without transformation to match: is "Status changes" and view has effective visibility <VISIBLE>)]
03-22 01:19:09.251 10394 10479 D Detox   : class com.wix.detox.espresso.DetoxMatcher, matcherForSufficientlyVisible, [75]
03-22 01:19:09.252 10394 10479 D Detox   : class com.wix.detox.espresso.DetoxAssertion, assertMatcher, [androidx.test.espresso.ViewInteraction@13ff323, (view has effective visibility <VISIBLE> and view.getGlobalVisibleRect() covers at least <75> percent of the view's area)]
03-22 01:19:09.259 10394 10394 I ViewInteraction: Checking 'MatchesViewAssertion(Detox){viewMatcher=(view has effective visibility <VISIBLE> and view.getGlobalVisibleRect() covers at least <75> percent of the view's area)}' assertion on view (an instance of android.widget.TextView and view.getText() with or without transformation to match: is "Status changes" and view has effective visibility <VISIBLE>)
03-22 01:19:09.260 10394 10479 I DetoxWSClient: Sending out action 'invokeResult' (ID #2)
03-22 01:19:09.260 10394 10479 I DetoxDispatcher: Done with action 'invoke'
03-22 01:19:09.271 10394 10483 D DetoxWSClient: Received action 'invoke' (ID #3, params={"target":{"type":"Class","value":"com.wix.detox.espresso.DetoxAssertion"},"method":"assertMatcher","args":[{"type":"Invocation","value":{"target":{"type":"Class","value":"androidx.test.espresso.Espresso"},"method":"onView","args":[{"type":"Invocation","value":{"target":{"type":"Class","value":"com.wix.detox.espresso.DetoxMatcher"},"method":"matcherForText","args":["Razorpay Initialized"]}}]}},{"type":"Invocation","value":{"target":{"type":"Class","value":"com.wix.detox.espresso.DetoxMatcher"},"method":"matcherForSufficientlyVisible","args":[{"type":"Integer","value":75}]}}]})
03-22 01:19:09.272 10394 10479 I DetoxDispatcher: Handling action 'invoke' (ID #3)...
03-22 01:19:09.272 10394 10479 D Detox   : class com.wix.detox.espresso.DetoxMatcher, matcherForText, [Razorpay Initialized]
03-22 01:19:09.272 10394 10479 D Detox   : class androidx.test.espresso.Espresso, onView, [(an instance of android.widget.TextView and view.getText() with or without transformation to match: is "Razorpay Initialized" and view has effective visibility <VISIBLE>)]
03-22 01:19:09.273 10394 10479 D Detox   : class com.wix.detox.espresso.DetoxMatcher, matcherForSufficientlyVisible, [75]
03-22 01:19:09.273 10394 10479 D Detox   : class com.wix.detox.espresso.DetoxAssertion, assertMatcher, [androidx.test.espresso.ViewInteraction@4616020, (view has effective visibility <VISIBLE> and view.getGlobalVisibleRect() covers at least <75> percent of the view's area)]
03-22 01:19:09.280 10394 10394 I ViewInteraction: Checking 'MatchesViewAssertion(Detox){viewMatcher=(view has effective visibility <VISIBLE> and view.getGlobalVisibleRect() covers at least <75> percent of the view's area)}' assertion on view (an instance of android.widget.TextView and view.getText() with or without transformation to match: is "Razorpay Initialized" and view has effective visibility <VISIBLE>)
03-22 01:19:09.281 10394 10479 I DetoxWSClient: Sending out action 'invokeResult' (ID #3)
03-22 01:19:09.282 10394 10479 I DetoxDispatcher: Done with action 'invoke'
