--------- beginning of main
03-22 17:21:01.464  8930  8930 I com.detoxsampl: Late-enabling -Xcheck:jni
03-22 17:21:01.480  8930  8930 W com.detoxsampl: Unexpected CPU variant for X86 using defaults: x86_64
03-22 17:21:01.526  8930  8930 D CompatibilityChangeReporter: Compat change id reported: 171979766; UID 10154; state: DISABLED
--------- beginning of system
03-22 17:21:01.535  8930  8930 W ActivityThread: Package uses different ABI(s) than its instrumentation: package[com.detoxsample]: x86_64, null instrumentation[com.detoxsample.test]: null, null
03-22 17:21:01.720  8930  8930 V GraphicsEnvironment: ANGLE Developer option for 'com.detoxsample' set to: 'default'
03-22 17:21:01.724  8930  8930 V GraphicsEnvironment: ANGLE GameManagerService for com.detoxsample: false
03-22 17:21:01.725  8930  8930 V GraphicsEnvironment: Neither updatable production driver nor prerelease driver is supported.
03-22 17:21:01.731  8930  8930 D ApplicationLoaders: Returning zygote-cached class loader: /system/framework/android.test.base.jar
03-22 17:21:01.735  8930  8930 D ApplicationLoaders: Returning zygote-cached class loader: /system/framework/android.test.base.jar
03-22 17:21:01.929  8930  8930 D NetworkSecurityConfig: Using Network Security Config from resource network_security_config debugBuild: true
03-22 17:21:01.930  8930  8930 D NetworkSecurityConfig: Using Network Security Config from resource network_security_config debugBuild: true
03-22 17:21:01.935  8930  8930 I MonitoringInstr: Instrumentation started!
03-22 17:21:01.990  8930  8930 V TestEventClient: No service name argument was given (testDiscoveryService, testRunEventService or orchestratorService)
03-22 17:21:01.997  8930  8930 D SoLoader: init start
03-22 17:21:01.998  8930  8930 D SoLoader: adding system library source: /vendor/lib64
03-22 17:21:02.000  8930  8930 D SoLoader: adding system library source: /system/lib64
03-22 17:21:02.001  8930  8930 D SoLoader: adding application source: com.facebook.soloader.DirectorySoSource[root = /data/app/~~7_SxxWlXvvPkyQJAMwf6Rw==/com.detoxsample-fGf4-pv5yWhe7QoswsbT5Q==/lib/x86_64 flags = 0]
03-22 17:21:02.005  8930  8930 D SoLoader: adding backup source from : com.facebook.soloader.ApkSoSource[root = /data/data/com.detoxsample/lib-main flags = 1]
03-22 17:21:02.005  8930  8930 D SoLoader: Preparing SO source: com.facebook.soloader.DirectorySoSource[root = /system/lib64 flags = 2]
03-22 17:21:02.005  8930  8930 D SoLoader: Preparing SO source: com.facebook.soloader.DirectorySoSource[root = /vendor/lib64 flags = 2]
03-22 17:21:02.005  8930  8930 D SoLoader: Preparing SO source: com.facebook.soloader.DirectorySoSource[root = /data/app/~~7_SxxWlXvvPkyQJAMwf6Rw==/com.detoxsample-fGf4-pv5yWhe7QoswsbT5Q==/lib/x86_64 flags = 0]
03-22 17:21:02.005  8930  8930 D SoLoader: Preparing SO source: com.facebook.soloader.ApkSoSource[root = /data/data/com.detoxsample/lib-main flags = 1]
03-22 17:21:02.006  8930  8930 V fb-UnpackingSoSource: locked dso store /data/user/0/com.detoxsample/lib-main
03-22 17:21:02.008  8930  8930 V fb-UnpackingSoSource: deps mismatch on deps store: regenerating
03-22 17:21:02.008  8930  8930 V fb-UnpackingSoSource: so store dirty: regenerating
03-22 17:21:02.089  8930  8930 D ApkSoSource: not allowing consideration of lib/x86_64/libbetter.so: deferring to libdir
03-22 17:21:02.089  8930  8930 D ApkSoSource: not allowing consideration of lib/x86_64/libc++_shared.so: deferring to libdir
03-22 17:21:02.090  8930  8930 D ApkSoSource: not allowing consideration of lib/x86_64/libevent-2.1.so: deferring to libdir
03-22 17:21:02.090  8930  8930 D ApkSoSource: not allowing consideration of lib/x86_64/libevent_core-2.1.so: deferring to libdir
03-22 17:21:02.090  8930  8930 D ApkSoSource: not allowing consideration of lib/x86_64/libevent_extra-2.1.so: deferring to libdir
03-22 17:21:02.092  8930  8930 D ApkSoSource: not allowing consideration of lib/x86_64/libfabricjni.so: deferring to libdir
03-22 17:21:02.092  8930  8930 D ApkSoSource: not allowing consideration of lib/x86_64/libfb.so: deferring to libdir
03-22 17:21:02.092  8930  8930 D ApkSoSource: not allowing consideration of lib/x86_64/libfbjni.so: deferring to libdir
03-22 17:21:02.093  8930  8930 D ApkSoSource: not allowing consideration of lib/x86_64/libflipper.so: deferring to libdir
03-22 17:21:02.094  8930  8930 D ApkSoSource: not allowing consideration of lib/x86_64/libfolly_futures.so: deferring to libdir
03-22 17:21:02.095  8930  8930 D ApkSoSource: not allowing consideration of lib/x86_64/libfolly_json.so: deferring to libdir
03-22 17:21:02.095  8930  8930 D ApkSoSource: not allowing consideration of lib/x86_64/libglog.so: deferring to libdir
03-22 17:21:02.096  8930  8930 D ApkSoSource: not allowing consideration of lib/x86_64/libglog_init.so: deferring to libdir
03-22 17:21:02.097  8930  8930 D ApkSoSource: not allowing consideration of lib/x86_64/libimagepipeline.so: deferring to libdir
03-22 17:21:02.097  8930  8930 D ApkSoSource: not allowing consideration of lib/x86_64/libjsc.so: deferring to libdir
03-22 17:21:02.098  8930  8930 D ApkSoSource: not allowing consideration of lib/x86_64/libjscexecutor.so: deferring to libdir
03-22 17:21:02.099  8930  8930 D ApkSoSource: not allowing consideration of lib/x86_64/libjsi.so: deferring to libdir
03-22 17:21:02.099  8930  8930 D ApkSoSource: not allowing consideration of lib/x86_64/libjsijniprofiler.so: deferring to libdir
03-22 17:21:02.099  8930  8930 D ApkSoSource: not allowing consideration of lib/x86_64/libjsinspector.so: deferring to libdir
03-22 17:21:02.099  8930  8930 D ApkSoSource: not allowing consideration of lib/x86_64/liblogger.so: deferring to libdir
03-22 17:21:02.100  8930  8930 D ApkSoSource: not allowing consideration of lib/x86_64/libmapbufferjni.so: deferring to libdir
03-22 17:21:02.101  8930  8930 D ApkSoSource: not allowing consideration of lib/x86_64/libnative-filters.so: deferring to libdir
03-22 17:21:02.102  8930  8930 D ApkSoSource: not allowing consideration of lib/x86_64/libnative-imagetranscoder.so: deferring to libdir
03-22 17:21:02.103  8930  8930 D ApkSoSource: not allowing consideration of lib/x86_64/libreact_codegen_rncore.so: deferring to libdir
03-22 17:21:02.103  8930  8930 D ApkSoSource: not allowing consideration of lib/x86_64/libreact_debug.so: deferring to libdir
03-22 17:21:02.104  8930  8930 D ApkSoSource: not allowing consideration of lib/x86_64/libreact_nativemodule_core.so: deferring to libdir
03-22 17:21:02.105  8930  8930 D ApkSoSource: not allowing consideration of lib/x86_64/libreact_render_animations.so: deferring to libdir
03-22 17:21:02.106  8930  8930 D ApkSoSource: not allowing consideration of lib/x86_64/libreact_render_attributedstring.so: deferring to libdir
03-22 17:21:02.108  8930  8930 D ApkSoSource: not allowing consideration of lib/x86_64/libreact_render_componentregistry.so: deferring to libdir
03-22 17:21:02.108  8930  8930 D ApkSoSource: not allowing consideration of lib/x86_64/libreact_render_core.so: deferring to libdir
03-22 17:21:02.108  8930  8930 D ApkSoSource: not allowing consideration of lib/x86_64/libreact_render_debug.so: deferring to libdir
03-22 17:21:02.109  8930  8930 D ApkSoSource: not allowing consideration of lib/x86_64/libreact_render_graphics.so: deferring to libdir
03-22 17:21:02.109  8930  8930 D ApkSoSource: not allowing consideration of lib/x86_64/libreact_render_imagemanager.so: deferring to libdir
03-22 17:21:02.109  8930  8930 D ApkSoSource: not allowing consideration of lib/x86_64/libreact_render_leakchecker.so: deferring to libdir
03-22 17:21:02.109  8930  8930 D ApkSoSource: not allowing consideration of lib/x86_64/libreact_render_mapbuffer.so: deferring to libdir
03-22 17:21:02.110  8930  8930 D ApkSoSource: not allowing consideration of lib/x86_64/libreact_render_mounting.so: deferring to libdir
03-22 17:21:02.111  8930  8930 D ApkSoSource: not allowing consideration of lib/x86_64/libreact_render_runtimescheduler.so: deferring to libdir
03-22 17:21:02.111  8930  8930 D ApkSoSource: not allowing consideration of lib/x86_64/libreact_render_scheduler.so: deferring to libdir
03-22 17:21:02.111  8930  8930 D ApkSoSource: not allowing consideration of lib/x86_64/libreact_render_telemetry.so: deferring to libdir
03-22 17:21:02.111  8930  8930 D ApkSoSource: not allowing consideration of lib/x86_64/libreact_render_templateprocessor.so: deferring to libdir
03-22 17:21:02.111  8930  8930 D ApkSoSource: not allowing consideration of lib/x86_64/libreact_render_textlayoutmanager.so: deferring to libdir
03-22 17:21:02.112  8930  8930 D ApkSoSource: not allowing consideration of lib/x86_64/libreact_render_uimanager.so: deferring to libdir
03-22 17:21:02.112  8930  8930 D ApkSoSource: not allowing consideration of lib/x86_64/libreact_utils.so: deferring to libdir
03-22 17:21:02.112  8930  8930 D ApkSoSource: not allowing consideration of lib/x86_64/libreactconfig.so: deferring to libdir
03-22 17:21:02.112  8930  8930 D ApkSoSource: not allowing consideration of lib/x86_64/libreactnativeblob.so: deferring to libdir
03-22 17:21:02.112  8930  8930 D ApkSoSource: not allowing consideration of lib/x86_64/libreactnativejni.so: deferring to libdir
03-22 17:21:02.112  8930  8930 D ApkSoSource: not allowing consideration of lib/x86_64/libreactnativeutilsjni.so: deferring to libdir
03-22 17:21:02.113  8930  8930 D ApkSoSource: not allowing consideration of lib/x86_64/libreactperfloggerjni.so: deferring to libdir
03-22 17:21:02.113  8930  8930 D ApkSoSource: not allowing consideration of lib/x86_64/librrc_image.so: deferring to libdir
03-22 17:21:02.113  8930  8930 D ApkSoSource: not allowing consideration of lib/x86_64/librrc_modal.so: deferring to libdir
03-22 17:21:02.113  8930  8930 D ApkSoSource: not allowing consideration of lib/x86_64/librrc_progressbar.so: deferring to libdir
03-22 17:21:02.113  8930  8930 D ApkSoSource: not allowing consideration of lib/x86_64/librrc_root.so: deferring to libdir
03-22 17:21:02.113  8930  8930 D ApkSoSource: not allowing consideration of lib/x86_64/librrc_scrollview.so: deferring to libdir
03-22 17:21:02.114  8930  8930 D ApkSoSource: not allowing consideration of lib/x86_64/librrc_slider.so: deferring to libdir
03-22 17:21:02.114  8930  8930 D ApkSoSource: not allowing consideration of lib/x86_64/librrc_switch.so: deferring to libdir
03-22 17:21:02.114  8930  8930 D ApkSoSource: not allowing consideration of lib/x86_64/librrc_text.so: deferring to libdir
03-22 17:21:02.115  8930  8930 D ApkSoSource: not allowing consideration of lib/x86_64/librrc_textinput.so: deferring to libdir
03-22 17:21:02.115  8930  8930 D ApkSoSource: not allowing consideration of lib/x86_64/librrc_unimplementedview.so: deferring to libdir
03-22 17:21:02.115  8930  8930 D ApkSoSource: not allowing consideration of lib/x86_64/librrc_view.so: deferring to libdir
03-22 17:21:02.116  8930  8930 D ApkSoSource: not allowing consideration of lib/x86_64/libturbomodulejsijni.so: deferring to libdir
03-22 17:21:02.116  8930  8930 D ApkSoSource: not allowing consideration of lib/x86_64/libyoga.so: deferring to libdir
03-22 17:21:02.117  8930  8930 V fb-UnpackingSoSource: regenerating DSO store com.facebook.soloader.ApkSoSource
03-22 17:21:02.118  8930  8930 V fb-UnpackingSoSource: Finished regenerating DSO store com.facebook.soloader.ApkSoSource
03-22 17:21:02.119  8930  8930 V fb-UnpackingSoSource: starting syncer worker
03-22 17:21:02.140  8930  8930 V fb-UnpackingSoSource: releasing dso store lock for /data/user/0/com.detoxsample/lib-main (from syncer thread)
03-22 17:21:02.141  8930  8930 V fb-UnpackingSoSource: not releasing dso store lock for /data/user/0/com.detoxsample/lib-main (syncer thread started)
03-22 17:21:02.141  8930  8930 D SoLoader: init finish: 4 SO sources prepared
03-22 17:21:02.141  8930  8930 D SoLoader: init exiting
03-22 17:21:02.167  8930  8930 D SoLoader: init exiting
03-22 17:21:02.168  8930  8930 D SoLoader: About to load: libjscexecutor.so
03-22 17:21:02.170  8930  8930 D SoLoader: libjscexecutor.so not found on /data/data/com.detoxsample/lib-main
03-22 17:21:02.170  8930  8930 D SoLoader: libjscexecutor.so found on /data/app/~~7_SxxWlXvvPkyQJAMwf6Rw==/com.detoxsample-fGf4-pv5yWhe7QoswsbT5Q==/lib/x86_64
03-22 17:21:02.170  8930  8930 D SoLoader: Not resolving dependencies for libjscexecutor.so
03-22 17:21:02.182  8930  8930 D JavaScriptCore.Version: 250230.2.1
03-22 17:21:02.182  8930  8930 D SoLoader: Loaded: libjscexecutor.so
03-22 17:21:02.189  8930  8930 D SoLoader: init exiting
03-22 17:21:02.482  8930  8966 D SoLoader: About to load: libfbjni.so
03-22 17:21:02.483  8930  8966 D SoLoader: libfbjni.so not found on /data/data/com.detoxsample/lib-main
03-22 17:21:02.483  8930  8966 D SoLoader: libfbjni.so found on /data/app/~~7_SxxWlXvvPkyQJAMwf6Rw==/com.detoxsample-fGf4-pv5yWhe7QoswsbT5Q==/lib/x86_64
03-22 17:21:02.483  8930  8966 D SoLoader: Not resolving dependencies for libfbjni.so
03-22 17:21:02.485  8930  8966 D SoLoader: Loaded: libfbjni.so
03-22 17:21:02.485  8930  8966 D SoLoader: About to load: libflipper.so
03-22 17:21:02.485  8930  8966 D SoLoader: libflipper.so not found on /data/data/com.detoxsample/lib-main
03-22 17:21:02.487  8930  8966 D SoLoader: libflipper.so found on /data/app/~~7_SxxWlXvvPkyQJAMwf6Rw==/com.detoxsample-fGf4-pv5yWhe7QoswsbT5Q==/lib/x86_64
03-22 17:21:02.487  8930  8966 D SoLoader: Not resolving dependencies for libflipper.so
03-22 17:21:02.503  8930  8966 D SoLoader: Loaded: libflipper.so
03-22 17:21:02.533  8930  8930 W com.detoxsampl: Accessing hidden field Landroid/view/View;->mKeyedTags:Landroid/util/SparseArray; (unsupported, reflection, allowed)
03-22 17:21:02.533  8930  8930 W com.detoxsampl: Accessing hidden field Landroid/view/View;->mListenerInfo:Landroid/view/View$ListenerInfo; (unsupported, reflection, allowed)
03-22 17:21:02.533  8930  8930 W com.detoxsampl: Accessing hidden field Landroid/view/View$ListenerInfo;->mOnClickListener:Landroid/view/View$OnClickListener; (unsupported, reflection, allowed)
03-22 17:21:02.553  8930  8930 I flipper : flipper: FlipperClient::addPlugin Inspector
03-22 17:21:02.555  8930  8930 I flipper : flipper: FlipperClient::addPlugin React
03-22 17:21:02.560  8930  8930 I flipper : flipper: FlipperClient::addPlugin Databases
03-22 17:21:02.565  8930  8930 I flipper : flipper: FlipperClient::addPlugin Preferences
03-22 17:21:02.567  8930  8930 I flipper : flipper: FlipperClient::addPlugin CrashReporter
03-22 17:21:02.574  8930  8930 I flipper : flipper: FlipperClient::addPlugin Network
03-22 17:21:02.599  8930  8957 I UsageTrackerFacilitator: Usage tracking enabled
03-22 17:21:02.605  8930  8957 I TestRequestBuilder: Scanning classpath to find tests in paths [/data/app/~~aTKnbKqKBY4dQ8CPp65fnQ==/com.detoxsample.test-qDEbxhlh3vWLou5JZN26Xw==/base.apk]
03-22 17:21:02.607  8930  8957 W com.detoxsampl: Opening an oat file without a class loader. Are you using the deprecated DexFile APIs?
03-22 17:21:03.202  8930  8957 D TestExecutor: Adding listener androidx.test.internal.runner.listener.LogRunListener
03-22 17:21:03.204  8930  8957 D TestExecutor: Adding listener androidx.test.internal.runner.listener.InstrumentationResultPrinter
03-22 17:21:03.204  8930  8957 D TestExecutor: Adding listener androidx.test.internal.runner.listener.ActivityFinisherRunListener
03-22 17:21:03.206  8930  8957 I TestRunner: run started: 1 tests
03-22 17:21:03.212  8930  8957 I TestRunner: started: runDetoxTests(com.detoxsample.DetoxTest)
03-22 17:21:03.259  8930  8957 D EventInjectionStrategy: Creating injection strategy with input manager.
03-22 17:21:03.260  8930  8957 W com.detoxsampl: Accessing hidden method Landroid/hardware/input/InputManager;->getInstance()Landroid/hardware/input/InputManager; (unsupported, reflection, allowed)
03-22 17:21:03.260  8930  8957 W com.detoxsampl: Accessing hidden method Landroid/hardware/input/InputManager;->injectInputEvent(Landroid/view/InputEvent;I)Z (unsupported, reflection, allowed)
03-22 17:21:03.260  8930  8957 W com.detoxsampl: Accessing hidden field Landroid/hardware/input/InputManager;->INJECT_INPUT_EVENT_MODE_WAIT_FOR_FINISH:I (unsupported, reflection, allowed)
03-22 17:21:03.280  8930  8957 W com.detoxsampl: Accessing hidden field Ljava/lang/reflect/Field;->accessFlags:I (unsupported, reflection, allowed)
03-22 17:21:03.346  8930  8986 D libEGL  : loaded /vendor/lib64/egl/libEGL_emulation.so
03-22 17:21:03.348  8930  8986 D libEGL  : loaded /vendor/lib64/egl/libGLESv1_CM_emulation.so
03-22 17:21:03.350  8930  8986 D libEGL  : loaded /vendor/lib64/egl/libGLESv2_emulation.so
03-22 17:21:03.462  8930  8930 D LifecycleMonitor: Lifecycle status change: com.detoxsample.MainActivity@95c1cf5 in: PRE_ON_CREATE
03-22 17:21:03.572  8930  8970 D SoLoader: About to load: libreactnativejni.so
03-22 17:21:03.573  8930  8970 D SoLoader: libreactnativejni.so not found on /data/data/com.detoxsample/lib-main
03-22 17:21:03.573  8930  8970 D SoLoader: libreactnativejni.so found on /data/app/~~7_SxxWlXvvPkyQJAMwf6Rw==/com.detoxsample-fGf4-pv5yWhe7QoswsbT5Q==/lib/x86_64
03-22 17:21:03.573  8930  8970 D SoLoader: Not resolving dependencies for libreactnativejni.so
03-22 17:21:03.575  8930  8970 D SoLoader: Loaded: libreactnativejni.so
03-22 17:21:03.585  8930  8930 W com.detoxsampl: Accessing hidden method Landroid/view/View;->computeFitSystemWindows(Landroid/graphics/Rect;Landroid/graphics/Rect;)Z (unsupported, reflection, allowed)
03-22 17:21:03.585  8930  8930 W com.detoxsampl: Accessing hidden method Landroid/view/ViewGroup;->makeOptionalFitsSystemWindows()V (unsupported, reflection, allowed)
03-22 17:21:03.601  8930  8930 D LifecycleMonitor: Lifecycle status change: com.detoxsample.MainActivity@95c1cf5 in: CREATED
03-22 17:21:03.605  8930  8930 D LifecycleMonitor: Lifecycle status change: com.detoxsample.MainActivity@95c1cf5 in: STARTED
03-22 17:21:03.606  8930  8930 D LifecycleMonitor: Lifecycle status change: com.detoxsample.MainActivity@95c1cf5 in: RESUMED
03-22 17:21:03.636  8930  8930 W unknown:ReactNative: Packager connection already open, nooping.
03-22 17:21:03.681  8930  8983 D HostConnection: createUnique: call
03-22 17:21:03.683  8930  8983 D HostConnection: HostConnection::get() New Host Connection established 0x73a0edf0a750, tid 8983
03-22 17:21:03.696  8930  8983 D HostConnection: HostComposition ext ANDROID_EMU_CHECKSUM_HELPER_v1 ANDROID_EMU_native_sync_v2 ANDROID_EMU_native_sync_v3 ANDROID_EMU_native_sync_v4 ANDROID_EMU_dma_v1 ANDROID_EMU_direct_mem ANDROID_EMU_host_composition_v1 ANDROID_EMU_host_composition_v2 ANDROID_EMU_YUV_Cache ANDROID_EMU_async_unmap_buffer ANDROID_EMU_has_shared_slots_host_memory_allocator ANDROID_EMU_sync_buffer_data GL_OES_EGL_image_external_essl3 GL_OES_vertex_array_object GL_KHR_texture_compression_astc_ldr ANDROID_EMU_host_side_tracing ANDROID_EMU_async_frame_commands ANDROID_EMU_gles_max_version_3_0 
03-22 17:21:03.699  8930  8983 W OpenGLRenderer: Failed to choose config with EGL_SWAP_BEHAVIOR_PRESERVED, retrying without...
03-22 17:21:03.700  8930  8983 W OpenGLRenderer: Failed to initialize 101010-2 format, error = EGL_SUCCESS
03-22 17:21:03.701  8930  8983 D EGL_emulation: eglCreateContext: 0x73a0edf09310: maj 3 min 0 rcv 3
03-22 17:21:03.704  8930  8983 D EGL_emulation: eglMakeCurrent: 0x73a0edf09310: ver 3 0 (tinfo 0x73a3073d2080) (first time)
03-22 17:21:03.716  8930  8983 I Gralloc4: mapper 4.x is not supported
03-22 17:21:03.720  8930  8983 D HostConnection: createUnique: call
03-22 17:21:03.720  8930  8983 D HostConnection: HostConnection::get() New Host Connection established 0x73a0edf087d0, tid 8983
03-22 17:21:03.721  8930  8983 D goldfish-address-space: allocate: Ask for block of size 0x100
03-22 17:21:03.721  8930  8983 D goldfish-address-space: allocate: ioctl allocate returned offset 0x3e3ffe000 size 0x2000
03-22 17:21:03.726  8930  8983 W Gralloc4: allocator 4.x is not supported
03-22 17:21:03.738  8930  8983 D HostConnection: HostComposition ext ANDROID_EMU_CHECKSUM_HELPER_v1 ANDROID_EMU_native_sync_v2 ANDROID_EMU_native_sync_v3 ANDROID_EMU_native_sync_v4 ANDROID_EMU_dma_v1 ANDROID_EMU_direct_mem ANDROID_EMU_host_composition_v1 ANDROID_EMU_host_composition_v2 ANDROID_EMU_YUV_Cache ANDROID_EMU_async_unmap_buffer ANDROID_EMU_has_shared_slots_host_memory_allocator ANDROID_EMU_sync_buffer_data GL_OES_EGL_image_external_essl3 GL_OES_vertex_array_object GL_KHR_texture_compression_astc_ldr ANDROID_EMU_host_side_tracing ANDROID_EMU_async_frame_commands ANDROID_EMU_gles_max_version_3_0 
03-22 17:21:03.947  8930  8957 I Detox   : Detox server connection details: url=ws://localhost:60945, sessionId=dbc5851d-d1bc-74e3-2400-15d8d730500e
03-22 17:21:03.967  8930  8994 I DetoxDispatcher: Handling action '_init' (ID #0)...
03-22 17:21:03.967  8930  8994 I Detox   : Connecting to server...
03-22 17:21:03.967  8930  8994 I DetoxWSClient: At connectToServer
03-22 17:21:03.988  8930  8996 D DetoxWSClient: At onOpen
03-22 17:21:03.988  8930  8996 I DetoxWSClient: Sending out action 'login' (ID #0)
03-22 17:21:03.988  8930  8996 I Detox   : Connected to server!
03-22 17:21:03.992  8930  8996 D DetoxWSClient: Received action 'loginSuccess' (ID #0, params={"testerConnected":true,"appConnected":true})
03-22 17:21:03.996  8930  8996 D DetoxWSClient: Received action 'isReady' (ID #-1000, params={})
03-22 17:21:04.002  8930  8992 W unknown:ReactContext: initializeMessageQueueThreads() is called.
03-22 17:21:04.023  8930  8930 W unknown:ReactNative: Packager connection already open, nooping.
03-22 17:21:04.093  8930  9000 W unknown:ViewManagerPropertyUpdater: Could not find generated setter for class com.facebook.react.views.drawer.ReactDrawerLayoutManager
03-22 17:21:04.108  8930  9000 W unknown:ViewManagerPropertyUpdater: Could not find generated setter for class com.facebook.react.uimanager.LayoutShadowNode
03-22 17:21:04.111  8930  9000 W unknown:ViewManagerPropertyUpdater: Could not find generated setter for class com.facebook.react.views.scroll.ReactHorizontalScrollViewManager
03-22 17:21:04.116  8930  9000 W unknown:ViewManagerPropertyUpdater: Could not find generated setter for class com.facebook.react.views.scroll.ReactHorizontalScrollContainerViewManager
03-22 17:21:04.117  8930  9000 W unknown:ViewManagerPropertyUpdater: Could not find generated setter for class com.facebook.react.views.progressbar.ReactProgressBarViewManager
03-22 17:21:04.120  8930  9000 W unknown:ViewManagerPropertyUpdater: Could not find generated setter for class com.facebook.react.views.progressbar.ProgressBarShadowNode
03-22 17:21:04.123  8930  9000 W unknown:ViewManagerPropertyUpdater: Could not find generated setter for class com.facebook.react.views.scroll.ReactScrollViewManager
03-22 17:21:04.125  8930  9000 W unknown:ViewManagerPropertyUpdater: Could not find generated setter for class com.facebook.react.views.slider.ReactSliderManager
03-22 17:21:04.126  8930  9000 W unknown:ViewManagerPropertyUpdater: Could not find generated setter for class com.facebook.react.views.slider.ReactSliderManager$ReactSliderShadowNode
03-22 17:21:04.128  8930  9000 W unknown:ViewManagerPropertyUpdater: Could not find generated setter for class com.facebook.react.views.switchview.ReactSwitchManager
03-22 17:21:04.130  8930  9000 W unknown:ViewManagerPropertyUpdater: Could not find generated setter for class com.facebook.react.views.switchview.ReactSwitchManager$ReactSwitchShadowNode
03-22 17:21:04.131  8930  9000 W unknown:ViewManagerPropertyUpdater: Could not find generated setter for class com.facebook.react.views.swiperefresh.SwipeRefreshLayoutManager
03-22 17:21:04.132  8930  9000 W unknown:ViewManagerPropertyUpdater: Could not find generated setter for class com.facebook.react.views.text.frescosupport.FrescoBasedReactTextInlineImageViewManager
03-22 17:21:04.133  8930  9000 W unknown:ViewManagerPropertyUpdater: Could not find generated setter for class com.facebook.react.views.text.frescosupport.FrescoBasedReactTextInlineImageShadowNode
03-22 17:21:04.137  8930  9000 W unknown:ViewManagerPropertyUpdater: Could not find generated setter for class com.facebook.react.views.image.ReactImageManager
03-22 17:21:04.139  8930  9000 W unknown:ViewManagerPropertyUpdater: Could not find generated setter for class com.facebook.react.views.modal.ReactModalHostManager
03-22 17:21:04.140  8930  9000 W unknown:ViewManagerPropertyUpdater: Could not find generated setter for class com.facebook.react.views.modal.ModalHostShadowNode
03-22 17:21:04.140  8930  9000 W unknown:ViewManagerPropertyUpdater: Could not find generated setter for class com.facebook.react.views.text.ReactRawTextManager
03-22 17:21:04.141  8930  9000 W unknown:ViewManagerPropertyUpdater: Could not find generated setter for class com.facebook.react.views.text.ReactRawTextShadowNode
03-22 17:21:04.142  8930  9000 W unknown:ViewManagerPropertyUpdater: Could not find generated setter for class com.facebook.react.views.textinput.ReactTextInputManager
03-22 17:21:04.146  8930  9000 W unknown:ViewManagerPropertyUpdater: Could not find generated setter for class com.facebook.react.views.textinput.ReactTextInputShadowNode
03-22 17:21:04.149  8930  9000 W unknown:ViewManagerPropertyUpdater: Could not find generated setter for class com.facebook.react.views.text.ReactTextViewManager
03-22 17:21:04.152  8930  9000 W unknown:ViewManagerPropertyUpdater: Could not find generated setter for class com.facebook.react.views.text.ReactTextShadowNode
03-22 17:21:04.153  8930  9000 W unknown:ViewManagerPropertyUpdater: Could not find generated setter for class com.facebook.react.views.view.ReactViewManager
03-22 17:21:04.155  8930  9000 W unknown:ViewManagerPropertyUpdater: Could not find generated setter for class com.facebook.react.views.text.ReactVirtualTextViewManager
03-22 17:21:04.155  8930  9000 W unknown:ViewManagerPropertyUpdater: Could not find generated setter for class com.facebook.react.views.text.ReactVirtualTextShadowNode
03-22 17:21:04.156  8930  9000 W unknown:ViewManagerPropertyUpdater: Could not find generated setter for class com.facebook.react.views.unimplementedview.ReactUnimplementedViewManager
03-22 17:21:04.177  8930  9000 W unknown:ReactContext: initializeMessageQueueThreads() is called.
03-22 17:21:04.189  8930  9000 D SoLoader: About to load: libyoga.so
03-22 17:21:04.189  8930  9000 D SoLoader: libyoga.so not found on /data/data/com.detoxsample/lib-main
03-22 17:21:04.190  8930  9000 D SoLoader: libyoga.so found on /data/app/~~7_SxxWlXvvPkyQJAMwf6Rw==/com.detoxsample-fGf4-pv5yWhe7QoswsbT5Q==/lib/x86_64
03-22 17:21:04.190  8930  9000 D SoLoader: Not resolving dependencies for libyoga.so
03-22 17:21:04.191  8930  9000 D SoLoader: Loaded: libyoga.so
03-22 17:21:04.207  8930  8930 I DetoxRNLoading: Got new RN-context async'ly through listener
03-22 17:21:04.212  8930  8994 I DetoxRNIdleRes: Setting up Espresso Idling Resources for React Native
03-22 17:21:04.240  8930  8994 D AsyncStorageIR: Checking whether a custom IR for Async-Storage is required... (legacy=false)
03-22 17:21:04.241  8930  8994 D DetoxRNHelpers: Native RN module resolution (class com.reactnativecommunity.asyncstorage.AsyncStorageModule): no such class
03-22 17:21:04.242  8930  8994 D AsyncStorageIR: Checking whether a custom IR for Async-Storage is required... (legacy=true)
03-22 17:21:04.247  8930  8994 D AsyncStorageIR: IR for Async-Storage is required! (legacy=true)
03-22 17:21:04.252  8930  8930 D AsyncStorageIRLegacy: Async-storage is busy!
03-22 17:21:04.256  8930  8997 D SoLoader: About to load: libreactnativeblob.so
03-22 17:21:04.256  8930  8997 D SoLoader: libreactnativeblob.so not found on /data/data/com.detoxsample/lib-main
03-22 17:21:04.256  8930  8997 D SoLoader: libreactnativeblob.so found on /data/app/~~7_SxxWlXvvPkyQJAMwf6Rw==/com.detoxsample-fGf4-pv5yWhe7QoswsbT5Q==/lib/x86_64
03-22 17:21:04.257  8930  8997 D SoLoader: Not resolving dependencies for libreactnativeblob.so
03-22 17:21:04.262  8930  8997 D SoLoader: Loaded: libreactnativeblob.so
03-22 17:21:04.265  8930  8994 I DetoxDispatcher: Done with action '_init'
03-22 17:21:04.265  8930  8994 I DetoxDispatcher: Handling action 'isReady' (ID #-1000)...
03-22 17:21:04.271  8930  8930 W com.detoxsampl: Accessing hidden method Landroid/os/MessageQueue;->next()Landroid/os/Message; (unsupported, reflection, allowed)
03-22 17:21:04.271  8930  8930 W com.detoxsampl: Accessing hidden field Landroid/os/MessageQueue;->mMessages:Landroid/os/Message; (unsupported, reflection, allowed)
03-22 17:21:04.272  8930  8930 W com.detoxsampl: Accessing hidden method Landroid/os/Message;->recycleUnchecked()V (unsupported, reflection, allowed)
03-22 17:21:04.314  8930  9000 I flipper : flipper: FlipperClient::addPlugin Fresco
03-22 17:21:04.325  8930  9000 I WebViewFactory: Loading com.google.android.webview version 91.0.4472.114 (code 447211487)
03-22 17:21:04.365  8930  9000 W com.detoxsampl: Accessing hidden method Landroid/os/Trace;->isTagEnabled(J)Z (unsupported, reflection, allowed)
03-22 17:21:04.365  8930  9000 W com.detoxsampl: Accessing hidden method Landroid/os/Trace;->traceBegin(JLjava/lang/String;)V (unsupported, reflection, allowed)
03-22 17:21:04.365  8930  9000 W com.detoxsampl: Accessing hidden method Landroid/os/Trace;->traceEnd(J)V (unsupported, reflection, allowed)
03-22 17:21:04.365  8930  9000 W com.detoxsampl: Accessing hidden method Landroid/os/Trace;->asyncTraceBegin(JLjava/lang/String;I)V (unsupported, reflection, allowed)
03-22 17:21:04.365  8930  9000 W com.detoxsampl: Accessing hidden method Landroid/os/Trace;->asyncTraceEnd(JLjava/lang/String;I)V (unsupported, reflection, allowed)
03-22 17:21:04.398  8930  9000 I cr_LibraryLoader: Loaded native library version number "91.0.4472.114"
03-22 17:21:04.402  8930  9000 I cr_CachingUmaRecorder: Flushed 4 samples from 4 histograms.
03-22 17:21:04.469  8930  8997 I ReactNativeJS: Running "DetoxSample" with {"rootTag":1}
03-22 17:21:04.618  8930  8930 D CompatibilityChangeReporter: Compat change id reported: 171228096; UID 10154; state: ENABLED
03-22 17:21:04.619  8930  8930 W com.detoxsampl: Accessing hidden field Landroid/widget/ScrollView;->mScroller:Landroid/widget/OverScroller; (unsupported, reflection, allowed)
03-22 17:21:04.659  8930  8930 I Detox   : Wait is over: app is now idle!
03-22 17:21:04.659  8930  8994 I DetoxWSClient: Sending out action 'ready' (ID #-1000)
03-22 17:21:04.660  8930  8994 I DetoxDispatcher: Done with action 'isReady'
03-22 17:21:04.664  8930  8994 I DetoxDispatcher: Handling action 'loginSuccess' (ID #0)...
03-22 17:21:04.664  8930  8994 I DetoxDispatcher: Done with action 'loginSuccess'
03-22 17:21:04.664  8930  8994 I DetoxDispatcher: Handling action 'isReady' (ID #-1000)...
03-22 17:21:04.677  8930  8930 I Detox   : Wait is over: app is now idle!
03-22 17:21:04.677  8930  8994 I DetoxWSClient: Sending out action 'ready' (ID #-1000)
03-22 17:21:04.678  8930  8994 I DetoxDispatcher: Done with action 'isReady'
