--------- beginning of main
03-22 18:38:13.005 19656 19656 I ViewInteraction: Performing 'com.wix.detox.espresso.action.detoxsingletap@2267fbe click' action on view (an instance of android.widget.TextView and view.getText() with or without transformation to match: is "GET CARD NETWORK" and view has effective visibility <VISIBLE>)
03-22 18:38:13.053 19656 19724 I ReactNativeJS: visa
03-22 18:38:13.477 19656 19721 I DetoxWSClient: Sending out action 'invokeResult' (ID #7)
03-22 18:38:13.477 19656 19721 I DetoxDispatcher: Done with action 'invoke'
03-22 18:38:13.484 19656 19723 D DetoxWSClient: Received action 'invoke' (ID #8, params={"target":{"type":"Class","value":"com.wix.detox.espresso.DetoxAssertion"},"method":"assertMatcher","args":[{"type":"Invocation","value":{"target":{"type":"Class","value":"androidx.test.espresso.Espresso"},"method":"onView","args":[{"type":"Invocation","value":{"target":{"type":"Class","value":"com.wix.detox.espresso.DetoxMatcher"},"method":"matcherForText","args":["Card Network : visa"]}}]}},{"type":"Invocation","value":{"target":{"type":"Class","value":"com.wix.detox.espresso.DetoxMatcher"},"method":"matcherForSufficientlyVisible","args":[{"type":"Integer","value":75}]}}]})
03-22 18:38:13.485 19656 19721 I DetoxDispatcher: Handling action 'invoke' (ID #8)...
03-22 18:38:13.485 19656 19721 D Detox   : class com.wix.detox.espresso.DetoxMatcher, matcherForText, [Card Network : visa]
03-22 18:38:13.486 19656 19721 D Detox   : class androidx.test.espresso.Espresso, onView, [(an instance of android.widget.TextView and view.getText() with or without transformation to match: is "Card Network : visa" and view has effective visibility <VISIBLE>)]
03-22 18:38:13.486 19656 19721 D Detox   : class com.wix.detox.espresso.DetoxMatcher, matcherForSufficientlyVisible, [75]
03-22 18:38:13.487 19656 19721 D Detox   : class com.wix.detox.espresso.DetoxAssertion, assertMatcher, [androidx.test.espresso.ViewInteraction@42ee58, (view has effective visibility <VISIBLE> and view.getGlobalVisibleRect() covers at least <75> percent of the view's area)]
03-22 18:38:13.500 19656 19656 I ViewInteraction: Checking 'MatchesViewAssertion(Detox){viewMatcher=(view has effective visibility <VISIBLE> and view.getGlobalVisibleRect() covers at least <75> percent of the view's area)}' assertion on view (an instance of android.widget.TextView and view.getText() with or without transformation to match: is "Card Network : visa" and view has effective visibility <VISIBLE>)
03-22 18:38:13.502 19656 19721 I DetoxWSClient: Sending out action 'invokeResult' (ID #8)
03-22 18:38:13.503 19656 19721 I DetoxDispatcher: Done with action 'invoke'
03-22 18:38:13.577 19656 19723 D DetoxWSClient: Received action 'invoke' (ID #9, params={"target":{"type":"Class","value":"com.wix.detox.espresso.EspressoDetox"},"method":"perform","args":[{"type":"Invocation","value":{"target":{"type":"Class","value":"androidx.test.espresso.Espresso"},"method":"onView","args":[{"type":"Invocation","value":{"target":{"type":"Class","value":"com.wix.detox.espresso.DetoxMatcher"},"method":"matcherForTestId","args":["cardNumber"]}}]}},{"type":"Invocation","value":{"target":{"type":"Class","value":"androidx.test.espresso.action.ViewActions"},"method":"replaceText","args":["9000000000000000"]}}]})
03-22 18:38:13.577 19656 19721 I DetoxDispatcher: Handling action 'invoke' (ID #9)...
03-22 18:38:13.578 19656 19721 D Detox   : class com.wix.detox.espresso.DetoxMatcher, matcherForTestId, [cardNumber]
03-22 18:38:13.581 19656 19721 D Detox   : class androidx.test.espresso.Espresso, onView, [(view.getTag() is "cardNumber" and view has effective visibility <VISIBLE>)]
03-22 18:38:13.582 19656 19721 D Detox   : class androidx.test.espresso.action.ViewActions, replaceText, [9000000000000000]
03-22 18:38:13.582 19656 19721 D Detox   : class com.wix.detox.espresso.EspressoDetox, perform, [androidx.test.espresso.ViewInteraction@12e7bb1, androidx.test.espresso.action.ReplaceTextAction@660c896]
03-22 18:38:13.591 19656 19656 I ViewInteraction: Performing 'replace text(9000000000000000)' action on view (view.getTag() is "cardNumber" and view has effective visibility <VISIBLE>)
03-22 18:38:13.596 19656 19721 I DetoxWSClient: Sending out action 'invokeResult' (ID #9)
03-22 18:38:13.597 19656 19721 I DetoxDispatcher: Done with action 'invoke'
03-22 18:38:13.609 19656 19723 D DetoxWSClient: Received action 'invoke' (ID #10, params={"target":{"type":"Class","value":"com.wix.detox.espresso.EspressoDetox"},"method":"perform","args":[{"type":"Invocation","value":{"target":{"type":"Class","value":"androidx.test.espresso.Espresso"},"method":"onView","args":[{"type":"Invocation","value":{"target":{"type":"Class","value":"com.wix.detox.espresso.DetoxMatcher"},"method":"matcherForText","args":["IS CARD VALID"]}}]}},{"type":"Invocation","value":{"target":{"type":"Class","value":"com.wix.detox.espresso.DetoxViewActions"},"method":"click","args":[]}}]})
03-22 18:38:13.613 19656 19721 I DetoxDispatcher: Handling action 'invoke' (ID #10)...
03-22 18:38:13.617 19656 19721 D Detox   : class com.wix.detox.espresso.DetoxMatcher, matcherForText, [IS CARD VALID]
03-22 18:38:13.617 19656 19721 D Detox   : class androidx.test.espresso.Espresso, onView, [(an instance of android.widget.TextView and view.getText() with or without transformation to match: is "IS CARD VALID" and view has effective visibility <VISIBLE>)]
03-22 18:38:13.619 19656 19721 D Detox   : class com.wix.detox.espresso.DetoxViewActions, click, []
03-22 18:38:13.619 19656 19721 D Detox   : class com.wix.detox.espresso.EspressoDetox, perform, [androidx.test.espresso.ViewInteraction@dfe21ed, com.wix.detox.espresso.action.RNClickAction@dd8d822]
03-22 18:38:13.676 19656 19656 I Detox   : UIManagerModule is busy
03-22 18:38:13.685 19656 19656 I ViewInteraction: Performing 'com.wix.detox.espresso.action.detoxsingletap@1d0546e click' action on view (an instance of android.widget.TextView and view.getText() with or without transformation to match: is "IS CARD VALID" and view has effective visibility <VISIBLE>)
03-22 18:38:13.733 19656 19710 D EGL_emulation: app_time_stats: avg=12.54ms min=2.42ms max=22.78ms count=59
03-22 18:38:13.741 19656 19724 I ReactNativeJS: false
03-22 18:38:13.789 19656 19656 I Detox   : UIManagerModule is busy
03-22 18:38:14.186 19656 19721 I DetoxWSClient: Sending out action 'invokeResult' (ID #10)
03-22 18:38:14.186 19656 19721 I DetoxDispatcher: Done with action 'invoke'
03-22 18:38:14.192 19656 19723 D DetoxWSClient: Received action 'invoke' (ID #11, params={"target":{"type":"Class","value":"com.wix.detox.espresso.DetoxAssertion"},"method":"assertMatcher","args":[{"type":"Invocation","value":{"target":{"type":"Class","value":"androidx.test.espresso.Espresso"},"method":"onView","args":[{"type":"Invocation","value":{"target":{"type":"Class","value":"com.wix.detox.espresso.DetoxMatcher"},"method":"matcherForText","args":["Card Validity : false"]}}]}},{"type":"Invocation","value":{"target":{"type":"Class","value":"com.wix.detox.espresso.DetoxMatcher"},"method":"matcherForSufficientlyVisible","args":[{"type":"Integer","value":75}]}}]})
03-22 18:38:14.192 19656 19721 I DetoxDispatcher: Handling action 'invoke' (ID #11)...
03-22 18:38:14.193 19656 19721 D Detox   : class com.wix.detox.espresso.DetoxMatcher, matcherForText, [Card Validity : false]
03-22 18:38:14.195 19656 19721 D Detox   : class androidx.test.espresso.Espresso, onView, [(an instance of android.widget.TextView and view.getText() with or without transformation to match: is "Card Validity : false" and view has effective visibility <VISIBLE>)]
03-22 18:38:14.196 19656 19721 D Detox   : class com.wix.detox.espresso.DetoxMatcher, matcherForSufficientlyVisible, [75]
03-22 18:38:14.197 19656 19721 D Detox   : class com.wix.detox.espresso.DetoxAssertion, assertMatcher, [androidx.test.espresso.ViewInteraction@afa9d88, (view has effective visibility <VISIBLE> and view.getGlobalVisibleRect() covers at least <75> percent of the view's area)]
03-22 18:38:14.202 19656 19656 I ViewInteraction: Checking 'MatchesViewAssertion(Detox){viewMatcher=(view has effective visibility <VISIBLE> and view.getGlobalVisibleRect() covers at least <75> percent of the view's area)}' assertion on view (an instance of android.widget.TextView and view.getText() with or without transformation to match: is "Card Validity : false" and view has effective visibility <VISIBLE>)
03-22 18:38:14.204 19656 19721 I DetoxWSClient: Sending out action 'invokeResult' (ID #11)
03-22 18:38:14.205 19656 19721 I DetoxDispatcher: Done with action 'invoke'
03-22 18:38:14.209 19656 19723 D DetoxWSClient: Received action 'invoke' (ID #12, params={"target":{"type":"Class","value":"com.wix.detox.espresso.EspressoDetox"},"method":"perform","args":[{"type":"Invocation","value":{"target":{"type":"Class","value":"androidx.test.espresso.Espresso"},"method":"onView","args":[{"type":"Invocation","value":{"target":{"type":"Class","value":"com.wix.detox.espresso.DetoxMatcher"},"method":"matcherForText","args":["GET CARD NETWORK"]}}]}},{"type":"Invocation","value":{"target":{"type":"Class","value":"com.wix.detox.espresso.DetoxViewActions"},"method":"click","args":[]}}]})
03-22 18:38:14.211 19656 19721 I DetoxDispatcher: Handling action 'invoke' (ID #12)...
03-22 18:38:14.212 19656 19721 D Detox   : class com.wix.detox.espresso.DetoxMatcher, matcherForText, [GET CARD NETWORK]
03-22 18:38:14.212 19656 19721 D Detox   : class androidx.test.espresso.Espresso, onView, [(an instance of android.widget.TextView and view.getText() with or without transformation to match: is "GET CARD NETWORK" and view has effective visibility <VISIBLE>)]
03-22 18:38:14.213 19656 19721 D Detox   : class com.wix.detox.espresso.DetoxViewActions, click, []
03-22 18:38:14.213 19656 19721 D Detox   : class com.wix.detox.espresso.EspressoDetox, perform, [androidx.test.espresso.ViewInteraction@7e4b321, com.wix.detox.espresso.action.RNClickAction@77a8346]
03-22 18:38:14.217 19656 19656 I ViewInteraction: Performing 'com.wix.detox.espresso.action.detoxsingletap@14d6907 click' action on view (an instance of android.widget.TextView and view.getText() with or without transformation to match: is "GET CARD NETWORK" and view has effective visibility <VISIBLE>)
03-22 18:38:14.266 19656 19724 I ReactNativeJS: unknown
03-22 18:38:14.297 19656 19656 I Detox   : UIManagerModule is busy
03-22 18:38:14.697 19656 19721 I DetoxWSClient: Sending out action 'invokeResult' (ID #12)
03-22 18:38:14.697 19656 19721 I DetoxDispatcher: Done with action 'invoke'
03-22 18:38:14.703 19656 19723 D DetoxWSClient: Received action 'invoke' (ID #13, params={"target":{"type":"Class","value":"com.wix.detox.espresso.DetoxAssertion"},"method":"assertMatcher","args":[{"type":"Invocation","value":{"target":{"type":"Class","value":"androidx.test.espresso.Espresso"},"method":"onView","args":[{"type":"Invocation","value":{"target":{"type":"Class","value":"com.wix.detox.espresso.DetoxMatcher"},"method":"matcherForText","args":["Card Network : unknown"]}}]}},{"type":"Invocation","value":{"target":{"type":"Class","value":"com.wix.detox.espresso.DetoxMatcher"},"method":"matcherForSufficientlyVisible","args":[{"type":"Integer","value":75}]}}]})
03-22 18:38:14.703 19656 19721 I DetoxDispatcher: Handling action 'invoke' (ID #13)...
03-22 18:38:14.704 19656 19721 D Detox   : class com.wix.detox.espresso.DetoxMatcher, matcherForText, [Card Network : unknown]
03-22 18:38:14.704 19656 19721 D Detox   : class androidx.test.espresso.Espresso, onView, [(an instance of android.widget.TextView and view.getText() with or without transformation to match: is "Card Network : unknown" and view has effective visibility <VISIBLE>)]
03-22 18:38:14.704 19656 19721 D Detox   : class com.wix.detox.espresso.DetoxMatcher, matcherForSufficientlyVisible, [75]
03-22 18:38:14.705 19656 19721 D Detox   : class com.wix.detox.espresso.DetoxAssertion, assertMatcher, [androidx.test.espresso.ViewInteraction@d0d95a0, (view has effective visibility <VISIBLE> and view.getGlobalVisibleRect() covers at least <75> percent of the view's area)]
03-22 18:38:14.716 19656 19656 I ViewInteraction: Checking 'MatchesViewAssertion(Detox){viewMatcher=(view has effective visibility <VISIBLE> and view.getGlobalVisibleRect() covers at least <75> percent of the view's area)}' assertion on view (an instance of android.widget.TextView and view.getText() with or without transformation to match: is "Card Network : unknown" and view has effective visibility <VISIBLE>)
03-22 18:38:14.718 19656 19721 I DetoxWSClient: Sending out action 'invokeResult' (ID #13)
03-22 18:38:14.719 19656 19721 I DetoxDispatcher: Done with action 'invoke'
03-22 18:38:14.733 19656 19710 D EGL_emulation: app_time_stats: avg=14.47ms min=2.36ms max=23.14ms count=59
