--------- beginning of main
03-22 00:45:30.956 24672 24672 I com.detoxsampl: Late-enabling -Xcheck:jni
03-22 00:45:30.978 24672 24672 I com.detoxsampl: Unquickening 19 vdex files!
--------- beginning of system
03-22 00:45:31.050 24672 24672 W ActivityThread: Package uses different ABI(s) than its instrumentation: package[com.detoxsample]: arm64-v8a, null instrumentation[com.detoxsample.test]: null, null
03-22 00:45:31.051 24672 24672 I Typeface: Current DefaultTypeface ( lgtravel )
03-22 00:45:31.054 24672 24672 I com.detoxsampl: The ClassLoaderContext is a special shared library.
03-22 00:45:31.062 24672 24672 I com.detoxsampl: The ClassLoaderContext is a special shared library.
03-22 00:45:31.074 24672 24672 I com.detoxsampl: The ClassLoaderContext is a special shared library.
03-22 00:45:31.080 24672 24672 I com.detoxsampl: The ClassLoaderContext is a special shared library.
03-22 00:45:31.282 24672 24672 D ApplicationLoaders: Returning zygote-cached class loader: /system/framework/android.test.base.jar
03-22 00:45:31.282 24672 24672 D ApplicationLoaders: Returning zygote-cached class loader: /system/framework/android.test.base.jar
03-22 00:45:31.283 24672 24672 I com.detoxsampl: The ClassLoaderContext is a special shared library.
03-22 00:45:31.289 24672 24672 D ApplicationLoaders: Returning zygote-cached class loader: /system/framework/android.test.base.jar
03-22 00:45:31.289 24672 24672 D ApplicationLoaders: Returning zygote-cached class loader: /system/framework/android.test.base.jar
03-22 00:45:31.290 24672 24672 I com.detoxsampl: The ClassLoaderContext is a special shared library.
03-22 00:45:31.296 24672 24672 I chatty  : uid=10470(com.detoxsample) identical 2 lines
03-22 00:45:31.297 24672 24672 I com.detoxsampl: The ClassLoaderContext is a special shared library.
03-22 00:45:31.461 24672 24672 W com.detoxsampl: Accessing hidden method Landroid/app/Instrumentation;->execStartActivity(Landroid/content/Context;Landroid/os/IBinder;Landroid/os/IBinder;Landroid/app/Activity;Landroid/content/Intent;ILandroid/os/Bundle;)Landroid/app/Instrumentation$ActivityResult; (greylist, linking, allowed)
03-22 00:45:31.462 24672 24672 W com.detoxsampl: Accessing hidden method Landroid/app/Instrumentation;->execStartActivity(Landroid/content/Context;Landroid/os/IBinder;Landroid/os/IBinder;Ljava/lang/String;Landroid/content/Intent;ILandroid/os/Bundle;)Landroid/app/Instrumentation$ActivityResult; (greylist, linking, allowed)
03-22 00:45:31.468 24672 24672 D NetworkSecurityConfig: Using Network Security Config from resource network_security_config debugBuild: true
03-22 00:45:31.470 24672 24672 D NetworkSecurityConfig: Using Network Security Config from resource network_security_config debugBuild: true
03-22 00:45:31.472 24672 24672 I MonitoringInstr: Instrumentation started!
03-22 00:45:31.486 24672 24672 V TestEventClient: No service name argument was given (testDiscoveryService, testRunEventService or orchestratorService)
03-22 00:45:31.490 24672 24672 D SoLoader: init start
03-22 00:45:31.491 24672 24672 D SoLoader: adding system library source: /vendor/lib64
03-22 00:45:31.491 24672 24672 D SoLoader: adding system library source: /system/lib64
03-22 00:45:31.492 24672 24672 D SoLoader: adding application source: com.facebook.soloader.DirectorySoSource[root = /data/app/~~sNK1MlZ6tW-olybXz5z6cw==/com.detoxsample-ivm5zF5NsaQs-RntNM40NA==/lib/arm64 flags = 0]
03-22 00:45:31.493 24672 24672 D SoLoader: adding backup source from : com.facebook.soloader.ApkSoSource[root = /data/data/com.detoxsample/lib-main flags = 1]
03-22 00:45:31.493 24672 24672 D SoLoader: Preparing SO source: com.facebook.soloader.DirectorySoSource[root = /system/lib64 flags = 2]
03-22 00:45:31.493 24672 24672 D SoLoader: Preparing SO source: com.facebook.soloader.DirectorySoSource[root = /vendor/lib64 flags = 2]
03-22 00:45:31.493 24672 24672 D SoLoader: Preparing SO source: com.facebook.soloader.DirectorySoSource[root = /data/app/~~sNK1MlZ6tW-olybXz5z6cw==/com.detoxsample-ivm5zF5NsaQs-RntNM40NA==/lib/arm64 flags = 0]
03-22 00:45:31.493 24672 24672 D SoLoader: Preparing SO source: com.facebook.soloader.ApkSoSource[root = /data/data/com.detoxsample/lib-main flags = 1]
03-22 00:45:31.494 24672 24672 V fb-UnpackingSoSource: locked dso store /data/user/0/com.detoxsample/lib-main
03-22 00:45:31.499 24672 24672 V fb-UnpackingSoSource: deps mismatch on deps store: regenerating
03-22 00:45:31.499 24672 24672 V fb-UnpackingSoSource: so store dirty: regenerating
03-22 00:45:31.558 24672 24672 D ApkSoSource: not allowing consideration of lib/arm64-v8a/libbetter.so: deferring to libdir
03-22 00:45:31.558 24672 24672 D ApkSoSource: not allowing consideration of lib/arm64-v8a/libc++_shared.so: deferring to libdir
03-22 00:45:31.558 24672 24672 D ApkSoSource: not allowing consideration of lib/arm64-v8a/libevent-2.1.so: deferring to libdir
03-22 00:45:31.558 24672 24672 D ApkSoSource: not allowing consideration of lib/arm64-v8a/libevent_core-2.1.so: deferring to libdir
03-22 00:45:31.558 24672 24672 D ApkSoSource: not allowing consideration of lib/arm64-v8a/libevent_extra-2.1.so: deferring to libdir
03-22 00:45:31.558 24672 24672 D ApkSoSource: not allowing consideration of lib/arm64-v8a/libfabricjni.so: deferring to libdir
03-22 00:45:31.558 24672 24672 D ApkSoSource: not allowing consideration of lib/arm64-v8a/libfb.so: deferring to libdir
03-22 00:45:31.558 24672 24672 D ApkSoSource: not allowing consideration of lib/arm64-v8a/libfbjni.so: deferring to libdir
03-22 00:45:31.558 24672 24672 D ApkSoSource: not allowing consideration of lib/arm64-v8a/libflipper.so: deferring to libdir
03-22 00:45:31.558 24672 24672 D ApkSoSource: not allowing consideration of lib/arm64-v8a/libfolly_futures.so: deferring to libdir
03-22 00:45:31.558 24672 24672 D ApkSoSource: not allowing consideration of lib/arm64-v8a/libfolly_json.so: deferring to libdir
03-22 00:45:31.558 24672 24672 D ApkSoSource: not allowing consideration of lib/arm64-v8a/libglog.so: deferring to libdir
03-22 00:45:31.559 24672 24672 D ApkSoSource: not allowing consideration of lib/arm64-v8a/libglog_init.so: deferring to libdir
03-22 00:45:31.559 24672 24672 D ApkSoSource: not allowing consideration of lib/arm64-v8a/libimagepipeline.so: deferring to libdir
03-22 00:45:31.559 24672 24672 D ApkSoSource: not allowing consideration of lib/arm64-v8a/libjsc.so: deferring to libdir
03-22 00:45:31.559 24672 24672 D ApkSoSource: not allowing consideration of lib/arm64-v8a/libjscexecutor.so: deferring to libdir
03-22 00:45:31.559 24672 24672 D ApkSoSource: not allowing consideration of lib/arm64-v8a/libjsi.so: deferring to libdir
03-22 00:45:31.559 24672 24672 D ApkSoSource: not allowing consideration of lib/arm64-v8a/libjsijniprofiler.so: deferring to libdir
03-22 00:45:31.559 24672 24672 D ApkSoSource: not allowing consideration of lib/arm64-v8a/libjsinspector.so: deferring to libdir
03-22 00:45:31.559 24672 24672 D ApkSoSource: not allowing consideration of lib/arm64-v8a/liblogger.so: deferring to libdir
03-22 00:45:31.559 24672 24672 D ApkSoSource: not allowing consideration of lib/arm64-v8a/libmapbufferjni.so: deferring to libdir
03-22 00:45:31.559 24672 24672 D ApkSoSource: not allowing consideration of lib/arm64-v8a/libnative-filters.so: deferring to libdir
03-22 00:45:31.559 24672 24672 D ApkSoSource: not allowing consideration of lib/arm64-v8a/libnative-imagetranscoder.so: deferring to libdir
03-22 00:45:31.560 24672 24672 D ApkSoSource: not allowing consideration of lib/arm64-v8a/libreact_codegen_rncore.so: deferring to libdir
03-22 00:45:31.560 24672 24672 D ApkSoSource: not allowing consideration of lib/arm64-v8a/libreact_debug.so: deferring to libdir
03-22 00:45:31.560 24672 24672 D ApkSoSource: not allowing consideration of lib/arm64-v8a/libreact_nativemodule_core.so: deferring to libdir
03-22 00:45:31.560 24672 24672 D ApkSoSource: not allowing consideration of lib/arm64-v8a/libreact_render_animations.so: deferring to libdir
03-22 00:45:31.560 24672 24672 D ApkSoSource: not allowing consideration of lib/arm64-v8a/libreact_render_attributedstring.so: deferring to libdir
03-22 00:45:31.560 24672 24672 D ApkSoSource: not allowing consideration of lib/arm64-v8a/libreact_render_componentregistry.so: deferring to libdir
03-22 00:45:31.560 24672 24672 D ApkSoSource: not allowing consideration of lib/arm64-v8a/libreact_render_core.so: deferring to libdir
03-22 00:45:31.560 24672 24672 D ApkSoSource: not allowing consideration of lib/arm64-v8a/libreact_render_debug.so: deferring to libdir
03-22 00:45:31.560 24672 24672 D ApkSoSource: not allowing consideration of lib/arm64-v8a/libreact_render_graphics.so: deferring to libdir
03-22 00:45:31.560 24672 24672 D ApkSoSource: not allowing consideration of lib/arm64-v8a/libreact_render_imagemanager.so: deferring to libdir
03-22 00:45:31.560 24672 24672 D ApkSoSource: not allowing consideration of lib/arm64-v8a/libreact_render_leakchecker.so: deferring to libdir
03-22 00:45:31.560 24672 24672 D ApkSoSource: not allowing consideration of lib/arm64-v8a/libreact_render_mapbuffer.so: deferring to libdir
03-22 00:45:31.560 24672 24672 D ApkSoSource: not allowing consideration of lib/arm64-v8a/libreact_render_mounting.so: deferring to libdir
03-22 00:45:31.560 24672 24672 D ApkSoSource: not allowing consideration of lib/arm64-v8a/libreact_render_runtimescheduler.so: deferring to libdir
03-22 00:45:31.560 24672 24672 D ApkSoSource: not allowing consideration of lib/arm64-v8a/libreact_render_scheduler.so: deferring to libdir
03-22 00:45:31.561 24672 24672 D ApkSoSource: not allowing consideration of lib/arm64-v8a/libreact_render_telemetry.so: deferring to libdir
03-22 00:45:31.561 24672 24672 D ApkSoSource: not allowing consideration of lib/arm64-v8a/libreact_render_templateprocessor.so: deferring to libdir
03-22 00:45:31.561 24672 24672 D ApkSoSource: not allowing consideration of lib/arm64-v8a/libreact_render_textlayoutmanager.so: deferring to libdir
03-22 00:45:31.561 24672 24672 D ApkSoSource: not allowing consideration of lib/arm64-v8a/libreact_render_uimanager.so: deferring to libdir
03-22 00:45:31.561 24672 24672 D ApkSoSource: not allowing consideration of lib/arm64-v8a/libreact_utils.so: deferring to libdir
03-22 00:45:31.561 24672 24672 D ApkSoSource: not allowing consideration of lib/arm64-v8a/libreactconfig.so: deferring to libdir
03-22 00:45:31.561 24672 24672 D ApkSoSource: not allowing consideration of lib/arm64-v8a/libreactnativeblob.so: deferring to libdir
03-22 00:45:31.561 24672 24672 D ApkSoSource: not allowing consideration of lib/arm64-v8a/libreactnativejni.so: deferring to libdir
03-22 00:45:31.561 24672 24672 D ApkSoSource: not allowing consideration of lib/arm64-v8a/libreactnativeutilsjni.so: deferring to libdir
03-22 00:45:31.561 24672 24672 D ApkSoSource: not allowing consideration of lib/arm64-v8a/libreactperfloggerjni.so: deferring to libdir
03-22 00:45:31.561 24672 24672 D ApkSoSource: not allowing consideration of lib/arm64-v8a/librrc_image.so: deferring to libdir
03-22 00:45:31.561 24672 24672 D ApkSoSource: not allowing consideration of lib/arm64-v8a/librrc_modal.so: deferring to libdir
03-22 00:45:31.561 24672 24672 D ApkSoSource: not allowing consideration of lib/arm64-v8a/librrc_progressbar.so: deferring to libdir
03-22 00:45:31.561 24672 24672 D ApkSoSource: not allowing consideration of lib/arm64-v8a/librrc_root.so: deferring to libdir
03-22 00:45:31.561 24672 24672 D ApkSoSource: not allowing consideration of lib/arm64-v8a/librrc_scrollview.so: deferring to libdir
03-22 00:45:31.561 24672 24672 D ApkSoSource: not allowing consideration of lib/arm64-v8a/librrc_slider.so: deferring to libdir
03-22 00:45:31.562 24672 24672 D ApkSoSource: not allowing consideration of lib/arm64-v8a/librrc_switch.so: deferring to libdir
03-22 00:45:31.562 24672 24672 D ApkSoSource: not allowing consideration of lib/arm64-v8a/librrc_text.so: deferring to libdir
03-22 00:45:31.562 24672 24672 D ApkSoSource: not allowing consideration of lib/arm64-v8a/librrc_textinput.so: deferring to libdir
03-22 00:45:31.562 24672 24672 D ApkSoSource: not allowing consideration of lib/arm64-v8a/librrc_unimplementedview.so: deferring to libdir
03-22 00:45:31.562 24672 24672 D ApkSoSource: not allowing consideration of lib/arm64-v8a/librrc_view.so: deferring to libdir
03-22 00:45:31.562 24672 24672 D ApkSoSource: not allowing consideration of lib/arm64-v8a/libturbomodulejsijni.so: deferring to libdir
03-22 00:45:31.562 24672 24672 D ApkSoSource: not allowing consideration of lib/arm64-v8a/libyoga.so: deferring to libdir
03-22 00:45:31.562 24672 24672 V fb-UnpackingSoSource: regenerating DSO store com.facebook.soloader.ApkSoSource
03-22 00:45:31.563 24672 24672 V fb-UnpackingSoSource: Finished regenerating DSO store com.facebook.soloader.ApkSoSource
03-22 00:45:31.563 24672 24672 V fb-UnpackingSoSource: starting syncer worker
03-22 00:45:31.570 24672 24672 V fb-UnpackingSoSource: releasing dso store lock for /data/user/0/com.detoxsample/lib-main (from syncer thread)
03-22 00:45:31.571 24672 24672 V fb-UnpackingSoSource: not releasing dso store lock for /data/user/0/com.detoxsample/lib-main (syncer thread started)
03-22 00:45:31.571 24672 24672 D SoLoader: init finish: 4 SO sources prepared
03-22 00:45:31.571 24672 24672 D SoLoader: init exiting
03-22 00:45:31.581 24672 24672 D SoLoader: init exiting
03-22 00:45:31.581 24672 24672 D SoLoader: About to load: libjscexecutor.so
03-22 00:45:31.582 24672 24672 D SoLoader: libjscexecutor.so not found on /data/data/com.detoxsample/lib-main
03-22 00:45:31.582 24672 24672 D SoLoader: libjscexecutor.so found on /data/app/~~sNK1MlZ6tW-olybXz5z6cw==/com.detoxsample-ivm5zF5NsaQs-RntNM40NA==/lib/arm64
03-22 00:45:31.582 24672 24672 D SoLoader: Not resolving dependencies for libjscexecutor.so
03-22 00:45:31.588 24672 24672 D JavaScriptCore.Version: 250230.2.1
03-22 00:45:31.588 24672 24672 D SoLoader: Loaded: libjscexecutor.so
03-22 00:45:31.590 24672 24672 D SoLoader: init exiting
03-22 00:45:31.681 24672 24672 I SensorManager: registerListenerImpl() [Sensor: LGE Accelerometer Non-wakeup, Rate: 66667, SensorEventListener: com.facebook.react.common.ShakeDetector@717fc72] by com.facebook.react.common.ShakeDetector.start():60
03-22 00:45:31.702 24672 24703 D SoLoader: About to load: libfbjni.so
03-22 00:45:31.703 24672 24703 D SoLoader: libfbjni.so not found on /data/data/com.detoxsample/lib-main
03-22 00:45:31.703 24672 24703 D SoLoader: libfbjni.so found on /data/app/~~sNK1MlZ6tW-olybXz5z6cw==/com.detoxsample-ivm5zF5NsaQs-RntNM40NA==/lib/arm64
03-22 00:45:31.703 24672 24703 D SoLoader: Not resolving dependencies for libfbjni.so
03-22 00:45:31.705 24672 24703 D SoLoader: Loaded: libfbjni.so
03-22 00:45:31.705 24672 24703 D SoLoader: About to load: libflipper.so
03-22 00:45:31.706 24672 24703 D SoLoader: libflipper.so not found on /data/data/com.detoxsample/lib-main
03-22 00:45:31.706 24672 24703 D SoLoader: libflipper.so found on /data/app/~~sNK1MlZ6tW-olybXz5z6cw==/com.detoxsample-ivm5zF5NsaQs-RntNM40NA==/lib/arm64
03-22 00:45:31.706 24672 24703 D SoLoader: Not resolving dependencies for libflipper.so
03-22 00:45:31.719 24672 24703 D SoLoader: Loaded: libflipper.so
03-22 00:45:31.759 24672 24672 W com.detoxsampl: Accessing hidden field Landroid/view/View;->mKeyedTags:Landroid/util/SparseArray; (greylist, reflection, allowed)
03-22 00:45:31.759 24672 24672 W com.detoxsampl: Accessing hidden field Landroid/view/View;->mListenerInfo:Landroid/view/View$ListenerInfo; (greylist, reflection, allowed)
03-22 00:45:31.759 24672 24672 W com.detoxsampl: Accessing hidden field Landroid/view/View$ListenerInfo;->mOnClickListener:Landroid/view/View$OnClickListener; (greylist, reflection, allowed)
03-22 00:45:31.764 24672 24672 I flipper : flipper: FlipperClient::addPlugin Inspector
03-22 00:45:31.764 24672 24672 I flipper : flipper: FlipperClient::addPlugin React
03-22 00:45:31.766 24672 24672 I flipper : flipper: FlipperClient::addPlugin Databases
03-22 00:45:31.767 24672 24672 I flipper : flipper: FlipperClient::addPlugin Preferences
03-22 00:45:31.767 24672 24672 I flipper : flipper: FlipperClient::addPlugin CrashReporter
03-22 00:45:31.769 24672 24672 I flipper : flipper: FlipperClient::addPlugin Network
03-22 00:45:31.792 24672 24696 I UsageTrackerFacilitator: Usage tracking enabled
03-22 00:45:31.794 24672 24696 I TestRequestBuilder: Scanning classpath to find tests in paths [/data/app/~~K0wjzprt41wmoj_5NEcCJw==/com.detoxsample.test-dIoZiPzn15s4M1DKLfg7jw==/base.apk]
03-22 00:45:31.795 24672 24696 W com.detoxsampl: Opening an oat file without a class loader. Are you using the deprecated DexFile APIs?
03-22 00:45:32.408 24672 24696 D TestExecutor: Adding listener androidx.test.internal.runner.listener.LogRunListener
03-22 00:45:32.409 24672 24696 D TestExecutor: Adding listener androidx.test.internal.runner.listener.InstrumentationResultPrinter
03-22 00:45:32.409 24672 24696 D TestExecutor: Adding listener androidx.test.internal.runner.listener.ActivityFinisherRunListener
03-22 00:45:32.410 24672 24696 I TestRunner: run started: 1 tests
03-22 00:45:32.414 24672 24696 I TestRunner: started: runDetoxTests(com.detoxsample.DetoxTest)
03-22 00:45:32.432 24672 24696 D EventInjectionStrategy: Creating injection strategy with input manager.
03-22 00:45:32.432 24672 24696 W com.detoxsampl: Accessing hidden method Landroid/hardware/input/InputManager;->getInstance()Landroid/hardware/input/InputManager; (greylist, reflection, allowed)
03-22 00:45:32.437 24672 24696 W com.detoxsampl: Accessing hidden method Landroid/hardware/input/InputManager;->injectInputEvent(Landroid/view/InputEvent;I)Z (greylist, reflection, allowed)
03-22 00:45:32.437 24672 24696 W com.detoxsampl: Accessing hidden field Landroid/hardware/input/InputManager;->INJECT_INPUT_EVENT_MODE_WAIT_FOR_FINISH:I (greylist, reflection, allowed)
03-22 00:45:32.460 24672 24696 W com.detoxsampl: Accessing hidden field Ljava/lang/reflect/Field;->accessFlags:I (greylist, reflection, allowed)
03-22 00:45:32.629 24672 24672 D LifecycleMonitor: Lifecycle status change: com.detoxsample.MainActivity@8055e2c in: PRE_ON_CREATE
03-22 00:45:32.709 24672 24672 W com.detoxsampl: Accessing hidden method Landroid/view/View;->computeFitSystemWindows(Landroid/graphics/Rect;Landroid/graphics/Rect;)Z (greylist, reflection, allowed)
03-22 00:45:32.710 24672 24672 W com.detoxsampl: Accessing hidden method Landroid/view/ViewGroup;->makeOptionalFitsSystemWindows()V (greylist, reflection, allowed)
03-22 00:45:32.725 24672 24672 D LifecycleMonitor: Lifecycle status change: com.detoxsample.MainActivity@8055e2c in: CREATED
03-22 00:45:32.728 24672 24672 D LifecycleMonitor: Lifecycle status change: com.detoxsample.MainActivity@8055e2c in: STARTED
03-22 00:45:32.737 24672 24672 D LifecycleMonitor: Lifecycle status change: com.detoxsample.MainActivity@8055e2c in: RESUMED
03-22 00:45:32.787 24672 24672 I TouchFilterInputStageHelper: [needTouchEventFilter] Displayid : 0
03-22 00:45:32.788 24672 24672 D HandGripFilter: getdisplaysize, x : 1080 y : 2340
03-22 00:45:32.792 24672 24672 I SensorManager: removeAllSensors() [Sensor: LGE Accelerometer Non-wakeup] by com.facebook.react.common.ShakeDetector.stop():69
03-22 00:45:32.794 24672 24672 D LifecycleMonitor: Lifecycle status change: com.detoxsample.MainActivity@8055e2c in: PAUSED
03-22 00:45:32.798 24672 24709 D SoLoader: About to load: libreactnativejni.so
03-22 00:45:32.799 24672 24709 D SoLoader: libreactnativejni.so not found on /data/data/com.detoxsample/lib-main
03-22 00:45:32.799 24672 24709 D SoLoader: libreactnativejni.so found on /data/app/~~sNK1MlZ6tW-olybXz5z6cw==/com.detoxsample-ivm5zF5NsaQs-RntNM40NA==/lib/arm64
03-22 00:45:32.799 24672 24709 D SoLoader: Not resolving dependencies for libreactnativejni.so
03-22 00:45:32.801 24672 24672 I SensorManager: registerListenerImpl() [Sensor: LGE Accelerometer Non-wakeup, Rate: 66667, SensorEventListener: com.facebook.react.common.ShakeDetector@717fc72] by com.facebook.react.common.ShakeDetector.start():60
03-22 00:45:32.803 24672 24709 D SoLoader: Loaded: libreactnativejni.so
03-22 00:45:32.854 24672 24672 D LifecycleMonitor: Lifecycle status change: com.detoxsample.MainActivity@8055e2c in: STOPPED
03-22 00:45:32.884 24672 24672 I TouchFilterInputStageHelper: [needTouchEventFilter] Displayid : 0
03-22 00:45:32.885 24672 24672 D HandGripFilter: getdisplaysize, x : 1080 y : 2340
03-22 00:45:32.938 24672 24672 I Timeline: Timeline: Activity_idle id: ActivityRecord{fb2719a token=android.os.BinderProxy@962d73d {com.detoxsample/com.detoxsample.MainActivity}} time:378285167
03-22 00:45:33.041 24672 24751 W unknown:ReactContext: initializeMessageQueueThreads() is called.
03-22 00:45:33.050 24672 24672 W unknown:ReactNative: Packager connection already open, nooping.
03-22 00:45:33.081 24672 24753 W unknown:ViewManagerPropertyUpdater: Could not find generated setter for class com.facebook.react.views.drawer.ReactDrawerLayoutManager
03-22 00:45:33.086 24672 24753 W unknown:ViewManagerPropertyUpdater: Could not find generated setter for class com.facebook.react.uimanager.LayoutShadowNode
03-22 00:45:33.089 24672 24753 W unknown:ViewManagerPropertyUpdater: Could not find generated setter for class com.facebook.react.views.scroll.ReactHorizontalScrollViewManager
03-22 00:45:33.092 24672 24753 W unknown:ViewManagerPropertyUpdater: Could not find generated setter for class com.facebook.react.views.scroll.ReactHorizontalScrollContainerViewManager
03-22 00:45:33.092 24672 24753 W unknown:ViewManagerPropertyUpdater: Could not find generated setter for class com.facebook.react.views.progressbar.ReactProgressBarViewManager
03-22 00:45:33.094 24672 24753 W unknown:ViewManagerPropertyUpdater: Could not find generated setter for class com.facebook.react.views.progressbar.ProgressBarShadowNode
03-22 00:45:33.095 24672 24753 W unknown:ViewManagerPropertyUpdater: Could not find generated setter for class com.facebook.react.views.scroll.ReactScrollViewManager
03-22 00:45:33.097 24672 24753 W unknown:ViewManagerPropertyUpdater: Could not find generated setter for class com.facebook.react.views.slider.ReactSliderManager
03-22 00:45:33.099 24672 24753 W unknown:ViewManagerPropertyUpdater: Could not find generated setter for class com.facebook.react.views.slider.ReactSliderManager$ReactSliderShadowNode
03-22 00:45:33.099 24672 24753 W unknown:ViewManagerPropertyUpdater: Could not find generated setter for class com.facebook.react.views.switchview.ReactSwitchManager
03-22 00:45:33.101 24672 24753 W unknown:ViewManagerPropertyUpdater: Could not find generated setter for class com.facebook.react.views.switchview.ReactSwitchManager$ReactSwitchShadowNode
03-22 00:45:33.101 24672 24753 W unknown:ViewManagerPropertyUpdater: Could not find generated setter for class com.facebook.react.views.swiperefresh.SwipeRefreshLayoutManager
03-22 00:45:33.103 24672 24753 W unknown:ViewManagerPropertyUpdater: Could not find generated setter for class com.facebook.react.views.text.frescosupport.FrescoBasedReactTextInlineImageViewManager
03-22 00:45:33.103 24672 24753 W unknown:ViewManagerPropertyUpdater: Could not find generated setter for class com.facebook.react.views.text.frescosupport.FrescoBasedReactTextInlineImageShadowNode
03-22 00:45:33.104 24672 24753 W unknown:ViewManagerPropertyUpdater: Could not find generated setter for class com.facebook.react.views.image.ReactImageManager
03-22 00:45:33.106 24672 24753 W unknown:ViewManagerPropertyUpdater: Could not find generated setter for class com.facebook.react.views.modal.ReactModalHostManager
03-22 00:45:33.107 24672 24753 W unknown:ViewManagerPropertyUpdater: Could not find generated setter for class com.facebook.react.views.modal.ModalHostShadowNode
03-22 00:45:33.107 24672 24753 W unknown:ViewManagerPropertyUpdater: Could not find generated setter for class com.facebook.react.views.text.ReactRawTextManager
03-22 00:45:33.108 24672 24753 W unknown:ViewManagerPropertyUpdater: Could not find generated setter for class com.facebook.react.views.text.ReactRawTextShadowNode
03-22 00:45:33.108 24672 24753 W unknown:ViewManagerPropertyUpdater: Could not find generated setter for class com.facebook.react.views.textinput.ReactTextInputManager
03-22 00:45:33.111 24672 24753 W unknown:ViewManagerPropertyUpdater: Could not find generated setter for class com.facebook.react.views.textinput.ReactTextInputShadowNode
03-22 00:45:33.114 24672 24753 W unknown:ViewManagerPropertyUpdater: Could not find generated setter for class com.facebook.react.views.text.ReactTextViewManager
03-22 00:45:33.115 24672 24753 W unknown:ViewManagerPropertyUpdater: Could not find generated setter for class com.facebook.react.views.text.ReactTextShadowNode
03-22 00:45:33.116 24672 24753 W unknown:ViewManagerPropertyUpdater: Could not find generated setter for class com.facebook.react.views.view.ReactViewManager
03-22 00:45:33.118 24672 24753 W unknown:ViewManagerPropertyUpdater: Could not find generated setter for class com.facebook.react.views.text.ReactVirtualTextViewManager
03-22 00:45:33.118 24672 24753 W unknown:ViewManagerPropertyUpdater: Could not find generated setter for class com.facebook.react.views.text.ReactVirtualTextShadowNode
03-22 00:45:33.119 24672 24753 W unknown:ViewManagerPropertyUpdater: Could not find generated setter for class com.facebook.react.views.unimplementedview.ReactUnimplementedViewManager
03-22 00:45:33.128 24672 24753 W unknown:ReactContext: initializeMessageQueueThreads() is called.
03-22 00:45:33.129 24672 24753 D SoLoader: About to load: libyoga.so
03-22 00:45:33.130 24672 24753 D SoLoader: libyoga.so not found on /data/data/com.detoxsample/lib-main
03-22 00:45:33.130 24672 24753 D SoLoader: libyoga.so found on /data/app/~~sNK1MlZ6tW-olybXz5z6cw==/com.detoxsample-ivm5zF5NsaQs-RntNM40NA==/lib/arm64
03-22 00:45:33.130 24672 24753 D SoLoader: Not resolving dependencies for libyoga.so
03-22 00:45:33.131 24672 24753 D SoLoader: Loaded: libyoga.so
03-22 00:45:33.171 24672 24753 I flipper : flipper: FlipperClient::addPlugin Fresco
03-22 00:45:33.243 24672 24752 D SoLoader: About to load: libreactnativeblob.so
03-22 00:45:33.243 24672 24752 D SoLoader: libreactnativeblob.so not found on /data/data/com.detoxsample/lib-main
03-22 00:45:33.243 24672 24752 D SoLoader: libreactnativeblob.so found on /data/app/~~sNK1MlZ6tW-olybXz5z6cw==/com.detoxsample-ivm5zF5NsaQs-RntNM40NA==/lib/arm64
03-22 00:45:33.243 24672 24752 D SoLoader: Not resolving dependencies for libreactnativeblob.so
03-22 00:45:33.244 24672 24752 D SoLoader: Loaded: libreactnativeblob.so
03-22 00:45:33.290 24672 24753 I WebViewFactory: Loading com.google.android.webview version 99.0.4844.58 (code 484405833)
03-22 00:45:33.358 24672 24753 W com.detoxsampl: Accessing hidden method Landroid/os/Trace;->isTagEnabled(J)Z (greylist, reflection, allowed)
03-22 00:45:33.358 24672 24753 W com.detoxsampl: Accessing hidden method Landroid/os/Trace;->traceBegin(JLjava/lang/String;)V (greylist, reflection, allowed)
03-22 00:45:33.358 24672 24753 W com.detoxsampl: Accessing hidden method Landroid/os/Trace;->traceEnd(J)V (greylist, reflection, allowed)
03-22 00:45:33.358 24672 24753 W com.detoxsampl: Accessing hidden method Landroid/os/Trace;->asyncTraceBegin(JLjava/lang/String;I)V (greylist, reflection, allowed)
03-22 00:45:33.358 24672 24753 W com.detoxsampl: Accessing hidden method Landroid/os/Trace;->asyncTraceEnd(JLjava/lang/String;I)V (greylist, reflection, allowed)
03-22 00:45:33.365 24672 24753 I cr_WVCFactoryProvider: Loaded version=99.0.4844.58 minSdkVersion=29 isBundle=true multiprocess=true packageId=3
03-22 00:45:33.409 24672 24752 I ReactNativeJS: Running "DetoxSample" with {"rootTag":1}
03-22 00:45:33.446 24672 24753 I cr_LibraryLoader: Successfully loaded native library
03-22 00:45:33.450 24672 24753 I cr_CachingUmaRecorder: Flushed 8 samples from 8 histograms.
03-22 00:45:33.606 24672 24753 W unknown:ReactNative: StatusBarModule: Ignored status bar change, current activity is null.
03-22 00:45:33.606 24672 24753 I chatty  : uid=10470(com.detoxsample) mqt_native_modu identical 2 lines
03-22 00:45:33.606 24672 24753 W unknown:ReactNative: StatusBarModule: Ignored status bar change, current activity is null.
03-22 00:45:33.694 24672 24672 W com.detoxsampl: Accessing hidden field Landroid/widget/ScrollView;->mScroller:Landroid/widget/OverScroller; (greylist, reflection, allowed)
03-22 00:45:37.944 24672 24696 I Detox   : Detox server connection details: url=ws://localhost:55683, sessionId=7efe6d30-7580-fc64-afaf-f95e42c8a3eb
03-22 00:45:37.951 24672 25413 I DetoxDispatcher: Handling action '_init' (ID #0)...
03-22 00:45:37.951 24672 25413 I Detox   : Connecting to server...
03-22 00:45:37.951 24672 25413 I DetoxWSClient: At connectToServer
03-22 00:45:37.958 24672 24672 D DetoxRNLoading: Got new RN-context directly and immediately
03-22 00:45:37.959 24672 25413 I DetoxRNIdleRes: Setting up Espresso Idling Resources for React Native
03-22 00:45:37.962 24672 24753 W com.detoxsampl: Accessing hidden method Landroid/os/MessageQueue;->next()Landroid/os/Message; (greylist, reflection, allowed)
03-22 00:45:37.962 24672 24753 W com.detoxsampl: Accessing hidden field Landroid/os/MessageQueue;->mMessages:Landroid/os/Message; (greylist, reflection, allowed)
03-22 00:45:37.962 24672 24753 W com.detoxsampl: Accessing hidden method Landroid/os/Message;->recycleUnchecked()V (greylist, reflection, allowed)
03-22 00:45:37.972 24672 25413 D AsyncStorageIR: Checking whether a custom IR for Async-Storage is required... (legacy=false)
03-22 00:45:37.973 24672 25413 D DetoxRNHelpers: Native RN module resolution (class com.reactnativecommunity.asyncstorage.AsyncStorageModule): no such class
03-22 00:45:37.973 24672 25413 D AsyncStorageIR: Checking whether a custom IR for Async-Storage is required... (legacy=true)
03-22 00:45:37.975 24672 25413 D AsyncStorageIR: IR for Async-Storage is required! (legacy=true)
03-22 00:45:37.978 24672 24672 D AsyncStorageIRLegacy: Async-storage is busy!
03-22 00:45:37.980 24672 25415 D DetoxWSClient: At onOpen
03-22 00:45:37.980 24672 25415 I DetoxWSClient: Sending out action 'login' (ID #0)
03-22 00:45:37.981 24672 25415 I Detox   : Connected to server!
03-22 00:45:37.983 24672 25413 I DetoxDispatcher: Done with action '_init'
03-22 00:45:37.983 24672 25413 I DetoxDispatcher: Handling action 'isReady' (ID #-1000)...
03-22 00:45:37.989 24672 25415 D DetoxWSClient: Received action 'loginSuccess' (ID #0, params={"testerConnected":true,"appConnected":true})
03-22 00:45:37.989 24672 24672 I Detox   : Wait is over: app is now idle!
03-22 00:45:37.989 24672 25413 I DetoxWSClient: Sending out action 'ready' (ID #-1000)
03-22 00:45:37.990 24672 25413 I DetoxDispatcher: Done with action 'isReady'
03-22 00:45:37.990 24672 25413 I DetoxDispatcher: Handling action 'loginSuccess' (ID #0)...
03-22 00:45:37.990 24672 25413 I DetoxDispatcher: Done with action 'loginSuccess'
03-22 00:45:37.992 24672 25415 D DetoxWSClient: Received action 'isReady' (ID #-1000, params={})
03-22 00:45:37.992 24672 25413 I DetoxDispatcher: Handling action 'isReady' (ID #-1000)...
03-22 00:45:37.997 24672 24672 I Detox   : Wait is over: app is now idle!
03-22 00:45:37.998 24672 25413 I DetoxWSClient: Sending out action 'ready' (ID #-1000)
03-22 00:45:37.998 24672 25413 I DetoxDispatcher: Done with action 'isReady'
