--------- beginning of main
03-22 00:41:31.442 12387 12387 I com.detoxsampl: Late-enabling -Xcheck:jni
03-22 00:41:31.464 12387 12387 I com.detoxsampl: Unquickening 19 vdex files!
--------- beginning of system
03-22 00:41:31.542 12387 12387 W ActivityThread: Package uses different ABI(s) than its instrumentation: package[com.detoxsample]: arm64-v8a, null instrumentation[com.detoxsample.test]: null, null
03-22 00:41:31.543 12387 12387 I Typeface: Current DefaultTypeface ( lgtravel )
03-22 00:41:31.550 12387 12387 I com.detoxsampl: The ClassLoaderContext is a special shared library.
03-22 00:41:31.564 12387 12387 I chatty  : uid=10466(com.detoxsample) identical 2 lines
03-22 00:41:31.568 12387 12387 I com.detoxsampl: The ClassLoaderContext is a special shared library.
03-22 00:41:31.774 12387 12387 D ApplicationLoaders: Returning zygote-cached class loader: /system/framework/android.test.base.jar
03-22 00:41:31.774 12387 12387 D ApplicationLoaders: Returning zygote-cached class loader: /system/framework/android.test.base.jar
03-22 00:41:31.776 12387 12387 I com.detoxsampl: The ClassLoaderContext is a special shared library.
03-22 00:41:31.779 12387 12387 D ApplicationLoaders: Returning zygote-cached class loader: /system/framework/android.test.base.jar
03-22 00:41:31.779 12387 12387 D ApplicationLoaders: Returning zygote-cached class loader: /system/framework/android.test.base.jar
03-22 00:41:31.780 12387 12387 I com.detoxsampl: The ClassLoaderContext is a special shared library.
03-22 00:41:31.791 12387 12387 I chatty  : uid=10466(com.detoxsample) identical 2 lines
03-22 00:41:31.792 12387 12387 I com.detoxsampl: The ClassLoaderContext is a special shared library.
03-22 00:41:31.957 12387 12387 W com.detoxsampl: Accessing hidden method Landroid/app/Instrumentation;->execStartActivity(Landroid/content/Context;Landroid/os/IBinder;Landroid/os/IBinder;Landroid/app/Activity;Landroid/content/Intent;ILandroid/os/Bundle;)Landroid/app/Instrumentation$ActivityResult; (greylist, linking, allowed)
03-22 00:41:31.957 12387 12387 W com.detoxsampl: Accessing hidden method Landroid/app/Instrumentation;->execStartActivity(Landroid/content/Context;Landroid/os/IBinder;Landroid/os/IBinder;Ljava/lang/String;Landroid/content/Intent;ILandroid/os/Bundle;)Landroid/app/Instrumentation$ActivityResult; (greylist, linking, allowed)
03-22 00:41:31.963 12387 12387 D NetworkSecurityConfig: Using Network Security Config from resource network_security_config debugBuild: true
03-22 00:41:31.965 12387 12387 D NetworkSecurityConfig: Using Network Security Config from resource network_security_config debugBuild: true
03-22 00:41:31.966 12387 12387 I MonitoringInstr: Instrumentation started!
03-22 00:41:31.978 12387 12387 V TestEventClient: No service name argument was given (testDiscoveryService, testRunEventService or orchestratorService)
03-22 00:41:31.981 12387 12387 D SoLoader: init start
03-22 00:41:31.982 12387 12387 D SoLoader: adding system library source: /vendor/lib64
03-22 00:41:31.983 12387 12387 D SoLoader: adding system library source: /system/lib64
03-22 00:41:31.983 12387 12387 D SoLoader: adding application source: com.facebook.soloader.DirectorySoSource[root = /data/app/~~mL3M_PQQknPGYNVLqmO5Iw==/com.detoxsample-VXgNF6Evtigyf1Gc5BA9kg==/lib/arm64 flags = 0]
03-22 00:41:31.984 12387 12387 D SoLoader: adding backup source from : com.facebook.soloader.ApkSoSource[root = /data/data/com.detoxsample/lib-main flags = 1]
03-22 00:41:31.985 12387 12387 D SoLoader: Preparing SO source: com.facebook.soloader.DirectorySoSource[root = /system/lib64 flags = 2]
03-22 00:41:31.985 12387 12387 D SoLoader: Preparing SO source: com.facebook.soloader.DirectorySoSource[root = /vendor/lib64 flags = 2]
03-22 00:41:31.985 12387 12387 D SoLoader: Preparing SO source: com.facebook.soloader.DirectorySoSource[root = /data/app/~~mL3M_PQQknPGYNVLqmO5Iw==/com.detoxsample-VXgNF6Evtigyf1Gc5BA9kg==/lib/arm64 flags = 0]
03-22 00:41:31.985 12387 12387 D SoLoader: Preparing SO source: com.facebook.soloader.ApkSoSource[root = /data/data/com.detoxsample/lib-main flags = 1]
03-22 00:41:31.986 12387 12387 V fb-UnpackingSoSource: locked dso store /data/user/0/com.detoxsample/lib-main
03-22 00:41:31.988 12387 12387 V fb-UnpackingSoSource: deps mismatch on deps store: regenerating
03-22 00:41:31.988 12387 12387 V fb-UnpackingSoSource: so store dirty: regenerating
03-22 00:41:32.046 12387 12387 D ApkSoSource: not allowing consideration of lib/arm64-v8a/libbetter.so: deferring to libdir
03-22 00:41:32.046 12387 12387 D ApkSoSource: not allowing consideration of lib/arm64-v8a/libc++_shared.so: deferring to libdir
03-22 00:41:32.046 12387 12387 D ApkSoSource: not allowing consideration of lib/arm64-v8a/libevent-2.1.so: deferring to libdir
03-22 00:41:32.046 12387 12387 D ApkSoSource: not allowing consideration of lib/arm64-v8a/libevent_core-2.1.so: deferring to libdir
03-22 00:41:32.046 12387 12387 D ApkSoSource: not allowing consideration of lib/arm64-v8a/libevent_extra-2.1.so: deferring to libdir
03-22 00:41:32.046 12387 12387 D ApkSoSource: not allowing consideration of lib/arm64-v8a/libfabricjni.so: deferring to libdir
03-22 00:41:32.046 12387 12387 D ApkSoSource: not allowing consideration of lib/arm64-v8a/libfb.so: deferring to libdir
03-22 00:41:32.046 12387 12387 D ApkSoSource: not allowing consideration of lib/arm64-v8a/libfbjni.so: deferring to libdir
03-22 00:41:32.046 12387 12387 D ApkSoSource: not allowing consideration of lib/arm64-v8a/libflipper.so: deferring to libdir
03-22 00:41:32.046 12387 12387 D ApkSoSource: not allowing consideration of lib/arm64-v8a/libfolly_futures.so: deferring to libdir
03-22 00:41:32.046 12387 12387 D ApkSoSource: not allowing consideration of lib/arm64-v8a/libfolly_json.so: deferring to libdir
03-22 00:41:32.046 12387 12387 D ApkSoSource: not allowing consideration of lib/arm64-v8a/libglog.so: deferring to libdir
03-22 00:41:32.046 12387 12387 D ApkSoSource: not allowing consideration of lib/arm64-v8a/libglog_init.so: deferring to libdir
03-22 00:41:32.046 12387 12387 D ApkSoSource: not allowing consideration of lib/arm64-v8a/libimagepipeline.so: deferring to libdir
03-22 00:41:32.046 12387 12387 D ApkSoSource: not allowing consideration of lib/arm64-v8a/libjsc.so: deferring to libdir
03-22 00:41:32.046 12387 12387 D ApkSoSource: not allowing consideration of lib/arm64-v8a/libjscexecutor.so: deferring to libdir
03-22 00:41:32.046 12387 12387 D ApkSoSource: not allowing consideration of lib/arm64-v8a/libjsi.so: deferring to libdir
03-22 00:41:32.047 12387 12387 D ApkSoSource: not allowing consideration of lib/arm64-v8a/libjsijniprofiler.so: deferring to libdir
03-22 00:41:32.047 12387 12387 D ApkSoSource: not allowing consideration of lib/arm64-v8a/libjsinspector.so: deferring to libdir
03-22 00:41:32.047 12387 12387 D ApkSoSource: not allowing consideration of lib/arm64-v8a/liblogger.so: deferring to libdir
03-22 00:41:32.047 12387 12387 D ApkSoSource: not allowing consideration of lib/arm64-v8a/libmapbufferjni.so: deferring to libdir
03-22 00:41:32.047 12387 12387 D ApkSoSource: not allowing consideration of lib/arm64-v8a/libnative-filters.so: deferring to libdir
03-22 00:41:32.047 12387 12387 D ApkSoSource: not allowing consideration of lib/arm64-v8a/libnative-imagetranscoder.so: deferring to libdir
03-22 00:41:32.047 12387 12387 D ApkSoSource: not allowing consideration of lib/arm64-v8a/libreact_codegen_rncore.so: deferring to libdir
03-22 00:41:32.047 12387 12387 D ApkSoSource: not allowing consideration of lib/arm64-v8a/libreact_debug.so: deferring to libdir
03-22 00:41:32.047 12387 12387 D ApkSoSource: not allowing consideration of lib/arm64-v8a/libreact_nativemodule_core.so: deferring to libdir
03-22 00:41:32.047 12387 12387 D ApkSoSource: not allowing consideration of lib/arm64-v8a/libreact_render_animations.so: deferring to libdir
03-22 00:41:32.047 12387 12387 D ApkSoSource: not allowing consideration of lib/arm64-v8a/libreact_render_attributedstring.so: deferring to libdir
03-22 00:41:32.047 12387 12387 D ApkSoSource: not allowing consideration of lib/arm64-v8a/libreact_render_componentregistry.so: deferring to libdir
03-22 00:41:32.047 12387 12387 D ApkSoSource: not allowing consideration of lib/arm64-v8a/libreact_render_core.so: deferring to libdir
03-22 00:41:32.047 12387 12387 D ApkSoSource: not allowing consideration of lib/arm64-v8a/libreact_render_debug.so: deferring to libdir
03-22 00:41:32.047 12387 12387 D ApkSoSource: not allowing consideration of lib/arm64-v8a/libreact_render_graphics.so: deferring to libdir
03-22 00:41:32.047 12387 12387 D ApkSoSource: not allowing consideration of lib/arm64-v8a/libreact_render_imagemanager.so: deferring to libdir
03-22 00:41:32.047 12387 12387 D ApkSoSource: not allowing consideration of lib/arm64-v8a/libreact_render_leakchecker.so: deferring to libdir
03-22 00:41:32.047 12387 12387 D ApkSoSource: not allowing consideration of lib/arm64-v8a/libreact_render_mapbuffer.so: deferring to libdir
03-22 00:41:32.047 12387 12387 D ApkSoSource: not allowing consideration of lib/arm64-v8a/libreact_render_mounting.so: deferring to libdir
03-22 00:41:32.047 12387 12387 D ApkSoSource: not allowing consideration of lib/arm64-v8a/libreact_render_runtimescheduler.so: deferring to libdir
03-22 00:41:32.047 12387 12387 D ApkSoSource: not allowing consideration of lib/arm64-v8a/libreact_render_scheduler.so: deferring to libdir
03-22 00:41:32.048 12387 12387 D ApkSoSource: not allowing consideration of lib/arm64-v8a/libreact_render_telemetry.so: deferring to libdir
03-22 00:41:32.048 12387 12387 D ApkSoSource: not allowing consideration of lib/arm64-v8a/libreact_render_templateprocessor.so: deferring to libdir
03-22 00:41:32.048 12387 12387 D ApkSoSource: not allowing consideration of lib/arm64-v8a/libreact_render_textlayoutmanager.so: deferring to libdir
03-22 00:41:32.048 12387 12387 D ApkSoSource: not allowing consideration of lib/arm64-v8a/libreact_render_uimanager.so: deferring to libdir
03-22 00:41:32.048 12387 12387 D ApkSoSource: not allowing consideration of lib/arm64-v8a/libreact_utils.so: deferring to libdir
03-22 00:41:32.048 12387 12387 D ApkSoSource: not allowing consideration of lib/arm64-v8a/libreactconfig.so: deferring to libdir
03-22 00:41:32.048 12387 12387 D ApkSoSource: not allowing consideration of lib/arm64-v8a/libreactnativeblob.so: deferring to libdir
03-22 00:41:32.048 12387 12387 D ApkSoSource: not allowing consideration of lib/arm64-v8a/libreactnativejni.so: deferring to libdir
03-22 00:41:32.048 12387 12387 D ApkSoSource: not allowing consideration of lib/arm64-v8a/libreactnativeutilsjni.so: deferring to libdir
03-22 00:41:32.048 12387 12387 D ApkSoSource: not allowing consideration of lib/arm64-v8a/libreactperfloggerjni.so: deferring to libdir
03-22 00:41:32.048 12387 12387 D ApkSoSource: not allowing consideration of lib/arm64-v8a/librrc_image.so: deferring to libdir
03-22 00:41:32.048 12387 12387 D ApkSoSource: not allowing consideration of lib/arm64-v8a/librrc_modal.so: deferring to libdir
03-22 00:41:32.048 12387 12387 D ApkSoSource: not allowing consideration of lib/arm64-v8a/librrc_progressbar.so: deferring to libdir
03-22 00:41:32.048 12387 12387 D ApkSoSource: not allowing consideration of lib/arm64-v8a/librrc_root.so: deferring to libdir
03-22 00:41:32.048 12387 12387 D ApkSoSource: not allowing consideration of lib/arm64-v8a/librrc_scrollview.so: deferring to libdir
03-22 00:41:32.048 12387 12387 D ApkSoSource: not allowing consideration of lib/arm64-v8a/librrc_slider.so: deferring to libdir
03-22 00:41:32.048 12387 12387 D ApkSoSource: not allowing consideration of lib/arm64-v8a/librrc_switch.so: deferring to libdir
03-22 00:41:32.048 12387 12387 D ApkSoSource: not allowing consideration of lib/arm64-v8a/librrc_text.so: deferring to libdir
03-22 00:41:32.048 12387 12387 D ApkSoSource: not allowing consideration of lib/arm64-v8a/librrc_textinput.so: deferring to libdir
03-22 00:41:32.049 12387 12387 D ApkSoSource: not allowing consideration of lib/arm64-v8a/librrc_unimplementedview.so: deferring to libdir
03-22 00:41:32.049 12387 12387 D ApkSoSource: not allowing consideration of lib/arm64-v8a/librrc_view.so: deferring to libdir
03-22 00:41:32.049 12387 12387 D ApkSoSource: not allowing consideration of lib/arm64-v8a/libturbomodulejsijni.so: deferring to libdir
03-22 00:41:32.049 12387 12387 D ApkSoSource: not allowing consideration of lib/arm64-v8a/libyoga.so: deferring to libdir
03-22 00:41:32.049 12387 12387 V fb-UnpackingSoSource: regenerating DSO store com.facebook.soloader.ApkSoSource
03-22 00:41:32.049 12387 12387 V fb-UnpackingSoSource: Finished regenerating DSO store com.facebook.soloader.ApkSoSource
03-22 00:41:32.050 12387 12387 V fb-UnpackingSoSource: starting syncer worker
03-22 00:41:32.056 12387 12387 V fb-UnpackingSoSource: releasing dso store lock for /data/user/0/com.detoxsample/lib-main (from syncer thread)
03-22 00:41:32.056 12387 12387 V fb-UnpackingSoSource: not releasing dso store lock for /data/user/0/com.detoxsample/lib-main (syncer thread started)
03-22 00:41:32.056 12387 12387 D SoLoader: init finish: 4 SO sources prepared
03-22 00:41:32.056 12387 12387 D SoLoader: init exiting
03-22 00:41:32.065 12387 12387 D SoLoader: init exiting
03-22 00:41:32.066 12387 12387 D SoLoader: About to load: libjscexecutor.so
03-22 00:41:32.066 12387 12387 D SoLoader: libjscexecutor.so not found on /data/data/com.detoxsample/lib-main
03-22 00:41:32.066 12387 12387 D SoLoader: libjscexecutor.so found on /data/app/~~mL3M_PQQknPGYNVLqmO5Iw==/com.detoxsample-VXgNF6Evtigyf1Gc5BA9kg==/lib/arm64
03-22 00:41:32.066 12387 12387 D SoLoader: Not resolving dependencies for libjscexecutor.so
03-22 00:41:32.072 12387 12387 D JavaScriptCore.Version: 250230.2.1
03-22 00:41:32.073 12387 12387 D SoLoader: Loaded: libjscexecutor.so
03-22 00:41:32.074 12387 12387 D SoLoader: init exiting
03-22 00:41:32.159 12387 12387 I SensorManager: registerListenerImpl() [Sensor: LGE Accelerometer Non-wakeup, Rate: 66667, SensorEventListener: com.facebook.react.common.ShakeDetector@717fc72] by com.facebook.react.common.ShakeDetector.start():60
03-22 00:41:32.186 12387 12441 D SoLoader: About to load: libfbjni.so
03-22 00:41:32.186 12387 12441 D SoLoader: libfbjni.so not found on /data/data/com.detoxsample/lib-main
03-22 00:41:32.186 12387 12441 D SoLoader: libfbjni.so found on /data/app/~~mL3M_PQQknPGYNVLqmO5Iw==/com.detoxsample-VXgNF6Evtigyf1Gc5BA9kg==/lib/arm64
03-22 00:41:32.186 12387 12441 D SoLoader: Not resolving dependencies for libfbjni.so
03-22 00:41:32.187 12387 12441 D SoLoader: Loaded: libfbjni.so
03-22 00:41:32.187 12387 12441 D SoLoader: About to load: libflipper.so
03-22 00:41:32.187 12387 12441 D SoLoader: libflipper.so not found on /data/data/com.detoxsample/lib-main
03-22 00:41:32.187 12387 12441 D SoLoader: libflipper.so found on /data/app/~~mL3M_PQQknPGYNVLqmO5Iw==/com.detoxsample-VXgNF6Evtigyf1Gc5BA9kg==/lib/arm64
03-22 00:41:32.187 12387 12441 D SoLoader: Not resolving dependencies for libflipper.so
03-22 00:41:32.191 12387 12441 D SoLoader: Loaded: libflipper.so
03-22 00:41:32.215 12387 12387 W com.detoxsampl: Accessing hidden field Landroid/view/View;->mKeyedTags:Landroid/util/SparseArray; (greylist, reflection, allowed)
03-22 00:41:32.215 12387 12387 W com.detoxsampl: Accessing hidden field Landroid/view/View;->mListenerInfo:Landroid/view/View$ListenerInfo; (greylist, reflection, allowed)
03-22 00:41:32.215 12387 12387 W com.detoxsampl: Accessing hidden field Landroid/view/View$ListenerInfo;->mOnClickListener:Landroid/view/View$OnClickListener; (greylist, reflection, allowed)
03-22 00:41:32.220 12387 12387 I flipper : flipper: FlipperClient::addPlugin Inspector
03-22 00:41:32.220 12387 12387 I flipper : flipper: FlipperClient::addPlugin React
03-22 00:41:32.232 12387 12387 I flipper : flipper: FlipperClient::addPlugin Databases
03-22 00:41:32.233 12387 12387 I flipper : flipper: FlipperClient::addPlugin Preferences
03-22 00:41:32.234 12387 12387 I flipper : flipper: FlipperClient::addPlugin CrashReporter
03-22 00:41:32.237 12387 12387 I flipper : flipper: FlipperClient::addPlugin Network
03-22 00:41:32.281 12387 12411 I UsageTrackerFacilitator: Usage tracking enabled
03-22 00:41:32.286 12387 12411 I TestRequestBuilder: Scanning classpath to find tests in paths [/data/app/~~5mMAzKwoHyeyX4S2wADD1g==/com.detoxsample.test-X73kIThct3K9gsx7vWwB-Q==/base.apk]
03-22 00:41:32.287 12387 12411 W com.detoxsampl: Opening an oat file without a class loader. Are you using the deprecated DexFile APIs?
03-22 00:41:33.011 12387 12411 D TestExecutor: Adding listener androidx.test.internal.runner.listener.LogRunListener
03-22 00:41:33.011 12387 12411 D TestExecutor: Adding listener androidx.test.internal.runner.listener.InstrumentationResultPrinter
03-22 00:41:33.011 12387 12411 D TestExecutor: Adding listener androidx.test.internal.runner.listener.ActivityFinisherRunListener
03-22 00:41:33.012 12387 12411 I TestRunner: run started: 1 tests
03-22 00:41:33.016 12387 12411 I TestRunner: started: runDetoxTests(com.detoxsample.DetoxTest)
03-22 00:41:33.034 12387 12411 D EventInjectionStrategy: Creating injection strategy with input manager.
03-22 00:41:33.034 12387 12411 W com.detoxsampl: Accessing hidden method Landroid/hardware/input/InputManager;->getInstance()Landroid/hardware/input/InputManager; (greylist, reflection, allowed)
03-22 00:41:33.045 12387 12411 W com.detoxsampl: Accessing hidden method Landroid/hardware/input/InputManager;->injectInputEvent(Landroid/view/InputEvent;I)Z (greylist, reflection, allowed)
03-22 00:41:33.045 12387 12411 W com.detoxsampl: Accessing hidden field Landroid/hardware/input/InputManager;->INJECT_INPUT_EVENT_MODE_WAIT_FOR_FINISH:I (greylist, reflection, allowed)
03-22 00:41:33.059 12387 12411 W com.detoxsampl: Accessing hidden field Ljava/lang/reflect/Field;->accessFlags:I (greylist, reflection, allowed)
03-22 00:41:33.316 12387 12387 D LifecycleMonitor: Lifecycle status change: com.detoxsample.MainActivity@9d431df in: PRE_ON_CREATE
03-22 00:41:33.350 12387 12470 D SoLoader: About to load: libreactnativejni.so
03-22 00:41:33.351 12387 12470 D SoLoader: libreactnativejni.so not found on /data/data/com.detoxsample/lib-main
03-22 00:41:33.351 12387 12470 D SoLoader: libreactnativejni.so found on /data/app/~~mL3M_PQQknPGYNVLqmO5Iw==/com.detoxsample-VXgNF6Evtigyf1Gc5BA9kg==/lib/arm64
03-22 00:41:33.351 12387 12470 D SoLoader: Not resolving dependencies for libreactnativejni.so
03-22 00:41:33.356 12387 12470 D SoLoader: Loaded: libreactnativejni.so
03-22 00:41:33.399 12387 12387 W com.detoxsampl: Accessing hidden method Landroid/view/View;->computeFitSystemWindows(Landroid/graphics/Rect;Landroid/graphics/Rect;)Z (greylist, reflection, allowed)
03-22 00:41:33.400 12387 12387 W com.detoxsampl: Accessing hidden method Landroid/view/ViewGroup;->makeOptionalFitsSystemWindows()V (greylist, reflection, allowed)
03-22 00:41:33.415 12387 12387 D LifecycleMonitor: Lifecycle status change: com.detoxsample.MainActivity@9d431df in: CREATED
03-22 00:41:33.418 12387 12387 D LifecycleMonitor: Lifecycle status change: com.detoxsample.MainActivity@9d431df in: STARTED
03-22 00:41:33.430 12387 12387 D LifecycleMonitor: Lifecycle status change: com.detoxsample.MainActivity@9d431df in: RESUMED
03-22 00:41:33.463 12387 12387 I TouchFilterInputStageHelper: [needTouchEventFilter] Displayid : 0
03-22 00:41:33.467 12387 12387 D HandGripFilter: getdisplaysize, x : 1080 y : 2340
03-22 00:41:33.474 12387 12387 W unknown:ReactNative: Packager connection already open, nooping.
03-22 00:41:33.513 12387 12573 I AdrenoGLES-0: QUALCOMM build                   : 59e4ca3, Ic42881d075
03-22 00:41:33.513 12387 12573 I AdrenoGLES-0: Build Date                       : 01/07/21
03-22 00:41:33.513 12387 12573 I AdrenoGLES-0: OpenGL ES Shader Compiler Version: EV031.32.02.06
03-22 00:41:33.513 12387 12573 I AdrenoGLES-0: Local Branch                     : mybrancheb50fcd0-9e7c-f130-bc5f-5cb90179c3d8
03-22 00:41:33.513 12387 12573 I AdrenoGLES-0: Remote Branch                    : quic/gfx-adreno.lnx.1.0.r99-rel
03-22 00:41:33.513 12387 12573 I AdrenoGLES-0: Remote Branch                    : NONE
03-22 00:41:33.513 12387 12573 I AdrenoGLES-0: Reconstruct Branch               : NOTHING
03-22 00:41:33.513 12387 12573 I AdrenoGLES-0: Build Config                     : S P 10.0.7 AArch64
03-22 00:41:33.513 12387 12573 I AdrenoGLES-0: Driver Path                      : /vendor/lib64/egl/libGLESv2_adreno.so
03-22 00:41:33.542 12387 12573 I AdrenoGLES-0: PFP: 0x016ee190, ME: 0x00000000
03-22 00:41:33.732 12387 12387 I TouchFilterInputStageHelper: [needTouchEventFilter] Displayid : 0
03-22 00:41:33.733 12387 12387 D HandGripFilter: getdisplaysize, x : 1080 y : 2340
03-22 00:41:33.784 12387 12387 I Timeline: Timeline: Activity_idle id: ActivityRecord{5617724 token=android.os.BinderProxy@d209094 {com.detoxsample/com.detoxsample.MainActivity}} time:378046013
03-22 00:41:33.792 12387 12411 I Detox   : Detox server connection details: url=ws://localhost:54997, sessionId=f1dc7a7d-7932-de6b-693c-f50003894061
03-22 00:41:33.811 12387 12642 I DetoxDispatcher: Handling action '_init' (ID #0)...
03-22 00:41:33.811 12387 12642 I Detox   : Connecting to server...
03-22 00:41:33.811 12387 12642 I DetoxWSClient: At connectToServer
03-22 00:41:33.849 12387 12649 D DetoxWSClient: At onOpen
03-22 00:41:33.849 12387 12649 I DetoxWSClient: Sending out action 'login' (ID #0)
03-22 00:41:33.850 12387 12649 I Detox   : Connected to server!
03-22 00:41:33.857 12387 12649 D DetoxWSClient: Received action 'loginSuccess' (ID #0, params={"testerConnected":true,"appConnected":true})
03-22 00:41:33.869 12387 12641 W unknown:ReactContext: initializeMessageQueueThreads() is called.
03-22 00:41:33.882 12387 12387 W unknown:ReactNative: Packager connection already open, nooping.
03-22 00:41:33.891 12387 12649 D DetoxWSClient: Received action 'isReady' (ID #-1000, params={})
03-22 00:41:33.921 12387 12650 W unknown:ViewManagerPropertyUpdater: Could not find generated setter for class com.facebook.react.views.drawer.ReactDrawerLayoutManager
03-22 00:41:33.926 12387 12650 W unknown:ViewManagerPropertyUpdater: Could not find generated setter for class com.facebook.react.uimanager.LayoutShadowNode
03-22 00:41:33.929 12387 12650 W unknown:ViewManagerPropertyUpdater: Could not find generated setter for class com.facebook.react.views.scroll.ReactHorizontalScrollViewManager
03-22 00:41:33.932 12387 12650 W unknown:ViewManagerPropertyUpdater: Could not find generated setter for class com.facebook.react.views.scroll.ReactHorizontalScrollContainerViewManager
03-22 00:41:33.933 12387 12650 W unknown:ViewManagerPropertyUpdater: Could not find generated setter for class com.facebook.react.views.progressbar.ReactProgressBarViewManager
03-22 00:41:33.935 12387 12650 W unknown:ViewManagerPropertyUpdater: Could not find generated setter for class com.facebook.react.views.progressbar.ProgressBarShadowNode
03-22 00:41:33.936 12387 12650 W unknown:ViewManagerPropertyUpdater: Could not find generated setter for class com.facebook.react.views.scroll.ReactScrollViewManager
03-22 00:41:33.939 12387 12650 W unknown:ViewManagerPropertyUpdater: Could not find generated setter for class com.facebook.react.views.slider.ReactSliderManager
03-22 00:41:33.940 12387 12650 W unknown:ViewManagerPropertyUpdater: Could not find generated setter for class com.facebook.react.views.slider.ReactSliderManager$ReactSliderShadowNode
03-22 00:41:33.941 12387 12650 W unknown:ViewManagerPropertyUpdater: Could not find generated setter for class com.facebook.react.views.switchview.ReactSwitchManager
03-22 00:41:33.943 12387 12650 W unknown:ViewManagerPropertyUpdater: Could not find generated setter for class com.facebook.react.views.switchview.ReactSwitchManager$ReactSwitchShadowNode
03-22 00:41:33.944 12387 12650 W unknown:ViewManagerPropertyUpdater: Could not find generated setter for class com.facebook.react.views.swiperefresh.SwipeRefreshLayoutManager
03-22 00:41:33.946 12387 12650 W unknown:ViewManagerPropertyUpdater: Could not find generated setter for class com.facebook.react.views.text.frescosupport.FrescoBasedReactTextInlineImageViewManager
03-22 00:41:33.947 12387 12650 W unknown:ViewManagerPropertyUpdater: Could not find generated setter for class com.facebook.react.views.text.frescosupport.FrescoBasedReactTextInlineImageShadowNode
03-22 00:41:33.949 12387 12650 W unknown:ViewManagerPropertyUpdater: Could not find generated setter for class com.facebook.react.views.image.ReactImageManager
03-22 00:41:33.951 12387 12650 W unknown:ViewManagerPropertyUpdater: Could not find generated setter for class com.facebook.react.views.modal.ReactModalHostManager
03-22 00:41:33.952 12387 12650 W unknown:ViewManagerPropertyUpdater: Could not find generated setter for class com.facebook.react.views.modal.ModalHostShadowNode
03-22 00:41:33.953 12387 12650 W unknown:ViewManagerPropertyUpdater: Could not find generated setter for class com.facebook.react.views.text.ReactRawTextManager
03-22 00:41:33.953 12387 12650 W unknown:ViewManagerPropertyUpdater: Could not find generated setter for class com.facebook.react.views.text.ReactRawTextShadowNode
03-22 00:41:33.954 12387 12650 W unknown:ViewManagerPropertyUpdater: Could not find generated setter for class com.facebook.react.views.textinput.ReactTextInputManager
03-22 00:41:33.958 12387 12650 W unknown:ViewManagerPropertyUpdater: Could not find generated setter for class com.facebook.react.views.textinput.ReactTextInputShadowNode
03-22 00:41:33.961 12387 12650 W unknown:ViewManagerPropertyUpdater: Could not find generated setter for class com.facebook.react.views.text.ReactTextViewManager
03-22 00:41:33.962 12387 12650 W unknown:ViewManagerPropertyUpdater: Could not find generated setter for class com.facebook.react.views.text.ReactTextShadowNode
03-22 00:41:33.963 12387 12650 W unknown:ViewManagerPropertyUpdater: Could not find generated setter for class com.facebook.react.views.view.ReactViewManager
03-22 00:41:33.966 12387 12650 W unknown:ViewManagerPropertyUpdater: Could not find generated setter for class com.facebook.react.views.text.ReactVirtualTextViewManager
03-22 00:41:33.966 12387 12650 W unknown:ViewManagerPropertyUpdater: Could not find generated setter for class com.facebook.react.views.text.ReactVirtualTextShadowNode
03-22 00:41:33.967 12387 12650 W unknown:ViewManagerPropertyUpdater: Could not find generated setter for class com.facebook.react.views.unimplementedview.ReactUnimplementedViewManager
03-22 00:41:33.977 12387 12650 W unknown:ReactContext: initializeMessageQueueThreads() is called.
03-22 00:41:33.979 12387 12650 D SoLoader: About to load: libyoga.so
03-22 00:41:33.979 12387 12650 D SoLoader: libyoga.so not found on /data/data/com.detoxsample/lib-main
03-22 00:41:33.980 12387 12650 D SoLoader: libyoga.so found on /data/app/~~mL3M_PQQknPGYNVLqmO5Iw==/com.detoxsample-VXgNF6Evtigyf1Gc5BA9kg==/lib/arm64
03-22 00:41:33.980 12387 12650 D SoLoader: Not resolving dependencies for libyoga.so
03-22 00:41:33.981 12387 12650 D SoLoader: Loaded: libyoga.so
03-22 00:41:33.987 12387 12387 I DetoxRNLoading: Got new RN-context async'ly through listener
03-22 00:41:33.990 12387 12642 I DetoxRNIdleRes: Setting up Espresso Idling Resources for React Native
03-22 00:41:34.052 12387 12650 I flipper : flipper: FlipperClient::addPlugin Fresco
03-22 00:41:34.056 12387 12642 D AsyncStorageIR: Checking whether a custom IR for Async-Storage is required... (legacy=false)
03-22 00:41:34.056 12387 12642 D DetoxRNHelpers: Native RN module resolution (class com.reactnativecommunity.asyncstorage.AsyncStorageModule): no such class
03-22 00:41:34.056 12387 12642 D AsyncStorageIR: Checking whether a custom IR for Async-Storage is required... (legacy=true)
03-22 00:41:34.058 12387 12642 D AsyncStorageIR: IR for Async-Storage is required! (legacy=true)
03-22 00:41:34.066 12387 12650 W com.detoxsampl: Accessing hidden method Landroid/os/MessageQueue;->next()Landroid/os/Message; (greylist, reflection, allowed)
03-22 00:41:34.066 12387 12650 W com.detoxsampl: Accessing hidden field Landroid/os/MessageQueue;->mMessages:Landroid/os/Message; (greylist, reflection, allowed)
03-22 00:41:34.068 12387 12650 W com.detoxsampl: Accessing hidden method Landroid/os/Message;->recycleUnchecked()V (greylist, reflection, allowed)
03-22 00:41:34.070 12387 12387 D AsyncStorageIRLegacy: Async-storage is busy!
03-22 00:41:34.077 12387 12642 I DetoxDispatcher: Done with action '_init'
03-22 00:41:34.077 12387 12642 I DetoxDispatcher: Handling action 'isReady' (ID #-1000)...
03-22 00:41:34.130 12387 12648 D SoLoader: About to load: libreactnativeblob.so
03-22 00:41:34.131 12387 12648 D SoLoader: libreactnativeblob.so not found on /data/data/com.detoxsample/lib-main
03-22 00:41:34.132 12387 12648 D SoLoader: libreactnativeblob.so found on /data/app/~~mL3M_PQQknPGYNVLqmO5Iw==/com.detoxsample-VXgNF6Evtigyf1Gc5BA9kg==/lib/arm64
03-22 00:41:34.132 12387 12648 D SoLoader: Not resolving dependencies for libreactnativeblob.so
03-22 00:41:34.138 12387 12648 D SoLoader: Loaded: libreactnativeblob.so
03-22 00:41:34.208 12387 12650 I WebViewFactory: Loading com.google.android.webview version 99.0.4844.58 (code 484405833)
03-22 00:41:34.340 12387 12648 I ReactNativeJS: Running "DetoxSample" with {"rootTag":1}
03-22 00:41:34.380 12387 12650 W com.detoxsampl: Accessing hidden method Landroid/os/Trace;->isTagEnabled(J)Z (greylist, reflection, allowed)
03-22 00:41:34.380 12387 12650 W com.detoxsampl: Accessing hidden method Landroid/os/Trace;->traceBegin(JLjava/lang/String;)V (greylist, reflection, allowed)
03-22 00:41:34.381 12387 12650 W com.detoxsampl: Accessing hidden method Landroid/os/Trace;->traceEnd(J)V (greylist, reflection, allowed)
03-22 00:41:34.381 12387 12650 W com.detoxsampl: Accessing hidden method Landroid/os/Trace;->asyncTraceBegin(JLjava/lang/String;I)V (greylist, reflection, allowed)
03-22 00:41:34.381 12387 12650 W com.detoxsampl: Accessing hidden method Landroid/os/Trace;->asyncTraceEnd(JLjava/lang/String;I)V (greylist, reflection, allowed)
03-22 00:41:34.401 12387 12650 I cr_WVCFactoryProvider: Loaded version=99.0.4844.58 minSdkVersion=29 isBundle=true multiprocess=true packageId=3
03-22 00:41:34.502 12387 12650 I cr_LibraryLoader: Successfully loaded native library
03-22 00:41:34.507 12387 12650 I cr_CachingUmaRecorder: Flushed 8 samples from 8 histograms.
03-22 00:41:34.712 12387 12387 W com.detoxsampl: Accessing hidden field Landroid/widget/ScrollView;->mScroller:Landroid/widget/OverScroller; (greylist, reflection, allowed)
03-22 00:41:34.790 12387 12760 D SoLoader: About to load: libimagepipeline.so
03-22 00:41:34.790 12387 12760 D SoLoader: libimagepipeline.so not found on /data/data/com.detoxsample/lib-main
03-22 00:41:34.790 12387 12760 D SoLoader: libimagepipeline.so found on /data/app/~~mL3M_PQQknPGYNVLqmO5Iw==/com.detoxsample-VXgNF6Evtigyf1Gc5BA9kg==/lib/arm64
03-22 00:41:34.790 12387 12760 D SoLoader: Not resolving dependencies for libimagepipeline.so
03-22 00:41:34.792 12387 12760 D SoLoader: Loaded: libimagepipeline.so
03-22 00:41:34.805 12387 12387 I Detox   : Wait is over: app is now idle!
03-22 00:41:34.805 12387 12642 I DetoxWSClient: Sending out action 'ready' (ID #-1000)
03-22 00:41:34.806 12387 12642 I DetoxDispatcher: Done with action 'isReady'
03-22 00:41:34.807 12387 12642 I DetoxDispatcher: Handling action 'loginSuccess' (ID #0)...
03-22 00:41:34.807 12387 12642 I DetoxDispatcher: Done with action 'loginSuccess'
03-22 00:41:34.807 12387 12642 I DetoxDispatcher: Handling action 'isReady' (ID #-1000)...
03-22 00:41:34.816 12387 12387 I Detox   : Wait is over: app is now idle!
03-22 00:41:34.816 12387 12642 I DetoxWSClient: Sending out action 'ready' (ID #-1000)
03-22 00:41:34.816 12387 12642 I DetoxDispatcher: Done with action 'isReady'
