--------- beginning of main
03-22 11:01:17.030 15812 15812 I com.detoxsampl: Late-enabling -Xcheck:jni
03-22 11:01:17.048 15812 15812 I com.detoxsampl: Unquickening 19 vdex files!
--------- beginning of system
03-22 11:01:17.117 15812 15812 W ActivityThread: Package uses different ABI(s) than its instrumentation: package[com.detoxsample]: arm64-v8a, null instrumentation[com.detoxsample.test]: null, null
03-22 11:01:17.118 15812 15812 I Typeface: Current DefaultTypeface ( lgtravel )
03-22 11:01:17.121 15812 15812 I com.detoxsampl: The ClassLoaderContext is a special shared library.
03-22 11:01:17.128 15812 15812 I com.detoxsampl: The ClassLoaderContext is a special shared library.
03-22 11:01:17.133 15812 15812 I com.detoxsampl: The ClassLoaderContext is a special shared library.
03-22 11:01:17.136 15812 15812 I com.detoxsampl: The ClassLoaderContext is a special shared library.
03-22 11:01:17.448 15812 15812 D ApplicationLoaders: Returning zygote-cached class loader: /system/framework/android.test.base.jar
03-22 11:01:17.448 15812 15812 D ApplicationLoaders: Returning zygote-cached class loader: /system/framework/android.test.base.jar
03-22 11:01:17.452 15812 15812 I com.detoxsampl: The ClassLoaderContext is a special shared library.
03-22 11:01:17.454 15812 15812 D ApplicationLoaders: Returning zygote-cached class loader: /system/framework/android.test.base.jar
03-22 11:01:17.454 15812 15812 D ApplicationLoaders: Returning zygote-cached class loader: /system/framework/android.test.base.jar
03-22 11:01:17.455 15812 15812 I com.detoxsampl: The ClassLoaderContext is a special shared library.
03-22 11:01:17.459 15812 15812 I com.detoxsampl: The ClassLoaderContext is a special shared library.
03-22 11:01:17.461 15812 15812 I chatty  : uid=10516(com.detoxsample) identical 1 line
03-22 11:01:17.462 15812 15812 I com.detoxsampl: The ClassLoaderContext is a special shared library.
03-22 11:01:17.701 15812 15812 W com.detoxsampl: Accessing hidden method Landroid/app/Instrumentation;->execStartActivity(Landroid/content/Context;Landroid/os/IBinder;Landroid/os/IBinder;Landroid/app/Activity;Landroid/content/Intent;ILandroid/os/Bundle;)Landroid/app/Instrumentation$ActivityResult; (greylist, linking, allowed)
03-22 11:01:17.701 15812 15812 W com.detoxsampl: Accessing hidden method Landroid/app/Instrumentation;->execStartActivity(Landroid/content/Context;Landroid/os/IBinder;Landroid/os/IBinder;Ljava/lang/String;Landroid/content/Intent;ILandroid/os/Bundle;)Landroid/app/Instrumentation$ActivityResult; (greylist, linking, allowed)
03-22 11:01:17.707 15812 15812 D NetworkSecurityConfig: Using Network Security Config from resource network_security_config debugBuild: true
03-22 11:01:17.710 15812 15812 D NetworkSecurityConfig: Using Network Security Config from resource network_security_config debugBuild: true
03-22 11:01:17.713 15812 15812 I MonitoringInstr: Instrumentation started!
03-22 11:01:17.726 15812 15812 V TestEventClient: No service name argument was given (testDiscoveryService, testRunEventService or orchestratorService)
03-22 11:01:17.731 15812 15812 D SoLoader: init start
03-22 11:01:17.732 15812 15812 D SoLoader: adding system library source: /vendor/lib64
03-22 11:01:17.732 15812 15812 D SoLoader: adding system library source: /system/lib64
03-22 11:01:17.733 15812 15812 D SoLoader: adding application source: com.facebook.soloader.DirectorySoSource[root = /data/app/~~zc5l9KfOlh-BUSUmk56Unw==/com.detoxsample-eXgiXL0rDUe-y8oLbtLNJQ==/lib/arm64 flags = 0]
03-22 11:01:17.735 15812 15812 D SoLoader: adding backup source from : com.facebook.soloader.ApkSoSource[root = /data/data/com.detoxsample/lib-main flags = 1]
03-22 11:01:17.735 15812 15812 D SoLoader: Preparing SO source: com.facebook.soloader.DirectorySoSource[root = /system/lib64 flags = 2]
03-22 11:01:17.735 15812 15812 D SoLoader: Preparing SO source: com.facebook.soloader.DirectorySoSource[root = /vendor/lib64 flags = 2]
03-22 11:01:17.735 15812 15812 D SoLoader: Preparing SO source: com.facebook.soloader.DirectorySoSource[root = /data/app/~~zc5l9KfOlh-BUSUmk56Unw==/com.detoxsample-eXgiXL0rDUe-y8oLbtLNJQ==/lib/arm64 flags = 0]
03-22 11:01:17.735 15812 15812 D SoLoader: Preparing SO source: com.facebook.soloader.ApkSoSource[root = /data/data/com.detoxsample/lib-main flags = 1]
03-22 11:01:17.736 15812 15812 V fb-UnpackingSoSource: locked dso store /data/user/0/com.detoxsample/lib-main
03-22 11:01:17.737 15812 15812 V fb-UnpackingSoSource: deps mismatch on deps store: regenerating
03-22 11:01:17.737 15812 15812 V fb-UnpackingSoSource: so store dirty: regenerating
03-22 11:01:17.797 15812 15812 D ApkSoSource: not allowing consideration of lib/arm64-v8a/libbetter.so: deferring to libdir
03-22 11:01:17.797 15812 15812 D ApkSoSource: not allowing consideration of lib/arm64-v8a/libc++_shared.so: deferring to libdir
03-22 11:01:17.797 15812 15812 D ApkSoSource: not allowing consideration of lib/arm64-v8a/libevent-2.1.so: deferring to libdir
03-22 11:01:17.797 15812 15812 D ApkSoSource: not allowing consideration of lib/arm64-v8a/libevent_core-2.1.so: deferring to libdir
03-22 11:01:17.797 15812 15812 D ApkSoSource: not allowing consideration of lib/arm64-v8a/libevent_extra-2.1.so: deferring to libdir
03-22 11:01:17.797 15812 15812 D ApkSoSource: not allowing consideration of lib/arm64-v8a/libfabricjni.so: deferring to libdir
03-22 11:01:17.797 15812 15812 D ApkSoSource: not allowing consideration of lib/arm64-v8a/libfb.so: deferring to libdir
03-22 11:01:17.797 15812 15812 D ApkSoSource: not allowing consideration of lib/arm64-v8a/libfbjni.so: deferring to libdir
03-22 11:01:17.797 15812 15812 D ApkSoSource: not allowing consideration of lib/arm64-v8a/libflipper.so: deferring to libdir
03-22 11:01:17.798 15812 15812 D ApkSoSource: not allowing consideration of lib/arm64-v8a/libfolly_futures.so: deferring to libdir
03-22 11:01:17.798 15812 15812 D ApkSoSource: not allowing consideration of lib/arm64-v8a/libfolly_json.so: deferring to libdir
03-22 11:01:17.798 15812 15812 D ApkSoSource: not allowing consideration of lib/arm64-v8a/libglog.so: deferring to libdir
03-22 11:01:17.798 15812 15812 D ApkSoSource: not allowing consideration of lib/arm64-v8a/libglog_init.so: deferring to libdir
03-22 11:01:17.798 15812 15812 D ApkSoSource: not allowing consideration of lib/arm64-v8a/libimagepipeline.so: deferring to libdir
03-22 11:01:17.798 15812 15812 D ApkSoSource: not allowing consideration of lib/arm64-v8a/libjsc.so: deferring to libdir
03-22 11:01:17.798 15812 15812 D ApkSoSource: not allowing consideration of lib/arm64-v8a/libjscexecutor.so: deferring to libdir
03-22 11:01:17.798 15812 15812 D ApkSoSource: not allowing consideration of lib/arm64-v8a/libjsi.so: deferring to libdir
03-22 11:01:17.798 15812 15812 D ApkSoSource: not allowing consideration of lib/arm64-v8a/libjsijniprofiler.so: deferring to libdir
03-22 11:01:17.798 15812 15812 D ApkSoSource: not allowing consideration of lib/arm64-v8a/libjsinspector.so: deferring to libdir
03-22 11:01:17.798 15812 15812 D ApkSoSource: not allowing consideration of lib/arm64-v8a/liblogger.so: deferring to libdir
03-22 11:01:17.798 15812 15812 D ApkSoSource: not allowing consideration of lib/arm64-v8a/libmapbufferjni.so: deferring to libdir
03-22 11:01:17.799 15812 15812 D ApkSoSource: not allowing consideration of lib/arm64-v8a/libnative-filters.so: deferring to libdir
03-22 11:01:17.799 15812 15812 D ApkSoSource: not allowing consideration of lib/arm64-v8a/libnative-imagetranscoder.so: deferring to libdir
03-22 11:01:17.799 15812 15812 D ApkSoSource: not allowing consideration of lib/arm64-v8a/libreact_codegen_rncore.so: deferring to libdir
03-22 11:01:17.799 15812 15812 D ApkSoSource: not allowing consideration of lib/arm64-v8a/libreact_debug.so: deferring to libdir
03-22 11:01:17.799 15812 15812 D ApkSoSource: not allowing consideration of lib/arm64-v8a/libreact_nativemodule_core.so: deferring to libdir
03-22 11:01:17.799 15812 15812 D ApkSoSource: not allowing consideration of lib/arm64-v8a/libreact_render_animations.so: deferring to libdir
03-22 11:01:17.799 15812 15812 D ApkSoSource: not allowing consideration of lib/arm64-v8a/libreact_render_attributedstring.so: deferring to libdir
03-22 11:01:17.799 15812 15812 D ApkSoSource: not allowing consideration of lib/arm64-v8a/libreact_render_componentregistry.so: deferring to libdir
03-22 11:01:17.799 15812 15812 D ApkSoSource: not allowing consideration of lib/arm64-v8a/libreact_render_core.so: deferring to libdir
03-22 11:01:17.799 15812 15812 D ApkSoSource: not allowing consideration of lib/arm64-v8a/libreact_render_debug.so: deferring to libdir
03-22 11:01:17.799 15812 15812 D ApkSoSource: not allowing consideration of lib/arm64-v8a/libreact_render_graphics.so: deferring to libdir
03-22 11:01:17.800 15812 15812 D ApkSoSource: not allowing consideration of lib/arm64-v8a/libreact_render_imagemanager.so: deferring to libdir
03-22 11:01:17.800 15812 15812 D ApkSoSource: not allowing consideration of lib/arm64-v8a/libreact_render_leakchecker.so: deferring to libdir
03-22 11:01:17.800 15812 15812 D ApkSoSource: not allowing consideration of lib/arm64-v8a/libreact_render_mapbuffer.so: deferring to libdir
03-22 11:01:17.800 15812 15812 D ApkSoSource: not allowing consideration of lib/arm64-v8a/libreact_render_mounting.so: deferring to libdir
03-22 11:01:17.800 15812 15812 D ApkSoSource: not allowing consideration of lib/arm64-v8a/libreact_render_runtimescheduler.so: deferring to libdir
03-22 11:01:17.800 15812 15812 D ApkSoSource: not allowing consideration of lib/arm64-v8a/libreact_render_scheduler.so: deferring to libdir
03-22 11:01:17.800 15812 15812 D ApkSoSource: not allowing consideration of lib/arm64-v8a/libreact_render_telemetry.so: deferring to libdir
03-22 11:01:17.800 15812 15812 D ApkSoSource: not allowing consideration of lib/arm64-v8a/libreact_render_templateprocessor.so: deferring to libdir
03-22 11:01:17.800 15812 15812 D ApkSoSource: not allowing consideration of lib/arm64-v8a/libreact_render_textlayoutmanager.so: deferring to libdir
03-22 11:01:17.800 15812 15812 D ApkSoSource: not allowing consideration of lib/arm64-v8a/libreact_render_uimanager.so: deferring to libdir
03-22 11:01:17.800 15812 15812 D ApkSoSource: not allowing consideration of lib/arm64-v8a/libreact_utils.so: deferring to libdir
03-22 11:01:17.800 15812 15812 D ApkSoSource: not allowing consideration of lib/arm64-v8a/libreactconfig.so: deferring to libdir
03-22 11:01:17.800 15812 15812 D ApkSoSource: not allowing consideration of lib/arm64-v8a/libreactnativeblob.so: deferring to libdir
03-22 11:01:17.800 15812 15812 D ApkSoSource: not allowing consideration of lib/arm64-v8a/libreactnativejni.so: deferring to libdir
03-22 11:01:17.801 15812 15812 D ApkSoSource: not allowing consideration of lib/arm64-v8a/libreactnativeutilsjni.so: deferring to libdir
03-22 11:01:17.801 15812 15812 D ApkSoSource: not allowing consideration of lib/arm64-v8a/libreactperfloggerjni.so: deferring to libdir
03-22 11:01:17.801 15812 15812 D ApkSoSource: not allowing consideration of lib/arm64-v8a/librrc_image.so: deferring to libdir
03-22 11:01:17.801 15812 15812 D ApkSoSource: not allowing consideration of lib/arm64-v8a/librrc_modal.so: deferring to libdir
03-22 11:01:17.801 15812 15812 D ApkSoSource: not allowing consideration of lib/arm64-v8a/librrc_progressbar.so: deferring to libdir
03-22 11:01:17.801 15812 15812 D ApkSoSource: not allowing consideration of lib/arm64-v8a/librrc_root.so: deferring to libdir
03-22 11:01:17.801 15812 15812 D ApkSoSource: not allowing consideration of lib/arm64-v8a/librrc_scrollview.so: deferring to libdir
03-22 11:01:17.801 15812 15812 D ApkSoSource: not allowing consideration of lib/arm64-v8a/librrc_slider.so: deferring to libdir
03-22 11:01:17.801 15812 15812 D ApkSoSource: not allowing consideration of lib/arm64-v8a/librrc_switch.so: deferring to libdir
03-22 11:01:17.801 15812 15812 D ApkSoSource: not allowing consideration of lib/arm64-v8a/librrc_text.so: deferring to libdir
03-22 11:01:17.801 15812 15812 D ApkSoSource: not allowing consideration of lib/arm64-v8a/librrc_textinput.so: deferring to libdir
03-22 11:01:17.801 15812 15812 D ApkSoSource: not allowing consideration of lib/arm64-v8a/librrc_unimplementedview.so: deferring to libdir
03-22 11:01:17.801 15812 15812 D ApkSoSource: not allowing consideration of lib/arm64-v8a/librrc_view.so: deferring to libdir
03-22 11:01:17.802 15812 15812 D ApkSoSource: not allowing consideration of lib/arm64-v8a/libturbomodulejsijni.so: deferring to libdir
03-22 11:01:17.802 15812 15812 D ApkSoSource: not allowing consideration of lib/arm64-v8a/libyoga.so: deferring to libdir
03-22 11:01:17.802 15812 15812 V fb-UnpackingSoSource: regenerating DSO store com.facebook.soloader.ApkSoSource
03-22 11:01:17.802 15812 15812 V fb-UnpackingSoSource: Finished regenerating DSO store com.facebook.soloader.ApkSoSource
03-22 11:01:17.802 15812 15812 V fb-UnpackingSoSource: starting syncer worker
03-22 11:01:17.813 15812 15812 V fb-UnpackingSoSource: releasing dso store lock for /data/user/0/com.detoxsample/lib-main (from syncer thread)
03-22 11:01:17.814 15812 15812 V fb-UnpackingSoSource: not releasing dso store lock for /data/user/0/com.detoxsample/lib-main (syncer thread started)
03-22 11:01:17.814 15812 15812 D SoLoader: init finish: 4 SO sources prepared
03-22 11:01:17.814 15812 15812 D SoLoader: init exiting
03-22 11:01:17.830 15812 15812 D SoLoader: init exiting
03-22 11:01:17.831 15812 15812 D SoLoader: About to load: libjscexecutor.so
03-22 11:01:17.831 15812 15812 D SoLoader: libjscexecutor.so not found on /data/data/com.detoxsample/lib-main
03-22 11:01:17.831 15812 15812 D SoLoader: libjscexecutor.so found on /data/app/~~zc5l9KfOlh-BUSUmk56Unw==/com.detoxsample-eXgiXL0rDUe-y8oLbtLNJQ==/lib/arm64
03-22 11:01:17.831 15812 15812 D SoLoader: Not resolving dependencies for libjscexecutor.so
03-22 11:01:17.841 15812 15812 D JavaScriptCore.Version: 250230.2.1
03-22 11:01:17.841 15812 15812 D SoLoader: Loaded: libjscexecutor.so
03-22 11:01:17.843 15812 15812 D SoLoader: init exiting
03-22 11:01:17.962 15812 15812 I SensorManager: registerListenerImpl() [Sensor: LGE Accelerometer Non-wakeup, Rate: 66667, SensorEventListener: com.facebook.react.common.ShakeDetector@b25dd88] by com.facebook.react.common.ShakeDetector.start():60
03-22 11:01:17.979 15812 15951 D SoLoader: About to load: libfbjni.so
03-22 11:01:17.979 15812 15951 D SoLoader: libfbjni.so not found on /data/data/com.detoxsample/lib-main
03-22 11:01:17.979 15812 15951 D SoLoader: libfbjni.so found on /data/app/~~zc5l9KfOlh-BUSUmk56Unw==/com.detoxsample-eXgiXL0rDUe-y8oLbtLNJQ==/lib/arm64
03-22 11:01:17.979 15812 15951 D SoLoader: Not resolving dependencies for libfbjni.so
03-22 11:01:17.980 15812 15951 D SoLoader: Loaded: libfbjni.so
03-22 11:01:17.981 15812 15951 D SoLoader: About to load: libflipper.so
03-22 11:01:17.981 15812 15951 D SoLoader: libflipper.so not found on /data/data/com.detoxsample/lib-main
03-22 11:01:17.981 15812 15951 D SoLoader: libflipper.so found on /data/app/~~zc5l9KfOlh-BUSUmk56Unw==/com.detoxsample-eXgiXL0rDUe-y8oLbtLNJQ==/lib/arm64
03-22 11:01:17.981 15812 15951 D SoLoader: Not resolving dependencies for libflipper.so
03-22 11:01:17.991 15812 15951 D SoLoader: Loaded: libflipper.so
03-22 11:01:18.006 15812 15812 W com.detoxsampl: Accessing hidden field Landroid/view/View;->mKeyedTags:Landroid/util/SparseArray; (greylist, reflection, allowed)
03-22 11:01:18.006 15812 15812 W com.detoxsampl: Accessing hidden field Landroid/view/View;->mListenerInfo:Landroid/view/View$ListenerInfo; (greylist, reflection, allowed)
03-22 11:01:18.006 15812 15812 W com.detoxsampl: Accessing hidden field Landroid/view/View$ListenerInfo;->mOnClickListener:Landroid/view/View$OnClickListener; (greylist, reflection, allowed)
03-22 11:01:18.011 15812 15812 I flipper : flipper: FlipperClient::addPlugin Inspector
03-22 11:01:18.011 15812 15812 I flipper : flipper: FlipperClient::addPlugin React
03-22 11:01:18.013 15812 15812 I flipper : flipper: FlipperClient::addPlugin Databases
03-22 11:01:18.014 15812 15812 I flipper : flipper: FlipperClient::addPlugin Preferences
03-22 11:01:18.014 15812 15812 I flipper : flipper: FlipperClient::addPlugin CrashReporter
03-22 11:01:18.016 15812 15812 I flipper : flipper: FlipperClient::addPlugin Network
03-22 11:01:18.039 15812 15896 I UsageTrackerFacilitator: Usage tracking enabled
03-22 11:01:18.045 15812 15896 I TestRequestBuilder: Scanning classpath to find tests in paths [/data/app/~~OjoMO05pEV-3siLVCfGmJA==/com.detoxsample.test-J9fMAHCoYvxNsUz16hSvgg==/base.apk]
03-22 11:01:18.047 15812 15896 W com.detoxsampl: Opening an oat file without a class loader. Are you using the deprecated DexFile APIs?
03-22 11:01:18.059 15812 15963 W unknown:ReconnectingWebSocket: Couldn't connect to "ws://localhost:8081/message?device=LM-G850%20-%2011%20-%20API%2030&app=com.detoxsample&clientid=BridgeDevSupportManager", will silently retry
03-22 11:01:18.061 15812 15965 W unknown:InspectorPackagerConnection: Couldn't connect to packager, will silently retry
03-22 11:01:19.050 15812 15896 D TestExecutor: Adding listener androidx.test.internal.runner.listener.LogRunListener
03-22 11:01:19.051 15812 15896 D TestExecutor: Adding listener androidx.test.internal.runner.listener.InstrumentationResultPrinter
03-22 11:01:19.051 15812 15896 D TestExecutor: Adding listener androidx.test.internal.runner.listener.ActivityFinisherRunListener
03-22 11:01:19.052 15812 15896 I TestRunner: run started: 1 tests
03-22 11:01:19.060 15812 15896 I TestRunner: started: runDetoxTests(com.detoxsample.DetoxTest)
03-22 11:01:19.080 15812 15896 D EventInjectionStrategy: Creating injection strategy with input manager.
03-22 11:01:19.080 15812 15896 W com.detoxsampl: Accessing hidden method Landroid/hardware/input/InputManager;->getInstance()Landroid/hardware/input/InputManager; (greylist, reflection, allowed)
03-22 11:01:19.081 15812 15896 W com.detoxsampl: Accessing hidden method Landroid/hardware/input/InputManager;->injectInputEvent(Landroid/view/InputEvent;I)Z (greylist, reflection, allowed)
03-22 11:01:19.081 15812 15896 W com.detoxsampl: Accessing hidden field Landroid/hardware/input/InputManager;->INJECT_INPUT_EVENT_MODE_WAIT_FOR_FINISH:I (greylist, reflection, allowed)
03-22 11:01:19.093 15812 15896 W com.detoxsampl: Accessing hidden field Ljava/lang/reflect/Field;->accessFlags:I (greylist, reflection, allowed)
03-22 11:01:19.252 15812 15812 D LifecycleMonitor: Lifecycle status change: com.detoxsample.MainActivity@114efde in: PRE_ON_CREATE
03-22 11:01:19.286 15812 16116 W unknown:ReactNative: The packager does not seem to be running as we got an IOException requesting its status: Failed to connect to localhost/127.0.0.1:8081
03-22 11:01:19.345 15812 15812 W com.detoxsampl: Accessing hidden method Landroid/view/View;->computeFitSystemWindows(Landroid/graphics/Rect;Landroid/graphics/Rect;)Z (greylist, reflection, allowed)
03-22 11:01:19.345 15812 15812 W com.detoxsampl: Accessing hidden method Landroid/view/ViewGroup;->makeOptionalFitsSystemWindows()V (greylist, reflection, allowed)
03-22 11:01:19.360 15812 15812 D LifecycleMonitor: Lifecycle status change: com.detoxsample.MainActivity@114efde in: CREATED
03-22 11:01:19.363 15812 15812 D LifecycleMonitor: Lifecycle status change: com.detoxsample.MainActivity@114efde in: STARTED
03-22 11:01:19.372 15812 15812 D LifecycleMonitor: Lifecycle status change: com.detoxsample.MainActivity@114efde in: RESUMED
03-22 11:01:19.405 15812 15812 I TouchFilterInputStageHelper: [needTouchEventFilter] Displayid : 0
03-22 11:01:19.407 15812 15812 D HandGripFilter: getdisplaysize, x : 1080 y : 2340
03-22 11:01:19.411 15812 15812 W unknown:ReactNative: Packager connection already open, nooping.
03-22 11:01:19.429 15812 16160 D SoLoader: About to load: libreactnativejni.so
03-22 11:01:19.429 15812 16093 I AdrenoGLES-0: QUALCOMM build                   : 59e4ca3, Ic42881d075
03-22 11:01:19.429 15812 16093 I AdrenoGLES-0: Build Date                       : 01/07/21
03-22 11:01:19.429 15812 16093 I AdrenoGLES-0: OpenGL ES Shader Compiler Version: EV031.32.02.06
03-22 11:01:19.429 15812 16093 I AdrenoGLES-0: Local Branch                     : mybrancheb50fcd0-9e7c-f130-bc5f-5cb90179c3d8
03-22 11:01:19.429 15812 16093 I AdrenoGLES-0: Remote Branch                    : quic/gfx-adreno.lnx.1.0.r99-rel
03-22 11:01:19.429 15812 16093 I AdrenoGLES-0: Remote Branch                    : NONE
03-22 11:01:19.429 15812 16093 I AdrenoGLES-0: Reconstruct Branch               : NOTHING
03-22 11:01:19.429 15812 16093 I AdrenoGLES-0: Build Config                     : S P 10.0.7 AArch64
03-22 11:01:19.429 15812 16093 I AdrenoGLES-0: Driver Path                      : /vendor/lib64/egl/libGLESv2_adreno.so
03-22 11:01:19.430 15812 16160 D SoLoader: libreactnativejni.so not found on /data/data/com.detoxsample/lib-main
03-22 11:01:19.430 15812 16160 D SoLoader: libreactnativejni.so found on /data/app/~~zc5l9KfOlh-BUSUmk56Unw==/com.detoxsample-eXgiXL0rDUe-y8oLbtLNJQ==/lib/arm64
03-22 11:01:19.430 15812 16160 D SoLoader: Not resolving dependencies for libreactnativejni.so
03-22 11:01:19.440 15812 16160 D SoLoader: Loaded: libreactnativejni.so
03-22 11:01:19.444 15812 16093 I AdrenoGLES-0: PFP: 0x016ee190, ME: 0x00000000
03-22 11:01:19.476 15812 16160 W unknown:ReactContext: initializeMessageQueueThreads() is called.
03-22 11:01:19.538 15812 16169 W unknown:ViewManagerPropertyUpdater: Could not find generated setter for class com.facebook.react.views.drawer.ReactDrawerLayoutManager
03-22 11:01:19.547 15812 16169 W unknown:ViewManagerPropertyUpdater: Could not find generated setter for class com.facebook.react.uimanager.LayoutShadowNode
03-22 11:01:19.551 15812 16169 W unknown:ViewManagerPropertyUpdater: Could not find generated setter for class com.facebook.react.views.scroll.ReactHorizontalScrollViewManager
03-22 11:01:19.556 15812 16169 W unknown:ViewManagerPropertyUpdater: Could not find generated setter for class com.facebook.react.views.scroll.ReactHorizontalScrollContainerViewManager
03-22 11:01:19.557 15812 16169 W unknown:ViewManagerPropertyUpdater: Could not find generated setter for class com.facebook.react.views.progressbar.ReactProgressBarViewManager
03-22 11:01:19.562 15812 16169 W unknown:ViewManagerPropertyUpdater: Could not find generated setter for class com.facebook.react.views.progressbar.ProgressBarShadowNode
03-22 11:01:19.568 15812 16169 W unknown:ViewManagerPropertyUpdater: Could not find generated setter for class com.facebook.react.views.scroll.ReactScrollViewManager
03-22 11:01:19.571 15812 16169 W unknown:ViewManagerPropertyUpdater: Could not find generated setter for class com.facebook.react.views.slider.ReactSliderManager
03-22 11:01:19.574 15812 16169 W unknown:ViewManagerPropertyUpdater: Could not find generated setter for class com.facebook.react.views.slider.ReactSliderManager$ReactSliderShadowNode
03-22 11:01:19.575 15812 16169 W unknown:ViewManagerPropertyUpdater: Could not find generated setter for class com.facebook.react.views.switchview.ReactSwitchManager
03-22 11:01:19.577 15812 16169 W unknown:ViewManagerPropertyUpdater: Could not find generated setter for class com.facebook.react.views.switchview.ReactSwitchManager$ReactSwitchShadowNode
03-22 11:01:19.578 15812 16169 W unknown:ViewManagerPropertyUpdater: Could not find generated setter for class com.facebook.react.views.swiperefresh.SwipeRefreshLayoutManager
03-22 11:01:19.580 15812 16169 W unknown:ViewManagerPropertyUpdater: Could not find generated setter for class com.facebook.react.views.text.frescosupport.FrescoBasedReactTextInlineImageViewManager
03-22 11:01:19.580 15812 16169 W unknown:ViewManagerPropertyUpdater: Could not find generated setter for class com.facebook.react.views.text.frescosupport.FrescoBasedReactTextInlineImageShadowNode
03-22 11:01:19.583 15812 16169 W unknown:ViewManagerPropertyUpdater: Could not find generated setter for class com.facebook.react.views.image.ReactImageManager
03-22 11:01:19.588 15812 16169 W unknown:ViewManagerPropertyUpdater: Could not find generated setter for class com.facebook.react.views.modal.ReactModalHostManager
03-22 11:01:19.589 15812 15812 W unknown:ReactNative: Packager connection already open, nooping.
03-22 11:01:19.589 15812 16169 W unknown:ViewManagerPropertyUpdater: Could not find generated setter for class com.facebook.react.views.modal.ModalHostShadowNode
03-22 11:01:19.590 15812 16169 W unknown:ViewManagerPropertyUpdater: Could not find generated setter for class com.facebook.react.views.text.ReactRawTextManager
03-22 11:01:19.590 15812 16169 W unknown:ViewManagerPropertyUpdater: Could not find generated setter for class com.facebook.react.views.text.ReactRawTextShadowNode
03-22 11:01:19.591 15812 16169 W unknown:ViewManagerPropertyUpdater: Could not find generated setter for class com.facebook.react.views.textinput.ReactTextInputManager
03-22 11:01:19.596 15812 16169 W unknown:ViewManagerPropertyUpdater: Could not find generated setter for class com.facebook.react.views.textinput.ReactTextInputShadowNode
03-22 11:01:19.599 15812 16169 W unknown:ViewManagerPropertyUpdater: Could not find generated setter for class com.facebook.react.views.text.ReactTextViewManager
03-22 11:01:19.601 15812 16169 W unknown:ViewManagerPropertyUpdater: Could not find generated setter for class com.facebook.react.views.text.ReactTextShadowNode
03-22 11:01:19.602 15812 16169 W unknown:ViewManagerPropertyUpdater: Could not find generated setter for class com.facebook.react.views.view.ReactViewManager
03-22 11:01:19.605 15812 15812 I Timeline: Timeline: Activity_idle id: ActivityRecord{cf8717c token=android.os.BinderProxy@c385248 {com.detoxsample/com.detoxsample.MainActivity}} time:202091
03-22 11:01:19.608 15812 16169 W unknown:ViewManagerPropertyUpdater: Could not find generated setter for class com.facebook.react.views.text.ReactVirtualTextViewManager
03-22 11:01:19.608 15812 16169 W unknown:ViewManagerPropertyUpdater: Could not find generated setter for class com.facebook.react.views.text.ReactVirtualTextShadowNode
03-22 11:01:19.609 15812 16169 W unknown:ViewManagerPropertyUpdater: Could not find generated setter for class com.facebook.react.views.unimplementedview.ReactUnimplementedViewManager
03-22 11:01:19.613 15812 15896 I Detox   : Detox server connection details: url=ws://localhost:52240, sessionId=af849ef7-7ca5-6a40-8b4b-09e1d1b7f918
03-22 11:01:19.624 15812 16203 I DetoxDispatcher: Handling action '_init' (ID #0)...
03-22 11:01:19.624 15812 16203 I Detox   : Connecting to server...
03-22 11:01:19.624 15812 16203 I DetoxWSClient: At connectToServer
03-22 11:01:19.634 15812 15812 D DetoxRNLoading: Got new RN-context directly and immediately
03-22 11:01:19.635 15812 16203 I DetoxRNIdleRes: Setting up Espresso Idling Resources for React Native
03-22 11:01:19.635 15812 16169 W unknown:ReactContext: initializeMessageQueueThreads() is called.
03-22 11:01:19.638 15812 16169 D SoLoader: About to load: libyoga.so
03-22 11:01:19.638 15812 16169 D SoLoader: libyoga.so not found on /data/data/com.detoxsample/lib-main
03-22 11:01:19.639 15812 16169 D SoLoader: libyoga.so found on /data/app/~~zc5l9KfOlh-BUSUmk56Unw==/com.detoxsample-eXgiXL0rDUe-y8oLbtLNJQ==/lib/arm64
03-22 11:01:19.639 15812 16169 D SoLoader: Not resolving dependencies for libyoga.so
03-22 11:01:19.639 15812 16168 W com.detoxsampl: Accessing hidden method Landroid/os/MessageQueue;->next()Landroid/os/Message; (greylist, reflection, allowed)
03-22 11:01:19.639 15812 16168 W com.detoxsampl: Accessing hidden field Landroid/os/MessageQueue;->mMessages:Landroid/os/Message; (greylist, reflection, allowed)
03-22 11:01:19.639 15812 16168 W com.detoxsampl: Accessing hidden method Landroid/os/Message;->recycleUnchecked()V (greylist, reflection, allowed)
03-22 11:01:19.640 15812 16169 D SoLoader: Loaded: libyoga.so
03-22 11:01:19.649 15812 16168 I ReactNativeJS: Running "DetoxSample
03-22 11:01:19.660 15812 16203 D AsyncStorageIR: Checking whether a custom IR for Async-Storage is required... (legacy=false)
03-22 11:01:19.660 15812 16203 D DetoxRNHelpers: Native RN module resolution (class com.reactnativecommunity.asyncstorage.AsyncStorageModule): no such class
03-22 11:01:19.660 15812 16203 D AsyncStorageIR: Checking whether a custom IR for Async-Storage is required... (legacy=true)
03-22 11:01:19.661 15812 16203 D AsyncStorageIR: IR for Async-Storage is required! (legacy=true)
03-22 11:01:19.663 15812 16205 D DetoxWSClient: At onOpen
03-22 11:01:19.663 15812 16205 I DetoxWSClient: Sending out action 'login' (ID #0)
03-22 11:01:19.663 15812 16205 I Detox   : Connected to server!
03-22 11:01:19.667 15812 15812 D AsyncStorageIRLegacy: Async-storage is busy!
03-22 11:01:19.670 15812 16205 D DetoxWSClient: Received action 'loginSuccess' (ID #0, params={"testerConnected":true,"appConnected":true})
03-22 11:01:19.681 15812 16203 I DetoxDispatcher: Done with action '_init'
03-22 11:01:19.681 15812 16203 I DetoxDispatcher: Handling action 'isReady' (ID #-1000)...
03-22 11:01:19.690 15812 16169 I flipper : flipper: FlipperClient::addPlugin Fresco
03-22 11:01:19.704 15812 16205 D DetoxWSClient: Received action 'isReady' (ID #-1000, params={})
03-22 11:01:20.113 15812 15812 W com.detoxsampl: Accessing hidden field Landroid/widget/ScrollView;->mScroller:Landroid/widget/OverScroller; (greylist, reflection, allowed)
03-22 11:01:20.207 15812 16324 D SoLoader: About to load: libimagepipeline.so
03-22 11:01:20.208 15812 16324 D SoLoader: libimagepipeline.so not found on /data/data/com.detoxsample/lib-main
03-22 11:01:20.208 15812 16324 D SoLoader: libimagepipeline.so found on /data/app/~~zc5l9KfOlh-BUSUmk56Unw==/com.detoxsample-eXgiXL0rDUe-y8oLbtLNJQ==/lib/arm64
03-22 11:01:20.208 15812 16324 D SoLoader: Not resolving dependencies for libimagepipeline.so
03-22 11:01:20.224 15812 16324 D SoLoader: Loaded: libimagepipeline.so
03-22 11:01:20.278 15812 15812 I Detox   : Wait is over: app is now idle!
03-22 11:01:20.278 15812 16203 I DetoxWSClient: Sending out action 'ready' (ID #-1000)
03-22 11:01:20.279 15812 16203 I DetoxDispatcher: Done with action 'isReady'
03-22 11:01:20.279 15812 16203 I DetoxDispatcher: Handling action 'loginSuccess' (ID #0)...
03-22 11:01:20.279 15812 16203 I DetoxDispatcher: Done with action 'loginSuccess'
03-22 11:01:20.284 15812 16203 I DetoxDispatcher: Handling action 'isReady' (ID #-1000)...
03-22 11:01:20.289 15812 15812 I Detox   : Wait is over: app is now idle!
03-22 11:01:20.290 15812 16203 I DetoxWSClient: Sending out action 'ready' (ID #-1000)
03-22 11:01:20.290 15812 16203 I DetoxDispatcher: Done with action 'isReady'
