--------- beginning of main
03-22 11:36:09.166  6964  6964 I com.detoxsampl: Late-enabling -Xcheck:jni
03-22 11:36:09.189  6964  6964 I com.detoxsampl: Unquickening 19 vdex files!
--------- beginning of system
03-22 11:36:09.239  6964  6964 W ActivityThread: Package uses different ABI(s) than its instrumentation: package[com.detoxsample]: arm64-v8a, null instrumentation[com.detoxsample.test]: null, null
03-22 11:36:09.240  6964  6964 I Typeface: Current DefaultTypeface ( lgtravel )
03-22 11:36:09.243  6964  6964 I com.detoxsampl: The ClassLoaderContext is a special shared library.
03-22 11:36:09.249  6964  6964 I chatty  : uid=10538(com.detoxsample) identical 2 lines
03-22 11:36:09.250  6964  6964 I com.detoxsampl: The ClassLoaderContext is a special shared library.
03-22 11:36:09.430  6964  6964 D ApplicationLoaders: Returning zygote-cached class loader: /system/framework/android.test.base.jar
03-22 11:36:09.430  6964  6964 D ApplicationLoaders: Returning zygote-cached class loader: /system/framework/android.test.base.jar
03-22 11:36:09.431  6964  6964 I com.detoxsampl: The ClassLoaderContext is a special shared library.
03-22 11:36:09.433  6964  6964 D ApplicationLoaders: Returning zygote-cached class loader: /system/framework/android.test.base.jar
03-22 11:36:09.433  6964  6964 D ApplicationLoaders: Returning zygote-cached class loader: /system/framework/android.test.base.jar
03-22 11:36:09.434  6964  6964 I com.detoxsampl: The ClassLoaderContext is a special shared library.
03-22 11:36:09.438  6964  6964 I chatty  : uid=10538(com.detoxsample) identical 2 lines
03-22 11:36:09.439  6964  6964 I com.detoxsampl: The ClassLoaderContext is a special shared library.
03-22 11:36:09.597  6964  6964 W com.detoxsampl: Accessing hidden method Landroid/app/Instrumentation;->execStartActivity(Landroid/content/Context;Landroid/os/IBinder;Landroid/os/IBinder;Landroid/app/Activity;Landroid/content/Intent;ILandroid/os/Bundle;)Landroid/app/Instrumentation$ActivityResult; (greylist, linking, allowed)
03-22 11:36:09.597  6964  6964 W com.detoxsampl: Accessing hidden method Landroid/app/Instrumentation;->execStartActivity(Landroid/content/Context;Landroid/os/IBinder;Landroid/os/IBinder;Ljava/lang/String;Landroid/content/Intent;ILandroid/os/Bundle;)Landroid/app/Instrumentation$ActivityResult; (greylist, linking, allowed)
03-22 11:36:09.608  6964  6964 D NetworkSecurityConfig: Using Network Security Config from resource network_security_config debugBuild: true
03-22 11:36:09.609  6964  6964 D NetworkSecurityConfig: Using Network Security Config from resource network_security_config debugBuild: true
03-22 11:36:09.611  6964  6964 I MonitoringInstr: Instrumentation started!
03-22 11:36:09.619  6964  6964 V TestEventClient: No service name argument was given (testDiscoveryService, testRunEventService or orchestratorService)
03-22 11:36:09.623  6964  6964 D SoLoader: init start
03-22 11:36:09.624  6964  6964 D SoLoader: adding system library source: /vendor/lib64
03-22 11:36:09.624  6964  6964 D SoLoader: adding system library source: /system/lib64
03-22 11:36:09.624  6964  6964 D SoLoader: adding application source: com.facebook.soloader.DirectorySoSource[root = /data/app/~~odsigeT21sPvet24OfuQeg==/com.detoxsample-RC3irmETzM3tDIhKH6Subg==/lib/arm64 flags = 0]
03-22 11:36:09.626  6964  6964 D SoLoader: adding backup source from : com.facebook.soloader.ApkSoSource[root = /data/data/com.detoxsample/lib-main flags = 1]
03-22 11:36:09.626  6964  6964 D SoLoader: Preparing SO source: com.facebook.soloader.DirectorySoSource[root = /system/lib64 flags = 2]
03-22 11:36:09.626  6964  6964 D SoLoader: Preparing SO source: com.facebook.soloader.DirectorySoSource[root = /vendor/lib64 flags = 2]
03-22 11:36:09.626  6964  6964 D SoLoader: Preparing SO source: com.facebook.soloader.DirectorySoSource[root = /data/app/~~odsigeT21sPvet24OfuQeg==/com.detoxsample-RC3irmETzM3tDIhKH6Subg==/lib/arm64 flags = 0]
03-22 11:36:09.626  6964  6964 D SoLoader: Preparing SO source: com.facebook.soloader.ApkSoSource[root = /data/data/com.detoxsample/lib-main flags = 1]
03-22 11:36:09.627  6964  6964 V fb-UnpackingSoSource: locked dso store /data/user/0/com.detoxsample/lib-main
03-22 11:36:09.629  6964  6964 V fb-UnpackingSoSource: deps mismatch on deps store: regenerating
03-22 11:36:09.629  6964  6964 V fb-UnpackingSoSource: so store dirty: regenerating
03-22 11:36:09.668  6964  6964 D ApkSoSource: not allowing consideration of lib/arm64-v8a/libbetter.so: deferring to libdir
03-22 11:36:09.669  6964  6964 D ApkSoSource: not allowing consideration of lib/arm64-v8a/libc++_shared.so: deferring to libdir
03-22 11:36:09.669  6964  6964 D ApkSoSource: not allowing consideration of lib/arm64-v8a/libevent-2.1.so: deferring to libdir
03-22 11:36:09.669  6964  6964 D ApkSoSource: not allowing consideration of lib/arm64-v8a/libevent_core-2.1.so: deferring to libdir
03-22 11:36:09.669  6964  6964 D ApkSoSource: not allowing consideration of lib/arm64-v8a/libevent_extra-2.1.so: deferring to libdir
03-22 11:36:09.669  6964  6964 D ApkSoSource: not allowing consideration of lib/arm64-v8a/libfabricjni.so: deferring to libdir
03-22 11:36:09.669  6964  6964 D ApkSoSource: not allowing consideration of lib/arm64-v8a/libfb.so: deferring to libdir
03-22 11:36:09.669  6964  6964 D ApkSoSource: not allowing consideration of lib/arm64-v8a/libfbjni.so: deferring to libdir
03-22 11:36:09.669  6964  6964 D ApkSoSource: not allowing consideration of lib/arm64-v8a/libflipper.so: deferring to libdir
03-22 11:36:09.669  6964  6964 D ApkSoSource: not allowing consideration of lib/arm64-v8a/libfolly_futures.so: deferring to libdir
03-22 11:36:09.669  6964  6964 D ApkSoSource: not allowing consideration of lib/arm64-v8a/libfolly_json.so: deferring to libdir
03-22 11:36:09.669  6964  6964 D ApkSoSource: not allowing consideration of lib/arm64-v8a/libglog.so: deferring to libdir
03-22 11:36:09.669  6964  6964 D ApkSoSource: not allowing consideration of lib/arm64-v8a/libglog_init.so: deferring to libdir
03-22 11:36:09.669  6964  6964 D ApkSoSource: not allowing consideration of lib/arm64-v8a/libimagepipeline.so: deferring to libdir
03-22 11:36:09.669  6964  6964 D ApkSoSource: not allowing consideration of lib/arm64-v8a/libjsc.so: deferring to libdir
03-22 11:36:09.669  6964  6964 D ApkSoSource: not allowing consideration of lib/arm64-v8a/libjscexecutor.so: deferring to libdir
03-22 11:36:09.669  6964  6964 D ApkSoSource: not allowing consideration of lib/arm64-v8a/libjsi.so: deferring to libdir
03-22 11:36:09.669  6964  6964 D ApkSoSource: not allowing consideration of lib/arm64-v8a/libjsijniprofiler.so: deferring to libdir
03-22 11:36:09.669  6964  6964 D ApkSoSource: not allowing consideration of lib/arm64-v8a/libjsinspector.so: deferring to libdir
03-22 11:36:09.669  6964  6964 D ApkSoSource: not allowing consideration of lib/arm64-v8a/liblogger.so: deferring to libdir
03-22 11:36:09.669  6964  6964 D ApkSoSource: not allowing consideration of lib/arm64-v8a/libmapbufferjni.so: deferring to libdir
03-22 11:36:09.670  6964  6964 D ApkSoSource: not allowing consideration of lib/arm64-v8a/libnative-filters.so: deferring to libdir
03-22 11:36:09.670  6964  6964 D ApkSoSource: not allowing consideration of lib/arm64-v8a/libnative-imagetranscoder.so: deferring to libdir
03-22 11:36:09.670  6964  6964 D ApkSoSource: not allowing consideration of lib/arm64-v8a/libreact_codegen_rncore.so: deferring to libdir
03-22 11:36:09.670  6964  6964 D ApkSoSource: not allowing consideration of lib/arm64-v8a/libreact_debug.so: deferring to libdir
03-22 11:36:09.670  6964  6964 D ApkSoSource: not allowing consideration of lib/arm64-v8a/libreact_nativemodule_core.so: deferring to libdir
03-22 11:36:09.670  6964  6964 D ApkSoSource: not allowing consideration of lib/arm64-v8a/libreact_render_animations.so: deferring to libdir
03-22 11:36:09.670  6964  6964 D ApkSoSource: not allowing consideration of lib/arm64-v8a/libreact_render_attributedstring.so: deferring to libdir
03-22 11:36:09.670  6964  6964 D ApkSoSource: not allowing consideration of lib/arm64-v8a/libreact_render_componentregistry.so: deferring to libdir
03-22 11:36:09.670  6964  6964 D ApkSoSource: not allowing consideration of lib/arm64-v8a/libreact_render_core.so: deferring to libdir
03-22 11:36:09.670  6964  6964 D ApkSoSource: not allowing consideration of lib/arm64-v8a/libreact_render_debug.so: deferring to libdir
03-22 11:36:09.670  6964  6964 D ApkSoSource: not allowing consideration of lib/arm64-v8a/libreact_render_graphics.so: deferring to libdir
03-22 11:36:09.670  6964  6964 D ApkSoSource: not allowing consideration of lib/arm64-v8a/libreact_render_imagemanager.so: deferring to libdir
03-22 11:36:09.670  6964  6964 D ApkSoSource: not allowing consideration of lib/arm64-v8a/libreact_render_leakchecker.so: deferring to libdir
03-22 11:36:09.670  6964  6964 D ApkSoSource: not allowing consideration of lib/arm64-v8a/libreact_render_mapbuffer.so: deferring to libdir
03-22 11:36:09.670  6964  6964 D ApkSoSource: not allowing consideration of lib/arm64-v8a/libreact_render_mounting.so: deferring to libdir
03-22 11:36:09.670  6964  6964 D ApkSoSource: not allowing consideration of lib/arm64-v8a/libreact_render_runtimescheduler.so: deferring to libdir
03-22 11:36:09.670  6964  6964 D ApkSoSource: not allowing consideration of lib/arm64-v8a/libreact_render_scheduler.so: deferring to libdir
03-22 11:36:09.670  6964  6964 D ApkSoSource: not allowing consideration of lib/arm64-v8a/libreact_render_telemetry.so: deferring to libdir
03-22 11:36:09.670  6964  6964 D ApkSoSource: not allowing consideration of lib/arm64-v8a/libreact_render_templateprocessor.so: deferring to libdir
03-22 11:36:09.670  6964  6964 D ApkSoSource: not allowing consideration of lib/arm64-v8a/libreact_render_textlayoutmanager.so: deferring to libdir
03-22 11:36:09.670  6964  6964 D ApkSoSource: not allowing consideration of lib/arm64-v8a/libreact_render_uimanager.so: deferring to libdir
03-22 11:36:09.670  6964  6964 D ApkSoSource: not allowing consideration of lib/arm64-v8a/libreact_utils.so: deferring to libdir
03-22 11:36:09.671  6964  6964 D ApkSoSource: not allowing consideration of lib/arm64-v8a/libreactconfig.so: deferring to libdir
03-22 11:36:09.671  6964  6964 D ApkSoSource: not allowing consideration of lib/arm64-v8a/libreactnativeblob.so: deferring to libdir
03-22 11:36:09.671  6964  6964 D ApkSoSource: not allowing consideration of lib/arm64-v8a/libreactnativejni.so: deferring to libdir
03-22 11:36:09.671  6964  6964 D ApkSoSource: not allowing consideration of lib/arm64-v8a/libreactnativeutilsjni.so: deferring to libdir
03-22 11:36:09.671  6964  6964 D ApkSoSource: not allowing consideration of lib/arm64-v8a/libreactperfloggerjni.so: deferring to libdir
03-22 11:36:09.671  6964  6964 D ApkSoSource: not allowing consideration of lib/arm64-v8a/librrc_image.so: deferring to libdir
03-22 11:36:09.671  6964  6964 D ApkSoSource: not allowing consideration of lib/arm64-v8a/librrc_modal.so: deferring to libdir
03-22 11:36:09.671  6964  6964 D ApkSoSource: not allowing consideration of lib/arm64-v8a/librrc_progressbar.so: deferring to libdir
03-22 11:36:09.671  6964  6964 D ApkSoSource: not allowing consideration of lib/arm64-v8a/librrc_root.so: deferring to libdir
03-22 11:36:09.671  6964  6964 D ApkSoSource: not allowing consideration of lib/arm64-v8a/librrc_scrollview.so: deferring to libdir
03-22 11:36:09.671  6964  6964 D ApkSoSource: not allowing consideration of lib/arm64-v8a/librrc_slider.so: deferring to libdir
03-22 11:36:09.671  6964  6964 D ApkSoSource: not allowing consideration of lib/arm64-v8a/librrc_switch.so: deferring to libdir
03-22 11:36:09.671  6964  6964 D ApkSoSource: not allowing consideration of lib/arm64-v8a/librrc_text.so: deferring to libdir
03-22 11:36:09.671  6964  6964 D ApkSoSource: not allowing consideration of lib/arm64-v8a/librrc_textinput.so: deferring to libdir
03-22 11:36:09.671  6964  6964 D ApkSoSource: not allowing consideration of lib/arm64-v8a/librrc_unimplementedview.so: deferring to libdir
03-22 11:36:09.671  6964  6964 D ApkSoSource: not allowing consideration of lib/arm64-v8a/librrc_view.so: deferring to libdir
03-22 11:36:09.671  6964  6964 D ApkSoSource: not allowing consideration of lib/arm64-v8a/libturbomodulejsijni.so: deferring to libdir
03-22 11:36:09.671  6964  6964 D ApkSoSource: not allowing consideration of lib/arm64-v8a/libyoga.so: deferring to libdir
03-22 11:36:09.671  6964  6964 V fb-UnpackingSoSource: regenerating DSO store com.facebook.soloader.ApkSoSource
03-22 11:36:09.672  6964  6964 V fb-UnpackingSoSource: Finished regenerating DSO store com.facebook.soloader.ApkSoSource
03-22 11:36:09.672  6964  6964 V fb-UnpackingSoSource: starting syncer worker
03-22 11:36:09.680  6964  6964 V fb-UnpackingSoSource: releasing dso store lock for /data/user/0/com.detoxsample/lib-main (from syncer thread)
03-22 11:36:09.681  6964  6964 V fb-UnpackingSoSource: not releasing dso store lock for /data/user/0/com.detoxsample/lib-main (syncer thread started)
03-22 11:36:09.681  6964  6964 D SoLoader: init finish: 4 SO sources prepared
03-22 11:36:09.681  6964  6964 D SoLoader: init exiting
03-22 11:36:09.689  6964  6964 D SoLoader: init exiting
03-22 11:36:09.689  6964  6964 D SoLoader: About to load: libjscexecutor.so
03-22 11:36:09.690  6964  6964 D SoLoader: libjscexecutor.so not found on /data/data/com.detoxsample/lib-main
03-22 11:36:09.690  6964  6964 D SoLoader: libjscexecutor.so found on /data/app/~~odsigeT21sPvet24OfuQeg==/com.detoxsample-RC3irmETzM3tDIhKH6Subg==/lib/arm64
03-22 11:36:09.690  6964  6964 D SoLoader: Not resolving dependencies for libjscexecutor.so
03-22 11:36:09.695  6964  6964 D JavaScriptCore.Version: 250230.2.1
03-22 11:36:09.696  6964  6964 D SoLoader: Loaded: libjscexecutor.so
03-22 11:36:09.697  6964  6964 D SoLoader: init exiting
03-22 11:36:09.763  6964  6964 I SensorManager: registerListenerImpl() [Sensor: LGE Accelerometer Non-wakeup, Rate: 66667, SensorEventListener: com.facebook.react.common.ShakeDetector@b25dd88] by com.facebook.react.common.ShakeDetector.start():60
03-22 11:36:09.782  6964  7102 D SoLoader: About to load: libfbjni.so
03-22 11:36:09.785  6964  7102 D SoLoader: libfbjni.so not found on /data/data/com.detoxsample/lib-main
03-22 11:36:09.786  6964  7102 D SoLoader: libfbjni.so found on /data/app/~~odsigeT21sPvet24OfuQeg==/com.detoxsample-RC3irmETzM3tDIhKH6Subg==/lib/arm64
03-22 11:36:09.786  6964  7102 D SoLoader: Not resolving dependencies for libfbjni.so
03-22 11:36:09.787  6964  7102 D SoLoader: Loaded: libfbjni.so
03-22 11:36:09.787  6964  7102 D SoLoader: About to load: libflipper.so
03-22 11:36:09.787  6964  7102 D SoLoader: libflipper.so not found on /data/data/com.detoxsample/lib-main
03-22 11:36:09.788  6964  7102 D SoLoader: libflipper.so found on /data/app/~~odsigeT21sPvet24OfuQeg==/com.detoxsample-RC3irmETzM3tDIhKH6Subg==/lib/arm64
03-22 11:36:09.788  6964  7102 D SoLoader: Not resolving dependencies for libflipper.so
03-22 11:36:09.796  6964  7102 D SoLoader: Loaded: libflipper.so
03-22 11:36:09.816  6964  6964 W com.detoxsampl: Accessing hidden field Landroid/view/View;->mKeyedTags:Landroid/util/SparseArray; (greylist, reflection, allowed)
03-22 11:36:09.816  6964  6964 W com.detoxsampl: Accessing hidden field Landroid/view/View;->mListenerInfo:Landroid/view/View$ListenerInfo; (greylist, reflection, allowed)
03-22 11:36:09.816  6964  6964 W com.detoxsampl: Accessing hidden field Landroid/view/View$ListenerInfo;->mOnClickListener:Landroid/view/View$OnClickListener; (greylist, reflection, allowed)
03-22 11:36:09.820  6964  6964 I flipper : flipper: FlipperClient::addPlugin Inspector
03-22 11:36:09.820  6964  6964 I flipper : flipper: FlipperClient::addPlugin React
03-22 11:36:09.822  6964  6964 I flipper : flipper: FlipperClient::addPlugin Databases
03-22 11:36:09.823  6964  6964 I flipper : flipper: FlipperClient::addPlugin Preferences
03-22 11:36:09.823  6964  6964 I flipper : flipper: FlipperClient::addPlugin CrashReporter
03-22 11:36:09.825  6964  6964 I flipper : flipper: FlipperClient::addPlugin Network
03-22 11:36:09.856  6964  7092 I UsageTrackerFacilitator: Usage tracking enabled
03-22 11:36:09.862  6964  7092 I TestRequestBuilder: Scanning classpath to find tests in paths [/data/app/~~rlAaNnpsMUCfwLckwU-I9w==/com.detoxsample.test-JcI0WbAAG9KybNZ3ML50_w==/base.apk]
03-22 11:36:09.864  6964  7092 W com.detoxsampl: Opening an oat file without a class loader. Are you using the deprecated DexFile APIs?
03-22 11:36:10.441  6964  7092 D TestExecutor: Adding listener androidx.test.internal.runner.listener.LogRunListener
03-22 11:36:10.441  6964  7092 D TestExecutor: Adding listener androidx.test.internal.runner.listener.InstrumentationResultPrinter
03-22 11:36:10.441  6964  7092 D TestExecutor: Adding listener androidx.test.internal.runner.listener.ActivityFinisherRunListener
03-22 11:36:10.442  6964  7092 I TestRunner: run started: 1 tests
03-22 11:36:10.445  6964  7092 I TestRunner: started: runDetoxTests(com.detoxsample.DetoxTest)
03-22 11:36:10.456  6964  7092 D EventInjectionStrategy: Creating injection strategy with input manager.
03-22 11:36:10.456  6964  7092 W com.detoxsampl: Accessing hidden method Landroid/hardware/input/InputManager;->getInstance()Landroid/hardware/input/InputManager; (greylist, reflection, allowed)
03-22 11:36:10.456  6964  7092 W com.detoxsampl: Accessing hidden method Landroid/hardware/input/InputManager;->injectInputEvent(Landroid/view/InputEvent;I)Z (greylist, reflection, allowed)
03-22 11:36:10.456  6964  7092 W com.detoxsampl: Accessing hidden field Landroid/hardware/input/InputManager;->INJECT_INPUT_EVENT_MODE_WAIT_FOR_FINISH:I (greylist, reflection, allowed)
03-22 11:36:10.465  6964  7092 W com.detoxsampl: Accessing hidden field Ljava/lang/reflect/Field;->accessFlags:I (greylist, reflection, allowed)
03-22 11:36:10.573  6964  6964 D LifecycleMonitor: Lifecycle status change: com.detoxsample.MainActivity@f5c5663 in: PRE_ON_CREATE
03-22 11:36:10.630  6964  6964 W com.detoxsampl: Accessing hidden method Landroid/view/View;->computeFitSystemWindows(Landroid/graphics/Rect;Landroid/graphics/Rect;)Z (greylist, reflection, allowed)
03-22 11:36:10.631  6964  6964 W com.detoxsampl: Accessing hidden method Landroid/view/ViewGroup;->makeOptionalFitsSystemWindows()V (greylist, reflection, allowed)
03-22 11:36:10.640  6964  6964 D LifecycleMonitor: Lifecycle status change: com.detoxsample.MainActivity@f5c5663 in: CREATED
03-22 11:36:10.642  6964  6964 D LifecycleMonitor: Lifecycle status change: com.detoxsample.MainActivity@f5c5663 in: STARTED
03-22 11:36:10.648  6964  6964 D LifecycleMonitor: Lifecycle status change: com.detoxsample.MainActivity@f5c5663 in: RESUMED
03-22 11:36:10.670  6964  6964 I TouchFilterInputStageHelper: [needTouchEventFilter] Displayid : 0
03-22 11:36:10.672  6964  6964 D HandGripFilter: getdisplaysize, x : 1080 y : 2340
03-22 11:36:10.678  6964  6964 W unknown:ReactNative: Packager connection already open, nooping.
03-22 11:36:10.701  6964  7161 I AdrenoGLES-0: QUALCOMM build                   : 59e4ca3, Ic42881d075
03-22 11:36:10.701  6964  7161 I AdrenoGLES-0: Build Date                       : 01/07/21
03-22 11:36:10.701  6964  7161 I AdrenoGLES-0: OpenGL ES Shader Compiler Version: EV031.32.02.06
03-22 11:36:10.701  6964  7161 I AdrenoGLES-0: Local Branch                     : mybrancheb50fcd0-9e7c-f130-bc5f-5cb90179c3d8
03-22 11:36:10.701  6964  7161 I AdrenoGLES-0: Remote Branch                    : quic/gfx-adreno.lnx.1.0.r99-rel
03-22 11:36:10.701  6964  7161 I AdrenoGLES-0: Remote Branch                    : NONE
03-22 11:36:10.701  6964  7161 I AdrenoGLES-0: Reconstruct Branch               : NOTHING
03-22 11:36:10.701  6964  7161 I AdrenoGLES-0: Build Config                     : S P 10.0.7 AArch64
03-22 11:36:10.701  6964  7161 I AdrenoGLES-0: Driver Path                      : /vendor/lib64/egl/libGLESv2_adreno.so
03-22 11:36:10.706  6964  7161 I AdrenoGLES-0: PFP: 0x016ee190, ME: 0x00000000
03-22 11:36:10.782  6964  6964 I TouchFilterInputStageHelper: [needTouchEventFilter] Displayid : 0
03-22 11:36:10.783  6964  6964 D HandGripFilter: getdisplaysize, x : 1080 y : 2340
03-22 11:36:10.866  6964  7108 D SoLoader: About to load: libreactnativejni.so
03-22 11:36:10.867  6964  7108 D SoLoader: libreactnativejni.so not found on /data/data/com.detoxsample/lib-main
03-22 11:36:10.867  6964  7108 D SoLoader: libreactnativejni.so found on /data/app/~~odsigeT21sPvet24OfuQeg==/com.detoxsample-RC3irmETzM3tDIhKH6Subg==/lib/arm64
03-22 11:36:10.867  6964  7108 D SoLoader: Not resolving dependencies for libreactnativejni.so
03-22 11:36:10.868  6964  7108 D SoLoader: Loaded: libreactnativejni.so
03-22 11:36:10.891  6964  6964 I Timeline: Timeline: Activity_idle id: ActivityRecord{e2e15a2 token=android.os.BinderProxy@c385248 {com.detoxsample/com.detoxsample.MainActivity}} time:2293377
03-22 11:36:10.898  6964  7092 I Detox   : Detox server connection details: url=ws://localhost:57614, sessionId=0e2dc0fe-6fc1-27cb-9bbb-f152ad3415cc
03-22 11:36:10.903  6964  7173 I DetoxDispatcher: Handling action '_init' (ID #0)...
03-22 11:36:10.903  6964  7173 I Detox   : Connecting to server...
03-22 11:36:10.903  6964  7173 I DetoxWSClient: At connectToServer
03-22 11:36:10.917  6964  7172 W unknown:ReactContext: initializeMessageQueueThreads() is called.
03-22 11:36:10.921  6964  7178 D DetoxWSClient: At onOpen
03-22 11:36:10.921  6964  7178 I DetoxWSClient: Sending out action 'login' (ID #0)
03-22 11:36:10.922  6964  7178 I Detox   : Connected to server!
03-22 11:36:10.924  6964  6964 W unknown:ReactNative: Packager connection already open, nooping.
03-22 11:36:10.929  6964  7178 D DetoxWSClient: Received action 'loginSuccess' (ID #0, params={"testerConnected":true,"appConnected":true})
03-22 11:36:10.960  6964  7182 W unknown:ViewManagerPropertyUpdater: Could not find generated setter for class com.facebook.react.views.drawer.ReactDrawerLayoutManager
03-22 11:36:10.965  6964  7182 W unknown:ViewManagerPropertyUpdater: Could not find generated setter for class com.facebook.react.uimanager.LayoutShadowNode
03-22 11:36:10.966  6964  7178 D DetoxWSClient: Received action 'isReady' (ID #-1000, params={})
03-22 11:36:10.968  6964  7182 W unknown:ViewManagerPropertyUpdater: Could not find generated setter for class com.facebook.react.views.scroll.ReactHorizontalScrollViewManager
03-22 11:36:10.970  6964  7182 W unknown:ViewManagerPropertyUpdater: Could not find generated setter for class com.facebook.react.views.scroll.ReactHorizontalScrollContainerViewManager
03-22 11:36:10.971  6964  7182 W unknown:ViewManagerPropertyUpdater: Could not find generated setter for class com.facebook.react.views.progressbar.ReactProgressBarViewManager
03-22 11:36:10.973  6964  7182 W unknown:ViewManagerPropertyUpdater: Could not find generated setter for class com.facebook.react.views.progressbar.ProgressBarShadowNode
03-22 11:36:10.974  6964  7182 W unknown:ViewManagerPropertyUpdater: Could not find generated setter for class com.facebook.react.views.scroll.ReactScrollViewManager
03-22 11:36:10.977  6964  7182 W unknown:ViewManagerPropertyUpdater: Could not find generated setter for class com.facebook.react.views.slider.ReactSliderManager
03-22 11:36:10.978  6964  7182 W unknown:ViewManagerPropertyUpdater: Could not find generated setter for class com.facebook.react.views.slider.ReactSliderManager$ReactSliderShadowNode
03-22 11:36:10.979  6964  7182 W unknown:ViewManagerPropertyUpdater: Could not find generated setter for class com.facebook.react.views.switchview.ReactSwitchManager
03-22 11:36:10.981  6964  7182 W unknown:ViewManagerPropertyUpdater: Could not find generated setter for class com.facebook.react.views.switchview.ReactSwitchManager$ReactSwitchShadowNode
03-22 11:36:10.981  6964  7182 W unknown:ViewManagerPropertyUpdater: Could not find generated setter for class com.facebook.react.views.swiperefresh.SwipeRefreshLayoutManager
03-22 11:36:10.983  6964  7182 W unknown:ViewManagerPropertyUpdater: Could not find generated setter for class com.facebook.react.views.text.frescosupport.FrescoBasedReactTextInlineImageViewManager
03-22 11:36:10.983  6964  7182 W unknown:ViewManagerPropertyUpdater: Could not find generated setter for class com.facebook.react.views.text.frescosupport.FrescoBasedReactTextInlineImageShadowNode
03-22 11:36:10.985  6964  7182 W unknown:ViewManagerPropertyUpdater: Could not find generated setter for class com.facebook.react.views.image.ReactImageManager
03-22 11:36:10.987  6964  7182 W unknown:ViewManagerPropertyUpdater: Could not find generated setter for class com.facebook.react.views.modal.ReactModalHostManager
03-22 11:36:10.988  6964  7182 W unknown:ViewManagerPropertyUpdater: Could not find generated setter for class com.facebook.react.views.modal.ModalHostShadowNode
03-22 11:36:10.988  6964  7182 W unknown:ViewManagerPropertyUpdater: Could not find generated setter for class com.facebook.react.views.text.ReactRawTextManager
03-22 11:36:10.989  6964  7182 W unknown:ViewManagerPropertyUpdater: Could not find generated setter for class com.facebook.react.views.text.ReactRawTextShadowNode
03-22 11:36:10.990  6964  7182 W unknown:ViewManagerPropertyUpdater: Could not find generated setter for class com.facebook.react.views.textinput.ReactTextInputManager
03-22 11:36:10.993  6964  7182 W unknown:ViewManagerPropertyUpdater: Could not find generated setter for class com.facebook.react.views.textinput.ReactTextInputShadowNode
03-22 11:36:10.995  6964  7182 W unknown:ViewManagerPropertyUpdater: Could not find generated setter for class com.facebook.react.views.text.ReactTextViewManager
03-22 11:36:10.997  6964  7182 W unknown:ViewManagerPropertyUpdater: Could not find generated setter for class com.facebook.react.views.text.ReactTextShadowNode
03-22 11:36:10.998  6964  7182 W unknown:ViewManagerPropertyUpdater: Could not find generated setter for class com.facebook.react.views.view.ReactViewManager
03-22 11:36:11.000  6964  7182 W unknown:ViewManagerPropertyUpdater: Could not find generated setter for class com.facebook.react.views.text.ReactVirtualTextViewManager
03-22 11:36:11.001  6964  7182 W unknown:ViewManagerPropertyUpdater: Could not find generated setter for class com.facebook.react.views.text.ReactVirtualTextShadowNode
03-22 11:36:11.002  6964  7182 W unknown:ViewManagerPropertyUpdater: Could not find generated setter for class com.facebook.react.views.unimplementedview.ReactUnimplementedViewManager
03-22 11:36:11.011  6964  7182 W unknown:ReactContext: initializeMessageQueueThreads() is called.
03-22 11:36:11.013  6964  7182 D SoLoader: About to load: libyoga.so
03-22 11:36:11.014  6964  7182 D SoLoader: libyoga.so not found on /data/data/com.detoxsample/lib-main
03-22 11:36:11.014  6964  7182 D SoLoader: libyoga.so found on /data/app/~~odsigeT21sPvet24OfuQeg==/com.detoxsample-RC3irmETzM3tDIhKH6Subg==/lib/arm64
03-22 11:36:11.014  6964  7182 D SoLoader: Not resolving dependencies for libyoga.so
03-22 11:36:11.015  6964  7182 D SoLoader: Loaded: libyoga.so
03-22 11:36:11.025  6964  6964 I DetoxRNLoading: Got new RN-context async'ly through listener
03-22 11:36:11.026  6964  7173 I DetoxRNIdleRes: Setting up Espresso Idling Resources for React Native
03-22 11:36:11.049  6964  7173 D AsyncStorageIR: Checking whether a custom IR for Async-Storage is required... (legacy=false)
03-22 11:36:11.049  6964  7173 D DetoxRNHelpers: Native RN module resolution (class com.reactnativecommunity.asyncstorage.AsyncStorageModule): no such class
03-22 11:36:11.049  6964  7173 D AsyncStorageIR: Checking whether a custom IR for Async-Storage is required... (legacy=true)
03-22 11:36:11.051  6964  7173 D AsyncStorageIR: IR for Async-Storage is required! (legacy=true)
03-22 11:36:11.056  6964  6964 D AsyncStorageIRLegacy: Async-storage is busy!
03-22 11:36:11.063  6964  7182 I flipper : flipper: FlipperClient::addPlugin Fresco
03-22 11:36:11.064  6964  7182 W com.detoxsampl: Accessing hidden method Landroid/os/MessageQueue;->next()Landroid/os/Message; (greylist, reflection, allowed)
03-22 11:36:11.064  6964  7182 W com.detoxsampl: Accessing hidden field Landroid/os/MessageQueue;->mMessages:Landroid/os/Message; (greylist, reflection, allowed)
03-22 11:36:11.064  6964  7182 W com.detoxsampl: Accessing hidden method Landroid/os/Message;->recycleUnchecked()V (greylist, reflection, allowed)
03-22 11:36:11.069  6964  7173 I DetoxDispatcher: Done with action '_init'
03-22 11:36:11.069  6964  7173 I DetoxDispatcher: Handling action 'isReady' (ID #-1000)...
03-22 11:36:11.096  6964  7180 D SoLoader: About to load: libreactnativeblob.so
03-22 11:36:11.097  6964  7180 D SoLoader: libreactnativeblob.so not found on /data/data/com.detoxsample/lib-main
03-22 11:36:11.097  6964  7180 D SoLoader: libreactnativeblob.so found on /data/app/~~odsigeT21sPvet24OfuQeg==/com.detoxsample-RC3irmETzM3tDIhKH6Subg==/lib/arm64
03-22 11:36:11.097  6964  7180 D SoLoader: Not resolving dependencies for libreactnativeblob.so
03-22 11:36:11.098  6964  7180 D SoLoader: Loaded: libreactnativeblob.so
03-22 11:36:11.130  6964  7182 I WebViewFactory: Loading com.google.android.webview version 99.0.4844.58 (code 484405833)
03-22 11:36:11.151  6964  7182 W com.detoxsampl: Accessing hidden method Landroid/os/Trace;->isTagEnabled(J)Z (greylist, reflection, allowed)
03-22 11:36:11.151  6964  7182 W com.detoxsampl: Accessing hidden method Landroid/os/Trace;->traceBegin(JLjava/lang/String;)V (greylist, reflection, allowed)
03-22 11:36:11.151  6964  7182 W com.detoxsampl: Accessing hidden method Landroid/os/Trace;->traceEnd(J)V (greylist, reflection, allowed)
03-22 11:36:11.151  6964  7182 W com.detoxsampl: Accessing hidden method Landroid/os/Trace;->asyncTraceBegin(JLjava/lang/String;I)V (greylist, reflection, allowed)
03-22 11:36:11.151  6964  7182 W com.detoxsampl: Accessing hidden method Landroid/os/Trace;->asyncTraceEnd(JLjava/lang/String;I)V (greylist, reflection, allowed)
03-22 11:36:11.155  6964  7182 I cr_WVCFactoryProvider: Loaded version=99.0.4844.58 minSdkVersion=29 isBundle=true multiprocess=true packageId=3
03-22 11:36:11.175  6964  7182 I cr_LibraryLoader: Successfully loaded native library
03-22 11:36:11.175  6964  7182 I cr_CachingUmaRecorder: Flushed 8 samples from 8 histograms.
03-22 11:36:11.275  6964  7180 I ReactNativeJS: Running "DetoxSample" with {"rootTag":1}
03-22 11:36:11.439  6964  6964 W com.detoxsampl: Accessing hidden field Landroid/widget/ScrollView;->mScroller:Landroid/widget/OverScroller; (greylist, reflection, allowed)
03-22 11:36:11.468  6964  6964 I Detox   : Wait is over: app is now idle!
03-22 11:36:11.469  6964  7173 I DetoxWSClient: Sending out action 'ready' (ID #-1000)
03-22 11:36:11.469  6964  7173 I DetoxDispatcher: Done with action 'isReady'
03-22 11:36:11.469  6964  7173 I DetoxDispatcher: Handling action 'loginSuccess' (ID #0)...
03-22 11:36:11.469  6964  7173 I DetoxDispatcher: Done with action 'loginSuccess'
03-22 11:36:11.469  6964  7173 I DetoxDispatcher: Handling action 'isReady' (ID #-1000)...
03-22 11:36:11.482  6964  6964 I Detox   : Wait is over: app is now idle!
03-22 11:36:11.482  6964  7173 I DetoxWSClient: Sending out action 'ready' (ID #-1000)
03-22 11:36:11.483  6964  7173 I DetoxDispatcher: Done with action 'isReady'
