--------- beginning of main
03-22 01:25:46.859 15731 15843 I DetoxWSClient: Sending out action 'invokeResult' (ID #1)
03-22 01:25:46.859 15731 15843 I DetoxDispatcher: Done with action 'invoke'
03-22 01:25:46.874 15731 15847 D DetoxWSClient: Received action 'invoke' (ID #2, params={"target":{"type":"Class","value":"com.wix.detox.espresso.DetoxAssertion"},"method":"assertMatcher","args":[{"type":"Invocation","value":{"target":{"type":"Class","value":"androidx.test.espresso.Espresso"},"method":"onView","args":[{"type":"Invocation","value":{"target":{"type":"Class","value":"com.wix.detox.espresso.DetoxMatcher"},"method":"matcherForText","args":["Status changes"]}}]}},{"type":"Invocation","value":{"target":{"type":"Class","value":"com.wix.detox.espresso.DetoxMatcher"},"method":"matcherForSufficientlyVisible","args":[{"type":"Integer","value":75}]}}]})
03-22 01:25:46.875 15731 15843 I DetoxDispatcher: Handling action 'invoke' (ID #2)...
03-22 01:25:46.875 15731 15843 D Detox   : class com.wix.detox.espresso.DetoxMatcher, matcherForText, [Status changes]
03-22 01:25:46.876 15731 15843 D Detox   : class androidx.test.espresso.Espresso, onView, [(an instance of android.widget.TextView and view.getText() with or without transformation to match: is "Status changes" and view has effective visibility <VISIBLE>)]
03-22 01:25:46.877 15731 15843 D Detox   : class com.wix.detox.espresso.DetoxMatcher, matcherForSufficientlyVisible, [75]
03-22 01:25:46.877 15731 15843 D Detox   : class com.wix.detox.espresso.DetoxAssertion, assertMatcher, [androidx.test.espresso.ViewInteraction@7dfc39e, (view has effective visibility <VISIBLE> and view.getGlobalVisibleRect() covers at least <75> percent of the view's area)]
03-22 01:25:46.885 15731 15731 I ViewInteraction: Checking 'MatchesViewAssertion(Detox){viewMatcher=(view has effective visibility <VISIBLE> and view.getGlobalVisibleRect() covers at least <75> percent of the view's area)}' assertion on view (an instance of android.widget.TextView and view.getText() with or without transformation to match: is "Status changes" and view has effective visibility <VISIBLE>)
03-22 01:25:46.886 15731 15843 I DetoxWSClient: Sending out action 'invokeResult' (ID #2)
03-22 01:25:46.886 15731 15843 I DetoxDispatcher: Done with action 'invoke'
03-22 01:25:46.893 15731 15847 D DetoxWSClient: Received action 'invoke' (ID #3, params={"target":{"type":"Class","value":"com.wix.detox.espresso.DetoxAssertion"},"method":"assertMatcher","args":[{"type":"Invocation","value":{"target":{"type":"Class","value":"androidx.test.espresso.Espresso"},"method":"onView","args":[{"type":"Invocation","value":{"target":{"type":"Class","value":"com.wix.detox.espresso.DetoxMatcher"},"method":"matcherForText","args":["Razorpay Initialized"]}}]}},{"type":"Invocation","value":{"target":{"type":"Class","value":"com.wix.detox.espresso.DetoxMatcher"},"method":"matcherForSufficientlyVisible","args":[{"type":"Integer","value":75}]}}]})
03-22 01:25:46.893 15731 15843 I DetoxDispatcher: Handling action 'invoke' (ID #3)...
03-22 01:25:46.894 15731 15843 D Detox   : class com.wix.detox.espresso.DetoxMatcher, matcherForText, [Razorpay Initialized]
03-22 01:25:46.894 15731 15843 D Detox   : class androidx.test.espresso.Espresso, onView, [(an instance of android.widget.TextView and view.getText() with or without transformation to match: is "Razorpay Initialized" and view has effective visibility <VISIBLE>)]
03-22 01:25:46.894 15731 15843 D Detox   : class com.wix.detox.espresso.DetoxMatcher, matcherForSufficientlyVisible, [75]
03-22 01:25:46.895 15731 15843 D Detox   : class com.wix.detox.espresso.DetoxAssertion, assertMatcher, [androidx.test.espresso.ViewInteraction@2149e7f, (view has effective visibility <VISIBLE> and view.getGlobalVisibleRect() covers at least <75> percent of the view's area)]
03-22 01:25:46.898 15731 15731 I ViewInteraction: Checking 'MatchesViewAssertion(Detox){viewMatcher=(view has effective visibility <VISIBLE> and view.getGlobalVisibleRect() covers at least <75> percent of the view's area)}' assertion on view (an instance of android.widget.TextView and view.getText() with or without transformation to match: is "Razorpay Initialized" and view has effective visibility <VISIBLE>)
03-22 01:25:46.899 15731 15843 I DetoxWSClient: Sending out action 'invokeResult' (ID #3)
03-22 01:25:46.900 15731 15843 I DetoxDispatcher: Done with action 'invoke'
03-22 01:25:47.004 15731 15847 D DetoxWSClient: Received action 'invoke' (ID #4, params={"target":{"type":"Class","value":"com.wix.detox.espresso.EspressoDetox"},"method":"perform","args":[{"type":"Invocation","value":{"target":{"type":"Class","value":"androidx.test.espresso.Espresso"},"method":"onView","args":[{"type":"Invocation","value":{"target":{"type":"Class","value":"com.wix.detox.espresso.DetoxMatcher"},"method":"matcherForTestId","args":["isValidVpa-pass"]}}]}},{"type":"Invocation","value":{"target":{"type":"Class","value":"com.wix.detox.espresso.DetoxViewActions"},"method":"click","args":[]}}]})
03-22 01:25:47.005 15731 15843 I DetoxDispatcher: Handling action 'invoke' (ID #4)...
03-22 01:25:47.005 15731 15843 D Detox   : class com.wix.detox.espresso.DetoxMatcher, matcherForTestId, [isValidVpa-pass]
03-22 01:25:47.006 15731 15843 D Detox   : class androidx.test.espresso.Espresso, onView, [(view.getTag() is "isValidVpa-pass" and view has effective visibility <VISIBLE>)]
03-22 01:25:47.006 15731 15843 D Detox   : class com.wix.detox.espresso.DetoxViewActions, click, []
03-22 01:25:47.007 15731 15843 D Detox   : class com.wix.detox.espresso.EspressoDetox, perform, [androidx.test.espresso.ViewInteraction@4c5e4c, com.wix.detox.espresso.action.RNClickAction@77e95]
03-22 01:25:47.014 15731 15731 I ViewInteraction: Performing 'com.wix.detox.espresso.action.detoxsingletap@8007baa click' action on view (view.getTag() is "isValidVpa-pass" and view has effective visibility <VISIBLE>)
--------- beginning of system
03-22 01:25:47.017 15731 15731 I ViewRootImpl: ViewRoot's Touch Event : ACTION_DOWN
03-22 01:25:47.055 15731 15731 I ViewRootImpl: ViewRoot's Touch Event : ACTION_UP
03-22 01:25:47.069 15731 15731 I Detox   : UIManagerModule is busy
03-22 01:25:48.283 15731 15843 I DetoxWSClient: Sending out action 'invokeResult' (ID #4)
03-22 01:25:48.284 15731 15843 I DetoxDispatcher: Done with action 'invoke'
03-22 01:25:48.293 15731 15847 D DetoxWSClient: Received action 'invoke' (ID #5, params={"target":{"type":"Class","value":"com.wix.detox.espresso.DetoxAssertion"},"method":"assertMatcher","args":[{"type":"Invocation","value":{"target":{"type":"Class","value":"androidx.test.espresso.Espresso"},"method":"onView","args":[{"type":"Invocation","value":{"target":{"type":"Class","value":"com.wix.detox.espresso.DetoxMatcher"},"method":"matcherForText","args":["Status changes"]}}]}},{"type":"Invocation","value":{"target":{"type":"Class","value":"com.wix.detox.espresso.DetoxMatcher"},"method":"matcherForSufficientlyVisible","args":[{"type":"Integer","value":75}]}}]})
03-22 01:25:48.294 15731 15843 I DetoxDispatcher: Handling action 'invoke' (ID #5)...
03-22 01:25:48.295 15731 15843 D Detox   : class com.wix.detox.espresso.DetoxMatcher, matcherForText, [Status changes]
03-22 01:25:48.296 15731 15843 D Detox   : class androidx.test.espresso.Espresso, onView, [(an instance of android.widget.TextView and view.getText() with or without transformation to match: is "Status changes" and view has effective visibility <VISIBLE>)]
03-22 01:25:48.297 15731 15843 D Detox   : class com.wix.detox.espresso.DetoxMatcher, matcherForSufficientlyVisible, [75]
03-22 01:25:48.298 15731 15843 D Detox   : class com.wix.detox.espresso.DetoxAssertion, assertMatcher, [androidx.test.espresso.ViewInteraction@b86c3b2, (view has effective visibility <VISIBLE> and view.getGlobalVisibleRect() covers at least <75> percent of the view's area)]
03-22 01:25:48.306 15731 15731 I ViewInteraction: Checking 'MatchesViewAssertion(Detox){viewMatcher=(view has effective visibility <VISIBLE> and view.getGlobalVisibleRect() covers at least <75> percent of the view's area)}' assertion on view (an instance of android.widget.TextView and view.getText() with or without transformation to match: is "Status changes" and view has effective visibility <VISIBLE>)
03-22 01:25:48.309 15731 15843 I DetoxWSClient: Sending out action 'invokeResult' (ID #5)
03-22 01:25:48.309 15731 15843 I DetoxDispatcher: Done with action 'invoke'
