--------- beginning of main
03-22 18:36:24.012 18669 18669 I Detox   : AnimatedModule is busy.
03-22 18:36:24.028 18669 18669 I Detox   : AnimatedModule is busy.
03-22 18:36:24.045 18669 18669 I Detox   : AnimatedModule is busy.
03-22 18:36:24.062 18669 18669 I Detox   : AnimatedModule is busy.
03-22 18:36:24.078 18669 18669 I Detox   : AnimatedModule is busy.
03-22 18:36:24.096 18669 18669 I Detox   : AnimatedModule is busy.
03-22 18:36:24.099 18669 18730 D EGL_emulation: app_time_stats: avg=15.36ms min=2.36ms max=36.45ms count=60
03-22 18:36:24.497 18669 18742 I DetoxWSClient: Sending out action 'invokeResult' (ID #16)
03-22 18:36:24.498 18669 18742 I DetoxDispatcher: Done with action 'invoke'
03-22 18:36:24.555 18669 18744 D DetoxWSClient: Received action 'invoke' (ID #17, params={"target":{"type":"Class","value":"com.wix.detox.espresso.EspressoDetox"},"method":"perform","args":[{"type":"Invocation","value":{"target":{"type":"Class","value":"androidx.test.espresso.Espresso"},"method":"onView","args":[{"type":"Invocation","value":{"target":{"type":"Class","value":"com.wix.detox.espresso.DetoxMatcher"},"method":"matcherForTestId","args":["upiCollect"]}}]}},{"type":"Invocation","value":{"target":{"type":"Class","value":"com.wix.detox.espresso.DetoxViewActions"},"method":"click","args":[]}}]})
03-22 18:36:24.555 18669 18742 I DetoxDispatcher: Handling action 'invoke' (ID #17)...
03-22 18:36:24.556 18669 18742 D Detox   : class com.wix.detox.espresso.DetoxMatcher, matcherForTestId, [upiCollect]
03-22 18:36:24.556 18669 18742 D Detox   : class androidx.test.espresso.Espresso, onView, [(view.getTag() is "upiCollect" and view has effective visibility <VISIBLE>)]
03-22 18:36:24.556 18669 18742 D Detox   : class com.wix.detox.espresso.DetoxViewActions, click, []
03-22 18:36:24.557 18669 18742 D Detox   : class com.wix.detox.espresso.EspressoDetox, perform, [androidx.test.espresso.ViewInteraction@801a6d0, com.wix.detox.espresso.action.RNClickAction@e6796c9]
03-22 18:36:24.564 18669 18669 I ViewInteraction: Performing 'com.wix.detox.espresso.action.detoxsingletap@a82a1ce click' action on view (view.getTag() is "upiCollect" and view has effective visibility <VISIBLE>)
03-22 18:36:24.607 18669 18669 I Detox   : UIManagerModule is busy
03-22 18:36:24.620 18669 18747 I ReactNativeJS: false
03-22 18:36:24.733 18669 18669 I Detox   : AnimatedModule is busy.
03-22 18:36:24.746 18669 18669 I Detox   : AnimatedModule is busy.
03-22 18:36:24.763 18669 18669 I Detox   : AnimatedModule is busy.
03-22 18:36:24.779 18669 18669 I Detox   : AnimatedModule is busy.
03-22 18:36:24.795 18669 18669 I Detox   : AnimatedModule is busy.
03-22 18:36:24.812 18669 18669 I Detox   : AnimatedModule is busy.
03-22 18:36:24.828 18669 18669 I Detox   : AnimatedModule is busy.
03-22 18:36:24.845 18669 18669 I Detox   : AnimatedModule is busy.
03-22 18:36:24.862 18669 18669 I Detox   : AnimatedModule is busy.
03-22 18:36:24.880 18669 18669 I Detox   : AnimatedModule is busy.
03-22 18:36:24.895 18669 18669 I Detox   : AnimatedModule is busy.
03-22 18:36:24.911 18669 18669 I Detox   : AnimatedModule is busy.
03-22 18:36:24.929 18669 18669 I Detox   : AnimatedModule is busy.
03-22 18:36:25.326 18669 18742 I DetoxWSClient: Sending out action 'invokeResult' (ID #17)
03-22 18:36:25.327 18669 18742 I DetoxDispatcher: Done with action 'invoke'
03-22 18:36:25.333 18669 18744 D DetoxWSClient: Received action 'invoke' (ID #18, params={"target":{"type":"Class","value":"com.wix.detox.espresso.EspressoDetox"},"method":"perform","args":[{"type":"Invocation","value":{"target":{"type":"Class","value":"androidx.test.espresso.Espresso"},"method":"onView","args":[{"type":"Invocation","value":{"target":{"type":"Class","value":"com.wix.detox.espresso.DetoxMatcher"},"method":"matcherForTestId","args":["vpaAddress"]}}]}},{"type":"Invocation","value":{"target":{"type":"Class","value":"androidx.test.espresso.action.ViewActions"},"method":"replaceText","args":["rohan@paytm"]}}]})
03-22 18:36:25.334 18669 18742 I DetoxDispatcher: Handling action 'invoke' (ID #18)...
03-22 18:36:25.334 18669 18742 D Detox   : class com.wix.detox.espresso.DetoxMatcher, matcherForTestId, [vpaAddress]
03-22 18:36:25.335 18669 18742 D Detox   : class androidx.test.espresso.Espresso, onView, [(view.getTag() is "vpaAddress" and view has effective visibility <VISIBLE>)]
03-22 18:36:25.336 18669 18742 D Detox   : class androidx.test.espresso.action.ViewActions, replaceText, [rohan@paytm]
03-22 18:36:25.336 18669 18742 D Detox   : class com.wix.detox.espresso.EspressoDetox, perform, [androidx.test.espresso.ViewInteraction@3b476e2, androidx.test.espresso.action.ReplaceTextAction@4dbaa73]
03-22 18:36:25.341 18669 18669 I ViewInteraction: Performing 'replace text(rohan@paytm)' action on view (view.getTag() is "vpaAddress" and view has effective visibility <VISIBLE>)
03-22 18:36:25.347 18669 18742 I DetoxWSClient: Sending out action 'invokeResult' (ID #18)
03-22 18:36:25.347 18669 18742 I DetoxDispatcher: Done with action 'invoke'
03-22 18:36:25.352 18669 18744 D DetoxWSClient: Received action 'invoke' (ID #19, params={"target":{"type":"Class","value":"com.wix.detox.espresso.EspressoDetox"},"method":"perform","args":[{"type":"Invocation","value":{"target":{"type":"Class","value":"androidx.test.espresso.Espresso"},"method":"onView","args":[{"type":"Invocation","value":{"target":{"type":"Class","value":"com.wix.detox.espresso.DetoxMatcher"},"method":"matcherForText","args":["PAY WITH UPI COLLECT"]}}]}},{"type":"Invocation","value":{"target":{"type":"Class","value":"com.wix.detox.espresso.DetoxViewActions"},"method":"click","args":[]}}]})
03-22 18:36:25.358 18669 18730 D EGL_emulation: app_time_stats: avg=56.55ms min=2.28ms max=503.22ms count=19
03-22 18:36:25.360 18669 18742 I DetoxDispatcher: Handling action 'invoke' (ID #19)...
03-22 18:36:25.360 18669 18742 D Detox   : class com.wix.detox.espresso.DetoxMatcher, matcherForText, [PAY WITH UPI COLLECT]
03-22 18:36:25.361 18669 18742 D Detox   : class androidx.test.espresso.Espresso, onView, [(an instance of android.widget.TextView and view.getText() with or without transformation to match: is "PAY WITH UPI COLLECT" and view has effective visibility <VISIBLE>)]
03-22 18:36:25.362 18669 18742 D Detox   : class com.wix.detox.espresso.DetoxViewActions, click, []
03-22 18:36:25.362 18669 18742 D Detox   : class com.wix.detox.espresso.EspressoDetox, perform, [androidx.test.espresso.ViewInteraction@1a71f2e, com.wix.detox.espresso.action.RNClickAction@b3c7acf]
03-22 18:36:25.382 18669 18669 I Detox   : UIManagerModule is busy
03-22 18:36:25.397 18669 18669 I Detox   : UIManagerModule is busy
03-22 18:36:25.417 18669 18669 I ViewInteraction: Performing 'com.wix.detox.espresso.action.detoxsingletap@492e8e1 click' action on view (an instance of android.widget.TextView and view.getText() with or without transformation to match: is "PAY WITH UPI COLLECT" and view has effective visibility <VISIBLE>)
03-22 18:36:25.471 18669 18669 I Detox   : UIManagerModule is busy
03-22 18:36:26.070 18669 18747 I ReactNativeJS: gettin ghere
03-22 18:36:26.073 18669 18747 I ReactNativeJS: here
03-22 18:36:26.073 18669 18747 I ReactNativeJS: here
03-22 18:36:26.087 18669 18748 D here    : getting here success
03-22 18:36:26.129 18669 18669 D LifecycleMonitor: Lifecycle status change: com.detoxsample.MainActivity@95c1cf5 in: PAUSED
03-22 18:36:26.143 18669 18669 D LifecycleMonitor: Lifecycle status change: com.razorpay.rn.RazorpayPaymentActivity@d6f8caf in: PRE_ON_CREATE
03-22 18:36:26.202 18669 18669 E com.razorpay.checkout: GooglePay library not included
03-22 18:36:26.242 18669 18808 W com.detoxsampl: Accessing hidden method Landroid/media/AudioManager;->getOutputLatency(I)I (unsupported, reflection, allowed)
03-22 18:36:26.257 18669 18893 D HostConnection: createUnique: call
03-22 18:36:26.257 18669 18893 D HostConnection: HostConnection::get() New Host Connection established 0x73a0edf1c390, tid 18893
03-22 18:36:26.260 18669 18808 W cr_media: Requires BLUETOOTH permission
03-22 18:36:26.263 18669 18669 D LifecycleMonitor: Lifecycle status change: com.razorpay.rn.RazorpayPaymentActivity@d6f8caf in: CREATED
03-22 18:36:26.266 18669 18669 D LifecycleMonitor: Lifecycle status change: com.razorpay.rn.RazorpayPaymentActivity@d6f8caf in: STARTED
03-22 18:36:26.267 18669 18893 D HostConnection: HostComposition ext ANDROID_EMU_CHECKSUM_HELPER_v1 ANDROID_EMU_native_sync_v2 ANDROID_EMU_native_sync_v3 ANDROID_EMU_native_sync_v4 ANDROID_EMU_dma_v1 ANDROID_EMU_direct_mem ANDROID_EMU_host_composition_v1 ANDROID_EMU_host_composition_v2 ANDROID_EMU_YUV_Cache ANDROID_EMU_async_unmap_buffer ANDROID_EMU_has_shared_slots_host_memory_allocator ANDROID_EMU_sync_buffer_data GL_OES_EGL_image_external_essl3 GL_OES_vertex_array_object GL_KHR_texture_compression_astc_ldr ANDROID_EMU_host_side_tracing ANDROID_EMU_async_frame_commands ANDROID_EMU_gles_max_version_3_0 
03-22 18:36:26.271 18669 18669 D LifecycleMonitor: Lifecycle status change: com.razorpay.rn.RazorpayPaymentActivity@d6f8caf in: RESUMED
03-22 18:36:26.271 18669 18893 D EGL_emulation: eglCreateContext: 0x73a0edf138d0: maj 3 min 0 rcv 3
03-22 18:36:26.271 18669 18893 D EGL_emulation: eglMakeCurrent: 0x73a0edf138d0: ver 3 0 (tinfo 0x73a3073d2100) (first time)
03-22 18:36:26.301 18669 18893 D EGL_emulation: eglCreateContext: 0x73a0edf138d0: maj 3 min 0 rcv 3
03-22 18:36:26.380 18669 18730 D EGL_emulation: app_time_stats: avg=17.76ms min=10.01ms max=51.18ms count=57
03-22 18:36:26.420 18669 18893 D EGL_emulation: eglCreateContext: 0x73a0edf12a90: maj 3 min 0 rcv 3
03-22 18:36:26.896 18669 18669 D LifecycleMonitor: Lifecycle status change: com.detoxsample.MainActivity@95c1cf5 in: STOPPED
03-22 18:36:27.011 18669 18742 I DetoxWSClient: Sending out action 'invokeResult' (ID #19)
03-22 18:36:27.011 18669 18742 I DetoxDispatcher: Done with action 'invoke'
03-22 18:36:27.021 18669 18744 D DetoxWSClient: Received action 'invoke' (ID #20, params={"target":{"type":"Class","value":"com.wix.detox.espresso.DetoxAssertion"},"method":"assertMatcher","args":[{"type":"Invocation","value":{"target":{"type":"Class","value":"androidx.test.espresso.Espresso"},"method":"onView","args":[{"type":"Invocation","value":{"target":{"type":"Class","value":"com.wix.detox.espresso.DetoxMatcher"},"method":"matcherForText","args":["VPA Validity : true"]}}]}},{"type":"Invocation","value":{"target":{"type":"Class","value":"com.wix.detox.espresso.DetoxMatcher"},"method":"matcherForSufficientlyVisible","args":[{"type":"Integer","value":75}]}}]})
03-22 18:36:27.022 18669 18742 I DetoxDispatcher: Handling action 'invoke' (ID #20)...
03-22 18:36:27.024 18669 18742 D Detox   : class com.wix.detox.espresso.DetoxMatcher, matcherForText, [VPA Validity : true]
03-22 18:36:27.024 18669 18742 D Detox   : class androidx.test.espresso.Espresso, onView, [(an instance of android.widget.TextView and view.getText() with or without transformation to match: is "VPA Validity : true" and view has effective visibility <VISIBLE>)]
03-22 18:36:27.025 18669 18742 D Detox   : class com.wix.detox.espresso.DetoxMatcher, matcherForSufficientlyVisible, [75]
03-22 18:36:27.028 18669 18742 D Detox   : class com.wix.detox.espresso.DetoxAssertion, assertMatcher, [androidx.test.espresso.ViewInteraction@4c874bd, (view has effective visibility <VISIBLE> and view.getGlobalVisibleRect() covers at least <75> percent of the view's area)]
03-22 18:36:27.073 18669 18669 I ViewInteraction: Checking 'MatchesViewAssertion(Detox){viewMatcher=(view has effective visibility <VISIBLE> and view.getGlobalVisibleRect() covers at least <75> percent of the view's area)}' assertion on view (an instance of android.widget.TextView and view.getText() with or without transformation to match: is "VPA Validity : true" and view has effective visibility <VISIBLE>)
03-22 18:36:27.077 18669 18742 I DetoxActionHandlers: Test exception
03-22 18:36:27.077 18669 18742 I DetoxActionHandlers: java.lang.reflect.InvocationTargetException
03-22 18:36:27.077 18669 18742 I DetoxActionHandlers: 	at java.lang.reflect.Method.invoke(Native Method)
03-22 18:36:27.077 18669 18742 I DetoxActionHandlers: 	at org.apache.commons.lang3.reflect.MethodUtils.invokeStaticMethod(MethodUtils.java:443)
03-22 18:36:27.077 18669 18742 I DetoxActionHandlers: 	at org.apache.commons.lang3.reflect.MethodUtils.invokeStaticMethod(MethodUtils.java:405)
03-22 18:36:27.077 18669 18742 I DetoxActionHandlers: 	at com.wix.invoke.types.ClassTarget.execute(ClassTarget.java:23)
03-22 18:36:27.077 18669 18742 I DetoxActionHandlers: 	at com.wix.invoke.types.Target.invoke(Target.java:59)
03-22 18:36:27.077 18669 18742 I DetoxActionHandlers: 	at com.wix.invoke.MethodInvocation.invoke(MethodInvocation.java:35)
03-22 18:36:27.077 18669 18742 I DetoxActionHandlers: 	at com.wix.invoke.MethodInvocation.invoke(MethodInvocation.java:26)
03-22 18:36:27.077 18669 18742 I DetoxActionHandlers: 	at com.wix.invoke.MethodInvocation.invoke(MethodInvocation.java:20)
03-22 18:36:27.077 18669 18742 I DetoxActionHandlers: 	at com.wix.detox.adapters.server.InvokeActionHandler.handle(DetoxActionHandlers.kt:54)
03-22 18:36:27.077 18669 18742 I DetoxActionHandlers: 	at com.wix.detox.adapters.server.ActionsExecutor$executeAction$$inlined$let$lambda$1.run(DetoxActionsDispatcher.kt:64)
03-22 18:36:27.077 18669 18742 I DetoxActionHandlers: 	at android.os.Handler.handleCallback(Handler.java:938)
03-22 18:36:27.077 18669 18742 I DetoxActionHandlers: 	at android.os.Handler.dispatchMessage(Handler.java:99)
03-22 18:36:27.077 18669 18742 I DetoxActionHandlers: 	at android.os.Looper.loopOnce(Looper.java:201)
03-22 18:36:27.077 18669 18742 I DetoxActionHandlers: 	at android.os.Looper.loop(Looper.java:288)
03-22 18:36:27.077 18669 18742 I DetoxActionHandlers: 	at com.wix.detox.adapters.server.ActionsExecutor$1.run(DetoxActionsDispatcher.kt:50)
03-22 18:36:27.077 18669 18742 I DetoxActionHandlers: 	at java.lang.Thread.run(Thread.java:920)
03-22 18:36:27.077 18669 18742 I DetoxActionHandlers: Caused by: androidx.test.espresso.base.DefaultFailureHandler$AssertionFailedWithCauseError: '(view has effective visibility <VISIBLE> and view.getGlobalVisibleRect() covers at least <75> percent of the view's area)' doesn't match the selected view.
03-22 18:36:27.077 18669 18742 I DetoxActionHandlers: Expected: (view has effective visibility <VISIBLE> and view.getGlobalVisibleRect() covers at least <75> percent of the view's area)
03-22 18:36:27.077 18669 18742 I DetoxActionHandlers:      Got: was null
03-22 18:36:27.077 18669 18742 I DetoxActionHandlers: 
03-22 18:36:27.077 18669 18742 I DetoxActionHandlers: 	at dalvik.system.VMStack.getThreadStackTrace(Native Method)
03-22 18:36:27.077 18669 18742 I DetoxActionHandlers: 	at java.lang.Thread.getStackTrace(Thread.java:1724)
03-22 18:36:27.077 18669 18742 I DetoxActionHandlers: 	at androidx.test.espresso.base.DefaultFailureHandler.getUserFriendlyError(DefaultFailureHandler.java:12)
03-22 18:36:27.077 18669 18742 I DetoxActionHandlers: 	at androidx.test.espresso.base.DefaultFailureHandler.handle(DefaultFailureHandler.java:7)
03-22 18:36:27.077 18669 18742 I DetoxActionHandlers: 	at androidx.test.espresso.ViewInteraction.waitForAndHandleInteractionResults(ViewInteraction.java:5)
03-22 18:36:27.077 18669 18742 I DetoxActionHandlers: 	at androidx.test.espresso.ViewInteraction.check(ViewInteraction.java:12)
03-22 18:36:27.077 18669 18742 I DetoxActionHandlers: 	at com.wix.detox.espresso.DetoxAssertion.assertMatcher(DetoxAssertion.java:32)
03-22 18:36:27.077 18669 18742 I DetoxActionHandlers: 	... 16 more
03-22 18:36:27.077 18669 18742 I DetoxActionHandlers: Caused by: junit.framework.AssertionFailedError: '(view has effective visibility <VISIBLE> and view.getGlobalVisibleRect() covers at least <75> percent of the view's area)' doesn't match the selected view.
03-22 18:36:27.077 18669 18742 I DetoxActionHandlers: Expected: (view has effective visibility <VISIBLE> and view.getGlobalVisibleRect() covers at least <75> percent of the view's area)
03-22 18:36:27.077 18669 18742 I DetoxActionHandlers:      Got: was null
03-22 18:36:27.077 18669 18742 I DetoxActionHandlers: 
03-22 18:36:27.077 18669 18742 I DetoxActionHandlers: 	at androidx.test.espresso.matcher.ViewMatchers.assertThat(ViewMatchers.java:16)
03-22 18:36:27.077 18669 18742 I DetoxActionHandlers: 	at com.wix.detox.espresso.assertion.ViewAssertions$MatchesViewAssertion.check(ViewAssertions.java:52)
03-22 18:36:27.077 18669 18742 I DetoxActionHandlers: 	at androidx.test.espresso.ViewInteraction$SingleExecutionViewAssertion.check(ViewInteraction.java:2)
03-22 18:36:27.077 18669 18742 I DetoxActionHandlers: 	at androidx.test.espresso.ViewInteraction$2.call(ViewInteraction.java:12)
03-22 18:36:27.077 18669 18742 I DetoxActionHandlers: 	at androidx.test.espresso.ViewInteraction$2.call(ViewInteraction.java:1)
03-22 18:36:27.077 18669 18742 I DetoxActionHandlers: 	at java.util.concurrent.FutureTask.run(FutureTask.java:266)
03-22 18:36:27.077 18669 18742 I DetoxActionHandlers: 	at android.os.Handler.handleCallback(Handler.java:938)
03-22 18:36:27.077 18669 18742 I DetoxActionHandlers: 	at android.os.Handler.dispatchMessage(Handler.java:99)
03-22 18:36:27.077 18669 18742 I DetoxActionHandlers: 	at android.os.Looper.loopOnce(Looper.java:201)
03-22 18:36:27.077 18669 18742 I DetoxActionHandlers: 	at android.os.Looper.loop(Looper.java:288)
03-22 18:36:27.077 18669 18742 I DetoxActionHandlers: 	at android.app.ActivityThread.main(ActivityThread.java:7842)
03-22 18:36:27.077 18669 18742 I DetoxActionHandlers: 	at java.lang.reflect.Method.invoke(Native Method)
03-22 18:36:27.077 18669 18742 I DetoxActionHandlers: 	at com.android.internal.os.RuntimeInit$MethodAndArgsCaller.run(RuntimeInit.java:548)
03-22 18:36:27.077 18669 18742 I DetoxActionHandlers: 	at com.android.internal.os.ZygoteInit.main(ZygoteInit.java:1003)
03-22 18:36:27.078 18669 18742 I DetoxWSClient: Sending out action 'testFailed' (ID #20)
03-22 18:36:27.079 18669 18742 I DetoxDispatcher: Done with action 'invoke'
