--------- beginning of main
03-22 22:08:15.059 11863 11937 D DetoxWSClient: Received action 'invoke' (ID #3, params={"target":{"type":"Class","value":"com.wix.detox.espresso.EspressoDetox"},"method":"perform","args":[{"type":"Invocation","value":{"target":{"type":"Class","value":"androidx.test.espresso.Espresso"},"method":"onView","args":[{"type":"Invocation","value":{"target":{"type":"Class","value":"com.wix.detox.espresso.DetoxMatcher"},"method":"matcherForTestId","args":["cards"]}}]}},{"type":"Invocation","value":{"target":{"type":"Class","value":"com.wix.detox.espresso.DetoxViewActions"},"method":"click","args":[]}}]})
03-22 22:08:15.060 11863 11933 I DetoxDispatcher: Handling action 'invoke' (ID #3)...
03-22 22:08:15.060 11863 11933 D Detox   : class com.wix.detox.espresso.DetoxMatcher, matcherForTestId, [cards]
03-22 22:08:15.060 11863 11933 D Detox   : class androidx.test.espresso.Espresso, onView, [(view.getTag() is "cards" and view has effective visibility <VISIBLE>)]
03-22 22:08:15.061 11863 11933 D Detox   : class com.wix.detox.espresso.DetoxViewActions, click, []
03-22 22:08:15.061 11863 11933 D Detox   : class com.wix.detox.espresso.EspressoDetox, perform, [androidx.test.espresso.ViewInteraction@b0fd0ea, com.wix.detox.espresso.action.RNClickAction@65f6fdb]
03-22 22:08:15.069 11863 11863 I ViewInteraction: Performing 'com.wix.detox.espresso.action.detoxsingletap@9198a78 click' action on view (view.getTag() is "cards" and view has effective visibility <VISIBLE>)
03-22 22:08:15.972 11863 11933 I DetoxWSClient: Sending out action 'invokeResult' (ID #3)
03-22 22:08:15.973 11863 11933 I DetoxDispatcher: Done with action 'invoke'
03-22 22:08:15.979 11863 11937 D DetoxWSClient: Received action 'invoke' (ID #4, params={"target":{"type":"Class","value":"com.wix.detox.espresso.EspressoDetox"},"method":"perform","args":[{"type":"Invocation","value":{"target":{"type":"Class","value":"androidx.test.espresso.Espresso"},"method":"onView","args":[{"type":"Invocation","value":{"target":{"type":"Class","value":"com.wix.detox.espresso.DetoxMatcher"},"method":"matcherForTestId","args":["cardNumber"]}}]}},{"type":"Invocation","value":{"target":{"type":"Class","value":"androidx.test.espresso.action.ViewActions"},"method":"replaceText","args":["4111111111111111"]}}]})
03-22 22:08:15.979 11863 11933 I DetoxDispatcher: Handling action 'invoke' (ID #4)...
03-22 22:08:15.979 11863 11933 D Detox   : class com.wix.detox.espresso.DetoxMatcher, matcherForTestId, [cardNumber]
03-22 22:08:15.980 11863 11933 D Detox   : class androidx.test.espresso.Espresso, onView, [(view.getTag() is "cardNumber" and view has effective visibility <VISIBLE>)]
03-22 22:08:15.980 11863 11933 D Detox   : class androidx.test.espresso.action.ViewActions, replaceText, [4111111111111111]
03-22 22:08:15.981 11863 11933 D Detox   : class com.wix.detox.espresso.EspressoDetox, perform, [androidx.test.espresso.ViewInteraction@21a6637, androidx.test.espresso.action.ReplaceTextAction@5ec77a4]
03-22 22:08:15.984 11863 11863 I ViewInteraction: Performing 'replace text(4111111111111111)' action on view (view.getTag() is "cardNumber" and view has effective visibility <VISIBLE>)
03-22 22:08:15.997 11863 11933 I DetoxWSClient: Sending out action 'invokeResult' (ID #4)
03-22 22:08:15.997 11863 11933 I DetoxDispatcher: Done with action 'invoke'
03-22 22:08:16.002 11863 11937 D DetoxWSClient: Received action 'invoke' (ID #5, params={"target":{"type":"Class","value":"com.wix.detox.espresso.EspressoDetox"},"method":"perform","args":[{"type":"Invocation","value":{"target":{"type":"Class","value":"androidx.test.espresso.Espresso"},"method":"onView","args":[{"type":"Invocation","value":{"target":{"type":"Class","value":"com.wix.detox.espresso.DetoxMatcher"},"method":"matcherForText","args":["IS CARD VALID"]}}]}},{"type":"Invocation","value":{"target":{"type":"Class","value":"com.wix.detox.espresso.DetoxViewActions"},"method":"click","args":[]}}]})
03-22 22:08:16.002 11863 11933 I DetoxDispatcher: Handling action 'invoke' (ID #5)...
03-22 22:08:16.003 11863 11933 D Detox   : class com.wix.detox.espresso.DetoxMatcher, matcherForText, [IS CARD VALID]
03-22 22:08:16.004 11863 11933 D Detox   : class androidx.test.espresso.Espresso, onView, [(an instance of android.widget.TextView and view.getText() with or without transformation to match: is "IS CARD VALID" and view has effective visibility <VISIBLE>)]
03-22 22:08:16.004 11863 11933 D Detox   : class com.wix.detox.espresso.DetoxViewActions, click, []
03-22 22:08:16.004 11863 11933 D Detox   : class com.wix.detox.espresso.EspressoDetox, perform, [androidx.test.espresso.ViewInteraction@2cd3909, com.wix.detox.espresso.action.RNClickAction@eb8370e]
03-22 22:08:16.008 11863 11863 D CompatibilityChangeReporter: Compat change id reported: 163400105; UID 10200; state: DISABLED
03-22 22:08:16.013 11863 11920 D EGL_emulation: app_time_stats: avg=43.74ms min=2.02ms max=399.95ms count=26
03-22 22:08:16.013 11863 11863 I AssistStructure: Flattened final assist data: 4240 bytes, containing 1 windows, 26 views
03-22 22:08:16.037 11863 11863 I Detox   : UIManagerModule is busy
03-22 22:08:16.049 11863 11863 I Detox   : UIManagerModule is busy
03-22 22:08:16.065 11863 11863 I ViewInteraction: Performing 'com.wix.detox.espresso.action.detoxsingletap@2715f7d click' action on view (an instance of android.widget.TextView and view.getText() with or without transformation to match: is "IS CARD VALID" and view has effective visibility <VISIBLE>)
03-22 22:08:16.125 11863 11935 I ReactNativeJS: true
03-22 22:08:16.573 11863 11933 I DetoxWSClient: Sending out action 'invokeResult' (ID #5)
03-22 22:08:16.574 11863 11933 I DetoxDispatcher: Done with action 'invoke'
03-22 22:08:16.580 11863 11937 D DetoxWSClient: Received action 'invoke' (ID #6, params={"target":{"type":"Class","value":"com.wix.detox.espresso.DetoxAssertion"},"method":"assertMatcher","args":[{"type":"Invocation","value":{"target":{"type":"Class","value":"androidx.test.espresso.Espresso"},"method":"onView","args":[{"type":"Invocation","value":{"target":{"type":"Class","value":"com.wix.detox.espresso.DetoxMatcher"},"method":"matcherForText","args":["Card Validity : true"]}}]}},{"type":"Invocation","value":{"target":{"type":"Class","value":"com.wix.detox.espresso.DetoxMatcher"},"method":"matcherForSufficientlyVisible","args":[{"type":"Integer","value":75}]}}]})
03-22 22:08:16.580 11863 11933 I DetoxDispatcher: Handling action 'invoke' (ID #6)...
03-22 22:08:16.581 11863 11933 D Detox   : class com.wix.detox.espresso.DetoxMatcher, matcherForText, [Card Validity : true]
03-22 22:08:16.581 11863 11933 D Detox   : class androidx.test.espresso.Espresso, onView, [(an instance of android.widget.TextView and view.getText() with or without transformation to match: is "Card Validity : true" and view has effective visibility <VISIBLE>)]
03-22 22:08:16.581 11863 11933 D Detox   : class com.wix.detox.espresso.DetoxMatcher, matcherForSufficientlyVisible, [75]
03-22 22:08:16.582 11863 11933 D Detox   : class com.wix.detox.espresso.DetoxAssertion, assertMatcher, [androidx.test.espresso.ViewInteraction@2267fbe, (view has effective visibility <VISIBLE> and view.getGlobalVisibleRect() covers at least <75> percent of the view's area)]
03-22 22:08:16.587 11863 11863 I ViewInteraction: Checking 'MatchesViewAssertion(Detox){viewMatcher=(view has effective visibility <VISIBLE> and view.getGlobalVisibleRect() covers at least <75> percent of the view's area)}' assertion on view (an instance of android.widget.TextView and view.getText() with or without transformation to match: is "Card Validity : true" and view has effective visibility <VISIBLE>)
03-22 22:08:16.589 11863 11933 I DetoxWSClient: Sending out action 'invokeResult' (ID #6)
03-22 22:08:16.589 11863 11933 I DetoxDispatcher: Done with action 'invoke'
03-22 22:08:16.596 11863 11937 D DetoxWSClient: Received action 'invoke' (ID #7, params={"target":{"type":"Class","value":"com.wix.detox.espresso.EspressoDetox"},"method":"perform","args":[{"type":"Invocation","value":{"target":{"type":"Class","value":"androidx.test.espresso.Espresso"},"method":"onView","args":[{"type":"Invocation","value":{"target":{"type":"Class","value":"com.wix.detox.espresso.DetoxMatcher"},"method":"matcherForText","args":["GET CARD NETWORK"]}}]}},{"type":"Invocation","value":{"target":{"type":"Class","value":"com.wix.detox.espresso.DetoxViewActions"},"method":"click","args":[]}}]})
03-22 22:08:16.597 11863 11933 I DetoxDispatcher: Handling action 'invoke' (ID #7)...
03-22 22:08:16.598 11863 11933 D Detox   : class com.wix.detox.espresso.DetoxMatcher, matcherForText, [GET CARD NETWORK]
03-22 22:08:16.599 11863 11933 D Detox   : class androidx.test.espresso.Espresso, onView, [(an instance of android.widget.TextView and view.getText() with or without transformation to match: is "GET CARD NETWORK" and view has effective visibility <VISIBLE>)]
03-22 22:08:16.600 11863 11933 D Detox   : class com.wix.detox.espresso.DetoxViewActions, click, []
03-22 22:08:16.600 11863 11933 D Detox   : class com.wix.detox.espresso.EspressoDetox, perform, [androidx.test.espresso.ViewInteraction@44781f, com.wix.detox.espresso.action.RNClickAction@bac76c]
03-22 22:08:16.605 11863 11863 I ViewInteraction: Performing 'com.wix.detox.espresso.action.detoxsingletap@1d20135 click' action on view (an instance of android.widget.TextView and view.getText() with or without transformation to match: is "GET CARD NETWORK" and view has effective visibility <VISIBLE>)
03-22 22:08:16.654 11863 11935 I ReactNativeJS: visa
03-22 22:08:16.701 11863 11863 I Detox   : UIManagerModule is busy
03-22 22:08:17.015 11863 11920 D EGL_emulation: app_time_stats: avg=6.40ms min=2.07ms max=92.75ms count=54
03-22 22:08:17.106 11863 11933 I DetoxWSClient: Sending out action 'invokeResult' (ID #7)
03-22 22:08:17.106 11863 11933 I DetoxDispatcher: Done with action 'invoke'
03-22 22:08:17.113 11863 11937 D DetoxWSClient: Received action 'invoke' (ID #8, params={"target":{"type":"Class","value":"com.wix.detox.espresso.DetoxAssertion"},"method":"assertMatcher","args":[{"type":"Invocation","value":{"target":{"type":"Class","value":"androidx.test.espresso.Espresso"},"method":"onView","args":[{"type":"Invocation","value":{"target":{"type":"Class","value":"com.wix.detox.espresso.DetoxMatcher"},"method":"matcherForText","args":["Card Network : visa"]}}]}},{"type":"Invocation","value":{"target":{"type":"Class","value":"com.wix.detox.espresso.DetoxMatcher"},"method":"matcherForSufficientlyVisible","args":[{"type":"Integer","value":75}]}}]})
03-22 22:08:17.113 11863 11933 I DetoxDispatcher: Handling action 'invoke' (ID #8)...
03-22 22:08:17.113 11863 11933 D Detox   : class com.wix.detox.espresso.DetoxMatcher, matcherForText, [Card Network : visa]
03-22 22:08:17.114 11863 11933 D Detox   : class androidx.test.espresso.Espresso, onView, [(an instance of android.widget.TextView and view.getText() with or without transformation to match: is "Card Network : visa" and view has effective visibility <VISIBLE>)]
03-22 22:08:17.115 11863 11933 D Detox   : class com.wix.detox.espresso.DetoxMatcher, matcherForSufficientlyVisible, [75]
03-22 22:08:17.115 11863 11933 D Detox   : class com.wix.detox.espresso.DetoxAssertion, assertMatcher, [androidx.test.espresso.ViewInteraction@e574c17, (view has effective visibility <VISIBLE> and view.getGlobalVisibleRect() covers at least <75> percent of the view's area)]
03-22 22:08:17.119 11863 11863 I ViewInteraction: Checking 'MatchesViewAssertion(Detox){viewMatcher=(view has effective visibility <VISIBLE> and view.getGlobalVisibleRect() covers at least <75> percent of the view's area)}' assertion on view (an instance of android.widget.TextView and view.getText() with or without transformation to match: is "Card Network : visa" and view has effective visibility <VISIBLE>)
03-22 22:08:17.121 11863 11933 I DetoxWSClient: Sending out action 'invokeResult' (ID #8)
03-22 22:08:17.122 11863 11933 I DetoxDispatcher: Done with action 'invoke'
