--------- beginning of main
03-22 00:36:44.031  7557  7557 I com.detoxsampl: Late-enabling -Xcheck:jni
03-22 00:36:44.058  7557  7557 I com.detoxsampl: Unquickening 19 vdex files!
--------- beginning of system
03-22 00:36:44.134  7557  7557 W ActivityThread: Package uses different ABI(s) than its instrumentation: package[com.detoxsample]: arm64-v8a, null instrumentation[com.detoxsample.test]: null, null
03-22 00:36:44.136  7557  7557 I Typeface: Current DefaultTypeface ( lgtravel )
03-22 00:36:44.139  7557  7557 I com.detoxsampl: The ClassLoaderContext is a special shared library.
03-22 00:36:44.162  7557  7557 I chatty  : uid=10464(com.detoxsample) identical 2 lines
03-22 00:36:44.166  7557  7557 I com.detoxsampl: The ClassLoaderContext is a special shared library.
03-22 00:36:44.392  7557  7557 D ApplicationLoaders: Returning zygote-cached class loader: /system/framework/android.test.base.jar
03-22 00:36:44.392  7557  7557 D ApplicationLoaders: Returning zygote-cached class loader: /system/framework/android.test.base.jar
03-22 00:36:44.393  7557  7557 I com.detoxsampl: The ClassLoaderContext is a special shared library.
03-22 00:36:44.395  7557  7557 D ApplicationLoaders: Returning zygote-cached class loader: /system/framework/android.test.base.jar
03-22 00:36:44.395  7557  7557 D ApplicationLoaders: Returning zygote-cached class loader: /system/framework/android.test.base.jar
03-22 00:36:44.396  7557  7557 I com.detoxsampl: The ClassLoaderContext is a special shared library.
03-22 00:36:44.399  7557  7557 I chatty  : uid=10464(com.detoxsample) identical 2 lines
03-22 00:36:44.400  7557  7557 I com.detoxsampl: The ClassLoaderContext is a special shared library.
03-22 00:36:44.581  7557  7557 W com.detoxsampl: Accessing hidden method Landroid/app/Instrumentation;->execStartActivity(Landroid/content/Context;Landroid/os/IBinder;Landroid/os/IBinder;Landroid/app/Activity;Landroid/content/Intent;ILandroid/os/Bundle;)Landroid/app/Instrumentation$ActivityResult; (greylist, linking, allowed)
03-22 00:36:44.581  7557  7557 W com.detoxsampl: Accessing hidden method Landroid/app/Instrumentation;->execStartActivity(Landroid/content/Context;Landroid/os/IBinder;Landroid/os/IBinder;Ljava/lang/String;Landroid/content/Intent;ILandroid/os/Bundle;)Landroid/app/Instrumentation$ActivityResult; (greylist, linking, allowed)
03-22 00:36:44.599  7557  7557 D NetworkSecurityConfig: Using Network Security Config from resource network_security_config debugBuild: true
03-22 00:36:44.602  7557  7557 D NetworkSecurityConfig: Using Network Security Config from resource network_security_config debugBuild: true
03-22 00:36:44.604  7557  7557 I MonitoringInstr: Instrumentation started!
03-22 00:36:44.614  7557  7557 V TestEventClient: No service name argument was given (testDiscoveryService, testRunEventService or orchestratorService)
03-22 00:36:44.619  7557  7557 D SoLoader: init start
03-22 00:36:44.619  7557  7557 D SoLoader: adding system library source: /vendor/lib64
03-22 00:36:44.620  7557  7557 D SoLoader: adding system library source: /system/lib64
03-22 00:36:44.620  7557  7557 D SoLoader: adding application source: com.facebook.soloader.DirectorySoSource[root = /data/app/~~kNxIG2mode-2sArMJPkMzA==/com.detoxsample-zJBpdcgeiAoROaM3jYDWBA==/lib/arm64 flags = 0]
03-22 00:36:44.622  7557  7557 D SoLoader: adding backup source from : com.facebook.soloader.ApkSoSource[root = /data/data/com.detoxsample/lib-main flags = 1]
03-22 00:36:44.622  7557  7557 D SoLoader: Preparing SO source: com.facebook.soloader.DirectorySoSource[root = /system/lib64 flags = 2]
03-22 00:36:44.622  7557  7557 D SoLoader: Preparing SO source: com.facebook.soloader.DirectorySoSource[root = /vendor/lib64 flags = 2]
03-22 00:36:44.622  7557  7557 D SoLoader: Preparing SO source: com.facebook.soloader.DirectorySoSource[root = /data/app/~~kNxIG2mode-2sArMJPkMzA==/com.detoxsample-zJBpdcgeiAoROaM3jYDWBA==/lib/arm64 flags = 0]
03-22 00:36:44.622  7557  7557 D SoLoader: Preparing SO source: com.facebook.soloader.ApkSoSource[root = /data/data/com.detoxsample/lib-main flags = 1]
03-22 00:36:44.623  7557  7557 V fb-UnpackingSoSource: locked dso store /data/user/0/com.detoxsample/lib-main
03-22 00:36:44.625  7557  7557 V fb-UnpackingSoSource: deps mismatch on deps store: regenerating
03-22 00:36:44.625  7557  7557 V fb-UnpackingSoSource: so store dirty: regenerating
03-22 00:36:44.678  7557  7557 D ApkSoSource: not allowing consideration of lib/arm64-v8a/libbetter.so: deferring to libdir
03-22 00:36:44.678  7557  7557 D ApkSoSource: not allowing consideration of lib/arm64-v8a/libc++_shared.so: deferring to libdir
03-22 00:36:44.678  7557  7557 D ApkSoSource: not allowing consideration of lib/arm64-v8a/libevent-2.1.so: deferring to libdir
03-22 00:36:44.678  7557  7557 D ApkSoSource: not allowing consideration of lib/arm64-v8a/libevent_core-2.1.so: deferring to libdir
03-22 00:36:44.678  7557  7557 D ApkSoSource: not allowing consideration of lib/arm64-v8a/libevent_extra-2.1.so: deferring to libdir
03-22 00:36:44.678  7557  7557 D ApkSoSource: not allowing consideration of lib/arm64-v8a/libfabricjni.so: deferring to libdir
03-22 00:36:44.678  7557  7557 D ApkSoSource: not allowing consideration of lib/arm64-v8a/libfb.so: deferring to libdir
03-22 00:36:44.678  7557  7557 D ApkSoSource: not allowing consideration of lib/arm64-v8a/libfbjni.so: deferring to libdir
03-22 00:36:44.678  7557  7557 D ApkSoSource: not allowing consideration of lib/arm64-v8a/libflipper.so: deferring to libdir
03-22 00:36:44.678  7557  7557 D ApkSoSource: not allowing consideration of lib/arm64-v8a/libfolly_futures.so: deferring to libdir
03-22 00:36:44.678  7557  7557 D ApkSoSource: not allowing consideration of lib/arm64-v8a/libfolly_json.so: deferring to libdir
03-22 00:36:44.678  7557  7557 D ApkSoSource: not allowing consideration of lib/arm64-v8a/libglog.so: deferring to libdir
03-22 00:36:44.678  7557  7557 D ApkSoSource: not allowing consideration of lib/arm64-v8a/libglog_init.so: deferring to libdir
03-22 00:36:44.678  7557  7557 D ApkSoSource: not allowing consideration of lib/arm64-v8a/libimagepipeline.so: deferring to libdir
03-22 00:36:44.678  7557  7557 D ApkSoSource: not allowing consideration of lib/arm64-v8a/libjsc.so: deferring to libdir
03-22 00:36:44.678  7557  7557 D ApkSoSource: not allowing consideration of lib/arm64-v8a/libjscexecutor.so: deferring to libdir
03-22 00:36:44.678  7557  7557 D ApkSoSource: not allowing consideration of lib/arm64-v8a/libjsi.so: deferring to libdir
03-22 00:36:44.678  7557  7557 D ApkSoSource: not allowing consideration of lib/arm64-v8a/libjsijniprofiler.so: deferring to libdir
03-22 00:36:44.678  7557  7557 D ApkSoSource: not allowing consideration of lib/arm64-v8a/libjsinspector.so: deferring to libdir
03-22 00:36:44.679  7557  7557 D ApkSoSource: not allowing consideration of lib/arm64-v8a/liblogger.so: deferring to libdir
03-22 00:36:44.679  7557  7557 D ApkSoSource: not allowing consideration of lib/arm64-v8a/libmapbufferjni.so: deferring to libdir
03-22 00:36:44.679  7557  7557 D ApkSoSource: not allowing consideration of lib/arm64-v8a/libnative-filters.so: deferring to libdir
03-22 00:36:44.679  7557  7557 D ApkSoSource: not allowing consideration of lib/arm64-v8a/libnative-imagetranscoder.so: deferring to libdir
03-22 00:36:44.679  7557  7557 D ApkSoSource: not allowing consideration of lib/arm64-v8a/libreact_codegen_rncore.so: deferring to libdir
03-22 00:36:44.679  7557  7557 D ApkSoSource: not allowing consideration of lib/arm64-v8a/libreact_debug.so: deferring to libdir
03-22 00:36:44.679  7557  7557 D ApkSoSource: not allowing consideration of lib/arm64-v8a/libreact_nativemodule_core.so: deferring to libdir
03-22 00:36:44.679  7557  7557 D ApkSoSource: not allowing consideration of lib/arm64-v8a/libreact_render_animations.so: deferring to libdir
03-22 00:36:44.679  7557  7557 D ApkSoSource: not allowing consideration of lib/arm64-v8a/libreact_render_attributedstring.so: deferring to libdir
03-22 00:36:44.679  7557  7557 D ApkSoSource: not allowing consideration of lib/arm64-v8a/libreact_render_componentregistry.so: deferring to libdir
03-22 00:36:44.679  7557  7557 D ApkSoSource: not allowing consideration of lib/arm64-v8a/libreact_render_core.so: deferring to libdir
03-22 00:36:44.679  7557  7557 D ApkSoSource: not allowing consideration of lib/arm64-v8a/libreact_render_debug.so: deferring to libdir
03-22 00:36:44.679  7557  7557 D ApkSoSource: not allowing consideration of lib/arm64-v8a/libreact_render_graphics.so: deferring to libdir
03-22 00:36:44.679  7557  7557 D ApkSoSource: not allowing consideration of lib/arm64-v8a/libreact_render_imagemanager.so: deferring to libdir
03-22 00:36:44.679  7557  7557 D ApkSoSource: not allowing consideration of lib/arm64-v8a/libreact_render_leakchecker.so: deferring to libdir
03-22 00:36:44.679  7557  7557 D ApkSoSource: not allowing consideration of lib/arm64-v8a/libreact_render_mapbuffer.so: deferring to libdir
03-22 00:36:44.679  7557  7557 D ApkSoSource: not allowing consideration of lib/arm64-v8a/libreact_render_mounting.so: deferring to libdir
03-22 00:36:44.679  7557  7557 D ApkSoSource: not allowing consideration of lib/arm64-v8a/libreact_render_runtimescheduler.so: deferring to libdir
03-22 00:36:44.679  7557  7557 D ApkSoSource: not allowing consideration of lib/arm64-v8a/libreact_render_scheduler.so: deferring to libdir
03-22 00:36:44.679  7557  7557 D ApkSoSource: not allowing consideration of lib/arm64-v8a/libreact_render_telemetry.so: deferring to libdir
03-22 00:36:44.680  7557  7557 D ApkSoSource: not allowing consideration of lib/arm64-v8a/libreact_render_templateprocessor.so: deferring to libdir
03-22 00:36:44.680  7557  7557 D ApkSoSource: not allowing consideration of lib/arm64-v8a/libreact_render_textlayoutmanager.so: deferring to libdir
03-22 00:36:44.680  7557  7557 D ApkSoSource: not allowing consideration of lib/arm64-v8a/libreact_render_uimanager.so: deferring to libdir
03-22 00:36:44.680  7557  7557 D ApkSoSource: not allowing consideration of lib/arm64-v8a/libreact_utils.so: deferring to libdir
03-22 00:36:44.680  7557  7557 D ApkSoSource: not allowing consideration of lib/arm64-v8a/libreactconfig.so: deferring to libdir
03-22 00:36:44.680  7557  7557 D ApkSoSource: not allowing consideration of lib/arm64-v8a/libreactnativeblob.so: deferring to libdir
03-22 00:36:44.680  7557  7557 D ApkSoSource: not allowing consideration of lib/arm64-v8a/libreactnativejni.so: deferring to libdir
03-22 00:36:44.680  7557  7557 D ApkSoSource: not allowing consideration of lib/arm64-v8a/libreactnativeutilsjni.so: deferring to libdir
03-22 00:36:44.680  7557  7557 D ApkSoSource: not allowing consideration of lib/arm64-v8a/libreactperfloggerjni.so: deferring to libdir
03-22 00:36:44.680  7557  7557 D ApkSoSource: not allowing consideration of lib/arm64-v8a/librrc_image.so: deferring to libdir
03-22 00:36:44.680  7557  7557 D ApkSoSource: not allowing consideration of lib/arm64-v8a/librrc_modal.so: deferring to libdir
03-22 00:36:44.680  7557  7557 D ApkSoSource: not allowing consideration of lib/arm64-v8a/librrc_progressbar.so: deferring to libdir
03-22 00:36:44.680  7557  7557 D ApkSoSource: not allowing consideration of lib/arm64-v8a/librrc_root.so: deferring to libdir
03-22 00:36:44.680  7557  7557 D ApkSoSource: not allowing consideration of lib/arm64-v8a/librrc_scrollview.so: deferring to libdir
03-22 00:36:44.680  7557  7557 D ApkSoSource: not allowing consideration of lib/arm64-v8a/librrc_slider.so: deferring to libdir
03-22 00:36:44.680  7557  7557 D ApkSoSource: not allowing consideration of lib/arm64-v8a/librrc_switch.so: deferring to libdir
03-22 00:36:44.680  7557  7557 D ApkSoSource: not allowing consideration of lib/arm64-v8a/librrc_text.so: deferring to libdir
03-22 00:36:44.680  7557  7557 D ApkSoSource: not allowing consideration of lib/arm64-v8a/librrc_textinput.so: deferring to libdir
03-22 00:36:44.680  7557  7557 D ApkSoSource: not allowing consideration of lib/arm64-v8a/librrc_unimplementedview.so: deferring to libdir
03-22 00:36:44.680  7557  7557 D ApkSoSource: not allowing consideration of lib/arm64-v8a/librrc_view.so: deferring to libdir
03-22 00:36:44.680  7557  7557 D ApkSoSource: not allowing consideration of lib/arm64-v8a/libturbomodulejsijni.so: deferring to libdir
03-22 00:36:44.681  7557  7557 D ApkSoSource: not allowing consideration of lib/arm64-v8a/libyoga.so: deferring to libdir
03-22 00:36:44.681  7557  7557 V fb-UnpackingSoSource: regenerating DSO store com.facebook.soloader.ApkSoSource
03-22 00:36:44.681  7557  7557 V fb-UnpackingSoSource: Finished regenerating DSO store com.facebook.soloader.ApkSoSource
03-22 00:36:44.681  7557  7557 V fb-UnpackingSoSource: starting syncer worker
03-22 00:36:44.687  7557  7557 V fb-UnpackingSoSource: releasing dso store lock for /data/user/0/com.detoxsample/lib-main (from syncer thread)
03-22 00:36:44.688  7557  7557 V fb-UnpackingSoSource: not releasing dso store lock for /data/user/0/com.detoxsample/lib-main (syncer thread started)
03-22 00:36:44.688  7557  7557 D SoLoader: init finish: 4 SO sources prepared
03-22 00:36:44.688  7557  7557 D SoLoader: init exiting
03-22 00:36:44.698  7557  7557 D SoLoader: init exiting
03-22 00:36:44.698  7557  7557 D SoLoader: About to load: libjscexecutor.so
03-22 00:36:44.698  7557  7557 D SoLoader: libjscexecutor.so not found on /data/data/com.detoxsample/lib-main
03-22 00:36:44.699  7557  7557 D SoLoader: libjscexecutor.so found on /data/app/~~kNxIG2mode-2sArMJPkMzA==/com.detoxsample-zJBpdcgeiAoROaM3jYDWBA==/lib/arm64
03-22 00:36:44.699  7557  7557 D SoLoader: Not resolving dependencies for libjscexecutor.so
03-22 00:36:44.705  7557  7557 D JavaScriptCore.Version: 250230.2.1
03-22 00:36:44.706  7557  7557 D SoLoader: Loaded: libjscexecutor.so
03-22 00:36:44.707  7557  7557 D SoLoader: init exiting
03-22 00:36:44.814  7557  7557 I SensorManager: registerListenerImpl() [Sensor: LGE Accelerometer Non-wakeup, Rate: 66667, SensorEventListener: com.facebook.react.common.ShakeDetector@717fc72] by com.facebook.react.common.ShakeDetector.start():60
03-22 00:36:44.851  7557  7606 D SoLoader: About to load: libfbjni.so
03-22 00:36:44.851  7557  7606 D SoLoader: libfbjni.so not found on /data/data/com.detoxsample/lib-main
03-22 00:36:44.852  7557  7606 D SoLoader: libfbjni.so found on /data/app/~~kNxIG2mode-2sArMJPkMzA==/com.detoxsample-zJBpdcgeiAoROaM3jYDWBA==/lib/arm64
03-22 00:36:44.852  7557  7606 D SoLoader: Not resolving dependencies for libfbjni.so
03-22 00:36:44.853  7557  7606 D SoLoader: Loaded: libfbjni.so
03-22 00:36:44.853  7557  7606 D SoLoader: About to load: libflipper.so
03-22 00:36:44.853  7557  7606 D SoLoader: libflipper.so not found on /data/data/com.detoxsample/lib-main
03-22 00:36:44.853  7557  7606 D SoLoader: libflipper.so found on /data/app/~~kNxIG2mode-2sArMJPkMzA==/com.detoxsample-zJBpdcgeiAoROaM3jYDWBA==/lib/arm64
03-22 00:36:44.853  7557  7606 D SoLoader: Not resolving dependencies for libflipper.so
03-22 00:36:44.866  7557  7606 D SoLoader: Loaded: libflipper.so
03-22 00:36:44.892  7557  7557 W com.detoxsampl: Accessing hidden field Landroid/view/View;->mKeyedTags:Landroid/util/SparseArray; (greylist, reflection, allowed)
03-22 00:36:44.892  7557  7557 W com.detoxsampl: Accessing hidden field Landroid/view/View;->mListenerInfo:Landroid/view/View$ListenerInfo; (greylist, reflection, allowed)
03-22 00:36:44.892  7557  7557 W com.detoxsampl: Accessing hidden field Landroid/view/View$ListenerInfo;->mOnClickListener:Landroid/view/View$OnClickListener; (greylist, reflection, allowed)
03-22 00:36:44.898  7557  7557 I flipper : flipper: FlipperClient::addPlugin Inspector
03-22 00:36:44.898  7557  7557 I flipper : flipper: FlipperClient::addPlugin React
03-22 00:36:44.900  7557  7557 I flipper : flipper: FlipperClient::addPlugin Databases
03-22 00:36:44.901  7557  7557 I flipper : flipper: FlipperClient::addPlugin Preferences
03-22 00:36:44.902  7557  7557 I flipper : flipper: FlipperClient::addPlugin CrashReporter
03-22 00:36:44.905  7557  7557 I flipper : flipper: FlipperClient::addPlugin Network
03-22 00:36:44.931  7557  7596 I UsageTrackerFacilitator: Usage tracking enabled
03-22 00:36:44.933  7557  7596 I TestRequestBuilder: Scanning classpath to find tests in paths [/data/app/~~kOtl3qNGMtPU6Mb23Q2CNQ==/com.detoxsample.test-pYgOPwrfekORqyjUl_aiyw==/base.apk]
03-22 00:36:44.935  7557  7596 W com.detoxsampl: Opening an oat file without a class loader. Are you using the deprecated DexFile APIs?
03-22 00:36:45.748  7557  7596 D TestExecutor: Adding listener androidx.test.internal.runner.listener.LogRunListener
03-22 00:36:45.748  7557  7596 D TestExecutor: Adding listener androidx.test.internal.runner.listener.InstrumentationResultPrinter
03-22 00:36:45.748  7557  7596 D TestExecutor: Adding listener androidx.test.internal.runner.listener.ActivityFinisherRunListener
03-22 00:36:45.749  7557  7596 I TestRunner: run started: 1 tests
03-22 00:36:45.753  7557  7596 I TestRunner: started: runDetoxTests(com.detoxsample.DetoxTest)
03-22 00:36:45.769  7557  7596 D EventInjectionStrategy: Creating injection strategy with input manager.
03-22 00:36:45.769  7557  7596 W com.detoxsampl: Accessing hidden method Landroid/hardware/input/InputManager;->getInstance()Landroid/hardware/input/InputManager; (greylist, reflection, allowed)
03-22 00:36:45.769  7557  7596 W com.detoxsampl: Accessing hidden method Landroid/hardware/input/InputManager;->injectInputEvent(Landroid/view/InputEvent;I)Z (greylist, reflection, allowed)
03-22 00:36:45.769  7557  7596 W com.detoxsampl: Accessing hidden field Landroid/hardware/input/InputManager;->INJECT_INPUT_EVENT_MODE_WAIT_FOR_FINISH:I (greylist, reflection, allowed)
03-22 00:36:45.780  7557  7596 W com.detoxsampl: Accessing hidden field Ljava/lang/reflect/Field;->accessFlags:I (greylist, reflection, allowed)
03-22 00:36:45.946  7557  7611 D SoLoader: About to load: libreactnativejni.so
03-22 00:36:45.947  7557  7611 D SoLoader: libreactnativejni.so not found on /data/data/com.detoxsample/lib-main
03-22 00:36:45.947  7557  7611 D SoLoader: libreactnativejni.so found on /data/app/~~kNxIG2mode-2sArMJPkMzA==/com.detoxsample-zJBpdcgeiAoROaM3jYDWBA==/lib/arm64
03-22 00:36:45.947  7557  7611 D SoLoader: Not resolving dependencies for libreactnativejni.so
03-22 00:36:45.948  7557  7611 D SoLoader: Loaded: libreactnativejni.so
03-22 00:36:45.960  7557  7557 D LifecycleMonitor: Lifecycle status change: com.detoxsample.MainActivity@9d431df in: PRE_ON_CREATE
03-22 00:36:46.071  7557  7557 W com.detoxsampl: Accessing hidden method Landroid/view/View;->computeFitSystemWindows(Landroid/graphics/Rect;Landroid/graphics/Rect;)Z (greylist, reflection, allowed)
03-22 00:36:46.072  7557  7557 W com.detoxsampl: Accessing hidden method Landroid/view/ViewGroup;->makeOptionalFitsSystemWindows()V (greylist, reflection, allowed)
03-22 00:36:46.095  7557  7557 D LifecycleMonitor: Lifecycle status change: com.detoxsample.MainActivity@9d431df in: CREATED
03-22 00:36:46.099  7557  7557 D LifecycleMonitor: Lifecycle status change: com.detoxsample.MainActivity@9d431df in: STARTED
03-22 00:36:46.108  7557  7557 D LifecycleMonitor: Lifecycle status change: com.detoxsample.MainActivity@9d431df in: RESUMED
03-22 00:36:46.147  7557  7557 I TouchFilterInputStageHelper: [needTouchEventFilter] Displayid : 0
03-22 00:36:46.148  7557  7557 D HandGripFilter: getdisplaysize, x : 1080 y : 2340
03-22 00:36:46.152  7557  7557 I SensorManager: removeAllSensors() [Sensor: LGE Accelerometer Non-wakeup] by com.facebook.react.common.ShakeDetector.stop():69
03-22 00:36:46.155  7557  7557 D LifecycleMonitor: Lifecycle status change: com.detoxsample.MainActivity@9d431df in: PAUSED
03-22 00:36:46.162  7557  7557 I SensorManager: registerListenerImpl() [Sensor: LGE Accelerometer Non-wakeup, Rate: 66667, SensorEventListener: com.facebook.react.common.ShakeDetector@717fc72] by com.facebook.react.common.ShakeDetector.start():60
03-22 00:36:46.221  7557  7557 D LifecycleMonitor: Lifecycle status change: com.detoxsample.MainActivity@9d431df in: STOPPED
03-22 00:36:46.247  7557  7557 I TouchFilterInputStageHelper: [needTouchEventFilter] Displayid : 0
03-22 00:36:46.249  7557  7557 D HandGripFilter: getdisplaysize, x : 1080 y : 2340
03-22 00:36:46.321  7557  7557 I Timeline: Timeline: Activity_idle id: ActivityRecord{b8a86bc token=android.os.BinderProxy@d209094 {com.detoxsample/com.detoxsample.MainActivity}} time:377758550
03-22 00:36:46.570  7557  7675 W unknown:ReactContext: initializeMessageQueueThreads() is called.
03-22 00:36:46.577  7557  7557 W unknown:ReactNative: Packager connection already open, nooping.
03-22 00:36:46.611  7557  7690 W unknown:ViewManagerPropertyUpdater: Could not find generated setter for class com.facebook.react.views.drawer.ReactDrawerLayoutManager
03-22 00:36:46.617  7557  7690 W unknown:ViewManagerPropertyUpdater: Could not find generated setter for class com.facebook.react.uimanager.LayoutShadowNode
03-22 00:36:46.621  7557  7690 W unknown:ViewManagerPropertyUpdater: Could not find generated setter for class com.facebook.react.views.scroll.ReactHorizontalScrollViewManager
03-22 00:36:46.624  7557  7690 W unknown:ViewManagerPropertyUpdater: Could not find generated setter for class com.facebook.react.views.scroll.ReactHorizontalScrollContainerViewManager
03-22 00:36:46.625  7557  7690 W unknown:ViewManagerPropertyUpdater: Could not find generated setter for class com.facebook.react.views.progressbar.ReactProgressBarViewManager
03-22 00:36:46.626  7557  7690 W unknown:ViewManagerPropertyUpdater: Could not find generated setter for class com.facebook.react.views.progressbar.ProgressBarShadowNode
03-22 00:36:46.628  7557  7690 W unknown:ViewManagerPropertyUpdater: Could not find generated setter for class com.facebook.react.views.scroll.ReactScrollViewManager
03-22 00:36:46.631  7557  7690 W unknown:ViewManagerPropertyUpdater: Could not find generated setter for class com.facebook.react.views.slider.ReactSliderManager
03-22 00:36:46.633  7557  7690 W unknown:ViewManagerPropertyUpdater: Could not find generated setter for class com.facebook.react.views.slider.ReactSliderManager$ReactSliderShadowNode
03-22 00:36:46.634  7557  7690 W unknown:ViewManagerPropertyUpdater: Could not find generated setter for class com.facebook.react.views.switchview.ReactSwitchManager
03-22 00:36:46.636  7557  7690 W unknown:ViewManagerPropertyUpdater: Could not find generated setter for class com.facebook.react.views.switchview.ReactSwitchManager$ReactSwitchShadowNode
03-22 00:36:46.637  7557  7690 W unknown:ViewManagerPropertyUpdater: Could not find generated setter for class com.facebook.react.views.swiperefresh.SwipeRefreshLayoutManager
03-22 00:36:46.638  7557  7690 W unknown:ViewManagerPropertyUpdater: Could not find generated setter for class com.facebook.react.views.text.frescosupport.FrescoBasedReactTextInlineImageViewManager
03-22 00:36:46.639  7557  7690 W unknown:ViewManagerPropertyUpdater: Could not find generated setter for class com.facebook.react.views.text.frescosupport.FrescoBasedReactTextInlineImageShadowNode
03-22 00:36:46.640  7557  7690 W unknown:ViewManagerPropertyUpdater: Could not find generated setter for class com.facebook.react.views.image.ReactImageManager
03-22 00:36:46.642  7557  7690 W unknown:ViewManagerPropertyUpdater: Could not find generated setter for class com.facebook.react.views.modal.ReactModalHostManager
03-22 00:36:46.644  7557  7690 W unknown:ViewManagerPropertyUpdater: Could not find generated setter for class com.facebook.react.views.modal.ModalHostShadowNode
03-22 00:36:46.644  7557  7690 W unknown:ViewManagerPropertyUpdater: Could not find generated setter for class com.facebook.react.views.text.ReactRawTextManager
03-22 00:36:46.644  7557  7690 W unknown:ViewManagerPropertyUpdater: Could not find generated setter for class com.facebook.react.views.text.ReactRawTextShadowNode
03-22 00:36:46.645  7557  7690 W unknown:ViewManagerPropertyUpdater: Could not find generated setter for class com.facebook.react.views.textinput.ReactTextInputManager
03-22 00:36:46.649  7557  7690 W unknown:ViewManagerPropertyUpdater: Could not find generated setter for class com.facebook.react.views.textinput.ReactTextInputShadowNode
03-22 00:36:46.653  7557  7690 W unknown:ViewManagerPropertyUpdater: Could not find generated setter for class com.facebook.react.views.text.ReactTextViewManager
03-22 00:36:46.655  7557  7690 W unknown:ViewManagerPropertyUpdater: Could not find generated setter for class com.facebook.react.views.text.ReactTextShadowNode
03-22 00:36:46.656  7557  7690 W unknown:ViewManagerPropertyUpdater: Could not find generated setter for class com.facebook.react.views.view.ReactViewManager
03-22 00:36:46.659  7557  7690 W unknown:ViewManagerPropertyUpdater: Could not find generated setter for class com.facebook.react.views.text.ReactVirtualTextViewManager
03-22 00:36:46.659  7557  7690 W unknown:ViewManagerPropertyUpdater: Could not find generated setter for class com.facebook.react.views.text.ReactVirtualTextShadowNode
03-22 00:36:46.660  7557  7690 W unknown:ViewManagerPropertyUpdater: Could not find generated setter for class com.facebook.react.views.unimplementedview.ReactUnimplementedViewManager
03-22 00:36:46.670  7557  7690 W unknown:ReactContext: initializeMessageQueueThreads() is called.
03-22 00:36:46.673  7557  7690 D SoLoader: About to load: libyoga.so
03-22 00:36:46.674  7557  7690 D SoLoader: libyoga.so not found on /data/data/com.detoxsample/lib-main
03-22 00:36:46.674  7557  7690 D SoLoader: libyoga.so found on /data/app/~~kNxIG2mode-2sArMJPkMzA==/com.detoxsample-zJBpdcgeiAoROaM3jYDWBA==/lib/arm64
03-22 00:36:46.674  7557  7690 D SoLoader: Not resolving dependencies for libyoga.so
03-22 00:36:46.677  7557  7690 D SoLoader: Loaded: libyoga.so
03-22 00:36:46.726  7557  7690 I flipper : flipper: FlipperClient::addPlugin Fresco
03-22 00:36:46.835  7557  7689 D SoLoader: About to load: libreactnativeblob.so
03-22 00:36:46.835  7557  7689 D SoLoader: libreactnativeblob.so not found on /data/data/com.detoxsample/lib-main
03-22 00:36:46.836  7557  7689 D SoLoader: libreactnativeblob.so found on /data/app/~~kNxIG2mode-2sArMJPkMzA==/com.detoxsample-zJBpdcgeiAoROaM3jYDWBA==/lib/arm64
03-22 00:36:46.836  7557  7689 D SoLoader: Not resolving dependencies for libreactnativeblob.so
03-22 00:36:46.837  7557  7689 D SoLoader: Loaded: libreactnativeblob.so
03-22 00:36:46.884  7557  7690 I WebViewFactory: Loading com.google.android.webview version 99.0.4844.58 (code 484405833)
03-22 00:36:46.968  7557  7690 W com.detoxsampl: Accessing hidden method Landroid/os/Trace;->isTagEnabled(J)Z (greylist, reflection, allowed)
03-22 00:36:46.969  7557  7690 W com.detoxsampl: Accessing hidden method Landroid/os/Trace;->traceBegin(JLjava/lang/String;)V (greylist, reflection, allowed)
03-22 00:36:46.969  7557  7690 W com.detoxsampl: Accessing hidden method Landroid/os/Trace;->traceEnd(J)V (greylist, reflection, allowed)
03-22 00:36:46.969  7557  7690 W com.detoxsampl: Accessing hidden method Landroid/os/Trace;->asyncTraceBegin(JLjava/lang/String;I)V (greylist, reflection, allowed)
03-22 00:36:46.969  7557  7690 W com.detoxsampl: Accessing hidden method Landroid/os/Trace;->asyncTraceEnd(JLjava/lang/String;I)V (greylist, reflection, allowed)
03-22 00:36:46.978  7557  7690 I cr_WVCFactoryProvider: Loaded version=99.0.4844.58 minSdkVersion=29 isBundle=true multiprocess=true packageId=3
03-22 00:36:46.999  7557  7689 I ReactNativeJS: Running "DetoxSample" with {"rootTag":1}
03-22 00:36:47.112  7557  7690 I cr_LibraryLoader: Successfully loaded native library
03-22 00:36:47.117  7557  7690 I cr_CachingUmaRecorder: Flushed 8 samples from 8 histograms.
03-22 00:36:47.280  7557  7690 W unknown:ReactNative: StatusBarModule: Ignored status bar change, current activity is null.
03-22 00:36:47.282  7557  7690 I chatty  : uid=10464(com.detoxsample) mqt_native_modu identical 2 lines
03-22 00:36:47.282  7557  7690 W unknown:ReactNative: StatusBarModule: Ignored status bar change, current activity is null.
03-22 00:36:47.404  7557  7557 W com.detoxsampl: Accessing hidden field Landroid/widget/ScrollView;->mScroller:Landroid/widget/OverScroller; (greylist, reflection, allowed)
03-22 00:36:48.495  7557  7557 D LifecycleMonitor: Lifecycle status change: com.detoxsample.MainActivity@9d431df in: RESTARTED
03-22 00:36:48.504  7557  7557 D LifecycleMonitor: Lifecycle status change: com.detoxsample.MainActivity@9d431df in: STARTED
03-22 00:36:48.509  7557  7557 W unknown:ReactNative: Packager connection already open, nooping.
03-22 00:36:48.510  7557  7557 D LifecycleMonitor: Lifecycle status change: com.detoxsample.MainActivity@9d431df in: RESUMED
03-22 00:36:48.550  7557  7633 I AdrenoGLES-0: QUALCOMM build                   : 59e4ca3, Ic42881d075
03-22 00:36:48.550  7557  7633 I AdrenoGLES-0: Build Date                       : 01/07/21
03-22 00:36:48.550  7557  7633 I AdrenoGLES-0: OpenGL ES Shader Compiler Version: EV031.32.02.06
03-22 00:36:48.550  7557  7633 I AdrenoGLES-0: Local Branch                     : mybrancheb50fcd0-9e7c-f130-bc5f-5cb90179c3d8
03-22 00:36:48.550  7557  7633 I AdrenoGLES-0: Remote Branch                    : quic/gfx-adreno.lnx.1.0.r99-rel
03-22 00:36:48.550  7557  7633 I AdrenoGLES-0: Remote Branch                    : NONE
03-22 00:36:48.550  7557  7633 I AdrenoGLES-0: Reconstruct Branch               : NOTHING
03-22 00:36:48.550  7557  7633 I AdrenoGLES-0: Build Config                     : S P 10.0.7 AArch64
03-22 00:36:48.550  7557  7633 I AdrenoGLES-0: Driver Path                      : /vendor/lib64/egl/libGLESv2_adreno.so
03-22 00:36:48.598  7557  7633 I AdrenoGLES-0: PFP: 0x016ee190, ME: 0x00000000
03-22 00:36:48.634  7557  7984 D SoLoader: About to load: libimagepipeline.so
03-22 00:36:48.635  7557  7984 D SoLoader: libimagepipeline.so not found on /data/data/com.detoxsample/lib-main
03-22 00:36:48.635  7557  7984 D SoLoader: libimagepipeline.so found on /data/app/~~kNxIG2mode-2sArMJPkMzA==/com.detoxsample-zJBpdcgeiAoROaM3jYDWBA==/lib/arm64
03-22 00:36:48.635  7557  7984 D SoLoader: Not resolving dependencies for libimagepipeline.so
03-22 00:36:48.640  7557  7984 D SoLoader: Loaded: libimagepipeline.so
03-22 00:36:49.190  7557  7557 I Timeline: Timeline: Activity_idle id: ActivityRecord{b8a86bc token=android.os.BinderProxy@d209094 {com.detoxsample/com.detoxsample.MainActivity}} time:377761419
03-22 00:36:49.194  7557  7596 I Detox   : Detox server connection details: url=ws://localhost:54402, sessionId=08a302dc-349f-5f57-fc48-7f4810832fe8
03-22 00:36:49.225  7557  8028 I DetoxDispatcher: Handling action '_init' (ID #0)...
03-22 00:36:49.225  7557  8028 I Detox   : Connecting to server...
03-22 00:36:49.225  7557  8028 I DetoxWSClient: At connectToServer
03-22 00:36:49.248  7557  7557 D DetoxRNLoading: Got new RN-context directly and immediately
03-22 00:36:49.250  7557  8028 I DetoxRNIdleRes: Setting up Espresso Idling Resources for React Native
03-22 00:36:49.256  7557  7690 W com.detoxsampl: Accessing hidden method Landroid/os/MessageQueue;->next()Landroid/os/Message; (greylist, reflection, allowed)
03-22 00:36:49.256  7557  7690 W com.detoxsampl: Accessing hidden field Landroid/os/MessageQueue;->mMessages:Landroid/os/Message; (greylist, reflection, allowed)
03-22 00:36:49.256  7557  7690 W com.detoxsampl: Accessing hidden method Landroid/os/Message;->recycleUnchecked()V (greylist, reflection, allowed)
03-22 00:36:49.258  7557  8038 D DetoxWSClient: At onOpen
03-22 00:36:49.259  7557  8038 I DetoxWSClient: Sending out action 'login' (ID #0)
03-22 00:36:49.259  7557  8038 I Detox   : Connected to server!
03-22 00:36:49.264  7557  8038 D DetoxWSClient: Received action 'loginSuccess' (ID #0, params={"testerConnected":true,"appConnected":true})
03-22 00:36:49.283  7557  8028 D AsyncStorageIR: Checking whether a custom IR for Async-Storage is required... (legacy=false)
03-22 00:36:49.284  7557  8028 D DetoxRNHelpers: Native RN module resolution (class com.reactnativecommunity.asyncstorage.AsyncStorageModule): no such class
03-22 00:36:49.284  7557  8028 D AsyncStorageIR: Checking whether a custom IR for Async-Storage is required... (legacy=true)
03-22 00:36:49.285  7557  8028 D AsyncStorageIR: IR for Async-Storage is required! (legacy=true)
03-22 00:36:49.291  7557  7557 D AsyncStorageIRLegacy: Async-storage is busy!
03-22 00:36:49.297  7557  8028 I DetoxDispatcher: Done with action '_init'
03-22 00:36:49.297  7557  8028 I DetoxDispatcher: Handling action 'isReady' (ID #-1000)...
03-22 00:36:49.308  7557  7557 I Detox   : Wait is over: app is now idle!
03-22 00:36:49.308  7557  8028 I DetoxWSClient: Sending out action 'ready' (ID #-1000)
03-22 00:36:49.308  7557  8028 I DetoxDispatcher: Done with action 'isReady'
03-22 00:36:49.308  7557  8028 I DetoxDispatcher: Handling action 'loginSuccess' (ID #0)...
03-22 00:36:49.308  7557  8028 I DetoxDispatcher: Done with action 'loginSuccess'
03-22 00:36:49.310  7557  8038 D DetoxWSClient: Received action 'isReady' (ID #-1000, params={})
03-22 00:36:49.310  7557  8028 I DetoxDispatcher: Handling action 'isReady' (ID #-1000)...
03-22 00:36:49.315  7557  7557 I Detox   : Wait is over: app is now idle!
03-22 00:36:49.315  7557  8028 I DetoxWSClient: Sending out action 'ready' (ID #-1000)
03-22 00:36:49.316  7557  8028 I DetoxDispatcher: Done with action 'isReady'
