--------- beginning of main
03-22 17:37:20.042 12706 12727 I Detox   : Detox server connection details: url=ws://localhost:64359, sessionId=bdabe859-afeb-32e6-55c0-b286aae06220
03-22 17:37:20.070 12706 12768 W unknown:ReactContext: initializeMessageQueueThreads() is called.
03-22 17:37:20.073 12706 12770 I DetoxDispatcher: Handling action '_init' (ID #0)...
03-22 17:37:20.074 12706 12770 I Detox   : Connecting to server...
03-22 17:37:20.074 12706 12770 I DetoxWSClient: At connectToServer
03-22 17:37:20.082 12706 12706 W unknown:ReactNative: Packager connection already open, nooping.
03-22 17:37:20.099 12706 12775 D DetoxWSClient: At onOpen
03-22 17:37:20.100 12706 12775 I DetoxWSClient: Sending out action 'login' (ID #0)
03-22 17:37:20.101 12706 12775 I Detox   : Connected to server!
03-22 17:37:20.106 12706 12775 D DetoxWSClient: Received action 'loginSuccess' (ID #0, params={"testerConnected":true,"appConnected":true})
03-22 17:37:20.109 12706 12775 D DetoxWSClient: Received action 'isReady' (ID #-1000, params={})
03-22 17:37:20.120 12706 12706 D DetoxRNLoading: Got new RN-context directly and immediately
03-22 17:37:20.123 12706 12770 I DetoxRNIdleRes: Setting up Espresso Idling Resources for React Native
03-22 17:37:20.183 12706 12773 W unknown:ViewManagerPropertyUpdater: Could not find generated setter for class com.facebook.react.views.drawer.ReactDrawerLayoutManager
03-22 17:37:20.192 12706 12773 W unknown:ViewManagerPropertyUpdater: Could not find generated setter for class com.facebook.react.uimanager.LayoutShadowNode
03-22 17:37:20.196 12706 12770 D AsyncStorageIR: Checking whether a custom IR for Async-Storage is required... (legacy=false)
03-22 17:37:20.197 12706 12770 D DetoxRNHelpers: Native RN module resolution (class com.reactnativecommunity.asyncstorage.AsyncStorageModule): no such class
03-22 17:37:20.197 12706 12770 D AsyncStorageIR: Checking whether a custom IR for Async-Storage is required... (legacy=true)
03-22 17:37:20.200 12706 12773 W unknown:ViewManagerPropertyUpdater: Could not find generated setter for class com.facebook.react.views.scroll.ReactHorizontalScrollViewManager
03-22 17:37:20.203 12706 12770 D AsyncStorageIR: IR for Async-Storage is required! (legacy=true)
03-22 17:37:20.211 12706 12773 W unknown:ViewManagerPropertyUpdater: Could not find generated setter for class com.facebook.react.views.scroll.ReactHorizontalScrollContainerViewManager
03-22 17:37:20.214 12706 12773 W unknown:ViewManagerPropertyUpdater: Could not find generated setter for class com.facebook.react.views.progressbar.ReactProgressBarViewManager
03-22 17:37:20.218 12706 12773 W unknown:ViewManagerPropertyUpdater: Could not find generated setter for class com.facebook.react.views.progressbar.ProgressBarShadowNode
03-22 17:37:20.221 12706 12773 W unknown:ViewManagerPropertyUpdater: Could not find generated setter for class com.facebook.react.views.scroll.ReactScrollViewManager
03-22 17:37:20.224 12706 12773 W unknown:ViewManagerPropertyUpdater: Could not find generated setter for class com.facebook.react.views.slider.ReactSliderManager
03-22 17:37:20.231 12706 12773 W unknown:ViewManagerPropertyUpdater: Could not find generated setter for class com.facebook.react.views.slider.ReactSliderManager$ReactSliderShadowNode
03-22 17:37:20.234 12706 12773 W unknown:ViewManagerPropertyUpdater: Could not find generated setter for class com.facebook.react.views.switchview.ReactSwitchManager
03-22 17:37:20.236 12706 12773 W unknown:ViewManagerPropertyUpdater: Could not find generated setter for class com.facebook.react.views.switchview.ReactSwitchManager$ReactSwitchShadowNode
03-22 17:37:20.237 12706 12773 W unknown:ViewManagerPropertyUpdater: Could not find generated setter for class com.facebook.react.views.swiperefresh.SwipeRefreshLayoutManager
03-22 17:37:20.240 12706 12773 W unknown:ViewManagerPropertyUpdater: Could not find generated setter for class com.facebook.react.views.text.frescosupport.FrescoBasedReactTextInlineImageViewManager
03-22 17:37:20.240 12706 12773 W unknown:ViewManagerPropertyUpdater: Could not find generated setter for class com.facebook.react.views.text.frescosupport.FrescoBasedReactTextInlineImageShadowNode
03-22 17:37:20.246 12706 12773 W unknown:ViewManagerPropertyUpdater: Could not find generated setter for class com.facebook.react.views.image.ReactImageManager
03-22 17:37:20.250 12706 12773 W unknown:ViewManagerPropertyUpdater: Could not find generated setter for class com.facebook.react.views.modal.ReactModalHostManager
03-22 17:37:20.252 12706 12773 W unknown:ViewManagerPropertyUpdater: Could not find generated setter for class com.facebook.react.views.modal.ModalHostShadowNode
03-22 17:37:20.254 12706 12773 W unknown:ViewManagerPropertyUpdater: Could not find generated setter for class com.facebook.react.views.text.ReactRawTextManager
03-22 17:37:20.255 12706 12773 W unknown:ViewManagerPropertyUpdater: Could not find generated setter for class com.facebook.react.views.text.ReactRawTextShadowNode
03-22 17:37:20.256 12706 12773 W unknown:ViewManagerPropertyUpdater: Could not find generated setter for class com.facebook.react.views.textinput.ReactTextInputManager
03-22 17:37:20.260 12706 12773 W unknown:ViewManagerPropertyUpdater: Could not find generated setter for class com.facebook.react.views.textinput.ReactTextInputShadowNode
03-22 17:37:20.264 12706 12773 W unknown:ViewManagerPropertyUpdater: Could not find generated setter for class com.facebook.react.views.text.ReactTextViewManager
03-22 17:37:20.267 12706 12773 W unknown:ViewManagerPropertyUpdater: Could not find generated setter for class com.facebook.react.views.text.ReactTextShadowNode
03-22 17:37:20.269 12706 12773 W unknown:ViewManagerPropertyUpdater: Could not find generated setter for class com.facebook.react.views.view.ReactViewManager
03-22 17:37:20.272 12706 12773 W unknown:ViewManagerPropertyUpdater: Could not find generated setter for class com.facebook.react.views.text.ReactVirtualTextViewManager
03-22 17:37:20.273 12706 12773 W unknown:ViewManagerPropertyUpdater: Could not find generated setter for class com.facebook.react.views.text.ReactVirtualTextShadowNode
03-22 17:37:20.276 12706 12773 W unknown:ViewManagerPropertyUpdater: Could not find generated setter for class com.facebook.react.views.unimplementedview.ReactUnimplementedViewManager
03-22 17:37:20.307 12706 12773 W unknown:ReactContext: initializeMessageQueueThreads() is called.
03-22 17:37:20.307 12706 12706 D AsyncStorageIRLegacy: Async-storage is busy!
03-22 17:37:20.321 12706 12770 I DetoxDispatcher: Done with action '_init'
03-22 17:37:20.321 12706 12770 I DetoxDispatcher: Handling action 'isReady' (ID #-1000)...
03-22 17:37:20.331 12706 12773 D SoLoader: About to load: libyoga.so
03-22 17:37:20.333 12706 12773 D SoLoader: libyoga.so not found on /data/data/com.detoxsample/lib-main
03-22 17:37:20.335 12706 12773 D SoLoader: libyoga.so found on /data/app/~~eHhQHZ_HpuhSm9p_FwwNuA==/com.detoxsample-y-qoCSqDngSUM6AD6fUyHA==/lib/x86_64
03-22 17:37:20.336 12706 12773 D SoLoader: Not resolving dependencies for libyoga.so
03-22 17:37:20.339 12706 12706 W com.detoxsampl: Accessing hidden method Landroid/os/MessageQueue;->next()Landroid/os/Message; (unsupported, reflection, allowed)
03-22 17:37:20.340 12706 12706 W com.detoxsampl: Accessing hidden field Landroid/os/MessageQueue;->mMessages:Landroid/os/Message; (unsupported, reflection, allowed)
03-22 17:37:20.340 12706 12706 W com.detoxsampl: Accessing hidden method Landroid/os/Message;->recycleUnchecked()V (unsupported, reflection, allowed)
03-22 17:37:20.345 12706 12773 D SoLoader: Loaded: libyoga.so
03-22 17:37:20.383 12706 12772 D SoLoader: About to load: libreactnativeblob.so
03-22 17:37:20.384 12706 12772 D SoLoader: libreactnativeblob.so not found on /data/data/com.detoxsample/lib-main
03-22 17:37:20.384 12706 12772 D SoLoader: libreactnativeblob.so found on /data/app/~~eHhQHZ_HpuhSm9p_FwwNuA==/com.detoxsample-y-qoCSqDngSUM6AD6fUyHA==/lib/x86_64
03-22 17:37:20.384 12706 12772 D SoLoader: Not resolving dependencies for libreactnativeblob.so
03-22 17:37:20.387 12706 12772 D SoLoader: Loaded: libreactnativeblob.so
03-22 17:37:20.494 12706 12773 I flipper : flipper: FlipperClient::addPlugin Fresco
03-22 17:37:20.505 12706 12773 I WebViewFactory: Loading com.google.android.webview version 91.0.4472.114 (code 447211487)
03-22 17:37:20.556 12706 12773 W com.detoxsampl: Accessing hidden method Landroid/os/Trace;->isTagEnabled(J)Z (unsupported, reflection, allowed)
03-22 17:37:20.556 12706 12773 W com.detoxsampl: Accessing hidden method Landroid/os/Trace;->traceBegin(JLjava/lang/String;)V (unsupported, reflection, allowed)
03-22 17:37:20.556 12706 12773 W com.detoxsampl: Accessing hidden method Landroid/os/Trace;->traceEnd(J)V (unsupported, reflection, allowed)
03-22 17:37:20.556 12706 12773 W com.detoxsampl: Accessing hidden method Landroid/os/Trace;->asyncTraceBegin(JLjava/lang/String;I)V (unsupported, reflection, allowed)
03-22 17:37:20.556 12706 12773 W com.detoxsampl: Accessing hidden method Landroid/os/Trace;->asyncTraceEnd(JLjava/lang/String;I)V (unsupported, reflection, allowed)
03-22 17:37:20.596 12706 12773 I cr_LibraryLoader: Loaded native library version number "91.0.4472.114"
03-22 17:37:20.599 12706 12773 I cr_CachingUmaRecorder: Flushed 5 samples from 5 histograms.
03-22 17:37:20.604 12706 12772 I ReactNativeJS: Running "DetoxSample" with {"rootTag":1}
03-22 17:37:20.821 12706 12706 D CompatibilityChangeReporter: Compat change id reported: 171228096; UID 10166; state: ENABLED
03-22 17:37:20.823 12706 12706 W com.detoxsampl: Accessing hidden field Landroid/widget/ScrollView;->mScroller:Landroid/widget/OverScroller; (unsupported, reflection, allowed)
03-22 17:37:20.861 12706 12706 I Detox   : Wait is over: app is now idle!
03-22 17:37:20.862 12706 12770 I DetoxWSClient: Sending out action 'ready' (ID #-1000)
03-22 17:37:20.862 12706 12770 I DetoxDispatcher: Done with action 'isReady'
03-22 17:37:20.862 12706 12770 I DetoxDispatcher: Handling action 'loginSuccess' (ID #0)...
03-22 17:37:20.862 12706 12770 I DetoxDispatcher: Done with action 'loginSuccess'
03-22 17:37:20.863 12706 12770 I DetoxDispatcher: Handling action 'isReady' (ID #-1000)...
03-22 17:37:20.871 12706 12706 I Detox   : Wait is over: app is now idle!
03-22 17:37:20.871 12706 12770 I DetoxWSClient: Sending out action 'ready' (ID #-1000)
03-22 17:37:20.872 12706 12770 I DetoxDispatcher: Done with action 'isReady'
03-22 17:37:20.965 12706 12775 D DetoxWSClient: Received action 'invoke' (ID #1, params={"target":{"type":"Class","value":"com.wix.detox.espresso.EspressoDetox"},"method":"perform","args":[{"type":"Invocation","value":{"target":{"type":"Class","value":"androidx.test.espresso.Espresso"},"method":"onView","args":[{"type":"Invocation","value":{"target":{"type":"Class","value":"com.wix.detox.espresso.DetoxMatcher"},"method":"matcherForTestId","args":["initRazorpay"]}}]}},{"type":"Invocation","value":{"target":{"type":"Class","value":"com.wix.detox.espresso.DetoxViewActions"},"method":"click","args":[]}}]})
03-22 17:37:20.967 12706 12770 I DetoxDispatcher: Handling action 'invoke' (ID #1)...
03-22 17:37:20.992 12706 12770 D Detox   : class com.wix.detox.espresso.DetoxMatcher, matcherForTestId, [initRazorpay]
03-22 17:37:21.034 12706 12770 D Detox   : class androidx.test.espresso.Espresso, onView, [(view.getTag() is "initRazorpay" and view has effective visibility <VISIBLE>)]
03-22 17:37:21.036 12706 12770 D Detox   : class com.wix.detox.espresso.DetoxViewActions, click, []
03-22 17:37:21.040 12706 12770 W com.detoxsampl: Accessing hidden method Landroid/view/ViewConfiguration;->getDoubleTapMinTime()I (unsupported, reflection, allowed)
03-22 17:37:21.057 12706 12770 D Detox   : class com.wix.detox.espresso.EspressoDetox, perform, [androidx.test.espresso.ViewInteraction@adb8ee6, com.wix.detox.espresso.action.RNClickAction@ea1c27]
03-22 17:37:21.087 12706 12706 W com.detoxsampl: Accessing hidden method Landroid/view/WindowManagerGlobal;->getInstance()Landroid/view/WindowManagerGlobal; (unsupported, reflection, allowed)
03-22 17:37:21.087 12706 12706 W com.detoxsampl: Accessing hidden field Landroid/view/WindowManagerGlobal;->mViews:Ljava/util/ArrayList; (unsupported, reflection, allowed)
03-22 17:37:21.087 12706 12706 W com.detoxsampl: Accessing hidden field Landroid/view/WindowManagerGlobal;->mParams:Ljava/util/ArrayList; (unsupported, reflection, allowed)
03-22 17:37:21.116 12706 12706 I ViewInteraction: Performing 'com.wix.detox.espresso.action.detoxsingletap@841b372 click' action on view (view.getTag() is "initRazorpay" and view has effective visibility <VISIBLE>)
03-22 17:37:21.172 12706 12772 I ReactNativeJS: clicked
03-22 17:37:21.204 12706 12758 D EGL_emulation: app_time_stats: avg=263.57ms min=1.75ms max=832.55ms count=5
03-22 17:37:21.570 12706 12706 I Detox   : AnimatedModule is busy.
03-22 17:37:21.576 12706 12706 I Detox   : AnimatedModule is busy.
03-22 17:37:21.584 12706 12706 I Detox   : AnimatedModule is busy.
03-22 17:37:21.595 12706 12706 I Detox   : AnimatedModule is busy.
03-22 17:37:21.616 12706 12706 I Detox   : AnimatedModule is busy.
03-22 17:37:21.628 12706 12706 I Detox   : AnimatedModule is busy.
03-22 17:37:21.646 12706 12706 I Detox   : AnimatedModule is busy.
03-22 17:37:21.663 12706 12706 I Detox   : AnimatedModule is busy.
03-22 17:37:21.680 12706 12706 I Detox   : AnimatedModule is busy.
03-22 17:37:21.695 12706 12706 I Detox   : AnimatedModule is busy.
03-22 17:37:21.711 12706 12706 I Detox   : AnimatedModule is busy.
03-22 17:37:22.189 12706 12770 I DetoxWSClient: Sending out action 'invokeResult' (ID #1)
03-22 17:37:22.190 12706 12770 I DetoxDispatcher: Done with action 'invoke'
03-22 17:37:22.198 12706 12775 D DetoxWSClient: Received action 'invoke' (ID #2, params={"target":{"type":"Class","value":"com.wix.detox.espresso.DetoxAssertion"},"method":"assertMatcher","args":[{"type":"Invocation","value":{"target":{"type":"Class","value":"androidx.test.espresso.Espresso"},"method":"onView","args":[{"type":"Invocation","value":{"target":{"type":"Class","value":"com.wix.detox.espresso.DetoxMatcher"},"method":"matcherForText","args":["Razorpay Initialized"]}}]}},{"type":"Invocation","value":{"target":{"type":"Class","value":"com.wix.detox.espresso.DetoxMatcher"},"method":"matcherForSufficientlyVisible","args":[{"type":"Integer","value":75}]}}]})
03-22 17:37:22.199 12706 12770 I DetoxDispatcher: Handling action 'invoke' (ID #2)...
03-22 17:37:22.200 12706 12770 D Detox   : class com.wix.detox.espresso.DetoxMatcher, matcherForText, [Razorpay Initialized]
03-22 17:37:22.202 12706 12770 D Detox   : class androidx.test.espresso.Espresso, onView, [(an instance of android.widget.TextView and view.getText() with or without transformation to match: is "Razorpay Initialized" and view has effective visibility <VISIBLE>)]
03-22 17:37:22.203 12706 12770 D Detox   : class com.wix.detox.espresso.DetoxMatcher, matcherForSufficientlyVisible, [75]
03-22 17:37:22.204 12706 12770 D Detox   : class com.wix.detox.espresso.DetoxAssertion, assertMatcher, [androidx.test.espresso.ViewInteraction@be9e18c, (view has effective visibility <VISIBLE> and view.getGlobalVisibleRect() covers at least <75> percent of the view's area)]
03-22 17:37:22.210 12706 12706 I ViewInteraction: Checking 'MatchesViewAssertion(Detox){viewMatcher=(view has effective visibility <VISIBLE> and view.getGlobalVisibleRect() covers at least <75> percent of the view's area)}' assertion on view (an instance of android.widget.TextView and view.getText() with or without transformation to match: is "Razorpay Initialized" and view has effective visibility <VISIBLE>)
03-22 17:37:22.211 12706 12770 I DetoxWSClient: Sending out action 'invokeResult' (ID #2)
03-22 17:37:22.212 12706 12770 I DetoxDispatcher: Done with action 'invoke'
