--------- beginning of main
03-22 01:28:24.876 20026 20026 I com.detoxsampl: Late-enabling -Xcheck:jni
03-22 01:28:24.902 20026 20026 I com.detoxsampl: Unquickening 19 vdex files!
--------- beginning of system
03-22 01:28:24.963 20026 20026 W ActivityThread: Package uses different ABI(s) than its instrumentation: package[com.detoxsample]: arm64-v8a, null instrumentation[com.detoxsample.test]: null, null
03-22 01:28:24.964 20026 20026 I Typeface: Current DefaultTypeface ( lgtravel )
03-22 01:28:24.967 20026 20026 I com.detoxsampl: The ClassLoaderContext is a special shared library.
03-22 01:28:24.975 20026 20026 I com.detoxsampl: The ClassLoaderContext is a special shared library.
03-22 01:28:24.979 20026 20026 I chatty  : uid=10504(com.detoxsample) identical 1 line
03-22 01:28:24.983 20026 20026 I com.detoxsampl: The ClassLoaderContext is a special shared library.
03-22 01:28:25.153 20026 20026 D ApplicationLoaders: Returning zygote-cached class loader: /system/framework/android.test.base.jar
03-22 01:28:25.153 20026 20026 D ApplicationLoaders: Returning zygote-cached class loader: /system/framework/android.test.base.jar
03-22 01:28:25.154 20026 20026 I com.detoxsampl: The ClassLoaderContext is a special shared library.
03-22 01:28:25.157 20026 20026 D ApplicationLoaders: Returning zygote-cached class loader: /system/framework/android.test.base.jar
03-22 01:28:25.157 20026 20026 D ApplicationLoaders: Returning zygote-cached class loader: /system/framework/android.test.base.jar
03-22 01:28:25.158 20026 20026 I com.detoxsampl: The ClassLoaderContext is a special shared library.
03-22 01:28:25.162 20026 20026 I chatty  : uid=10504(com.detoxsample) identical 2 lines
03-22 01:28:25.163 20026 20026 I com.detoxsampl: The ClassLoaderContext is a special shared library.
03-22 01:28:25.324 20026 20026 W com.detoxsampl: Accessing hidden method Landroid/app/Instrumentation;->execStartActivity(Landroid/content/Context;Landroid/os/IBinder;Landroid/os/IBinder;Landroid/app/Activity;Landroid/content/Intent;ILandroid/os/Bundle;)Landroid/app/Instrumentation$ActivityResult; (greylist, linking, allowed)
03-22 01:28:25.324 20026 20026 W com.detoxsampl: Accessing hidden method Landroid/app/Instrumentation;->execStartActivity(Landroid/content/Context;Landroid/os/IBinder;Landroid/os/IBinder;Ljava/lang/String;Landroid/content/Intent;ILandroid/os/Bundle;)Landroid/app/Instrumentation$ActivityResult; (greylist, linking, allowed)
03-22 01:28:25.330 20026 20026 D NetworkSecurityConfig: Using Network Security Config from resource network_security_config debugBuild: true
03-22 01:28:25.334 20026 20026 D NetworkSecurityConfig: Using Network Security Config from resource network_security_config debugBuild: true
03-22 01:28:25.336 20026 20026 I MonitoringInstr: Instrumentation started!
03-22 01:28:25.348 20026 20026 V TestEventClient: No service name argument was given (testDiscoveryService, testRunEventService or orchestratorService)
03-22 01:28:25.351 20026 20026 D SoLoader: init start
03-22 01:28:25.352 20026 20026 D SoLoader: adding system library source: /vendor/lib64
03-22 01:28:25.352 20026 20026 D SoLoader: adding system library source: /system/lib64
03-22 01:28:25.352 20026 20026 D SoLoader: adding application source: com.facebook.soloader.DirectorySoSource[root = /data/app/~~GURC8ca5zPY9mTvIagZpdg==/com.detoxsample-AEjZkOLuRHb3oR3KD7U7nQ==/lib/arm64 flags = 0]
03-22 01:28:25.353 20026 20026 D SoLoader: adding backup source from : com.facebook.soloader.ApkSoSource[root = /data/data/com.detoxsample/lib-main flags = 1]
03-22 01:28:25.353 20026 20026 D SoLoader: Preparing SO source: com.facebook.soloader.DirectorySoSource[root = /system/lib64 flags = 2]
03-22 01:28:25.353 20026 20026 D SoLoader: Preparing SO source: com.facebook.soloader.DirectorySoSource[root = /vendor/lib64 flags = 2]
03-22 01:28:25.354 20026 20026 D SoLoader: Preparing SO source: com.facebook.soloader.DirectorySoSource[root = /data/app/~~GURC8ca5zPY9mTvIagZpdg==/com.detoxsample-AEjZkOLuRHb3oR3KD7U7nQ==/lib/arm64 flags = 0]
03-22 01:28:25.354 20026 20026 D SoLoader: Preparing SO source: com.facebook.soloader.ApkSoSource[root = /data/data/com.detoxsample/lib-main flags = 1]
03-22 01:28:25.354 20026 20026 V fb-UnpackingSoSource: locked dso store /data/user/0/com.detoxsample/lib-main
03-22 01:28:25.356 20026 20026 V fb-UnpackingSoSource: deps mismatch on deps store: regenerating
03-22 01:28:25.356 20026 20026 V fb-UnpackingSoSource: so store dirty: regenerating
03-22 01:28:25.403 20026 20026 D ApkSoSource: not allowing consideration of lib/arm64-v8a/libbetter.so: deferring to libdir
03-22 01:28:25.404 20026 20026 D ApkSoSource: not allowing consideration of lib/arm64-v8a/libc++_shared.so: deferring to libdir
03-22 01:28:25.404 20026 20026 D ApkSoSource: not allowing consideration of lib/arm64-v8a/libevent-2.1.so: deferring to libdir
03-22 01:28:25.404 20026 20026 D ApkSoSource: not allowing consideration of lib/arm64-v8a/libevent_core-2.1.so: deferring to libdir
03-22 01:28:25.404 20026 20026 D ApkSoSource: not allowing consideration of lib/arm64-v8a/libevent_extra-2.1.so: deferring to libdir
03-22 01:28:25.404 20026 20026 D ApkSoSource: not allowing consideration of lib/arm64-v8a/libfabricjni.so: deferring to libdir
03-22 01:28:25.404 20026 20026 D ApkSoSource: not allowing consideration of lib/arm64-v8a/libfb.so: deferring to libdir
03-22 01:28:25.404 20026 20026 D ApkSoSource: not allowing consideration of lib/arm64-v8a/libfbjni.so: deferring to libdir
03-22 01:28:25.404 20026 20026 D ApkSoSource: not allowing consideration of lib/arm64-v8a/libflipper.so: deferring to libdir
03-22 01:28:25.404 20026 20026 D ApkSoSource: not allowing consideration of lib/arm64-v8a/libfolly_futures.so: deferring to libdir
03-22 01:28:25.404 20026 20026 D ApkSoSource: not allowing consideration of lib/arm64-v8a/libfolly_json.so: deferring to libdir
03-22 01:28:25.404 20026 20026 D ApkSoSource: not allowing consideration of lib/arm64-v8a/libglog.so: deferring to libdir
03-22 01:28:25.404 20026 20026 D ApkSoSource: not allowing consideration of lib/arm64-v8a/libglog_init.so: deferring to libdir
03-22 01:28:25.404 20026 20026 D ApkSoSource: not allowing consideration of lib/arm64-v8a/libimagepipeline.so: deferring to libdir
03-22 01:28:25.404 20026 20026 D ApkSoSource: not allowing consideration of lib/arm64-v8a/libjsc.so: deferring to libdir
03-22 01:28:25.404 20026 20026 D ApkSoSource: not allowing consideration of lib/arm64-v8a/libjscexecutor.so: deferring to libdir
03-22 01:28:25.404 20026 20026 D ApkSoSource: not allowing consideration of lib/arm64-v8a/libjsi.so: deferring to libdir
03-22 01:28:25.404 20026 20026 D ApkSoSource: not allowing consideration of lib/arm64-v8a/libjsijniprofiler.so: deferring to libdir
03-22 01:28:25.404 20026 20026 D ApkSoSource: not allowing consideration of lib/arm64-v8a/libjsinspector.so: deferring to libdir
03-22 01:28:25.405 20026 20026 D ApkSoSource: not allowing consideration of lib/arm64-v8a/liblogger.so: deferring to libdir
03-22 01:28:25.405 20026 20026 D ApkSoSource: not allowing consideration of lib/arm64-v8a/libmapbufferjni.so: deferring to libdir
03-22 01:28:25.405 20026 20026 D ApkSoSource: not allowing consideration of lib/arm64-v8a/libnative-filters.so: deferring to libdir
03-22 01:28:25.405 20026 20026 D ApkSoSource: not allowing consideration of lib/arm64-v8a/libnative-imagetranscoder.so: deferring to libdir
03-22 01:28:25.405 20026 20026 D ApkSoSource: not allowing consideration of lib/arm64-v8a/libreact_codegen_rncore.so: deferring to libdir
03-22 01:28:25.405 20026 20026 D ApkSoSource: not allowing consideration of lib/arm64-v8a/libreact_debug.so: deferring to libdir
03-22 01:28:25.405 20026 20026 D ApkSoSource: not allowing consideration of lib/arm64-v8a/libreact_nativemodule_core.so: deferring to libdir
03-22 01:28:25.405 20026 20026 D ApkSoSource: not allowing consideration of lib/arm64-v8a/libreact_render_animations.so: deferring to libdir
03-22 01:28:25.405 20026 20026 D ApkSoSource: not allowing consideration of lib/arm64-v8a/libreact_render_attributedstring.so: deferring to libdir
03-22 01:28:25.405 20026 20026 D ApkSoSource: not allowing consideration of lib/arm64-v8a/libreact_render_componentregistry.so: deferring to libdir
03-22 01:28:25.405 20026 20026 D ApkSoSource: not allowing consideration of lib/arm64-v8a/libreact_render_core.so: deferring to libdir
03-22 01:28:25.405 20026 20026 D ApkSoSource: not allowing consideration of lib/arm64-v8a/libreact_render_debug.so: deferring to libdir
03-22 01:28:25.405 20026 20026 D ApkSoSource: not allowing consideration of lib/arm64-v8a/libreact_render_graphics.so: deferring to libdir
03-22 01:28:25.405 20026 20026 D ApkSoSource: not allowing consideration of lib/arm64-v8a/libreact_render_imagemanager.so: deferring to libdir
03-22 01:28:25.405 20026 20026 D ApkSoSource: not allowing consideration of lib/arm64-v8a/libreact_render_leakchecker.so: deferring to libdir
03-22 01:28:25.405 20026 20026 D ApkSoSource: not allowing consideration of lib/arm64-v8a/libreact_render_mapbuffer.so: deferring to libdir
03-22 01:28:25.405 20026 20026 D ApkSoSource: not allowing consideration of lib/arm64-v8a/libreact_render_mounting.so: deferring to libdir
03-22 01:28:25.405 20026 20026 D ApkSoSource: not allowing consideration of lib/arm64-v8a/libreact_render_runtimescheduler.so: deferring to libdir
03-22 01:28:25.405 20026 20026 D ApkSoSource: not allowing consideration of lib/arm64-v8a/libreact_render_scheduler.so: deferring to libdir
03-22 01:28:25.405 20026 20026 D ApkSoSource: not allowing consideration of lib/arm64-v8a/libreact_render_telemetry.so: deferring to libdir
03-22 01:28:25.405 20026 20026 D ApkSoSource: not allowing consideration of lib/arm64-v8a/libreact_render_templateprocessor.so: deferring to libdir
03-22 01:28:25.406 20026 20026 D ApkSoSource: not allowing consideration of lib/arm64-v8a/libreact_render_textlayoutmanager.so: deferring to libdir
03-22 01:28:25.406 20026 20026 D ApkSoSource: not allowing consideration of lib/arm64-v8a/libreact_render_uimanager.so: deferring to libdir
03-22 01:28:25.406 20026 20026 D ApkSoSource: not allowing consideration of lib/arm64-v8a/libreact_utils.so: deferring to libdir
03-22 01:28:25.406 20026 20026 D ApkSoSource: not allowing consideration of lib/arm64-v8a/libreactconfig.so: deferring to libdir
03-22 01:28:25.406 20026 20026 D ApkSoSource: not allowing consideration of lib/arm64-v8a/libreactnativeblob.so: deferring to libdir
03-22 01:28:25.406 20026 20026 D ApkSoSource: not allowing consideration of lib/arm64-v8a/libreactnativejni.so: deferring to libdir
03-22 01:28:25.406 20026 20026 D ApkSoSource: not allowing consideration of lib/arm64-v8a/libreactnativeutilsjni.so: deferring to libdir
03-22 01:28:25.406 20026 20026 D ApkSoSource: not allowing consideration of lib/arm64-v8a/libreactperfloggerjni.so: deferring to libdir
03-22 01:28:25.406 20026 20026 D ApkSoSource: not allowing consideration of lib/arm64-v8a/librrc_image.so: deferring to libdir
03-22 01:28:25.406 20026 20026 D ApkSoSource: not allowing consideration of lib/arm64-v8a/librrc_modal.so: deferring to libdir
03-22 01:28:25.406 20026 20026 D ApkSoSource: not allowing consideration of lib/arm64-v8a/librrc_progressbar.so: deferring to libdir
03-22 01:28:25.406 20026 20026 D ApkSoSource: not allowing consideration of lib/arm64-v8a/librrc_root.so: deferring to libdir
03-22 01:28:25.406 20026 20026 D ApkSoSource: not allowing consideration of lib/arm64-v8a/librrc_scrollview.so: deferring to libdir
03-22 01:28:25.406 20026 20026 D ApkSoSource: not allowing consideration of lib/arm64-v8a/librrc_slider.so: deferring to libdir
03-22 01:28:25.406 20026 20026 D ApkSoSource: not allowing consideration of lib/arm64-v8a/librrc_switch.so: deferring to libdir
03-22 01:28:25.406 20026 20026 D ApkSoSource: not allowing consideration of lib/arm64-v8a/librrc_text.so: deferring to libdir
03-22 01:28:25.406 20026 20026 D ApkSoSource: not allowing consideration of lib/arm64-v8a/librrc_textinput.so: deferring to libdir
03-22 01:28:25.406 20026 20026 D ApkSoSource: not allowing consideration of lib/arm64-v8a/librrc_unimplementedview.so: deferring to libdir
03-22 01:28:25.406 20026 20026 D ApkSoSource: not allowing consideration of lib/arm64-v8a/librrc_view.so: deferring to libdir
03-22 01:28:25.406 20026 20026 D ApkSoSource: not allowing consideration of lib/arm64-v8a/libturbomodulejsijni.so: deferring to libdir
03-22 01:28:25.406 20026 20026 D ApkSoSource: not allowing consideration of lib/arm64-v8a/libyoga.so: deferring to libdir
03-22 01:28:25.407 20026 20026 V fb-UnpackingSoSource: regenerating DSO store com.facebook.soloader.ApkSoSource
03-22 01:28:25.407 20026 20026 V fb-UnpackingSoSource: Finished regenerating DSO store com.facebook.soloader.ApkSoSource
03-22 01:28:25.407 20026 20026 V fb-UnpackingSoSource: starting syncer worker
03-22 01:28:25.415 20026 20026 V fb-UnpackingSoSource: releasing dso store lock for /data/user/0/com.detoxsample/lib-main (from syncer thread)
03-22 01:28:25.415 20026 20026 V fb-UnpackingSoSource: not releasing dso store lock for /data/user/0/com.detoxsample/lib-main (syncer thread started)
03-22 01:28:25.415 20026 20026 D SoLoader: init finish: 4 SO sources prepared
03-22 01:28:25.415 20026 20026 D SoLoader: init exiting
03-22 01:28:25.427 20026 20026 D SoLoader: init exiting
03-22 01:28:25.427 20026 20026 D SoLoader: About to load: libjscexecutor.so
03-22 01:28:25.428 20026 20026 D SoLoader: libjscexecutor.so not found on /data/data/com.detoxsample/lib-main
03-22 01:28:25.428 20026 20026 D SoLoader: libjscexecutor.so found on /data/app/~~GURC8ca5zPY9mTvIagZpdg==/com.detoxsample-AEjZkOLuRHb3oR3KD7U7nQ==/lib/arm64
03-22 01:28:25.428 20026 20026 D SoLoader: Not resolving dependencies for libjscexecutor.so
03-22 01:28:25.435 20026 20026 D JavaScriptCore.Version: 250230.2.1
03-22 01:28:25.437 20026 20026 D SoLoader: Loaded: libjscexecutor.so
03-22 01:28:25.438 20026 20026 D SoLoader: init exiting
03-22 01:28:25.544 20026 20026 I SensorManager: registerListenerImpl() [Sensor: LGE Accelerometer Non-wakeup, Rate: 66667, SensorEventListener: com.facebook.react.common.ShakeDetector@717fc72] by com.facebook.react.common.ShakeDetector.start():60
03-22 01:28:25.561 20026 20132 D SoLoader: About to load: libfbjni.so
03-22 01:28:25.561 20026 20132 D SoLoader: libfbjni.so not found on /data/data/com.detoxsample/lib-main
03-22 01:28:25.561 20026 20132 D SoLoader: libfbjni.so found on /data/app/~~GURC8ca5zPY9mTvIagZpdg==/com.detoxsample-AEjZkOLuRHb3oR3KD7U7nQ==/lib/arm64
03-22 01:28:25.561 20026 20132 D SoLoader: Not resolving dependencies for libfbjni.so
03-22 01:28:25.563 20026 20132 D SoLoader: Loaded: libfbjni.so
03-22 01:28:25.563 20026 20132 D SoLoader: About to load: libflipper.so
03-22 01:28:25.563 20026 20132 D SoLoader: libflipper.so not found on /data/data/com.detoxsample/lib-main
03-22 01:28:25.563 20026 20132 D SoLoader: libflipper.so found on /data/app/~~GURC8ca5zPY9mTvIagZpdg==/com.detoxsample-AEjZkOLuRHb3oR3KD7U7nQ==/lib/arm64
03-22 01:28:25.563 20026 20132 D SoLoader: Not resolving dependencies for libflipper.so
03-22 01:28:25.592 20026 20132 D SoLoader: Loaded: libflipper.so
03-22 01:28:25.607 20026 20026 W com.detoxsampl: Accessing hidden field Landroid/view/View;->mKeyedTags:Landroid/util/SparseArray; (greylist, reflection, allowed)
03-22 01:28:25.607 20026 20026 W com.detoxsampl: Accessing hidden field Landroid/view/View;->mListenerInfo:Landroid/view/View$ListenerInfo; (greylist, reflection, allowed)
03-22 01:28:25.610 20026 20026 W com.detoxsampl: Accessing hidden field Landroid/view/View$ListenerInfo;->mOnClickListener:Landroid/view/View$OnClickListener; (greylist, reflection, allowed)
03-22 01:28:25.615 20026 20026 I flipper : flipper: FlipperClient::addPlugin Inspector
03-22 01:28:25.615 20026 20026 I flipper : flipper: FlipperClient::addPlugin React
03-22 01:28:25.617 20026 20026 I flipper : flipper: FlipperClient::addPlugin Databases
03-22 01:28:25.618 20026 20026 I flipper : flipper: FlipperClient::addPlugin Preferences
03-22 01:28:25.618 20026 20026 I flipper : flipper: FlipperClient::addPlugin CrashReporter
03-22 01:28:25.621 20026 20026 I flipper : flipper: FlipperClient::addPlugin Network
03-22 01:28:25.657 20026 20103 I UsageTrackerFacilitator: Usage tracking enabled
03-22 01:28:25.660 20026 20103 I TestRequestBuilder: Scanning classpath to find tests in paths [/data/app/~~_8ehudBFFo-DNzfKoN8MNg==/com.detoxsample.test-vvnCxuMmMliDlj6SO_mZAQ==/base.apk]
03-22 01:28:25.661 20026 20103 W com.detoxsampl: Opening an oat file without a class loader. Are you using the deprecated DexFile APIs?
03-22 01:28:26.268 20026 20103 D TestExecutor: Adding listener androidx.test.internal.runner.listener.LogRunListener
03-22 01:28:26.268 20026 20103 D TestExecutor: Adding listener androidx.test.internal.runner.listener.InstrumentationResultPrinter
03-22 01:28:26.268 20026 20103 D TestExecutor: Adding listener androidx.test.internal.runner.listener.ActivityFinisherRunListener
03-22 01:28:26.269 20026 20103 I TestRunner: run started: 1 tests
03-22 01:28:26.272 20026 20103 I TestRunner: started: runDetoxTests(com.detoxsample.DetoxTest)
03-22 01:28:26.294 20026 20103 D EventInjectionStrategy: Creating injection strategy with input manager.
03-22 01:28:26.296 20026 20103 W com.detoxsampl: Accessing hidden method Landroid/hardware/input/InputManager;->getInstance()Landroid/hardware/input/InputManager; (greylist, reflection, allowed)
03-22 01:28:26.301 20026 20103 W com.detoxsampl: Accessing hidden method Landroid/hardware/input/InputManager;->injectInputEvent(Landroid/view/InputEvent;I)Z (greylist, reflection, allowed)
03-22 01:28:26.301 20026 20103 W com.detoxsampl: Accessing hidden field Landroid/hardware/input/InputManager;->INJECT_INPUT_EVENT_MODE_WAIT_FOR_FINISH:I (greylist, reflection, allowed)
03-22 01:28:26.311 20026 20103 W com.detoxsampl: Accessing hidden field Ljava/lang/reflect/Field;->accessFlags:I (greylist, reflection, allowed)
03-22 01:28:26.471 20026 20026 D LifecycleMonitor: Lifecycle status change: com.detoxsample.MainActivity@9d431df in: PRE_ON_CREATE
03-22 01:28:26.549 20026 20026 W com.detoxsampl: Accessing hidden method Landroid/view/View;->computeFitSystemWindows(Landroid/graphics/Rect;Landroid/graphics/Rect;)Z (greylist, reflection, allowed)
03-22 01:28:26.549 20026 20026 W com.detoxsampl: Accessing hidden method Landroid/view/ViewGroup;->makeOptionalFitsSystemWindows()V (greylist, reflection, allowed)
03-22 01:28:26.563 20026 20026 D LifecycleMonitor: Lifecycle status change: com.detoxsample.MainActivity@9d431df in: CREATED
03-22 01:28:26.566 20026 20026 D LifecycleMonitor: Lifecycle status change: com.detoxsample.MainActivity@9d431df in: STARTED
03-22 01:28:26.575 20026 20026 D LifecycleMonitor: Lifecycle status change: com.detoxsample.MainActivity@9d431df in: RESUMED
03-22 01:28:26.599 20026 20026 I TouchFilterInputStageHelper: [needTouchEventFilter] Displayid : 0
03-22 01:28:26.601 20026 20026 D HandGripFilter: getdisplaysize, x : 1080 y : 2340
03-22 01:28:26.606 20026 20026 W unknown:ReactNative: Packager connection already open, nooping.
03-22 01:28:26.641 20026 20164 I AdrenoGLES-0: QUALCOMM build                   : 59e4ca3, Ic42881d075
03-22 01:28:26.641 20026 20164 I AdrenoGLES-0: Build Date                       : 01/07/21
03-22 01:28:26.641 20026 20164 I AdrenoGLES-0: OpenGL ES Shader Compiler Version: EV031.32.02.06
03-22 01:28:26.641 20026 20164 I AdrenoGLES-0: Local Branch                     : mybrancheb50fcd0-9e7c-f130-bc5f-5cb90179c3d8
03-22 01:28:26.641 20026 20164 I AdrenoGLES-0: Remote Branch                    : quic/gfx-adreno.lnx.1.0.r99-rel
03-22 01:28:26.641 20026 20164 I AdrenoGLES-0: Remote Branch                    : NONE
03-22 01:28:26.641 20026 20164 I AdrenoGLES-0: Reconstruct Branch               : NOTHING
03-22 01:28:26.641 20026 20164 I AdrenoGLES-0: Build Config                     : S P 10.0.7 AArch64
03-22 01:28:26.641 20026 20164 I AdrenoGLES-0: Driver Path                      : /vendor/lib64/egl/libGLESv2_adreno.so
03-22 01:28:26.648 20026 20134 D SoLoader: About to load: libreactnativejni.so
03-22 01:28:26.648 20026 20134 D SoLoader: libreactnativejni.so not found on /data/data/com.detoxsample/lib-main
03-22 01:28:26.648 20026 20134 D SoLoader: libreactnativejni.so found on /data/app/~~GURC8ca5zPY9mTvIagZpdg==/com.detoxsample-AEjZkOLuRHb3oR3KD7U7nQ==/lib/arm64
03-22 01:28:26.648 20026 20134 D SoLoader: Not resolving dependencies for libreactnativejni.so
03-22 01:28:26.654 20026 20164 I AdrenoGLES-0: PFP: 0x016ee190, ME: 0x00000000
03-22 01:28:26.657 20026 20134 D SoLoader: Loaded: libreactnativejni.so
03-22 01:28:26.859 20026 20026 I TouchFilterInputStageHelper: [needTouchEventFilter] Displayid : 0
03-22 01:28:26.860 20026 20026 D HandGripFilter: getdisplaysize, x : 1080 y : 2340
03-22 01:28:26.905 20026 20026 I Timeline: Timeline: Activity_idle id: ActivityRecord{5617724 token=android.os.BinderProxy@d209094 {com.detoxsample/com.detoxsample.MainActivity}} time:380859133
03-22 01:28:26.915 20026 20103 I Detox   : Detox server connection details: url=ws://localhost:62414, sessionId=1ac5e35c-8e3a-60f5-ae5f-361887976f96
03-22 01:28:26.923 20026 20196 I DetoxDispatcher: Handling action '_init' (ID #0)...
03-22 01:28:26.923 20026 20196 I Detox   : Connecting to server...
03-22 01:28:26.923 20026 20196 I DetoxWSClient: At connectToServer
03-22 01:28:26.946 20026 20198 D DetoxWSClient: At onOpen
03-22 01:28:26.946 20026 20198 I DetoxWSClient: Sending out action 'login' (ID #0)
03-22 01:28:26.947 20026 20198 I Detox   : Connected to server!
03-22 01:28:26.955 20026 20198 D DetoxWSClient: Received action 'loginSuccess' (ID #0, params={"testerConnected":true,"appConnected":true})
03-22 01:28:26.974 20026 20195 W unknown:ReactContext: initializeMessageQueueThreads() is called.
03-22 01:28:26.992 20026 20026 W unknown:ReactNative: Packager connection already open, nooping.
03-22 01:28:26.993 20026 20198 D DetoxWSClient: Received action 'isReady' (ID #-1000, params={})
03-22 01:28:27.011 20026 20200 W unknown:ViewManagerPropertyUpdater: Could not find generated setter for class com.facebook.react.views.drawer.ReactDrawerLayoutManager
03-22 01:28:27.016 20026 20200 W unknown:ViewManagerPropertyUpdater: Could not find generated setter for class com.facebook.react.uimanager.LayoutShadowNode
03-22 01:28:27.019 20026 20200 W unknown:ViewManagerPropertyUpdater: Could not find generated setter for class com.facebook.react.views.scroll.ReactHorizontalScrollViewManager
03-22 01:28:27.022 20026 20200 W unknown:ViewManagerPropertyUpdater: Could not find generated setter for class com.facebook.react.views.scroll.ReactHorizontalScrollContainerViewManager
03-22 01:28:27.023 20026 20200 W unknown:ViewManagerPropertyUpdater: Could not find generated setter for class com.facebook.react.views.progressbar.ReactProgressBarViewManager
03-22 01:28:27.024 20026 20200 W unknown:ViewManagerPropertyUpdater: Could not find generated setter for class com.facebook.react.views.progressbar.ProgressBarShadowNode
03-22 01:28:27.026 20026 20200 W unknown:ViewManagerPropertyUpdater: Could not find generated setter for class com.facebook.react.views.scroll.ReactScrollViewManager
03-22 01:28:27.028 20026 20200 W unknown:ViewManagerPropertyUpdater: Could not find generated setter for class com.facebook.react.views.slider.ReactSliderManager
03-22 01:28:27.030 20026 20200 W unknown:ViewManagerPropertyUpdater: Could not find generated setter for class com.facebook.react.views.slider.ReactSliderManager$ReactSliderShadowNode
03-22 01:28:27.030 20026 20200 W unknown:ViewManagerPropertyUpdater: Could not find generated setter for class com.facebook.react.views.switchview.ReactSwitchManager
03-22 01:28:27.032 20026 20200 W unknown:ViewManagerPropertyUpdater: Could not find generated setter for class com.facebook.react.views.switchview.ReactSwitchManager$ReactSwitchShadowNode
03-22 01:28:27.033 20026 20200 W unknown:ViewManagerPropertyUpdater: Could not find generated setter for class com.facebook.react.views.swiperefresh.SwipeRefreshLayoutManager
03-22 01:28:27.035 20026 20200 W unknown:ViewManagerPropertyUpdater: Could not find generated setter for class com.facebook.react.views.text.frescosupport.FrescoBasedReactTextInlineImageViewManager
03-22 01:28:27.035 20026 20200 W unknown:ViewManagerPropertyUpdater: Could not find generated setter for class com.facebook.react.views.text.frescosupport.FrescoBasedReactTextInlineImageShadowNode
03-22 01:28:27.036 20026 20200 W unknown:ViewManagerPropertyUpdater: Could not find generated setter for class com.facebook.react.views.image.ReactImageManager
03-22 01:28:27.038 20026 20200 W unknown:ViewManagerPropertyUpdater: Could not find generated setter for class com.facebook.react.views.modal.ReactModalHostManager
03-22 01:28:27.039 20026 20200 W unknown:ViewManagerPropertyUpdater: Could not find generated setter for class com.facebook.react.views.modal.ModalHostShadowNode
03-22 01:28:27.040 20026 20200 W unknown:ViewManagerPropertyUpdater: Could not find generated setter for class com.facebook.react.views.text.ReactRawTextManager
03-22 01:28:27.040 20026 20200 W unknown:ViewManagerPropertyUpdater: Could not find generated setter for class com.facebook.react.views.text.ReactRawTextShadowNode
03-22 01:28:27.041 20026 20200 W unknown:ViewManagerPropertyUpdater: Could not find generated setter for class com.facebook.react.views.textinput.ReactTextInputManager
03-22 01:28:27.044 20026 20200 W unknown:ViewManagerPropertyUpdater: Could not find generated setter for class com.facebook.react.views.textinput.ReactTextInputShadowNode
03-22 01:28:27.047 20026 20200 W unknown:ViewManagerPropertyUpdater: Could not find generated setter for class com.facebook.react.views.text.ReactTextViewManager
03-22 01:28:27.048 20026 20200 W unknown:ViewManagerPropertyUpdater: Could not find generated setter for class com.facebook.react.views.text.ReactTextShadowNode
03-22 01:28:27.049 20026 20200 W unknown:ViewManagerPropertyUpdater: Could not find generated setter for class com.facebook.react.views.view.ReactViewManager
03-22 01:28:27.051 20026 20200 W unknown:ViewManagerPropertyUpdater: Could not find generated setter for class com.facebook.react.views.text.ReactVirtualTextViewManager
03-22 01:28:27.052 20026 20200 W unknown:ViewManagerPropertyUpdater: Could not find generated setter for class com.facebook.react.views.text.ReactVirtualTextShadowNode
03-22 01:28:27.052 20026 20200 W unknown:ViewManagerPropertyUpdater: Could not find generated setter for class com.facebook.react.views.unimplementedview.ReactUnimplementedViewManager
03-22 01:28:27.062 20026 20200 W unknown:ReactContext: initializeMessageQueueThreads() is called.
03-22 01:28:27.064 20026 20200 D SoLoader: About to load: libyoga.so
03-22 01:28:27.064 20026 20200 D SoLoader: libyoga.so not found on /data/data/com.detoxsample/lib-main
03-22 01:28:27.064 20026 20200 D SoLoader: libyoga.so found on /data/app/~~GURC8ca5zPY9mTvIagZpdg==/com.detoxsample-AEjZkOLuRHb3oR3KD7U7nQ==/lib/arm64
03-22 01:28:27.064 20026 20200 D SoLoader: Not resolving dependencies for libyoga.so
03-22 01:28:27.067 20026 20200 D SoLoader: Loaded: libyoga.so
03-22 01:28:27.074 20026 20026 I DetoxRNLoading: Got new RN-context async'ly through listener
03-22 01:28:27.074 20026 20196 I DetoxRNIdleRes: Setting up Espresso Idling Resources for React Native
03-22 01:28:27.089 20026 20196 D AsyncStorageIR: Checking whether a custom IR for Async-Storage is required... (legacy=false)
03-22 01:28:27.090 20026 20196 D DetoxRNHelpers: Native RN module resolution (class com.reactnativecommunity.asyncstorage.AsyncStorageModule): no such class
03-22 01:28:27.090 20026 20196 D AsyncStorageIR: Checking whether a custom IR for Async-Storage is required... (legacy=true)
03-22 01:28:27.092 20026 20196 D AsyncStorageIR: IR for Async-Storage is required! (legacy=true)
03-22 01:28:27.094 20026 20026 D AsyncStorageIRLegacy: Async-storage is busy!
03-22 01:28:27.099 20026 20196 I DetoxDispatcher: Done with action '_init'
03-22 01:28:27.099 20026 20196 I DetoxDispatcher: Handling action 'isReady' (ID #-1000)...
03-22 01:28:27.113 20026 20200 I flipper : flipper: FlipperClient::addPlugin Fresco
03-22 01:28:27.114 20026 20026 W com.detoxsampl: Accessing hidden method Landroid/os/MessageQueue;->next()Landroid/os/Message; (greylist, reflection, allowed)
03-22 01:28:27.114 20026 20026 W com.detoxsampl: Accessing hidden field Landroid/os/MessageQueue;->mMessages:Landroid/os/Message; (greylist, reflection, allowed)
03-22 01:28:27.114 20026 20026 W com.detoxsampl: Accessing hidden method Landroid/os/Message;->recycleUnchecked()V (greylist, reflection, allowed)
03-22 01:28:27.169 20026 20199 D SoLoader: About to load: libreactnativeblob.so
03-22 01:28:27.170 20026 20199 D SoLoader: libreactnativeblob.so not found on /data/data/com.detoxsample/lib-main
03-22 01:28:27.170 20026 20199 D SoLoader: libreactnativeblob.so found on /data/app/~~GURC8ca5zPY9mTvIagZpdg==/com.detoxsample-AEjZkOLuRHb3oR3KD7U7nQ==/lib/arm64
03-22 01:28:27.170 20026 20199 D SoLoader: Not resolving dependencies for libreactnativeblob.so
03-22 01:28:27.172 20026 20199 D SoLoader: Loaded: libreactnativeblob.so
03-22 01:28:27.222 20026 20200 I WebViewFactory: Loading com.google.android.webview version 99.0.4844.58 (code 484405833)
03-22 01:28:27.349 20026 20199 I ReactNativeJS: Running "DetoxSample" with {"rootTag":1}
03-22 01:28:27.352 20026 20200 W com.detoxsampl: Accessing hidden method Landroid/os/Trace;->isTagEnabled(J)Z (greylist, reflection, allowed)
03-22 01:28:27.352 20026 20200 W com.detoxsampl: Accessing hidden method Landroid/os/Trace;->traceBegin(JLjava/lang/String;)V (greylist, reflection, allowed)
03-22 01:28:27.352 20026 20200 W com.detoxsampl: Accessing hidden method Landroid/os/Trace;->traceEnd(J)V (greylist, reflection, allowed)
03-22 01:28:27.352 20026 20200 W com.detoxsampl: Accessing hidden method Landroid/os/Trace;->asyncTraceBegin(JLjava/lang/String;I)V (greylist, reflection, allowed)
03-22 01:28:27.352 20026 20200 W com.detoxsampl: Accessing hidden method Landroid/os/Trace;->asyncTraceEnd(JLjava/lang/String;I)V (greylist, reflection, allowed)
03-22 01:28:27.368 20026 20200 I cr_WVCFactoryProvider: Loaded version=99.0.4844.58 minSdkVersion=29 isBundle=true multiprocess=true packageId=3
03-22 01:28:27.483 20026 20200 I cr_LibraryLoader: Successfully loaded native library
03-22 01:28:27.486 20026 20200 I cr_CachingUmaRecorder: Flushed 8 samples from 8 histograms.
03-22 01:28:27.704 20026 20026 W com.detoxsampl: Accessing hidden field Landroid/widget/ScrollView;->mScroller:Landroid/widget/OverScroller; (greylist, reflection, allowed)
03-22 01:28:27.766 20026 20026 I Detox   : Wait is over: app is now idle!
03-22 01:28:27.766 20026 20196 I DetoxWSClient: Sending out action 'ready' (ID #-1000)
03-22 01:28:27.766 20026 20196 I DetoxDispatcher: Done with action 'isReady'
03-22 01:28:27.766 20026 20196 I DetoxDispatcher: Handling action 'loginSuccess' (ID #0)...
03-22 01:28:27.766 20026 20196 I DetoxDispatcher: Done with action 'loginSuccess'
03-22 01:28:27.766 20026 20196 I DetoxDispatcher: Handling action 'isReady' (ID #-1000)...
03-22 01:28:27.770 20026 20026 I Detox   : Wait is over: app is now idle!
03-22 01:28:27.770 20026 20196 I DetoxWSClient: Sending out action 'ready' (ID #-1000)
03-22 01:28:27.771 20026 20196 I DetoxDispatcher: Done with action 'isReady'
03-22 01:28:27.777 20026 20352 D SoLoader: About to load: libimagepipeline.so
03-22 01:28:27.777 20026 20352 D SoLoader: libimagepipeline.so not found on /data/data/com.detoxsample/lib-main
03-22 01:28:27.777 20026 20352 D SoLoader: libimagepipeline.so found on /data/app/~~GURC8ca5zPY9mTvIagZpdg==/com.detoxsample-AEjZkOLuRHb3oR3KD7U7nQ==/lib/arm64
03-22 01:28:27.777 20026 20352 D SoLoader: Not resolving dependencies for libimagepipeline.so
03-22 01:28:27.779 20026 20352 D SoLoader: Loaded: libimagepipeline.so
