--------- beginning of main
03-22 11:34:50.022   678  1036 I flipper : flipper: FlipperClient::addPlugin Fresco
03-22 11:34:50.111   678  1034 D SoLoader: About to load: libreactnativeblob.so
03-22 11:34:50.112   678  1034 D SoLoader: libreactnativeblob.so not found on /data/data/com.detoxsample/lib-main
03-22 11:34:50.112   678  1034 D SoLoader: libreactnativeblob.so found on /data/app/~~vDihS-GvWv9IxfiytFZ0Uw==/com.detoxsample-OkzOdJ0_MIlEetMVPUr0KA==/lib/arm64
03-22 11:34:50.112   678  1034 D SoLoader: Not resolving dependencies for libreactnativeblob.so
03-22 11:34:50.113   678  1034 D SoLoader: Loaded: libreactnativeblob.so
03-22 11:34:50.182   678  1036 I WebViewFactory: Loading com.google.android.webview version 99.0.4844.58 (code 484405833)
03-22 11:34:50.249   678  1036 W com.detoxsampl: Accessing hidden method Landroid/os/Trace;->isTagEnabled(J)Z (greylist, reflection, allowed)
03-22 11:34:50.249   678  1036 W com.detoxsampl: Accessing hidden method Landroid/os/Trace;->traceBegin(JLjava/lang/String;)V (greylist, reflection, allowed)
03-22 11:34:50.250   678  1036 W com.detoxsampl: Accessing hidden method Landroid/os/Trace;->traceEnd(J)V (greylist, reflection, allowed)
03-22 11:34:50.250   678  1036 W com.detoxsampl: Accessing hidden method Landroid/os/Trace;->asyncTraceBegin(JLjava/lang/String;I)V (greylist, reflection, allowed)
03-22 11:34:50.250   678  1036 W com.detoxsampl: Accessing hidden method Landroid/os/Trace;->asyncTraceEnd(JLjava/lang/String;I)V (greylist, reflection, allowed)
03-22 11:34:50.262   678  1036 I cr_WVCFactoryProvider: Loaded version=99.0.4844.58 minSdkVersion=29 isBundle=true multiprocess=true packageId=3
03-22 11:34:50.308   678  1036 I cr_LibraryLoader: Successfully loaded native library
03-22 11:34:50.312   678  1036 I cr_CachingUmaRecorder: Flushed 8 samples from 8 histograms.
03-22 11:34:50.315   678  1034 I ReactNativeJS: Running "DetoxSample" with {"rootTag":1}
03-22 11:34:50.503   678   678 W com.detoxsampl: Accessing hidden field Landroid/widget/ScrollView;->mScroller:Landroid/widget/OverScroller; (greylist, reflection, allowed)
03-22 11:34:50.524   678   678 I Detox   : UIManagerModule is busy
03-22 11:34:50.555   678   678 I Detox   : Wait is over: app is now idle!
03-22 11:34:50.555   678  1050 I DetoxWSClient: Sending out action 'ready' (ID #-1000)
03-22 11:34:50.556   678  1050 I DetoxDispatcher: Done with action 'isReady'
03-22 11:34:50.556   678  1050 I DetoxDispatcher: Handling action 'loginSuccess' (ID #0)...
03-22 11:34:50.556   678  1050 I DetoxDispatcher: Done with action 'loginSuccess'
03-22 11:34:50.556   678  1050 I DetoxDispatcher: Handling action 'isReady' (ID #-1000)...
03-22 11:34:50.560   678   678 I Detox   : Wait is over: app is now idle!
03-22 11:34:50.560   678  1050 I DetoxWSClient: Sending out action 'ready' (ID #-1000)
03-22 11:34:50.560   678  1050 I DetoxDispatcher: Done with action 'isReady'
03-22 11:34:50.636   678  1057 D DetoxWSClient: Received action 'invoke' (ID #1, params={"target":{"type":"Class","value":"com.wix.detox.espresso.EspressoDetox"},"method":"perform","args":[{"type":"Invocation","value":{"target":{"type":"Class","value":"androidx.test.espresso.Espresso"},"method":"onView","args":[{"type":"Invocation","value":{"target":{"type":"Class","value":"com.wix.detox.espresso.DetoxMatcher"},"method":"matcherForTestId","args":["initRazorpay"]}}]}},{"type":"Invocation","value":{"target":{"type":"Class","value":"com.wix.detox.espresso.DetoxViewActions"},"method":"click","args":[]}}]})
03-22 11:34:50.636   678  1050 I DetoxDispatcher: Handling action 'invoke' (ID #1)...
03-22 11:34:50.641   678  1050 D Detox   : class com.wix.detox.espresso.DetoxMatcher, matcherForTestId, [initRazorpay]
03-22 11:34:50.654   678  1050 D Detox   : class androidx.test.espresso.Espresso, onView, [(view.getTag() is "initRazorpay" and view has effective visibility <VISIBLE>)]
03-22 11:34:50.655   678  1050 D Detox   : class com.wix.detox.espresso.DetoxViewActions, click, []
03-22 11:34:50.657   678  1050 W com.detoxsampl: Accessing hidden method Landroid/view/ViewConfiguration;->getDoubleTapMinTime()I (greylist, reflection, allowed)
03-22 11:34:50.660   678  1050 D Detox   : class com.wix.detox.espresso.EspressoDetox, perform, [androidx.test.espresso.ViewInteraction@7526da3, com.wix.detox.espresso.action.RNClickAction@a9288a0]
03-22 11:34:50.671   678   678 W com.detoxsampl: Accessing hidden method Landroid/view/WindowManagerGlobal;->getInstance()Landroid/view/WindowManagerGlobal; (greylist, reflection, allowed)
03-22 11:34:50.671   678   678 W com.detoxsampl: Accessing hidden field Landroid/view/WindowManagerGlobal;->mViews:Ljava/util/ArrayList; (greylist, reflection, allowed)
03-22 11:34:50.671   678   678 W com.detoxsampl: Accessing hidden field Landroid/view/WindowManagerGlobal;->mParams:Ljava/util/ArrayList; (greylist, reflection, allowed)
03-22 11:34:50.675   678   678 I ViewInteraction: Performing 'com.wix.detox.espresso.action.detoxsingletap@566601e click' action on view (view.getTag() is "initRazorpay" and view has effective visibility <VISIBLE>)
--------- beginning of system
03-22 11:34:50.681   678   678 I ViewRootImpl: ViewRoot's Touch Event : ACTION_DOWN
03-22 11:34:50.709   678   678 I ViewRootImpl: ViewRoot's Touch Event : ACTION_UP
03-22 11:34:50.724   678  1034 I ReactNativeJS: clicked
03-22 11:34:50.780   678   678 I TetheringManager: registerTetheringEventCallback:com.detoxsample
03-22 11:34:51.209   678   678 I Detox   : AnimatedModule is busy.
03-22 11:34:51.213   678   678 I Detox   : AnimatedModule is busy.
03-22 11:34:51.230   678   678 I Detox   : AnimatedModule is busy.
03-22 11:34:51.246   678   678 I Detox   : AnimatedModule is busy.
03-22 11:34:51.263   678   678 I Detox   : AnimatedModule is busy.
03-22 11:34:51.280   678   678 I Detox   : AnimatedModule is busy.
03-22 11:34:51.297   678   678 I Detox   : AnimatedModule is busy.
03-22 11:34:51.313   678   678 I Detox   : AnimatedModule is busy.
03-22 11:34:51.330   678   678 I Detox   : AnimatedModule is busy.
03-22 11:34:51.348   678   678 I Detox   : AnimatedModule is busy.
03-22 11:34:51.364   678   678 I Detox   : AnimatedModule is busy.
03-22 11:34:51.381   678   678 I Detox   : AnimatedModule is busy.
03-22 11:34:52.045   678  1050 I DetoxWSClient: Sending out action 'invokeResult' (ID #1)
03-22 11:34:52.045   678  1050 I DetoxDispatcher: Done with action 'invoke'
03-22 11:34:52.055   678  1057 D DetoxWSClient: Received action 'invoke' (ID #2, params={"target":{"type":"Class","value":"com.wix.detox.espresso.DetoxAssertion"},"method":"assertMatcher","args":[{"type":"Invocation","value":{"target":{"type":"Class","value":"androidx.test.espresso.Espresso"},"method":"onView","args":[{"type":"Invocation","value":{"target":{"type":"Class","value":"com.wix.detox.espresso.DetoxMatcher"},"method":"matcherForText","args":["Razorpay Initialized"]}}]}},{"type":"Invocation","value":{"target":{"type":"Class","value":"com.wix.detox.espresso.DetoxMatcher"},"method":"matcherForSufficientlyVisible","args":[{"type":"Integer","value":75}]}}]})
03-22 11:34:52.056   678  1050 I DetoxDispatcher: Handling action 'invoke' (ID #2)...
03-22 11:34:52.057   678  1050 D Detox   : class com.wix.detox.espresso.DetoxMatcher, matcherForText, [Razorpay Initialized]
03-22 11:34:52.057   678  1050 D Detox   : class androidx.test.espresso.Espresso, onView, [(an instance of android.widget.TextView and view.getText() with or without transformation to match: is "Razorpay Initialized" and view has effective visibility <VISIBLE>)]
03-22 11:34:52.058   678  1050 D Detox   : class com.wix.detox.espresso.DetoxMatcher, matcherForSufficientlyVisible, [75]
03-22 11:34:52.059   678  1050 D Detox   : class com.wix.detox.espresso.DetoxAssertion, assertMatcher, [androidx.test.espresso.ViewInteraction@6defbb5, (view has effective visibility <VISIBLE> and view.getGlobalVisibleRect() covers at least <75> percent of the view's area)]
03-22 11:34:52.065   678   678 I ViewInteraction: Checking 'MatchesViewAssertion(Detox){viewMatcher=(view has effective visibility <VISIBLE> and view.getGlobalVisibleRect() covers at least <75> percent of the view's area)}' assertion on view (an instance of android.widget.TextView and view.getText() with or without transformation to match: is "Razorpay Initialized" and view has effective visibility <VISIBLE>)
03-22 11:34:52.066   678  1050 I DetoxWSClient: Sending out action 'invokeResult' (ID #2)
03-22 11:34:52.067   678  1050 I DetoxDispatcher: Done with action 'invoke'
