--------- beginning of main
03-22 18:05:29.068 15318 15375 D EGL_emulation: app_time_stats: avg=1637.24ms min=1637.24ms max=1637.24ms count=1
03-22 18:05:29.091 15318 15318 I Detox   : Wait is over: app is now idle!
03-22 18:05:29.092 15318 15394 I DetoxWSClient: Sending out action 'ready' (ID #-1000)
03-22 18:05:29.092 15318 15394 I DetoxDispatcher: Done with action 'isReady'
03-22 18:05:29.093 15318 15394 I DetoxDispatcher: Handling action 'loginSuccess' (ID #0)...
03-22 18:05:29.105 15318 15394 I DetoxDispatcher: Done with action 'loginSuccess'
03-22 18:05:29.106 15318 15394 I DetoxDispatcher: Handling action 'isReady' (ID #-1000)...
03-22 18:05:29.134 15318 15318 I Detox   : Wait is over: app is now idle!
03-22 18:05:29.134 15318 15394 I DetoxWSClient: Sending out action 'ready' (ID #-1000)
03-22 18:05:29.135 15318 15394 I DetoxDispatcher: Done with action 'isReady'
03-22 18:05:29.240 15318 15396 D DetoxWSClient: Received action 'invoke' (ID #1, params={"target":{"type":"Class","value":"com.wix.detox.espresso.EspressoDetox"},"method":"perform","args":[{"type":"Invocation","value":{"target":{"type":"Class","value":"androidx.test.espresso.Espresso"},"method":"onView","args":[{"type":"Invocation","value":{"target":{"type":"Class","value":"com.wix.detox.espresso.DetoxMatcher"},"method":"matcherForTestId","args":["initRazorpay"]}}]}},{"type":"Invocation","value":{"target":{"type":"Class","value":"com.wix.detox.espresso.DetoxViewActions"},"method":"click","args":[]}}]})
03-22 18:05:29.242 15318 15394 I DetoxDispatcher: Handling action 'invoke' (ID #1)...
03-22 18:05:29.275 15318 15394 D Detox   : class com.wix.detox.espresso.DetoxMatcher, matcherForTestId, [initRazorpay]
03-22 18:05:29.325 15318 15394 D Detox   : class androidx.test.espresso.Espresso, onView, [(view.getTag() is "initRazorpay" and view has effective visibility <VISIBLE>)]
03-22 18:05:29.327 15318 15394 D Detox   : class com.wix.detox.espresso.DetoxViewActions, click, []
03-22 18:05:29.332 15318 15394 W com.detoxsampl: Accessing hidden method Landroid/view/ViewConfiguration;->getDoubleTapMinTime()I (unsupported, reflection, allowed)
03-22 18:05:29.351 15318 15394 D Detox   : class com.wix.detox.espresso.EspressoDetox, perform, [androidx.test.espresso.ViewInteraction@b819828, com.wix.detox.espresso.action.RNClickAction@97a2941]
03-22 18:05:29.380 15318 15318 W com.detoxsampl: Accessing hidden method Landroid/view/WindowManagerGlobal;->getInstance()Landroid/view/WindowManagerGlobal; (unsupported, reflection, allowed)
03-22 18:05:29.385 15318 15318 W com.detoxsampl: Accessing hidden field Landroid/view/WindowManagerGlobal;->mViews:Ljava/util/ArrayList; (unsupported, reflection, allowed)
03-22 18:05:29.386 15318 15318 W com.detoxsampl: Accessing hidden field Landroid/view/WindowManagerGlobal;->mParams:Ljava/util/ArrayList; (unsupported, reflection, allowed)
03-22 18:05:29.411 15318 15318 I ViewInteraction: Performing 'com.wix.detox.espresso.action.detoxsingletap@4d253c3 click' action on view (view.getTag() is "initRazorpay" and view has effective visibility <VISIBLE>)
03-22 18:05:29.479 15318 15400 I ReactNativeJS: clicked
03-22 18:05:30.056 15318 15318 I Choreographer: Skipped 32 frames!  The application may be doing too much work on its main thread.
03-22 18:05:30.123 15318 15375 D EGL_emulation: app_time_stats: avg=348.69ms min=7.38ms max=609.29ms count=3
03-22 18:05:30.220 15318 15318 I Detox   : AnimatedModule is busy.
03-22 18:05:30.229 15318 15318 I Detox   : AnimatedModule is busy.
03-22 18:05:30.245 15318 15318 I Detox   : AnimatedModule is busy.
03-22 18:05:30.265 15318 15318 I Detox   : AnimatedModule is busy.
03-22 18:05:30.282 15318 15318 I Detox   : AnimatedModule is busy.
03-22 18:05:30.997 15318 15394 I DetoxWSClient: Sending out action 'invokeResult' (ID #1)
03-22 18:05:31.001 15318 15394 I DetoxDispatcher: Done with action 'invoke'
03-22 18:05:31.022 15318 15396 D DetoxWSClient: Received action 'invoke' (ID #2, params={"target":{"type":"Class","value":"com.wix.detox.espresso.DetoxAssertion"},"method":"assertMatcher","args":[{"type":"Invocation","value":{"target":{"type":"Class","value":"androidx.test.espresso.Espresso"},"method":"onView","args":[{"type":"Invocation","value":{"target":{"type":"Class","value":"com.wix.detox.espresso.DetoxMatcher"},"method":"matcherForText","args":["Razorpay Initialized"]}}]}},{"type":"Invocation","value":{"target":{"type":"Class","value":"com.wix.detox.espresso.DetoxMatcher"},"method":"matcherForSufficientlyVisible","args":[{"type":"Integer","value":75}]}}]})
03-22 18:05:31.024 15318 15394 I DetoxDispatcher: Handling action 'invoke' (ID #2)...
03-22 18:05:31.024 15318 15394 D Detox   : class com.wix.detox.espresso.DetoxMatcher, matcherForText, [Razorpay Initialized]
03-22 18:05:31.033 15318 15394 D Detox   : class androidx.test.espresso.Espresso, onView, [(an instance of android.widget.TextView and view.getText() with or without transformation to match: is "Razorpay Initialized" and view has effective visibility <VISIBLE>)]
03-22 18:05:31.036 15318 15394 D Detox   : class com.wix.detox.espresso.DetoxMatcher, matcherForSufficientlyVisible, [75]
03-22 18:05:31.039 15318 15394 D Detox   : class com.wix.detox.espresso.DetoxAssertion, assertMatcher, [androidx.test.espresso.ViewInteraction@b0fd0ea, (view has effective visibility <VISIBLE> and view.getGlobalVisibleRect() covers at least <75> percent of the view's area)]
03-22 18:05:31.060 15318 15318 I ViewInteraction: Checking 'MatchesViewAssertion(Detox){viewMatcher=(view has effective visibility <VISIBLE> and view.getGlobalVisibleRect() covers at least <75> percent of the view's area)}' assertion on view (an instance of android.widget.TextView and view.getText() with or without transformation to match: is "Razorpay Initialized" and view has effective visibility <VISIBLE>)
03-22 18:05:31.065 15318 15394 I DetoxWSClient: Sending out action 'invokeResult' (ID #2)
03-22 18:05:31.070 15318 15394 I DetoxDispatcher: Done with action 'invoke'
