--------- beginning of main
03-22 11:37:45.009 11928 11928 D LifecycleMonitor: Lifecycle status change: com.detoxsample.MainActivity@4a44af4 in: CREATED
03-22 11:37:45.011 11928 11928 D LifecycleMonitor: Lifecycle status change: com.detoxsample.MainActivity@4a44af4 in: STARTED
03-22 11:37:45.018 11928 11928 D LifecycleMonitor: Lifecycle status change: com.detoxsample.MainActivity@4a44af4 in: RESUMED
03-22 11:37:45.049 11928 11928 I TouchFilterInputStageHelper: [needTouchEventFilter] Displayid : 0
03-22 11:37:45.050 11928 11928 D HandGripFilter: getdisplaysize, x : 1080 y : 2340
03-22 11:37:45.054 11928 11928 W unknown:ReactNative: Packager connection already open, nooping.
03-22 11:37:45.068 11928 12003 I AdrenoGLES-0: QUALCOMM build                   : 59e4ca3, Ic42881d075
03-22 11:37:45.068 11928 12003 I AdrenoGLES-0: Build Date                       : 01/07/21
03-22 11:37:45.068 11928 12003 I AdrenoGLES-0: OpenGL ES Shader Compiler Version: EV031.32.02.06
03-22 11:37:45.068 11928 12003 I AdrenoGLES-0: Local Branch                     : mybrancheb50fcd0-9e7c-f130-bc5f-5cb90179c3d8
03-22 11:37:45.068 11928 12003 I AdrenoGLES-0: Remote Branch                    : quic/gfx-adreno.lnx.1.0.r99-rel
03-22 11:37:45.068 11928 12003 I AdrenoGLES-0: Remote Branch                    : NONE
03-22 11:37:45.068 11928 12003 I AdrenoGLES-0: Reconstruct Branch               : NOTHING
03-22 11:37:45.068 11928 12003 I AdrenoGLES-0: Build Config                     : S P 10.0.7 AArch64
03-22 11:37:45.068 11928 12003 I AdrenoGLES-0: Driver Path                      : /vendor/lib64/egl/libGLESv2_adreno.so
03-22 11:37:45.073 11928 12003 I AdrenoGLES-0: PFP: 0x016ee190, ME: 0x00000000
03-22 11:37:45.130 11928 11928 I TouchFilterInputStageHelper: [needTouchEventFilter] Displayid : 0
03-22 11:37:45.131 11928 11928 D HandGripFilter: getdisplaysize, x : 1080 y : 2340
03-22 11:37:45.216 11928 11976 D SoLoader: About to load: libreactnativejni.so
03-22 11:37:45.217 11928 11976 D SoLoader: libreactnativejni.so not found on /data/data/com.detoxsample/lib-main
03-22 11:37:45.217 11928 11976 D SoLoader: libreactnativejni.so found on /data/app/~~J09Ozwv6jbVbqDNIvvWdTw==/com.detoxsample-6gdDEd-nygpoYzTRBiRzEA==/lib/arm64
03-22 11:37:45.217 11928 11976 D SoLoader: Not resolving dependencies for libreactnativejni.so
--------- beginning of system
03-22 11:37:45.219 11928 11928 I Timeline: Timeline: Activity_idle id: ActivityRecord{c152e16 token=android.os.BinderProxy@8f3b65 {com.detoxsample/com.detoxsample.MainActivity}} time:2387705
03-22 11:37:45.220 11928 11976 D SoLoader: Loaded: libreactnativejni.so
03-22 11:37:45.234 11928 11957 I Detox   : Detox server connection details: url=ws://localhost:57898, sessionId=e6fb6dc2-a7ff-607f-9243-e399f05dc9a6
03-22 11:37:45.239 11928 12015 I DetoxDispatcher: Handling action '_init' (ID #0)...
03-22 11:37:45.239 11928 12015 I Detox   : Connecting to server...
03-22 11:37:45.240 11928 12015 I DetoxWSClient: At connectToServer
03-22 11:37:45.253 11928 12017 D DetoxWSClient: At onOpen
03-22 11:37:45.253 11928 12017 I DetoxWSClient: Sending out action 'login' (ID #0)
03-22 11:37:45.254 11928 12017 I Detox   : Connected to server!
03-22 11:37:45.258 11928 12014 W unknown:ReactContext: initializeMessageQueueThreads() is called.
03-22 11:37:45.261 11928 12017 D DetoxWSClient: Received action 'loginSuccess' (ID #0, params={"testerConnected":true,"appConnected":true})
03-22 11:37:45.262 11928 11928 W unknown:ReactNative: Packager connection already open, nooping.
03-22 11:37:45.293 11928 12022 W unknown:ViewManagerPropertyUpdater: Could not find generated setter for class com.facebook.react.views.drawer.ReactDrawerLayoutManager
03-22 11:37:45.294 11928 12017 D DetoxWSClient: Received action 'isReady' (ID #-1000, params={})
03-22 11:37:45.297 11928 12022 W unknown:ViewManagerPropertyUpdater: Could not find generated setter for class com.facebook.react.uimanager.LayoutShadowNode
03-22 11:37:45.300 11928 12022 W unknown:ViewManagerPropertyUpdater: Could not find generated setter for class com.facebook.react.views.scroll.ReactHorizontalScrollViewManager
03-22 11:37:45.303 11928 12022 W unknown:ViewManagerPropertyUpdater: Could not find generated setter for class com.facebook.react.views.scroll.ReactHorizontalScrollContainerViewManager
03-22 11:37:45.304 11928 12022 W unknown:ViewManagerPropertyUpdater: Could not find generated setter for class com.facebook.react.views.progressbar.ReactProgressBarViewManager
03-22 11:37:45.305 11928 12022 W unknown:ViewManagerPropertyUpdater: Could not find generated setter for class com.facebook.react.views.progressbar.ProgressBarShadowNode
03-22 11:37:45.307 11928 12022 W unknown:ViewManagerPropertyUpdater: Could not find generated setter for class com.facebook.react.views.scroll.ReactScrollViewManager
03-22 11:37:45.309 11928 12022 W unknown:ViewManagerPropertyUpdater: Could not find generated setter for class com.facebook.react.views.slider.ReactSliderManager
03-22 11:37:45.311 11928 12022 W unknown:ViewManagerPropertyUpdater: Could not find generated setter for class com.facebook.react.views.slider.ReactSliderManager$ReactSliderShadowNode
03-22 11:37:45.311 11928 12022 W unknown:ViewManagerPropertyUpdater: Could not find generated setter for class com.facebook.react.views.switchview.ReactSwitchManager
03-22 11:37:45.313 11928 12022 W unknown:ViewManagerPropertyUpdater: Could not find generated setter for class com.facebook.react.views.switchview.ReactSwitchManager$ReactSwitchShadowNode
03-22 11:37:45.314 11928 12022 W unknown:ViewManagerPropertyUpdater: Could not find generated setter for class com.facebook.react.views.swiperefresh.SwipeRefreshLayoutManager
03-22 11:37:45.315 11928 12022 W unknown:ViewManagerPropertyUpdater: Could not find generated setter for class com.facebook.react.views.text.frescosupport.FrescoBasedReactTextInlineImageViewManager
03-22 11:37:45.315 11928 12022 W unknown:ViewManagerPropertyUpdater: Could not find generated setter for class com.facebook.react.views.text.frescosupport.FrescoBasedReactTextInlineImageShadowNode
03-22 11:37:45.317 11928 12022 W unknown:ViewManagerPropertyUpdater: Could not find generated setter for class com.facebook.react.views.image.ReactImageManager
03-22 11:37:45.319 11928 12022 W unknown:ViewManagerPropertyUpdater: Could not find generated setter for class com.facebook.react.views.modal.ReactModalHostManager
03-22 11:37:45.320 11928 12022 W unknown:ViewManagerPropertyUpdater: Could not find generated setter for class com.facebook.react.views.modal.ModalHostShadowNode
03-22 11:37:45.321 11928 12022 W unknown:ViewManagerPropertyUpdater: Could not find generated setter for class com.facebook.react.views.text.ReactRawTextManager
03-22 11:37:45.321 11928 12022 W unknown:ViewManagerPropertyUpdater: Could not find generated setter for class com.facebook.react.views.text.ReactRawTextShadowNode
03-22 11:37:45.322 11928 12022 W unknown:ViewManagerPropertyUpdater: Could not find generated setter for class com.facebook.react.views.textinput.ReactTextInputManager
03-22 11:37:45.325 11928 12022 W unknown:ViewManagerPropertyUpdater: Could not find generated setter for class com.facebook.react.views.textinput.ReactTextInputShadowNode
03-22 11:37:45.327 11928 12022 W unknown:ViewManagerPropertyUpdater: Could not find generated setter for class com.facebook.react.views.text.ReactTextViewManager
03-22 11:37:45.329 11928 12022 W unknown:ViewManagerPropertyUpdater: Could not find generated setter for class com.facebook.react.views.text.ReactTextShadowNode
03-22 11:37:45.330 11928 12022 W unknown:ViewManagerPropertyUpdater: Could not find generated setter for class com.facebook.react.views.view.ReactViewManager
03-22 11:37:45.331 11928 12022 W unknown:ViewManagerPropertyUpdater: Could not find generated setter for class com.facebook.react.views.text.ReactVirtualTextViewManager
03-22 11:37:45.332 11928 12022 W unknown:ViewManagerPropertyUpdater: Could not find generated setter for class com.facebook.react.views.text.ReactVirtualTextShadowNode
03-22 11:37:45.333 11928 12022 W unknown:ViewManagerPropertyUpdater: Could not find generated setter for class com.facebook.react.views.unimplementedview.ReactUnimplementedViewManager
03-22 11:37:45.342 11928 12022 W unknown:ReactContext: initializeMessageQueueThreads() is called.
03-22 11:37:45.344 11928 12022 D SoLoader: About to load: libyoga.so
03-22 11:37:45.344 11928 12022 D SoLoader: libyoga.so not found on /data/data/com.detoxsample/lib-main
03-22 11:37:45.344 11928 12022 D SoLoader: libyoga.so found on /data/app/~~J09Ozwv6jbVbqDNIvvWdTw==/com.detoxsample-6gdDEd-nygpoYzTRBiRzEA==/lib/arm64
03-22 11:37:45.344 11928 12022 D SoLoader: Not resolving dependencies for libyoga.so
03-22 11:37:45.345 11928 12022 D SoLoader: Loaded: libyoga.so
03-22 11:37:45.359 11928 11928 I DetoxRNLoading: Got new RN-context async'ly through listener
03-22 11:37:45.360 11928 12015 I DetoxRNIdleRes: Setting up Espresso Idling Resources for React Native
03-22 11:37:45.381 11928 12015 D AsyncStorageIR: Checking whether a custom IR for Async-Storage is required... (legacy=false)
03-22 11:37:45.381 11928 12015 D DetoxRNHelpers: Native RN module resolution (class com.reactnativecommunity.asyncstorage.AsyncStorageModule): no such class
03-22 11:37:45.382 11928 12015 D AsyncStorageIR: Checking whether a custom IR for Async-Storage is required... (legacy=true)
03-22 11:37:45.389 11928 12015 D AsyncStorageIR: IR for Async-Storage is required! (legacy=true)
03-22 11:37:45.394 11928 11928 D AsyncStorageIRLegacy: Async-storage is busy!
03-22 11:37:45.396 11928 12022 I flipper : flipper: FlipperClient::addPlugin Fresco
03-22 11:37:45.397 11928 12022 W com.detoxsampl: Accessing hidden method Landroid/os/MessageQueue;->next()Landroid/os/Message; (greylist, reflection, allowed)
03-22 11:37:45.397 11928 12022 W com.detoxsampl: Accessing hidden field Landroid/os/MessageQueue;->mMessages:Landroid/os/Message; (greylist, reflection, allowed)
03-22 11:37:45.397 11928 12022 W com.detoxsampl: Accessing hidden method Landroid/os/Message;->recycleUnchecked()V (greylist, reflection, allowed)
03-22 11:37:45.401 11928 12015 I DetoxDispatcher: Done with action '_init'
03-22 11:37:45.401 11928 12015 I DetoxDispatcher: Handling action 'isReady' (ID #-1000)...
03-22 11:37:45.422 11928 12021 D SoLoader: About to load: libreactnativeblob.so
03-22 11:37:45.422 11928 12021 D SoLoader: libreactnativeblob.so not found on /data/data/com.detoxsample/lib-main
03-22 11:37:45.422 11928 12021 D SoLoader: libreactnativeblob.so found on /data/app/~~J09Ozwv6jbVbqDNIvvWdTw==/com.detoxsample-6gdDEd-nygpoYzTRBiRzEA==/lib/arm64
03-22 11:37:45.423 11928 12021 D SoLoader: Not resolving dependencies for libreactnativeblob.so
03-22 11:37:45.423 11928 12021 D SoLoader: Loaded: libreactnativeblob.so
03-22 11:37:45.454 11928 12022 I WebViewFactory: Loading com.google.android.webview version 99.0.4844.58 (code 484405833)
03-22 11:37:45.492 11928 12022 W com.detoxsampl: Accessing hidden method Landroid/os/Trace;->isTagEnabled(J)Z (greylist, reflection, allowed)
03-22 11:37:45.492 11928 12022 W com.detoxsampl: Accessing hidden method Landroid/os/Trace;->traceBegin(JLjava/lang/String;)V (greylist, reflection, allowed)
03-22 11:37:45.492 11928 12022 W com.detoxsampl: Accessing hidden method Landroid/os/Trace;->traceEnd(J)V (greylist, reflection, allowed)
03-22 11:37:45.492 11928 12022 W com.detoxsampl: Accessing hidden method Landroid/os/Trace;->asyncTraceBegin(JLjava/lang/String;I)V (greylist, reflection, allowed)
03-22 11:37:45.492 11928 12022 W com.detoxsampl: Accessing hidden method Landroid/os/Trace;->asyncTraceEnd(JLjava/lang/String;I)V (greylist, reflection, allowed)
03-22 11:37:45.495 11928 12022 I cr_WVCFactoryProvider: Loaded version=99.0.4844.58 minSdkVersion=29 isBundle=true multiprocess=true packageId=3
03-22 11:37:45.534 11928 12022 I cr_LibraryLoader: Successfully loaded native library
03-22 11:37:45.535 11928 12022 I cr_CachingUmaRecorder: Flushed 8 samples from 8 histograms.
03-22 11:37:45.610 11928 12021 I ReactNativeJS: Running "DetoxSample" with {"rootTag":1}
03-22 11:37:45.809 11928 11928 W com.detoxsampl: Accessing hidden field Landroid/widget/ScrollView;->mScroller:Landroid/widget/OverScroller; (greylist, reflection, allowed)
03-22 11:37:45.839 11928 11928 I Detox   : Wait is over: app is now idle!
03-22 11:37:45.839 11928 12015 I DetoxWSClient: Sending out action 'ready' (ID #-1000)
03-22 11:37:45.840 11928 12015 I DetoxDispatcher: Done with action 'isReady'
03-22 11:37:45.840 11928 12015 I DetoxDispatcher: Handling action 'loginSuccess' (ID #0)...
03-22 11:37:45.840 11928 12015 I DetoxDispatcher: Done with action 'loginSuccess'
03-22 11:37:45.840 11928 12015 I DetoxDispatcher: Handling action 'isReady' (ID #-1000)...
03-22 11:37:45.843 11928 11928 I Detox   : Wait is over: app is now idle!
03-22 11:37:45.843 11928 12015 I DetoxWSClient: Sending out action 'ready' (ID #-1000)
03-22 11:37:45.844 11928 12015 I DetoxDispatcher: Done with action 'isReady'
03-22 11:37:45.921 11928 12017 D DetoxWSClient: Received action 'invoke' (ID #1, params={"target":{"type":"Class","value":"com.wix.detox.espresso.EspressoDetox"},"method":"perform","args":[{"type":"Invocation","value":{"target":{"type":"Class","value":"androidx.test.espresso.Espresso"},"method":"onView","args":[{"type":"Invocation","value":{"target":{"type":"Class","value":"com.wix.detox.espresso.DetoxMatcher"},"method":"matcherForTestId","args":["initRazorpay"]}}]}},{"type":"Invocation","value":{"target":{"type":"Class","value":"com.wix.detox.espresso.DetoxViewActions"},"method":"click","args":[]}}]})
03-22 11:37:45.922 11928 12015 I DetoxDispatcher: Handling action 'invoke' (ID #1)...
03-22 11:37:45.925 11928 12015 D Detox   : class com.wix.detox.espresso.DetoxMatcher, matcherForTestId, [initRazorpay]
03-22 11:37:45.931 11928 12015 D Detox   : class androidx.test.espresso.Espresso, onView, [(view.getTag() is "initRazorpay" and view has effective visibility <VISIBLE>)]
03-22 11:37:45.932 11928 12015 D Detox   : class com.wix.detox.espresso.DetoxViewActions, click, []
03-22 11:37:45.934 11928 12015 W com.detoxsampl: Accessing hidden method Landroid/view/ViewConfiguration;->getDoubleTapMinTime()I (greylist, reflection, allowed)
03-22 11:37:45.937 11928 12015 D Detox   : class com.wix.detox.espresso.EspressoDetox, perform, [androidx.test.espresso.ViewInteraction@dc03088, com.wix.detox.espresso.action.RNClickAction@ace4a21]
03-22 11:37:45.945 11928 11928 W com.detoxsampl: Accessing hidden method Landroid/view/WindowManagerGlobal;->getInstance()Landroid/view/WindowManagerGlobal; (greylist, reflection, allowed)
03-22 11:37:45.945 11928 11928 W com.detoxsampl: Accessing hidden field Landroid/view/WindowManagerGlobal;->mViews:Ljava/util/ArrayList; (greylist, reflection, allowed)
03-22 11:37:45.945 11928 11928 W com.detoxsampl: Accessing hidden field Landroid/view/WindowManagerGlobal;->mParams:Ljava/util/ArrayList; (greylist, reflection, allowed)
03-22 11:37:45.948 11928 11928 I ViewInteraction: Performing 'com.wix.detox.espresso.action.detoxsingletap@5f25807 click' action on view (view.getTag() is "initRazorpay" and view has effective visibility <VISIBLE>)
03-22 11:37:45.955 11928 11928 I ViewRootImpl: ViewRoot's Touch Event : ACTION_DOWN
03-22 11:37:45.982 11928 11928 I ViewRootImpl: ViewRoot's Touch Event : ACTION_UP
03-22 11:37:45.996 11928 12021 I ReactNativeJS: clicked
03-22 11:37:46.040 11928 11928 I TetheringManager: registerTetheringEventCallback:com.detoxsample
03-22 11:37:46.226 11928 11928 I Detox   : AnimatedModule is busy.
03-22 11:37:46.237 11928 11928 I Detox   : AnimatedModule is busy.
03-22 11:37:46.253 11928 11928 I Detox   : AnimatedModule is busy.
03-22 11:37:46.270 11928 11928 I Detox   : AnimatedModule is busy.
03-22 11:37:46.286 11928 11928 I Detox   : AnimatedModule is busy.
03-22 11:37:46.303 11928 11928 I Detox   : AnimatedModule is busy.
03-22 11:37:46.320 11928 11928 I Detox   : AnimatedModule is busy.
03-22 11:37:46.336 11928 11928 I Detox   : AnimatedModule is busy.
03-22 11:37:46.353 11928 11928 I Detox   : AnimatedModule is busy.
03-22 11:37:46.370 11928 11928 I Detox   : AnimatedModule is busy.
03-22 11:37:46.387 11928 11928 I Detox   : AnimatedModule is busy.
03-22 11:37:46.404 11928 11928 I Detox   : AnimatedModule is busy.
03-22 11:37:47.018 11928 12015 I DetoxWSClient: Sending out action 'invokeResult' (ID #1)
03-22 11:37:47.019 11928 12015 I DetoxDispatcher: Done with action 'invoke'
03-22 11:37:47.031 11928 12017 D DetoxWSClient: Received action 'invoke' (ID #2, params={"target":{"type":"Class","value":"com.wix.detox.espresso.DetoxAssertion"},"method":"assertMatcher","args":[{"type":"Invocation","value":{"target":{"type":"Class","value":"androidx.test.espresso.Espresso"},"method":"onView","args":[{"type":"Invocation","value":{"target":{"type":"Class","value":"com.wix.detox.espresso.DetoxMatcher"},"method":"matcherForText","args":["Razorpay Initialized"]}}]}},{"type":"Invocation","value":{"target":{"type":"Class","value":"com.wix.detox.espresso.DetoxMatcher"},"method":"matcherForSufficientlyVisible","args":[{"type":"Integer","value":75}]}}]})
03-22 11:37:47.031 11928 12015 I DetoxDispatcher: Handling action 'invoke' (ID #2)...
03-22 11:37:47.032 11928 12015 D Detox   : class com.wix.detox.espresso.DetoxMatcher, matcherForText, [Razorpay Initialized]
03-22 11:37:47.033 11928 12015 D Detox   : class androidx.test.espresso.Espresso, onView, [(an instance of android.widget.TextView and view.getText() with or without transformation to match: is "Razorpay Initialized" and view has effective visibility <VISIBLE>)]
03-22 11:37:47.033 11928 12015 D Detox   : class com.wix.detox.espresso.DetoxMatcher, matcherForSufficientlyVisible, [75]
03-22 11:37:47.035 11928 12015 D Detox   : class com.wix.detox.espresso.DetoxAssertion, assertMatcher, [androidx.test.espresso.ViewInteraction@bb389fd, (view has effective visibility <VISIBLE> and view.getGlobalVisibleRect() covers at least <75> percent of the view's area)]
03-22 11:37:47.045 11928 11928 I ViewInteraction: Checking 'MatchesViewAssertion(Detox){viewMatcher=(view has effective visibility <VISIBLE> and view.getGlobalVisibleRect() covers at least <75> percent of the view's area)}' assertion on view (an instance of android.widget.TextView and view.getText() with or without transformation to match: is "Razorpay Initialized" and view has effective visibility <VISIBLE>)
03-22 11:37:47.047 11928 12015 I DetoxWSClient: Sending out action 'invokeResult' (ID #2)
03-22 11:37:47.047 11928 12015 I DetoxDispatcher: Done with action 'invoke'
