--------- beginning of main
03-22 01:14:40.034 32042 32042 I TouchFilterInputStageHelper: [needTouchEventFilter] Displayid : 0
03-22 01:14:40.036 32042 32042 D HandGripFilter: getdisplaysize, x : 1080 y : 2340
03-22 01:14:40.045 32042 32349 D SoLoader: About to load: libreactnativejni.so
03-22 01:14:40.045 32042 32349 D SoLoader: libreactnativejni.so not found on /data/data/com.detoxsample/lib-main
03-22 01:14:40.045 32042 32349 D SoLoader: libreactnativejni.so found on /data/app/~~9J3lcJCMfRJi6bFGZapJog==/com.detoxsample-jE4oVvkk5-gNyR5B_1n9Rw==/lib/arm64
03-22 01:14:40.045 32042 32349 D SoLoader: Not resolving dependencies for libreactnativejni.so
03-22 01:14:40.046 32042 32042 W unknown:ReactNative: Packager connection already open, nooping.
03-22 01:14:40.052 32042 32349 D SoLoader: Loaded: libreactnativejni.so
03-22 01:14:40.095 32042 32318 I AdrenoGLES-0: QUALCOMM build                   : 59e4ca3, Ic42881d075
03-22 01:14:40.095 32042 32318 I AdrenoGLES-0: Build Date                       : 01/07/21
03-22 01:14:40.095 32042 32318 I AdrenoGLES-0: OpenGL ES Shader Compiler Version: EV031.32.02.06
03-22 01:14:40.095 32042 32318 I AdrenoGLES-0: Local Branch                     : mybrancheb50fcd0-9e7c-f130-bc5f-5cb90179c3d8
03-22 01:14:40.095 32042 32318 I AdrenoGLES-0: Remote Branch                    : quic/gfx-adreno.lnx.1.0.r99-rel
03-22 01:14:40.095 32042 32318 I AdrenoGLES-0: Remote Branch                    : NONE
03-22 01:14:40.095 32042 32318 I AdrenoGLES-0: Reconstruct Branch               : NOTHING
03-22 01:14:40.095 32042 32318 I AdrenoGLES-0: Build Config                     : S P 10.0.7 AArch64
03-22 01:14:40.095 32042 32318 I AdrenoGLES-0: Driver Path                      : /vendor/lib64/egl/libGLESv2_adreno.so
03-22 01:14:40.129 32042 32349 W unknown:ReactContext: initializeMessageQueueThreads() is called.
03-22 01:14:40.136 32042 32318 I AdrenoGLES-0: PFP: 0x016ee190, ME: 0x00000000
03-22 01:14:40.182 32042 32351 W unknown:ViewManagerPropertyUpdater: Could not find generated setter for class com.facebook.react.views.drawer.ReactDrawerLayoutManager
03-22 01:14:40.189 32042 32351 W unknown:ViewManagerPropertyUpdater: Could not find generated setter for class com.facebook.react.uimanager.LayoutShadowNode
03-22 01:14:40.194 32042 32351 W unknown:ViewManagerPropertyUpdater: Could not find generated setter for class com.facebook.react.views.scroll.ReactHorizontalScrollViewManager
03-22 01:14:40.198 32042 32351 W unknown:ViewManagerPropertyUpdater: Could not find generated setter for class com.facebook.react.views.scroll.ReactHorizontalScrollContainerViewManager
03-22 01:14:40.199 32042 32351 W unknown:ViewManagerPropertyUpdater: Could not find generated setter for class com.facebook.react.views.progressbar.ReactProgressBarViewManager
03-22 01:14:40.201 32042 32351 W unknown:ViewManagerPropertyUpdater: Could not find generated setter for class com.facebook.react.views.progressbar.ProgressBarShadowNode
03-22 01:14:40.206 32042 32351 W unknown:ViewManagerPropertyUpdater: Could not find generated setter for class com.facebook.react.views.scroll.ReactScrollViewManager
03-22 01:14:40.210 32042 32351 W unknown:ViewManagerPropertyUpdater: Could not find generated setter for class com.facebook.react.views.slider.ReactSliderManager
03-22 01:14:40.213 32042 32351 W unknown:ViewManagerPropertyUpdater: Could not find generated setter for class com.facebook.react.views.slider.ReactSliderManager$ReactSliderShadowNode
03-22 01:14:40.213 32042 32351 W unknown:ViewManagerPropertyUpdater: Could not find generated setter for class com.facebook.react.views.switchview.ReactSwitchManager
03-22 01:14:40.215 32042 32351 W unknown:ViewManagerPropertyUpdater: Could not find generated setter for class com.facebook.react.views.switchview.ReactSwitchManager$ReactSwitchShadowNode
03-22 01:14:40.216 32042 32351 W unknown:ViewManagerPropertyUpdater: Could not find generated setter for class com.facebook.react.views.swiperefresh.SwipeRefreshLayoutManager
03-22 01:14:40.218 32042 32351 W unknown:ViewManagerPropertyUpdater: Could not find generated setter for class com.facebook.react.views.text.frescosupport.FrescoBasedReactTextInlineImageViewManager
03-22 01:14:40.218 32042 32351 W unknown:ViewManagerPropertyUpdater: Could not find generated setter for class com.facebook.react.views.text.frescosupport.FrescoBasedReactTextInlineImageShadowNode
03-22 01:14:40.220 32042 32351 W unknown:ViewManagerPropertyUpdater: Could not find generated setter for class com.facebook.react.views.image.ReactImageManager
03-22 01:14:40.223 32042 32351 W unknown:ViewManagerPropertyUpdater: Could not find generated setter for class com.facebook.react.views.modal.ReactModalHostManager
03-22 01:14:40.224 32042 32351 W unknown:ViewManagerPropertyUpdater: Could not find generated setter for class com.facebook.react.views.modal.ModalHostShadowNode
03-22 01:14:40.225 32042 32351 W unknown:ViewManagerPropertyUpdater: Could not find generated setter for class com.facebook.react.views.text.ReactRawTextManager
03-22 01:14:40.225 32042 32351 W unknown:ViewManagerPropertyUpdater: Could not find generated setter for class com.facebook.react.views.text.ReactRawTextShadowNode
03-22 01:14:40.226 32042 32351 W unknown:ViewManagerPropertyUpdater: Could not find generated setter for class com.facebook.react.views.textinput.ReactTextInputManager
03-22 01:14:40.230 32042 32351 W unknown:ViewManagerPropertyUpdater: Could not find generated setter for class com.facebook.react.views.textinput.ReactTextInputShadowNode
03-22 01:14:40.233 32042 32351 W unknown:ViewManagerPropertyUpdater: Could not find generated setter for class com.facebook.react.views.text.ReactTextViewManager
03-22 01:14:40.235 32042 32351 W unknown:ViewManagerPropertyUpdater: Could not find generated setter for class com.facebook.react.views.text.ReactTextShadowNode
03-22 01:14:40.236 32042 32351 W unknown:ViewManagerPropertyUpdater: Could not find generated setter for class com.facebook.react.views.view.ReactViewManager
03-22 01:14:40.239 32042 32351 W unknown:ViewManagerPropertyUpdater: Could not find generated setter for class com.facebook.react.views.text.ReactVirtualTextViewManager
03-22 01:14:40.239 32042 32351 W unknown:ViewManagerPropertyUpdater: Could not find generated setter for class com.facebook.react.views.text.ReactVirtualTextShadowNode
03-22 01:14:40.240 32042 32351 W unknown:ViewManagerPropertyUpdater: Could not find generated setter for class com.facebook.react.views.unimplementedview.ReactUnimplementedViewManager
03-22 01:14:40.252 32042 32351 W unknown:ReactContext: initializeMessageQueueThreads() is called.
03-22 01:14:40.254 32042 32351 D SoLoader: About to load: libyoga.so
03-22 01:14:40.255 32042 32351 D SoLoader: libyoga.so not found on /data/data/com.detoxsample/lib-main
03-22 01:14:40.255 32042 32351 D SoLoader: libyoga.so found on /data/app/~~9J3lcJCMfRJi6bFGZapJog==/com.detoxsample-jE4oVvkk5-gNyR5B_1n9Rw==/lib/arm64
03-22 01:14:40.255 32042 32351 D SoLoader: Not resolving dependencies for libyoga.so
03-22 01:14:40.256 32042 32351 D SoLoader: Loaded: libyoga.so
03-22 01:14:40.264 32042 32350 I ReactNativeJS: Running "DetoxSample
03-22 01:14:40.389 32042 32042 W unknown:ReactNative: Packager connection already open, nooping.
03-22 01:14:40.392 32042 32351 I flipper : flipper: FlipperClient::addPlugin Fresco
--------- beginning of system
03-22 01:14:40.423 32042 32042 I Timeline: Timeline: Activity_idle id: ActivityRecord{2b660aa token=android.os.BinderProxy@ebb7c01 {com.detoxsample/com.detoxsample.MainActivity}} time:380032651
03-22 01:14:40.432 32042 32149 I Detox   : Detox server connection details: url=ws://localhost:60356, sessionId=0c1b7a0f-6a3b-4b11-4722-7acc3341cfb7
03-22 01:14:40.461 32042 32395 I DetoxDispatcher: Handling action '_init' (ID #0)...
03-22 01:14:40.461 32042 32395 I Detox   : Connecting to server...
03-22 01:14:40.461 32042 32395 I DetoxWSClient: At connectToServer
03-22 01:14:40.467 32042 32042 D DetoxRNLoading: Got new RN-context directly and immediately
03-22 01:14:40.473 32042 32395 I DetoxRNIdleRes: Setting up Espresso Idling Resources for React Native
03-22 01:14:40.481 32042 32351 W com.detoxsampl: Accessing hidden method Landroid/os/MessageQueue;->next()Landroid/os/Message; (greylist, reflection, allowed)
03-22 01:14:40.481 32042 32351 W com.detoxsampl: Accessing hidden field Landroid/os/MessageQueue;->mMessages:Landroid/os/Message; (greylist, reflection, allowed)
03-22 01:14:40.481 32042 32351 W com.detoxsampl: Accessing hidden method Landroid/os/Message;->recycleUnchecked()V (greylist, reflection, allowed)
03-22 01:14:40.500 32042 32395 D AsyncStorageIR: Checking whether a custom IR for Async-Storage is required... (legacy=false)
03-22 01:14:40.500 32042 32395 D DetoxRNHelpers: Native RN module resolution (class com.reactnativecommunity.asyncstorage.AsyncStorageModule): no such class
03-22 01:14:40.500 32042 32395 D AsyncStorageIR: Checking whether a custom IR for Async-Storage is required... (legacy=true)
03-22 01:14:40.506 32042 32395 D AsyncStorageIR: IR for Async-Storage is required! (legacy=true)
03-22 01:14:40.514 32042 32042 I Detox   : UIManagerModule is busy
03-22 01:14:40.514 32042 32042 D AsyncStorageIRLegacy: Async-storage is busy!
03-22 01:14:40.520 32042 32395 I DetoxDispatcher: Done with action '_init'
03-22 01:14:40.523 32042 32042 I Detox   : UIManagerModule is busy
03-22 01:14:40.530 32042 32042 I Detox   : UIManagerModule is busy
03-22 01:14:40.531 32042 32409 D DetoxWSClient: At onOpen
03-22 01:14:40.532 32042 32409 I DetoxWSClient: Sending out action 'login' (ID #0)
03-22 01:14:40.533 32042 32409 I Detox   : Connected to server!
03-22 01:14:40.534 32042 32395 I DetoxDispatcher: Handling action 'isReady' (ID #-1000)...
03-22 01:14:40.550 32042 32409 D DetoxWSClient: Received action 'loginSuccess' (ID #0, params={"testerConnected":true,"appConnected":true})
03-22 01:14:40.570 32042 32042 I Detox   : UIManagerModule is busy
03-22 01:14:40.574 32042 32042 I Detox   : UIManagerModule is busy
03-22 01:14:40.582 32042 32409 D DetoxWSClient: Received action 'isReady' (ID #-1000, params={})
03-22 01:14:40.600 32042 32042 I Detox   : UIManagerModule is busy
03-22 01:14:40.602 32042 32042 I Detox   : UIManagerModule is busy
03-22 01:14:40.619 32042 32042 I Detox   : UIManagerModule is busy
03-22 01:14:40.620 32042 32042 I Detox   : UIManagerModule is busy
03-22 01:14:40.637 32042 32042 I Detox   : UIManagerModule is busy
03-22 01:14:40.638 32042 32042 I Detox   : UIManagerModule is busy
03-22 01:14:40.653 32042 32042 I Detox   : UIManagerModule is busy
03-22 01:14:40.653 32042 32042 I Detox   : UIManagerModule is busy
03-22 01:14:40.671 32042 32042 I Detox   : UIManagerModule is busy
03-22 01:14:40.672 32042 32042 I Detox   : UIManagerModule is busy
03-22 01:14:40.687 32042 32042 I Detox   : UIManagerModule is busy
03-22 01:14:40.688 32042 32042 I Detox   : UIManagerModule is busy
03-22 01:14:40.703 32042 32042 I Detox   : UIManagerModule is busy
03-22 01:14:40.704 32042 32042 I Detox   : UIManagerModule is busy
03-22 01:14:40.748 32042 32042 W com.detoxsampl: Accessing hidden field Landroid/widget/ScrollView;->mScroller:Landroid/widget/OverScroller; (greylist, reflection, allowed)
03-22 01:14:40.784 32042 32445 D SoLoader: About to load: libimagepipeline.so
03-22 01:14:40.785 32042 32445 D SoLoader: libimagepipeline.so not found on /data/data/com.detoxsample/lib-main
03-22 01:14:40.785 32042 32445 D SoLoader: libimagepipeline.so found on /data/app/~~9J3lcJCMfRJi6bFGZapJog==/com.detoxsample-jE4oVvkk5-gNyR5B_1n9Rw==/lib/arm64
03-22 01:14:40.785 32042 32445 D SoLoader: Not resolving dependencies for libimagepipeline.so
03-22 01:14:40.797 32042 32445 D SoLoader: Loaded: libimagepipeline.so
03-22 01:14:40.898 32042 32042 I Detox   : Wait is over: app is now idle!
03-22 01:14:40.898 32042 32395 I DetoxWSClient: Sending out action 'ready' (ID #-1000)
03-22 01:14:40.898 32042 32395 I DetoxDispatcher: Done with action 'isReady'
03-22 01:14:40.899 32042 32395 I DetoxDispatcher: Handling action 'loginSuccess' (ID #0)...
03-22 01:14:40.899 32042 32395 I DetoxDispatcher: Done with action 'loginSuccess'
03-22 01:14:40.899 32042 32395 I DetoxDispatcher: Handling action 'isReady' (ID #-1000)...
03-22 01:14:40.904 32042 32042 I Detox   : Wait is over: app is now idle!
03-22 01:14:40.904 32042 32395 I DetoxWSClient: Sending out action 'ready' (ID #-1000)
03-22 01:14:40.904 32042 32395 I DetoxDispatcher: Done with action 'isReady'
03-22 01:14:41.015 32042 32409 D DetoxWSClient: Received action 'invoke' (ID #1, params={"target":{"type":"Class","value":"com.wix.detox.espresso.EspressoDetox"},"method":"perform","args":[{"type":"Invocation","value":{"target":{"type":"Class","value":"androidx.test.espresso.Espresso"},"method":"onView","args":[{"type":"Invocation","value":{"target":{"type":"Class","value":"com.wix.detox.espresso.DetoxMatcher"},"method":"matcherForTestId","args":["initializeRzp"]}}]}},{"type":"Invocation","value":{"target":{"type":"Class","value":"com.wix.detox.espresso.DetoxViewActions"},"method":"click","args":[]}}]})
03-22 01:14:41.016 32042 32395 I DetoxDispatcher: Handling action 'invoke' (ID #1)...
03-22 01:14:41.020 32042 32395 D Detox   : class com.wix.detox.espresso.DetoxMatcher, matcherForTestId, [initializeRzp]
03-22 01:14:41.027 32042 32395 D Detox   : class androidx.test.espresso.Espresso, onView, [(view.getTag() is "initializeRzp" and view has effective visibility <VISIBLE>)]
03-22 01:14:41.028 32042 32395 D Detox   : class com.wix.detox.espresso.DetoxViewActions, click, []
03-22 01:14:41.029 32042 32395 W com.detoxsampl: Accessing hidden method Landroid/view/ViewConfiguration;->getDoubleTapMinTime()I (greylist, reflection, allowed)
03-22 01:14:41.033 32042 32395 D Detox   : class com.wix.detox.espresso.EspressoDetox, perform, [androidx.test.espresso.ViewInteraction@67027a7, com.wix.detox.espresso.action.RNClickAction@bfff454]
03-22 01:14:41.042 32042 32042 W com.detoxsampl: Accessing hidden method Landroid/view/WindowManagerGlobal;->getInstance()Landroid/view/WindowManagerGlobal; (greylist, reflection, allowed)
03-22 01:14:41.042 32042 32042 W com.detoxsampl: Accessing hidden field Landroid/view/WindowManagerGlobal;->mViews:Ljava/util/ArrayList; (greylist, reflection, allowed)
03-22 01:14:41.042 32042 32042 W com.detoxsampl: Accessing hidden field Landroid/view/WindowManagerGlobal;->mParams:Ljava/util/ArrayList; (greylist, reflection, allowed)
03-22 01:14:41.075 32042 32395 I DetoxActionHandlers: Test exception
03-22 01:14:41.075 32042 32395 I DetoxActionHandlers: java.lang.reflect.InvocationTargetException
03-22 01:14:41.075 32042 32395 I DetoxActionHandlers: 	at java.lang.reflect.Method.invoke(Native Method)
03-22 01:14:41.075 32042 32395 I DetoxActionHandlers: 	at org.apache.commons.lang3.reflect.MethodUtils.invokeStaticMethod(MethodUtils.java:443)
03-22 01:14:41.075 32042 32395 I DetoxActionHandlers: 	at org.apache.commons.lang3.reflect.MethodUtils.invokeStaticMethod(MethodUtils.java:405)
03-22 01:14:41.075 32042 32395 I DetoxActionHandlers: 	at com.wix.invoke.types.ClassTarget.execute(ClassTarget.java:23)
03-22 01:14:41.075 32042 32395 I DetoxActionHandlers: 	at com.wix.invoke.types.Target.invoke(Target.java:59)
03-22 01:14:41.075 32042 32395 I DetoxActionHandlers: 	at com.wix.invoke.MethodInvocation.invoke(MethodInvocation.java:35)
03-22 01:14:41.075 32042 32395 I DetoxActionHandlers: 	at com.wix.invoke.MethodInvocation.invoke(MethodInvocation.java:26)
03-22 01:14:41.075 32042 32395 I DetoxActionHandlers: 	at com.wix.invoke.MethodInvocation.invoke(MethodInvocation.java:20)
03-22 01:14:41.075 32042 32395 I DetoxActionHandlers: 	at com.wix.detox.adapters.server.InvokeActionHandler.handle(DetoxActionHandlers.kt:54)
03-22 01:14:41.075 32042 32395 I DetoxActionHandlers: 	at com.wix.detox.adapters.server.ActionsExecutor$executeAction$$inlined$let$lambda$1.run(DetoxActionsDispatcher.kt:64)
03-22 01:14:41.075 32042 32395 I DetoxActionHandlers: 	at android.os.Handler.handleCallback(Handler.java:938)
03-22 01:14:41.075 32042 32395 I DetoxActionHandlers: 	at android.os.Handler.dispatchMessage(Handler.java:99)
03-22 01:14:41.075 32042 32395 I DetoxActionHandlers: 	at android.os.Looper.loop(Looper.java:223)
03-22 01:14:41.075 32042 32395 I DetoxActionHandlers: 	at com.wix.detox.adapters.server.ActionsExecutor$1.run(DetoxActionsDispatcher.kt:50)
03-22 01:14:41.075 32042 32395 I DetoxActionHandlers: 	at java.lang.Thread.run(Thread.java:923)
03-22 01:14:41.075 32042 32395 I DetoxActionHandlers: Caused by: androidx.test.espresso.NoMatchingViewException: No views in hierarchy found matching: (view.getTag() is "initializeRzp" and view has effective visibility <VISIBLE>)
03-22 01:14:41.075 32042 32395 I DetoxActionHandlers: 
03-22 01:14:41.075 32042 32395 I DetoxActionHandlers: View Hierarchy:
03-22 01:14:41.075 32042 32395 I DetoxActionHandlers: +>DecorView{id=-1, visibility=VISIBLE, width=1080, height=2340, has-focus=false, has-focusable=true, has-window-focus=true, is-clickable=false, is-enabled=true, is-focused=false, is-focusable=false, is-layout-requested=false, is-selected=false, layout-params={(0,0)(fillxfill) sim={adjust=resize} ty=BASE_APPLICATION wanim=0x10302fe
03-22 01:14:41.075 32042 32395 I DetoxActionHandlers:   fl=LAYOUT_IN_SCREEN FORCE_NOT_FULLSCREEN LAYOUT_INSET_DECOR SPLIT_TOUCH HARDWARE_ACCELERATED DRAWS_SYSTEM_BAR_BACKGROUNDS
03-22 01:14:41.075 32042 32395 I DetoxActionHandlers:   pfl=FORCE_DRAW_STATUS_BAR_BACKGROUND FIT_INSETS_CONTROLLED
03-22 01:14:41.075 32042 32395 I DetoxActionHandlers:   fitSides=}, tag=null, root-is-layout-requested=false, has-input-connection=false, x=0.0, y=0.0, child-count=3} 
03-22 01:14:41.075 32042 32395 I DetoxActionHandlers: |
03-22 01:14:41.075 32042 32395 I DetoxActionHandlers: +->LinearLayout{id=-1, visibility=VISIBLE, width=1080, height=2214, has-focus=false, has-focusable=true, has-window-focus=true, is-clickable=false, is-enabled=true, is-focused=false, is-focusable=false, is-layout-requested=false, is-selected=false, layout-params=android.widget.FrameLayout$LayoutParams@aa1e716, tag=null, root-is-layout-requested=false, has-input-connection=false, x=0.0, y=0.0, child-count=2} 
03-22 01:14:41.075 32042 32395 I DetoxActionHandlers: |
03-22 01:14:41.075 32042 32395 I DetoxActionHandlers: +-->ViewStub{id=16908719, res-name=action_mode_bar_stub, visibility=GONE, width=0, height=0, has-focus=false, has-focusable=false, has-window-focus=true, is-clickable=false, is-enabled=true, is-focused=false, is-focusable=false, is-layout-requested=true, is-selected=false, layout-params=android.widget.LinearLayout$LayoutParams@c5c4897, tag=null, root-is-layout-requested=false, has-input-connection=false, x=0.0, y=0.0} 
03-22 01:14:41.075 32042 32395 I DetoxActionHandlers: |
03-22 01:14:41.075 32042 32395 I DetoxActionHandlers: +-->FrameLayout{id=-1, visibility=VISIBLE, width=1080, height=2138, has-focus=false, has-focusable=true, has-window-focus=true, is-clickable=false, is-enabled=true, is-focused=false, is-focusable=false, is-layout-requested=false, is-selected=false, layout-params=android.widget.LinearLayout$LayoutParams@6eeb26d, tag=null, root-is-layout-requested=false, has-input-connection=false, x=0.0, y=76.0, child-count=1} 
03-22 01:14:41.075 32042 32395 I DetoxActionHandlers: |
03-22 01:14:41.075 32042 32395 I DetoxActionHandlers: +--->ActionBarOverlayLayout{id=2131230827, res-name=decor_content_parent, visibility=VISIBLE, width=1080, height=2138, has-focus=false, has-focusable=true, has-window-focus=true, is-clickable=false, is-enabled=true, is-focused=false, is-focusable=false, is-layout-requested=false, is-selected=false, layout-params=android.widget.FrameLayout$LayoutParams@8095af0, tag=null, root-is-layout-requested=false, has-input-connection=false, x=0.0, y=0.0, child-count=2} 
03-22 01:14:41.075 32042 32395 I DetoxActionHandlers: |
03-22 01:14:41.075 32042 32395 I DetoxActionHandlers: +---->ContentFrameLayout{id=16908290, res-name=content, visibility=VISIBLE, width=1080, height=1991, has-focus=false, has-focusable=true, has-window-focus=true, is-clickable=false, is-enabled=true, is-focused=false, is-focusable=false, is-layout-requested=false, is-selected=false, layout-params=androidx.appcompat.widget.ActionBarOverlayLayout$LayoutParams@b510869, tag=null, root-is-layout-requested=false, has-input-connection=false, x=0.0, y=147.0, child-count=1} 
03-22 01:14:41.075 32042 32395 I DetoxActionHandlers: |
03-22 01:14:41.075 32042 32395 I DetoxActionHandlers: +----->ReactRootView{id=1, visibility=VISIBLE, width=1080, height=1991, has-focus=false, has-focusable=true, has-window-focus=true, is-clickable=false, is-enabled=true, is-focused=false, is-focusable=false, is-layout-requested=false, is-selected=false, layout-params=android.widget.FrameLayout$LayoutParams@b99b38f, tag=null, root-is-layout-requested=false, has-input-connection=false, x=0.0, y=0.0, child-count=1} 
03-22 01:14:41.075 32042 32395 I DetoxActionHandlers: |
03-22 01:14:41.075 32042 32395 I DetoxActionHandlers: +------>ReactViewGroup{id=235, visibility=VISIBLE, width=1080, height=1991, has-focus=false, has-focusable=true, has-window-focus=true, is-clickable=false, is-enabled=true, is-focused=false, is-focusable=false, is-layout-requested=false, is-selected=false, layout-params=android.widget.FrameLayout$LayoutParams@4c1361c, tag=null, root-is-layout-requested=false, has-input-connection=false, x=0.0, y=0.0, child-count=1} 
03-22 01:14:41.075 32042 32395 I DetoxActionHandlers: |
03-22 01:14:41.075 32042 32395 I DetoxActionHandlers: +------->ReactScrollView{id=233, visibility=VISIBLE, width=1080, height=1991, has-focus=false, has-focusable=true, has-window-focus=true, is-clickable=false, is-enabled=true, is-focused=false, is-focusable=true, is-layout-requested=false, is-selected=false, layout-params=android.view.ViewGroup$LayoutParams@7601ffa, tag=null, root-is-layout-requested=false, has-input-connection=false, x=0.0, y=0.0, child-count=1} 
03-22 01:14:41.075 32042 32395 I DetoxActionHandlers: |
03-22 01:14:41.075 32042 32395 I DetoxActionHandlers: +-------->ReactViewGroup{id=229, visibility=VISIBLE, width=1080, height=3479, has-focus=false, has-focusable=true, has-window-focus=true, is-clickable=false, is-enabled=true, is-focused=false, is-focusable=false, is-layout-requested=false, is-selected=false, layout-params=android.widget.FrameLayout$LayoutParams@307f9ab, tag=null, root-is-layout-requested=false, has-input-connection=false, x=0.0, y=0.0, child-count=2} 
03-22 01:14:41.075 32042 32395 I DetoxActionHandlers: |
03-22 01:14:41.075 32042 32395 I DetoxActionHandlers: +--------->ReactViewGroup{id=15, visibility=VISIBLE, width=1080, height=563, has-focus=false, has-focusable=false, has-window-focus=true, is-clickable=false, is-enabled=true, is-focused=false, is-focusable=false, is-layout-requested=false, is-selected=false, layout-params=android.view.ViewGroup$LayoutParams@db99808, tag=null, root-is-layout-requested=false, has-input-connection=false, x=0.0, y=0.0, child-count=2} 
03-22 01:14:41.075 32042 32395 I DetoxActionHandlers: |
03-22 01:14:41.075 32042 32395 I DetoxActionHandlers: +---------->ReactImageView{id=3, visibility=VISIBLE, width=1416, height=1067, has-focus=false, has-focusable=false, has-window-focus=true, is-clickable=false, is-enabled=true, is-focused=false, is-focusable=false, is-layout-requested=false, is-selected=false, layout-params=android.view.ViewGroup$LayoutParams@2885ba1, tag=new-app-screen-header, root-is-layout-requested=false, has-input-connection=false, x=-336.0, y=0.0} 
03-22 01:14:41.075 32042 32395 I DetoxActionHandlers: |
03-22 01:14:41.075 32042 32395 I DetoxActionHandlers: +---------->ReactTextView{id=13, visibility=VISIBLE, width=912, height=206, has-focus=false, has-focusable=false, has-window-focus=true, is-clickable=false, is-enabled=true, is-focused=false, is-focusable=false, is-layout-requested=false, is-selected=false, layout-params=android.view.ViewGroup$LayoutParams@2ca8587, tag=null, root-is-layout-requested=false, has-input-connection=false, x=84.0, y=252.0, text=Welcome to
03-22 01:14:41.075 32042 32395 I DetoxActionHandlers: React Native, input-type=0, ime-target=false, has-links=false} 
03-22 01:14:41.075 32042 32395 I DetoxActionHandlers: |
03-22 01:14:41.075 32042 32395 I DetoxActionHandlers: +--------->ReactViewGroup{id=227, visibility=VISIBLE, width=1080, height=2916, has-focus=false, has-focusable=true, has-window-focus=true, is-clickable=false, is-enabled=true, is-focused=false, is-focusable=false, is-layout-requested=false, is-selected=false, layout-params=android.view.ViewGroup$LayoutParams@2542cb4, tag=null, root-is-layout-requested=false, has-input-connection=false, x=0.0, y=563.0, child-count=24} 
03-22 01:14:41.075 32042 32395 I DetoxActionHandlers: |
03-22 01:14:41.076 32042 32395 I DetoxActionHandlers: +---------->ReactTextView{id=19, visibility=VISIBLE, width=954, height=67, has-focus=false, has-focusable=false, has-window-focus=true, is-clickable=false, is-enabled=true, is-focused=false, is-focusable=false, is-layout-requested=false, is-selected=false, layout-params=android.view.ViewGroup$LayoutParams@aae10dd, tag=null, root-is-layout-requested=false, has-input-connection=false, x=63.0, y=84.0, text=Step One, input-type=0, ime-target=false, has-links=false} 
03-22 01:14:41.076 32042 32395 I DetoxActionHandlers: |
03-22 01:14:41.076 32042 32395 I DetoxActionHandlers: +---------->ReactTextView{id=33, visibility=VISIBLE, width=954, height=94, has-focus=false, has-focusable=false, has-window-focus=true, is-clickable=false, is-enabled=true, is-focused=false, is-focusable=false, is-layout-requested=false, is-selected=false, layout-params=android.view.ViewGroup$LayoutParams@d2eb452, tag=null, root-is-layout-requested=false, has-input-connection=false, x=63.0, y=172.0, text=Edit App.js to change this screen and then come back to see your edits., input-type=0, ime-target=false, has-links=false} 
03-22 01:14:41.076 32042 32395 I DetoxActionHandlers: |
03-22 01:14:41.076 32042 32395 I DetoxActionHandlers: +---------->ReactTextView{id=39, visibility=VISIBLE, width=954, height=67, has-focus=false, has-focusable=false, has-window-focus=true, is-clickable=false, is-enabled=true, is-focused=false, is-focusable=false, is-layout-requested=false, is-selected=false, layout-params=android.view.ViewGroup$LayoutParams@13ff323, tag=null, root-is-layout-requested=false, has-input-connection=false, x=63.0, y=350.0, text=See Your Changes, input-type=0, ime-target=false, has-links=false} 
03-22 01:14:41.076 32042 32395 I DetoxActionHandlers: |
03-22 01:14:41.076 32042 32395 I DetoxActionHandlers: +---------->ReactTextView{id=55, visibility=VISIBLE, width=954, height=51, has-focus=false, has-focusable=false, has-window-focus=true, is-clickable=false, is-enabled=true, is-focused=false, is-focusable=false, is-layout-requested=false, is-selected=false, layout-params=android.view.ViewGroup$LayoutParams@4616020, tag=null, root-is-layout-requested=false, has-input-connection=false, x=63.0, y=438.0, text=Double tap R on your keyboard to reload your app's code., input-type=0, ime-target=false, has-links=false} 
03-22 01:14:41.076 32042 32395 I DetoxActionHandlers: |
03-22 01:14:41.076 32042 32395 I DetoxActionHandlers: +---------->ReactTextView{id=63, visibility=VISIBLE, width=954, height=67, has-focus=false, has-focusable=false, has-window-focus=true, is-clickable=false, is-enabled=true, is-focused=false, is-focusable=false, is-layout-requested=false, is-selected=false, layout-params=android.view.ViewGroup$LayoutParams@17fddd9, tag=null, root-is-layout-requested=false, has-input-connection=false, x=63.0, y=573.0, text=Debug, input-type=0, ime-target=false, has-links=false} 
03-22 01:14:41.076 32042 32395 I DetoxActionHandlers: |
03-22 01:14:41.076 32042 32395 I DetoxActionHandlers: +---------->ReactTextView{id=87, visibility=VISIBLE, width=954, height=94, has-focus=false, has-focusable=false, has-window-focus=true, is-clickable=false, is-enabled=true, is-focused=false, is-focusable=false, is-layout-requested=false, is-selected=false, layout-params=android.view.ViewGroup$LayoutParams@7dfc39e, tag=null, root-is-layout-requested=false, has-input-connection=false, x=63.0, y=661.0, text=Press Cmd or Ctrl + M or Shake your device to open the React Native debug menu., input-type=0, ime-target=false, has-links=false} 
03-22 01:14:41.076 32042 32395 I DetoxActionHandlers: |
03-22 01:14:41.076 32042 32395 I DetoxActionHandlers: +---------->ReactTextView{id=95, visibility=VISIBLE, width=954, height=67, has-focus=false, has-focusable=false, has-window-focus=true, is-clickable=false, is-enabled=true, is-focused=false, is-focusable=false, is-layout-requested=false, is-selected=false, layout-params=android.view.ViewGroup$LayoutParams@2149e7f, tag=null, root-is-layout-requested=false, has-input-connection=false, x=63.0, y=839.0, text=Learn More, input-type=0, ime-target=false, has-links=false} 
03-22 01:14:41.076 32042 32395 I DetoxActionHandlers: |
03-22 01:14:41.076 32042 32395 I DetoxActionHandlers: +---------->ReactTextView{id=99, visibility=VISIBLE, width=954, height=51, has-focus=false, has-focusable=false, has-window-focus=true, is-clickable=false, is-enabled=true, is-focused=false, is-focusable=false, is-layout-requested=false, is-selected=false, layout-params=android.view.ViewGroup$LayoutParams@4c5e4c, tag=null, root-is-layout-requested=false, has-input-connection=false, x=63.0, y=927.0, text=Read the docs to discover what to do next:, input-type=0, ime-target=false, has-links=false} 
03-22 01:14:41.076 32042 32395 I DetoxActionHandlers: |
03-22 01:14:41.076 32042 32395 I DetoxActionHandlers: +---------->ReactViewGroup{id=105, visibility=VISIBLE, width=954, height=1, has-focus=false, has-focusable=false, has-window-focus=true, is-clickable=false, is-enabled=true, is-focused=false, is-focusable=false, is-layout-requested=false, is-selected=false, layout-params=android.view.ViewGroup$LayoutParams@77e95, tag=null, root-is-layout-requested=false, has-input-connection=false, x=63.0, y=1062.0, child-count=0} 
03-22 01:14:41.076 32042 32395 I DetoxActionHandlers: |
03-22 01:14:41.076 32042 32395 I DetoxActionHandlers: +---------->ReactViewGroup{id=117, visibility=VISIBLE, width=954, height=220, has-focus=false, has-focusable=true, has-window-focus=true, is-clickable=true, is-enabled=true, is-focused=false, is-focusable=true, is-layout-requested=false, is-selected=false, layout-params=android.view.ViewGroup$LayoutParams@8007baa, tag=null, root-is-layout-requested=false, has-input-connection=false, x=63.0, y=1063.0, child-count=2} 
03-22 01:14:41.076 32042 32395 I DetoxActionHandlers: |
03-22 01:14:41.076 32042 32395 I DetoxActionHandlers: +----------->ReactTextView{id=109, visibility=VISIBLE, width=382, height=51, has-focus=false, has-focusable=false, has-window-focus=true, is-clickable=false, is-enabled=true, is-focused=false, is-focusable=false, is-layout-requested=false, is-selected=false, layout-params=android.view.ViewGroup$LayoutParams@d5ea39b, tag=null, root-is-layout-requested=false, has-input-connection=false, x=0.0, y=85.0, text=The Basics, input-type=0, ime-target=false, has-links=false} 
03-22 01:14:41.076 32042 32395 I DetoxActionHandlers: |
03-22 01:14:41.076 32042 32395 I DetoxActionHandlers: +----------->ReactTextView{id=115, visibility=VISIBLE, width=572, height=178, has-focus=false, has-focusable=false, has-window-focus=true, is-clickable=false, is-enabled=true, is-focused=false, is-focusable=false, is-layout-requested=false, is-selected=false, layout-params=android.view.ViewGroup$LayoutParams@c071338, tag=null, root-is-layout-requested=false, has-input-connection=false, x=382.0, y=21.0, text=Explains a Hello World for React Native., input-type=0, ime-target=false, has-links=false} 
03-22 01:14:41.076 32042 32395 I DetoxActionHandlers: |
03-22 01:14:41.076 32042 32395 I DetoxActionHandlers: +---------->ReactViewGroup{id=119, visibility=VISIBLE, width=954, height=1, has-focus=false, has-focusable=false, has-window-focus=true, is-clickable=false, is-enabled=true, is-focused=false, is-focusable=false, is-layout-requested=false, is-selected=false, layout-params=android.view.ViewGroup$LayoutParams@c2e6f11, tag=null, root-is-layout-requested=false, has-input-connection=false, x=63.0, y=1283.0, child-count=0} 
03-22 01:14:41.076 32042 32395 I DetoxActionHandlers: |
03-22 01:14:41.076 32042 32395 I DetoxActionHandlers: +---------->ReactViewGroup{id=133, visibility=VISIBLE, width=954, height=220, has-focus=false, has-focusable=true, has-window-focus=true, is-clickable=true, is-enabled=true, is-focused=false, is-focusable=true, is-layout-requested=false, is-selected=false, layout-params=android.view.ViewGroup$LayoutParams@dc2a876, tag=null, root-is-layout-requested=false, has-input-connection=false, x=63.0, y=1284.0, child-count=2} 
03-22 01:14:41.076 32042 32395 I DetoxActionHandlers: |
03-22 01:14:41.076 32042 32395 I DetoxActionHandlers: +----------->ReactTextView{id=125, visibility=VISIBLE, width=382, height=51, has-focus=false, has-focusable=false, has-window-focus=true, is-clickable=false, is-enabled=true, is-focused=false, is-focusable=false, is-layout-requested=false, is-selected=false, layout-params=android.view.ViewGroup$LayoutParams@c79de77, tag=null, root-is-layout-requested=false, has-input-connection=false, x=0.0, y=85.0, text=Style, input-type=0, ime-target=false, has-links=false} 
03-22 01:14:41.076 32042 32395 I DetoxActionHandlers: |
03-22 01:14:41.076 32042 32395 I DetoxActionHandlers: +----------->ReactTextView{id=129, visibility=VISIBLE, width=572, height=178, has-focus=false, has-focusable=false, has-window-focus=true, is-clickable=false, is-enabled=true, is-focused=false, is-focusable=false, is-layout-requested=false, is-selected=false, layout-params=android.view.ViewGroup$LayoutParams@8b62ae4, tag=null, root-is-layout-requested=false, has-input-connection=false, x=382.0, y=21.0, text=Covers how to use the prop named style which controls the visuals., input-type=0, ime-target=false, has-links=false} 
03-22 01:14:41.076 32042 32395 I DetoxActionHandlers: |
03-22 01:14:41.078 32042 32395 I DetoxActionHandlers: +---------->ReactViewGroup{id=135, visibility=VISIBLE, width=954, height=1, has-focus=false, has-focusable=false, has-window-focus=true, is-clickable=false, is-enabled=true, is-focused=false, is-focusable=false, is-layout-requested=false, is-selected=false, layout-params=android.view.ViewGroup$LayoutParams@6f9eb4d, tag=null, root-is-layout-requested=false, has-input-connection=false, x=63.0, y=1504.0, child-count=0} 
03-22 01:14:41.078 32042 32395 I DetoxActionHandlers: |
03-22 01:14:41.078 32042 32395 I DetoxActionHandlers: +---------->ReactViewGroup{id=147, visibility=VISIBLE, width=954, height=220, has-focus=false, has-focusable=true, has-window-focus=true, is-clickable=true, is-enabled=true, is-focused=false, is-focusable=true, is-layout-requested=false, is-selected=false, layout-params=android.view.ViewGroup$LayoutParams@8a8d602, tag=null, root-is-layout-requested=false, has-input-connection=false, x=63.0, y=1505.0, child-count=2} 
03-22 01:14:41.078 32042 32395 I DetoxActionHandlers: |
03-22 01:14:41.078 32042 32395 I DetoxActionHandlers: +----------->ReactTextView{id=139, visibility=VISIBLE, width=382, height=51, has-focus=false, has-focusable=false, has-window-focus=true, is-clickable=false, is-enabled=true, is-focused=false, is-focusable=false, is-layout-requested=false, is-selected=false, layout-params=android.view.ViewGroup$LayoutParams@8a3eb13, tag=null, root-is-layout-requested=false, has-input-connection=false, x=0.0, y=85.0, text=Layout, input-type=0, ime-target=false, has-links=false} 
03-22 01:14:41.078 32042 32395 I DetoxActionHandlers: |
03-22 01:14:41.078 32042 32395 I DetoxActionHandlers: +----------->ReactTextView{id=145, visibility=VISIBLE, width=572, height=178, has-focus=false, has-focusable=false, has-window-focus=true, is-clickable=false, is-enabled=true, is-focused=false, is-focusable=false, is-layout-requested=false, is-selected=false, layout-params=android.view.ViewGroup$LayoutParams@31d1150, tag=null, root-is-layout-requested=false, has-input-connection=false, x=382.0, y=21.0, text=React Native uses flexbox for layout, learn how it works., input-type=0, ime-target=false, has-links=false} 
03-22 01:14:41.078 32042 32395 I DetoxActionHandlers: |
03-22 01:14:41.078 32042 32395 I DetoxActionHandlers: +---------->ReactViewGroup{id=149, visibility=VISIBLE, width=954, height=1, has-focus=false, has-focusable=false, has-window-focus=true, is-clickable=false, is-enabled=true, is-focused=false, is-focusable=false, is-layout-requested=false, is-selected=false, layout-params=android.view.ViewGroup$LayoutParams@286ef49, tag=null, root-is-layout-requested=false, has-input-connection=false, x=63.0, y=1725.0, child-count=0} 
03-22 01:14:41.078 32042 32395 I DetoxActionHandlers: |
03-22 01:14:41.078 32042 32395 I DetoxActionHandlers: +---------->ReactViewGroup{id=163, visibility=VISIBLE, width=954, height=220, has-focus=false, has-focusable=true, has-window-focus=true, is-clickable=true, is-enabled=true, is-focused=false, is-focusable=true, is-layout-requested=false, is-selected=false, layout-params=android.view.ViewGroup$LayoutParams@bd2504e, tag=null, root-is-layout-requested=false, has-input-connection=false, x=63.0, y=1726.0, child-count=2} 
03-22 01:14:41.078 32042 32395 I DetoxActionHandlers: |
03-22 01:14:41.078 32042 32395 I DetoxActionHandlers: +----------->ReactTextView{id=155, visibility=VISIBLE, width=382, height=51, has-focus=false, has-focusable=false, has-window-focus=true, is-clickable=false, is-enabled=true, is-focused=false, is-focusable=false, is-layout-requested=false, is-selected=false, layout-params=android.view.ViewGroup$LayoutParams@758256f, tag=null, root-is-layout-requested=false, has-input-connection=false, x=0.0, y=85.0, text=Components, input-type=0, ime-target=false, has-links=false} 
03-22 01:14:41.078 32042 32395 I DetoxActionHandlers: |
03-22 01:14:41.078 32042 32395 I DetoxActionHandlers: +----------->ReactTextView{id=159, visibility=VISIBLE, width=572, height=178, has-focus=false, has-focusable=false, has-window-focus=true, is-clickable=false, is-enabled=true, is-focused=false, is-focusable=false, is-layout-requested=false, is-selected=false, layout-params=android.view.ViewGroup$LayoutParams@ec9f27c, tag=null, root-is-layout-requested=false, has-input-connection=false, x=382.0, y=21.0, text=The full list of components and APIs inside React Native., input-type=0, ime-target=false, has-links=false} 
03-22 01:14:41.078 32042 32395 I DetoxActionHandlers: |
03-22 01:14:41.078 32042 32395 I DetoxActionHandlers: +---------->ReactViewGroup{id=165, visibility=VISIBLE, width=954, height=1, has-focus=false, has-focusable=false, has-window-focus=true, is-clickable=false, is-enabled=true, is-focused=false, is-focusable=false, is-layout-requested=false, is-selected=false, layout-params=android.view.ViewGroup$LayoutParams@bc63705, tag=null, root-is-layout-requested=false, has-input-connection=false, x=63.0, y=1946.0, child-count=0} 
03-22 01:14:41.078 32042 32395 I DetoxActionHandlers: |
03-22 01:14:41.078 32042 32395 I DetoxActionHandlers: +---------->ReactViewGroup{id=177, visibility=VISIBLE, width=954, height=220, has-focus=false, has-focusable=true, has-window-focus=true, is-clickable=true, is-enabled=true, is-focused=false, is-focusable=true, is-layout-requested=false, is-selected=false, layout-params=android.view.ViewGroup$LayoutParams@b07235a, tag=null, root-is-layout-requested=false, has-input-connection=false, x=63.0, y=1947.0, child-count=2} 
03-22 01:14:41.078 32042 32395 I DetoxActionHandlers: |
03-22 01:14:41.078 32042 32395 I DetoxActionHandlers: +----------->ReactTextView{id=169, visibility=VISIBLE, width=382, height=51, has-focus=false, has-focusable=false, has-window-focus=true, is-clickable=false, is-enabled=true, is-focused=false, is-focusable=false, is-layout-requested=false, is-selected=false, layout-params=android.view.ViewGroup$LayoutParams@6ba98b, tag=null, root-is-layout-requested=false, has-input-connection=false, x=0.0, y=85.0, text=Navigation, input-type=0, ime-target=false, has-links=false} 
03-22 01:14:41.078 32042 32395 I DetoxActionHandlers: |
03-22 01:14:41.078 32042 32395 I DetoxActionHandlers: +----------->ReactTextView{id=175, visibility=VISIBLE, width=572, height=178, has-focus=false, has-focusable=false, has-window-focus=true, is-clickable=false, is-enabled=true, is-focused=false, is-focusable=false, is-layout-requested=false, is-selected=false, layout-params=android.view.ViewGroup$LayoutParams@801ba68, tag=null, root-is-layout-requested=false, has-input-connection=false, x=382.0, y=21.0, text=How to handle moving between screens inside your application., input-type=0, ime-target=false, has-links=false} 
03-22 01:14:41.078 32042 32395 I DetoxActionHandlers: |
03-22 01:14:41.078 32042 32395 I DetoxActionHandlers: +---------->ReactViewGroup{id=179, visibility=VISIBLE, width=954, height=1, has-focus=false, has-focusable=false, has-window-focus=true, is-clickable=false, is-enabled=true, is-focused=false, is-focusable=false, is-layout-requested=false, is-selected=false, layout-params=android.view.ViewGroup$LayoutParams@3f83e81, tag=null, root-is-layout-requested=false, has-input-connection=false, x=63.0, y=2167.0, child-count=0} 
03-22 01:14:41.078 32042 32395 I DetoxActionHandlers: |
03-22 01:14:41.078 32042 32395 I DetoxActionHandlers: +---------->ReactViewGroup{id=193, visibility=VISIBLE, width=954, height=220, has-focus=false, has-focusable=true, has-window-focus=true, is-clickable=true, is-enabled=true, is-focused=false, is-focusable=true, is-layout-requested=false, is-selected=false, layout-params=android.view.ViewGroup$LayoutParams@c841b26, tag=null, root-is-layout-requested=false, has-input-connection=false, x=63.0, y=2168.0, child-count=2} 
03-22 01:14:41.078 32042 32395 I DetoxActionHandlers: |
03-22 01:14:41.078 32042 32395 I DetoxActionHandlers: +----------->ReactTextView{id=185, visibility=VISIBLE, width=382, height=51, has-focus=false, has-focusable=false, has-window-focus=true, is-clickable=false, is-enabled=true, is-focused=false, is-focusable=false, is-layout-requested=false, is-selected=false, layout-params=android.view.ViewGroup$LayoutParams@9e95367, tag=null, root-is-layout-requested=false, has-input-connection=false, x=0.0, y=85.0, text=Networking, input-type=0, ime-target=false, has-links=false} 
03-22 01:14:41.078 32042 32395 I DetoxActionHandlers: |
03-22 01:14:41.078 32042 32395 I DetoxActionHandlers: +----------->ReactTextView{id=189, visibility=VISIBLE, width=572, height=178, has-focus=false, has-focusable=false, has-window-focus=true, is-clickable=false, is-enabled=true, is-focused=false, is-focusable=false, is-layout-requested=false, is-selected=false, layout-params=android.view.ViewGroup$LayoutParams@86c1514, tag=null, root-is-layout-requested=false, has-input-connection=false, x=382.0, y=21.0, text=How to use the Fetch API in React Native., input-type=0, ime-target=false, has-links=false} 
03-22 01:14:41.078 32042 32395 I DetoxActionHandlers: |
03-22 01:14:41.078 32042 32395 I DetoxActionHandlers: +---------->ReactViewGroup{id=195, visibility=VISIBLE, width=954, height=1, has-focus=false, has-focusable=false, has-window-focus=true, is-clickable=false, is-enabled=true, is-focused=false, is-focusable=false, is-layout-requested=false, is-selected=false, layout-params=android.view.ViewGroup$LayoutParams@5e941bd, tag=null, root-is-layout-requested=false, has-input-connection=false, x=63.0, y=2388.0, child-count=0} 
03-22 01:14:41.078 32042 32395 I DetoxActionHandlers: |
03-22 01:14:41.078 32042 32395 I DetoxActionHandlers: +---------->ReactViewGroup{id=207, visibility=VISIBLE, width=954, height=263, has-focus=false, has-focusable=true, has-window-focus=true, is-clickable=true, is-enabled=true, is-focused=false, is-focusable=true, is-layout-requested=false, is-selected=false, layout-params=android.view.ViewGroup$LayoutParams@b86c3b2, tag=null, root-is-layout-requested=false, has-input-connection=false, x=63.0, y=2389.0, child-count=2} 
03-22 01:14:41.078 32042 32395 I DetoxActionHandlers: |
03-22 01:14:41.078 32042 32395 I DetoxActionHandlers: +----------->ReactTextView{id=199, visibility=VISIBLE, width=382, height=51, has-focus=false, has-focusable=false, has-window-focus=true, is-clickable=false, is-enabled=true, is-focused=false, is-focusable=false, is-layout-requested=false, is-selected=false, layout-params=android.view.ViewGroup$LayoutParams@5adbf03, tag=null, root-is-layout-requested=false, has-input-connection=false, x=0.0, y=106.0, text=Help, input-type=0, ime-target=false, has-links=false} 
03-22 01:14:41.078 32042 32395 I DetoxActionHandlers: |
03-22 01:14:41.078 32042 32395 I DetoxActionHandlers: +----------->ReactTextView{id=205, visibility=VISIBLE, width=572, height=221, has-focus=false, has-focusable=false, has-window-focus=true, is-clickable=false, is-enabled=true, is-focused=false, is-focusable=false, is-layout-requested=false, is-selected=false, layout-params=android.view.ViewGroup$LayoutParams@a7f6e80, tag=null, root-is-layout-requested=false, has-input-connection=false, x=382.0, y=21.0, text=Need more help? There are many other React Native developers who may have the answer., input-type=0, ime-target=false, has-links=false} 
03-22 01:14:41.078 32042 32395 I DetoxActionHandlers: |
03-22 01:14:41.078 32042 32395 I DetoxActionHandlers: +---------->ReactViewGroup{id=209, visibility=VISIBLE, width=954, height=1, has-focus=false, has-focusable=false, has-window-focus=true, is-clickable=false, is-enabled=true, is-focused=false, is-focusable=false, is-layout-requested=false, is-selected=false, layout-params=android.view.ViewGroup$LayoutParams@2ed3cb9, tag=null, root-is-layout-requested=false, has-input-connection=false, x=63.0, y=2652.0, child-count=0} 
03-22 01:14:41.078 32042 32395 I DetoxActionHandlers: |
03-22 01:14:41.078 32042 32395 I DetoxActionHandlers: +---------->ReactViewGroup{id=223, visibility=VISIBLE, width=954, height=263, has-focus=false, has-focusable=true, has-window-focus=true, is-clickable=true, is-enabled=true, is-focused=false, is-focusable=true, is-layout-requested=false, is-selected=false, layout-params=android.view.ViewGroup$LayoutParams@79968fe, tag=null, root-is-layout-requested=false, has-input-connection=false, x=63.0, y=2653.0, child-count=2} 
03-22 01:14:41.078 32042 32395 I DetoxActionHandlers: |
03-22 01:14:41.078 32042 32395 I DetoxActionHandlers: +----------->ReactTextView{id=215, visibility=VISIBLE, width=382, height=51, has-focus=false, has-focusable=false, has-window-focus=true, is-clickable=false, is-enabled=true, is-focused=false, is-focusable=false, is-layout-requested=false, is-selected=false, layout-params=android.view.ViewGroup$LayoutParams@cc3485f, tag=null, root-is-layout-requested=false, has-input-connection=false, x=0.0, y=106.0, text=Follow us on Twitter, input-type=0, ime-target=false, has-links=false} 
03-22 01:14:41.078 32042 32395 I DetoxActionHandlers: |
03-22 01:14:41.078 32042 32395 I DetoxActionHandlers: +----------->ReactTextView{id=219, visibility=VISIBLE, width=572, height=221, has-focus=false, has-focusable=false, has-window-focus=true, is-clickable=false, is-enabled=true, is-focused=false, is-focusable=false, is-layout-requested=false, is-selected=false, layout-params=android.view.ViewGroup$LayoutParams@7acf2ac, tag=null, root-is-layout-requested=false, has-input-connection=false, x=382.0, y=21.0, text=Stay in touch with the community, join in on Q&As and more by following React Native on Twitter., input-type=0, ime-target=false, has-links=false} 
03-22 01:14:41.078 32042 32395 I DetoxActionHandlers: |
03-22 01:14:41.078 32042 32395 I DetoxActionHandlers: +---->ActionBarContainer{id=2131230767, res-name=action_bar_container, visibility=VISIBLE, width=1080, height=147, has-focus=false, has-focusable=false, has-window-focus=true, is-clickable=false, is-enabled=true, is-focused=false, is-focusable=false, is-layout-requested=false, is-selected=false, layout-params=androidx.appcompat.widget.ActionBarOverlayLayout$LayoutParams@47e0b7b, tag=null, root-is-layout-requested=false, has-input-connection=false, x=0.0, y=0.0, child-count=2} 
03-22 01:14:41.078 32042 32395 I DetoxActionHandlers: |
03-22 01:14:41.078 32042 32395 I DetoxActionHandlers: +----->Toolbar{id=2131230765, res-name=action_bar, visibility=VISIBLE, width=1080, height=147, has-focus=false, has-focusable=false, has-window-focus=true, is-clickable=false, is-enabled=true, is-focused=false, is-focusable=false, is-layout-requested=false, is-selected=false, layout-params=android.widget.FrameLayout$LayoutParams@f9f99d6, tag=null, root-is-layout-requested=false, has-input-connection=false, x=0.0, y=0.0, child-count=2} 
03-22 01:14:41.078 32042 32395 I DetoxActionHandlers: |
03-22 01:14:41.078 32042 32395 I DetoxActionHandlers: +------>AppCompatTextView{id=-1, visibility=VISIBLE, width=294, height=71, has-focus=false, has-focusable=false, has-window-focus=true, is-clickable=false, is-enabled=true, is-focused=false, is-focusable=false, is-layout-requested=false, is-selected=false, layout-params=androidx.appcompat.widget.Toolbar$LayoutParams@957e457, tag=null, root-is-layout-requested=false, has-input-connection=false, x=42.0, y=38.0, text=DetoxSample, input-type=0, ime-target=false, has-links=false} 
03-22 01:14:41.078 32042 32395 I DetoxActionHandlers: |
