--------- beginning of main
03-22 18:36:19.028 18669 18669 I Detox   : AnimatedModule is busy.
03-22 18:36:19.039 18669 18669 I Detox   : AnimatedModule is busy.
03-22 18:36:19.047 18669 18669 I Detox   : AnimatedModule is busy.
03-22 18:36:19.062 18669 18669 I Detox   : AnimatedModule is busy.
03-22 18:36:19.079 18669 18669 I Detox   : AnimatedModule is busy.
03-22 18:36:19.096 18669 18669 I Detox   : AnimatedModule is busy.
03-22 18:36:19.112 18669 18669 I Detox   : AnimatedModule is busy.
03-22 18:36:19.128 18669 18669 I Detox   : AnimatedModule is busy.
03-22 18:36:19.145 18669 18669 I Detox   : AnimatedModule is busy.
03-22 18:36:19.161 18669 18669 I Detox   : AnimatedModule is busy.
03-22 18:36:19.177 18669 18669 I Detox   : AnimatedModule is busy.
03-22 18:36:19.195 18669 18669 I Detox   : AnimatedModule is busy.
03-22 18:36:19.614 18669 18742 I DetoxWSClient: Sending out action 'invokeResult' (ID #1)
03-22 18:36:19.615 18669 18742 I DetoxDispatcher: Done with action 'invoke'
03-22 18:36:19.623 18669 18744 D DetoxWSClient: Received action 'invoke' (ID #2, params={"target":{"type":"Class","value":"com.wix.detox.espresso.DetoxAssertion"},"method":"assertMatcher","args":[{"type":"Invocation","value":{"target":{"type":"Class","value":"androidx.test.espresso.Espresso"},"method":"onView","args":[{"type":"Invocation","value":{"target":{"type":"Class","value":"com.wix.detox.espresso.DetoxMatcher"},"method":"matcherForText","args":["Razorpay Initialized"]}}]}},{"type":"Invocation","value":{"target":{"type":"Class","value":"com.wix.detox.espresso.DetoxMatcher"},"method":"matcherForSufficientlyVisible","args":[{"type":"Integer","value":75}]}}]})
03-22 18:36:19.623 18669 18742 I DetoxDispatcher: Handling action 'invoke' (ID #2)...
03-22 18:36:19.624 18669 18742 D Detox   : class com.wix.detox.espresso.DetoxMatcher, matcherForText, [Razorpay Initialized]
03-22 18:36:19.625 18669 18742 D Detox   : class androidx.test.espresso.Espresso, onView, [(an instance of android.widget.TextView and view.getText() with or without transformation to match: is "Razorpay Initialized" and view has effective visibility <VISIBLE>)]
03-22 18:36:19.626 18669 18742 D Detox   : class com.wix.detox.espresso.DetoxMatcher, matcherForSufficientlyVisible, [75]
03-22 18:36:19.627 18669 18742 D Detox   : class com.wix.detox.espresso.DetoxAssertion, assertMatcher, [androidx.test.espresso.ViewInteraction@7f526bf, (view has effective visibility <VISIBLE> and view.getGlobalVisibleRect() covers at least <75> percent of the view's area)]
03-22 18:36:19.633 18669 18669 I ViewInteraction: Checking 'MatchesViewAssertion(Detox){viewMatcher=(view has effective visibility <VISIBLE> and view.getGlobalVisibleRect() covers at least <75> percent of the view's area)}' assertion on view (an instance of android.widget.TextView and view.getText() with or without transformation to match: is "Razorpay Initialized" and view has effective visibility <VISIBLE>)
03-22 18:36:19.635 18669 18742 I DetoxWSClient: Sending out action 'invokeResult' (ID #2)
03-22 18:36:19.636 18669 18742 I DetoxDispatcher: Done with action 'invoke'
03-22 18:36:19.694 18669 18744 D DetoxWSClient: Received action 'invoke' (ID #3, params={"target":{"type":"Class","value":"com.wix.detox.espresso.EspressoDetox"},"method":"perform","args":[{"type":"Invocation","value":{"target":{"type":"Class","value":"androidx.test.espresso.Espresso"},"method":"onView","args":[{"type":"Invocation","value":{"target":{"type":"Class","value":"com.wix.detox.espresso.DetoxMatcher"},"method":"matcherForTestId","args":["cards"]}}]}},{"type":"Invocation","value":{"target":{"type":"Class","value":"com.wix.detox.espresso.DetoxViewActions"},"method":"click","args":[]}}]})
03-22 18:36:19.695 18669 18742 I DetoxDispatcher: Handling action 'invoke' (ID #3)...
03-22 18:36:19.696 18669 18742 D Detox   : class com.wix.detox.espresso.DetoxMatcher, matcherForTestId, [cards]
03-22 18:36:19.697 18669 18742 D Detox   : class androidx.test.espresso.Espresso, onView, [(view.getTag() is "cards" and view has effective visibility <VISIBLE>)]
03-22 18:36:19.699 18669 18742 D Detox   : class com.wix.detox.espresso.DetoxViewActions, click, []
03-22 18:36:19.700 18669 18742 D Detox   : class com.wix.detox.espresso.EspressoDetox, perform, [androidx.test.espresso.ViewInteraction@be9e18c, com.wix.detox.espresso.action.RNClickAction@395e0d5]
03-22 18:36:19.711 18669 18669 I ViewInteraction: Performing 'com.wix.detox.espresso.action.detoxsingletap@b0fd0ea click' action on view (view.getTag() is "cards" and view has effective visibility <VISIBLE>)
03-22 18:36:20.052 18669 18730 D EGL_emulation: app_time_stats: avg=55.53ms min=2.12ms max=523.66ms count=16
03-22 18:36:20.701 18669 18742 I DetoxWSClient: Sending out action 'invokeResult' (ID #3)
03-22 18:36:20.701 18669 18742 I DetoxDispatcher: Done with action 'invoke'
03-22 18:36:20.707 18669 18744 D DetoxWSClient: Received action 'invoke' (ID #4, params={"target":{"type":"Class","value":"com.wix.detox.espresso.EspressoDetox"},"method":"perform","args":[{"type":"Invocation","value":{"target":{"type":"Class","value":"androidx.test.espresso.Espresso"},"method":"onView","args":[{"type":"Invocation","value":{"target":{"type":"Class","value":"com.wix.detox.espresso.DetoxMatcher"},"method":"matcherForTestId","args":["cardNumber"]}}]}},{"type":"Invocation","value":{"target":{"type":"Class","value":"androidx.test.espresso.action.ViewActions"},"method":"replaceText","args":["4111111111111111"]}}]})
03-22 18:36:20.707 18669 18742 I DetoxDispatcher: Handling action 'invoke' (ID #4)...
03-22 18:36:20.708 18669 18742 D Detox   : class com.wix.detox.espresso.DetoxMatcher, matcherForTestId, [cardNumber]
03-22 18:36:20.708 18669 18742 D Detox   : class androidx.test.espresso.Espresso, onView, [(view.getTag() is "cardNumber" and view has effective visibility <VISIBLE>)]
03-22 18:36:20.708 18669 18742 D Detox   : class androidx.test.espresso.action.ViewActions, replaceText, [4111111111111111]
03-22 18:36:20.709 18669 18742 D Detox   : class com.wix.detox.espresso.EspressoDetox, perform, [androidx.test.espresso.ViewInteraction@54440d1, androidx.test.espresso.action.ReplaceTextAction@c757736]
03-22 18:36:20.714 18669 18669 I ViewInteraction: Performing 'replace text(4111111111111111)' action on view (view.getTag() is "cardNumber" and view has effective visibility <VISIBLE>)
03-22 18:36:20.722 18669 18742 I DetoxWSClient: Sending out action 'invokeResult' (ID #4)
03-22 18:36:20.723 18669 18742 I DetoxDispatcher: Done with action 'invoke'
03-22 18:36:20.729 18669 18744 D DetoxWSClient: Received action 'invoke' (ID #5, params={"target":{"type":"Class","value":"com.wix.detox.espresso.EspressoDetox"},"method":"perform","args":[{"type":"Invocation","value":{"target":{"type":"Class","value":"androidx.test.espresso.Espresso"},"method":"onView","args":[{"type":"Invocation","value":{"target":{"type":"Class","value":"com.wix.detox.espresso.DetoxMatcher"},"method":"matcherForText","args":["IS CARD VALID"]}}]}},{"type":"Invocation","value":{"target":{"type":"Class","value":"com.wix.detox.espresso.DetoxViewActions"},"method":"click","args":[]}}]})
03-22 18:36:20.729 18669 18742 I DetoxDispatcher: Handling action 'invoke' (ID #5)...
03-22 18:36:20.729 18669 18742 D Detox   : class com.wix.detox.espresso.DetoxMatcher, matcherForText, [IS CARD VALID]
03-22 18:36:20.730 18669 18742 D Detox   : class androidx.test.espresso.Espresso, onView, [(an instance of android.widget.TextView and view.getText() with or without transformation to match: is "IS CARD VALID" and view has effective visibility <VISIBLE>)]
03-22 18:36:20.731 18669 18742 D Detox   : class com.wix.detox.espresso.DetoxViewActions, click, []
03-22 18:36:20.733 18669 18669 D CompatibilityChangeReporter: Compat change id reported: 163400105; UID 10184; state: DISABLED
03-22 18:36:20.736 18669 18742 D Detox   : class com.wix.detox.espresso.EspressoDetox, perform, [androidx.test.espresso.ViewInteraction@eb8370e, com.wix.detox.espresso.action.RNClickAction@809e52f]
03-22 18:36:20.739 18669 18669 I AssistStructure: Flattened final assist data: 4240 bytes, containing 1 windows, 26 views
03-22 18:36:20.776 18669 18669 I Detox   : UIManagerModule is busy
03-22 18:36:20.785 18669 18669 I Detox   : UIManagerModule is busy
03-22 18:36:20.799 18669 18669 I ViewInteraction: Performing 'com.wix.detox.espresso.action.detoxsingletap@f9b4b27 click' action on view (an instance of android.widget.TextView and view.getText() with or without transformation to match: is "IS CARD VALID" and view has effective visibility <VISIBLE>)
03-22 18:36:20.862 18669 18747 I ReactNativeJS: true
03-22 18:36:21.068 18669 18730 D EGL_emulation: app_time_stats: avg=19.29ms min=2.14ms max=408.19ms count=33
03-22 18:36:21.302 18669 18742 I DetoxWSClient: Sending out action 'invokeResult' (ID #5)
03-22 18:36:21.303 18669 18742 I DetoxDispatcher: Done with action 'invoke'
03-22 18:36:21.307 18669 18744 D DetoxWSClient: Received action 'invoke' (ID #6, params={"target":{"type":"Class","value":"com.wix.detox.espresso.DetoxAssertion"},"method":"assertMatcher","args":[{"type":"Invocation","value":{"target":{"type":"Class","value":"androidx.test.espresso.Espresso"},"method":"onView","args":[{"type":"Invocation","value":{"target":{"type":"Class","value":"com.wix.detox.espresso.DetoxMatcher"},"method":"matcherForText","args":["Card Validity : true"]}}]}},{"type":"Invocation","value":{"target":{"type":"Class","value":"com.wix.detox.espresso.DetoxMatcher"},"method":"matcherForSufficientlyVisible","args":[{"type":"Integer","value":75}]}}]})
03-22 18:36:21.308 18669 18742 I DetoxDispatcher: Handling action 'invoke' (ID #6)...
03-22 18:36:21.308 18669 18742 D Detox   : class com.wix.detox.espresso.DetoxMatcher, matcherForText, [Card Validity : true]
03-22 18:36:21.309 18669 18742 D Detox   : class androidx.test.espresso.Espresso, onView, [(an instance of android.widget.TextView and view.getText() with or without transformation to match: is "Card Validity : true" and view has effective visibility <VISIBLE>)]
03-22 18:36:21.312 18669 18742 D Detox   : class com.wix.detox.espresso.DetoxMatcher, matcherForSufficientlyVisible, [75]
03-22 18:36:21.312 18669 18742 D Detox   : class com.wix.detox.espresso.DetoxAssertion, assertMatcher, [androidx.test.espresso.ViewInteraction@3557740, (view has effective visibility <VISIBLE> and view.getGlobalVisibleRect() covers at least <75> percent of the view's area)]
03-22 18:36:21.317 18669 18669 I ViewInteraction: Checking 'MatchesViewAssertion(Detox){viewMatcher=(view has effective visibility <VISIBLE> and view.getGlobalVisibleRect() covers at least <75> percent of the view's area)}' assertion on view (an instance of android.widget.TextView and view.getText() with or without transformation to match: is "Card Validity : true" and view has effective visibility <VISIBLE>)
03-22 18:36:21.319 18669 18742 I DetoxWSClient: Sending out action 'invokeResult' (ID #6)
03-22 18:36:21.319 18669 18742 I DetoxDispatcher: Done with action 'invoke'
03-22 18:36:21.325 18669 18744 D DetoxWSClient: Received action 'invoke' (ID #7, params={"target":{"type":"Class","value":"com.wix.detox.espresso.EspressoDetox"},"method":"perform","args":[{"type":"Invocation","value":{"target":{"type":"Class","value":"androidx.test.espresso.Espresso"},"method":"onView","args":[{"type":"Invocation","value":{"target":{"type":"Class","value":"com.wix.detox.espresso.DetoxMatcher"},"method":"matcherForText","args":["GET CARD NETWORK"]}}]}},{"type":"Invocation","value":{"target":{"type":"Class","value":"com.wix.detox.espresso.DetoxViewActions"},"method":"click","args":[]}}]})
03-22 18:36:21.326 18669 18742 I DetoxDispatcher: Handling action 'invoke' (ID #7)...
03-22 18:36:21.327 18669 18742 D Detox   : class com.wix.detox.espresso.DetoxMatcher, matcherForText, [GET CARD NETWORK]
03-22 18:36:21.327 18669 18742 D Detox   : class androidx.test.espresso.Espresso, onView, [(an instance of android.widget.TextView and view.getText() with or without transformation to match: is "GET CARD NETWORK" and view has effective visibility <VISIBLE>)]
03-22 18:36:21.328 18669 18742 D Detox   : class com.wix.detox.espresso.DetoxViewActions, click, []
03-22 18:36:21.329 18669 18742 D Detox   : class com.wix.detox.espresso.EspressoDetox, perform, [androidx.test.espresso.ViewInteraction@1397679, com.wix.detox.espresso.action.RNClickAction@2267fbe]
03-22 18:36:21.335 18669 18669 I ViewInteraction: Performing 'com.wix.detox.espresso.action.detoxsingletap@44781f click' action on view (an instance of android.widget.TextView and view.getText() with or without transformation to match: is "GET CARD NETWORK" and view has effective visibility <VISIBLE>)
03-22 18:36:21.385 18669 18747 I ReactNativeJS: visa
03-22 18:36:21.838 18669 18742 I DetoxWSClient: Sending out action 'invokeResult' (ID #7)
03-22 18:36:21.838 18669 18742 I DetoxDispatcher: Done with action 'invoke'
03-22 18:36:21.847 18669 18744 D DetoxWSClient: Received action 'invoke' (ID #8, params={"target":{"type":"Class","value":"com.wix.detox.espresso.DetoxAssertion"},"method":"assertMatcher","args":[{"type":"Invocation","value":{"target":{"type":"Class","value":"androidx.test.espresso.Espresso"},"method":"onView","args":[{"type":"Invocation","value":{"target":{"type":"Class","value":"com.wix.detox.espresso.DetoxMatcher"},"method":"matcherForText","args":["Card Network : visa"]}}]}},{"type":"Invocation","value":{"target":{"type":"Class","value":"com.wix.detox.espresso.DetoxMatcher"},"method":"matcherForSufficientlyVisible","args":[{"type":"Integer","value":75}]}}]})
03-22 18:36:21.847 18669 18742 I DetoxDispatcher: Handling action 'invoke' (ID #8)...
03-22 18:36:21.848 18669 18742 D Detox   : class com.wix.detox.espresso.DetoxMatcher, matcherForText, [Card Network : visa]
03-22 18:36:21.849 18669 18742 D Detox   : class androidx.test.espresso.Espresso, onView, [(an instance of android.widget.TextView and view.getText() with or without transformation to match: is "Card Network : visa" and view has effective visibility <VISIBLE>)]
03-22 18:36:21.851 18669 18742 D Detox   : class com.wix.detox.espresso.DetoxMatcher, matcherForSufficientlyVisible, [75]
03-22 18:36:21.853 18669 18742 D Detox   : class com.wix.detox.espresso.DetoxAssertion, assertMatcher, [androidx.test.espresso.ViewInteraction@12e7bb1, (view has effective visibility <VISIBLE> and view.getGlobalVisibleRect() covers at least <75> percent of the view's area)]
03-22 18:36:21.858 18669 18669 I ViewInteraction: Checking 'MatchesViewAssertion(Detox){viewMatcher=(view has effective visibility <VISIBLE> and view.getGlobalVisibleRect() covers at least <75> percent of the view's area)}' assertion on view (an instance of android.widget.TextView and view.getText() with or without transformation to match: is "Card Network : visa" and view has effective visibility <VISIBLE>)
03-22 18:36:21.861 18669 18742 I DetoxWSClient: Sending out action 'invokeResult' (ID #8)
03-22 18:36:21.862 18669 18742 I DetoxDispatcher: Done with action 'invoke'
