--------- beginning of main
03-22 17:40:35.282 13714 13780 I DetoxWSClient: Sending out action 'invokeResult' (ID #1)
03-22 17:40:35.282 13714 13780 I DetoxDispatcher: Done with action 'invoke'
03-22 17:40:35.291 13714 13784 D DetoxWSClient: Received action 'invoke' (ID #2, params={"target":{"type":"Class","value":"com.wix.detox.espresso.DetoxAssertion"},"method":"assertMatcher","args":[{"type":"Invocation","value":{"target":{"type":"Class","value":"androidx.test.espresso.Espresso"},"method":"onView","args":[{"type":"Invocation","value":{"target":{"type":"Class","value":"com.wix.detox.espresso.DetoxMatcher"},"method":"matcherForText","args":["Razorpay Initialized"]}}]}},{"type":"Invocation","value":{"target":{"type":"Class","value":"com.wix.detox.espresso.DetoxMatcher"},"method":"matcherForSufficientlyVisible","args":[{"type":"Integer","value":75}]}}]})
03-22 17:40:35.291 13714 13780 I DetoxDispatcher: Handling action 'invoke' (ID #2)...
03-22 17:40:35.292 13714 13780 D Detox   : class com.wix.detox.espresso.DetoxMatcher, matcherForText, [Razorpay Initialized]
03-22 17:40:35.295 13714 13780 D Detox   : class androidx.test.espresso.Espresso, onView, [(an instance of android.widget.TextView and view.getText() with or without transformation to match: is "Razorpay Initialized" and view has effective visibility <VISIBLE>)]
03-22 17:40:35.295 13714 13780 D Detox   : class com.wix.detox.espresso.DetoxMatcher, matcherForSufficientlyVisible, [75]
03-22 17:40:35.296 13714 13780 D Detox   : class com.wix.detox.espresso.DetoxAssertion, assertMatcher, [androidx.test.espresso.ViewInteraction@7f526bf, (view has effective visibility <VISIBLE> and view.getGlobalVisibleRect() covers at least <75> percent of the view's area)]
03-22 17:40:35.302 13714 13714 I ViewInteraction: Checking 'MatchesViewAssertion(Detox){viewMatcher=(view has effective visibility <VISIBLE> and view.getGlobalVisibleRect() covers at least <75> percent of the view's area)}' assertion on view (an instance of android.widget.TextView and view.getText() with or without transformation to match: is "Razorpay Initialized" and view has effective visibility <VISIBLE>)
03-22 17:40:35.304 13714 13780 I DetoxWSClient: Sending out action 'invokeResult' (ID #2)
03-22 17:40:35.305 13714 13780 I DetoxDispatcher: Done with action 'invoke'
03-22 17:40:35.359 13714 13784 D DetoxWSClient: Received action 'invoke' (ID #3, params={"target":{"type":"Class","value":"com.wix.detox.espresso.EspressoDetox"},"method":"perform","args":[{"type":"Invocation","value":{"target":{"type":"Class","value":"androidx.test.espresso.Espresso"},"method":"onView","args":[{"type":"Invocation","value":{"target":{"type":"Class","value":"com.wix.detox.espresso.DetoxMatcher"},"method":"matcherForTestId","args":["cards"]}}]}},{"type":"Invocation","value":{"target":{"type":"Class","value":"com.wix.detox.espresso.DetoxViewActions"},"method":"click","args":[]}}]})
03-22 17:40:35.360 13714 13780 I DetoxDispatcher: Handling action 'invoke' (ID #3)...
03-22 17:40:35.361 13714 13780 D Detox   : class com.wix.detox.espresso.DetoxMatcher, matcherForTestId, [cards]
03-22 17:40:35.362 13714 13780 D Detox   : class androidx.test.espresso.Espresso, onView, [(view.getTag() is "cards" and view has effective visibility <VISIBLE>)]
03-22 17:40:35.366 13714 13780 D Detox   : class com.wix.detox.espresso.DetoxViewActions, click, []
03-22 17:40:35.367 13714 13780 D Detox   : class com.wix.detox.espresso.EspressoDetox, perform, [androidx.test.espresso.ViewInteraction@be9e18c, com.wix.detox.espresso.action.RNClickAction@395e0d5]
03-22 17:40:35.375 13714 13714 I ViewInteraction: Performing 'com.wix.detox.espresso.action.detoxsingletap@b0fd0ea click' action on view (view.getTag() is "cards" and view has effective visibility <VISIBLE>)
03-22 17:40:35.424 13714 13769 D EGL_emulation: app_time_stats: avg=56.35ms min=2.80ms max=526.99ms count=16
03-22 17:40:36.370 13714 13780 I DetoxWSClient: Sending out action 'invokeResult' (ID #3)
03-22 17:40:36.371 13714 13780 I DetoxDispatcher: Done with action 'invoke'
03-22 17:40:36.378 13714 13784 D DetoxWSClient: Received action 'invoke' (ID #4, params={"target":{"type":"Class","value":"com.wix.detox.espresso.EspressoDetox"},"method":"perform","args":[{"type":"Invocation","value":{"target":{"type":"Class","value":"androidx.test.espresso.Espresso"},"method":"onView","args":[{"type":"Invocation","value":{"target":{"type":"Class","value":"com.wix.detox.espresso.DetoxMatcher"},"method":"matcherForTestId","args":["cardNumber"]}}]}},{"type":"Invocation","value":{"target":{"type":"Class","value":"androidx.test.espresso.action.ViewActions"},"method":"replaceText","args":["4111111111111111"]}}]})
03-22 17:40:36.379 13714 13780 I DetoxDispatcher: Handling action 'invoke' (ID #4)...
03-22 17:40:36.380 13714 13780 D Detox   : class com.wix.detox.espresso.DetoxMatcher, matcherForTestId, [cardNumber]
03-22 17:40:36.380 13714 13780 D Detox   : class androidx.test.espresso.Espresso, onView, [(view.getTag() is "cardNumber" and view has effective visibility <VISIBLE>)]
03-22 17:40:36.381 13714 13780 D Detox   : class androidx.test.espresso.action.ViewActions, replaceText, [4111111111111111]
03-22 17:40:36.382 13714 13780 D Detox   : class com.wix.detox.espresso.EspressoDetox, perform, [androidx.test.espresso.ViewInteraction@54440d1, androidx.test.espresso.action.ReplaceTextAction@c757736]
03-22 17:40:36.389 13714 13714 I ViewInteraction: Performing 'replace text(4111111111111111)' action on view (view.getTag() is "cardNumber" and view has effective visibility <VISIBLE>)
03-22 17:40:36.401 13714 13780 I DetoxWSClient: Sending out action 'invokeResult' (ID #4)
03-22 17:40:36.401 13714 13780 I DetoxDispatcher: Done with action 'invoke'
03-22 17:40:36.411 13714 13714 D CompatibilityChangeReporter: Compat change id reported: 163400105; UID 10170; state: DISABLED
03-22 17:40:36.412 13714 13784 D DetoxWSClient: Received action 'invoke' (ID #5, params={"target":{"type":"Class","value":"com.wix.detox.espresso.EspressoDetox"},"method":"perform","args":[{"type":"Invocation","value":{"target":{"type":"Class","value":"androidx.test.espresso.Espresso"},"method":"onView","args":[{"type":"Invocation","value":{"target":{"type":"Class","value":"com.wix.detox.espresso.DetoxMatcher"},"method":"matcherForText","args":["IS CARD VALID"]}}]}},{"type":"Invocation","value":{"target":{"type":"Class","value":"com.wix.detox.espresso.DetoxViewActions"},"method":"click","args":[]}}]})
03-22 17:40:36.413 13714 13780 I DetoxDispatcher: Handling action 'invoke' (ID #5)...
03-22 17:40:36.416 13714 13780 D Detox   : class com.wix.detox.espresso.DetoxMatcher, matcherForText, [IS CARD VALID]
03-22 17:40:36.418 13714 13780 D Detox   : class androidx.test.espresso.Espresso, onView, [(an instance of android.widget.TextView and view.getText() with or without transformation to match: is "IS CARD VALID" and view has effective visibility <VISIBLE>)]
03-22 17:40:36.419 13714 13714 I AssistStructure: Flattened final assist data: 4240 bytes, containing 1 windows, 26 views
03-22 17:40:36.421 13714 13780 D Detox   : class com.wix.detox.espresso.DetoxViewActions, click, []
03-22 17:40:36.421 13714 13780 D Detox   : class com.wix.detox.espresso.EspressoDetox, perform, [androidx.test.espresso.ViewInteraction@eb8370e, com.wix.detox.espresso.action.RNClickAction@809e52f]
03-22 17:40:36.460 13714 13714 I Detox   : UIManagerModule is busy
03-22 17:40:36.465 13714 13714 I Detox   : UIManagerModule is busy
03-22 17:40:36.471 13714 13769 D EGL_emulation: app_time_stats: avg=45.34ms min=2.48ms max=423.20ms count=19
03-22 17:40:36.482 13714 13714 I ViewInteraction: Performing 'com.wix.detox.espresso.action.detoxsingletap@f9b4b27 click' action on view (an instance of android.widget.TextView and view.getText() with or without transformation to match: is "IS CARD VALID" and view has effective visibility <VISIBLE>)
03-22 17:40:36.544 13714 13782 I ReactNativeJS: true
03-22 17:40:36.989 13714 13780 I DetoxWSClient: Sending out action 'invokeResult' (ID #5)
03-22 17:40:36.989 13714 13780 I DetoxDispatcher: Done with action 'invoke'
03-22 17:40:36.996 13714 13784 D DetoxWSClient: Received action 'invoke' (ID #6, params={"target":{"type":"Class","value":"com.wix.detox.espresso.DetoxAssertion"},"method":"assertMatcher","args":[{"type":"Invocation","value":{"target":{"type":"Class","value":"androidx.test.espresso.Espresso"},"method":"onView","args":[{"type":"Invocation","value":{"target":{"type":"Class","value":"com.wix.detox.espresso.DetoxMatcher"},"method":"matcherForText","args":["Card Validity : true"]}}]}},{"type":"Invocation","value":{"target":{"type":"Class","value":"com.wix.detox.espresso.DetoxMatcher"},"method":"matcherForSufficientlyVisible","args":[{"type":"Integer","value":75}]}}]})
03-22 17:40:36.996 13714 13780 I DetoxDispatcher: Handling action 'invoke' (ID #6)...
03-22 17:40:36.997 13714 13780 D Detox   : class com.wix.detox.espresso.DetoxMatcher, matcherForText, [Card Validity : true]
03-22 17:40:36.998 13714 13780 D Detox   : class androidx.test.espresso.Espresso, onView, [(an instance of android.widget.TextView and view.getText() with or without transformation to match: is "Card Validity : true" and view has effective visibility <VISIBLE>)]
03-22 17:40:36.998 13714 13780 D Detox   : class com.wix.detox.espresso.DetoxMatcher, matcherForSufficientlyVisible, [75]
03-22 17:40:36.999 13714 13780 D Detox   : class com.wix.detox.espresso.DetoxAssertion, assertMatcher, [androidx.test.espresso.ViewInteraction@1397679, (view has effective visibility <VISIBLE> and view.getGlobalVisibleRect() covers at least <75> percent of the view's area)]
03-22 17:40:37.004 13714 13714 I ViewInteraction: Checking 'MatchesViewAssertion(Detox){viewMatcher=(view has effective visibility <VISIBLE> and view.getGlobalVisibleRect() covers at least <75> percent of the view's area)}' assertion on view (an instance of android.widget.TextView and view.getText() with or without transformation to match: is "Card Validity : true" and view has effective visibility <VISIBLE>)
03-22 17:40:37.006 13714 13780 I DetoxWSClient: Sending out action 'invokeResult' (ID #6)
03-22 17:40:37.007 13714 13780 I DetoxDispatcher: Done with action 'invoke'
03-22 17:40:37.012 13714 13784 D DetoxWSClient: Received action 'invoke' (ID #7, params={"target":{"type":"Class","value":"com.wix.detox.espresso.EspressoDetox"},"method":"perform","args":[{"type":"Invocation","value":{"target":{"type":"Class","value":"androidx.test.espresso.Espresso"},"method":"onView","args":[{"type":"Invocation","value":{"target":{"type":"Class","value":"com.wix.detox.espresso.DetoxMatcher"},"method":"matcherForText","args":["GET CARD NETWORK"]}}]}},{"type":"Invocation","value":{"target":{"type":"Class","value":"com.wix.detox.espresso.DetoxViewActions"},"method":"click","args":[]}}]})
03-22 17:40:37.012 13714 13780 I DetoxDispatcher: Handling action 'invoke' (ID #7)...
03-22 17:40:37.014 13714 13780 D Detox   : class com.wix.detox.espresso.DetoxMatcher, matcherForText, [GET CARD NETWORK]
03-22 17:40:37.015 13714 13780 D Detox   : class androidx.test.espresso.Espresso, onView, [(an instance of android.widget.TextView and view.getText() with or without transformation to match: is "GET CARD NETWORK" and view has effective visibility <VISIBLE>)]
03-22 17:40:37.016 13714 13780 D Detox   : class com.wix.detox.espresso.DetoxViewActions, click, []
03-22 17:40:37.017 13714 13780 D Detox   : class com.wix.detox.espresso.EspressoDetox, perform, [androidx.test.espresso.ViewInteraction@2267fbe, com.wix.detox.espresso.action.RNClickAction@44781f]
03-22 17:40:37.027 13714 13714 I ViewInteraction: Performing 'com.wix.detox.espresso.action.detoxsingletap@bac76c click' action on view (an instance of android.widget.TextView and view.getText() with or without transformation to match: is "GET CARD NETWORK" and view has effective visibility <VISIBLE>)
03-22 17:40:37.095 13714 13782 I ReactNativeJS: visa
03-22 17:40:37.172 13714 13714 I Detox   : UIManagerModule is busy
03-22 17:40:37.483 13714 13769 D EGL_emulation: app_time_stats: avg=16.23ms min=3.06ms max=83.52ms count=57
03-22 17:40:37.558 13714 13780 I DetoxWSClient: Sending out action 'invokeResult' (ID #7)
03-22 17:40:37.558 13714 13780 I DetoxDispatcher: Done with action 'invoke'
03-22 17:40:37.566 13714 13784 D DetoxWSClient: Received action 'invoke' (ID #8, params={"target":{"type":"Class","value":"com.wix.detox.espresso.DetoxAssertion"},"method":"assertMatcher","args":[{"type":"Invocation","value":{"target":{"type":"Class","value":"androidx.test.espresso.Espresso"},"method":"onView","args":[{"type":"Invocation","value":{"target":{"type":"Class","value":"com.wix.detox.espresso.DetoxMatcher"},"method":"matcherForText","args":["Card Network : visa"]}}]}},{"type":"Invocation","value":{"target":{"type":"Class","value":"com.wix.detox.espresso.DetoxMatcher"},"method":"matcherForSufficientlyVisible","args":[{"type":"Integer","value":75}]}}]})
03-22 17:40:37.566 13714 13780 I DetoxDispatcher: Handling action 'invoke' (ID #8)...
03-22 17:40:37.567 13714 13780 D Detox   : class com.wix.detox.espresso.DetoxMatcher, matcherForText, [Card Network : visa]
03-22 17:40:37.567 13714 13780 D Detox   : class androidx.test.espresso.Espresso, onView, [(an instance of android.widget.TextView and view.getText() with or without transformation to match: is "Card Network : visa" and view has effective visibility <VISIBLE>)]
03-22 17:40:37.568 13714 13780 D Detox   : class com.wix.detox.espresso.DetoxMatcher, matcherForSufficientlyVisible, [75]
03-22 17:40:37.568 13714 13780 D Detox   : class com.wix.detox.espresso.DetoxAssertion, assertMatcher, [androidx.test.espresso.ViewInteraction@12e7bb1, (view has effective visibility <VISIBLE> and view.getGlobalVisibleRect() covers at least <75> percent of the view's area)]
03-22 17:40:37.572 13714 13714 I ViewInteraction: Checking 'MatchesViewAssertion(Detox){viewMatcher=(view has effective visibility <VISIBLE> and view.getGlobalVisibleRect() covers at least <75> percent of the view's area)}' assertion on view (an instance of android.widget.TextView and view.getText() with or without transformation to match: is "Card Network : visa" and view has effective visibility <VISIBLE>)
03-22 17:40:37.574 13714 13780 I DetoxWSClient: Sending out action 'invokeResult' (ID #8)
03-22 17:40:37.576 13714 13780 I DetoxDispatcher: Done with action 'invoke'
