--------- beginning of main
03-22 11:36:11.000  6964  7182 W unknown:ViewManagerPropertyUpdater: Could not find generated setter for class com.facebook.react.views.text.ReactVirtualTextViewManager
03-22 11:36:11.001  6964  7182 W unknown:ViewManagerPropertyUpdater: Could not find generated setter for class com.facebook.react.views.text.ReactVirtualTextShadowNode
03-22 11:36:11.002  6964  7182 W unknown:ViewManagerPropertyUpdater: Could not find generated setter for class com.facebook.react.views.unimplementedview.ReactUnimplementedViewManager
03-22 11:36:11.011  6964  7182 W unknown:ReactContext: initializeMessageQueueThreads() is called.
03-22 11:36:11.013  6964  7182 D SoLoader: About to load: libyoga.so
03-22 11:36:11.014  6964  7182 D SoLoader: libyoga.so not found on /data/data/com.detoxsample/lib-main
03-22 11:36:11.014  6964  7182 D SoLoader: libyoga.so found on /data/app/~~odsigeT21sPvet24OfuQeg==/com.detoxsample-RC3irmETzM3tDIhKH6Subg==/lib/arm64
03-22 11:36:11.014  6964  7182 D SoLoader: Not resolving dependencies for libyoga.so
03-22 11:36:11.015  6964  7182 D SoLoader: Loaded: libyoga.so
03-22 11:36:11.025  6964  6964 I DetoxRNLoading: Got new RN-context async'ly through listener
03-22 11:36:11.026  6964  7173 I DetoxRNIdleRes: Setting up Espresso Idling Resources for React Native
03-22 11:36:11.049  6964  7173 D AsyncStorageIR: Checking whether a custom IR for Async-Storage is required... (legacy=false)
03-22 11:36:11.049  6964  7173 D DetoxRNHelpers: Native RN module resolution (class com.reactnativecommunity.asyncstorage.AsyncStorageModule): no such class
03-22 11:36:11.049  6964  7173 D AsyncStorageIR: Checking whether a custom IR for Async-Storage is required... (legacy=true)
03-22 11:36:11.051  6964  7173 D AsyncStorageIR: IR for Async-Storage is required! (legacy=true)
03-22 11:36:11.056  6964  6964 D AsyncStorageIRLegacy: Async-storage is busy!
03-22 11:36:11.063  6964  7182 I flipper : flipper: FlipperClient::addPlugin Fresco
03-22 11:36:11.064  6964  7182 W com.detoxsampl: Accessing hidden method Landroid/os/MessageQueue;->next()Landroid/os/Message; (greylist, reflection, allowed)
03-22 11:36:11.064  6964  7182 W com.detoxsampl: Accessing hidden field Landroid/os/MessageQueue;->mMessages:Landroid/os/Message; (greylist, reflection, allowed)
03-22 11:36:11.064  6964  7182 W com.detoxsampl: Accessing hidden method Landroid/os/Message;->recycleUnchecked()V (greylist, reflection, allowed)
03-22 11:36:11.069  6964  7173 I DetoxDispatcher: Done with action '_init'
03-22 11:36:11.069  6964  7173 I DetoxDispatcher: Handling action 'isReady' (ID #-1000)...
03-22 11:36:11.096  6964  7180 D SoLoader: About to load: libreactnativeblob.so
03-22 11:36:11.097  6964  7180 D SoLoader: libreactnativeblob.so not found on /data/data/com.detoxsample/lib-main
03-22 11:36:11.097  6964  7180 D SoLoader: libreactnativeblob.so found on /data/app/~~odsigeT21sPvet24OfuQeg==/com.detoxsample-RC3irmETzM3tDIhKH6Subg==/lib/arm64
03-22 11:36:11.097  6964  7180 D SoLoader: Not resolving dependencies for libreactnativeblob.so
03-22 11:36:11.098  6964  7180 D SoLoader: Loaded: libreactnativeblob.so
03-22 11:36:11.130  6964  7182 I WebViewFactory: Loading com.google.android.webview version 99.0.4844.58 (code 484405833)
03-22 11:36:11.151  6964  7182 W com.detoxsampl: Accessing hidden method Landroid/os/Trace;->isTagEnabled(J)Z (greylist, reflection, allowed)
03-22 11:36:11.151  6964  7182 W com.detoxsampl: Accessing hidden method Landroid/os/Trace;->traceBegin(JLjava/lang/String;)V (greylist, reflection, allowed)
03-22 11:36:11.151  6964  7182 W com.detoxsampl: Accessing hidden method Landroid/os/Trace;->traceEnd(J)V (greylist, reflection, allowed)
03-22 11:36:11.151  6964  7182 W com.detoxsampl: Accessing hidden method Landroid/os/Trace;->asyncTraceBegin(JLjava/lang/String;I)V (greylist, reflection, allowed)
03-22 11:36:11.151  6964  7182 W com.detoxsampl: Accessing hidden method Landroid/os/Trace;->asyncTraceEnd(JLjava/lang/String;I)V (greylist, reflection, allowed)
03-22 11:36:11.155  6964  7182 I cr_WVCFactoryProvider: Loaded version=99.0.4844.58 minSdkVersion=29 isBundle=true multiprocess=true packageId=3
03-22 11:36:11.175  6964  7182 I cr_LibraryLoader: Successfully loaded native library
03-22 11:36:11.175  6964  7182 I cr_CachingUmaRecorder: Flushed 8 samples from 8 histograms.
03-22 11:36:11.275  6964  7180 I ReactNativeJS: Running "DetoxSample" with {"rootTag":1}
03-22 11:36:11.439  6964  6964 W com.detoxsampl: Accessing hidden field Landroid/widget/ScrollView;->mScroller:Landroid/widget/OverScroller; (greylist, reflection, allowed)
03-22 11:36:11.468  6964  6964 I Detox   : Wait is over: app is now idle!
03-22 11:36:11.469  6964  7173 I DetoxWSClient: Sending out action 'ready' (ID #-1000)
03-22 11:36:11.469  6964  7173 I DetoxDispatcher: Done with action 'isReady'
03-22 11:36:11.469  6964  7173 I DetoxDispatcher: Handling action 'loginSuccess' (ID #0)...
03-22 11:36:11.469  6964  7173 I DetoxDispatcher: Done with action 'loginSuccess'
03-22 11:36:11.469  6964  7173 I DetoxDispatcher: Handling action 'isReady' (ID #-1000)...
03-22 11:36:11.482  6964  6964 I Detox   : Wait is over: app is now idle!
03-22 11:36:11.482  6964  7173 I DetoxWSClient: Sending out action 'ready' (ID #-1000)
03-22 11:36:11.483  6964  7173 I DetoxDispatcher: Done with action 'isReady'
03-22 11:36:11.530  6964  7178 D DetoxWSClient: Received action 'invoke' (ID #1, params={"target":{"type":"Class","value":"com.wix.detox.espresso.EspressoDetox"},"method":"perform","args":[{"type":"Invocation","value":{"target":{"type":"Class","value":"androidx.test.espresso.Espresso"},"method":"onView","args":[{"type":"Invocation","value":{"target":{"type":"Class","value":"com.wix.detox.espresso.DetoxMatcher"},"method":"matcherForTestId","args":["initRazorpay"]}}]}},{"type":"Invocation","value":{"target":{"type":"Class","value":"com.wix.detox.espresso.DetoxViewActions"},"method":"click","args":[]}}]})
03-22 11:36:11.530  6964  7173 I DetoxDispatcher: Handling action 'invoke' (ID #1)...
03-22 11:36:11.534  6964  7173 D Detox   : class com.wix.detox.espresso.DetoxMatcher, matcherForTestId, [initRazorpay]
03-22 11:36:11.540  6964  7173 D Detox   : class androidx.test.espresso.Espresso, onView, [(view.getTag() is "initRazorpay" and view has effective visibility <VISIBLE>)]
03-22 11:36:11.542  6964  7173 D Detox   : class com.wix.detox.espresso.DetoxViewActions, click, []
03-22 11:36:11.543  6964  7173 W com.detoxsampl: Accessing hidden method Landroid/view/ViewConfiguration;->getDoubleTapMinTime()I (greylist, reflection, allowed)
03-22 11:36:11.547  6964  7173 D Detox   : class com.wix.detox.espresso.EspressoDetox, perform, [androidx.test.espresso.ViewInteraction@5f25807, com.wix.detox.espresso.action.RNClickAction@b6bcd34]
03-22 11:36:11.556  6964  6964 W com.detoxsampl: Accessing hidden method Landroid/view/WindowManagerGlobal;->getInstance()Landroid/view/WindowManagerGlobal; (greylist, reflection, allowed)
03-22 11:36:11.557  6964  6964 W com.detoxsampl: Accessing hidden field Landroid/view/WindowManagerGlobal;->mViews:Ljava/util/ArrayList; (greylist, reflection, allowed)
03-22 11:36:11.557  6964  6964 W com.detoxsampl: Accessing hidden field Landroid/view/WindowManagerGlobal;->mParams:Ljava/util/ArrayList; (greylist, reflection, allowed)
03-22 11:36:11.561  6964  6964 I ViewInteraction: Performing 'com.wix.detox.espresso.action.detoxsingletap@f6c88d2 click' action on view (view.getTag() is "initRazorpay" and view has effective visibility <VISIBLE>)
--------- beginning of system
03-22 11:36:11.566  6964  6964 I ViewRootImpl: ViewRoot's Touch Event : ACTION_DOWN
03-22 11:36:11.609  6964  6964 I ViewRootImpl: ViewRoot's Touch Event : ACTION_UP
03-22 11:36:11.613  6964  6964 I Detox   : UIManagerModule is busy
03-22 11:36:11.622  6964  7180 I ReactNativeJS: clicked
03-22 11:36:11.686  6964  6964 I TetheringManager: registerTetheringEventCallback:com.detoxsample
03-22 11:36:11.890  6964  6964 I Detox   : AnimatedModule is busy.
03-22 11:36:11.899  6964  6964 I Detox   : AnimatedModule is busy.
03-22 11:36:11.917  6964  6964 I Detox   : AnimatedModule is busy.
03-22 11:36:11.932  6964  6964 I Detox   : AnimatedModule is busy.
03-22 11:36:11.949  6964  6964 I Detox   : AnimatedModule is busy.
03-22 11:36:11.965  6964  6964 I Detox   : AnimatedModule is busy.
03-22 11:36:11.982  6964  6964 I Detox   : AnimatedModule is busy.
03-22 11:36:11.999  6964  6964 I Detox   : AnimatedModule is busy.
03-22 11:36:12.016  6964  6964 I Detox   : AnimatedModule is busy.
03-22 11:36:12.035  6964  6964 I Detox   : AnimatedModule is busy.
03-22 11:36:12.049  6964  6964 I Detox   : AnimatedModule is busy.
03-22 11:36:12.066  6964  6964 I Detox   : AnimatedModule is busy.
03-22 11:36:12.082  6964  6964 I Detox   : AnimatedModule is busy.
03-22 11:36:12.717  6964  7173 I DetoxWSClient: Sending out action 'invokeResult' (ID #1)
03-22 11:36:12.718  6964  7173 I DetoxDispatcher: Done with action 'invoke'
03-22 11:36:12.729  6964  7178 D DetoxWSClient: Received action 'invoke' (ID #2, params={"target":{"type":"Class","value":"com.wix.detox.espresso.DetoxAssertion"},"method":"assertMatcher","args":[{"type":"Invocation","value":{"target":{"type":"Class","value":"androidx.test.espresso.Espresso"},"method":"onView","args":[{"type":"Invocation","value":{"target":{"type":"Class","value":"com.wix.detox.espresso.DetoxMatcher"},"method":"matcherForText","args":["Razorpay Initialized"]}}]}},{"type":"Invocation","value":{"target":{"type":"Class","value":"com.wix.detox.espresso.DetoxMatcher"},"method":"matcherForSufficientlyVisible","args":[{"type":"Integer","value":75}]}}]})
03-22 11:36:12.729  6964  7173 I DetoxDispatcher: Handling action 'invoke' (ID #2)...
03-22 11:36:12.730  6964  7173 D Detox   : class com.wix.detox.espresso.DetoxMatcher, matcherForText, [Razorpay Initialized]
03-22 11:36:12.732  6964  7173 D Detox   : class androidx.test.espresso.Espresso, onView, [(an instance of android.widget.TextView and view.getText() with or without transformation to match: is "Razorpay Initialized" and view has effective visibility <VISIBLE>)]
03-22 11:36:12.733  6964  7173 D Detox   : class com.wix.detox.espresso.DetoxMatcher, matcherForSufficientlyVisible, [75]
03-22 11:36:12.734  6964  7173 D Detox   : class com.wix.detox.espresso.DetoxAssertion, assertMatcher, [androidx.test.espresso.ViewInteraction@6d383c0, (view has effective visibility <VISIBLE> and view.getGlobalVisibleRect() covers at least <75> percent of the view's area)]
03-22 11:36:12.746  6964  6964 I ViewInteraction: Checking 'MatchesViewAssertion(Detox){viewMatcher=(view has effective visibility <VISIBLE> and view.getGlobalVisibleRect() covers at least <75> percent of the view's area)}' assertion on view (an instance of android.widget.TextView and view.getText() with or without transformation to match: is "Razorpay Initialized" and view has effective visibility <VISIBLE>)
03-22 11:36:12.749  6964  7173 I DetoxWSClient: Sending out action 'invokeResult' (ID #2)
03-22 11:36:12.750  6964  7173 I DetoxDispatcher: Done with action 'invoke'
