--------- beginning of main
03-22 01:41:09.002 15883 16260 D SoLoader: About to load: libimagepipeline.so
03-22 01:41:09.002 15883 16260 D SoLoader: libimagepipeline.so not found on /data/data/com.detoxsample/lib-main
03-22 01:41:09.003 15883 16260 D SoLoader: libimagepipeline.so found on /data/app/~~oFaSbUCE6CvJHZHHyl1gag==/com.detoxsample-WGwnDE9Oo8Zb5CFmJe900w==/lib/arm64
03-22 01:41:09.003 15883 16260 D SoLoader: Not resolving dependencies for libimagepipeline.so
03-22 01:41:09.004 15883 16260 D SoLoader: Loaded: libimagepipeline.so
03-22 01:41:09.025 15883 15883 I Detox   : Wait is over: app is now idle!
03-22 01:41:09.025 15883 16150 I DetoxWSClient: Sending out action 'ready' (ID #-1000)
03-22 01:41:09.026 15883 16150 I DetoxDispatcher: Done with action 'isReady'
03-22 01:41:09.026 15883 16150 I DetoxDispatcher: Handling action 'loginSuccess' (ID #0)...
03-22 01:41:09.026 15883 16150 I DetoxDispatcher: Done with action 'loginSuccess'
03-22 01:41:09.026 15883 16150 I DetoxDispatcher: Handling action 'isReady' (ID #-1000)...
03-22 01:41:09.032 15883 15883 I Detox   : Wait is over: app is now idle!
03-22 01:41:09.032 15883 16150 I DetoxWSClient: Sending out action 'ready' (ID #-1000)
03-22 01:41:09.032 15883 16150 I DetoxDispatcher: Done with action 'isReady'
03-22 01:41:09.114 15883 16154 D DetoxWSClient: Received action 'invoke' (ID #1, params={"target":{"type":"Class","value":"com.wix.detox.espresso.EspressoDetox"},"method":"perform","args":[{"type":"Invocation","value":{"target":{"type":"Class","value":"androidx.test.espresso.Espresso"},"method":"onView","args":[{"type":"Invocation","value":{"target":{"type":"Class","value":"com.wix.detox.espresso.DetoxMatcher"},"method":"matcherForTestId","args":["initializeRzp"]}}]}},{"type":"Invocation","value":{"target":{"type":"Class","value":"com.wix.detox.espresso.DetoxViewActions"},"method":"click","args":[]}}]})
03-22 01:41:09.115 15883 16150 I DetoxDispatcher: Handling action 'invoke' (ID #1)...
03-22 01:41:09.120 15883 16150 D Detox   : class com.wix.detox.espresso.DetoxMatcher, matcherForTestId, [initializeRzp]
03-22 01:41:09.134 15883 16150 D Detox   : class androidx.test.espresso.Espresso, onView, [(view.getTag() is "initializeRzp" and view has effective visibility <VISIBLE>)]
03-22 01:41:09.135 15883 16150 D Detox   : class com.wix.detox.espresso.DetoxViewActions, click, []
03-22 01:41:09.137 15883 16150 W com.detoxsampl: Accessing hidden method Landroid/view/ViewConfiguration;->getDoubleTapMinTime()I (greylist, reflection, allowed)
03-22 01:41:09.142 15883 16150 D Detox   : class com.wix.detox.espresso.EspressoDetox, perform, [androidx.test.espresso.ViewInteraction@b1a35da, com.wix.detox.espresso.action.RNClickAction@72d8a0b]
03-22 01:41:09.347 15883 15883 W com.detoxsampl: Accessing hidden method Landroid/view/WindowManagerGlobal;->getInstance()Landroid/view/WindowManagerGlobal; (greylist, reflection, allowed)
03-22 01:41:09.347 15883 15883 W com.detoxsampl: Accessing hidden field Landroid/view/WindowManagerGlobal;->mViews:Ljava/util/ArrayList; (greylist, reflection, allowed)
03-22 01:41:09.347 15883 15883 W com.detoxsampl: Accessing hidden field Landroid/view/WindowManagerGlobal;->mParams:Ljava/util/ArrayList; (greylist, reflection, allowed)
03-22 01:41:09.355 15883 15883 I ViewInteraction: Performing 'com.wix.detox.espresso.action.detoxsingletap@b8a5301 click' action on view (view.getTag() is "initializeRzp" and view has effective visibility <VISIBLE>)
--------- beginning of system
03-22 01:41:09.365 15883 15883 I ViewRootImpl: ViewRoot's Touch Event : ACTION_DOWN
03-22 01:41:09.396 15883 15883 I ViewRootImpl: ViewRoot's Touch Event : ACTION_UP
03-22 01:41:09.484 15883 15883 I TetheringManager: registerTetheringEventCallback:com.detoxsample
03-22 01:41:10.166 15883 15915 I com.detoxsampl: Waiting for a blocking GC ProfileSaver
03-22 01:41:10.829 15883 16150 I DetoxWSClient: Sending out action 'invokeResult' (ID #1)
03-22 01:41:10.830 15883 16150 I DetoxDispatcher: Done with action 'invoke'
03-22 01:41:10.846 15883 16154 D DetoxWSClient: Received action 'invoke' (ID #2, params={"target":{"type":"Class","value":"com.wix.detox.espresso.DetoxAssertion"},"method":"assertMatcher","args":[{"type":"Invocation","value":{"target":{"type":"Class","value":"androidx.test.espresso.Espresso"},"method":"onView","args":[{"type":"Invocation","value":{"target":{"type":"Class","value":"com.wix.detox.espresso.DetoxMatcher"},"method":"matcherForText","args":["Status changes"]}}]}},{"type":"Invocation","value":{"target":{"type":"Class","value":"com.wix.detox.espresso.DetoxMatcher"},"method":"matcherForSufficientlyVisible","args":[{"type":"Integer","value":75}]}}]})
03-22 01:41:10.847 15883 16150 I DetoxDispatcher: Handling action 'invoke' (ID #2)...
03-22 01:41:10.848 15883 16150 D Detox   : class com.wix.detox.espresso.DetoxMatcher, matcherForText, [Status changes]
03-22 01:41:10.850 15883 16150 D Detox   : class androidx.test.espresso.Espresso, onView, [(an instance of android.widget.TextView and view.getText() with or without transformation to match: is "Status changes" and view has effective visibility <VISIBLE>)]
03-22 01:41:10.851 15883 16150 D Detox   : class com.wix.detox.espresso.DetoxMatcher, matcherForSufficientlyVisible, [75]
03-22 01:41:10.852 15883 16150 D Detox   : class com.wix.detox.espresso.DetoxAssertion, assertMatcher, [androidx.test.espresso.ViewInteraction@13ff323, (view has effective visibility <VISIBLE> and view.getGlobalVisibleRect() covers at least <75> percent of the view's area)]
03-22 01:41:10.863 15883 15883 I ViewInteraction: Checking 'MatchesViewAssertion(Detox){viewMatcher=(view has effective visibility <VISIBLE> and view.getGlobalVisibleRect() covers at least <75> percent of the view's area)}' assertion on view (an instance of android.widget.TextView and view.getText() with or without transformation to match: is "Status changes" and view has effective visibility <VISIBLE>)
03-22 01:41:10.866 15883 16150 I DetoxWSClient: Sending out action 'invokeResult' (ID #2)
03-22 01:41:10.866 15883 16150 I DetoxDispatcher: Done with action 'invoke'
03-22 01:41:10.875 15883 16154 D DetoxWSClient: Received action 'invoke' (ID #3, params={"target":{"type":"Class","value":"com.wix.detox.espresso.DetoxAssertion"},"method":"assertMatcher","args":[{"type":"Invocation","value":{"target":{"type":"Class","value":"androidx.test.espresso.Espresso"},"method":"onView","args":[{"type":"Invocation","value":{"target":{"type":"Class","value":"com.wix.detox.espresso.DetoxMatcher"},"method":"matcherForText","args":["Razorpay Initialized"]}}]}},{"type":"Invocation","value":{"target":{"type":"Class","value":"com.wix.detox.espresso.DetoxMatcher"},"method":"matcherForSufficientlyVisible","args":[{"type":"Integer","value":75}]}}]})
03-22 01:41:10.876 15883 16150 I DetoxDispatcher: Handling action 'invoke' (ID #3)...
03-22 01:41:10.877 15883 16150 D Detox   : class com.wix.detox.espresso.DetoxMatcher, matcherForText, [Razorpay Initialized]
03-22 01:41:10.878 15883 16150 D Detox   : class androidx.test.espresso.Espresso, onView, [(an instance of android.widget.TextView and view.getText() with or without transformation to match: is "Razorpay Initialized" and view has effective visibility <VISIBLE>)]
03-22 01:41:10.878 15883 16150 D Detox   : class com.wix.detox.espresso.DetoxMatcher, matcherForSufficientlyVisible, [75]
03-22 01:41:10.880 15883 16150 D Detox   : class com.wix.detox.espresso.DetoxAssertion, assertMatcher, [androidx.test.espresso.ViewInteraction@4616020, (view has effective visibility <VISIBLE> and view.getGlobalVisibleRect() covers at least <75> percent of the view's area)]
03-22 01:41:10.888 15883 15883 I ViewInteraction: Checking 'MatchesViewAssertion(Detox){viewMatcher=(view has effective visibility <VISIBLE> and view.getGlobalVisibleRect() covers at least <75> percent of the view's area)}' assertion on view (an instance of android.widget.TextView and view.getText() with or without transformation to match: is "Razorpay Initialized" and view has effective visibility <VISIBLE>)
03-22 01:41:10.891 15883 16150 I DetoxWSClient: Sending out action 'invokeResult' (ID #3)
03-22 01:41:10.892 15883 16150 I DetoxDispatcher: Done with action 'invoke'
