--------- beginning of main
03-22 00:45:38.085 24672 25415 D DetoxWSClient: Received action 'reactNativeReload' (ID #-1000, params={})
03-22 00:45:38.085 24672 25413 I DetoxDispatcher: Handling action 'reactNativeReload' (ID #-1000)...
03-22 00:45:38.105 24672 25413 I DetoxRNExt: Reloading React Native
03-22 00:45:38.151 24672 24672 I TouchFilterInputStageHelper: [needTouchEventFilter] Displayid : 0
03-22 00:45:38.153 24672 24672 D HandGripFilter: getdisplaysize, x : 1080 y : 2340
03-22 00:45:38.303 24672 24672 W unknown:ReactNative: Packager connection already open, nooping.
03-22 00:45:38.303 24672 24753 E unknown:ReactContextBaseJavaModule: Unhandled SoftException
03-22 00:45:38.303 24672 24753 E unknown:ReactContextBaseJavaModule: java.lang.RuntimeException: Catalyst Instance has already disappeared: requested by DeviceInfo
03-22 00:45:38.303 24672 24753 E unknown:ReactContextBaseJavaModule: 	at com.facebook.react.bridge.ReactContextBaseJavaModule.getReactApplicationContextIfActiveOrWarn(ReactContextBaseJavaModule.java:66)
03-22 00:45:38.303 24672 24753 E unknown:ReactContextBaseJavaModule: 	at com.facebook.react.modules.deviceinfo.DeviceInfoModule.invalidate(DeviceInfoModule.java:114)
03-22 00:45:38.303 24672 24753 E unknown:ReactContextBaseJavaModule: 	at com.facebook.react.bridge.ModuleHolder.destroy(ModuleHolder.java:110)
03-22 00:45:38.303 24672 24753 E unknown:ReactContextBaseJavaModule: 	at com.facebook.react.bridge.NativeModuleRegistry.notifyJSInstanceDestroy(NativeModuleRegistry.java:108)
03-22 00:45:38.303 24672 24753 E unknown:ReactContextBaseJavaModule: 	at com.facebook.react.bridge.CatalystInstanceImpl$1.run(CatalystInstanceImpl.java:368)
03-22 00:45:38.303 24672 24753 E unknown:ReactContextBaseJavaModule: 	at android.os.Handler.handleCallback(Handler.java:938)
03-22 00:45:38.303 24672 24753 E unknown:ReactContextBaseJavaModule: 	at android.os.Handler.dispatchMessage(Handler.java:99)
03-22 00:45:38.303 24672 24753 E unknown:ReactContextBaseJavaModule: 	at com.facebook.react.bridge.queue.MessageQueueThreadHandler.dispatchMessage(MessageQueueThreadHandler.java:27)
03-22 00:45:38.303 24672 24753 E unknown:ReactContextBaseJavaModule: 	at androidx.test.espresso.base.Interrogator.loopAndInterrogate(Interrogator.java:14)
03-22 00:45:38.303 24672 24753 E unknown:ReactContextBaseJavaModule: 	at androidx.test.espresso.base.LooperIdlingResourceInterrogationHandler$2.run(LooperIdlingResourceInterrogationHandler.java:3)
03-22 00:45:38.303 24672 24753 E unknown:ReactContextBaseJavaModule: 	at android.os.Handler.handleCallback(Handler.java:938)
03-22 00:45:38.303 24672 24753 E unknown:ReactContextBaseJavaModule: 	at android.os.Handler.dispatchMessage(Handler.java:99)
03-22 00:45:38.303 24672 24753 E unknown:ReactContextBaseJavaModule: 	at android.os.Looper.loop(Looper.java:223)
03-22 00:45:38.303 24672 24753 E unknown:ReactContextBaseJavaModule: 	at com.facebook.react.bridge.queue.MessageQueueThreadImpl$4.run(MessageQueueThreadImpl.java:226)
03-22 00:45:38.303 24672 24753 E unknown:ReactContextBaseJavaModule: 	at java.lang.Thread.run(Thread.java:923)
03-22 00:45:38.304 24672 24753 E unknown:ReactContextBaseJavaModule: Unhandled SoftException
03-22 00:45:38.304 24672 24753 E unknown:ReactContextBaseJavaModule: java.lang.RuntimeException: Catalyst Instance has already disappeared: requested by AppState
03-22 00:45:38.304 24672 24753 E unknown:ReactContextBaseJavaModule: 	at com.facebook.react.bridge.ReactContextBaseJavaModule.getReactApplicationContextIfActiveOrWarn(ReactContextBaseJavaModule.java:66)
03-22 00:45:38.304 24672 24753 E unknown:ReactContextBaseJavaModule: 	at com.facebook.react.modules.appstate.AppStateModule.invalidate(AppStateModule.java:127)
03-22 00:45:38.304 24672 24753 E unknown:ReactContextBaseJavaModule: 	at com.facebook.react.bridge.ModuleHolder.destroy(ModuleHolder.java:110)
03-22 00:45:38.304 24672 24753 E unknown:ReactContextBaseJavaModule: 	at com.facebook.react.bridge.NativeModuleRegistry.notifyJSInstanceDestroy(NativeModuleRegistry.java:108)
03-22 00:45:38.304 24672 24753 E unknown:ReactContextBaseJavaModule: 	at com.facebook.react.bridge.CatalystInstanceImpl$1.run(CatalystInstanceImpl.java:368)
03-22 00:45:38.304 24672 24753 E unknown:ReactContextBaseJavaModule: 	at android.os.Handler.handleCallback(Handler.java:938)
03-22 00:45:38.304 24672 24753 E unknown:ReactContextBaseJavaModule: 	at android.os.Handler.dispatchMessage(Handler.java:99)
03-22 00:45:38.304 24672 24753 E unknown:ReactContextBaseJavaModule: 	at com.facebook.react.bridge.queue.MessageQueueThreadHandler.dispatchMessage(MessageQueueThreadHandler.java:27)
03-22 00:45:38.304 24672 24753 E unknown:ReactContextBaseJavaModule: 	at androidx.test.espresso.base.Interrogator.loopAndInterrogate(Interrogator.java:14)
03-22 00:45:38.304 24672 24753 E unknown:ReactContextBaseJavaModule: 	at androidx.test.espresso.base.LooperIdlingResourceInterrogationHandler$2.run(LooperIdlingResourceInterrogationHandler.java:3)
03-22 00:45:38.304 24672 24753 E unknown:ReactContextBaseJavaModule: 	at android.os.Handler.handleCallback(Handler.java:938)
03-22 00:45:38.304 24672 24753 E unknown:ReactContextBaseJavaModule: 	at android.os.Handler.dispatchMessage(Handler.java:99)
03-22 00:45:38.304 24672 24753 E unknown:ReactContextBaseJavaModule: 	at android.os.Looper.loop(Looper.java:223)
03-22 00:45:38.304 24672 24753 E unknown:ReactContextBaseJavaModule: 	at com.facebook.react.bridge.queue.MessageQueueThreadImpl$4.run(MessageQueueThreadImpl.java:226)
03-22 00:45:38.304 24672 24753 E unknown:ReactContextBaseJavaModule: 	at java.lang.Thread.run(Thread.java:923)
03-22 00:45:38.304 24672 24753 E unknown:ReactContextBaseJavaModule: Unhandled SoftException
03-22 00:45:38.304 24672 24753 E unknown:ReactContextBaseJavaModule: java.lang.RuntimeException: Catalyst Instance has already disappeared: requested by NativeAnimatedModule
03-22 00:45:38.304 24672 24753 E unknown:ReactContextBaseJavaModule: 	at com.facebook.react.bridge.ReactContextBaseJavaModule.getReactApplicationContextIfActiveOrWarn(ReactContextBaseJavaModule.java:66)
03-22 00:45:38.304 24672 24753 E unknown:ReactContextBaseJavaModule: 	at com.facebook.react.animated.NativeAnimatedModule.invalidate(NativeAnimatedModule.java:897)
03-22 00:45:38.304 24672 24753 E unknown:ReactContextBaseJavaModule: 	at com.facebook.react.bridge.ModuleHolder.destroy(ModuleHolder.java:110)
03-22 00:45:38.304 24672 24753 E unknown:ReactContextBaseJavaModule: 	at com.facebook.react.bridge.NativeModuleRegistry.notifyJSInstanceDestroy(NativeModuleRegistry.java:108)
03-22 00:45:38.304 24672 24753 E unknown:ReactContextBaseJavaModule: 	at com.facebook.react.bridge.CatalystInstanceImpl$1.run(CatalystInstanceImpl.java:368)
03-22 00:45:38.304 24672 24753 E unknown:ReactContextBaseJavaModule: 	at android.os.Handler.handleCallback(Handler.java:938)
03-22 00:45:38.304 24672 24753 E unknown:ReactContextBaseJavaModule: 	at android.os.Handler.dispatchMessage(Handler.java:99)
03-22 00:45:38.304 24672 24753 E unknown:ReactContextBaseJavaModule: 	at com.facebook.react.bridge.queue.MessageQueueThreadHandler.dispatchMessage(MessageQueueThreadHandler.java:27)
03-22 00:45:38.304 24672 24753 E unknown:ReactContextBaseJavaModule: 	at androidx.test.espresso.base.Interrogator.loopAndInterrogate(Interrogator.java:14)
03-22 00:45:38.304 24672 24753 E unknown:ReactContextBaseJavaModule: 	at androidx.test.espresso.base.LooperIdlingResourceInterrogationHandler$2.run(LooperIdlingResourceInterrogationHandler.java:3)
03-22 00:45:38.304 24672 24753 E unknown:ReactContextBaseJavaModule: 	at android.os.Handler.handleCallback(Handler.java:938)
03-22 00:45:38.304 24672 24753 E unknown:ReactContextBaseJavaModule: 	at android.os.Handler.dispatchMessage(Handler.java:99)
03-22 00:45:38.304 24672 24753 E unknown:ReactContextBaseJavaModule: 	at android.os.Looper.loop(Looper.java:223)
03-22 00:45:38.304 24672 24753 E unknown:ReactContextBaseJavaModule: 	at com.facebook.react.bridge.queue.MessageQueueThreadImpl$4.run(MessageQueueThreadImpl.java:226)
03-22 00:45:38.304 24672 24753 E unknown:ReactContextBaseJavaModule: 	at java.lang.Thread.run(Thread.java:923)
03-22 00:45:38.304 24672 24753 E unknown:ReactContextBaseJavaModule: Unhandled SoftException
03-22 00:45:38.304 24672 24753 E unknown:ReactContextBaseJavaModule: java.lang.RuntimeException: Catalyst Instance has already disappeared: requested by FrescoModule
03-22 00:45:38.304 24672 24753 E unknown:ReactContextBaseJavaModule: 	at com.facebook.react.bridge.ReactContextBaseJavaModule.getReactApplicationContextIfActiveOrWarn(ReactContextBaseJavaModule.java:66)
03-22 00:45:38.304 24672 24753 E unknown:ReactContextBaseJavaModule: 	at com.facebook.react.modules.fresco.FrescoModule.invalidate(FrescoModule.java:202)
03-22 00:45:38.304 24672 24753 E unknown:ReactContextBaseJavaModule: 	at com.facebook.react.bridge.ModuleHolder.destroy(ModuleHolder.java:110)
03-22 00:45:38.304 24672 24753 E unknown:ReactContextBaseJavaModule: 	at com.facebook.react.bridge.NativeModuleRegistry.notifyJSInstanceDestroy(NativeModuleRegistry.java:108)
03-22 00:45:38.304 24672 24753 E unknown:ReactContextBaseJavaModule: 	at com.facebook.react.bridge.CatalystInstanceImpl$1.run(CatalystInstanceImpl.java:368)
03-22 00:45:38.304 24672 24753 E unknown:ReactContextBaseJavaModule: 	at android.os.Handler.handleCallback(Handler.java:938)
03-22 00:45:38.304 24672 24753 E unknown:ReactContextBaseJavaModule: 	at android.os.Handler.dispatchMessage(Handler.java:99)
03-22 00:45:38.304 24672 24753 E unknown:ReactContextBaseJavaModule: 	at com.facebook.react.bridge.queue.MessageQueueThreadHandler.dispatchMessage(MessageQueueThreadHandler.java:27)
03-22 00:45:38.304 24672 24753 E unknown:ReactContextBaseJavaModule: 	at androidx.test.espresso.base.Interrogator.loopAndInterrogate(Interrogator.java:14)
03-22 00:45:38.304 24672 24753 E unknown:ReactContextBaseJavaModule: 	at androidx.test.espresso.base.LooperIdlingResourceInterrogationHandler$2.run(LooperIdlingResourceInterrogationHandler.java:3)
03-22 00:45:38.304 24672 24753 E unknown:ReactContextBaseJavaModule: 	at android.os.Handler.handleCallback(Handler.java:938)
03-22 00:45:38.304 24672 24753 E unknown:ReactContextBaseJavaModule: 	at android.os.Handler.dispatchMessage(Handler.java:99)
03-22 00:45:38.304 24672 24753 E unknown:ReactContextBaseJavaModule: 	at android.os.Looper.loop(Looper.java:223)
03-22 00:45:38.304 24672 24753 E unknown:ReactContextBaseJavaModule: 	at com.facebook.react.bridge.queue.MessageQueueThreadImpl$4.run(MessageQueueThreadImpl.java:226)
03-22 00:45:38.304 24672 24753 E unknown:ReactContextBaseJavaModule: 	at java.lang.Thread.run(Thread.java:923)
03-22 00:45:38.305 24672 24672 E unknown:ReactInstanceManager: destroyRootView called
03-22 00:45:38.305 24672 24672 E unknown:ReactInstanceManager: destroyRootView called, unmountReactApplication
03-22 00:45:38.322 24672 24672 W unknown:ReactNative: Tried to enqueue runnable on already finished thread: 'js... dropping Runnable.
03-22 00:45:38.324 24672 24672 W MessageQueue: Handler (com.facebook.react.bridge.queue.MessageQueueThreadHandler) {84bae07} sending message to a Handler on a dead thread
03-22 00:45:38.324 24672 24672 W MessageQueue: java.lang.IllegalStateException: Handler (com.facebook.react.bridge.queue.MessageQueueThreadHandler) {84bae07} sending message to a Handler on a dead thread
03-22 00:45:38.324 24672 24672 W MessageQueue: 	at android.os.MessageQueue.enqueueMessage(MessageQueue.java:560)
03-22 00:45:38.324 24672 24672 W MessageQueue: 	at android.os.Handler.enqueueMessage(Handler.java:778)
03-22 00:45:38.324 24672 24672 W MessageQueue: 	at android.os.Handler.sendMessageAtTime(Handler.java:727)
03-22 00:45:38.324 24672 24672 W MessageQueue: 	at android.os.Handler.sendMessageDelayed(Handler.java:697)
03-22 00:45:38.324 24672 24672 W MessageQueue: 	at android.os.Handler.post(Handler.java:427)
03-22 00:45:38.324 24672 24672 W MessageQueue: 	at com.facebook.react.bridge.queue.MessageQueueThreadImpl.runOnQueue(MessageQueueThreadImpl.java:66)
03-22 00:45:38.324 24672 24672 W MessageQueue: 	at com.facebook.react.bridge.ReactContext.runOnJSQueueThread(ReactContext.java:400)
03-22 00:45:38.324 24672 24672 W MessageQueue: 	at com.facebook.react.uimanager.events.EventDispatcherImpl$ScheduleDispatchFrameCallback.doFrame(EventDispatcherImpl.java:300)
03-22 00:45:38.324 24672 24672 W MessageQueue: 	at com.facebook.react.modules.core.ReactChoreographer$ReactChoreographerDispatcher.doFrame(ReactChoreographer.java:175)
03-22 00:45:38.324 24672 24672 W MessageQueue: 	at com.facebook.react.modules.core.ChoreographerCompat$FrameCallback$1.doFrame(ChoreographerCompat.java:85)
03-22 00:45:38.324 24672 24672 W MessageQueue: 	at android.view.Choreographer$CallbackRecord.run(Choreographer.java:1054)
03-22 00:45:38.324 24672 24672 W MessageQueue: 	at android.view.Choreographer.doCallbacks(Choreographer.java:878)
03-22 00:45:38.324 24672 24672 W MessageQueue: 	at android.view.Choreographer.doFrame(Choreographer.java:807)
03-22 00:45:38.324 24672 24672 W MessageQueue: 	at android.view.Choreographer$FrameDisplayEventReceiver.run(Choreographer.java:1041)
03-22 00:45:38.324 24672 24672 W MessageQueue: 	at android.os.Handler.handleCallback(Handler.java:938)
03-22 00:45:38.324 24672 24672 W MessageQueue: 	at android.os.Handler.dispatchMessage(Handler.java:99)
03-22 00:45:38.324 24672 24672 W MessageQueue: 	at android.os.Looper.loop(Looper.java:223)
03-22 00:45:38.324 24672 24672 W MessageQueue: 	at android.app.ActivityThread.main(ActivityThread.java:7868)
03-22 00:45:38.324 24672 24672 W MessageQueue: 	at java.lang.reflect.Method.invoke(Native Method)
03-22 00:45:38.324 24672 24672 W MessageQueue: 	at com.android.internal.os.RuntimeInit$MethodAndArgsCaller.run(RuntimeInit.java:592)
03-22 00:45:38.324 24672 24672 W MessageQueue: 	at com.android.internal.os.ZygoteInit.main(ZygoteInit.java:981)
03-22 00:45:38.329 24672 25469 W unknown:ReactContext: initializeMessageQueueThreads() is called.
03-22 00:45:38.332 24672 24672 W unknown:ReactNative: Packager connection already open, nooping.
03-22 00:45:38.334 24672 25471 W unknown:ViewManagerPropertyUpdater: Could not find generated setter for class com.facebook.react.views.drawer.ReactDrawerLayoutManager
03-22 00:45:38.340 24672 25471 W unknown:ViewManagerPropertyUpdater: Could not find generated setter for class com.facebook.react.uimanager.LayoutShadowNode
03-22 00:45:38.348 24672 25471 W unknown:ViewManagerPropertyUpdater: Could not find generated setter for class com.facebook.react.views.scroll.ReactHorizontalScrollViewManager
03-22 00:45:38.356 24672 25471 W unknown:ViewManagerPropertyUpdater: Could not find generated setter for class com.facebook.react.views.scroll.ReactHorizontalScrollContainerViewManager
03-22 00:45:38.359 24672 25471 W unknown:ViewManagerPropertyUpdater: Could not find generated setter for class com.facebook.react.views.progressbar.ReactProgressBarViewManager
03-22 00:45:38.362 24672 25471 W unknown:ViewManagerPropertyUpdater: Could not find generated setter for class com.facebook.react.views.progressbar.ProgressBarShadowNode
03-22 00:45:38.365 24672 25471 W unknown:ViewManagerPropertyUpdater: Could not find generated setter for class com.facebook.react.views.scroll.ReactScrollViewManager
03-22 00:45:38.371 24672 25471 W unknown:ViewManagerPropertyUpdater: Could not find generated setter for class com.facebook.react.views.slider.ReactSliderManager
03-22 00:45:38.376 24672 25471 W unknown:ViewManagerPropertyUpdater: Could not find generated setter for class com.facebook.react.views.slider.ReactSliderManager$ReactSliderShadowNode
03-22 00:45:38.376 24672 25471 W unknown:ViewManagerPropertyUpdater: Could not find generated setter for class com.facebook.react.views.switchview.ReactSwitchManager
03-22 00:45:38.377 24672 25471 W unknown:ViewManagerPropertyUpdater: Could not find generated setter for class com.facebook.react.views.switchview.ReactSwitchManager$ReactSwitchShadowNode
03-22 00:45:38.378 24672 25471 W unknown:ViewManagerPropertyUpdater: Could not find generated setter for class com.facebook.react.views.swiperefresh.SwipeRefreshLayoutManager
03-22 00:45:38.379 24672 25471 W unknown:ViewManagerPropertyUpdater: Could not find generated setter for class com.facebook.react.views.text.frescosupport.FrescoBasedReactTextInlineImageViewManager
03-22 00:45:38.379 24672 25471 W unknown:ViewManagerPropertyUpdater: Could not find generated setter for class com.facebook.react.views.text.frescosupport.FrescoBasedReactTextInlineImageShadowNode
03-22 00:45:38.380 24672 25471 W unknown:ViewManagerPropertyUpdater: Could not find generated setter for class com.facebook.react.views.image.ReactImageManager
03-22 00:45:38.381 24672 25471 W unknown:ViewManagerPropertyUpdater: Could not find generated setter for class com.facebook.react.views.modal.ReactModalHostManager
03-22 00:45:38.382 24672 25471 W unknown:ViewManagerPropertyUpdater: Could not find generated setter for class com.facebook.react.views.modal.ModalHostShadowNode
03-22 00:45:38.382 24672 25471 W unknown:ViewManagerPropertyUpdater: Could not find generated setter for class com.facebook.react.views.text.ReactRawTextManager
03-22 00:45:38.383 24672 25471 W unknown:ViewManagerPropertyUpdater: Could not find generated setter for class com.facebook.react.views.text.ReactRawTextShadowNode
03-22 00:45:38.384 24672 25471 W unknown:ViewManagerPropertyUpdater: Could not find generated setter for class com.facebook.react.views.textinput.ReactTextInputManager
03-22 00:45:38.386 24672 25471 W unknown:ViewManagerPropertyUpdater: Could not find generated setter for class com.facebook.react.views.textinput.ReactTextInputShadowNode
03-22 00:45:38.388 24672 25471 W unknown:ViewManagerPropertyUpdater: Could not find generated setter for class com.facebook.react.views.text.ReactTextViewManager
03-22 00:45:38.389 24672 25471 W unknown:ViewManagerPropertyUpdater: Could not find generated setter for class com.facebook.react.views.text.ReactTextShadowNode
03-22 00:45:38.389 24672 25471 W unknown:ViewManagerPropertyUpdater: Could not find generated setter for class com.facebook.react.views.view.ReactViewManager
03-22 00:45:38.393 24672 25471 W unknown:ViewManagerPropertyUpdater: Could not find generated setter for class com.facebook.react.views.text.ReactVirtualTextViewManager
03-22 00:45:38.394 24672 25471 W unknown:ViewManagerPropertyUpdater: Could not find generated setter for class com.facebook.react.views.text.ReactVirtualTextShadowNode
03-22 00:45:38.394 24672 25471 W unknown:ViewManagerPropertyUpdater: Could not find generated setter for class com.facebook.react.views.unimplementedview.ReactUnimplementedViewManager
03-22 00:45:38.395 24672 25471 W unknown:ReactContext: initializeMessageQueueThreads() is called.
03-22 00:45:38.396 24672 24672 I DetoxRNLoading: Got new RN-context async'ly through listener
03-22 00:45:38.396 24672 25413 I DetoxRNIdleRes: Setting up Espresso Idling Resources for React Native
03-22 00:45:38.405 24672 25413 D AsyncStorageIR: Checking whether a custom IR for Async-Storage is required... (legacy=false)
03-22 00:45:38.406 24672 25413 D DetoxRNHelpers: Native RN module resolution (class com.reactnativecommunity.asyncstorage.AsyncStorageModule): no such class
03-22 00:45:38.406 24672 25413 D AsyncStorageIR: Checking whether a custom IR for Async-Storage is required... (legacy=true)
03-22 00:45:38.407 24672 25413 D AsyncStorageIR: IR for Async-Storage is required! (legacy=true)
03-22 00:45:38.411 24672 24672 D AsyncStorageIRLegacy: Async-storage is busy!
03-22 00:45:38.415 24672 25413 I DetoxWSClient: Sending out action 'ready' (ID #-1000)
03-22 00:45:38.416 24672 25413 I DetoxDispatcher: Done with action 'reactNativeReload'
03-22 00:45:38.429 24672 25415 D DetoxWSClient: Received action 'invoke' (ID #1, params={"target":{"type":"Class","value":"com.wix.detox.espresso.DetoxAssertion"},"method":"assertMatcher","args":[{"type":"Invocation","value":{"target":{"type":"Class","value":"androidx.test.espresso.Espresso"},"method":"onView","args":[{"type":"Invocation","value":{"target":{"type":"Class","value":"com.wix.detox.espresso.DetoxMatcher"},"method":"matcherForText","args":["Step One"]}}]}},{"type":"Invocation","value":{"target":{"type":"Class","value":"com.wix.detox.espresso.DetoxMatcher"},"method":"matcherForSufficientlyVisible","args":[{"type":"Integer","value":75}]}}]})
03-22 00:45:38.429 24672 25413 I DetoxDispatcher: Handling action 'invoke' (ID #1)...
03-22 00:45:38.433 24672 25413 D Detox   : class com.wix.detox.espresso.DetoxMatcher, matcherForText, [Step One]
03-22 00:45:38.439 24672 25413 D Detox   : class androidx.test.espresso.Espresso, onView, [(an instance of android.widget.TextView and view.getText() with or without transformation to match: is "Step One" and view has effective visibility <VISIBLE>)]
03-22 00:45:38.440 24672 25413 D Detox   : class com.wix.detox.espresso.DetoxMatcher, matcherForSufficientlyVisible, [75]
03-22 00:45:38.441 24672 25413 D Detox   : class com.wix.detox.espresso.DetoxAssertion, assertMatcher, [androidx.test.espresso.ViewInteraction@cecf3c9, (view has effective visibility <VISIBLE> and view.getGlobalVisibleRect() covers at least <75> percent of the view's area)]
03-22 00:45:38.629 24672 25470 I ReactNativeJS: Running "DetoxSample" with {"rootTag":11}
03-22 00:45:38.781 24672 25471 W unknown:ReactNative: StatusBarModule: Ignored status bar change, current activity is null.
03-22 00:45:38.782 24672 25471 I chatty  : uid=10470(com.detoxsample) mqt_native_modu identical 2 lines
03-22 00:45:38.782 24672 25471 W unknown:ReactNative: StatusBarModule: Ignored status bar change, current activity is null.
03-22 00:45:38.847 24672 24818 E unknown:ReactContextBaseJavaModule: Unhandled SoftException
03-22 00:45:38.847 24672 24818 E unknown:ReactContextBaseJavaModule: java.lang.RuntimeException: Catalyst Instance has already disappeared: requested by WebSocketModule
03-22 00:45:38.847 24672 24818 E unknown:ReactContextBaseJavaModule: 	at com.facebook.react.bridge.ReactContextBaseJavaModule.getReactApplicationContextIfActiveOrWarn(ReactContextBaseJavaModule.java:66)
03-22 00:45:38.847 24672 24818 E unknown:ReactContextBaseJavaModule: 	at com.facebook.react.modules.websocket.WebSocketModule.sendEvent(WebSocketModule.java:62)
03-22 00:45:38.847 24672 24818 E unknown:ReactContextBaseJavaModule: 	at com.facebook.react.modules.websocket.WebSocketModule.access$100(WebSocketModule.java:40)
03-22 00:45:38.847 24672 24818 E unknown:ReactContextBaseJavaModule: 	at com.facebook.react.modules.websocket.WebSocketModule$1.onMessage(WebSocketModule.java:190)
03-22 00:45:38.847 24672 24818 E unknown:ReactContextBaseJavaModule: 	at okhttp3.internal.ws.RealWebSocket.onReadMessage(RealWebSocket.kt:333)
03-22 00:45:38.847 24672 24818 E unknown:ReactContextBaseJavaModule: 	at okhttp3.internal.ws.WebSocketReader.readMessageFrame(WebSocketReader.kt:245)
03-22 00:45:38.847 24672 24818 E unknown:ReactContextBaseJavaModule: 	at okhttp3.internal.ws.WebSocketReader.processNextFrame(WebSocketReader.kt:106)
03-22 00:45:38.847 24672 24818 E unknown:ReactContextBaseJavaModule: 	at okhttp3.internal.ws.RealWebSocket.loopReader(RealWebSocket.kt:293)
03-22 00:45:38.847 24672 24818 E unknown:ReactContextBaseJavaModule: 	at okhttp3.internal.ws.RealWebSocket$connect$1.onResponse(RealWebSocket.kt:195)
03-22 00:45:38.847 24672 24818 E unknown:ReactContextBaseJavaModule: 	at okhttp3.internal.connection.RealCall$AsyncCall.run(RealCall.kt:519)
03-22 00:45:38.847 24672 24818 E unknown:ReactContextBaseJavaModule: 	at java.util.concurrent.ThreadPoolExecutor.runWorker(ThreadPoolExecutor.java:1167)
03-22 00:45:38.847 24672 24818 E unknown:ReactContextBaseJavaModule: 	at java.util.concurrent.ThreadPoolExecutor$Worker.run(ThreadPoolExecutor.java:641)
03-22 00:45:38.847 24672 24818 E unknown:ReactContextBaseJavaModule: 	at java.lang.Thread.run(Thread.java:923)
03-22 00:45:38.851 24672 24818 I chatty  : uid=10470(com.detoxsample) alhost:8081/... identical 1 line
03-22 00:45:38.852 24672 24818 E unknown:ReactContextBaseJavaModule: Unhandled SoftException
03-22 00:45:38.852 24672 24818 E unknown:ReactContextBaseJavaModule: java.lang.RuntimeException: Catalyst Instance has already disappeared: requested by WebSocketModule
03-22 00:45:38.852 24672 24818 E unknown:ReactContextBaseJavaModule: 	at com.facebook.react.bridge.ReactContextBaseJavaModule.getReactApplicationContextIfActiveOrWarn(ReactContextBaseJavaModule.java:66)
03-22 00:45:38.852 24672 24818 E unknown:ReactContextBaseJavaModule: 	at com.facebook.react.modules.websocket.WebSocketModule.sendEvent(WebSocketModule.java:62)
03-22 00:45:38.852 24672 24818 E unknown:ReactContextBaseJavaModule: 	at com.facebook.react.modules.websocket.WebSocketModule.access$100(WebSocketModule.java:40)
03-22 00:45:38.852 24672 24818 E unknown:ReactContextBaseJavaModule: 	at com.facebook.react.modules.websocket.WebSocketModule$1.onMessage(WebSocketModule.java:190)
03-22 00:45:38.852 24672 24818 E unknown:ReactContextBaseJavaModule: 	at okhttp3.internal.ws.RealWebSocket.onReadMessage(RealWebSocket.kt:333)
03-22 00:45:38.852 24672 24818 E unknown:ReactContextBaseJavaModule: 	at okhttp3.internal.ws.WebSocketReader.readMessageFrame(WebSocketReader.kt:245)
03-22 00:45:38.852 24672 24818 E unknown:ReactContextBaseJavaModule: 	at okhttp3.internal.ws.WebSocketReader.processNextFrame(WebSocketReader.kt:106)
03-22 00:45:38.852 24672 24818 E unknown:ReactContextBaseJavaModule: 	at okhttp3.internal.ws.RealWebSocket.loopReader(RealWebSocket.kt:293)
03-22 00:45:38.852 24672 24818 E unknown:ReactContextBaseJavaModule: 	at okhttp3.internal.ws.RealWebSocket$connect$1.onResponse(RealWebSocket.kt:195)
03-22 00:45:38.852 24672 24818 E unknown:ReactContextBaseJavaModule: 	at okhttp3.internal.connection.RealCall$AsyncCall.run(RealCall.kt:519)
03-22 00:45:38.852 24672 24818 E unknown:ReactContextBaseJavaModule: 	at java.util.concurrent.ThreadPoolExecutor.runWorker(ThreadPoolExecutor.java:1167)
03-22 00:45:38.852 24672 24818 E unknown:ReactContextBaseJavaModule: 	at java.util.concurrent.ThreadPoolExecutor$Worker.run(ThreadPoolExecutor.java:641)
03-22 00:45:38.852 24672 24818 E unknown:ReactContextBaseJavaModule: 	at java.lang.Thread.run(Thread.java:923)
03-22 00:45:38.870 24672 24672 W RootViewPicker: No activity currently resumed - waiting: 10ms for one to appear.
03-22 00:45:38.883 24672 24672 W RootViewPicker: No activity currently resumed - waiting: 50ms for one to appear.
03-22 00:45:38.938 24672 24672 W RootViewPicker: No activity currently resumed - waiting: 100ms for one to appear.
03-22 00:45:39.048 24672 24672 W RootViewPicker: No activity currently resumed - waiting: 500ms for one to appear.
03-22 00:45:39.563 24672 24672 W RootViewPicker: No activity currently resumed - waiting: 2000ms for one to appear.
03-22 00:45:40.435 24672 24672 W UiControllerImpl: Waiting for: DELAY_HAS_PAST for 100 iterations.
03-22 00:45:41.334 24672 24672 W UiControllerImpl: Waiting for: DELAY_HAS_PAST for 200 iterations.
03-22 00:45:41.568 24672 24672 W RootViewPicker: No activity currently resumed - waiting: 30000ms for one to appear.
03-22 00:45:42.106 24672 24672 D LifecycleMonitor: Lifecycle status change: com.detoxsample.MainActivity@8055e2c in: RESTARTED
03-22 00:45:42.111 24672 24672 D LifecycleMonitor: Lifecycle status change: com.detoxsample.MainActivity@8055e2c in: STARTED
03-22 00:45:42.120 24672 24672 W unknown:ReactNative: Packager connection already open, nooping.
03-22 00:45:42.121 24672 24672 D LifecycleMonitor: Lifecycle status change: com.detoxsample.MainActivity@8055e2c in: RESUMED
03-22 00:45:42.217 24672 24744 I AdrenoGLES-0: QUALCOMM build                   : 59e4ca3, Ic42881d075
03-22 00:45:42.217 24672 24744 I AdrenoGLES-0: Build Date                       : 01/07/21
03-22 00:45:42.217 24672 24744 I AdrenoGLES-0: OpenGL ES Shader Compiler Version: EV031.32.02.06
03-22 00:45:42.217 24672 24744 I AdrenoGLES-0: Local Branch                     : mybrancheb50fcd0-9e7c-f130-bc5f-5cb90179c3d8
03-22 00:45:42.217 24672 24744 I AdrenoGLES-0: Remote Branch                    : quic/gfx-adreno.lnx.1.0.r99-rel
03-22 00:45:42.217 24672 24744 I AdrenoGLES-0: Remote Branch                    : NONE
03-22 00:45:42.217 24672 24744 I AdrenoGLES-0: Reconstruct Branch               : NOTHING
03-22 00:45:42.217 24672 24744 I AdrenoGLES-0: Build Config                     : S P 10.0.7 AArch64
03-22 00:45:42.217 24672 24744 I AdrenoGLES-0: Driver Path                      : /vendor/lib64/egl/libGLESv2_adreno.so
03-22 00:45:42.226 24672 24744 I AdrenoGLES-0: PFP: 0x016ee190, ME: 0x00000000
03-22 00:45:42.266 24672 25965 D SoLoader: About to load: libimagepipeline.so
03-22 00:45:42.266 24672 25965 D SoLoader: libimagepipeline.so not found on /data/data/com.detoxsample/lib-main
03-22 00:45:42.267 24672 25965 D SoLoader: libimagepipeline.so found on /data/app/~~sNK1MlZ6tW-olybXz5z6cw==/com.detoxsample-ivm5zF5NsaQs-RntNM40NA==/lib/arm64
03-22 00:45:42.267 24672 25965 D SoLoader: Not resolving dependencies for libimagepipeline.so
03-22 00:45:42.269 24672 25965 D SoLoader: Loaded: libimagepipeline.so
--------- beginning of system
03-22 00:45:42.810 24672 24672 I Timeline: Timeline: Activity_idle id: ActivityRecord{fb2719a token=android.os.BinderProxy@962d73d {com.detoxsample/com.detoxsample.MainActivity}} time:378295039
03-22 00:45:43.191 24672 24672 W UiControllerImpl: Waiting for: DELAY_HAS_PAST for 200 iterations.
03-22 00:45:44.828 24672 24672 W UiControllerImpl: Waiting for: DELAY_HAS_PAST for 400 iterations.
03-22 00:45:45.665 24672 24672 W UiControllerImpl: Waiting for: DELAY_HAS_PAST for 500 iterations.
03-22 00:45:46.500 24672 24672 W UiControllerImpl: Waiting for: DELAY_HAS_PAST for 600 iterations.
03-22 00:45:47.319 24672 24672 W UiControllerImpl: Waiting for: DELAY_HAS_PAST for 700 iterations.
03-22 00:45:48.138 24672 24672 W UiControllerImpl: Waiting for: DELAY_HAS_PAST for 800 iterations.
03-22 00:45:48.430 24672 25415 D DetoxWSClient: Received action 'currentStatus' (ID #2, params={})
03-22 00:45:48.431 24672 25414 I DetoxDispatcher: Handling action 'currentStatus' (ID #2)...
03-22 00:45:48.443 24672 25414 I DetoxWSClient: Sending out action 'currentStatusResult' (ID #2)
03-22 00:45:48.444 24672 25414 I DetoxDispatcher: Done with action 'currentStatus'
03-22 00:45:48.923 24672 24672 W UiControllerImpl: Waiting for: DELAY_HAS_PAST for 900 iterations.
03-22 00:45:49.758 24672 24672 W UiControllerImpl: Waiting for: DELAY_HAS_PAST for 1000 iterations.
03-22 00:45:50.577 24672 24672 W UiControllerImpl: Waiting for: DELAY_HAS_PAST for 1100 iterations.
03-22 00:45:51.414 24672 24672 W UiControllerImpl: Waiting for: DELAY_HAS_PAST for 1200 iterations.
03-22 00:45:52.233 24672 24672 W UiControllerImpl: Waiting for: DELAY_HAS_PAST for 1300 iterations.
03-22 00:45:53.052 24672 24672 W UiControllerImpl: Waiting for: DELAY_HAS_PAST for 1400 iterations.
03-22 00:45:53.870 24672 24672 W UiControllerImpl: Waiting for: DELAY_HAS_PAST for 1500 iterations.
03-22 00:45:54.713 24672 24672 W UiControllerImpl: Waiting for: DELAY_HAS_PAST for 1600 iterations.
03-22 00:45:55.541 24672 24672 W UiControllerImpl: Waiting for: DELAY_HAS_PAST for 1700 iterations.
03-22 00:45:56.361 24672 24672 W UiControllerImpl: Waiting for: DELAY_HAS_PAST for 1800 iterations.
03-22 00:45:57.195 24672 24672 W UiControllerImpl: Waiting for: DELAY_HAS_PAST for 1900 iterations.
03-22 00:45:57.998 24672 24672 W UiControllerImpl: Waiting for: DELAY_HAS_PAST for 2000 iterations.
03-22 00:45:58.465 24672 25415 D DetoxWSClient: Received action 'currentStatus' (ID #3, params={})
03-22 00:45:58.465 24672 25414 I DetoxDispatcher: Handling action 'currentStatus' (ID #3)...
03-22 00:45:58.470 24672 25414 I DetoxWSClient: Sending out action 'currentStatusResult' (ID #3)
03-22 00:45:58.470 24672 25414 I DetoxDispatcher: Done with action 'currentStatus'
03-22 00:45:58.800 24672 24672 W UiControllerImpl: Waiting for: DELAY_HAS_PAST for 2100 iterations.
03-22 00:45:59.619 24672 24672 W UiControllerImpl: Waiting for: DELAY_HAS_PAST for 2200 iterations.
03-22 00:46:00.455 24672 24672 W UiControllerImpl: Waiting for: DELAY_HAS_PAST for 2300 iterations.
03-22 00:46:01.274 24672 24672 W UiControllerImpl: Waiting for: DELAY_HAS_PAST for 2400 iterations.
03-22 00:46:02.106 24672 24672 W UiControllerImpl: Waiting for: DELAY_HAS_PAST for 2500 iterations.
03-22 00:46:02.924 24672 24672 W UiControllerImpl: Waiting for: DELAY_HAS_PAST for 2600 iterations.
03-22 00:46:03.743 24672 24672 W UiControllerImpl: Waiting for: DELAY_HAS_PAST for 2700 iterations.
03-22 00:46:04.566 24672 24672 W UiControllerImpl: Waiting for: DELAY_HAS_PAST for 2800 iterations.
03-22 00:46:05.385 24672 24672 W UiControllerImpl: Waiting for: DELAY_HAS_PAST for 2900 iterations.
03-22 00:46:06.221 24672 24672 W UiControllerImpl: Waiting for: DELAY_HAS_PAST for 3000 iterations.
03-22 00:46:07.040 24672 24672 W UiControllerImpl: Waiting for: DELAY_HAS_PAST for 3100 iterations.
03-22 00:46:07.874 24672 24672 W UiControllerImpl: Waiting for: DELAY_HAS_PAST for 3200 iterations.
03-22 00:46:08.480 24672 25415 D DetoxWSClient: Received action 'currentStatus' (ID #4, params={})
03-22 00:46:08.480 24672 25414 I DetoxDispatcher: Handling action 'currentStatus' (ID #4)...
03-22 00:46:08.486 24672 25414 I DetoxWSClient: Sending out action 'currentStatusResult' (ID #4)
03-22 00:46:08.487 24672 25414 I DetoxDispatcher: Done with action 'currentStatus'
03-22 00:46:08.642 24672 24672 W UiControllerImpl: Waiting for: DELAY_HAS_PAST for 3300 iterations.
03-22 00:46:09.480 24672 24672 W UiControllerImpl: Waiting for: DELAY_HAS_PAST for 3400 iterations.
03-22 00:46:10.298 24672 24672 W UiControllerImpl: Waiting for: DELAY_HAS_PAST for 3500 iterations.
03-22 00:46:11.134 24672 24672 W UiControllerImpl: Waiting for: DELAY_HAS_PAST for 3600 iterations.
03-22 00:46:11.585 24672 24672 W com.detoxsampl: Accessing hidden method Landroid/view/WindowManagerGlobal;->getInstance()Landroid/view/WindowManagerGlobal; (greylist, reflection, allowed)
03-22 00:46:11.585 24672 24672 W com.detoxsampl: Accessing hidden field Landroid/view/WindowManagerGlobal;->mViews:Ljava/util/ArrayList; (greylist, reflection, allowed)
03-22 00:46:11.585 24672 24672 W com.detoxsampl: Accessing hidden field Landroid/view/WindowManagerGlobal;->mParams:Ljava/util/ArrayList; (greylist, reflection, allowed)
03-22 00:46:11.602 24672 24672 I ViewInteraction: Checking 'MatchesViewAssertion(Detox){viewMatcher=(view has effective visibility <VISIBLE> and view.getGlobalVisibleRect() covers at least <75> percent of the view's area)}' assertion on view (an instance of android.widget.TextView and view.getText() with or without transformation to match: is "Step One" and view has effective visibility <VISIBLE>)
03-22 00:46:11.607 24672 25413 I DetoxWSClient: Sending out action 'invokeResult' (ID #1)
03-22 00:46:11.608 24672 25413 I DetoxDispatcher: Done with action 'invoke'
