--------- beginning of main
03-22 18:32:03.081 17060 17132 I DetoxWSClient: Sending out action 'invokeResult' (ID #10)
03-22 18:32:03.081 17060 17132 I DetoxDispatcher: Done with action 'invoke'
03-22 18:32:03.087 17060 17134 D DetoxWSClient: Received action 'invoke' (ID #11, params={"target":{"type":"Class","value":"com.wix.detox.espresso.DetoxAssertion"},"method":"assertMatcher","args":[{"type":"Invocation","value":{"target":{"type":"Class","value":"androidx.test.espresso.Espresso"},"method":"onView","args":[{"type":"Invocation","value":{"target":{"type":"Class","value":"com.wix.detox.espresso.DetoxMatcher"},"method":"matcherForText","args":["Card Validity : false"]}}]}},{"type":"Invocation","value":{"target":{"type":"Class","value":"com.wix.detox.espresso.DetoxMatcher"},"method":"matcherForSufficientlyVisible","args":[{"type":"Integer","value":75}]}}]})
03-22 18:32:03.088 17060 17132 I DetoxDispatcher: Handling action 'invoke' (ID #11)...
03-22 18:32:03.089 17060 17132 D Detox   : class com.wix.detox.espresso.DetoxMatcher, matcherForText, [Card Validity : false]
03-22 18:32:03.091 17060 17132 D Detox   : class androidx.test.espresso.Espresso, onView, [(an instance of android.widget.TextView and view.getText() with or without transformation to match: is "Card Validity : false" and view has effective visibility <VISIBLE>)]
03-22 18:32:03.092 17060 17132 D Detox   : class com.wix.detox.espresso.DetoxMatcher, matcherForSufficientlyVisible, [75]
03-22 18:32:03.092 17060 17132 D Detox   : class com.wix.detox.espresso.DetoxAssertion, assertMatcher, [androidx.test.espresso.ViewInteraction@7e4b321, (view has effective visibility <VISIBLE> and view.getGlobalVisibleRect() covers at least <75> percent of the view's area)]
03-22 18:32:03.102 17060 17060 I ViewInteraction: Checking 'MatchesViewAssertion(Detox){viewMatcher=(view has effective visibility <VISIBLE> and view.getGlobalVisibleRect() covers at least <75> percent of the view's area)}' assertion on view (an instance of android.widget.TextView and view.getText() with or without transformation to match: is "Card Validity : false" and view has effective visibility <VISIBLE>)
03-22 18:32:03.104 17060 17132 I DetoxWSClient: Sending out action 'invokeResult' (ID #11)
03-22 18:32:03.104 17060 17132 I DetoxDispatcher: Done with action 'invoke'
03-22 18:32:03.109 17060 17134 D DetoxWSClient: Received action 'invoke' (ID #12, params={"target":{"type":"Class","value":"com.wix.detox.espresso.EspressoDetox"},"method":"perform","args":[{"type":"Invocation","value":{"target":{"type":"Class","value":"androidx.test.espresso.Espresso"},"method":"onView","args":[{"type":"Invocation","value":{"target":{"type":"Class","value":"com.wix.detox.espresso.DetoxMatcher"},"method":"matcherForText","args":["GET CARD NETWORK"]}}]}},{"type":"Invocation","value":{"target":{"type":"Class","value":"com.wix.detox.espresso.DetoxViewActions"},"method":"click","args":[]}}]})
03-22 18:32:03.110 17060 17132 I DetoxDispatcher: Handling action 'invoke' (ID #12)...
03-22 18:32:03.110 17060 17132 D Detox   : class com.wix.detox.espresso.DetoxMatcher, matcherForText, [GET CARD NETWORK]
03-22 18:32:03.110 17060 17132 D Detox   : class androidx.test.espresso.Espresso, onView, [(an instance of android.widget.TextView and view.getText() with or without transformation to match: is "GET CARD NETWORK" and view has effective visibility <VISIBLE>)]
03-22 18:32:03.111 17060 17132 D Detox   : class com.wix.detox.espresso.DetoxViewActions, click, []
03-22 18:32:03.111 17060 17132 D Detox   : class com.wix.detox.espresso.EspressoDetox, perform, [androidx.test.espresso.ViewInteraction@77a8346, com.wix.detox.espresso.action.RNClickAction@14d6907]
03-22 18:32:03.116 17060 17060 I ViewInteraction: Performing 'com.wix.detox.espresso.action.detoxsingletap@6600a34 click' action on view (an instance of android.widget.TextView and view.getText() with or without transformation to match: is "GET CARD NETWORK" and view has effective visibility <VISIBLE>)
03-22 18:32:03.166 17060 17135 I ReactNativeJS: unknown
03-22 18:32:03.415 17060 17121 D EGL_emulation: app_time_stats: avg=5.12ms min=2.19ms max=32.12ms count=61
03-22 18:32:03.588 17060 17132 I DetoxWSClient: Sending out action 'invokeResult' (ID #12)
03-22 18:32:03.589 17060 17132 I DetoxDispatcher: Done with action 'invoke'
03-22 18:32:03.594 17060 17134 D DetoxWSClient: Received action 'invoke' (ID #13, params={"target":{"type":"Class","value":"com.wix.detox.espresso.DetoxAssertion"},"method":"assertMatcher","args":[{"type":"Invocation","value":{"target":{"type":"Class","value":"androidx.test.espresso.Espresso"},"method":"onView","args":[{"type":"Invocation","value":{"target":{"type":"Class","value":"com.wix.detox.espresso.DetoxMatcher"},"method":"matcherForText","args":["Card Network : unknown"]}}]}},{"type":"Invocation","value":{"target":{"type":"Class","value":"com.wix.detox.espresso.DetoxMatcher"},"method":"matcherForSufficientlyVisible","args":[{"type":"Integer","value":75}]}}]})
03-22 18:32:03.595 17060 17132 I DetoxDispatcher: Handling action 'invoke' (ID #13)...
03-22 18:32:03.597 17060 17132 D Detox   : class com.wix.detox.espresso.DetoxMatcher, matcherForText, [Card Network : unknown]
03-22 18:32:03.598 17060 17132 D Detox   : class androidx.test.espresso.Espresso, onView, [(an instance of android.widget.TextView and view.getText() with or without transformation to match: is "Card Network : unknown" and view has effective visibility <VISIBLE>)]
03-22 18:32:03.599 17060 17132 D Detox   : class com.wix.detox.espresso.DetoxMatcher, matcherForSufficientlyVisible, [75]
03-22 18:32:03.600 17060 17132 D Detox   : class com.wix.detox.espresso.DetoxAssertion, assertMatcher, [androidx.test.espresso.ViewInteraction@c1fa559, (view has effective visibility <VISIBLE> and view.getGlobalVisibleRect() covers at least <75> percent of the view's area)]
03-22 18:32:03.615 17060 17060 I ViewInteraction: Checking 'MatchesViewAssertion(Detox){viewMatcher=(view has effective visibility <VISIBLE> and view.getGlobalVisibleRect() covers at least <75> percent of the view's area)}' assertion on view (an instance of android.widget.TextView and view.getText() with or without transformation to match: is "Card Network : unknown" and view has effective visibility <VISIBLE>)
03-22 18:32:03.617 17060 17132 I DetoxWSClient: Sending out action 'invokeResult' (ID #13)
03-22 18:32:03.618 17060 17132 I DetoxDispatcher: Done with action 'invoke'
03-22 18:32:03.689 17060 17134 D DetoxWSClient: Received action 'invoke' (ID #14, params={"target":{"type":"Class","value":"com.wix.detox.espresso.EspressoDetox"},"method":"perform","args":[{"type":"Invocation","value":{"target":{"type":"Class","value":"androidx.test.espresso.Espresso"},"method":"onView","args":[{"type":"Invocation","value":{"target":{"type":"Class","value":"com.wix.detox.espresso.DetoxMatcher"},"method":"matcherForText","args":["GET CARD NETWORK LENGTH"]}}]}},{"type":"Invocation","value":{"target":{"type":"Class","value":"com.wix.detox.espresso.DetoxViewActions"},"method":"click","args":[]}}]})
03-22 18:32:03.692 17060 17132 I DetoxDispatcher: Handling action 'invoke' (ID #14)...
03-22 18:32:03.692 17060 17132 D Detox   : class com.wix.detox.espresso.DetoxMatcher, matcherForText, [GET CARD NETWORK LENGTH]
03-22 18:32:03.692 17060 17132 D Detox   : class androidx.test.espresso.Espresso, onView, [(an instance of android.widget.TextView and view.getText() with or without transformation to match: is "GET CARD NETWORK LENGTH" and view has effective visibility <VISIBLE>)]
03-22 18:32:03.694 17060 17132 D Detox   : class com.wix.detox.espresso.DetoxViewActions, click, []
03-22 18:32:03.694 17060 17132 D Detox   : class com.wix.detox.espresso.EspressoDetox, perform, [androidx.test.espresso.ViewInteraction@9b0b51e, com.wix.detox.espresso.action.RNClickAction@aa071ff]
03-22 18:32:03.708 17060 17060 I ViewInteraction: Performing 'com.wix.detox.espresso.action.detoxsingletap@3466bcc click' action on view (an instance of android.widget.TextView and view.getText() with or without transformation to match: is "GET CARD NETWORK LENGTH" and view has effective visibility <VISIBLE>)
03-22 18:32:03.850 17060 17060 I Detox   : UIManagerModule is busy
03-22 18:32:04.246 17060 17132 I DetoxWSClient: Sending out action 'invokeResult' (ID #14)
03-22 18:32:04.246 17060 17132 I DetoxDispatcher: Done with action 'invoke'
03-22 18:32:04.252 17060 17134 D DetoxWSClient: Received action 'invoke' (ID #15, params={"target":{"type":"Class","value":"com.wix.detox.espresso.DetoxAssertion"},"method":"assertMatcher","args":[{"type":"Invocation","value":{"target":{"type":"Class","value":"androidx.test.espresso.Espresso"},"method":"onView","args":[{"type":"Invocation","value":{"target":{"type":"Class","value":"com.wix.detox.espresso.DetoxMatcher"},"method":"matcherForText","args":["Card Network length : 16"]}}]}},{"type":"Invocation","value":{"target":{"type":"Class","value":"com.wix.detox.espresso.DetoxMatcher"},"method":"matcherForSufficientlyVisible","args":[{"type":"Integer","value":75}]}}]})
03-22 18:32:04.252 17060 17132 I DetoxDispatcher: Handling action 'invoke' (ID #15)...
03-22 18:32:04.252 17060 17132 D Detox   : class com.wix.detox.espresso.DetoxMatcher, matcherForText, [Card Network length : 16]
03-22 18:32:04.253 17060 17132 D Detox   : class androidx.test.espresso.Espresso, onView, [(an instance of android.widget.TextView and view.getText() with or without transformation to match: is "Card Network length : 16" and view has effective visibility <VISIBLE>)]
03-22 18:32:04.253 17060 17132 D Detox   : class com.wix.detox.espresso.DetoxMatcher, matcherForSufficientlyVisible, [75]
03-22 18:32:04.254 17060 17132 D Detox   : class com.wix.detox.espresso.DetoxAssertion, assertMatcher, [androidx.test.espresso.ViewInteraction@30fa691, (view has effective visibility <VISIBLE> and view.getGlobalVisibleRect() covers at least <75> percent of the view's area)]
03-22 18:32:04.267 17060 17060 I ViewInteraction: Checking 'MatchesViewAssertion(Detox){viewMatcher=(view has effective visibility <VISIBLE> and view.getGlobalVisibleRect() covers at least <75> percent of the view's area)}' assertion on view (an instance of android.widget.TextView and view.getText() with or without transformation to match: is "Card Network length : 16" and view has effective visibility <VISIBLE>)
03-22 18:32:04.268 17060 17132 I DetoxWSClient: Sending out action 'invokeResult' (ID #15)
03-22 18:32:04.268 17060 17132 I DetoxDispatcher: Done with action 'invoke'
03-22 18:32:04.273 17060 17134 D DetoxWSClient: Received action 'invoke' (ID #16, params={"target":{"type":"Class","value":"com.wix.detox.espresso.EspressoDetox"},"method":"perform","args":[{"type":"Invocation","value":{"target":{"type":"Class","value":"androidx.test.espresso.Espresso"},"method":"onView","args":[{"type":"Invocation","value":{"target":{"type":"Class","value":"com.wix.detox.espresso.DetoxMatcher"},"method":"matcherForTestId","args":["cards"]}}]}},{"type":"Invocation","value":{"target":{"type":"Class","value":"com.wix.detox.espresso.DetoxViewActions"},"method":"click","args":[]}}]})
03-22 18:32:04.274 17060 17132 I DetoxDispatcher: Handling action 'invoke' (ID #16)...
03-22 18:32:04.275 17060 17132 D Detox   : class com.wix.detox.espresso.DetoxMatcher, matcherForTestId, [cards]
03-22 18:32:04.276 17060 17132 D Detox   : class androidx.test.espresso.Espresso, onView, [(view.getTag() is "cards" and view has effective visibility <VISIBLE>)]
03-22 18:32:04.277 17060 17132 D Detox   : class com.wix.detox.espresso.DetoxViewActions, click, []
03-22 18:32:04.277 17060 17132 D Detox   : class com.wix.detox.espresso.EspressoDetox, perform, [androidx.test.espresso.ViewInteraction@79049f6, com.wix.detox.espresso.action.RNClickAction@93ca1f7]
03-22 18:32:04.284 17060 17060 I ViewInteraction: Performing 'com.wix.detox.espresso.action.detoxsingletap@4346864 click' action on view (view.getTag() is "cards" and view has effective visibility <VISIBLE>)
03-22 18:32:04.415 17060 17121 D EGL_emulation: app_time_stats: avg=15.24ms min=2.33ms max=25.12ms count=59
03-22 18:32:04.624 17060 17060 I Detox   : AnimatedModule is busy.
03-22 18:32:04.703 17060 17132 I DetoxWSClient: Sending out action 'invokeResult' (ID #16)
03-22 18:32:04.703 17060 17132 I DetoxDispatcher: Done with action 'invoke'
