--------- beginning of main
03-22 17:25:42.465 10374 10437 I DetoxWSClient: Sending out action 'invokeResult' (ID #1)
03-22 17:25:42.465 10374 10437 I DetoxDispatcher: Done with action 'invoke'
03-22 17:25:42.473 10374 10439 D DetoxWSClient: Received action 'invoke' (ID #2, params={"target":{"type":"Class","value":"com.wix.detox.espresso.DetoxAssertion"},"method":"assertMatcher","args":[{"type":"Invocation","value":{"target":{"type":"Class","value":"androidx.test.espresso.Espresso"},"method":"onView","args":[{"type":"Invocation","value":{"target":{"type":"Class","value":"com.wix.detox.espresso.DetoxMatcher"},"method":"matcherForText","args":["Razorpay Initialized"]}}]}},{"type":"Invocation","value":{"target":{"type":"Class","value":"com.wix.detox.espresso.DetoxMatcher"},"method":"matcherForSufficientlyVisible","args":[{"type":"Integer","value":75}]}}]})
03-22 17:25:42.473 10374 10437 I DetoxDispatcher: Handling action 'invoke' (ID #2)...
03-22 17:25:42.474 10374 10437 D Detox   : class com.wix.detox.espresso.DetoxMatcher, matcherForText, [Razorpay Initialized]
03-22 17:25:42.476 10374 10437 D Detox   : class androidx.test.espresso.Espresso, onView, [(an instance of android.widget.TextView and view.getText() with or without transformation to match: is "Razorpay Initialized" and view has effective visibility <VISIBLE>)]
03-22 17:25:42.476 10374 10437 D Detox   : class com.wix.detox.espresso.DetoxMatcher, matcherForSufficientlyVisible, [75]
03-22 17:25:42.477 10374 10437 D Detox   : class com.wix.detox.espresso.DetoxAssertion, assertMatcher, [androidx.test.espresso.ViewInteraction@be9e18c, (view has effective visibility <VISIBLE> and view.getGlobalVisibleRect() covers at least <75> percent of the view's area)]
03-22 17:25:42.483 10374 10374 I ViewInteraction: Checking 'MatchesViewAssertion(Detox){viewMatcher=(view has effective visibility <VISIBLE> and view.getGlobalVisibleRect() covers at least <75> percent of the view's area)}' assertion on view (an instance of android.widget.TextView and view.getText() with or without transformation to match: is "Razorpay Initialized" and view has effective visibility <VISIBLE>)
03-22 17:25:42.484 10374 10437 I DetoxWSClient: Sending out action 'invokeResult' (ID #2)
03-22 17:25:42.484 10374 10437 I DetoxDispatcher: Done with action 'invoke'
03-22 17:25:42.543 10374 10439 D DetoxWSClient: Received action 'invoke' (ID #3, params={"target":{"type":"Class","value":"com.wix.detox.espresso.EspressoDetox"},"method":"perform","args":[{"type":"Invocation","value":{"target":{"type":"Class","value":"androidx.test.espresso.Espresso"},"method":"onView","args":[{"type":"Invocation","value":{"target":{"type":"Class","value":"com.wix.detox.espresso.DetoxMatcher"},"method":"matcherForTestId","args":["cards"]}}]}},{"type":"Invocation","value":{"target":{"type":"Class","value":"com.wix.detox.espresso.DetoxViewActions"},"method":"click","args":[]}}]})
03-22 17:25:42.544 10374 10437 I DetoxDispatcher: Handling action 'invoke' (ID #3)...
03-22 17:25:42.545 10374 10437 D Detox   : class com.wix.detox.espresso.DetoxMatcher, matcherForTestId, [cards]
03-22 17:25:42.545 10374 10437 D Detox   : class androidx.test.espresso.Espresso, onView, [(view.getTag() is "cards" and view has effective visibility <VISIBLE>)]
03-22 17:25:42.545 10374 10437 D Detox   : class com.wix.detox.espresso.DetoxViewActions, click, []
03-22 17:25:42.546 10374 10437 D Detox   : class com.wix.detox.espresso.EspressoDetox, perform, [androidx.test.espresso.ViewInteraction@395e0d5, com.wix.detox.espresso.action.RNClickAction@b0fd0ea]
03-22 17:25:42.553 10374 10374 I ViewInteraction: Performing 'com.wix.detox.espresso.action.detoxsingletap@65f6fdb click' action on view (view.getTag() is "cards" and view has effective visibility <VISIBLE>)
03-22 17:25:42.594 10374 10426 D EGL_emulation: app_time_stats: avg=68.91ms min=10.96ms max=596.31ms count=16
03-22 17:25:43.530 10374 10437 I DetoxWSClient: Sending out action 'invokeResult' (ID #3)
03-22 17:25:43.531 10374 10437 I DetoxDispatcher: Done with action 'invoke'
03-22 17:25:43.537 10374 10439 D DetoxWSClient: Received action 'invoke' (ID #4, params={"target":{"type":"Class","value":"com.wix.detox.espresso.EspressoDetox"},"method":"perform","args":[{"type":"Invocation","value":{"target":{"type":"Class","value":"androidx.test.espresso.Espresso"},"method":"onView","args":[{"type":"Invocation","value":{"target":{"type":"Class","value":"com.wix.detox.espresso.DetoxMatcher"},"method":"matcherForTestId","args":["cardNumber"]}}]}},{"type":"Invocation","value":{"target":{"type":"Class","value":"androidx.test.espresso.action.ViewActions"},"method":"replaceText","args":["4111111111111111"]}}]})
03-22 17:25:43.538 10374 10437 I DetoxDispatcher: Handling action 'invoke' (ID #4)...
03-22 17:25:43.538 10374 10437 D Detox   : class com.wix.detox.espresso.DetoxMatcher, matcherForTestId, [cardNumber]
03-22 17:25:43.538 10374 10437 D Detox   : class androidx.test.espresso.Espresso, onView, [(view.getTag() is "cardNumber" and view has effective visibility <VISIBLE>)]
03-22 17:25:43.539 10374 10437 D Detox   : class androidx.test.espresso.action.ViewActions, replaceText, [4111111111111111]
03-22 17:25:43.539 10374 10437 D Detox   : class com.wix.detox.espresso.EspressoDetox, perform, [androidx.test.espresso.ViewInteraction@c3408e0, androidx.test.espresso.action.ReplaceTextAction@a1c3799]
03-22 17:25:43.544 10374 10374 I ViewInteraction: Performing 'replace text(4111111111111111)' action on view (view.getTag() is "cardNumber" and view has effective visibility <VISIBLE>)
03-22 17:25:43.553 10374 10437 I DetoxWSClient: Sending out action 'invokeResult' (ID #4)
03-22 17:25:43.553 10374 10437 I DetoxDispatcher: Done with action 'invoke'
03-22 17:25:43.559 10374 10439 D DetoxWSClient: Received action 'invoke' (ID #5, params={"target":{"type":"Class","value":"com.wix.detox.espresso.EspressoDetox"},"method":"perform","args":[{"type":"Invocation","value":{"target":{"type":"Class","value":"androidx.test.espresso.Espresso"},"method":"onView","args":[{"type":"Invocation","value":{"target":{"type":"Class","value":"com.wix.detox.espresso.DetoxMatcher"},"method":"matcherForText","args":["IS CARD VALID"]}}]}},{"type":"Invocation","value":{"target":{"type":"Class","value":"com.wix.detox.espresso.DetoxViewActions"},"method":"click","args":[]}}]})
03-22 17:25:43.560 10374 10437 I DetoxDispatcher: Handling action 'invoke' (ID #5)...
03-22 17:25:43.562 10374 10437 D Detox   : class com.wix.detox.espresso.DetoxMatcher, matcherForText, [IS CARD VALID]
03-22 17:25:43.565 10374 10437 D Detox   : class androidx.test.espresso.Espresso, onView, [(an instance of android.widget.TextView and view.getText() with or without transformation to match: is "IS CARD VALID" and view has effective visibility <VISIBLE>)]
03-22 17:25:43.567 10374 10437 D Detox   : class com.wix.detox.espresso.DetoxViewActions, click, []
03-22 17:25:43.567 10374 10437 D Detox   : class com.wix.detox.espresso.EspressoDetox, perform, [androidx.test.espresso.ViewInteraction@54440d1, com.wix.detox.espresso.action.RNClickAction@c757736]
03-22 17:25:43.568 10374 10374 D CompatibilityChangeReporter: Compat change id reported: 163400105; UID 10160; state: DISABLED
03-22 17:25:43.573 10374 10374 I AssistStructure: Flattened final assist data: 3940 bytes, containing 1 windows, 24 views
03-22 17:25:43.598 10374 10374 I Detox   : UIManagerModule is busy
03-22 17:25:43.618 10374 10374 I Detox   : UIManagerModule is busy
03-22 17:25:43.623 10374 10426 D EGL_emulation: app_time_stats: avg=42.79ms min=2.38ms max=411.60ms count=19
03-22 17:25:43.631 10374 10374 I ViewInteraction: Performing 'com.wix.detox.espresso.action.detoxsingletap@eb8370e click' action on view (an instance of android.widget.TextView and view.getText() with or without transformation to match: is "IS CARD VALID" and view has effective visibility <VISIBLE>)
03-22 17:25:43.702 10374 10442 I ReactNativeJS: true
03-22 17:25:44.211 10374 10437 I DetoxWSClient: Sending out action 'invokeResult' (ID #5)
03-22 17:25:44.212 10374 10437 I DetoxDispatcher: Done with action 'invoke'
03-22 17:25:44.219 10374 10439 D DetoxWSClient: Received action 'invoke' (ID #6, params={"target":{"type":"Class","value":"com.wix.detox.espresso.DetoxAssertion"},"method":"assertMatcher","args":[{"type":"Invocation","value":{"target":{"type":"Class","value":"androidx.test.espresso.Espresso"},"method":"onView","args":[{"type":"Invocation","value":{"target":{"type":"Class","value":"com.wix.detox.espresso.DetoxMatcher"},"method":"matcherForText","args":["Card Validity : true"]}}]}},{"type":"Invocation","value":{"target":{"type":"Class","value":"com.wix.detox.espresso.DetoxMatcher"},"method":"matcherForSufficientlyVisible","args":[{"type":"Integer","value":75}]}}]})
03-22 17:25:44.219 10374 10437 I DetoxDispatcher: Handling action 'invoke' (ID #6)...
03-22 17:25:44.220 10374 10437 D Detox   : class com.wix.detox.espresso.DetoxMatcher, matcherForText, [Card Validity : true]
03-22 17:25:44.220 10374 10437 D Detox   : class androidx.test.espresso.Espresso, onView, [(an instance of android.widget.TextView and view.getText() with or without transformation to match: is "Card Validity : true" and view has effective visibility <VISIBLE>)]
03-22 17:25:44.221 10374 10437 D Detox   : class com.wix.detox.espresso.DetoxMatcher, matcherForSufficientlyVisible, [75]
03-22 17:25:44.221 10374 10437 D Detox   : class com.wix.detox.espresso.DetoxAssertion, assertMatcher, [androidx.test.espresso.ViewInteraction@80a6b28, (view has effective visibility <VISIBLE> and view.getGlobalVisibleRect() covers at least <75> percent of the view's area)]
03-22 17:25:44.226 10374 10374 I ViewInteraction: Checking 'MatchesViewAssertion(Detox){viewMatcher=(view has effective visibility <VISIBLE> and view.getGlobalVisibleRect() covers at least <75> percent of the view's area)}' assertion on view (an instance of android.widget.TextView and view.getText() with or without transformation to match: is "Card Validity : true" and view has effective visibility <VISIBLE>)
03-22 17:25:44.232 10374 10437 I DetoxWSClient: Sending out action 'invokeResult' (ID #6)
03-22 17:25:44.233 10374 10437 I DetoxDispatcher: Done with action 'invoke'
03-22 17:25:44.240 10374 10439 D DetoxWSClient: Received action 'invoke' (ID #7, params={"target":{"type":"Class","value":"com.wix.detox.espresso.EspressoDetox"},"method":"perform","args":[{"type":"Invocation","value":{"target":{"type":"Class","value":"androidx.test.espresso.Espresso"},"method":"onView","args":[{"type":"Invocation","value":{"target":{"type":"Class","value":"com.wix.detox.espresso.DetoxMatcher"},"method":"matcherForText","args":["GET CARD NETWORK"]}}]}},{"type":"Invocation","value":{"target":{"type":"Class","value":"com.wix.detox.espresso.DetoxViewActions"},"method":"click","args":[]}}]})
03-22 17:25:44.240 10374 10437 I DetoxDispatcher: Handling action 'invoke' (ID #7)...
03-22 17:25:44.241 10374 10437 D Detox   : class com.wix.detox.espresso.DetoxMatcher, matcherForText, [GET CARD NETWORK]
03-22 17:25:44.241 10374 10437 D Detox   : class androidx.test.espresso.Espresso, onView, [(an instance of android.widget.TextView and view.getText() with or without transformation to match: is "GET CARD NETWORK" and view has effective visibility <VISIBLE>)]
03-22 17:25:44.242 10374 10437 D Detox   : class com.wix.detox.espresso.DetoxViewActions, click, []
03-22 17:25:44.242 10374 10437 D Detox   : class com.wix.detox.espresso.EspressoDetox, perform, [androidx.test.espresso.ViewInteraction@2060041, com.wix.detox.espresso.action.RNClickAction@3e819e6]
03-22 17:25:44.248 10374 10374 I ViewInteraction: Performing 'com.wix.detox.espresso.action.detoxsingletap@f9b4b27 click' action on view (an instance of android.widget.TextView and view.getText() with or without transformation to match: is "GET CARD NETWORK" and view has effective visibility <VISIBLE>)
03-22 17:25:44.302 10374 10442 I ReactNativeJS: visa
03-22 17:25:44.633 10374 10426 D EGL_emulation: app_time_stats: avg=17.94ms min=2.46ms max=90.88ms count=51
03-22 17:25:44.708 10374 10437 I DetoxWSClient: Sending out action 'invokeResult' (ID #7)
03-22 17:25:44.708 10374 10437 I DetoxDispatcher: Done with action 'invoke'
03-22 17:25:44.715 10374 10439 D DetoxWSClient: Received action 'invoke' (ID #8, params={"target":{"type":"Class","value":"com.wix.detox.espresso.DetoxAssertion"},"method":"assertMatcher","args":[{"type":"Invocation","value":{"target":{"type":"Class","value":"androidx.test.espresso.Espresso"},"method":"onView","args":[{"type":"Invocation","value":{"target":{"type":"Class","value":"com.wix.detox.espresso.DetoxMatcher"},"method":"matcherForText","args":["Card Network : visa"]}}]}},{"type":"Invocation","value":{"target":{"type":"Class","value":"com.wix.detox.espresso.DetoxMatcher"},"method":"matcherForSufficientlyVisible","args":[{"type":"Integer","value":75}]}}]})
03-22 17:25:44.717 10374 10437 I DetoxDispatcher: Handling action 'invoke' (ID #8)...
03-22 17:25:44.718 10374 10437 D Detox   : class com.wix.detox.espresso.DetoxMatcher, matcherForText, [Card Network : visa]
03-22 17:25:44.719 10374 10437 D Detox   : class androidx.test.espresso.Espresso, onView, [(an instance of android.widget.TextView and view.getText() with or without transformation to match: is "Card Network : visa" and view has effective visibility <VISIBLE>)]
03-22 17:25:44.719 10374 10437 D Detox   : class com.wix.detox.espresso.DetoxMatcher, matcherForSufficientlyVisible, [75]
03-22 17:25:44.720 10374 10437 D Detox   : class com.wix.detox.espresso.DetoxAssertion, assertMatcher, [androidx.test.espresso.ViewInteraction@3557740, (view has effective visibility <VISIBLE> and view.getGlobalVisibleRect() covers at least <75> percent of the view's area)]
03-22 17:25:44.725 10374 10374 I ViewInteraction: Checking 'MatchesViewAssertion(Detox){viewMatcher=(view has effective visibility <VISIBLE> and view.getGlobalVisibleRect() covers at least <75> percent of the view's area)}' assertion on view (an instance of android.widget.TextView and view.getText() with or without transformation to match: is "Card Network : visa" and view has effective visibility <VISIBLE>)
03-22 17:25:44.727 10374 10437 I DetoxWSClient: Sending out action 'invokeResult' (ID #8)
03-22 17:25:44.729 10374 10437 I DetoxDispatcher: Done with action 'invoke'
