--------- beginning of main
03-22 01:25:42.010 15731 15731 I com.detoxsampl: Late-enabling -Xcheck:jni
03-22 01:25:42.034 15731 15731 I com.detoxsampl: Unquickening 19 vdex files!
--------- beginning of system
03-22 01:25:42.101 15731 15731 W ActivityThread: Package uses different ABI(s) than its instrumentation: package[com.detoxsample]: arm64-v8a, null instrumentation[com.detoxsample.test]: null, null
03-22 01:25:42.102 15731 15731 I Typeface: Current DefaultTypeface ( lgtravel )
03-22 01:25:42.106 15731 15731 I com.detoxsampl: The ClassLoaderContext is a special shared library.
03-22 01:25:42.127 15731 15731 I chatty  : uid=10502(com.detoxsample) identical 2 lines
03-22 01:25:42.129 15731 15731 I com.detoxsampl: The ClassLoaderContext is a special shared library.
03-22 01:25:42.329 15731 15731 D ApplicationLoaders: Returning zygote-cached class loader: /system/framework/android.test.base.jar
03-22 01:25:42.329 15731 15731 D ApplicationLoaders: Returning zygote-cached class loader: /system/framework/android.test.base.jar
03-22 01:25:42.330 15731 15731 I com.detoxsampl: The ClassLoaderContext is a special shared library.
03-22 01:25:42.332 15731 15731 D ApplicationLoaders: Returning zygote-cached class loader: /system/framework/android.test.base.jar
03-22 01:25:42.332 15731 15731 D ApplicationLoaders: Returning zygote-cached class loader: /system/framework/android.test.base.jar
03-22 01:25:42.333 15731 15731 I com.detoxsampl: The ClassLoaderContext is a special shared library.
03-22 01:25:42.337 15731 15731 I chatty  : uid=10502(com.detoxsample) identical 2 lines
03-22 01:25:42.337 15731 15731 I com.detoxsampl: The ClassLoaderContext is a special shared library.
03-22 01:25:42.487 15731 15731 W com.detoxsampl: Accessing hidden method Landroid/app/Instrumentation;->execStartActivity(Landroid/content/Context;Landroid/os/IBinder;Landroid/os/IBinder;Landroid/app/Activity;Landroid/content/Intent;ILandroid/os/Bundle;)Landroid/app/Instrumentation$ActivityResult; (greylist, linking, allowed)
03-22 01:25:42.487 15731 15731 W com.detoxsampl: Accessing hidden method Landroid/app/Instrumentation;->execStartActivity(Landroid/content/Context;Landroid/os/IBinder;Landroid/os/IBinder;Ljava/lang/String;Landroid/content/Intent;ILandroid/os/Bundle;)Landroid/app/Instrumentation$ActivityResult; (greylist, linking, allowed)
03-22 01:25:42.496 15731 15731 D NetworkSecurityConfig: Using Network Security Config from resource network_security_config debugBuild: true
03-22 01:25:42.499 15731 15731 D NetworkSecurityConfig: Using Network Security Config from resource network_security_config debugBuild: true
03-22 01:25:42.501 15731 15731 I MonitoringInstr: Instrumentation started!
03-22 01:25:42.511 15731 15731 V TestEventClient: No service name argument was given (testDiscoveryService, testRunEventService or orchestratorService)
03-22 01:25:42.514 15731 15731 D SoLoader: init start
03-22 01:25:42.515 15731 15731 D SoLoader: adding system library source: /vendor/lib64
03-22 01:25:42.515 15731 15731 D SoLoader: adding system library source: /system/lib64
03-22 01:25:42.515 15731 15731 D SoLoader: adding application source: com.facebook.soloader.DirectorySoSource[root = /data/app/~~eYF0bhW9Z6Oy4Etxo04O4Q==/com.detoxsample-5mvsV5xjkwJOF3rv24vdUA==/lib/arm64 flags = 0]
03-22 01:25:42.517 15731 15731 D SoLoader: adding backup source from : com.facebook.soloader.ApkSoSource[root = /data/data/com.detoxsample/lib-main flags = 1]
03-22 01:25:42.517 15731 15731 D SoLoader: Preparing SO source: com.facebook.soloader.DirectorySoSource[root = /system/lib64 flags = 2]
03-22 01:25:42.517 15731 15731 D SoLoader: Preparing SO source: com.facebook.soloader.DirectorySoSource[root = /vendor/lib64 flags = 2]
03-22 01:25:42.517 15731 15731 D SoLoader: Preparing SO source: com.facebook.soloader.DirectorySoSource[root = /data/app/~~eYF0bhW9Z6Oy4Etxo04O4Q==/com.detoxsample-5mvsV5xjkwJOF3rv24vdUA==/lib/arm64 flags = 0]
03-22 01:25:42.517 15731 15731 D SoLoader: Preparing SO source: com.facebook.soloader.ApkSoSource[root = /data/data/com.detoxsample/lib-main flags = 1]
03-22 01:25:42.518 15731 15731 V fb-UnpackingSoSource: locked dso store /data/user/0/com.detoxsample/lib-main
03-22 01:25:42.521 15731 15731 V fb-UnpackingSoSource: deps mismatch on deps store: regenerating
03-22 01:25:42.521 15731 15731 V fb-UnpackingSoSource: so store dirty: regenerating
03-22 01:25:42.562 15731 15731 D ApkSoSource: not allowing consideration of lib/arm64-v8a/libbetter.so: deferring to libdir
03-22 01:25:42.562 15731 15731 D ApkSoSource: not allowing consideration of lib/arm64-v8a/libc++_shared.so: deferring to libdir
03-22 01:25:42.562 15731 15731 D ApkSoSource: not allowing consideration of lib/arm64-v8a/libevent-2.1.so: deferring to libdir
03-22 01:25:42.562 15731 15731 D ApkSoSource: not allowing consideration of lib/arm64-v8a/libevent_core-2.1.so: deferring to libdir
03-22 01:25:42.562 15731 15731 D ApkSoSource: not allowing consideration of lib/arm64-v8a/libevent_extra-2.1.so: deferring to libdir
03-22 01:25:42.562 15731 15731 D ApkSoSource: not allowing consideration of lib/arm64-v8a/libfabricjni.so: deferring to libdir
03-22 01:25:42.562 15731 15731 D ApkSoSource: not allowing consideration of lib/arm64-v8a/libfb.so: deferring to libdir
03-22 01:25:42.562 15731 15731 D ApkSoSource: not allowing consideration of lib/arm64-v8a/libfbjni.so: deferring to libdir
03-22 01:25:42.562 15731 15731 D ApkSoSource: not allowing consideration of lib/arm64-v8a/libflipper.so: deferring to libdir
03-22 01:25:42.563 15731 15731 D ApkSoSource: not allowing consideration of lib/arm64-v8a/libfolly_futures.so: deferring to libdir
03-22 01:25:42.563 15731 15731 D ApkSoSource: not allowing consideration of lib/arm64-v8a/libfolly_json.so: deferring to libdir
03-22 01:25:42.563 15731 15731 D ApkSoSource: not allowing consideration of lib/arm64-v8a/libglog.so: deferring to libdir
03-22 01:25:42.563 15731 15731 D ApkSoSource: not allowing consideration of lib/arm64-v8a/libglog_init.so: deferring to libdir
03-22 01:25:42.563 15731 15731 D ApkSoSource: not allowing consideration of lib/arm64-v8a/libimagepipeline.so: deferring to libdir
03-22 01:25:42.563 15731 15731 D ApkSoSource: not allowing consideration of lib/arm64-v8a/libjsc.so: deferring to libdir
03-22 01:25:42.563 15731 15731 D ApkSoSource: not allowing consideration of lib/arm64-v8a/libjscexecutor.so: deferring to libdir
03-22 01:25:42.563 15731 15731 D ApkSoSource: not allowing consideration of lib/arm64-v8a/libjsi.so: deferring to libdir
03-22 01:25:42.563 15731 15731 D ApkSoSource: not allowing consideration of lib/arm64-v8a/libjsijniprofiler.so: deferring to libdir
03-22 01:25:42.563 15731 15731 D ApkSoSource: not allowing consideration of lib/arm64-v8a/libjsinspector.so: deferring to libdir
03-22 01:25:42.563 15731 15731 D ApkSoSource: not allowing consideration of lib/arm64-v8a/liblogger.so: deferring to libdir
03-22 01:25:42.563 15731 15731 D ApkSoSource: not allowing consideration of lib/arm64-v8a/libmapbufferjni.so: deferring to libdir
03-22 01:25:42.563 15731 15731 D ApkSoSource: not allowing consideration of lib/arm64-v8a/libnative-filters.so: deferring to libdir
03-22 01:25:42.563 15731 15731 D ApkSoSource: not allowing consideration of lib/arm64-v8a/libnative-imagetranscoder.so: deferring to libdir
03-22 01:25:42.563 15731 15731 D ApkSoSource: not allowing consideration of lib/arm64-v8a/libreact_codegen_rncore.so: deferring to libdir
03-22 01:25:42.563 15731 15731 D ApkSoSource: not allowing consideration of lib/arm64-v8a/libreact_debug.so: deferring to libdir
03-22 01:25:42.563 15731 15731 D ApkSoSource: not allowing consideration of lib/arm64-v8a/libreact_nativemodule_core.so: deferring to libdir
03-22 01:25:42.563 15731 15731 D ApkSoSource: not allowing consideration of lib/arm64-v8a/libreact_render_animations.so: deferring to libdir
03-22 01:25:42.563 15731 15731 D ApkSoSource: not allowing consideration of lib/arm64-v8a/libreact_render_attributedstring.so: deferring to libdir
03-22 01:25:42.563 15731 15731 D ApkSoSource: not allowing consideration of lib/arm64-v8a/libreact_render_componentregistry.so: deferring to libdir
03-22 01:25:42.563 15731 15731 D ApkSoSource: not allowing consideration of lib/arm64-v8a/libreact_render_core.so: deferring to libdir
03-22 01:25:42.563 15731 15731 D ApkSoSource: not allowing consideration of lib/arm64-v8a/libreact_render_debug.so: deferring to libdir
03-22 01:25:42.563 15731 15731 D ApkSoSource: not allowing consideration of lib/arm64-v8a/libreact_render_graphics.so: deferring to libdir
03-22 01:25:42.564 15731 15731 D ApkSoSource: not allowing consideration of lib/arm64-v8a/libreact_render_imagemanager.so: deferring to libdir
03-22 01:25:42.564 15731 15731 D ApkSoSource: not allowing consideration of lib/arm64-v8a/libreact_render_leakchecker.so: deferring to libdir
03-22 01:25:42.564 15731 15731 D ApkSoSource: not allowing consideration of lib/arm64-v8a/libreact_render_mapbuffer.so: deferring to libdir
03-22 01:25:42.564 15731 15731 D ApkSoSource: not allowing consideration of lib/arm64-v8a/libreact_render_mounting.so: deferring to libdir
03-22 01:25:42.564 15731 15731 D ApkSoSource: not allowing consideration of lib/arm64-v8a/libreact_render_runtimescheduler.so: deferring to libdir
03-22 01:25:42.564 15731 15731 D ApkSoSource: not allowing consideration of lib/arm64-v8a/libreact_render_scheduler.so: deferring to libdir
03-22 01:25:42.564 15731 15731 D ApkSoSource: not allowing consideration of lib/arm64-v8a/libreact_render_telemetry.so: deferring to libdir
03-22 01:25:42.564 15731 15731 D ApkSoSource: not allowing consideration of lib/arm64-v8a/libreact_render_templateprocessor.so: deferring to libdir
03-22 01:25:42.564 15731 15731 D ApkSoSource: not allowing consideration of lib/arm64-v8a/libreact_render_textlayoutmanager.so: deferring to libdir
03-22 01:25:42.564 15731 15731 D ApkSoSource: not allowing consideration of lib/arm64-v8a/libreact_render_uimanager.so: deferring to libdir
03-22 01:25:42.564 15731 15731 D ApkSoSource: not allowing consideration of lib/arm64-v8a/libreact_utils.so: deferring to libdir
03-22 01:25:42.564 15731 15731 D ApkSoSource: not allowing consideration of lib/arm64-v8a/libreactconfig.so: deferring to libdir
03-22 01:25:42.564 15731 15731 D ApkSoSource: not allowing consideration of lib/arm64-v8a/libreactnativeblob.so: deferring to libdir
03-22 01:25:42.564 15731 15731 D ApkSoSource: not allowing consideration of lib/arm64-v8a/libreactnativejni.so: deferring to libdir
03-22 01:25:42.564 15731 15731 D ApkSoSource: not allowing consideration of lib/arm64-v8a/libreactnativeutilsjni.so: deferring to libdir
03-22 01:25:42.564 15731 15731 D ApkSoSource: not allowing consideration of lib/arm64-v8a/libreactperfloggerjni.so: deferring to libdir
03-22 01:25:42.564 15731 15731 D ApkSoSource: not allowing consideration of lib/arm64-v8a/librrc_image.so: deferring to libdir
03-22 01:25:42.564 15731 15731 D ApkSoSource: not allowing consideration of lib/arm64-v8a/librrc_modal.so: deferring to libdir
03-22 01:25:42.564 15731 15731 D ApkSoSource: not allowing consideration of lib/arm64-v8a/librrc_progressbar.so: deferring to libdir
03-22 01:25:42.565 15731 15731 D ApkSoSource: not allowing consideration of lib/arm64-v8a/librrc_root.so: deferring to libdir
03-22 01:25:42.565 15731 15731 D ApkSoSource: not allowing consideration of lib/arm64-v8a/librrc_scrollview.so: deferring to libdir
03-22 01:25:42.565 15731 15731 D ApkSoSource: not allowing consideration of lib/arm64-v8a/librrc_slider.so: deferring to libdir
03-22 01:25:42.565 15731 15731 D ApkSoSource: not allowing consideration of lib/arm64-v8a/librrc_switch.so: deferring to libdir
03-22 01:25:42.565 15731 15731 D ApkSoSource: not allowing consideration of lib/arm64-v8a/librrc_text.so: deferring to libdir
03-22 01:25:42.565 15731 15731 D ApkSoSource: not allowing consideration of lib/arm64-v8a/librrc_textinput.so: deferring to libdir
03-22 01:25:42.565 15731 15731 D ApkSoSource: not allowing consideration of lib/arm64-v8a/librrc_unimplementedview.so: deferring to libdir
03-22 01:25:42.565 15731 15731 D ApkSoSource: not allowing consideration of lib/arm64-v8a/librrc_view.so: deferring to libdir
03-22 01:25:42.565 15731 15731 D ApkSoSource: not allowing consideration of lib/arm64-v8a/libturbomodulejsijni.so: deferring to libdir
03-22 01:25:42.565 15731 15731 D ApkSoSource: not allowing consideration of lib/arm64-v8a/libyoga.so: deferring to libdir
03-22 01:25:42.565 15731 15731 V fb-UnpackingSoSource: regenerating DSO store com.facebook.soloader.ApkSoSource
03-22 01:25:42.566 15731 15731 V fb-UnpackingSoSource: Finished regenerating DSO store com.facebook.soloader.ApkSoSource
03-22 01:25:42.566 15731 15731 V fb-UnpackingSoSource: starting syncer worker
03-22 01:25:42.572 15731 15731 V fb-UnpackingSoSource: releasing dso store lock for /data/user/0/com.detoxsample/lib-main (from syncer thread)
03-22 01:25:42.572 15731 15731 V fb-UnpackingSoSource: not releasing dso store lock for /data/user/0/com.detoxsample/lib-main (syncer thread started)
03-22 01:25:42.572 15731 15731 D SoLoader: init finish: 4 SO sources prepared
03-22 01:25:42.572 15731 15731 D SoLoader: init exiting
03-22 01:25:42.583 15731 15731 D SoLoader: init exiting
03-22 01:25:42.583 15731 15731 D SoLoader: About to load: libjscexecutor.so
03-22 01:25:42.583 15731 15731 D SoLoader: libjscexecutor.so not found on /data/data/com.detoxsample/lib-main
03-22 01:25:42.583 15731 15731 D SoLoader: libjscexecutor.so found on /data/app/~~eYF0bhW9Z6Oy4Etxo04O4Q==/com.detoxsample-5mvsV5xjkwJOF3rv24vdUA==/lib/arm64
03-22 01:25:42.583 15731 15731 D SoLoader: Not resolving dependencies for libjscexecutor.so
03-22 01:25:42.589 15731 15731 D JavaScriptCore.Version: 250230.2.1
03-22 01:25:42.590 15731 15731 D SoLoader: Loaded: libjscexecutor.so
03-22 01:25:42.591 15731 15731 D SoLoader: init exiting
03-22 01:25:42.670 15731 15731 I SensorManager: registerListenerImpl() [Sensor: LGE Accelerometer Non-wakeup, Rate: 66667, SensorEventListener: com.facebook.react.common.ShakeDetector@717fc72] by com.facebook.react.common.ShakeDetector.start():60
03-22 01:25:42.689 15731 15778 D SoLoader: About to load: libfbjni.so
03-22 01:25:42.690 15731 15778 D SoLoader: libfbjni.so not found on /data/data/com.detoxsample/lib-main
03-22 01:25:42.690 15731 15778 D SoLoader: libfbjni.so found on /data/app/~~eYF0bhW9Z6Oy4Etxo04O4Q==/com.detoxsample-5mvsV5xjkwJOF3rv24vdUA==/lib/arm64
03-22 01:25:42.690 15731 15778 D SoLoader: Not resolving dependencies for libfbjni.so
03-22 01:25:42.691 15731 15778 D SoLoader: Loaded: libfbjni.so
03-22 01:25:42.692 15731 15778 D SoLoader: About to load: libflipper.so
03-22 01:25:42.692 15731 15778 D SoLoader: libflipper.so not found on /data/data/com.detoxsample/lib-main
03-22 01:25:42.692 15731 15778 D SoLoader: libflipper.so found on /data/app/~~eYF0bhW9Z6Oy4Etxo04O4Q==/com.detoxsample-5mvsV5xjkwJOF3rv24vdUA==/lib/arm64
03-22 01:25:42.692 15731 15778 D SoLoader: Not resolving dependencies for libflipper.so
03-22 01:25:42.706 15731 15778 D SoLoader: Loaded: libflipper.so
03-22 01:25:42.732 15731 15731 W com.detoxsampl: Accessing hidden field Landroid/view/View;->mKeyedTags:Landroid/util/SparseArray; (greylist, reflection, allowed)
03-22 01:25:42.732 15731 15731 W com.detoxsampl: Accessing hidden field Landroid/view/View;->mListenerInfo:Landroid/view/View$ListenerInfo; (greylist, reflection, allowed)
03-22 01:25:42.732 15731 15731 W com.detoxsampl: Accessing hidden field Landroid/view/View$ListenerInfo;->mOnClickListener:Landroid/view/View$OnClickListener; (greylist, reflection, allowed)
03-22 01:25:42.737 15731 15731 I flipper : flipper: FlipperClient::addPlugin Inspector
03-22 01:25:42.737 15731 15731 I flipper : flipper: FlipperClient::addPlugin React
03-22 01:25:42.739 15731 15731 I flipper : flipper: FlipperClient::addPlugin Databases
03-22 01:25:42.741 15731 15731 I flipper : flipper: FlipperClient::addPlugin Preferences
03-22 01:25:42.741 15731 15731 I flipper : flipper: FlipperClient::addPlugin CrashReporter
03-22 01:25:42.743 15731 15731 I flipper : flipper: FlipperClient::addPlugin Network
03-22 01:25:42.776 15731 15769 I UsageTrackerFacilitator: Usage tracking enabled
03-22 01:25:42.783 15731 15769 I TestRequestBuilder: Scanning classpath to find tests in paths [/data/app/~~1FqKYsc-XpXdp46R_DjOdw==/com.detoxsample.test-ccxjfNFJScx6S2t2JcwGIQ==/base.apk]
03-22 01:25:42.785 15731 15769 W com.detoxsampl: Opening an oat file without a class loader. Are you using the deprecated DexFile APIs?
03-22 01:25:43.432 15731 15769 D TestExecutor: Adding listener androidx.test.internal.runner.listener.LogRunListener
03-22 01:25:43.432 15731 15769 D TestExecutor: Adding listener androidx.test.internal.runner.listener.InstrumentationResultPrinter
03-22 01:25:43.432 15731 15769 D TestExecutor: Adding listener androidx.test.internal.runner.listener.ActivityFinisherRunListener
03-22 01:25:43.433 15731 15769 I TestRunner: run started: 1 tests
03-22 01:25:43.436 15731 15769 I TestRunner: started: runDetoxTests(com.detoxsample.DetoxTest)
03-22 01:25:43.451 15731 15769 D EventInjectionStrategy: Creating injection strategy with input manager.
03-22 01:25:43.463 15731 15769 W com.detoxsampl: Accessing hidden method Landroid/hardware/input/InputManager;->getInstance()Landroid/hardware/input/InputManager; (greylist, reflection, allowed)
03-22 01:25:43.463 15731 15769 W com.detoxsampl: Accessing hidden method Landroid/hardware/input/InputManager;->injectInputEvent(Landroid/view/InputEvent;I)Z (greylist, reflection, allowed)
03-22 01:25:43.463 15731 15769 W com.detoxsampl: Accessing hidden field Landroid/hardware/input/InputManager;->INJECT_INPUT_EVENT_MODE_WAIT_FOR_FINISH:I (greylist, reflection, allowed)
03-22 01:25:43.477 15731 15769 W com.detoxsampl: Accessing hidden field Ljava/lang/reflect/Field;->accessFlags:I (greylist, reflection, allowed)
03-22 01:25:43.624 15731 15731 D LifecycleMonitor: Lifecycle status change: com.detoxsample.MainActivity@31e087e in: PRE_ON_CREATE
03-22 01:25:43.696 15731 15731 W com.detoxsampl: Accessing hidden method Landroid/view/View;->computeFitSystemWindows(Landroid/graphics/Rect;Landroid/graphics/Rect;)Z (greylist, reflection, allowed)
03-22 01:25:43.697 15731 15731 W com.detoxsampl: Accessing hidden method Landroid/view/ViewGroup;->makeOptionalFitsSystemWindows()V (greylist, reflection, allowed)
03-22 01:25:43.709 15731 15731 D LifecycleMonitor: Lifecycle status change: com.detoxsample.MainActivity@31e087e in: CREATED
03-22 01:25:43.711 15731 15731 D LifecycleMonitor: Lifecycle status change: com.detoxsample.MainActivity@31e087e in: STARTED
03-22 01:25:43.719 15731 15731 D LifecycleMonitor: Lifecycle status change: com.detoxsample.MainActivity@31e087e in: RESUMED
03-22 01:25:43.741 15731 15731 I TouchFilterInputStageHelper: [needTouchEventFilter] Displayid : 0
03-22 01:25:43.743 15731 15731 D HandGripFilter: getdisplaysize, x : 1080 y : 2340
03-22 01:25:43.749 15731 15731 W unknown:ReactNative: Packager connection already open, nooping.
03-22 01:25:43.771 15731 15800 I AdrenoGLES-0: QUALCOMM build                   : 59e4ca3, Ic42881d075
03-22 01:25:43.771 15731 15800 I AdrenoGLES-0: Build Date                       : 01/07/21
03-22 01:25:43.771 15731 15800 I AdrenoGLES-0: OpenGL ES Shader Compiler Version: EV031.32.02.06
03-22 01:25:43.771 15731 15800 I AdrenoGLES-0: Local Branch                     : mybrancheb50fcd0-9e7c-f130-bc5f-5cb90179c3d8
03-22 01:25:43.771 15731 15800 I AdrenoGLES-0: Remote Branch                    : quic/gfx-adreno.lnx.1.0.r99-rel
03-22 01:25:43.771 15731 15800 I AdrenoGLES-0: Remote Branch                    : NONE
03-22 01:25:43.771 15731 15800 I AdrenoGLES-0: Reconstruct Branch               : NOTHING
03-22 01:25:43.771 15731 15800 I AdrenoGLES-0: Build Config                     : S P 10.0.7 AArch64
03-22 01:25:43.771 15731 15800 I AdrenoGLES-0: Driver Path                      : /vendor/lib64/egl/libGLESv2_adreno.so
03-22 01:25:43.778 15731 15800 I AdrenoGLES-0: PFP: 0x016ee190, ME: 0x00000000
03-22 01:25:43.791 15731 15787 D SoLoader: About to load: libreactnativejni.so
03-22 01:25:43.793 15731 15787 D SoLoader: libreactnativejni.so not found on /data/data/com.detoxsample/lib-main
03-22 01:25:43.794 15731 15787 D SoLoader: libreactnativejni.so found on /data/app/~~eYF0bhW9Z6Oy4Etxo04O4Q==/com.detoxsample-5mvsV5xjkwJOF3rv24vdUA==/lib/arm64
03-22 01:25:43.794 15731 15787 D SoLoader: Not resolving dependencies for libreactnativejni.so
03-22 01:25:43.797 15731 15787 D SoLoader: Loaded: libreactnativejni.so
03-22 01:25:44.014 15731 15731 I TouchFilterInputStageHelper: [needTouchEventFilter] Displayid : 0
03-22 01:25:44.015 15731 15731 D HandGripFilter: getdisplaysize, x : 1080 y : 2340
03-22 01:25:44.086 15731 15731 I Timeline: Timeline: Activity_idle id: ActivityRecord{ed0e190 token=android.os.BinderProxy@1fc8ce7 {com.detoxsample/com.detoxsample.MainActivity}} time:380696315
03-22 01:25:44.103 15731 15769 I Detox   : Detox server connection details: url=ws://localhost:61992, sessionId=4f2cecbb-5ecb-4e39-f3a4-d67dd883d08e
03-22 01:25:44.129 15731 15839 W unknown:ReactContext: initializeMessageQueueThreads() is called.
03-22 01:25:44.131 15731 15843 I DetoxDispatcher: Handling action '_init' (ID #0)...
03-22 01:25:44.131 15731 15843 I Detox   : Connecting to server...
03-22 01:25:44.131 15731 15843 I DetoxWSClient: At connectToServer
03-22 01:25:44.136 15731 15731 W unknown:ReactNative: Packager connection already open, nooping.
03-22 01:25:44.152 15731 15731 D DetoxRNLoading: Got new RN-context directly and immediately
03-22 01:25:44.154 15731 15843 I DetoxRNIdleRes: Setting up Espresso Idling Resources for React Native
03-22 01:25:44.176 15731 15847 D DetoxWSClient: At onOpen
03-22 01:25:44.176 15731 15847 I DetoxWSClient: Sending out action 'login' (ID #0)
03-22 01:25:44.177 15731 15847 I Detox   : Connected to server!
03-22 01:25:44.183 15731 15847 D DetoxWSClient: Received action 'loginSuccess' (ID #0, params={"testerConnected":true,"appConnected":true})
03-22 01:25:44.198 15731 15843 D AsyncStorageIR: Checking whether a custom IR for Async-Storage is required... (legacy=false)
03-22 01:25:44.199 15731 15843 D DetoxRNHelpers: Native RN module resolution (class com.reactnativecommunity.asyncstorage.AsyncStorageModule): no such class
03-22 01:25:44.199 15731 15843 D AsyncStorageIR: Checking whether a custom IR for Async-Storage is required... (legacy=true)
03-22 01:25:44.200 15731 15843 D AsyncStorageIR: IR for Async-Storage is required! (legacy=true)
03-22 01:25:44.221 15731 15847 D DetoxWSClient: Received action 'isReady' (ID #-1000, params={})
03-22 01:25:44.238 15731 15842 W unknown:ViewManagerPropertyUpdater: Could not find generated setter for class com.facebook.react.views.drawer.ReactDrawerLayoutManager
03-22 01:25:44.245 15731 15842 W unknown:ViewManagerPropertyUpdater: Could not find generated setter for class com.facebook.react.uimanager.LayoutShadowNode
03-22 01:25:44.248 15731 15842 W unknown:ViewManagerPropertyUpdater: Could not find generated setter for class com.facebook.react.views.scroll.ReactHorizontalScrollViewManager
03-22 01:25:44.250 15731 15842 W unknown:ViewManagerPropertyUpdater: Could not find generated setter for class com.facebook.react.views.scroll.ReactHorizontalScrollContainerViewManager
03-22 01:25:44.251 15731 15842 W unknown:ViewManagerPropertyUpdater: Could not find generated setter for class com.facebook.react.views.progressbar.ReactProgressBarViewManager
03-22 01:25:44.253 15731 15842 W unknown:ViewManagerPropertyUpdater: Could not find generated setter for class com.facebook.react.views.progressbar.ProgressBarShadowNode
03-22 01:25:44.254 15731 15842 W unknown:ViewManagerPropertyUpdater: Could not find generated setter for class com.facebook.react.views.scroll.ReactScrollViewManager
03-22 01:25:44.256 15731 15842 W unknown:ViewManagerPropertyUpdater: Could not find generated setter for class com.facebook.react.views.slider.ReactSliderManager
03-22 01:25:44.257 15731 15842 W unknown:ViewManagerPropertyUpdater: Could not find generated setter for class com.facebook.react.views.slider.ReactSliderManager$ReactSliderShadowNode
03-22 01:25:44.258 15731 15842 W unknown:ViewManagerPropertyUpdater: Could not find generated setter for class com.facebook.react.views.switchview.ReactSwitchManager
03-22 01:25:44.259 15731 15842 W unknown:ViewManagerPropertyUpdater: Could not find generated setter for class com.facebook.react.views.switchview.ReactSwitchManager$ReactSwitchShadowNode
03-22 01:25:44.260 15731 15842 W unknown:ViewManagerPropertyUpdater: Could not find generated setter for class com.facebook.react.views.swiperefresh.SwipeRefreshLayoutManager
03-22 01:25:44.261 15731 15842 W unknown:ViewManagerPropertyUpdater: Could not find generated setter for class com.facebook.react.views.text.frescosupport.FrescoBasedReactTextInlineImageViewManager
03-22 01:25:44.261 15731 15842 W unknown:ViewManagerPropertyUpdater: Could not find generated setter for class com.facebook.react.views.text.frescosupport.FrescoBasedReactTextInlineImageShadowNode
03-22 01:25:44.263 15731 15842 W unknown:ViewManagerPropertyUpdater: Could not find generated setter for class com.facebook.react.views.image.ReactImageManager
03-22 01:25:44.264 15731 15842 W unknown:ViewManagerPropertyUpdater: Could not find generated setter for class com.facebook.react.views.modal.ReactModalHostManager
03-22 01:25:44.265 15731 15842 W unknown:ViewManagerPropertyUpdater: Could not find generated setter for class com.facebook.react.views.modal.ModalHostShadowNode
03-22 01:25:44.266 15731 15842 W unknown:ViewManagerPropertyUpdater: Could not find generated setter for class com.facebook.react.views.text.ReactRawTextManager
03-22 01:25:44.266 15731 15842 W unknown:ViewManagerPropertyUpdater: Could not find generated setter for class com.facebook.react.views.text.ReactRawTextShadowNode
03-22 01:25:44.267 15731 15842 W unknown:ViewManagerPropertyUpdater: Could not find generated setter for class com.facebook.react.views.textinput.ReactTextInputManager
03-22 01:25:44.269 15731 15842 W unknown:ViewManagerPropertyUpdater: Could not find generated setter for class com.facebook.react.views.textinput.ReactTextInputShadowNode
03-22 01:25:44.272 15731 15842 W unknown:ViewManagerPropertyUpdater: Could not find generated setter for class com.facebook.react.views.text.ReactTextViewManager
03-22 01:25:44.279 15731 15842 W unknown:ViewManagerPropertyUpdater: Could not find generated setter for class com.facebook.react.views.text.ReactTextShadowNode
03-22 01:25:44.280 15731 15842 W unknown:ViewManagerPropertyUpdater: Could not find generated setter for class com.facebook.react.views.view.ReactViewManager
03-22 01:25:44.284 15731 15842 W unknown:ViewManagerPropertyUpdater: Could not find generated setter for class com.facebook.react.views.text.ReactVirtualTextViewManager
03-22 01:25:44.284 15731 15842 W unknown:ViewManagerPropertyUpdater: Could not find generated setter for class com.facebook.react.views.text.ReactVirtualTextShadowNode
03-22 01:25:44.286 15731 15842 W unknown:ViewManagerPropertyUpdater: Could not find generated setter for class com.facebook.react.views.unimplementedview.ReactUnimplementedViewManager
03-22 01:25:44.299 15731 15842 W unknown:ReactContext: initializeMessageQueueThreads() is called.
03-22 01:25:44.302 15731 15731 D AsyncStorageIRLegacy: Async-storage is busy!
03-22 01:25:44.307 15731 15843 I DetoxDispatcher: Done with action '_init'
03-22 01:25:44.307 15731 15843 I DetoxDispatcher: Handling action 'isReady' (ID #-1000)...
03-22 01:25:44.310 15731 15731 W com.detoxsampl: Accessing hidden method Landroid/os/MessageQueue;->next()Landroid/os/Message; (greylist, reflection, allowed)
03-22 01:25:44.310 15731 15731 W com.detoxsampl: Accessing hidden field Landroid/os/MessageQueue;->mMessages:Landroid/os/Message; (greylist, reflection, allowed)
03-22 01:25:44.311 15731 15731 W com.detoxsampl: Accessing hidden method Landroid/os/Message;->recycleUnchecked()V (greylist, reflection, allowed)
03-22 01:25:44.312 15731 15842 D SoLoader: About to load: libyoga.so
03-22 01:25:44.312 15731 15842 D SoLoader: libyoga.so not found on /data/data/com.detoxsample/lib-main
03-22 01:25:44.312 15731 15842 D SoLoader: libyoga.so found on /data/app/~~eYF0bhW9Z6Oy4Etxo04O4Q==/com.detoxsample-5mvsV5xjkwJOF3rv24vdUA==/lib/arm64
03-22 01:25:44.312 15731 15842 D SoLoader: Not resolving dependencies for libyoga.so
03-22 01:25:44.313 15731 15842 D SoLoader: Loaded: libyoga.so
03-22 01:25:44.364 15731 15842 I flipper : flipper: FlipperClient::addPlugin Fresco
03-22 01:25:44.383 15731 15840 D SoLoader: About to load: libreactnativeblob.so
03-22 01:25:44.383 15731 15840 D SoLoader: libreactnativeblob.so not found on /data/data/com.detoxsample/lib-main
03-22 01:25:44.383 15731 15840 D SoLoader: libreactnativeblob.so found on /data/app/~~eYF0bhW9Z6Oy4Etxo04O4Q==/com.detoxsample-5mvsV5xjkwJOF3rv24vdUA==/lib/arm64
03-22 01:25:44.383 15731 15840 D SoLoader: Not resolving dependencies for libreactnativeblob.so
03-22 01:25:44.384 15731 15840 D SoLoader: Loaded: libreactnativeblob.so
03-22 01:25:44.477 15731 15842 I WebViewFactory: Loading com.google.android.webview version 99.0.4844.58 (code 484405833)
03-22 01:25:44.574 15731 15840 I ReactNativeJS: Running "DetoxSample" with {"rootTag":1}
03-22 01:25:44.584 15731 15842 W com.detoxsampl: Accessing hidden method Landroid/os/Trace;->isTagEnabled(J)Z (greylist, reflection, allowed)
03-22 01:25:44.584 15731 15842 W com.detoxsampl: Accessing hidden method Landroid/os/Trace;->traceBegin(JLjava/lang/String;)V (greylist, reflection, allowed)
03-22 01:25:44.584 15731 15842 W com.detoxsampl: Accessing hidden method Landroid/os/Trace;->traceEnd(J)V (greylist, reflection, allowed)
03-22 01:25:44.584 15731 15842 W com.detoxsampl: Accessing hidden method Landroid/os/Trace;->asyncTraceBegin(JLjava/lang/String;I)V (greylist, reflection, allowed)
03-22 01:25:44.584 15731 15842 W com.detoxsampl: Accessing hidden method Landroid/os/Trace;->asyncTraceEnd(JLjava/lang/String;I)V (greylist, reflection, allowed)
03-22 01:25:44.608 15731 15842 I cr_WVCFactoryProvider: Loaded version=99.0.4844.58 minSdkVersion=29 isBundle=true multiprocess=true packageId=3
03-22 01:25:44.711 15731 15842 I cr_LibraryLoader: Successfully loaded native library
03-22 01:25:44.716 15731 15842 I cr_CachingUmaRecorder: Flushed 8 samples from 8 histograms.
03-22 01:25:44.954 15731 15731 W com.detoxsampl: Accessing hidden field Landroid/widget/ScrollView;->mScroller:Landroid/widget/OverScroller; (greylist, reflection, allowed)
03-22 01:25:45.024 15731 15731 I Detox   : Wait is over: app is now idle!
03-22 01:25:45.025 15731 15843 I DetoxWSClient: Sending out action 'ready' (ID #-1000)
03-22 01:25:45.025 15731 15843 I DetoxDispatcher: Done with action 'isReady'
03-22 01:25:45.025 15731 15843 I DetoxDispatcher: Handling action 'loginSuccess' (ID #0)...
03-22 01:25:45.025 15731 15843 I DetoxDispatcher: Done with action 'loginSuccess'
03-22 01:25:45.025 15731 15843 I DetoxDispatcher: Handling action 'isReady' (ID #-1000)...
03-22 01:25:45.029 15731 15731 I Detox   : Wait is over: app is now idle!
03-22 01:25:45.029 15731 15843 I DetoxWSClient: Sending out action 'ready' (ID #-1000)
03-22 01:25:45.029 15731 15843 I DetoxDispatcher: Done with action 'isReady'
03-22 01:25:45.052 15731 15975 D SoLoader: About to load: libimagepipeline.so
03-22 01:25:45.053 15731 15975 D SoLoader: libimagepipeline.so not found on /data/data/com.detoxsample/lib-main
03-22 01:25:45.053 15731 15975 D SoLoader: libimagepipeline.so found on /data/app/~~eYF0bhW9Z6Oy4Etxo04O4Q==/com.detoxsample-5mvsV5xjkwJOF3rv24vdUA==/lib/arm64
03-22 01:25:45.053 15731 15975 D SoLoader: Not resolving dependencies for libimagepipeline.so
03-22 01:25:45.056 15731 15975 D SoLoader: Loaded: libimagepipeline.so
