--------- beginning of main
03-22 17:26:51.025 10844 10844 D CompatibilityChangeReporter: Compat change id reported: 171228096; UID 10162; state: ENABLED
03-22 17:26:51.026 10844 10844 W com.detoxsampl: Accessing hidden field Landroid/widget/ScrollView;->mScroller:Landroid/widget/OverScroller; (unsupported, reflection, allowed)
03-22 17:26:51.049 10844 10844 I Detox   : Wait is over: app is now idle!
03-22 17:26:51.049 10844 10909 I DetoxWSClient: Sending out action 'ready' (ID #-1000)
03-22 17:26:51.051 10844 10909 I DetoxDispatcher: Done with action 'isReady'
03-22 17:26:51.051 10844 10909 I DetoxDispatcher: Handling action 'loginSuccess' (ID #0)...
03-22 17:26:51.051 10844 10909 I DetoxDispatcher: Done with action 'loginSuccess'
03-22 17:26:51.051 10844 10909 I DetoxDispatcher: Handling action 'isReady' (ID #-1000)...
03-22 17:26:51.058 10844 10844 I Detox   : Wait is over: app is now idle!
03-22 17:26:51.058 10844 10909 I DetoxWSClient: Sending out action 'ready' (ID #-1000)
03-22 17:26:51.059 10844 10909 I DetoxDispatcher: Done with action 'isReady'
03-22 17:26:51.117 10844 10911 D DetoxWSClient: Received action 'invoke' (ID #1, params={"target":{"type":"Class","value":"com.wix.detox.espresso.EspressoDetox"},"method":"perform","args":[{"type":"Invocation","value":{"target":{"type":"Class","value":"androidx.test.espresso.Espresso"},"method":"onView","args":[{"type":"Invocation","value":{"target":{"type":"Class","value":"com.wix.detox.espresso.DetoxMatcher"},"method":"matcherForTestId","args":["initRazorpay"]}}]}},{"type":"Invocation","value":{"target":{"type":"Class","value":"com.wix.detox.espresso.DetoxViewActions"},"method":"click","args":[]}}]})
03-22 17:26:51.117 10844 10909 I DetoxDispatcher: Handling action 'invoke' (ID #1)...
03-22 17:26:51.140 10844 10909 D Detox   : class com.wix.detox.espresso.DetoxMatcher, matcherForTestId, [initRazorpay]
03-22 17:26:51.174 10844 10909 D Detox   : class androidx.test.espresso.Espresso, onView, [(view.getTag() is "initRazorpay" and view has effective visibility <VISIBLE>)]
03-22 17:26:51.175 10844 10909 D Detox   : class com.wix.detox.espresso.DetoxViewActions, click, []
03-22 17:26:51.180 10844 10909 W com.detoxsampl: Accessing hidden method Landroid/view/ViewConfiguration;->getDoubleTapMinTime()I (unsupported, reflection, allowed)
03-22 17:26:51.192 10844 10909 D Detox   : class com.wix.detox.espresso.EspressoDetox, perform, [androidx.test.espresso.ViewInteraction@77f187d, com.wix.detox.espresso.action.RNClickAction@841b372]
03-22 17:26:51.215 10844 10844 W com.detoxsampl: Accessing hidden method Landroid/view/WindowManagerGlobal;->getInstance()Landroid/view/WindowManagerGlobal; (unsupported, reflection, allowed)
03-22 17:26:51.215 10844 10844 W com.detoxsampl: Accessing hidden field Landroid/view/WindowManagerGlobal;->mViews:Ljava/util/ArrayList; (unsupported, reflection, allowed)
03-22 17:26:51.215 10844 10844 W com.detoxsampl: Accessing hidden field Landroid/view/WindowManagerGlobal;->mParams:Ljava/util/ArrayList; (unsupported, reflection, allowed)
03-22 17:26:51.227 10844 10844 I ViewInteraction: Performing 'com.wix.detox.espresso.action.detoxsingletap@ee54440 click' action on view (view.getTag() is "initRazorpay" and view has effective visibility <VISIBLE>)
03-22 17:26:51.271 10844 10844 I Detox   : UIManagerModule is busy
03-22 17:26:51.288 10844 10898 D EGL_emulation: app_time_stats: avg=237.74ms min=3.86ms max=826.02ms count=5
03-22 17:26:51.289 10844 10914 I ReactNativeJS: clicked
03-22 17:26:51.606 10844 10844 I Detox   : AnimatedModule is busy.
03-22 17:26:51.614 10844 10844 I Detox   : AnimatedModule is busy.
03-22 17:26:51.629 10844 10844 I Detox   : AnimatedModule is busy.
03-22 17:26:51.648 10844 10844 I Detox   : AnimatedModule is busy.
03-22 17:26:51.661 10844 10844 I Detox   : AnimatedModule is busy.
03-22 17:26:51.680 10844 10844 I Detox   : AnimatedModule is busy.
03-22 17:26:51.695 10844 10844 I Detox   : AnimatedModule is busy.
03-22 17:26:51.711 10844 10844 I Detox   : AnimatedModule is busy.
03-22 17:26:51.734 10844 10844 I Detox   : AnimatedModule is busy.
03-22 17:26:51.746 10844 10844 I Detox   : AnimatedModule is busy.
03-22 17:26:51.763 10844 10844 I Detox   : AnimatedModule is busy.
03-22 17:26:51.779 10844 10844 I Detox   : AnimatedModule is busy.
03-22 17:26:51.795 10844 10844 I Detox   : AnimatedModule is busy.
03-22 17:26:52.209 10844 10909 I DetoxWSClient: Sending out action 'invokeResult' (ID #1)
03-22 17:26:52.209 10844 10909 I DetoxDispatcher: Done with action 'invoke'
03-22 17:26:52.217 10844 10911 D DetoxWSClient: Received action 'invoke' (ID #2, params={"target":{"type":"Class","value":"com.wix.detox.espresso.DetoxAssertion"},"method":"assertMatcher","args":[{"type":"Invocation","value":{"target":{"type":"Class","value":"androidx.test.espresso.Espresso"},"method":"onView","args":[{"type":"Invocation","value":{"target":{"type":"Class","value":"com.wix.detox.espresso.DetoxMatcher"},"method":"matcherForText","args":["Razorpay Initialized"]}}]}},{"type":"Invocation","value":{"target":{"type":"Class","value":"com.wix.detox.espresso.DetoxMatcher"},"method":"matcherForSufficientlyVisible","args":[{"type":"Integer","value":75}]}}]})
03-22 17:26:52.218 10844 10909 I DetoxDispatcher: Handling action 'invoke' (ID #2)...
03-22 17:26:52.218 10844 10909 D Detox   : class com.wix.detox.espresso.DetoxMatcher, matcherForText, [Razorpay Initialized]
03-22 17:26:52.220 10844 10909 D Detox   : class androidx.test.espresso.Espresso, onView, [(an instance of android.widget.TextView and view.getText() with or without transformation to match: is "Razorpay Initialized" and view has effective visibility <VISIBLE>)]
03-22 17:26:52.220 10844 10909 D Detox   : class com.wix.detox.espresso.DetoxMatcher, matcherForSufficientlyVisible, [75]
03-22 17:26:52.221 10844 10909 D Detox   : class com.wix.detox.espresso.DetoxAssertion, assertMatcher, [androidx.test.espresso.ViewInteraction@7f526bf, (view has effective visibility <VISIBLE> and view.getGlobalVisibleRect() covers at least <75> percent of the view's area)]
03-22 17:26:52.229 10844 10844 I ViewInteraction: Checking 'MatchesViewAssertion(Detox){viewMatcher=(view has effective visibility <VISIBLE> and view.getGlobalVisibleRect() covers at least <75> percent of the view's area)}' assertion on view (an instance of android.widget.TextView and view.getText() with or without transformation to match: is "Razorpay Initialized" and view has effective visibility <VISIBLE>)
03-22 17:26:52.230 10844 10909 I DetoxWSClient: Sending out action 'invokeResult' (ID #2)
03-22 17:26:52.231 10844 10909 I DetoxDispatcher: Done with action 'invoke'
