--------- beginning of main
03-22 11:05:40.746 19257 19257 I com.detoxsampl: Late-enabling -Xcheck:jni
03-22 11:05:40.767 19257 19257 I com.detoxsampl: Unquickening 19 vdex files!
--------- beginning of system
03-22 11:05:40.860 19257 19257 W ActivityThread: Package uses different ABI(s) than its instrumentation: package[com.detoxsample]: arm64-v8a, null instrumentation[com.detoxsample.test]: null, null
03-22 11:05:40.861 19257 19257 I Typeface: Current DefaultTypeface ( lgtravel )
03-22 11:05:40.865 19257 19257 I com.detoxsampl: The ClassLoaderContext is a special shared library.
03-22 11:05:40.872 19257 19257 I chatty  : uid=10520(com.detoxsample) identical 2 lines
03-22 11:05:40.882 19257 19257 I com.detoxsampl: The ClassLoaderContext is a special shared library.
03-22 11:05:41.169 19257 19257 D ApplicationLoaders: Returning zygote-cached class loader: /system/framework/android.test.base.jar
03-22 11:05:41.169 19257 19257 D ApplicationLoaders: Returning zygote-cached class loader: /system/framework/android.test.base.jar
03-22 11:05:41.171 19257 19257 I com.detoxsampl: The ClassLoaderContext is a special shared library.
03-22 11:05:41.174 19257 19257 D ApplicationLoaders: Returning zygote-cached class loader: /system/framework/android.test.base.jar
03-22 11:05:41.174 19257 19257 D ApplicationLoaders: Returning zygote-cached class loader: /system/framework/android.test.base.jar
03-22 11:05:41.175 19257 19257 I com.detoxsampl: The ClassLoaderContext is a special shared library.
03-22 11:05:41.180 19257 19257 I com.detoxsampl: The ClassLoaderContext is a special shared library.
03-22 11:05:41.181 19257 19257 I com.detoxsampl: The ClassLoaderContext is a special shared library.
03-22 11:05:41.182 19257 19257 I com.detoxsampl: The ClassLoaderContext is a special shared library.
03-22 11:05:41.443 19257 19257 W com.detoxsampl: Accessing hidden method Landroid/app/Instrumentation;->execStartActivity(Landroid/content/Context;Landroid/os/IBinder;Landroid/os/IBinder;Landroid/app/Activity;Landroid/content/Intent;ILandroid/os/Bundle;)Landroid/app/Instrumentation$ActivityResult; (greylist, linking, allowed)
03-22 11:05:41.443 19257 19257 W com.detoxsampl: Accessing hidden method Landroid/app/Instrumentation;->execStartActivity(Landroid/content/Context;Landroid/os/IBinder;Landroid/os/IBinder;Ljava/lang/String;Landroid/content/Intent;ILandroid/os/Bundle;)Landroid/app/Instrumentation$ActivityResult; (greylist, linking, allowed)
03-22 11:05:41.451 19257 19257 D NetworkSecurityConfig: Using Network Security Config from resource network_security_config debugBuild: true
03-22 11:05:41.453 19257 19257 D NetworkSecurityConfig: Using Network Security Config from resource network_security_config debugBuild: true
03-22 11:05:41.455 19257 19257 I MonitoringInstr: Instrumentation started!
03-22 11:05:41.467 19257 19257 V TestEventClient: No service name argument was given (testDiscoveryService, testRunEventService or orchestratorService)
03-22 11:05:41.473 19257 19257 D SoLoader: init start
03-22 11:05:41.474 19257 19257 D SoLoader: adding system library source: /vendor/lib64
03-22 11:05:41.474 19257 19257 D SoLoader: adding system library source: /system/lib64
03-22 11:05:41.474 19257 19257 D SoLoader: adding application source: com.facebook.soloader.DirectorySoSource[root = /data/app/~~ytNeSeEpBWvp88jIxoe8cw==/com.detoxsample-Eh_ky3ESrICk_3FpNrAMhw==/lib/arm64 flags = 0]
03-22 11:05:41.476 19257 19257 D SoLoader: adding backup source from : com.facebook.soloader.ApkSoSource[root = /data/data/com.detoxsample/lib-main flags = 1]
03-22 11:05:41.476 19257 19257 D SoLoader: Preparing SO source: com.facebook.soloader.DirectorySoSource[root = /system/lib64 flags = 2]
03-22 11:05:41.476 19257 19257 D SoLoader: Preparing SO source: com.facebook.soloader.DirectorySoSource[root = /vendor/lib64 flags = 2]
03-22 11:05:41.477 19257 19257 D SoLoader: Preparing SO source: com.facebook.soloader.DirectorySoSource[root = /data/app/~~ytNeSeEpBWvp88jIxoe8cw==/com.detoxsample-Eh_ky3ESrICk_3FpNrAMhw==/lib/arm64 flags = 0]
03-22 11:05:41.477 19257 19257 D SoLoader: Preparing SO source: com.facebook.soloader.ApkSoSource[root = /data/data/com.detoxsample/lib-main flags = 1]
03-22 11:05:41.478 19257 19257 V fb-UnpackingSoSource: locked dso store /data/user/0/com.detoxsample/lib-main
03-22 11:05:41.480 19257 19257 V fb-UnpackingSoSource: deps mismatch on deps store: regenerating
03-22 11:05:41.480 19257 19257 V fb-UnpackingSoSource: so store dirty: regenerating
03-22 11:05:41.538 19257 19257 D ApkSoSource: not allowing consideration of lib/arm64-v8a/libbetter.so: deferring to libdir
03-22 11:05:41.538 19257 19257 D ApkSoSource: not allowing consideration of lib/arm64-v8a/libc++_shared.so: deferring to libdir
03-22 11:05:41.538 19257 19257 D ApkSoSource: not allowing consideration of lib/arm64-v8a/libevent-2.1.so: deferring to libdir
03-22 11:05:41.538 19257 19257 D ApkSoSource: not allowing consideration of lib/arm64-v8a/libevent_core-2.1.so: deferring to libdir
03-22 11:05:41.538 19257 19257 D ApkSoSource: not allowing consideration of lib/arm64-v8a/libevent_extra-2.1.so: deferring to libdir
03-22 11:05:41.538 19257 19257 D ApkSoSource: not allowing consideration of lib/arm64-v8a/libfabricjni.so: deferring to libdir
03-22 11:05:41.538 19257 19257 D ApkSoSource: not allowing consideration of lib/arm64-v8a/libfb.so: deferring to libdir
03-22 11:05:41.538 19257 19257 D ApkSoSource: not allowing consideration of lib/arm64-v8a/libfbjni.so: deferring to libdir
03-22 11:05:41.539 19257 19257 D ApkSoSource: not allowing consideration of lib/arm64-v8a/libflipper.so: deferring to libdir
03-22 11:05:41.539 19257 19257 D ApkSoSource: not allowing consideration of lib/arm64-v8a/libfolly_futures.so: deferring to libdir
03-22 11:05:41.539 19257 19257 D ApkSoSource: not allowing consideration of lib/arm64-v8a/libfolly_json.so: deferring to libdir
03-22 11:05:41.539 19257 19257 D ApkSoSource: not allowing consideration of lib/arm64-v8a/libglog.so: deferring to libdir
03-22 11:05:41.539 19257 19257 D ApkSoSource: not allowing consideration of lib/arm64-v8a/libglog_init.so: deferring to libdir
03-22 11:05:41.539 19257 19257 D ApkSoSource: not allowing consideration of lib/arm64-v8a/libimagepipeline.so: deferring to libdir
03-22 11:05:41.539 19257 19257 D ApkSoSource: not allowing consideration of lib/arm64-v8a/libjsc.so: deferring to libdir
03-22 11:05:41.539 19257 19257 D ApkSoSource: not allowing consideration of lib/arm64-v8a/libjscexecutor.so: deferring to libdir
03-22 11:05:41.539 19257 19257 D ApkSoSource: not allowing consideration of lib/arm64-v8a/libjsi.so: deferring to libdir
03-22 11:05:41.539 19257 19257 D ApkSoSource: not allowing consideration of lib/arm64-v8a/libjsijniprofiler.so: deferring to libdir
03-22 11:05:41.539 19257 19257 D ApkSoSource: not allowing consideration of lib/arm64-v8a/libjsinspector.so: deferring to libdir
03-22 11:05:41.539 19257 19257 D ApkSoSource: not allowing consideration of lib/arm64-v8a/liblogger.so: deferring to libdir
03-22 11:05:41.540 19257 19257 D ApkSoSource: not allowing consideration of lib/arm64-v8a/libmapbufferjni.so: deferring to libdir
03-22 11:05:41.540 19257 19257 D ApkSoSource: not allowing consideration of lib/arm64-v8a/libnative-filters.so: deferring to libdir
03-22 11:05:41.540 19257 19257 D ApkSoSource: not allowing consideration of lib/arm64-v8a/libnative-imagetranscoder.so: deferring to libdir
03-22 11:05:41.540 19257 19257 D ApkSoSource: not allowing consideration of lib/arm64-v8a/libreact_codegen_rncore.so: deferring to libdir
03-22 11:05:41.540 19257 19257 D ApkSoSource: not allowing consideration of lib/arm64-v8a/libreact_debug.so: deferring to libdir
03-22 11:05:41.540 19257 19257 D ApkSoSource: not allowing consideration of lib/arm64-v8a/libreact_nativemodule_core.so: deferring to libdir
03-22 11:05:41.540 19257 19257 D ApkSoSource: not allowing consideration of lib/arm64-v8a/libreact_render_animations.so: deferring to libdir
03-22 11:05:41.540 19257 19257 D ApkSoSource: not allowing consideration of lib/arm64-v8a/libreact_render_attributedstring.so: deferring to libdir
03-22 11:05:41.540 19257 19257 D ApkSoSource: not allowing consideration of lib/arm64-v8a/libreact_render_componentregistry.so: deferring to libdir
03-22 11:05:41.540 19257 19257 D ApkSoSource: not allowing consideration of lib/arm64-v8a/libreact_render_core.so: deferring to libdir
03-22 11:05:41.540 19257 19257 D ApkSoSource: not allowing consideration of lib/arm64-v8a/libreact_render_debug.so: deferring to libdir
03-22 11:05:41.541 19257 19257 D ApkSoSource: not allowing consideration of lib/arm64-v8a/libreact_render_graphics.so: deferring to libdir
03-22 11:05:41.541 19257 19257 D ApkSoSource: not allowing consideration of lib/arm64-v8a/libreact_render_imagemanager.so: deferring to libdir
03-22 11:05:41.541 19257 19257 D ApkSoSource: not allowing consideration of lib/arm64-v8a/libreact_render_leakchecker.so: deferring to libdir
03-22 11:05:41.541 19257 19257 D ApkSoSource: not allowing consideration of lib/arm64-v8a/libreact_render_mapbuffer.so: deferring to libdir
03-22 11:05:41.541 19257 19257 D ApkSoSource: not allowing consideration of lib/arm64-v8a/libreact_render_mounting.so: deferring to libdir
03-22 11:05:41.541 19257 19257 D ApkSoSource: not allowing consideration of lib/arm64-v8a/libreact_render_runtimescheduler.so: deferring to libdir
03-22 11:05:41.541 19257 19257 D ApkSoSource: not allowing consideration of lib/arm64-v8a/libreact_render_scheduler.so: deferring to libdir
03-22 11:05:41.541 19257 19257 D ApkSoSource: not allowing consideration of lib/arm64-v8a/libreact_render_telemetry.so: deferring to libdir
03-22 11:05:41.541 19257 19257 D ApkSoSource: not allowing consideration of lib/arm64-v8a/libreact_render_templateprocessor.so: deferring to libdir
03-22 11:05:41.541 19257 19257 D ApkSoSource: not allowing consideration of lib/arm64-v8a/libreact_render_textlayoutmanager.so: deferring to libdir
03-22 11:05:41.541 19257 19257 D ApkSoSource: not allowing consideration of lib/arm64-v8a/libreact_render_uimanager.so: deferring to libdir
03-22 11:05:41.541 19257 19257 D ApkSoSource: not allowing consideration of lib/arm64-v8a/libreact_utils.so: deferring to libdir
03-22 11:05:41.542 19257 19257 D ApkSoSource: not allowing consideration of lib/arm64-v8a/libreactconfig.so: deferring to libdir
03-22 11:05:41.542 19257 19257 D ApkSoSource: not allowing consideration of lib/arm64-v8a/libreactnativeblob.so: deferring to libdir
03-22 11:05:41.542 19257 19257 D ApkSoSource: not allowing consideration of lib/arm64-v8a/libreactnativejni.so: deferring to libdir
03-22 11:05:41.542 19257 19257 D ApkSoSource: not allowing consideration of lib/arm64-v8a/libreactnativeutilsjni.so: deferring to libdir
03-22 11:05:41.542 19257 19257 D ApkSoSource: not allowing consideration of lib/arm64-v8a/libreactperfloggerjni.so: deferring to libdir
03-22 11:05:41.542 19257 19257 D ApkSoSource: not allowing consideration of lib/arm64-v8a/librrc_image.so: deferring to libdir
03-22 11:05:41.542 19257 19257 D ApkSoSource: not allowing consideration of lib/arm64-v8a/librrc_modal.so: deferring to libdir
03-22 11:05:41.542 19257 19257 D ApkSoSource: not allowing consideration of lib/arm64-v8a/librrc_progressbar.so: deferring to libdir
03-22 11:05:41.542 19257 19257 D ApkSoSource: not allowing consideration of lib/arm64-v8a/librrc_root.so: deferring to libdir
03-22 11:05:41.542 19257 19257 D ApkSoSource: not allowing consideration of lib/arm64-v8a/librrc_scrollview.so: deferring to libdir
03-22 11:05:41.542 19257 19257 D ApkSoSource: not allowing consideration of lib/arm64-v8a/librrc_slider.so: deferring to libdir
03-22 11:05:41.542 19257 19257 D ApkSoSource: not allowing consideration of lib/arm64-v8a/librrc_switch.so: deferring to libdir
03-22 11:05:41.542 19257 19257 D ApkSoSource: not allowing consideration of lib/arm64-v8a/librrc_text.so: deferring to libdir
03-22 11:05:41.542 19257 19257 D ApkSoSource: not allowing consideration of lib/arm64-v8a/librrc_textinput.so: deferring to libdir
03-22 11:05:41.543 19257 19257 D ApkSoSource: not allowing consideration of lib/arm64-v8a/librrc_unimplementedview.so: deferring to libdir
03-22 11:05:41.543 19257 19257 D ApkSoSource: not allowing consideration of lib/arm64-v8a/librrc_view.so: deferring to libdir
03-22 11:05:41.543 19257 19257 D ApkSoSource: not allowing consideration of lib/arm64-v8a/libturbomodulejsijni.so: deferring to libdir
03-22 11:05:41.543 19257 19257 D ApkSoSource: not allowing consideration of lib/arm64-v8a/libyoga.so: deferring to libdir
03-22 11:05:41.543 19257 19257 V fb-UnpackingSoSource: regenerating DSO store com.facebook.soloader.ApkSoSource
03-22 11:05:41.544 19257 19257 V fb-UnpackingSoSource: Finished regenerating DSO store com.facebook.soloader.ApkSoSource
03-22 11:05:41.544 19257 19257 V fb-UnpackingSoSource: starting syncer worker
03-22 11:05:41.551 19257 19257 V fb-UnpackingSoSource: releasing dso store lock for /data/user/0/com.detoxsample/lib-main (from syncer thread)
03-22 11:05:41.552 19257 19257 V fb-UnpackingSoSource: not releasing dso store lock for /data/user/0/com.detoxsample/lib-main (syncer thread started)
03-22 11:05:41.552 19257 19257 D SoLoader: init finish: 4 SO sources prepared
03-22 11:05:41.552 19257 19257 D SoLoader: init exiting
03-22 11:05:41.566 19257 19257 D SoLoader: init exiting
03-22 11:05:41.566 19257 19257 D SoLoader: About to load: libjscexecutor.so
03-22 11:05:41.567 19257 19257 D SoLoader: libjscexecutor.so not found on /data/data/com.detoxsample/lib-main
03-22 11:05:41.567 19257 19257 D SoLoader: libjscexecutor.so found on /data/app/~~ytNeSeEpBWvp88jIxoe8cw==/com.detoxsample-Eh_ky3ESrICk_3FpNrAMhw==/lib/arm64
03-22 11:05:41.567 19257 19257 D SoLoader: Not resolving dependencies for libjscexecutor.so
03-22 11:05:41.576 19257 19257 D JavaScriptCore.Version: 250230.2.1
03-22 11:05:41.576 19257 19257 D SoLoader: Loaded: libjscexecutor.so
03-22 11:05:41.579 19257 19257 D SoLoader: init exiting
03-22 11:05:41.701 19257 19257 I SensorManager: registerListenerImpl() [Sensor: LGE Accelerometer Non-wakeup, Rate: 66667, SensorEventListener: com.facebook.react.common.ShakeDetector@b25dd88] by com.facebook.react.common.ShakeDetector.start():60
03-22 11:05:41.717 19257 19343 D SoLoader: About to load: libfbjni.so
03-22 11:05:41.718 19257 19343 D SoLoader: libfbjni.so not found on /data/data/com.detoxsample/lib-main
03-22 11:05:41.718 19257 19343 D SoLoader: libfbjni.so found on /data/app/~~ytNeSeEpBWvp88jIxoe8cw==/com.detoxsample-Eh_ky3ESrICk_3FpNrAMhw==/lib/arm64
03-22 11:05:41.718 19257 19343 D SoLoader: Not resolving dependencies for libfbjni.so
03-22 11:05:41.720 19257 19343 D SoLoader: Loaded: libfbjni.so
03-22 11:05:41.720 19257 19343 D SoLoader: About to load: libflipper.so
03-22 11:05:41.720 19257 19343 D SoLoader: libflipper.so not found on /data/data/com.detoxsample/lib-main
03-22 11:05:41.721 19257 19343 D SoLoader: libflipper.so found on /data/app/~~ytNeSeEpBWvp88jIxoe8cw==/com.detoxsample-Eh_ky3ESrICk_3FpNrAMhw==/lib/arm64
03-22 11:05:41.721 19257 19343 D SoLoader: Not resolving dependencies for libflipper.so
03-22 11:05:41.728 19257 19343 D SoLoader: Loaded: libflipper.so
03-22 11:05:41.750 19257 19257 W com.detoxsampl: Accessing hidden field Landroid/view/View;->mKeyedTags:Landroid/util/SparseArray; (greylist, reflection, allowed)
03-22 11:05:41.750 19257 19257 W com.detoxsampl: Accessing hidden field Landroid/view/View;->mListenerInfo:Landroid/view/View$ListenerInfo; (greylist, reflection, allowed)
03-22 11:05:41.750 19257 19257 W com.detoxsampl: Accessing hidden field Landroid/view/View$ListenerInfo;->mOnClickListener:Landroid/view/View$OnClickListener; (greylist, reflection, allowed)
03-22 11:05:41.756 19257 19257 I flipper : flipper: FlipperClient::addPlugin Inspector
03-22 11:05:41.756 19257 19257 I flipper : flipper: FlipperClient::addPlugin React
03-22 11:05:41.759 19257 19257 I flipper : flipper: FlipperClient::addPlugin Databases
03-22 11:05:41.760 19257 19257 I flipper : flipper: FlipperClient::addPlugin Preferences
03-22 11:05:41.760 19257 19257 I flipper : flipper: FlipperClient::addPlugin CrashReporter
03-22 11:05:41.763 19257 19257 I flipper : flipper: FlipperClient::addPlugin Network
03-22 11:05:41.781 19257 19329 I UsageTrackerFacilitator: Usage tracking enabled
03-22 11:05:41.783 19257 19329 I TestRequestBuilder: Scanning classpath to find tests in paths [/data/app/~~n6pI1B9UjXd7iRF8wCvUMg==/com.detoxsample.test-sjRb56o2o1FSFrCCHhVYAw==/base.apk]
03-22 11:05:41.784 19257 19329 W com.detoxsampl: Opening an oat file without a class loader. Are you using the deprecated DexFile APIs?
03-22 11:05:42.777 19257 19349 D SoLoader: About to load: libreactnativejni.so
03-22 11:05:42.778 19257 19349 D SoLoader: libreactnativejni.so not found on /data/data/com.detoxsample/lib-main
03-22 11:05:42.778 19257 19349 D SoLoader: libreactnativejni.so found on /data/app/~~ytNeSeEpBWvp88jIxoe8cw==/com.detoxsample-Eh_ky3ESrICk_3FpNrAMhw==/lib/arm64
03-22 11:05:42.778 19257 19349 D SoLoader: Not resolving dependencies for libreactnativejni.so
03-22 11:05:42.780 19257 19349 D SoLoader: Loaded: libreactnativejni.so
03-22 11:05:42.830 19257 19329 D TestExecutor: Adding listener androidx.test.internal.runner.listener.LogRunListener
03-22 11:05:42.830 19257 19329 D TestExecutor: Adding listener androidx.test.internal.runner.listener.InstrumentationResultPrinter
03-22 11:05:42.830 19257 19329 D TestExecutor: Adding listener androidx.test.internal.runner.listener.ActivityFinisherRunListener
03-22 11:05:42.831 19257 19329 I TestRunner: run started: 1 tests
03-22 11:05:42.835 19257 19329 I TestRunner: started: runDetoxTests(com.detoxsample.DetoxTest)
03-22 11:05:42.852 19257 19329 D EventInjectionStrategy: Creating injection strategy with input manager.
03-22 11:05:42.852 19257 19329 W com.detoxsampl: Accessing hidden method Landroid/hardware/input/InputManager;->getInstance()Landroid/hardware/input/InputManager; (greylist, reflection, allowed)
03-22 11:05:42.852 19257 19329 W com.detoxsampl: Accessing hidden method Landroid/hardware/input/InputManager;->injectInputEvent(Landroid/view/InputEvent;I)Z (greylist, reflection, allowed)
03-22 11:05:42.852 19257 19329 W com.detoxsampl: Accessing hidden field Landroid/hardware/input/InputManager;->INJECT_INPUT_EVENT_MODE_WAIT_FOR_FINISH:I (greylist, reflection, allowed)
03-22 11:05:42.866 19257 19329 W com.detoxsampl: Accessing hidden field Ljava/lang/reflect/Field;->accessFlags:I (greylist, reflection, allowed)
03-22 11:05:43.015 19257 19257 D LifecycleMonitor: Lifecycle status change: com.detoxsample.MainActivity@d591319 in: PRE_ON_CREATE
03-22 11:05:43.106 19257 19257 W com.detoxsampl: Accessing hidden method Landroid/view/View;->computeFitSystemWindows(Landroid/graphics/Rect;Landroid/graphics/Rect;)Z (greylist, reflection, allowed)
03-22 11:05:43.107 19257 19257 W com.detoxsampl: Accessing hidden method Landroid/view/ViewGroup;->makeOptionalFitsSystemWindows()V (greylist, reflection, allowed)
03-22 11:05:43.122 19257 19257 D LifecycleMonitor: Lifecycle status change: com.detoxsample.MainActivity@d591319 in: CREATED
03-22 11:05:43.125 19257 19257 D LifecycleMonitor: Lifecycle status change: com.detoxsample.MainActivity@d591319 in: STARTED
03-22 11:05:43.134 19257 19257 D LifecycleMonitor: Lifecycle status change: com.detoxsample.MainActivity@d591319 in: RESUMED
03-22 11:05:43.164 19257 19257 I TouchFilterInputStageHelper: [needTouchEventFilter] Displayid : 0
03-22 11:05:43.166 19257 19257 D HandGripFilter: getdisplaysize, x : 1080 y : 2340
03-22 11:05:43.175 19257 19257 W unknown:ReactNative: Packager connection already open, nooping.
03-22 11:05:43.195 19257 19469 I AdrenoGLES-0: QUALCOMM build                   : 59e4ca3, Ic42881d075
03-22 11:05:43.195 19257 19469 I AdrenoGLES-0: Build Date                       : 01/07/21
03-22 11:05:43.195 19257 19469 I AdrenoGLES-0: OpenGL ES Shader Compiler Version: EV031.32.02.06
03-22 11:05:43.195 19257 19469 I AdrenoGLES-0: Local Branch                     : mybrancheb50fcd0-9e7c-f130-bc5f-5cb90179c3d8
03-22 11:05:43.195 19257 19469 I AdrenoGLES-0: Remote Branch                    : quic/gfx-adreno.lnx.1.0.r99-rel
03-22 11:05:43.195 19257 19469 I AdrenoGLES-0: Remote Branch                    : NONE
03-22 11:05:43.195 19257 19469 I AdrenoGLES-0: Reconstruct Branch               : NOTHING
03-22 11:05:43.195 19257 19469 I AdrenoGLES-0: Build Config                     : S P 10.0.7 AArch64
03-22 11:05:43.195 19257 19469 I AdrenoGLES-0: Driver Path                      : /vendor/lib64/egl/libGLESv2_adreno.so
03-22 11:05:43.201 19257 19469 I AdrenoGLES-0: PFP: 0x016ee190, ME: 0x00000000
03-22 11:05:43.420 19257 19257 I TouchFilterInputStageHelper: [needTouchEventFilter] Displayid : 0
03-22 11:05:43.423 19257 19257 D HandGripFilter: getdisplaysize, x : 1080 y : 2340
03-22 11:05:43.484 19257 19257 I Timeline: Timeline: Activity_idle id: ActivityRecord{c313984 token=android.os.BinderProxy@84034eb {com.detoxsample/com.detoxsample.MainActivity}} time:465970
03-22 11:05:43.496 19257 19329 I Detox   : Detox server connection details: url=ws://localhost:53070, sessionId=537b46b5-0733-fa9e-7bce-7b69f9587377
03-22 11:05:43.509 19257 19519 I DetoxDispatcher: Handling action '_init' (ID #0)...
03-22 11:05:43.509 19257 19519 I Detox   : Connecting to server...
03-22 11:05:43.509 19257 19519 I DetoxWSClient: At connectToServer
03-22 11:05:43.520 19257 19516 W unknown:ReactContext: initializeMessageQueueThreads() is called.
03-22 11:05:43.534 19257 19257 D DetoxRNLoading: Got new RN-context directly and immediately
03-22 11:05:43.535 19257 19257 W unknown:ReactNative: Packager connection already open, nooping.
03-22 11:05:43.536 19257 19519 I DetoxRNIdleRes: Setting up Espresso Idling Resources for React Native
03-22 11:05:43.560 19257 19524 D DetoxWSClient: At onOpen
03-22 11:05:43.561 19257 19524 I DetoxWSClient: Sending out action 'login' (ID #0)
03-22 11:05:43.561 19257 19524 I Detox   : Connected to server!
03-22 11:05:43.562 19257 19519 D AsyncStorageIR: Checking whether a custom IR for Async-Storage is required... (legacy=false)
03-22 11:05:43.562 19257 19519 D DetoxRNHelpers: Native RN module resolution (class com.reactnativecommunity.asyncstorage.AsyncStorageModule): no such class
03-22 11:05:43.562 19257 19519 D AsyncStorageIR: Checking whether a custom IR for Async-Storage is required... (legacy=true)
03-22 11:05:43.564 19257 19519 D AsyncStorageIR: IR for Async-Storage is required! (legacy=true)
03-22 11:05:43.568 19257 19524 D DetoxWSClient: Received action 'loginSuccess' (ID #0, params={"testerConnected":true,"appConnected":true})
03-22 11:05:43.573 19257 19522 W unknown:ViewManagerPropertyUpdater: Could not find generated setter for class com.facebook.react.views.drawer.ReactDrawerLayoutManager
03-22 11:05:43.579 19257 19522 W unknown:ViewManagerPropertyUpdater: Could not find generated setter for class com.facebook.react.uimanager.LayoutShadowNode
03-22 11:05:43.582 19257 19522 W unknown:ViewManagerPropertyUpdater: Could not find generated setter for class com.facebook.react.views.scroll.ReactHorizontalScrollViewManager
03-22 11:05:43.585 19257 19522 W unknown:ViewManagerPropertyUpdater: Could not find generated setter for class com.facebook.react.views.scroll.ReactHorizontalScrollContainerViewManager
03-22 11:05:43.586 19257 19522 W unknown:ViewManagerPropertyUpdater: Could not find generated setter for class com.facebook.react.views.progressbar.ReactProgressBarViewManager
03-22 11:05:43.587 19257 19522 W unknown:ViewManagerPropertyUpdater: Could not find generated setter for class com.facebook.react.views.progressbar.ProgressBarShadowNode
03-22 11:05:43.589 19257 19522 W unknown:ViewManagerPropertyUpdater: Could not find generated setter for class com.facebook.react.views.scroll.ReactScrollViewManager
03-22 11:05:43.592 19257 19522 W unknown:ViewManagerPropertyUpdater: Could not find generated setter for class com.facebook.react.views.slider.ReactSliderManager
03-22 11:05:43.593 19257 19522 W unknown:ViewManagerPropertyUpdater: Could not find generated setter for class com.facebook.react.views.slider.ReactSliderManager$ReactSliderShadowNode
03-22 11:05:43.594 19257 19522 W unknown:ViewManagerPropertyUpdater: Could not find generated setter for class com.facebook.react.views.switchview.ReactSwitchManager
03-22 11:05:43.596 19257 19522 W unknown:ViewManagerPropertyUpdater: Could not find generated setter for class com.facebook.react.views.switchview.ReactSwitchManager$ReactSwitchShadowNode
03-22 11:05:43.596 19257 19522 W unknown:ViewManagerPropertyUpdater: Could not find generated setter for class com.facebook.react.views.swiperefresh.SwipeRefreshLayoutManager
03-22 11:05:43.598 19257 19522 W unknown:ViewManagerPropertyUpdater: Could not find generated setter for class com.facebook.react.views.text.frescosupport.FrescoBasedReactTextInlineImageViewManager
03-22 11:05:43.598 19257 19522 W unknown:ViewManagerPropertyUpdater: Could not find generated setter for class com.facebook.react.views.text.frescosupport.FrescoBasedReactTextInlineImageShadowNode
03-22 11:05:43.600 19257 19522 W unknown:ViewManagerPropertyUpdater: Could not find generated setter for class com.facebook.react.views.image.ReactImageManager
03-22 11:05:43.602 19257 19522 W unknown:ViewManagerPropertyUpdater: Could not find generated setter for class com.facebook.react.views.modal.ReactModalHostManager
03-22 11:05:43.604 19257 19522 W unknown:ViewManagerPropertyUpdater: Could not find generated setter for class com.facebook.react.views.modal.ModalHostShadowNode
03-22 11:05:43.604 19257 19522 W unknown:ViewManagerPropertyUpdater: Could not find generated setter for class com.facebook.react.views.text.ReactRawTextManager
03-22 11:05:43.605 19257 19522 W unknown:ViewManagerPropertyUpdater: Could not find generated setter for class com.facebook.react.views.text.ReactRawTextShadowNode
03-22 11:05:43.605 19257 19524 D DetoxWSClient: Received action 'isReady' (ID #-1000, params={})
03-22 11:05:43.605 19257 19522 W unknown:ViewManagerPropertyUpdater: Could not find generated setter for class com.facebook.react.views.textinput.ReactTextInputManager
03-22 11:05:43.610 19257 19522 W unknown:ViewManagerPropertyUpdater: Could not find generated setter for class com.facebook.react.views.textinput.ReactTextInputShadowNode
03-22 11:05:43.612 19257 19522 W unknown:ViewManagerPropertyUpdater: Could not find generated setter for class com.facebook.react.views.text.ReactTextViewManager
03-22 11:05:43.614 19257 19522 W unknown:ViewManagerPropertyUpdater: Could not find generated setter for class com.facebook.react.views.text.ReactTextShadowNode
03-22 11:05:43.615 19257 19522 W unknown:ViewManagerPropertyUpdater: Could not find generated setter for class com.facebook.react.views.view.ReactViewManager
03-22 11:05:43.617 19257 19522 W unknown:ViewManagerPropertyUpdater: Could not find generated setter for class com.facebook.react.views.text.ReactVirtualTextViewManager
03-22 11:05:43.618 19257 19522 W unknown:ViewManagerPropertyUpdater: Could not find generated setter for class com.facebook.react.views.text.ReactVirtualTextShadowNode
03-22 11:05:43.619 19257 19522 W unknown:ViewManagerPropertyUpdater: Could not find generated setter for class com.facebook.react.views.unimplementedview.ReactUnimplementedViewManager
03-22 11:05:43.628 19257 19522 W unknown:ReactContext: initializeMessageQueueThreads() is called.
03-22 11:05:43.629 19257 19257 D AsyncStorageIRLegacy: Async-storage is busy!
03-22 11:05:43.630 19257 19522 D SoLoader: About to load: libyoga.so
03-22 11:05:43.631 19257 19522 D SoLoader: libyoga.so not found on /data/data/com.detoxsample/lib-main
03-22 11:05:43.631 19257 19522 D SoLoader: libyoga.so found on /data/app/~~ytNeSeEpBWvp88jIxoe8cw==/com.detoxsample-Eh_ky3ESrICk_3FpNrAMhw==/lib/arm64
03-22 11:05:43.631 19257 19522 D SoLoader: Not resolving dependencies for libyoga.so
03-22 11:05:43.632 19257 19522 D SoLoader: Loaded: libyoga.so
03-22 11:05:43.637 19257 19519 I DetoxDispatcher: Done with action '_init'
03-22 11:05:43.637 19257 19519 I DetoxDispatcher: Handling action 'isReady' (ID #-1000)...
03-22 11:05:43.641 19257 19257 W com.detoxsampl: Accessing hidden method Landroid/os/MessageQueue;->next()Landroid/os/Message; (greylist, reflection, allowed)
03-22 11:05:43.642 19257 19257 W com.detoxsampl: Accessing hidden field Landroid/os/MessageQueue;->mMessages:Landroid/os/Message; (greylist, reflection, allowed)
03-22 11:05:43.642 19257 19257 W com.detoxsampl: Accessing hidden method Landroid/os/Message;->recycleUnchecked()V (greylist, reflection, allowed)
03-22 11:05:43.674 19257 19522 I flipper : flipper: FlipperClient::addPlugin Fresco
03-22 11:05:43.772 19257 19521 D SoLoader: About to load: libreactnativeblob.so
03-22 11:05:43.773 19257 19521 D SoLoader: libreactnativeblob.so not found on /data/data/com.detoxsample/lib-main
03-22 11:05:43.773 19257 19521 D SoLoader: libreactnativeblob.so found on /data/app/~~ytNeSeEpBWvp88jIxoe8cw==/com.detoxsample-Eh_ky3ESrICk_3FpNrAMhw==/lib/arm64
03-22 11:05:43.773 19257 19521 D SoLoader: Not resolving dependencies for libreactnativeblob.so
03-22 11:05:43.774 19257 19521 D SoLoader: Loaded: libreactnativeblob.so
03-22 11:05:43.801 19257 19522 I WebViewFactory: Loading com.google.android.webview version 99.0.4844.58 (code 484405833)
03-22 11:05:43.831 19257 19522 W com.detoxsampl: Accessing hidden method Landroid/os/Trace;->isTagEnabled(J)Z (greylist, reflection, allowed)
03-22 11:05:43.831 19257 19522 W com.detoxsampl: Accessing hidden method Landroid/os/Trace;->traceBegin(JLjava/lang/String;)V (greylist, reflection, allowed)
03-22 11:05:43.831 19257 19522 W com.detoxsampl: Accessing hidden method Landroid/os/Trace;->traceEnd(J)V (greylist, reflection, allowed)
03-22 11:05:43.831 19257 19522 W com.detoxsampl: Accessing hidden method Landroid/os/Trace;->asyncTraceBegin(JLjava/lang/String;I)V (greylist, reflection, allowed)
03-22 11:05:43.831 19257 19522 W com.detoxsampl: Accessing hidden method Landroid/os/Trace;->asyncTraceEnd(JLjava/lang/String;I)V (greylist, reflection, allowed)
03-22 11:05:43.837 19257 19522 I cr_WVCFactoryProvider: Loaded version=99.0.4844.58 minSdkVersion=29 isBundle=true multiprocess=true packageId=3
03-22 11:05:43.854 19257 19522 I cr_LibraryLoader: Successfully loaded native library
03-22 11:05:43.855 19257 19522 I cr_CachingUmaRecorder: Flushed 8 samples from 8 histograms.
03-22 11:05:44.026 19257 19521 I ReactNativeJS: Running "DetoxSample" with {"rootTag":1}
03-22 11:05:44.287 19257 19257 W com.detoxsampl: Accessing hidden field Landroid/widget/ScrollView;->mScroller:Landroid/widget/OverScroller; (greylist, reflection, allowed)
03-22 11:05:44.348 19257 19705 D SoLoader: About to load: libimagepipeline.so
03-22 11:05:44.348 19257 19705 D SoLoader: libimagepipeline.so not found on /data/data/com.detoxsample/lib-main
03-22 11:05:44.348 19257 19705 D SoLoader: libimagepipeline.so found on /data/app/~~ytNeSeEpBWvp88jIxoe8cw==/com.detoxsample-Eh_ky3ESrICk_3FpNrAMhw==/lib/arm64
03-22 11:05:44.348 19257 19705 D SoLoader: Not resolving dependencies for libimagepipeline.so
03-22 11:05:44.350 19257 19705 D SoLoader: Loaded: libimagepipeline.so
03-22 11:05:44.366 19257 19257 I Detox   : Wait is over: app is now idle!
03-22 11:05:44.366 19257 19519 I DetoxWSClient: Sending out action 'ready' (ID #-1000)
03-22 11:05:44.367 19257 19519 I DetoxDispatcher: Done with action 'isReady'
03-22 11:05:44.367 19257 19519 I DetoxDispatcher: Handling action 'loginSuccess' (ID #0)...
03-22 11:05:44.367 19257 19519 I DetoxDispatcher: Done with action 'loginSuccess'
03-22 11:05:44.367 19257 19519 I DetoxDispatcher: Handling action 'isReady' (ID #-1000)...
03-22 11:05:44.376 19257 19257 I Detox   : Wait is over: app is now idle!
03-22 11:05:44.376 19257 19519 I DetoxWSClient: Sending out action 'ready' (ID #-1000)
03-22 11:05:44.376 19257 19519 I DetoxDispatcher: Done with action 'isReady'
