--------- beginning of main
03-22 18:37:05.146 19144 19171 I Detox   : Detox server connection details: url=ws://localhost:58871, sessionId=c998a15e-27da-b153-232d-e6c6feee8e1f
03-22 18:37:05.165 19144 19209 I DetoxDispatcher: Handling action '_init' (ID #0)...
03-22 18:37:05.166 19144 19209 I Detox   : Connecting to server...
03-22 18:37:05.166 19144 19209 I DetoxWSClient: At connectToServer
03-22 18:37:05.183 19144 19211 D DetoxWSClient: At onOpen
03-22 18:37:05.185 19144 19211 I DetoxWSClient: Sending out action 'login' (ID #0)
03-22 18:37:05.186 19144 19211 I Detox   : Connected to server!
03-22 18:37:05.191 19144 19211 D DetoxWSClient: Received action 'loginSuccess' (ID #0, params={"testerConnected":true,"appConnected":true})
03-22 18:37:05.196 19144 19211 D DetoxWSClient: Received action 'isReady' (ID #-1000, params={})
03-22 18:37:05.203 19144 19207 W unknown:ReactContext: initializeMessageQueueThreads() is called.
03-22 18:37:05.211 19144 19144 W unknown:ReactNative: Packager connection already open, nooping.
03-22 18:37:05.275 19144 19215 W unknown:ViewManagerPropertyUpdater: Could not find generated setter for class com.facebook.react.views.drawer.ReactDrawerLayoutManager
03-22 18:37:05.287 19144 19215 W unknown:ViewManagerPropertyUpdater: Could not find generated setter for class com.facebook.react.uimanager.LayoutShadowNode
03-22 18:37:05.290 19144 19215 W unknown:ViewManagerPropertyUpdater: Could not find generated setter for class com.facebook.react.views.scroll.ReactHorizontalScrollViewManager
03-22 18:37:05.294 19144 19215 W unknown:ViewManagerPropertyUpdater: Could not find generated setter for class com.facebook.react.views.scroll.ReactHorizontalScrollContainerViewManager
03-22 18:37:05.296 19144 19215 W unknown:ViewManagerPropertyUpdater: Could not find generated setter for class com.facebook.react.views.progressbar.ReactProgressBarViewManager
03-22 18:37:05.298 19144 19215 W unknown:ViewManagerPropertyUpdater: Could not find generated setter for class com.facebook.react.views.progressbar.ProgressBarShadowNode
03-22 18:37:05.302 19144 19215 W unknown:ViewManagerPropertyUpdater: Could not find generated setter for class com.facebook.react.views.scroll.ReactScrollViewManager
03-22 18:37:05.307 19144 19215 W unknown:ViewManagerPropertyUpdater: Could not find generated setter for class com.facebook.react.views.slider.ReactSliderManager
03-22 18:37:05.310 19144 19215 W unknown:ViewManagerPropertyUpdater: Could not find generated setter for class com.facebook.react.views.slider.ReactSliderManager$ReactSliderShadowNode
03-22 18:37:05.312 19144 19215 W unknown:ViewManagerPropertyUpdater: Could not find generated setter for class com.facebook.react.views.switchview.ReactSwitchManager
03-22 18:37:05.315 19144 19215 W unknown:ViewManagerPropertyUpdater: Could not find generated setter for class com.facebook.react.views.switchview.ReactSwitchManager$ReactSwitchShadowNode
03-22 18:37:05.316 19144 19215 W unknown:ViewManagerPropertyUpdater: Could not find generated setter for class com.facebook.react.views.swiperefresh.SwipeRefreshLayoutManager
03-22 18:37:05.319 19144 19215 W unknown:ViewManagerPropertyUpdater: Could not find generated setter for class com.facebook.react.views.text.frescosupport.FrescoBasedReactTextInlineImageViewManager
03-22 18:37:05.320 19144 19215 W unknown:ViewManagerPropertyUpdater: Could not find generated setter for class com.facebook.react.views.text.frescosupport.FrescoBasedReactTextInlineImageShadowNode
03-22 18:37:05.324 19144 19215 W unknown:ViewManagerPropertyUpdater: Could not find generated setter for class com.facebook.react.views.image.ReactImageManager
03-22 18:37:05.326 19144 19215 W unknown:ViewManagerPropertyUpdater: Could not find generated setter for class com.facebook.react.views.modal.ReactModalHostManager
03-22 18:37:05.329 19144 19215 W unknown:ViewManagerPropertyUpdater: Could not find generated setter for class com.facebook.react.views.modal.ModalHostShadowNode
03-22 18:37:05.331 19144 19215 W unknown:ViewManagerPropertyUpdater: Could not find generated setter for class com.facebook.react.views.text.ReactRawTextManager
03-22 18:37:05.331 19144 19215 W unknown:ViewManagerPropertyUpdater: Could not find generated setter for class com.facebook.react.views.text.ReactRawTextShadowNode
03-22 18:37:05.332 19144 19215 W unknown:ViewManagerPropertyUpdater: Could not find generated setter for class com.facebook.react.views.textinput.ReactTextInputManager
03-22 18:37:05.338 19144 19215 W unknown:ViewManagerPropertyUpdater: Could not find generated setter for class com.facebook.react.views.textinput.ReactTextInputShadowNode
03-22 18:37:05.342 19144 19215 W unknown:ViewManagerPropertyUpdater: Could not find generated setter for class com.facebook.react.views.text.ReactTextViewManager
03-22 18:37:05.345 19144 19215 W unknown:ViewManagerPropertyUpdater: Could not find generated setter for class com.facebook.react.views.text.ReactTextShadowNode
03-22 18:37:05.347 19144 19215 W unknown:ViewManagerPropertyUpdater: Could not find generated setter for class com.facebook.react.views.view.ReactViewManager
03-22 18:37:05.351 19144 19215 W unknown:ViewManagerPropertyUpdater: Could not find generated setter for class com.facebook.react.views.text.ReactVirtualTextViewManager
03-22 18:37:05.353 19144 19215 W unknown:ViewManagerPropertyUpdater: Could not find generated setter for class com.facebook.react.views.text.ReactVirtualTextShadowNode
03-22 18:37:05.354 19144 19215 W unknown:ViewManagerPropertyUpdater: Could not find generated setter for class com.facebook.react.views.unimplementedview.ReactUnimplementedViewManager
03-22 18:37:05.376 19144 19215 W unknown:ReactContext: initializeMessageQueueThreads() is called.
03-22 18:37:05.401 19144 19215 D SoLoader: About to load: libyoga.so
03-22 18:37:05.401 19144 19215 D SoLoader: libyoga.so not found on /data/data/com.detoxsample/lib-main
03-22 18:37:05.403 19144 19215 D SoLoader: libyoga.so found on /data/app/~~sqrEFeDEHeXSbcMh84Bg2g==/com.detoxsample-7bZWQA57oCZ2ZqwXKPGA4Q==/lib/x86_64
03-22 18:37:05.403 19144 19215 D SoLoader: Not resolving dependencies for libyoga.so
03-22 18:37:05.405 19144 19215 D SoLoader: Loaded: libyoga.so
03-22 18:37:05.424 19144 19144 I DetoxRNLoading: Got new RN-context async'ly through listener
03-22 18:37:05.426 19144 19209 I DetoxRNIdleRes: Setting up Espresso Idling Resources for React Native
03-22 18:37:05.430 19144 19214 D SoLoader: About to load: libreactnativeblob.so
03-22 18:37:05.430 19144 19214 D SoLoader: libreactnativeblob.so not found on /data/data/com.detoxsample/lib-main
03-22 18:37:05.431 19144 19214 D SoLoader: libreactnativeblob.so found on /data/app/~~sqrEFeDEHeXSbcMh84Bg2g==/com.detoxsample-7bZWQA57oCZ2ZqwXKPGA4Q==/lib/x86_64
03-22 18:37:05.431 19144 19214 D SoLoader: Not resolving dependencies for libreactnativeblob.so
03-22 18:37:05.434 19144 19214 D SoLoader: Loaded: libreactnativeblob.so
03-22 18:37:05.453 19144 19209 D AsyncStorageIR: Checking whether a custom IR for Async-Storage is required... (legacy=false)
03-22 18:37:05.454 19144 19209 D DetoxRNHelpers: Native RN module resolution (class com.reactnativecommunity.asyncstorage.AsyncStorageModule): no such class
03-22 18:37:05.455 19144 19209 D AsyncStorageIR: Checking whether a custom IR for Async-Storage is required... (legacy=true)
03-22 18:37:05.458 19144 19209 D AsyncStorageIR: IR for Async-Storage is required! (legacy=true)
03-22 18:37:05.464 19144 19144 D AsyncStorageIRLegacy: Async-storage is busy!
03-22 18:37:05.475 19144 19209 I DetoxDispatcher: Done with action '_init'
03-22 18:37:05.478 19144 19209 I DetoxDispatcher: Handling action 'isReady' (ID #-1000)...
03-22 18:37:05.489 19144 19144 W com.detoxsampl: Accessing hidden method Landroid/os/MessageQueue;->next()Landroid/os/Message; (unsupported, reflection, allowed)
03-22 18:37:05.490 19144 19144 W com.detoxsampl: Accessing hidden field Landroid/os/MessageQueue;->mMessages:Landroid/os/Message; (unsupported, reflection, allowed)
03-22 18:37:05.490 19144 19144 W com.detoxsampl: Accessing hidden method Landroid/os/Message;->recycleUnchecked()V (unsupported, reflection, allowed)
03-22 18:37:05.541 19144 19215 I flipper : flipper: FlipperClient::addPlugin Fresco
03-22 18:37:05.550 19144 19215 I WebViewFactory: Loading com.google.android.webview version 91.0.4472.114 (code 447211487)
03-22 18:37:05.592 19144 19215 W com.detoxsampl: Accessing hidden method Landroid/os/Trace;->isTagEnabled(J)Z (unsupported, reflection, allowed)
03-22 18:37:05.592 19144 19215 W com.detoxsampl: Accessing hidden method Landroid/os/Trace;->traceBegin(JLjava/lang/String;)V (unsupported, reflection, allowed)
03-22 18:37:05.592 19144 19215 W com.detoxsampl: Accessing hidden method Landroid/os/Trace;->traceEnd(J)V (unsupported, reflection, allowed)
03-22 18:37:05.592 19144 19215 W com.detoxsampl: Accessing hidden method Landroid/os/Trace;->asyncTraceBegin(JLjava/lang/String;I)V (unsupported, reflection, allowed)
03-22 18:37:05.592 19144 19215 W com.detoxsampl: Accessing hidden method Landroid/os/Trace;->asyncTraceEnd(JLjava/lang/String;I)V (unsupported, reflection, allowed)
03-22 18:37:05.619 19144 19215 I cr_LibraryLoader: Loaded native library version number "91.0.4472.114"
03-22 18:37:05.620 19144 19215 I cr_CachingUmaRecorder: Flushed 5 samples from 5 histograms.
03-22 18:37:05.645 19144 19214 I ReactNativeJS: Running "DetoxSample" with {"rootTag":1}
03-22 18:37:05.790 19144 19144 D CompatibilityChangeReporter: Compat change id reported: 171228096; UID 10186; state: ENABLED
03-22 18:37:05.792 19144 19144 W com.detoxsampl: Accessing hidden field Landroid/widget/ScrollView;->mScroller:Landroid/widget/OverScroller; (unsupported, reflection, allowed)
03-22 18:37:05.838 19144 19144 I Detox   : Wait is over: app is now idle!
03-22 18:37:05.839 19144 19209 I DetoxWSClient: Sending out action 'ready' (ID #-1000)
03-22 18:37:05.839 19144 19209 I DetoxDispatcher: Done with action 'isReady'
03-22 18:37:05.840 19144 19209 I DetoxDispatcher: Handling action 'loginSuccess' (ID #0)...
03-22 18:37:05.840 19144 19209 I DetoxDispatcher: Done with action 'loginSuccess'
03-22 18:37:05.841 19144 19209 I DetoxDispatcher: Handling action 'isReady' (ID #-1000)...
03-22 18:37:05.853 19144 19144 I Detox   : Wait is over: app is now idle!
03-22 18:37:05.854 19144 19209 I DetoxWSClient: Sending out action 'ready' (ID #-1000)
03-22 18:37:05.854 19144 19209 I DetoxDispatcher: Done with action 'isReady'
03-22 18:37:05.903 19144 19211 D DetoxWSClient: Received action 'invoke' (ID #1, params={"target":{"type":"Class","value":"com.wix.detox.espresso.EspressoDetox"},"method":"perform","args":[{"type":"Invocation","value":{"target":{"type":"Class","value":"androidx.test.espresso.Espresso"},"method":"onView","args":[{"type":"Invocation","value":{"target":{"type":"Class","value":"com.wix.detox.espresso.DetoxMatcher"},"method":"matcherForTestId","args":["initRazorpay"]}}]}},{"type":"Invocation","value":{"target":{"type":"Class","value":"com.wix.detox.espresso.DetoxViewActions"},"method":"click","args":[]}}]})
03-22 18:37:05.905 19144 19209 I DetoxDispatcher: Handling action 'invoke' (ID #1)...
03-22 18:37:05.940 19144 19209 D Detox   : class com.wix.detox.espresso.DetoxMatcher, matcherForTestId, [initRazorpay]
03-22 18:37:05.993 19144 19209 D Detox   : class androidx.test.espresso.Espresso, onView, [(view.getTag() is "initRazorpay" and view has effective visibility <VISIBLE>)]
03-22 18:37:05.996 19144 19209 D Detox   : class com.wix.detox.espresso.DetoxViewActions, click, []
03-22 18:37:06.016 19144 19209 W com.detoxsampl: Accessing hidden method Landroid/view/ViewConfiguration;->getDoubleTapMinTime()I (unsupported, reflection, allowed)
03-22 18:37:06.061 19144 19209 D Detox   : class com.wix.detox.espresso.EspressoDetox, perform, [androidx.test.espresso.ViewInteraction@77f187d, com.wix.detox.espresso.action.RNClickAction@841b372]
03-22 18:37:06.091 19144 19144 W com.detoxsampl: Accessing hidden method Landroid/view/WindowManagerGlobal;->getInstance()Landroid/view/WindowManagerGlobal; (unsupported, reflection, allowed)
03-22 18:37:06.091 19144 19144 W com.detoxsampl: Accessing hidden field Landroid/view/WindowManagerGlobal;->mViews:Ljava/util/ArrayList; (unsupported, reflection, allowed)
03-22 18:37:06.092 19144 19144 W com.detoxsampl: Accessing hidden field Landroid/view/WindowManagerGlobal;->mParams:Ljava/util/ArrayList; (unsupported, reflection, allowed)
03-22 18:37:06.108 19144 19144 I ViewInteraction: Performing 'com.wix.detox.espresso.action.detoxsingletap@ee54440 click' action on view (view.getTag() is "initRazorpay" and view has effective visibility <VISIBLE>)
03-22 18:37:06.163 19144 19214 I ReactNativeJS: clicked
03-22 18:37:06.189 19144 19197 D EGL_emulation: app_time_stats: avg=233.00ms min=4.12ms max=695.00ms count=5
03-22 18:37:06.525 19144 19144 I Detox   : AnimatedModule is busy.
03-22 18:37:06.531 19144 19144 I Detox   : AnimatedModule is busy.
03-22 18:37:06.546 19144 19144 I Detox   : AnimatedModule is busy.
03-22 18:37:06.563 19144 19144 I Detox   : AnimatedModule is busy.
03-22 18:37:06.579 19144 19144 I Detox   : AnimatedModule is busy.
03-22 18:37:06.597 19144 19144 I Detox   : AnimatedModule is busy.
03-22 18:37:06.611 19144 19144 I Detox   : AnimatedModule is busy.
03-22 18:37:06.629 19144 19144 I Detox   : AnimatedModule is busy.
03-22 18:37:06.645 19144 19144 I Detox   : AnimatedModule is busy.
03-22 18:37:06.662 19144 19144 I Detox   : AnimatedModule is busy.
03-22 18:37:06.678 19144 19144 I Detox   : AnimatedModule is busy.
03-22 18:37:06.695 19144 19144 I Detox   : AnimatedModule is busy.
03-22 18:37:07.103 19144 19209 I DetoxWSClient: Sending out action 'invokeResult' (ID #1)
03-22 18:37:07.103 19144 19209 I DetoxDispatcher: Done with action 'invoke'
03-22 18:37:07.111 19144 19211 D DetoxWSClient: Received action 'invoke' (ID #2, params={"target":{"type":"Class","value":"com.wix.detox.espresso.DetoxAssertion"},"method":"assertMatcher","args":[{"type":"Invocation","value":{"target":{"type":"Class","value":"androidx.test.espresso.Espresso"},"method":"onView","args":[{"type":"Invocation","value":{"target":{"type":"Class","value":"com.wix.detox.espresso.DetoxMatcher"},"method":"matcherForText","args":["Razorpay Initialized"]}}]}},{"type":"Invocation","value":{"target":{"type":"Class","value":"com.wix.detox.espresso.DetoxMatcher"},"method":"matcherForSufficientlyVisible","args":[{"type":"Integer","value":75}]}}]})
03-22 18:37:07.112 19144 19209 I DetoxDispatcher: Handling action 'invoke' (ID #2)...
03-22 18:37:07.112 19144 19209 D Detox   : class com.wix.detox.espresso.DetoxMatcher, matcherForText, [Razorpay Initialized]
03-22 18:37:07.114 19144 19209 D Detox   : class androidx.test.espresso.Espresso, onView, [(an instance of android.widget.TextView and view.getText() with or without transformation to match: is "Razorpay Initialized" and view has effective visibility <VISIBLE>)]
03-22 18:37:07.114 19144 19209 D Detox   : class com.wix.detox.espresso.DetoxMatcher, matcherForSufficientlyVisible, [75]
03-22 18:37:07.115 19144 19209 D Detox   : class com.wix.detox.espresso.DetoxAssertion, assertMatcher, [androidx.test.espresso.ViewInteraction@7f526bf, (view has effective visibility <VISIBLE> and view.getGlobalVisibleRect() covers at least <75> percent of the view's area)]
03-22 18:37:07.121 19144 19144 I ViewInteraction: Checking 'MatchesViewAssertion(Detox){viewMatcher=(view has effective visibility <VISIBLE> and view.getGlobalVisibleRect() covers at least <75> percent of the view's area)}' assertion on view (an instance of android.widget.TextView and view.getText() with or without transformation to match: is "Razorpay Initialized" and view has effective visibility <VISIBLE>)
03-22 18:37:07.122 19144 19209 I DetoxWSClient: Sending out action 'invokeResult' (ID #2)
03-22 18:37:07.122 19144 19209 I DetoxDispatcher: Done with action 'invoke'
