--------- beginning of main
03-22 01:11:11.068 17891 17924 I Detox   : Detox server connection details: url=ws://localhost:59733, sessionId=62b7669c-37f1-04c2-0a92-310d6a763c22
03-22 01:11:11.074 17891 18396 I DetoxDispatcher: Handling action '_init' (ID #0)...
03-22 01:11:11.074 17891 18396 I Detox   : Connecting to server...
03-22 01:11:11.074 17891 18396 I DetoxWSClient: At connectToServer
03-22 01:11:11.091 17891 17891 D DetoxRNLoading: Got new RN-context directly and immediately
03-22 01:11:11.092 17891 18396 I DetoxRNIdleRes: Setting up Espresso Idling Resources for React Native
03-22 01:11:11.097 17891 18136 W com.detoxsampl: Accessing hidden method Landroid/os/MessageQueue;->next()Landroid/os/Message; (greylist, reflection, allowed)
03-22 01:11:11.097 17891 18136 W com.detoxsampl: Accessing hidden field Landroid/os/MessageQueue;->mMessages:Landroid/os/Message; (greylist, reflection, allowed)
03-22 01:11:11.097 17891 18136 W com.detoxsampl: Accessing hidden method Landroid/os/Message;->recycleUnchecked()V (greylist, reflection, allowed)
03-22 01:11:11.104 17891 18398 D DetoxWSClient: At onOpen
03-22 01:11:11.104 17891 18398 I DetoxWSClient: Sending out action 'login' (ID #0)
03-22 01:11:11.105 17891 18396 D AsyncStorageIR: Checking whether a custom IR for Async-Storage is required... (legacy=false)
03-22 01:11:11.105 17891 18398 I Detox   : Connected to server!
03-22 01:11:11.105 17891 18396 D DetoxRNHelpers: Native RN module resolution (class com.reactnativecommunity.asyncstorage.AsyncStorageModule): no such class
03-22 01:11:11.105 17891 18396 D AsyncStorageIR: Checking whether a custom IR for Async-Storage is required... (legacy=true)
03-22 01:11:11.107 17891 18396 D AsyncStorageIR: IR for Async-Storage is required! (legacy=true)
03-22 01:11:11.110 17891 17891 D AsyncStorageIRLegacy: Async-storage is busy!
03-22 01:11:11.113 17891 18398 D DetoxWSClient: Received action 'loginSuccess' (ID #0, params={"testerConnected":true,"appConnected":true})
03-22 01:11:11.115 17891 18396 I DetoxDispatcher: Done with action '_init'
03-22 01:11:11.115 17891 18396 I DetoxDispatcher: Handling action 'isReady' (ID #-1000)...
03-22 01:11:11.123 17891 17891 I Detox   : Wait is over: app is now idle!
03-22 01:11:11.123 17891 18396 I DetoxWSClient: Sending out action 'ready' (ID #-1000)
03-22 01:11:11.125 17891 18396 I DetoxDispatcher: Done with action 'isReady'
03-22 01:11:11.125 17891 18396 I DetoxDispatcher: Handling action 'loginSuccess' (ID #0)...
03-22 01:11:11.125 17891 18396 I DetoxDispatcher: Done with action 'loginSuccess'
03-22 01:11:11.126 17891 18398 D DetoxWSClient: Received action 'isReady' (ID #-1000, params={})
03-22 01:11:11.127 17891 18396 I DetoxDispatcher: Handling action 'isReady' (ID #-1000)...
03-22 01:11:11.131 17891 17891 I Detox   : Wait is over: app is now idle!
03-22 01:11:11.132 17891 18396 I DetoxWSClient: Sending out action 'ready' (ID #-1000)
03-22 01:11:11.137 17891 18396 I DetoxDispatcher: Done with action 'isReady'
03-22 01:11:11.248 17891 18398 D DetoxWSClient: Received action 'invoke' (ID #1, params={"target":{"type":"Class","value":"com.wix.detox.espresso.EspressoDetox"},"method":"perform","args":[{"type":"Invocation","value":{"target":{"type":"Class","value":"androidx.test.espresso.Espresso"},"method":"onView","args":[{"type":"Invocation","value":{"target":{"type":"Class","value":"com.wix.detox.espresso.DetoxMatcher"},"method":"matcherForTestId","args":["initializeRzp"]}}]}},{"type":"Invocation","value":{"target":{"type":"Class","value":"com.wix.detox.espresso.DetoxViewActions"},"method":"click","args":[]}}]})
03-22 01:11:11.249 17891 18396 I DetoxDispatcher: Handling action 'invoke' (ID #1)...
03-22 01:11:11.256 17891 18396 D Detox   : class com.wix.detox.espresso.DetoxMatcher, matcherForTestId, [initializeRzp]
03-22 01:11:11.264 17891 18396 D Detox   : class androidx.test.espresso.Espresso, onView, [(view.getTag() is "initializeRzp" and view has effective visibility <VISIBLE>)]
03-22 01:11:11.265 17891 18396 D Detox   : class com.wix.detox.espresso.DetoxViewActions, click, []
03-22 01:11:11.266 17891 18396 W com.detoxsampl: Accessing hidden method Landroid/view/ViewConfiguration;->getDoubleTapMinTime()I (greylist, reflection, allowed)
03-22 01:11:11.271 17891 18396 D Detox   : class com.wix.detox.espresso.EspressoDetox, perform, [androidx.test.espresso.ViewInteraction@304c12c, com.wix.detox.espresso.action.RNClickAction@fe9d7f5]
03-22 01:11:11.279 17891 17891 W com.detoxsampl: Accessing hidden method Landroid/view/WindowManagerGlobal;->getInstance()Landroid/view/WindowManagerGlobal; (greylist, reflection, allowed)
03-22 01:11:11.279 17891 17891 W com.detoxsampl: Accessing hidden field Landroid/view/WindowManagerGlobal;->mViews:Ljava/util/ArrayList; (greylist, reflection, allowed)
03-22 01:11:11.279 17891 17891 W com.detoxsampl: Accessing hidden field Landroid/view/WindowManagerGlobal;->mParams:Ljava/util/ArrayList; (greylist, reflection, allowed)
03-22 01:11:11.283 17891 17891 I ViewInteraction: Performing 'com.wix.detox.espresso.action.detoxsingletap@9b90bfb click' action on view (view.getTag() is "initializeRzp" and view has effective visibility <VISIBLE>)
--------- beginning of system
03-22 01:11:11.291 17891 17891 I ViewRootImpl: ViewRoot's Touch Event : ACTION_DOWN
03-22 01:11:11.319 17891 17891 I ViewRootImpl: ViewRoot's Touch Event : ACTION_UP
03-22 01:11:11.334 17891 17891 I Detox   : UIManagerModule is busy
03-22 01:11:11.390 17891 17891 I TetheringManager: registerTetheringEventCallback:com.detoxsample
03-22 01:11:12.858 17891 18396 I DetoxWSClient: Sending out action 'invokeResult' (ID #1)
03-22 01:11:12.858 17891 18396 I DetoxDispatcher: Done with action 'invoke'
03-22 01:11:12.871 17891 18398 D DetoxWSClient: Received action 'invoke' (ID #2, params={"target":{"type":"Class","value":"com.wix.detox.espresso.DetoxAssertion"},"method":"assertMatcher","args":[{"type":"Invocation","value":{"target":{"type":"Class","value":"androidx.test.espresso.Espresso"},"method":"onView","args":[{"type":"Invocation","value":{"target":{"type":"Class","value":"com.wix.detox.espresso.DetoxMatcher"},"method":"matcherForText","args":["Status changes"]}}]}},{"type":"Invocation","value":{"target":{"type":"Class","value":"com.wix.detox.espresso.DetoxMatcher"},"method":"matcherForSufficientlyVisible","args":[{"type":"Integer","value":75}]}}]})
03-22 01:11:12.871 17891 18396 I DetoxDispatcher: Handling action 'invoke' (ID #2)...
03-22 01:11:12.872 17891 18396 D Detox   : class com.wix.detox.espresso.DetoxMatcher, matcherForText, [Status changes]
03-22 01:11:12.874 17891 18396 D Detox   : class androidx.test.espresso.Espresso, onView, [(an instance of android.widget.TextView and view.getText() with or without transformation to match: is "Status changes" and view has effective visibility <VISIBLE>)]
03-22 01:11:12.874 17891 18396 D Detox   : class com.wix.detox.espresso.DetoxMatcher, matcherForSufficientlyVisible, [75]
03-22 01:11:12.875 17891 18396 D Detox   : class com.wix.detox.espresso.DetoxAssertion, assertMatcher, [androidx.test.espresso.ViewInteraction@286ef49, (view has effective visibility <VISIBLE> and view.getGlobalVisibleRect() covers at least <75> percent of the view's area)]
03-22 01:11:12.882 17891 17891 I ViewInteraction: Checking 'MatchesViewAssertion(Detox){viewMatcher=(view has effective visibility <VISIBLE> and view.getGlobalVisibleRect() covers at least <75> percent of the view's area)}' assertion on view (an instance of android.widget.TextView and view.getText() with or without transformation to match: is "Status changes" and view has effective visibility <VISIBLE>)
03-22 01:11:12.884 17891 18396 I DetoxWSClient: Sending out action 'invokeResult' (ID #2)
03-22 01:11:12.884 17891 18396 I DetoxDispatcher: Done with action 'invoke'
03-22 01:11:12.892 17891 18398 D DetoxWSClient: Received action 'invoke' (ID #3, params={"target":{"type":"Class","value":"com.wix.detox.espresso.DetoxAssertion"},"method":"assertMatcher","args":[{"type":"Invocation","value":{"target":{"type":"Class","value":"androidx.test.espresso.Espresso"},"method":"onView","args":[{"type":"Invocation","value":{"target":{"type":"Class","value":"com.wix.detox.espresso.DetoxMatcher"},"method":"matcherForTestId","args":["status"]}}]}},{"type":"Invocation","value":{"target":{"type":"Class","value":"com.wix.detox.espresso.DetoxMatcher"},"method":"matcherForText","args":["Razorpay Initialized"]}}]})
03-22 01:11:12.892 17891 18396 I DetoxDispatcher: Handling action 'invoke' (ID #3)...
03-22 01:11:12.893 17891 18396 D Detox   : class com.wix.detox.espresso.DetoxMatcher, matcherForTestId, [status]
03-22 01:11:12.893 17891 18396 D Detox   : class androidx.test.espresso.Espresso, onView, [(view.getTag() is "status" and view has effective visibility <VISIBLE>)]
03-22 01:11:12.894 17891 18396 D Detox   : class com.wix.detox.espresso.DetoxMatcher, matcherForText, [Razorpay Initialized]
03-22 01:11:12.894 17891 18396 D Detox   : class com.wix.detox.espresso.DetoxAssertion, assertMatcher, [androidx.test.espresso.ViewInteraction@bd2504e, (an instance of android.widget.TextView and view.getText() with or without transformation to match: is "Razorpay Initialized" and view has effective visibility <VISIBLE>)]
03-22 01:11:12.914 17891 17891 I ViewInteraction: Checking 'MatchesViewAssertion(Detox){viewMatcher=(an instance of android.widget.TextView and view.getText() with or without transformation to match: is "Razorpay Initialized" and view has effective visibility <VISIBLE>)}' assertion on view (view.getTag() is "status" and view has effective visibility <VISIBLE>)
