--------- beginning of main
03-22 21:55:21.043  9498  9498 I Detox   : UIManagerModule is busy
03-22 21:55:21.437  9498  9623 I DetoxWSClient: Sending out action 'invokeResult' (ID #12)
03-22 21:55:21.437  9498  9623 I DetoxDispatcher: Done with action 'invoke'
03-22 21:55:21.447  9498  9625 D DetoxWSClient: Received action 'invoke' (ID #13, params={"target":{"type":"Class","value":"com.wix.detox.espresso.DetoxAssertion"},"method":"assertMatcher","args":[{"type":"Invocation","value":{"target":{"type":"Class","value":"androidx.test.espresso.Espresso"},"method":"onView","args":[{"type":"Invocation","value":{"target":{"type":"Class","value":"com.wix.detox.espresso.DetoxMatcher"},"method":"matcherForText","args":["Card Network : unknown"]}}]}},{"type":"Invocation","value":{"target":{"type":"Class","value":"com.wix.detox.espresso.DetoxMatcher"},"method":"matcherForSufficientlyVisible","args":[{"type":"Integer","value":75}]}}]})
03-22 21:55:21.447  9498  9623 I DetoxDispatcher: Handling action 'invoke' (ID #13)...
03-22 21:55:21.448  9498  9623 D Detox   : class com.wix.detox.espresso.DetoxMatcher, matcherForText, [Card Network : unknown]
03-22 21:55:21.448  9498  9623 D Detox   : class androidx.test.espresso.Espresso, onView, [(an instance of android.widget.TextView and view.getText() with or without transformation to match: is "Card Network : unknown" and view has effective visibility <VISIBLE>)]
03-22 21:55:21.449  9498  9623 D Detox   : class com.wix.detox.espresso.DetoxMatcher, matcherForSufficientlyVisible, [75]
03-22 21:55:21.449  9498  9623 D Detox   : class com.wix.detox.espresso.DetoxAssertion, assertMatcher, [androidx.test.espresso.ViewInteraction@d0d95a0, (view has effective visibility <VISIBLE> and view.getGlobalVisibleRect() covers at least <75> percent of the view's area)]
03-22 21:55:21.455  9498  9498 I ViewInteraction: Checking 'MatchesViewAssertion(Detox){viewMatcher=(view has effective visibility <VISIBLE> and view.getGlobalVisibleRect() covers at least <75> percent of the view's area)}' assertion on view (an instance of android.widget.TextView and view.getText() with or without transformation to match: is "Card Network : unknown" and view has effective visibility <VISIBLE>)
03-22 21:55:21.456  9498  9623 I DetoxWSClient: Sending out action 'invokeResult' (ID #13)
03-22 21:55:21.457  9498  9623 I DetoxDispatcher: Done with action 'invoke'
03-22 21:55:21.533  9498  9625 D DetoxWSClient: Received action 'invoke' (ID #14, params={"target":{"type":"Class","value":"com.wix.detox.espresso.EspressoDetox"},"method":"perform","args":[{"type":"Invocation","value":{"target":{"type":"Class","value":"androidx.test.espresso.Espresso"},"method":"onView","args":[{"type":"Invocation","value":{"target":{"type":"Class","value":"com.wix.detox.espresso.DetoxMatcher"},"method":"matcherForText","args":["GET CARD NETWORK LENGTH"]}}]}},{"type":"Invocation","value":{"target":{"type":"Class","value":"com.wix.detox.espresso.DetoxViewActions"},"method":"click","args":[]}}]})
03-22 21:55:21.534  9498  9623 I DetoxDispatcher: Handling action 'invoke' (ID #14)...
03-22 21:55:21.535  9498  9623 D Detox   : class com.wix.detox.espresso.DetoxMatcher, matcherForText, [GET CARD NETWORK LENGTH]
03-22 21:55:21.535  9498  9623 D Detox   : class androidx.test.espresso.Espresso, onView, [(an instance of android.widget.TextView and view.getText() with or without transformation to match: is "GET CARD NETWORK LENGTH" and view has effective visibility <VISIBLE>)]
03-22 21:55:21.536  9498  9623 D Detox   : class com.wix.detox.espresso.DetoxViewActions, click, []
03-22 21:55:21.536  9498  9623 D Detox   : class com.wix.detox.espresso.EspressoDetox, perform, [androidx.test.espresso.ViewInteraction@c1fa559, com.wix.detox.espresso.action.RNClickAction@9b0b51e]
03-22 21:55:21.546  9498  9498 I ViewInteraction: Performing 'com.wix.detox.espresso.action.detoxsingletap@aa071ff click' action on view (an instance of android.widget.TextView and view.getText() with or without transformation to match: is "GET CARD NETWORK LENGTH" and view has effective visibility <VISIBLE>)
03-22 21:55:21.569  9498  9611 D EGL_emulation: app_time_stats: avg=16.58ms min=4.10ms max=27.28ms count=60
03-22 21:55:21.728  9498  9498 I Detox   : UIManagerModule is busy
03-22 21:55:22.122  9498  9623 I DetoxWSClient: Sending out action 'invokeResult' (ID #14)
03-22 21:55:22.123  9498  9623 I DetoxDispatcher: Done with action 'invoke'
03-22 21:55:22.130  9498  9625 D DetoxWSClient: Received action 'invoke' (ID #15, params={"target":{"type":"Class","value":"com.wix.detox.espresso.DetoxAssertion"},"method":"assertMatcher","args":[{"type":"Invocation","value":{"target":{"type":"Class","value":"androidx.test.espresso.Espresso"},"method":"onView","args":[{"type":"Invocation","value":{"target":{"type":"Class","value":"com.wix.detox.espresso.DetoxMatcher"},"method":"matcherForText","args":["Card Network length : 16"]}}]}},{"type":"Invocation","value":{"target":{"type":"Class","value":"com.wix.detox.espresso.DetoxMatcher"},"method":"matcherForSufficientlyVisible","args":[{"type":"Integer","value":75}]}}]})
03-22 21:55:22.132  9498  9623 I DetoxDispatcher: Handling action 'invoke' (ID #15)...
03-22 21:55:22.132  9498  9623 D Detox   : class com.wix.detox.espresso.DetoxMatcher, matcherForText, [Card Network length : 16]
03-22 21:55:22.133  9498  9623 D Detox   : class androidx.test.espresso.Espresso, onView, [(an instance of android.widget.TextView and view.getText() with or without transformation to match: is "Card Network length : 16" and view has effective visibility <VISIBLE>)]
03-22 21:55:22.133  9498  9623 D Detox   : class com.wix.detox.espresso.DetoxMatcher, matcherForSufficientlyVisible, [75]
03-22 21:55:22.135  9498  9623 D Detox   : class com.wix.detox.espresso.DetoxAssertion, assertMatcher, [androidx.test.espresso.ViewInteraction@30fa691, (view has effective visibility <VISIBLE> and view.getGlobalVisibleRect() covers at least <75> percent of the view's area)]
03-22 21:55:22.141  9498  9498 I ViewInteraction: Checking 'MatchesViewAssertion(Detox){viewMatcher=(view has effective visibility <VISIBLE> and view.getGlobalVisibleRect() covers at least <75> percent of the view's area)}' assertion on view (an instance of android.widget.TextView and view.getText() with or without transformation to match: is "Card Network length : 16" and view has effective visibility <VISIBLE>)
03-22 21:55:22.144  9498  9623 I DetoxWSClient: Sending out action 'invokeResult' (ID #15)
03-22 21:55:22.144  9498  9623 I DetoxDispatcher: Done with action 'invoke'
03-22 21:55:22.151  9498  9625 D DetoxWSClient: Received action 'invoke' (ID #16, params={"target":{"type":"Class","value":"com.wix.detox.espresso.EspressoDetox"},"method":"perform","args":[{"type":"Invocation","value":{"target":{"type":"Class","value":"androidx.test.espresso.Espresso"},"method":"onView","args":[{"type":"Invocation","value":{"target":{"type":"Class","value":"com.wix.detox.espresso.DetoxMatcher"},"method":"matcherForTestId","args":["cards"]}}]}},{"type":"Invocation","value":{"target":{"type":"Class","value":"com.wix.detox.espresso.DetoxViewActions"},"method":"click","args":[]}}]})
03-22 21:55:22.152  9498  9623 I DetoxDispatcher: Handling action 'invoke' (ID #16)...
03-22 21:55:22.153  9498  9623 D Detox   : class com.wix.detox.espresso.DetoxMatcher, matcherForTestId, [cards]
03-22 21:55:22.154  9498  9623 D Detox   : class androidx.test.espresso.Espresso, onView, [(view.getTag() is "cards" and view has effective visibility <VISIBLE>)]
03-22 21:55:22.155  9498  9623 D Detox   : class com.wix.detox.espresso.DetoxViewActions, click, []
03-22 21:55:22.155  9498  9623 D Detox   : class com.wix.detox.espresso.EspressoDetox, perform, [androidx.test.espresso.ViewInteraction@79049f6, com.wix.detox.espresso.action.RNClickAction@93ca1f7]
03-22 21:55:22.168  9498  9498 I ViewInteraction: Performing 'com.wix.detox.espresso.action.detoxsingletap@4346864 click' action on view (view.getTag() is "cards" and view has effective visibility <VISIBLE>)
03-22 21:55:22.302  9498  9498 I Detox   : AnimatedModule is busy.
03-22 21:55:22.312  9498  9498 I Detox   : AnimatedModule is busy.
03-22 21:55:22.328  9498  9498 I Detox   : AnimatedModule is busy.
03-22 21:55:22.346  9498  9498 I Detox   : AnimatedModule is busy.
03-22 21:55:22.361  9498  9498 I Detox   : AnimatedModule is busy.
03-22 21:55:22.379  9498  9498 I Detox   : AnimatedModule is busy.
03-22 21:55:22.394  9498  9498 I Detox   : AnimatedModule is busy.
03-22 21:55:22.412  9498  9498 I Detox   : AnimatedModule is busy.
03-22 21:55:22.428  9498  9498 I Detox   : AnimatedModule is busy.
03-22 21:55:22.445  9498  9498 I Detox   : AnimatedModule is busy.
03-22 21:55:22.461  9498  9498 I Detox   : AnimatedModule is busy.
03-22 21:55:22.480  9498  9498 I Detox   : AnimatedModule is busy.
03-22 21:55:22.495  9498  9498 I Detox   : AnimatedModule is busy.
03-22 21:55:22.512  9498  9498 I Detox   : AnimatedModule is busy.
03-22 21:55:22.912  9498  9623 I DetoxWSClient: Sending out action 'invokeResult' (ID #16)
03-22 21:55:22.913  9498  9623 I DetoxDispatcher: Done with action 'invoke'
