--------- beginning of main
03-22 21:58:02.103 10328 10393 I DetoxWSClient: Sending out action 'invokeResult' (ID #7)
03-22 21:58:02.104 10328 10393 I DetoxDispatcher: Done with action 'invoke'
03-22 21:58:02.109 10328 10395 D DetoxWSClient: Received action 'invoke' (ID #8, params={"target":{"type":"Class","value":"com.wix.detox.espresso.DetoxAssertion"},"method":"assertMatcher","args":[{"type":"Invocation","value":{"target":{"type":"Class","value":"androidx.test.espresso.Espresso"},"method":"onView","args":[{"type":"Invocation","value":{"target":{"type":"Class","value":"com.wix.detox.espresso.DetoxMatcher"},"method":"matcherForText","args":["Card Network : visa"]}}]}},{"type":"Invocation","value":{"target":{"type":"Class","value":"com.wix.detox.espresso.DetoxMatcher"},"method":"matcherForSufficientlyVisible","args":[{"type":"Integer","value":75}]}}]})
03-22 21:58:02.109 10328 10393 I DetoxDispatcher: Handling action 'invoke' (ID #8)...
03-22 21:58:02.109 10328 10393 D Detox   : class com.wix.detox.espresso.DetoxMatcher, matcherForText, [Card Network : visa]
03-22 21:58:02.112 10328 10393 D Detox   : class androidx.test.espresso.Espresso, onView, [(an instance of android.widget.TextView and view.getText() with or without transformation to match: is "Card Network : visa" and view has effective visibility <VISIBLE>)]
03-22 21:58:02.112 10328 10393 D Detox   : class com.wix.detox.espresso.DetoxMatcher, matcherForSufficientlyVisible, [75]
03-22 21:58:02.112 10328 10393 D Detox   : class com.wix.detox.espresso.DetoxAssertion, assertMatcher, [androidx.test.espresso.ViewInteraction@660c896, (view has effective visibility <VISIBLE> and view.getGlobalVisibleRect() covers at least <75> percent of the view's area)]
03-22 21:58:02.117 10328 10328 I ViewInteraction: Checking 'MatchesViewAssertion(Detox){viewMatcher=(view has effective visibility <VISIBLE> and view.getGlobalVisibleRect() covers at least <75> percent of the view's area)}' assertion on view (an instance of android.widget.TextView and view.getText() with or without transformation to match: is "Card Network : visa" and view has effective visibility <VISIBLE>)
03-22 21:58:02.120 10328 10393 I DetoxWSClient: Sending out action 'invokeResult' (ID #8)
03-22 21:58:02.120 10328 10393 I DetoxDispatcher: Done with action 'invoke'
03-22 21:58:02.188 10328 10395 D DetoxWSClient: Received action 'invoke' (ID #9, params={"target":{"type":"Class","value":"com.wix.detox.espresso.EspressoDetox"},"method":"perform","args":[{"type":"Invocation","value":{"target":{"type":"Class","value":"androidx.test.espresso.Espresso"},"method":"onView","args":[{"type":"Invocation","value":{"target":{"type":"Class","value":"com.wix.detox.espresso.DetoxMatcher"},"method":"matcherForTestId","args":["cardNumber"]}}]}},{"type":"Invocation","value":{"target":{"type":"Class","value":"androidx.test.espresso.action.ViewActions"},"method":"replaceText","args":["9000000000000000"]}}]})
03-22 21:58:02.189 10328 10393 I DetoxDispatcher: Handling action 'invoke' (ID #9)...
03-22 21:58:02.189 10328 10393 D Detox   : class com.wix.detox.espresso.DetoxMatcher, matcherForTestId, [cardNumber]
03-22 21:58:02.189 10328 10393 D Detox   : class androidx.test.espresso.Espresso, onView, [(view.getTag() is "cardNumber" and view has effective visibility <VISIBLE>)]
03-22 21:58:02.190 10328 10393 D Detox   : class androidx.test.espresso.action.ViewActions, replaceText, [9000000000000000]
03-22 21:58:02.192 10328 10393 D Detox   : class com.wix.detox.espresso.EspressoDetox, perform, [androidx.test.espresso.ViewInteraction@e574c17, androidx.test.espresso.action.ReplaceTextAction@5249804]
03-22 21:58:02.205 10328 10328 I ViewInteraction: Performing 'replace text(9000000000000000)' action on view (view.getTag() is "cardNumber" and view has effective visibility <VISIBLE>)
03-22 21:58:02.213 10328 10393 I DetoxWSClient: Sending out action 'invokeResult' (ID #9)
03-22 21:58:02.213 10328 10393 I DetoxDispatcher: Done with action 'invoke'
03-22 21:58:02.221 10328 10395 D DetoxWSClient: Received action 'invoke' (ID #10, params={"target":{"type":"Class","value":"com.wix.detox.espresso.EspressoDetox"},"method":"perform","args":[{"type":"Invocation","value":{"target":{"type":"Class","value":"androidx.test.espresso.Espresso"},"method":"onView","args":[{"type":"Invocation","value":{"target":{"type":"Class","value":"com.wix.detox.espresso.DetoxMatcher"},"method":"matcherForText","args":["IS CARD VALID"]}}]}},{"type":"Invocation","value":{"target":{"type":"Class","value":"com.wix.detox.espresso.DetoxViewActions"},"method":"click","args":[]}}]})
03-22 21:58:02.225 10328 10393 I DetoxDispatcher: Handling action 'invoke' (ID #10)...
03-22 21:58:02.228 10328 10393 D Detox   : class com.wix.detox.espresso.DetoxMatcher, matcherForText, [IS CARD VALID]
03-22 21:58:02.229 10328 10393 D Detox   : class androidx.test.espresso.Espresso, onView, [(an instance of android.widget.TextView and view.getText() with or without transformation to match: is "IS CARD VALID" and view has effective visibility <VISIBLE>)]
03-22 21:58:02.230 10328 10393 D Detox   : class com.wix.detox.espresso.DetoxViewActions, click, []
03-22 21:58:02.230 10328 10393 D Detox   : class com.wix.detox.espresso.EspressoDetox, perform, [androidx.test.espresso.ViewInteraction@37a92b3, com.wix.detox.espresso.action.RNClickAction@d553070]
03-22 21:58:02.281 10328 10328 I Detox   : UIManagerModule is busy
03-22 21:58:02.321 10328 10328 I ViewInteraction: Performing 'com.wix.detox.espresso.action.detoxsingletap@eb4e39c click' action on view (an instance of android.widget.TextView and view.getText() with or without transformation to match: is "IS CARD VALID" and view has effective visibility <VISIBLE>)
03-22 21:58:02.388 10328 10398 I ReactNativeJS: false
03-22 21:58:02.889 10328 10393 I DetoxWSClient: Sending out action 'invokeResult' (ID #10)
03-22 21:58:02.890 10328 10393 I DetoxDispatcher: Done with action 'invoke'
03-22 21:58:02.913 10328 10395 D DetoxWSClient: Received action 'invoke' (ID #11, params={"target":{"type":"Class","value":"com.wix.detox.espresso.DetoxAssertion"},"method":"assertMatcher","args":[{"type":"Invocation","value":{"target":{"type":"Class","value":"androidx.test.espresso.Espresso"},"method":"onView","args":[{"type":"Invocation","value":{"target":{"type":"Class","value":"com.wix.detox.espresso.DetoxMatcher"},"method":"matcherForText","args":["Card Validity : false"]}}]}},{"type":"Invocation","value":{"target":{"type":"Class","value":"com.wix.detox.espresso.DetoxMatcher"},"method":"matcherForSufficientlyVisible","args":[{"type":"Integer","value":75}]}}]})
03-22 21:58:02.914 10328 10393 I DetoxDispatcher: Handling action 'invoke' (ID #11)...
03-22 21:58:02.915 10328 10393 D Detox   : class com.wix.detox.espresso.DetoxMatcher, matcherForText, [Card Validity : false]
03-22 21:58:02.916 10328 10393 D Detox   : class androidx.test.espresso.Espresso, onView, [(an instance of android.widget.TextView and view.getText() with or without transformation to match: is "Card Validity : false" and view has effective visibility <VISIBLE>)]
03-22 21:58:02.916 10328 10393 D Detox   : class com.wix.detox.espresso.DetoxMatcher, matcherForSufficientlyVisible, [75]
03-22 21:58:02.917 10328 10393 D Detox   : class com.wix.detox.espresso.DetoxAssertion, assertMatcher, [androidx.test.espresso.ViewInteraction@77a8346, (view has effective visibility <VISIBLE> and view.getGlobalVisibleRect() covers at least <75> percent of the view's area)]
03-22 21:58:02.923 10328 10328 I ViewInteraction: Checking 'MatchesViewAssertion(Detox){viewMatcher=(view has effective visibility <VISIBLE> and view.getGlobalVisibleRect() covers at least <75> percent of the view's area)}' assertion on view (an instance of android.widget.TextView and view.getText() with or without transformation to match: is "Card Validity : false" and view has effective visibility <VISIBLE>)
03-22 21:58:02.924 10328 10393 I DetoxWSClient: Sending out action 'invokeResult' (ID #11)
03-22 21:58:02.926 10328 10393 I DetoxDispatcher: Done with action 'invoke'
03-22 21:58:02.932 10328 10395 D DetoxWSClient: Received action 'invoke' (ID #12, params={"target":{"type":"Class","value":"com.wix.detox.espresso.EspressoDetox"},"method":"perform","args":[{"type":"Invocation","value":{"target":{"type":"Class","value":"androidx.test.espresso.Espresso"},"method":"onView","args":[{"type":"Invocation","value":{"target":{"type":"Class","value":"com.wix.detox.espresso.DetoxMatcher"},"method":"matcherForText","args":["GET CARD NETWORK"]}}]}},{"type":"Invocation","value":{"target":{"type":"Class","value":"com.wix.detox.espresso.DetoxViewActions"},"method":"click","args":[]}}]})
03-22 21:58:02.933 10328 10393 I DetoxDispatcher: Handling action 'invoke' (ID #12)...
03-22 21:58:02.935 10328 10393 D Detox   : class com.wix.detox.espresso.DetoxMatcher, matcherForText, [GET CARD NETWORK]
03-22 21:58:02.935 10328 10393 D Detox   : class androidx.test.espresso.Espresso, onView, [(an instance of android.widget.TextView and view.getText() with or without transformation to match: is "GET CARD NETWORK" and view has effective visibility <VISIBLE>)]
03-22 21:58:02.935 10328 10393 D Detox   : class com.wix.detox.espresso.DetoxViewActions, click, []
03-22 21:58:02.935 10328 10393 D Detox   : class com.wix.detox.espresso.EspressoDetox, perform, [androidx.test.espresso.ViewInteraction@14d6907, com.wix.detox.espresso.action.RNClickAction@6600a34]
03-22 21:58:02.939 10328 10328 I ViewInteraction: Performing 'com.wix.detox.espresso.action.detoxsingletap@238605d click' action on view (an instance of android.widget.TextView and view.getText() with or without transformation to match: is "GET CARD NETWORK" and view has effective visibility <VISIBLE>)
03-22 21:58:02.969 10328 10381 D EGL_emulation: app_time_stats: avg=14.15ms min=2.59ms max=24.65ms count=58
03-22 21:58:02.990 10328 10398 I ReactNativeJS: unknown
03-22 21:58:03.037 10328 10328 I Detox   : UIManagerModule is busy
03-22 21:58:03.442 10328 10393 I DetoxWSClient: Sending out action 'invokeResult' (ID #12)
03-22 21:58:03.443 10328 10393 I DetoxDispatcher: Done with action 'invoke'
03-22 21:58:03.451 10328 10395 D DetoxWSClient: Received action 'invoke' (ID #13, params={"target":{"type":"Class","value":"com.wix.detox.espresso.DetoxAssertion"},"method":"assertMatcher","args":[{"type":"Invocation","value":{"target":{"type":"Class","value":"androidx.test.espresso.Espresso"},"method":"onView","args":[{"type":"Invocation","value":{"target":{"type":"Class","value":"com.wix.detox.espresso.DetoxMatcher"},"method":"matcherForText","args":["Card Network : unknown"]}}]}},{"type":"Invocation","value":{"target":{"type":"Class","value":"com.wix.detox.espresso.DetoxMatcher"},"method":"matcherForSufficientlyVisible","args":[{"type":"Integer","value":75}]}}]})
03-22 21:58:03.451 10328 10393 I DetoxDispatcher: Handling action 'invoke' (ID #13)...
03-22 21:58:03.452 10328 10393 D Detox   : class com.wix.detox.espresso.DetoxMatcher, matcherForText, [Card Network : unknown]
03-22 21:58:03.452 10328 10393 D Detox   : class androidx.test.espresso.Espresso, onView, [(an instance of android.widget.TextView and view.getText() with or without transformation to match: is "Card Network : unknown" and view has effective visibility <VISIBLE>)]
03-22 21:58:03.453 10328 10393 D Detox   : class com.wix.detox.espresso.DetoxMatcher, matcherForSufficientlyVisible, [75]
03-22 21:58:03.453 10328 10393 D Detox   : class com.wix.detox.espresso.DetoxAssertion, assertMatcher, [androidx.test.espresso.ViewInteraction@9b0b51e, (view has effective visibility <VISIBLE> and view.getGlobalVisibleRect() covers at least <75> percent of the view's area)]
03-22 21:58:03.457 10328 10328 I ViewInteraction: Checking 'MatchesViewAssertion(Detox){viewMatcher=(view has effective visibility <VISIBLE> and view.getGlobalVisibleRect() covers at least <75> percent of the view's area)}' assertion on view (an instance of android.widget.TextView and view.getText() with or without transformation to match: is "Card Network : unknown" and view has effective visibility <VISIBLE>)
03-22 21:58:03.461 10328 10393 I DetoxWSClient: Sending out action 'invokeResult' (ID #13)
03-22 21:58:03.461 10328 10393 I DetoxDispatcher: Done with action 'invoke'
