--------- beginning of main
03-22 01:03:43.982  8018  8018 I com.detoxsampl: Late-enabling -Xcheck:jni
03-22 01:03:44.012  8018  8018 I com.detoxsampl: Unquickening 19 vdex files!
--------- beginning of system
03-22 01:03:44.096  8018  8018 W ActivityThread: Package uses different ABI(s) than its instrumentation: package[com.detoxsample]: arm64-v8a, null instrumentation[com.detoxsample.test]: null, null
03-22 01:03:44.100  8018  8018 I Typeface: Current DefaultTypeface ( lgtravel )
03-22 01:03:44.106  8018  8018 I com.detoxsampl: The ClassLoaderContext is a special shared library.
03-22 01:03:44.122  8018  8018 I chatty  : uid=10488(com.detoxsample) identical 2 lines
03-22 01:03:44.127  8018  8018 I com.detoxsampl: The ClassLoaderContext is a special shared library.
03-22 01:03:44.345  8018  8018 D ApplicationLoaders: Returning zygote-cached class loader: /system/framework/android.test.base.jar
03-22 01:03:44.345  8018  8018 D ApplicationLoaders: Returning zygote-cached class loader: /system/framework/android.test.base.jar
03-22 01:03:44.348  8018  8018 I com.detoxsampl: The ClassLoaderContext is a special shared library.
03-22 01:03:44.352  8018  8018 D ApplicationLoaders: Returning zygote-cached class loader: /system/framework/android.test.base.jar
03-22 01:03:44.352  8018  8018 D ApplicationLoaders: Returning zygote-cached class loader: /system/framework/android.test.base.jar
03-22 01:03:44.354  8018  8018 I com.detoxsampl: The ClassLoaderContext is a special shared library.
03-22 01:03:44.359  8018  8018 I chatty  : uid=10488(com.detoxsample) identical 2 lines
03-22 01:03:44.360  8018  8018 I com.detoxsampl: The ClassLoaderContext is a special shared library.
03-22 01:03:44.578  8018  8018 W com.detoxsampl: Accessing hidden method Landroid/app/Instrumentation;->execStartActivity(Landroid/content/Context;Landroid/os/IBinder;Landroid/os/IBinder;Landroid/app/Activity;Landroid/content/Intent;ILandroid/os/Bundle;)Landroid/app/Instrumentation$ActivityResult; (greylist, linking, allowed)
03-22 01:03:44.578  8018  8018 W com.detoxsampl: Accessing hidden method Landroid/app/Instrumentation;->execStartActivity(Landroid/content/Context;Landroid/os/IBinder;Landroid/os/IBinder;Ljava/lang/String;Landroid/content/Intent;ILandroid/os/Bundle;)Landroid/app/Instrumentation$ActivityResult; (greylist, linking, allowed)
03-22 01:03:44.587  8018  8018 D NetworkSecurityConfig: Using Network Security Config from resource network_security_config debugBuild: true
03-22 01:03:44.589  8018  8018 D NetworkSecurityConfig: Using Network Security Config from resource network_security_config debugBuild: true
03-22 01:03:44.592  8018  8018 I MonitoringInstr: Instrumentation started!
03-22 01:03:44.607  8018  8018 V TestEventClient: No service name argument was given (testDiscoveryService, testRunEventService or orchestratorService)
03-22 01:03:44.612  8018  8018 D SoLoader: init start
03-22 01:03:44.613  8018  8018 D SoLoader: adding system library source: /vendor/lib64
03-22 01:03:44.614  8018  8018 D SoLoader: adding system library source: /system/lib64
03-22 01:03:44.614  8018  8018 D SoLoader: adding application source: com.facebook.soloader.DirectorySoSource[root = /data/app/~~5eevsVpWKNyhd3hEmLiziQ==/com.detoxsample-rXTzWx4bBqcV_bklmjT4fQ==/lib/arm64 flags = 0]
03-22 01:03:44.616  8018  8018 D SoLoader: adding backup source from : com.facebook.soloader.ApkSoSource[root = /data/data/com.detoxsample/lib-main flags = 1]
03-22 01:03:44.616  8018  8018 D SoLoader: Preparing SO source: com.facebook.soloader.DirectorySoSource[root = /system/lib64 flags = 2]
03-22 01:03:44.616  8018  8018 D SoLoader: Preparing SO source: com.facebook.soloader.DirectorySoSource[root = /vendor/lib64 flags = 2]
03-22 01:03:44.616  8018  8018 D SoLoader: Preparing SO source: com.facebook.soloader.DirectorySoSource[root = /data/app/~~5eevsVpWKNyhd3hEmLiziQ==/com.detoxsample-rXTzWx4bBqcV_bklmjT4fQ==/lib/arm64 flags = 0]
03-22 01:03:44.616  8018  8018 D SoLoader: Preparing SO source: com.facebook.soloader.ApkSoSource[root = /data/data/com.detoxsample/lib-main flags = 1]
03-22 01:03:44.623  8018  8018 V fb-UnpackingSoSource: locked dso store /data/user/0/com.detoxsample/lib-main
03-22 01:03:44.631  8018  8018 V fb-UnpackingSoSource: deps mismatch on deps store: regenerating
03-22 01:03:44.631  8018  8018 V fb-UnpackingSoSource: so store dirty: regenerating
03-22 01:03:44.699  8018  8018 D ApkSoSource: not allowing consideration of lib/arm64-v8a/libbetter.so: deferring to libdir
03-22 01:03:44.700  8018  8018 D ApkSoSource: not allowing consideration of lib/arm64-v8a/libc++_shared.so: deferring to libdir
03-22 01:03:44.700  8018  8018 D ApkSoSource: not allowing consideration of lib/arm64-v8a/libevent-2.1.so: deferring to libdir
03-22 01:03:44.700  8018  8018 D ApkSoSource: not allowing consideration of lib/arm64-v8a/libevent_core-2.1.so: deferring to libdir
03-22 01:03:44.700  8018  8018 D ApkSoSource: not allowing consideration of lib/arm64-v8a/libevent_extra-2.1.so: deferring to libdir
03-22 01:03:44.700  8018  8018 D ApkSoSource: not allowing consideration of lib/arm64-v8a/libfabricjni.so: deferring to libdir
03-22 01:03:44.700  8018  8018 D ApkSoSource: not allowing consideration of lib/arm64-v8a/libfb.so: deferring to libdir
03-22 01:03:44.700  8018  8018 D ApkSoSource: not allowing consideration of lib/arm64-v8a/libfbjni.so: deferring to libdir
03-22 01:03:44.700  8018  8018 D ApkSoSource: not allowing consideration of lib/arm64-v8a/libflipper.so: deferring to libdir
03-22 01:03:44.700  8018  8018 D ApkSoSource: not allowing consideration of lib/arm64-v8a/libfolly_futures.so: deferring to libdir
03-22 01:03:44.700  8018  8018 D ApkSoSource: not allowing consideration of lib/arm64-v8a/libfolly_json.so: deferring to libdir
03-22 01:03:44.700  8018  8018 D ApkSoSource: not allowing consideration of lib/arm64-v8a/libglog.so: deferring to libdir
03-22 01:03:44.700  8018  8018 D ApkSoSource: not allowing consideration of lib/arm64-v8a/libglog_init.so: deferring to libdir
03-22 01:03:44.701  8018  8018 D ApkSoSource: not allowing consideration of lib/arm64-v8a/libimagepipeline.so: deferring to libdir
03-22 01:03:44.701  8018  8018 D ApkSoSource: not allowing consideration of lib/arm64-v8a/libjsc.so: deferring to libdir
03-22 01:03:44.701  8018  8018 D ApkSoSource: not allowing consideration of lib/arm64-v8a/libjscexecutor.so: deferring to libdir
03-22 01:03:44.701  8018  8018 D ApkSoSource: not allowing consideration of lib/arm64-v8a/libjsi.so: deferring to libdir
03-22 01:03:44.701  8018  8018 D ApkSoSource: not allowing consideration of lib/arm64-v8a/libjsijniprofiler.so: deferring to libdir
03-22 01:03:44.701  8018  8018 D ApkSoSource: not allowing consideration of lib/arm64-v8a/libjsinspector.so: deferring to libdir
03-22 01:03:44.701  8018  8018 D ApkSoSource: not allowing consideration of lib/arm64-v8a/liblogger.so: deferring to libdir
03-22 01:03:44.701  8018  8018 D ApkSoSource: not allowing consideration of lib/arm64-v8a/libmapbufferjni.so: deferring to libdir
03-22 01:03:44.701  8018  8018 D ApkSoSource: not allowing consideration of lib/arm64-v8a/libnative-filters.so: deferring to libdir
03-22 01:03:44.701  8018  8018 D ApkSoSource: not allowing consideration of lib/arm64-v8a/libnative-imagetranscoder.so: deferring to libdir
03-22 01:03:44.701  8018  8018 D ApkSoSource: not allowing consideration of lib/arm64-v8a/libreact_codegen_rncore.so: deferring to libdir
03-22 01:03:44.702  8018  8018 D ApkSoSource: not allowing consideration of lib/arm64-v8a/libreact_debug.so: deferring to libdir
03-22 01:03:44.702  8018  8018 D ApkSoSource: not allowing consideration of lib/arm64-v8a/libreact_nativemodule_core.so: deferring to libdir
03-22 01:03:44.702  8018  8018 D ApkSoSource: not allowing consideration of lib/arm64-v8a/libreact_render_animations.so: deferring to libdir
03-22 01:03:44.702  8018  8018 D ApkSoSource: not allowing consideration of lib/arm64-v8a/libreact_render_attributedstring.so: deferring to libdir
03-22 01:03:44.702  8018  8018 D ApkSoSource: not allowing consideration of lib/arm64-v8a/libreact_render_componentregistry.so: deferring to libdir
03-22 01:03:44.702  8018  8018 D ApkSoSource: not allowing consideration of lib/arm64-v8a/libreact_render_core.so: deferring to libdir
03-22 01:03:44.702  8018  8018 D ApkSoSource: not allowing consideration of lib/arm64-v8a/libreact_render_debug.so: deferring to libdir
03-22 01:03:44.702  8018  8018 D ApkSoSource: not allowing consideration of lib/arm64-v8a/libreact_render_graphics.so: deferring to libdir
03-22 01:03:44.702  8018  8018 D ApkSoSource: not allowing consideration of lib/arm64-v8a/libreact_render_imagemanager.so: deferring to libdir
03-22 01:03:44.703  8018  8018 D ApkSoSource: not allowing consideration of lib/arm64-v8a/libreact_render_leakchecker.so: deferring to libdir
03-22 01:03:44.703  8018  8018 D ApkSoSource: not allowing consideration of lib/arm64-v8a/libreact_render_mapbuffer.so: deferring to libdir
03-22 01:03:44.703  8018  8018 D ApkSoSource: not allowing consideration of lib/arm64-v8a/libreact_render_mounting.so: deferring to libdir
03-22 01:03:44.703  8018  8018 D ApkSoSource: not allowing consideration of lib/arm64-v8a/libreact_render_runtimescheduler.so: deferring to libdir
03-22 01:03:44.703  8018  8018 D ApkSoSource: not allowing consideration of lib/arm64-v8a/libreact_render_scheduler.so: deferring to libdir
03-22 01:03:44.703  8018  8018 D ApkSoSource: not allowing consideration of lib/arm64-v8a/libreact_render_telemetry.so: deferring to libdir
03-22 01:03:44.703  8018  8018 D ApkSoSource: not allowing consideration of lib/arm64-v8a/libreact_render_templateprocessor.so: deferring to libdir
03-22 01:03:44.703  8018  8018 D ApkSoSource: not allowing consideration of lib/arm64-v8a/libreact_render_textlayoutmanager.so: deferring to libdir
03-22 01:03:44.703  8018  8018 D ApkSoSource: not allowing consideration of lib/arm64-v8a/libreact_render_uimanager.so: deferring to libdir
03-22 01:03:44.703  8018  8018 D ApkSoSource: not allowing consideration of lib/arm64-v8a/libreact_utils.so: deferring to libdir
03-22 01:03:44.704  8018  8018 D ApkSoSource: not allowing consideration of lib/arm64-v8a/libreactconfig.so: deferring to libdir
03-22 01:03:44.704  8018  8018 D ApkSoSource: not allowing consideration of lib/arm64-v8a/libreactnativeblob.so: deferring to libdir
03-22 01:03:44.704  8018  8018 D ApkSoSource: not allowing consideration of lib/arm64-v8a/libreactnativejni.so: deferring to libdir
03-22 01:03:44.704  8018  8018 D ApkSoSource: not allowing consideration of lib/arm64-v8a/libreactnativeutilsjni.so: deferring to libdir
03-22 01:03:44.704  8018  8018 D ApkSoSource: not allowing consideration of lib/arm64-v8a/libreactperfloggerjni.so: deferring to libdir
03-22 01:03:44.704  8018  8018 D ApkSoSource: not allowing consideration of lib/arm64-v8a/librrc_image.so: deferring to libdir
03-22 01:03:44.704  8018  8018 D ApkSoSource: not allowing consideration of lib/arm64-v8a/librrc_modal.so: deferring to libdir
03-22 01:03:44.704  8018  8018 D ApkSoSource: not allowing consideration of lib/arm64-v8a/librrc_progressbar.so: deferring to libdir
03-22 01:03:44.704  8018  8018 D ApkSoSource: not allowing consideration of lib/arm64-v8a/librrc_root.so: deferring to libdir
03-22 01:03:44.704  8018  8018 D ApkSoSource: not allowing consideration of lib/arm64-v8a/librrc_scrollview.so: deferring to libdir
03-22 01:03:44.704  8018  8018 D ApkSoSource: not allowing consideration of lib/arm64-v8a/librrc_slider.so: deferring to libdir
03-22 01:03:44.704  8018  8018 D ApkSoSource: not allowing consideration of lib/arm64-v8a/librrc_switch.so: deferring to libdir
03-22 01:03:44.704  8018  8018 D ApkSoSource: not allowing consideration of lib/arm64-v8a/librrc_text.so: deferring to libdir
03-22 01:03:44.704  8018  8018 D ApkSoSource: not allowing consideration of lib/arm64-v8a/librrc_textinput.so: deferring to libdir
03-22 01:03:44.705  8018  8018 D ApkSoSource: not allowing consideration of lib/arm64-v8a/librrc_unimplementedview.so: deferring to libdir
03-22 01:03:44.705  8018  8018 D ApkSoSource: not allowing consideration of lib/arm64-v8a/librrc_view.so: deferring to libdir
03-22 01:03:44.705  8018  8018 D ApkSoSource: not allowing consideration of lib/arm64-v8a/libturbomodulejsijni.so: deferring to libdir
03-22 01:03:44.705  8018  8018 D ApkSoSource: not allowing consideration of lib/arm64-v8a/libyoga.so: deferring to libdir
03-22 01:03:44.705  8018  8018 V fb-UnpackingSoSource: regenerating DSO store com.facebook.soloader.ApkSoSource
03-22 01:03:44.706  8018  8018 V fb-UnpackingSoSource: Finished regenerating DSO store com.facebook.soloader.ApkSoSource
03-22 01:03:44.706  8018  8018 V fb-UnpackingSoSource: starting syncer worker
03-22 01:03:44.713  8018  8018 V fb-UnpackingSoSource: releasing dso store lock for /data/user/0/com.detoxsample/lib-main (from syncer thread)
03-22 01:03:44.714  8018  8018 V fb-UnpackingSoSource: not releasing dso store lock for /data/user/0/com.detoxsample/lib-main (syncer thread started)
03-22 01:03:44.714  8018  8018 D SoLoader: init finish: 4 SO sources prepared
03-22 01:03:44.714  8018  8018 D SoLoader: init exiting
03-22 01:03:44.727  8018  8018 D SoLoader: init exiting
03-22 01:03:44.727  8018  8018 D SoLoader: About to load: libjscexecutor.so
03-22 01:03:44.728  8018  8018 D SoLoader: libjscexecutor.so not found on /data/data/com.detoxsample/lib-main
03-22 01:03:44.728  8018  8018 D SoLoader: libjscexecutor.so found on /data/app/~~5eevsVpWKNyhd3hEmLiziQ==/com.detoxsample-rXTzWx4bBqcV_bklmjT4fQ==/lib/arm64
03-22 01:03:44.728  8018  8018 D SoLoader: Not resolving dependencies for libjscexecutor.so
03-22 01:03:44.760  8018  8018 D JavaScriptCore.Version: 250230.2.1
03-22 01:03:44.760  8018  8018 D SoLoader: Loaded: libjscexecutor.so
03-22 01:03:44.762  8018  8018 D SoLoader: init exiting
03-22 01:03:44.890  8018  8018 I SensorManager: registerListenerImpl() [Sensor: LGE Accelerometer Non-wakeup, Rate: 66667, SensorEventListener: com.facebook.react.common.ShakeDetector@717fc72] by com.facebook.react.common.ShakeDetector.start():60
03-22 01:03:44.912  8018  8093 D SoLoader: About to load: libfbjni.so
03-22 01:03:44.912  8018  8093 D SoLoader: libfbjni.so not found on /data/data/com.detoxsample/lib-main
03-22 01:03:44.912  8018  8093 D SoLoader: libfbjni.so found on /data/app/~~5eevsVpWKNyhd3hEmLiziQ==/com.detoxsample-rXTzWx4bBqcV_bklmjT4fQ==/lib/arm64
03-22 01:03:44.912  8018  8093 D SoLoader: Not resolving dependencies for libfbjni.so
03-22 01:03:44.913  8018  8093 D SoLoader: Loaded: libfbjni.so
03-22 01:03:44.913  8018  8093 D SoLoader: About to load: libflipper.so
03-22 01:03:44.914  8018  8093 D SoLoader: libflipper.so not found on /data/data/com.detoxsample/lib-main
03-22 01:03:44.914  8018  8093 D SoLoader: libflipper.so found on /data/app/~~5eevsVpWKNyhd3hEmLiziQ==/com.detoxsample-rXTzWx4bBqcV_bklmjT4fQ==/lib/arm64
03-22 01:03:44.914  8018  8093 D SoLoader: Not resolving dependencies for libflipper.so
03-22 01:03:44.961  8018  8093 D SoLoader: Loaded: libflipper.so
03-22 01:03:44.990  8018  8018 W com.detoxsampl: Accessing hidden field Landroid/view/View;->mKeyedTags:Landroid/util/SparseArray; (greylist, reflection, allowed)
03-22 01:03:44.990  8018  8018 W com.detoxsampl: Accessing hidden field Landroid/view/View;->mListenerInfo:Landroid/view/View$ListenerInfo; (greylist, reflection, allowed)
03-22 01:03:44.990  8018  8018 W com.detoxsampl: Accessing hidden field Landroid/view/View$ListenerInfo;->mOnClickListener:Landroid/view/View$OnClickListener; (greylist, reflection, allowed)
03-22 01:03:45.000  8018  8018 I flipper : flipper: FlipperClient::addPlugin Inspector
03-22 01:03:45.000  8018  8018 I flipper : flipper: FlipperClient::addPlugin React
03-22 01:03:45.003  8018  8018 I flipper : flipper: FlipperClient::addPlugin Databases
03-22 01:03:45.004  8018  8018 I flipper : flipper: FlipperClient::addPlugin Preferences
03-22 01:03:45.004  8018  8018 I flipper : flipper: FlipperClient::addPlugin CrashReporter
03-22 01:03:45.007  8018  8018 I flipper : flipper: FlipperClient::addPlugin Network
03-22 01:03:45.043  8018  8044 I UsageTrackerFacilitator: Usage tracking enabled
03-22 01:03:45.046  8018  8044 I TestRequestBuilder: Scanning classpath to find tests in paths [/data/app/~~jkuMxGLwUeIA1M0lmNMblA==/com.detoxsample.test-OxdoeNLcdy4HGImqvDzYrQ==/base.apk]
03-22 01:03:45.047  8018  8044 W com.detoxsampl: Opening an oat file without a class loader. Are you using the deprecated DexFile APIs?
03-22 01:03:45.954  8018  8044 D TestExecutor: Adding listener androidx.test.internal.runner.listener.LogRunListener
03-22 01:03:45.954  8018  8044 D TestExecutor: Adding listener androidx.test.internal.runner.listener.InstrumentationResultPrinter
03-22 01:03:45.954  8018  8044 D TestExecutor: Adding listener androidx.test.internal.runner.listener.ActivityFinisherRunListener
03-22 01:03:45.956  8018  8044 I TestRunner: run started: 1 tests
03-22 01:03:45.960  8018  8044 I TestRunner: started: runDetoxTests(com.detoxsample.DetoxTest)
03-22 01:03:45.979  8018  8044 D EventInjectionStrategy: Creating injection strategy with input manager.
03-22 01:03:45.979  8018  8044 W com.detoxsampl: Accessing hidden method Landroid/hardware/input/InputManager;->getInstance()Landroid/hardware/input/InputManager; (greylist, reflection, allowed)
03-22 01:03:45.979  8018  8044 W com.detoxsampl: Accessing hidden method Landroid/hardware/input/InputManager;->injectInputEvent(Landroid/view/InputEvent;I)Z (greylist, reflection, allowed)
03-22 01:03:45.979  8018  8044 W com.detoxsampl: Accessing hidden field Landroid/hardware/input/InputManager;->INJECT_INPUT_EVENT_MODE_WAIT_FOR_FINISH:I (greylist, reflection, allowed)
03-22 01:03:45.992  8018  8044 W com.detoxsampl: Accessing hidden field Ljava/lang/reflect/Field;->accessFlags:I (greylist, reflection, allowed)
03-22 01:03:46.059  8018  8108 D SoLoader: About to load: libreactnativejni.so
03-22 01:03:46.060  8018  8108 D SoLoader: libreactnativejni.so not found on /data/data/com.detoxsample/lib-main
03-22 01:03:46.062  8018  8108 D SoLoader: libreactnativejni.so found on /data/app/~~5eevsVpWKNyhd3hEmLiziQ==/com.detoxsample-rXTzWx4bBqcV_bklmjT4fQ==/lib/arm64
03-22 01:03:46.062  8018  8108 D SoLoader: Not resolving dependencies for libreactnativejni.so
03-22 01:03:46.063  8018  8108 D SoLoader: Loaded: libreactnativejni.so
03-22 01:03:46.207  8018  8018 D LifecycleMonitor: Lifecycle status change: com.detoxsample.MainActivity@f02b0f5 in: PRE_ON_CREATE
03-22 01:03:46.305  8018  8018 W com.detoxsampl: Accessing hidden method Landroid/view/View;->computeFitSystemWindows(Landroid/graphics/Rect;Landroid/graphics/Rect;)Z (greylist, reflection, allowed)
03-22 01:03:46.306  8018  8018 W com.detoxsampl: Accessing hidden method Landroid/view/ViewGroup;->makeOptionalFitsSystemWindows()V (greylist, reflection, allowed)
03-22 01:03:46.319  8018  8018 D LifecycleMonitor: Lifecycle status change: com.detoxsample.MainActivity@f02b0f5 in: CREATED
03-22 01:03:46.322  8018  8018 D LifecycleMonitor: Lifecycle status change: com.detoxsample.MainActivity@f02b0f5 in: STARTED
03-22 01:03:46.333  8018  8018 D LifecycleMonitor: Lifecycle status change: com.detoxsample.MainActivity@f02b0f5 in: RESUMED
03-22 01:03:46.370  8018  8018 I TouchFilterInputStageHelper: [needTouchEventFilter] Displayid : 0
03-22 01:03:46.373  8018  8018 D HandGripFilter: getdisplaysize, x : 1080 y : 2340
03-22 01:03:46.380  8018  8018 W unknown:ReactNative: Packager connection already open, nooping.
03-22 01:03:46.403  8018  8216 I AdrenoGLES-0: QUALCOMM build                   : 59e4ca3, Ic42881d075
03-22 01:03:46.403  8018  8216 I AdrenoGLES-0: Build Date                       : 01/07/21
03-22 01:03:46.403  8018  8216 I AdrenoGLES-0: OpenGL ES Shader Compiler Version: EV031.32.02.06
03-22 01:03:46.403  8018  8216 I AdrenoGLES-0: Local Branch                     : mybrancheb50fcd0-9e7c-f130-bc5f-5cb90179c3d8
03-22 01:03:46.403  8018  8216 I AdrenoGLES-0: Remote Branch                    : quic/gfx-adreno.lnx.1.0.r99-rel
03-22 01:03:46.403  8018  8216 I AdrenoGLES-0: Remote Branch                    : NONE
03-22 01:03:46.403  8018  8216 I AdrenoGLES-0: Reconstruct Branch               : NOTHING
03-22 01:03:46.403  8018  8216 I AdrenoGLES-0: Build Config                     : S P 10.0.7 AArch64
03-22 01:03:46.403  8018  8216 I AdrenoGLES-0: Driver Path                      : /vendor/lib64/egl/libGLESv2_adreno.so
03-22 01:03:46.410  8018  8216 I AdrenoGLES-0: PFP: 0x016ee190, ME: 0x00000000
03-22 01:03:46.629  8018  8018 I TouchFilterInputStageHelper: [needTouchEventFilter] Displayid : 0
03-22 01:03:46.631  8018  8018 D HandGripFilter: getdisplaysize, x : 1080 y : 2340
03-22 01:03:46.682  8018  8018 I Timeline: Timeline: Activity_idle id: ActivityRecord{7499c42 token=android.os.BinderProxy@1fc8ce7 {com.detoxsample/com.detoxsample.MainActivity}} time:379378911
03-22 01:03:46.707  8018  8044 I Detox   : Detox server connection details: url=ws://localhost:58688, sessionId=daa03ac7-593d-a50a-3ab5-9a80196025d0
03-22 01:03:46.726  8018  8291 I DetoxDispatcher: Handling action '_init' (ID #0)...
03-22 01:03:46.726  8018  8291 I Detox   : Connecting to server...
03-22 01:03:46.726  8018  8291 I DetoxWSClient: At connectToServer
03-22 01:03:46.751  8018  8285 W unknown:ReactContext: initializeMessageQueueThreads() is called.
03-22 01:03:46.771  8018  8296 D DetoxWSClient: At onOpen
03-22 01:03:46.771  8018  8296 I DetoxWSClient: Sending out action 'login' (ID #0)
03-22 01:03:46.771  8018  8296 I Detox   : Connected to server!
03-22 01:03:46.775  8018  8018 W unknown:ReactNative: Packager connection already open, nooping.
03-22 01:03:46.777  8018  8296 D DetoxWSClient: Received action 'loginSuccess' (ID #0, params={"testerConnected":true,"appConnected":true})
03-22 01:03:46.812  8018  8296 D DetoxWSClient: Received action 'isReady' (ID #-1000, params={})
03-22 01:03:46.837  8018  8290 W unknown:ViewManagerPropertyUpdater: Could not find generated setter for class com.facebook.react.views.drawer.ReactDrawerLayoutManager
03-22 01:03:46.842  8018  8290 W unknown:ViewManagerPropertyUpdater: Could not find generated setter for class com.facebook.react.uimanager.LayoutShadowNode
03-22 01:03:46.845  8018  8290 W unknown:ViewManagerPropertyUpdater: Could not find generated setter for class com.facebook.react.views.scroll.ReactHorizontalScrollViewManager
03-22 01:03:46.849  8018  8290 W unknown:ViewManagerPropertyUpdater: Could not find generated setter for class com.facebook.react.views.scroll.ReactHorizontalScrollContainerViewManager
03-22 01:03:46.850  8018  8290 W unknown:ViewManagerPropertyUpdater: Could not find generated setter for class com.facebook.react.views.progressbar.ReactProgressBarViewManager
03-22 01:03:46.851  8018  8290 W unknown:ViewManagerPropertyUpdater: Could not find generated setter for class com.facebook.react.views.progressbar.ProgressBarShadowNode
03-22 01:03:46.853  8018  8290 W unknown:ViewManagerPropertyUpdater: Could not find generated setter for class com.facebook.react.views.scroll.ReactScrollViewManager
03-22 01:03:46.855  8018  8290 W unknown:ViewManagerPropertyUpdater: Could not find generated setter for class com.facebook.react.views.slider.ReactSliderManager
03-22 01:03:46.857  8018  8290 W unknown:ViewManagerPropertyUpdater: Could not find generated setter for class com.facebook.react.views.slider.ReactSliderManager$ReactSliderShadowNode
03-22 01:03:46.858  8018  8290 W unknown:ViewManagerPropertyUpdater: Could not find generated setter for class com.facebook.react.views.switchview.ReactSwitchManager
03-22 01:03:46.860  8018  8290 W unknown:ViewManagerPropertyUpdater: Could not find generated setter for class com.facebook.react.views.switchview.ReactSwitchManager$ReactSwitchShadowNode
03-22 01:03:46.860  8018  8290 W unknown:ViewManagerPropertyUpdater: Could not find generated setter for class com.facebook.react.views.swiperefresh.SwipeRefreshLayoutManager
03-22 01:03:46.863  8018  8290 W unknown:ViewManagerPropertyUpdater: Could not find generated setter for class com.facebook.react.views.text.frescosupport.FrescoBasedReactTextInlineImageViewManager
03-22 01:03:46.864  8018  8290 W unknown:ViewManagerPropertyUpdater: Could not find generated setter for class com.facebook.react.views.text.frescosupport.FrescoBasedReactTextInlineImageShadowNode
03-22 01:03:46.865  8018  8290 W unknown:ViewManagerPropertyUpdater: Could not find generated setter for class com.facebook.react.views.image.ReactImageManager
03-22 01:03:46.867  8018  8290 W unknown:ViewManagerPropertyUpdater: Could not find generated setter for class com.facebook.react.views.modal.ReactModalHostManager
03-22 01:03:46.868  8018  8290 W unknown:ViewManagerPropertyUpdater: Could not find generated setter for class com.facebook.react.views.modal.ModalHostShadowNode
03-22 01:03:46.869  8018  8290 W unknown:ViewManagerPropertyUpdater: Could not find generated setter for class com.facebook.react.views.text.ReactRawTextManager
03-22 01:03:46.869  8018  8290 W unknown:ViewManagerPropertyUpdater: Could not find generated setter for class com.facebook.react.views.text.ReactRawTextShadowNode
03-22 01:03:46.870  8018  8290 W unknown:ViewManagerPropertyUpdater: Could not find generated setter for class com.facebook.react.views.textinput.ReactTextInputManager
03-22 01:03:46.874  8018  8290 W unknown:ViewManagerPropertyUpdater: Could not find generated setter for class com.facebook.react.views.textinput.ReactTextInputShadowNode
03-22 01:03:46.878  8018  8290 W unknown:ViewManagerPropertyUpdater: Could not find generated setter for class com.facebook.react.views.text.ReactTextViewManager
03-22 01:03:46.880  8018  8290 W unknown:ViewManagerPropertyUpdater: Could not find generated setter for class com.facebook.react.views.text.ReactTextShadowNode
03-22 01:03:46.880  8018  8290 W unknown:ViewManagerPropertyUpdater: Could not find generated setter for class com.facebook.react.views.view.ReactViewManager
03-22 01:03:46.883  8018  8290 W unknown:ViewManagerPropertyUpdater: Could not find generated setter for class com.facebook.react.views.text.ReactVirtualTextViewManager
03-22 01:03:46.883  8018  8290 W unknown:ViewManagerPropertyUpdater: Could not find generated setter for class com.facebook.react.views.text.ReactVirtualTextShadowNode
03-22 01:03:46.884  8018  8290 W unknown:ViewManagerPropertyUpdater: Could not find generated setter for class com.facebook.react.views.unimplementedview.ReactUnimplementedViewManager
03-22 01:03:46.894  8018  8290 W unknown:ReactContext: initializeMessageQueueThreads() is called.
03-22 01:03:46.896  8018  8290 D SoLoader: About to load: libyoga.so
03-22 01:03:46.897  8018  8290 D SoLoader: libyoga.so not found on /data/data/com.detoxsample/lib-main
03-22 01:03:46.897  8018  8290 D SoLoader: libyoga.so found on /data/app/~~5eevsVpWKNyhd3hEmLiziQ==/com.detoxsample-rXTzWx4bBqcV_bklmjT4fQ==/lib/arm64
03-22 01:03:46.897  8018  8290 D SoLoader: Not resolving dependencies for libyoga.so
03-22 01:03:46.898  8018  8290 D SoLoader: Loaded: libyoga.so
03-22 01:03:46.905  8018  8018 I DetoxRNLoading: Got new RN-context async'ly through listener
03-22 01:03:46.906  8018  8291 I DetoxRNIdleRes: Setting up Espresso Idling Resources for React Native
03-22 01:03:46.933  8018  8291 D AsyncStorageIR: Checking whether a custom IR for Async-Storage is required... (legacy=false)
03-22 01:03:46.934  8018  8291 D DetoxRNHelpers: Native RN module resolution (class com.reactnativecommunity.asyncstorage.AsyncStorageModule): no such class
03-22 01:03:46.934  8018  8291 D AsyncStorageIR: Checking whether a custom IR for Async-Storage is required... (legacy=true)
03-22 01:03:46.935  8018  8291 D AsyncStorageIR: IR for Async-Storage is required! (legacy=true)
03-22 01:03:46.945  8018  8018 D AsyncStorageIRLegacy: Async-storage is busy!
03-22 01:03:46.956  8018  8291 I DetoxDispatcher: Done with action '_init'
03-22 01:03:46.956  8018  8291 I DetoxDispatcher: Handling action 'isReady' (ID #-1000)...
03-22 01:03:46.958  8018  8290 I flipper : flipper: FlipperClient::addPlugin Fresco
03-22 01:03:46.959  8018  8290 W com.detoxsampl: Accessing hidden method Landroid/os/MessageQueue;->next()Landroid/os/Message; (greylist, reflection, allowed)
03-22 01:03:46.959  8018  8290 W com.detoxsampl: Accessing hidden field Landroid/os/MessageQueue;->mMessages:Landroid/os/Message; (greylist, reflection, allowed)
03-22 01:03:46.960  8018  8290 W com.detoxsampl: Accessing hidden method Landroid/os/Message;->recycleUnchecked()V (greylist, reflection, allowed)
03-22 01:03:47.160  8018  8289 D SoLoader: About to load: libreactnativeblob.so
03-22 01:03:47.160  8018  8289 D SoLoader: libreactnativeblob.so not found on /data/data/com.detoxsample/lib-main
03-22 01:03:47.161  8018  8289 D SoLoader: libreactnativeblob.so found on /data/app/~~5eevsVpWKNyhd3hEmLiziQ==/com.detoxsample-rXTzWx4bBqcV_bklmjT4fQ==/lib/arm64
03-22 01:03:47.161  8018  8289 D SoLoader: Not resolving dependencies for libreactnativeblob.so
03-22 01:03:47.164  8018  8289 D SoLoader: Loaded: libreactnativeblob.so
03-22 01:03:47.268  8018  8290 I WebViewFactory: Loading com.google.android.webview version 99.0.4844.58 (code 484405833)
03-22 01:03:47.395  8018  8290 W com.detoxsampl: Accessing hidden method Landroid/os/Trace;->isTagEnabled(J)Z (greylist, reflection, allowed)
03-22 01:03:47.396  8018  8290 W com.detoxsampl: Accessing hidden method Landroid/os/Trace;->traceBegin(JLjava/lang/String;)V (greylist, reflection, allowed)
03-22 01:03:47.396  8018  8290 W com.detoxsampl: Accessing hidden method Landroid/os/Trace;->traceEnd(J)V (greylist, reflection, allowed)
03-22 01:03:47.396  8018  8290 W com.detoxsampl: Accessing hidden method Landroid/os/Trace;->asyncTraceBegin(JLjava/lang/String;I)V (greylist, reflection, allowed)
03-22 01:03:47.396  8018  8290 W com.detoxsampl: Accessing hidden method Landroid/os/Trace;->asyncTraceEnd(JLjava/lang/String;I)V (greylist, reflection, allowed)
03-22 01:03:47.405  8018  8289 I ReactNativeJS: Running "DetoxSample" with {"rootTag":1}
03-22 01:03:47.407  8018  8290 I cr_WVCFactoryProvider: Loaded version=99.0.4844.58 minSdkVersion=29 isBundle=true multiprocess=true packageId=3
03-22 01:03:47.500  8018  8290 I cr_LibraryLoader: Successfully loaded native library
03-22 01:03:47.504  8018  8290 I cr_CachingUmaRecorder: Flushed 8 samples from 8 histograms.
03-22 01:03:47.743  8018  8018 W com.detoxsampl: Accessing hidden field Landroid/widget/ScrollView;->mScroller:Landroid/widget/OverScroller; (greylist, reflection, allowed)
03-22 01:03:47.819  8018  8395 D SoLoader: About to load: libimagepipeline.so
03-22 01:03:47.819  8018  8395 D SoLoader: libimagepipeline.so not found on /data/data/com.detoxsample/lib-main
03-22 01:03:47.819  8018  8395 D SoLoader: libimagepipeline.so found on /data/app/~~5eevsVpWKNyhd3hEmLiziQ==/com.detoxsample-rXTzWx4bBqcV_bklmjT4fQ==/lib/arm64
03-22 01:03:47.819  8018  8395 D SoLoader: Not resolving dependencies for libimagepipeline.so
03-22 01:03:47.819  8018  8018 I Detox   : Wait is over: app is now idle!
03-22 01:03:47.820  8018  8291 I DetoxWSClient: Sending out action 'ready' (ID #-1000)
03-22 01:03:47.820  8018  8291 I DetoxDispatcher: Done with action 'isReady'
03-22 01:03:47.820  8018  8291 I DetoxDispatcher: Handling action 'loginSuccess' (ID #0)...
03-22 01:03:47.820  8018  8291 I DetoxDispatcher: Done with action 'loginSuccess'
03-22 01:03:47.820  8018  8291 I DetoxDispatcher: Handling action 'isReady' (ID #-1000)...
03-22 01:03:47.823  8018  8395 D SoLoader: Loaded: libimagepipeline.so
03-22 01:03:47.827  8018  8018 I Detox   : Wait is over: app is now idle!
03-22 01:03:47.827  8018  8291 I DetoxWSClient: Sending out action 'ready' (ID #-1000)
03-22 01:03:47.828  8018  8291 I DetoxDispatcher: Done with action 'isReady'
