--------- beginning of main
03-22 00:54:55.421 12132 12132 I com.detoxsampl: Late-enabling -Xcheck:jni
03-22 00:54:55.445 12132 12132 I com.detoxsampl: Unquickening 19 vdex files!
--------- beginning of system
03-22 00:54:55.515 12132 12132 W ActivityThread: Package uses different ABI(s) than its instrumentation: package[com.detoxsample]: arm64-v8a, null instrumentation[com.detoxsample.test]: null, null
03-22 00:54:55.515 12132 12132 I Typeface: Current DefaultTypeface ( lgtravel )
03-22 00:54:55.521 12132 12132 I com.detoxsampl: The ClassLoaderContext is a special shared library.
03-22 00:54:55.536 12132 12132 I chatty  : uid=10478(com.detoxsample) identical 2 lines
03-22 00:54:55.538 12132 12132 I com.detoxsampl: The ClassLoaderContext is a special shared library.
03-22 00:54:55.729 12132 12132 D ApplicationLoaders: Returning zygote-cached class loader: /system/framework/android.test.base.jar
03-22 00:54:55.729 12132 12132 D ApplicationLoaders: Returning zygote-cached class loader: /system/framework/android.test.base.jar
03-22 00:54:55.730 12132 12132 I com.detoxsampl: The ClassLoaderContext is a special shared library.
03-22 00:54:55.735 12132 12132 D ApplicationLoaders: Returning zygote-cached class loader: /system/framework/android.test.base.jar
03-22 00:54:55.735 12132 12132 D ApplicationLoaders: Returning zygote-cached class loader: /system/framework/android.test.base.jar
03-22 00:54:55.736 12132 12132 I com.detoxsampl: The ClassLoaderContext is a special shared library.
03-22 00:54:55.740 12132 12132 I chatty  : uid=10478(com.detoxsample) identical 2 lines
03-22 00:54:55.741 12132 12132 I com.detoxsampl: The ClassLoaderContext is a special shared library.
03-22 00:54:55.897 12132 12132 W com.detoxsampl: Accessing hidden method Landroid/app/Instrumentation;->execStartActivity(Landroid/content/Context;Landroid/os/IBinder;Landroid/os/IBinder;Landroid/app/Activity;Landroid/content/Intent;ILandroid/os/Bundle;)Landroid/app/Instrumentation$ActivityResult; (greylist, linking, allowed)
03-22 00:54:55.898 12132 12132 W com.detoxsampl: Accessing hidden method Landroid/app/Instrumentation;->execStartActivity(Landroid/content/Context;Landroid/os/IBinder;Landroid/os/IBinder;Ljava/lang/String;Landroid/content/Intent;ILandroid/os/Bundle;)Landroid/app/Instrumentation$ActivityResult; (greylist, linking, allowed)
03-22 00:54:55.903 12132 12132 D NetworkSecurityConfig: Using Network Security Config from resource network_security_config debugBuild: true
03-22 00:54:55.909 12132 12132 D NetworkSecurityConfig: Using Network Security Config from resource network_security_config debugBuild: true
03-22 00:54:55.911 12132 12132 I MonitoringInstr: Instrumentation started!
03-22 00:54:55.925 12132 12132 V TestEventClient: No service name argument was given (testDiscoveryService, testRunEventService or orchestratorService)
03-22 00:54:55.929 12132 12132 D SoLoader: init start
03-22 00:54:55.929 12132 12132 D SoLoader: adding system library source: /vendor/lib64
03-22 00:54:55.930 12132 12132 D SoLoader: adding system library source: /system/lib64
03-22 00:54:55.930 12132 12132 D SoLoader: adding application source: com.facebook.soloader.DirectorySoSource[root = /data/app/~~bu8e3RmE1BPwYZr7Wjn82w==/com.detoxsample-dv4HIRxIL5TPXwcaCzxbAQ==/lib/arm64 flags = 0]
03-22 00:54:55.932 12132 12132 D SoLoader: adding backup source from : com.facebook.soloader.ApkSoSource[root = /data/data/com.detoxsample/lib-main flags = 1]
03-22 00:54:55.932 12132 12132 D SoLoader: Preparing SO source: com.facebook.soloader.DirectorySoSource[root = /system/lib64 flags = 2]
03-22 00:54:55.932 12132 12132 D SoLoader: Preparing SO source: com.facebook.soloader.DirectorySoSource[root = /vendor/lib64 flags = 2]
03-22 00:54:55.932 12132 12132 D SoLoader: Preparing SO source: com.facebook.soloader.DirectorySoSource[root = /data/app/~~bu8e3RmE1BPwYZr7Wjn82w==/com.detoxsample-dv4HIRxIL5TPXwcaCzxbAQ==/lib/arm64 flags = 0]
03-22 00:54:55.932 12132 12132 D SoLoader: Preparing SO source: com.facebook.soloader.ApkSoSource[root = /data/data/com.detoxsample/lib-main flags = 1]
03-22 00:54:55.933 12132 12132 V fb-UnpackingSoSource: locked dso store /data/user/0/com.detoxsample/lib-main
03-22 00:54:55.940 12132 12132 V fb-UnpackingSoSource: deps mismatch on deps store: regenerating
03-22 00:54:55.940 12132 12132 V fb-UnpackingSoSource: so store dirty: regenerating
03-22 00:54:56.000 12132 12132 D ApkSoSource: not allowing consideration of lib/arm64-v8a/libbetter.so: deferring to libdir
03-22 00:54:56.000 12132 12132 D ApkSoSource: not allowing consideration of lib/arm64-v8a/libc++_shared.so: deferring to libdir
03-22 00:54:56.001 12132 12132 D ApkSoSource: not allowing consideration of lib/arm64-v8a/libevent-2.1.so: deferring to libdir
03-22 00:54:56.001 12132 12132 D ApkSoSource: not allowing consideration of lib/arm64-v8a/libevent_core-2.1.so: deferring to libdir
03-22 00:54:56.001 12132 12132 D ApkSoSource: not allowing consideration of lib/arm64-v8a/libevent_extra-2.1.so: deferring to libdir
03-22 00:54:56.001 12132 12132 D ApkSoSource: not allowing consideration of lib/arm64-v8a/libfabricjni.so: deferring to libdir
03-22 00:54:56.001 12132 12132 D ApkSoSource: not allowing consideration of lib/arm64-v8a/libfb.so: deferring to libdir
03-22 00:54:56.001 12132 12132 D ApkSoSource: not allowing consideration of lib/arm64-v8a/libfbjni.so: deferring to libdir
03-22 00:54:56.001 12132 12132 D ApkSoSource: not allowing consideration of lib/arm64-v8a/libflipper.so: deferring to libdir
03-22 00:54:56.001 12132 12132 D ApkSoSource: not allowing consideration of lib/arm64-v8a/libfolly_futures.so: deferring to libdir
03-22 00:54:56.001 12132 12132 D ApkSoSource: not allowing consideration of lib/arm64-v8a/libfolly_json.so: deferring to libdir
03-22 00:54:56.002 12132 12132 D ApkSoSource: not allowing consideration of lib/arm64-v8a/libglog.so: deferring to libdir
03-22 00:54:56.002 12132 12132 D ApkSoSource: not allowing consideration of lib/arm64-v8a/libglog_init.so: deferring to libdir
03-22 00:54:56.002 12132 12132 D ApkSoSource: not allowing consideration of lib/arm64-v8a/libimagepipeline.so: deferring to libdir
03-22 00:54:56.002 12132 12132 D ApkSoSource: not allowing consideration of lib/arm64-v8a/libjsc.so: deferring to libdir
03-22 00:54:56.002 12132 12132 D ApkSoSource: not allowing consideration of lib/arm64-v8a/libjscexecutor.so: deferring to libdir
03-22 00:54:56.002 12132 12132 D ApkSoSource: not allowing consideration of lib/arm64-v8a/libjsi.so: deferring to libdir
03-22 00:54:56.002 12132 12132 D ApkSoSource: not allowing consideration of lib/arm64-v8a/libjsijniprofiler.so: deferring to libdir
03-22 00:54:56.002 12132 12132 D ApkSoSource: not allowing consideration of lib/arm64-v8a/libjsinspector.so: deferring to libdir
03-22 00:54:56.002 12132 12132 D ApkSoSource: not allowing consideration of lib/arm64-v8a/liblogger.so: deferring to libdir
03-22 00:54:56.002 12132 12132 D ApkSoSource: not allowing consideration of lib/arm64-v8a/libmapbufferjni.so: deferring to libdir
03-22 00:54:56.003 12132 12132 D ApkSoSource: not allowing consideration of lib/arm64-v8a/libnative-filters.so: deferring to libdir
03-22 00:54:56.003 12132 12132 D ApkSoSource: not allowing consideration of lib/arm64-v8a/libnative-imagetranscoder.so: deferring to libdir
03-22 00:54:56.003 12132 12132 D ApkSoSource: not allowing consideration of lib/arm64-v8a/libreact_codegen_rncore.so: deferring to libdir
03-22 00:54:56.003 12132 12132 D ApkSoSource: not allowing consideration of lib/arm64-v8a/libreact_debug.so: deferring to libdir
03-22 00:54:56.003 12132 12132 D ApkSoSource: not allowing consideration of lib/arm64-v8a/libreact_nativemodule_core.so: deferring to libdir
03-22 00:54:56.003 12132 12132 D ApkSoSource: not allowing consideration of lib/arm64-v8a/libreact_render_animations.so: deferring to libdir
03-22 00:54:56.003 12132 12132 D ApkSoSource: not allowing consideration of lib/arm64-v8a/libreact_render_attributedstring.so: deferring to libdir
03-22 00:54:56.003 12132 12132 D ApkSoSource: not allowing consideration of lib/arm64-v8a/libreact_render_componentregistry.so: deferring to libdir
03-22 00:54:56.003 12132 12132 D ApkSoSource: not allowing consideration of lib/arm64-v8a/libreact_render_core.so: deferring to libdir
03-22 00:54:56.003 12132 12132 D ApkSoSource: not allowing consideration of lib/arm64-v8a/libreact_render_debug.so: deferring to libdir
03-22 00:54:56.003 12132 12132 D ApkSoSource: not allowing consideration of lib/arm64-v8a/libreact_render_graphics.so: deferring to libdir
03-22 00:54:56.004 12132 12132 D ApkSoSource: not allowing consideration of lib/arm64-v8a/libreact_render_imagemanager.so: deferring to libdir
03-22 00:54:56.004 12132 12132 D ApkSoSource: not allowing consideration of lib/arm64-v8a/libreact_render_leakchecker.so: deferring to libdir
03-22 00:54:56.004 12132 12132 D ApkSoSource: not allowing consideration of lib/arm64-v8a/libreact_render_mapbuffer.so: deferring to libdir
03-22 00:54:56.004 12132 12132 D ApkSoSource: not allowing consideration of lib/arm64-v8a/libreact_render_mounting.so: deferring to libdir
03-22 00:54:56.004 12132 12132 D ApkSoSource: not allowing consideration of lib/arm64-v8a/libreact_render_runtimescheduler.so: deferring to libdir
03-22 00:54:56.004 12132 12132 D ApkSoSource: not allowing consideration of lib/arm64-v8a/libreact_render_scheduler.so: deferring to libdir
03-22 00:54:56.004 12132 12132 D ApkSoSource: not allowing consideration of lib/arm64-v8a/libreact_render_telemetry.so: deferring to libdir
03-22 00:54:56.004 12132 12132 D ApkSoSource: not allowing consideration of lib/arm64-v8a/libreact_render_templateprocessor.so: deferring to libdir
03-22 00:54:56.004 12132 12132 D ApkSoSource: not allowing consideration of lib/arm64-v8a/libreact_render_textlayoutmanager.so: deferring to libdir
03-22 00:54:56.004 12132 12132 D ApkSoSource: not allowing consideration of lib/arm64-v8a/libreact_render_uimanager.so: deferring to libdir
03-22 00:54:56.004 12132 12132 D ApkSoSource: not allowing consideration of lib/arm64-v8a/libreact_utils.so: deferring to libdir
03-22 00:54:56.004 12132 12132 D ApkSoSource: not allowing consideration of lib/arm64-v8a/libreactconfig.so: deferring to libdir
03-22 00:54:56.004 12132 12132 D ApkSoSource: not allowing consideration of lib/arm64-v8a/libreactnativeblob.so: deferring to libdir
03-22 00:54:56.004 12132 12132 D ApkSoSource: not allowing consideration of lib/arm64-v8a/libreactnativejni.so: deferring to libdir
03-22 00:54:56.004 12132 12132 D ApkSoSource: not allowing consideration of lib/arm64-v8a/libreactnativeutilsjni.so: deferring to libdir
03-22 00:54:56.004 12132 12132 D ApkSoSource: not allowing consideration of lib/arm64-v8a/libreactperfloggerjni.so: deferring to libdir
03-22 00:54:56.005 12132 12132 D ApkSoSource: not allowing consideration of lib/arm64-v8a/librrc_image.so: deferring to libdir
03-22 00:54:56.005 12132 12132 D ApkSoSource: not allowing consideration of lib/arm64-v8a/librrc_modal.so: deferring to libdir
03-22 00:54:56.005 12132 12132 D ApkSoSource: not allowing consideration of lib/arm64-v8a/librrc_progressbar.so: deferring to libdir
03-22 00:54:56.005 12132 12132 D ApkSoSource: not allowing consideration of lib/arm64-v8a/librrc_root.so: deferring to libdir
03-22 00:54:56.005 12132 12132 D ApkSoSource: not allowing consideration of lib/arm64-v8a/librrc_scrollview.so: deferring to libdir
03-22 00:54:56.005 12132 12132 D ApkSoSource: not allowing consideration of lib/arm64-v8a/librrc_slider.so: deferring to libdir
03-22 00:54:56.005 12132 12132 D ApkSoSource: not allowing consideration of lib/arm64-v8a/librrc_switch.so: deferring to libdir
03-22 00:54:56.005 12132 12132 D ApkSoSource: not allowing consideration of lib/arm64-v8a/librrc_text.so: deferring to libdir
03-22 00:54:56.005 12132 12132 D ApkSoSource: not allowing consideration of lib/arm64-v8a/librrc_textinput.so: deferring to libdir
03-22 00:54:56.005 12132 12132 D ApkSoSource: not allowing consideration of lib/arm64-v8a/librrc_unimplementedview.so: deferring to libdir
03-22 00:54:56.005 12132 12132 D ApkSoSource: not allowing consideration of lib/arm64-v8a/librrc_view.so: deferring to libdir
03-22 00:54:56.005 12132 12132 D ApkSoSource: not allowing consideration of lib/arm64-v8a/libturbomodulejsijni.so: deferring to libdir
03-22 00:54:56.005 12132 12132 D ApkSoSource: not allowing consideration of lib/arm64-v8a/libyoga.so: deferring to libdir
03-22 00:54:56.006 12132 12132 V fb-UnpackingSoSource: regenerating DSO store com.facebook.soloader.ApkSoSource
03-22 00:54:56.006 12132 12132 V fb-UnpackingSoSource: Finished regenerating DSO store com.facebook.soloader.ApkSoSource
03-22 00:54:56.006 12132 12132 V fb-UnpackingSoSource: starting syncer worker
03-22 00:54:56.023 12132 12132 V fb-UnpackingSoSource: releasing dso store lock for /data/user/0/com.detoxsample/lib-main (from syncer thread)
03-22 00:54:56.023 12132 12132 V fb-UnpackingSoSource: not releasing dso store lock for /data/user/0/com.detoxsample/lib-main (syncer thread started)
03-22 00:54:56.023 12132 12132 D SoLoader: init finish: 4 SO sources prepared
03-22 00:54:56.023 12132 12132 D SoLoader: init exiting
03-22 00:54:56.038 12132 12132 D SoLoader: init exiting
03-22 00:54:56.038 12132 12132 D SoLoader: About to load: libjscexecutor.so
03-22 00:54:56.039 12132 12132 D SoLoader: libjscexecutor.so not found on /data/data/com.detoxsample/lib-main
03-22 00:54:56.039 12132 12132 D SoLoader: libjscexecutor.so found on /data/app/~~bu8e3RmE1BPwYZr7Wjn82w==/com.detoxsample-dv4HIRxIL5TPXwcaCzxbAQ==/lib/arm64
03-22 00:54:56.039 12132 12132 D SoLoader: Not resolving dependencies for libjscexecutor.so
03-22 00:54:56.115 12132 12132 D JavaScriptCore.Version: 250230.2.1
03-22 00:54:56.116 12132 12132 D SoLoader: Loaded: libjscexecutor.so
03-22 00:54:56.118 12132 12132 D SoLoader: init exiting
03-22 00:54:56.241 12132 12132 I SensorManager: registerListenerImpl() [Sensor: LGE Accelerometer Non-wakeup, Rate: 66667, SensorEventListener: com.facebook.react.common.ShakeDetector@717fc72] by com.facebook.react.common.ShakeDetector.start():60
03-22 00:54:56.260 12132 12246 D SoLoader: About to load: libfbjni.so
03-22 00:54:56.268 12132 12246 D SoLoader: libfbjni.so not found on /data/data/com.detoxsample/lib-main
03-22 00:54:56.268 12132 12246 D SoLoader: libfbjni.so found on /data/app/~~bu8e3RmE1BPwYZr7Wjn82w==/com.detoxsample-dv4HIRxIL5TPXwcaCzxbAQ==/lib/arm64
03-22 00:54:56.268 12132 12246 D SoLoader: Not resolving dependencies for libfbjni.so
03-22 00:54:56.272 12132 12246 D SoLoader: Loaded: libfbjni.so
03-22 00:54:56.272 12132 12246 D SoLoader: About to load: libflipper.so
03-22 00:54:56.273 12132 12246 D SoLoader: libflipper.so not found on /data/data/com.detoxsample/lib-main
03-22 00:54:56.273 12132 12246 D SoLoader: libflipper.so found on /data/app/~~bu8e3RmE1BPwYZr7Wjn82w==/com.detoxsample-dv4HIRxIL5TPXwcaCzxbAQ==/lib/arm64
03-22 00:54:56.273 12132 12246 D SoLoader: Not resolving dependencies for libflipper.so
03-22 00:54:56.308 12132 12246 D SoLoader: Loaded: libflipper.so
03-22 00:54:56.362 12132 12132 W com.detoxsampl: Accessing hidden field Landroid/view/View;->mKeyedTags:Landroid/util/SparseArray; (greylist, reflection, allowed)
03-22 00:54:56.362 12132 12132 W com.detoxsampl: Accessing hidden field Landroid/view/View;->mListenerInfo:Landroid/view/View$ListenerInfo; (greylist, reflection, allowed)
03-22 00:54:56.363 12132 12132 W com.detoxsampl: Accessing hidden field Landroid/view/View$ListenerInfo;->mOnClickListener:Landroid/view/View$OnClickListener; (greylist, reflection, allowed)
03-22 00:54:56.370 12132 12132 I flipper : flipper: FlipperClient::addPlugin Inspector
03-22 00:54:56.371 12132 12132 I flipper : flipper: FlipperClient::addPlugin React
03-22 00:54:56.375 12132 12132 I flipper : flipper: FlipperClient::addPlugin Databases
03-22 00:54:56.376 12132 12132 I flipper : flipper: FlipperClient::addPlugin Preferences
03-22 00:54:56.376 12132 12132 I flipper : flipper: FlipperClient::addPlugin CrashReporter
03-22 00:54:56.380 12132 12132 I flipper : flipper: FlipperClient::addPlugin Network
03-22 00:54:56.411 12132 12230 I UsageTrackerFacilitator: Usage tracking enabled
03-22 00:54:56.414 12132 12230 I TestRequestBuilder: Scanning classpath to find tests in paths [/data/app/~~yrdviJA9OJpbYfBMl2LT-w==/com.detoxsample.test-QQp1wrVIxTi_YZnOkb8b6A==/base.apk]
03-22 00:54:56.414 12132 12230 W com.detoxsampl: Opening an oat file without a class loader. Are you using the deprecated DexFile APIs?
03-22 00:54:57.131 12132 12230 D TestExecutor: Adding listener androidx.test.internal.runner.listener.LogRunListener
03-22 00:54:57.131 12132 12230 D TestExecutor: Adding listener androidx.test.internal.runner.listener.InstrumentationResultPrinter
03-22 00:54:57.131 12132 12230 D TestExecutor: Adding listener androidx.test.internal.runner.listener.ActivityFinisherRunListener
03-22 00:54:57.132 12132 12230 I TestRunner: run started: 1 tests
03-22 00:54:57.136 12132 12230 I TestRunner: started: runDetoxTests(com.detoxsample.DetoxTest)
03-22 00:54:57.158 12132 12230 D EventInjectionStrategy: Creating injection strategy with input manager.
03-22 00:54:57.161 12132 12230 W com.detoxsampl: Accessing hidden method Landroid/hardware/input/InputManager;->getInstance()Landroid/hardware/input/InputManager; (greylist, reflection, allowed)
03-22 00:54:57.161 12132 12230 W com.detoxsampl: Accessing hidden method Landroid/hardware/input/InputManager;->injectInputEvent(Landroid/view/InputEvent;I)Z (greylist, reflection, allowed)
03-22 00:54:57.161 12132 12230 W com.detoxsampl: Accessing hidden field Landroid/hardware/input/InputManager;->INJECT_INPUT_EVENT_MODE_WAIT_FOR_FINISH:I (greylist, reflection, allowed)
03-22 00:54:57.175 12132 12230 W com.detoxsampl: Accessing hidden field Ljava/lang/reflect/Field;->accessFlags:I (greylist, reflection, allowed)
03-22 00:54:57.378 12132 12252 D SoLoader: About to load: libreactnativejni.so
03-22 00:54:57.378 12132 12252 D SoLoader: libreactnativejni.so not found on /data/data/com.detoxsample/lib-main
03-22 00:54:57.379 12132 12252 D SoLoader: libreactnativejni.so found on /data/app/~~bu8e3RmE1BPwYZr7Wjn82w==/com.detoxsample-dv4HIRxIL5TPXwcaCzxbAQ==/lib/arm64
03-22 00:54:57.379 12132 12252 D SoLoader: Not resolving dependencies for libreactnativejni.so
03-22 00:54:57.381 12132 12252 D SoLoader: Loaded: libreactnativejni.so
03-22 00:54:57.428 12132 12132 D LifecycleMonitor: Lifecycle status change: com.detoxsample.MainActivity@8055e2c in: PRE_ON_CREATE
03-22 00:54:57.543 12132 12132 W com.detoxsampl: Accessing hidden method Landroid/view/View;->computeFitSystemWindows(Landroid/graphics/Rect;Landroid/graphics/Rect;)Z (greylist, reflection, allowed)
03-22 00:54:57.543 12132 12132 W com.detoxsampl: Accessing hidden method Landroid/view/ViewGroup;->makeOptionalFitsSystemWindows()V (greylist, reflection, allowed)
03-22 00:54:57.561 12132 12132 D LifecycleMonitor: Lifecycle status change: com.detoxsample.MainActivity@8055e2c in: CREATED
03-22 00:54:57.565 12132 12132 D LifecycleMonitor: Lifecycle status change: com.detoxsample.MainActivity@8055e2c in: STARTED
03-22 00:54:57.577 12132 12132 D LifecycleMonitor: Lifecycle status change: com.detoxsample.MainActivity@8055e2c in: RESUMED
03-22 00:54:57.602 12132 12132 I TouchFilterInputStageHelper: [needTouchEventFilter] Displayid : 0
03-22 00:54:57.604 12132 12132 D HandGripFilter: getdisplaysize, x : 1080 y : 2340
03-22 00:54:57.610 12132 12132 W unknown:ReactNative: Packager connection already open, nooping.
03-22 00:54:57.646 12132 12370 I AdrenoGLES-0: QUALCOMM build                   : 59e4ca3, Ic42881d075
03-22 00:54:57.646 12132 12370 I AdrenoGLES-0: Build Date                       : 01/07/21
03-22 00:54:57.646 12132 12370 I AdrenoGLES-0: OpenGL ES Shader Compiler Version: EV031.32.02.06
03-22 00:54:57.646 12132 12370 I AdrenoGLES-0: Local Branch                     : mybrancheb50fcd0-9e7c-f130-bc5f-5cb90179c3d8
03-22 00:54:57.646 12132 12370 I AdrenoGLES-0: Remote Branch                    : quic/gfx-adreno.lnx.1.0.r99-rel
03-22 00:54:57.646 12132 12370 I AdrenoGLES-0: Remote Branch                    : NONE
03-22 00:54:57.646 12132 12370 I AdrenoGLES-0: Reconstruct Branch               : NOTHING
03-22 00:54:57.646 12132 12370 I AdrenoGLES-0: Build Config                     : S P 10.0.7 AArch64
03-22 00:54:57.646 12132 12370 I AdrenoGLES-0: Driver Path                      : /vendor/lib64/egl/libGLESv2_adreno.so
03-22 00:54:57.654 12132 12370 I AdrenoGLES-0: PFP: 0x016ee190, ME: 0x00000000
03-22 00:54:57.849 12132 12132 I TouchFilterInputStageHelper: [needTouchEventFilter] Displayid : 0
03-22 00:54:57.850 12132 12132 D HandGripFilter: getdisplaysize, x : 1080 y : 2340
03-22 00:54:57.892 12132 12132 I Timeline: Timeline: Activity_idle id: ActivityRecord{4ffd453 token=android.os.BinderProxy@962d73d {com.detoxsample/com.detoxsample.MainActivity}} time:378850120
03-22 00:54:57.904 12132 12230 I Detox   : Detox server connection details: url=ws://localhost:57093, sessionId=999ee44b-3f5e-b651-72ec-bd10b0229a62
03-22 00:54:57.912 12132 12401 I DetoxDispatcher: Handling action '_init' (ID #0)...
03-22 00:54:57.912 12132 12401 I Detox   : Connecting to server...
03-22 00:54:57.912 12132 12401 I DetoxWSClient: At connectToServer
03-22 00:54:57.929 12132 12405 D DetoxWSClient: At onOpen
03-22 00:54:57.929 12132 12405 I DetoxWSClient: Sending out action 'login' (ID #0)
03-22 00:54:57.930 12132 12405 I Detox   : Connected to server!
03-22 00:54:57.936 12132 12405 D DetoxWSClient: Received action 'loginSuccess' (ID #0, params={"testerConnected":true,"appConnected":true})
03-22 00:54:57.938 12132 12400 W unknown:ReactContext: initializeMessageQueueThreads() is called.
03-22 00:54:57.947 12132 12132 W unknown:ReactNative: Packager connection already open, nooping.
03-22 00:54:57.971 12132 12405 D DetoxWSClient: Received action 'isReady' (ID #-1000, params={})
03-22 00:54:57.976 12132 12404 W unknown:ViewManagerPropertyUpdater: Could not find generated setter for class com.facebook.react.views.drawer.ReactDrawerLayoutManager
03-22 00:54:57.981 12132 12404 W unknown:ViewManagerPropertyUpdater: Could not find generated setter for class com.facebook.react.uimanager.LayoutShadowNode
03-22 00:54:57.984 12132 12404 W unknown:ViewManagerPropertyUpdater: Could not find generated setter for class com.facebook.react.views.scroll.ReactHorizontalScrollViewManager
03-22 00:54:57.987 12132 12404 W unknown:ViewManagerPropertyUpdater: Could not find generated setter for class com.facebook.react.views.scroll.ReactHorizontalScrollContainerViewManager
03-22 00:54:57.988 12132 12404 W unknown:ViewManagerPropertyUpdater: Could not find generated setter for class com.facebook.react.views.progressbar.ReactProgressBarViewManager
03-22 00:54:57.990 12132 12404 W unknown:ViewManagerPropertyUpdater: Could not find generated setter for class com.facebook.react.views.progressbar.ProgressBarShadowNode
03-22 00:54:57.992 12132 12404 W unknown:ViewManagerPropertyUpdater: Could not find generated setter for class com.facebook.react.views.scroll.ReactScrollViewManager
03-22 00:54:57.994 12132 12404 W unknown:ViewManagerPropertyUpdater: Could not find generated setter for class com.facebook.react.views.slider.ReactSliderManager
03-22 00:54:57.996 12132 12404 W unknown:ViewManagerPropertyUpdater: Could not find generated setter for class com.facebook.react.views.slider.ReactSliderManager$ReactSliderShadowNode
03-22 00:54:57.997 12132 12404 W unknown:ViewManagerPropertyUpdater: Could not find generated setter for class com.facebook.react.views.switchview.ReactSwitchManager
03-22 00:54:57.998 12132 12404 W unknown:ViewManagerPropertyUpdater: Could not find generated setter for class com.facebook.react.views.switchview.ReactSwitchManager$ReactSwitchShadowNode
03-22 00:54:57.999 12132 12404 W unknown:ViewManagerPropertyUpdater: Could not find generated setter for class com.facebook.react.views.swiperefresh.SwipeRefreshLayoutManager
03-22 00:54:58.000 12132 12404 W unknown:ViewManagerPropertyUpdater: Could not find generated setter for class com.facebook.react.views.text.frescosupport.FrescoBasedReactTextInlineImageViewManager
03-22 00:54:58.001 12132 12404 W unknown:ViewManagerPropertyUpdater: Could not find generated setter for class com.facebook.react.views.text.frescosupport.FrescoBasedReactTextInlineImageShadowNode
03-22 00:54:58.002 12132 12404 W unknown:ViewManagerPropertyUpdater: Could not find generated setter for class com.facebook.react.views.image.ReactImageManager
03-22 00:54:58.004 12132 12404 W unknown:ViewManagerPropertyUpdater: Could not find generated setter for class com.facebook.react.views.modal.ReactModalHostManager
03-22 00:54:58.005 12132 12404 W unknown:ViewManagerPropertyUpdater: Could not find generated setter for class com.facebook.react.views.modal.ModalHostShadowNode
03-22 00:54:58.006 12132 12404 W unknown:ViewManagerPropertyUpdater: Could not find generated setter for class com.facebook.react.views.text.ReactRawTextManager
03-22 00:54:58.006 12132 12404 W unknown:ViewManagerPropertyUpdater: Could not find generated setter for class com.facebook.react.views.text.ReactRawTextShadowNode
03-22 00:54:58.007 12132 12404 W unknown:ViewManagerPropertyUpdater: Could not find generated setter for class com.facebook.react.views.textinput.ReactTextInputManager
03-22 00:54:58.011 12132 12404 W unknown:ViewManagerPropertyUpdater: Could not find generated setter for class com.facebook.react.views.textinput.ReactTextInputShadowNode
03-22 00:54:58.013 12132 12404 W unknown:ViewManagerPropertyUpdater: Could not find generated setter for class com.facebook.react.views.text.ReactTextViewManager
03-22 00:54:58.015 12132 12404 W unknown:ViewManagerPropertyUpdater: Could not find generated setter for class com.facebook.react.views.text.ReactTextShadowNode
03-22 00:54:58.015 12132 12404 W unknown:ViewManagerPropertyUpdater: Could not find generated setter for class com.facebook.react.views.view.ReactViewManager
03-22 00:54:58.017 12132 12404 W unknown:ViewManagerPropertyUpdater: Could not find generated setter for class com.facebook.react.views.text.ReactVirtualTextViewManager
03-22 00:54:58.018 12132 12404 W unknown:ViewManagerPropertyUpdater: Could not find generated setter for class com.facebook.react.views.text.ReactVirtualTextShadowNode
03-22 00:54:58.019 12132 12404 W unknown:ViewManagerPropertyUpdater: Could not find generated setter for class com.facebook.react.views.unimplementedview.ReactUnimplementedViewManager
03-22 00:54:58.029 12132 12404 W unknown:ReactContext: initializeMessageQueueThreads() is called.
03-22 00:54:58.031 12132 12404 D SoLoader: About to load: libyoga.so
03-22 00:54:58.031 12132 12404 D SoLoader: libyoga.so not found on /data/data/com.detoxsample/lib-main
03-22 00:54:58.031 12132 12404 D SoLoader: libyoga.so found on /data/app/~~bu8e3RmE1BPwYZr7Wjn82w==/com.detoxsample-dv4HIRxIL5TPXwcaCzxbAQ==/lib/arm64
03-22 00:54:58.031 12132 12404 D SoLoader: Not resolving dependencies for libyoga.so
03-22 00:54:58.032 12132 12404 D SoLoader: Loaded: libyoga.so
03-22 00:54:58.043 12132 12132 I DetoxRNLoading: Got new RN-context async'ly through listener
03-22 00:54:58.044 12132 12401 I DetoxRNIdleRes: Setting up Espresso Idling Resources for React Native
03-22 00:54:58.061 12132 12401 D AsyncStorageIR: Checking whether a custom IR for Async-Storage is required... (legacy=false)
03-22 00:54:58.061 12132 12401 D DetoxRNHelpers: Native RN module resolution (class com.reactnativecommunity.asyncstorage.AsyncStorageModule): no such class
03-22 00:54:58.061 12132 12401 D AsyncStorageIR: Checking whether a custom IR for Async-Storage is required... (legacy=true)
03-22 00:54:58.063 12132 12401 D AsyncStorageIR: IR for Async-Storage is required! (legacy=true)
03-22 00:54:58.066 12132 12132 D AsyncStorageIRLegacy: Async-storage is busy!
03-22 00:54:58.073 12132 12401 I DetoxDispatcher: Done with action '_init'
03-22 00:54:58.073 12132 12401 I DetoxDispatcher: Handling action 'isReady' (ID #-1000)...
03-22 00:54:58.077 12132 12404 I flipper : flipper: FlipperClient::addPlugin Fresco
03-22 00:54:58.077 12132 12404 W com.detoxsampl: Accessing hidden method Landroid/os/MessageQueue;->next()Landroid/os/Message; (greylist, reflection, allowed)
03-22 00:54:58.077 12132 12404 W com.detoxsampl: Accessing hidden field Landroid/os/MessageQueue;->mMessages:Landroid/os/Message; (greylist, reflection, allowed)
03-22 00:54:58.077 12132 12404 W com.detoxsampl: Accessing hidden method Landroid/os/Message;->recycleUnchecked()V (greylist, reflection, allowed)
03-22 00:54:58.114 12132 12402 D SoLoader: About to load: libreactnativeblob.so
03-22 00:54:58.114 12132 12402 D SoLoader: libreactnativeblob.so not found on /data/data/com.detoxsample/lib-main
03-22 00:54:58.114 12132 12402 D SoLoader: libreactnativeblob.so found on /data/app/~~bu8e3RmE1BPwYZr7Wjn82w==/com.detoxsample-dv4HIRxIL5TPXwcaCzxbAQ==/lib/arm64
03-22 00:54:58.114 12132 12402 D SoLoader: Not resolving dependencies for libreactnativeblob.so
03-22 00:54:58.116 12132 12402 D SoLoader: Loaded: libreactnativeblob.so
03-22 00:54:58.168 12132 12404 I WebViewFactory: Loading com.google.android.webview version 99.0.4844.58 (code 484405833)
03-22 00:54:58.244 12132 12404 W com.detoxsampl: Accessing hidden method Landroid/os/Trace;->isTagEnabled(J)Z (greylist, reflection, allowed)
03-22 00:54:58.244 12132 12404 W com.detoxsampl: Accessing hidden method Landroid/os/Trace;->traceBegin(JLjava/lang/String;)V (greylist, reflection, allowed)
03-22 00:54:58.244 12132 12404 W com.detoxsampl: Accessing hidden method Landroid/os/Trace;->traceEnd(J)V (greylist, reflection, allowed)
03-22 00:54:58.244 12132 12404 W com.detoxsampl: Accessing hidden method Landroid/os/Trace;->asyncTraceBegin(JLjava/lang/String;I)V (greylist, reflection, allowed)
03-22 00:54:58.244 12132 12404 W com.detoxsampl: Accessing hidden method Landroid/os/Trace;->asyncTraceEnd(JLjava/lang/String;I)V (greylist, reflection, allowed)
03-22 00:54:58.250 12132 12402 I ReactNativeJS: Running "DetoxSample" with {"rootTag":1}
03-22 00:54:58.250 12132 12404 I cr_WVCFactoryProvider: Loaded version=99.0.4844.58 minSdkVersion=29 isBundle=true multiprocess=true packageId=3
03-22 00:54:58.316 12132 12404 I cr_LibraryLoader: Successfully loaded native library
03-22 00:54:58.320 12132 12404 I cr_CachingUmaRecorder: Flushed 8 samples from 8 histograms.
03-22 00:54:58.508 12132 12132 W com.detoxsampl: Accessing hidden field Landroid/widget/ScrollView;->mScroller:Landroid/widget/OverScroller; (greylist, reflection, allowed)
03-22 00:54:58.572 12132 12462 D SoLoader: About to load: libimagepipeline.so
03-22 00:54:58.573 12132 12462 D SoLoader: libimagepipeline.so not found on /data/data/com.detoxsample/lib-main
03-22 00:54:58.573 12132 12462 D SoLoader: libimagepipeline.so found on /data/app/~~bu8e3RmE1BPwYZr7Wjn82w==/com.detoxsample-dv4HIRxIL5TPXwcaCzxbAQ==/lib/arm64
03-22 00:54:58.573 12132 12462 D SoLoader: Not resolving dependencies for libimagepipeline.so
03-22 00:54:58.575 12132 12462 D SoLoader: Loaded: libimagepipeline.so
03-22 00:54:58.586 12132 12132 I Detox   : Wait is over: app is now idle!
03-22 00:54:58.586 12132 12401 I DetoxWSClient: Sending out action 'ready' (ID #-1000)
03-22 00:54:58.587 12132 12401 I DetoxDispatcher: Done with action 'isReady'
03-22 00:54:58.587 12132 12401 I DetoxDispatcher: Handling action 'loginSuccess' (ID #0)...
03-22 00:54:58.587 12132 12401 I DetoxDispatcher: Done with action 'loginSuccess'
03-22 00:54:58.587 12132 12401 I DetoxDispatcher: Handling action 'isReady' (ID #-1000)...
03-22 00:54:58.592 12132 12132 I Detox   : Wait is over: app is now idle!
03-22 00:54:58.592 12132 12401 I DetoxWSClient: Sending out action 'ready' (ID #-1000)
03-22 00:54:58.592 12132 12401 I DetoxDispatcher: Done with action 'isReady'
