--------- beginning of main
03-22 17:21:41.277  9313  9313 I com.detoxsampl: Late-enabling -Xcheck:jni
03-22 17:21:41.296  9313  9313 W com.detoxsampl: Unexpected CPU variant for X86 using defaults: x86_64
03-22 17:21:41.348  9313  9313 D CompatibilityChangeReporter: Compat change id reported: 171979766; UID 10156; state: DISABLED
--------- beginning of system
03-22 17:21:41.370  9313  9313 W ActivityThread: Package uses different ABI(s) than its instrumentation: package[com.detoxsample]: x86_64, null instrumentation[com.detoxsample.test]: null, null
03-22 17:21:41.553  9313  9313 V GraphicsEnvironment: ANGLE Developer option for 'com.detoxsample' set to: 'default'
03-22 17:21:41.554  9313  9313 V GraphicsEnvironment: ANGLE GameManagerService for com.detoxsample: false
03-22 17:21:41.556  9313  9313 V GraphicsEnvironment: Neither updatable production driver nor prerelease driver is supported.
03-22 17:21:41.564  9313  9313 D ApplicationLoaders: Returning zygote-cached class loader: /system/framework/android.test.base.jar
03-22 17:21:41.567  9313  9313 D ApplicationLoaders: Returning zygote-cached class loader: /system/framework/android.test.base.jar
03-22 17:21:41.748  9313  9313 D NetworkSecurityConfig: Using Network Security Config from resource network_security_config debugBuild: true
03-22 17:21:41.749  9313  9313 D NetworkSecurityConfig: Using Network Security Config from resource network_security_config debugBuild: true
03-22 17:21:41.754  9313  9313 I MonitoringInstr: Instrumentation started!
03-22 17:21:41.810  9313  9313 V TestEventClient: No service name argument was given (testDiscoveryService, testRunEventService or orchestratorService)
03-22 17:21:41.816  9313  9313 D SoLoader: init start
03-22 17:21:41.817  9313  9313 D SoLoader: adding system library source: /vendor/lib64
03-22 17:21:41.819  9313  9313 D SoLoader: adding system library source: /system/lib64
03-22 17:21:41.820  9313  9313 D SoLoader: adding application source: com.facebook.soloader.DirectorySoSource[root = /data/app/~~cjEzEvDSw4A3KVGI7J9UWA==/com.detoxsample--bRMX1_QX7KjenFHXQkdtw==/lib/x86_64 flags = 0]
03-22 17:21:41.823  9313  9313 D SoLoader: adding backup source from : com.facebook.soloader.ApkSoSource[root = /data/data/com.detoxsample/lib-main flags = 1]
03-22 17:21:41.824  9313  9313 D SoLoader: Preparing SO source: com.facebook.soloader.DirectorySoSource[root = /system/lib64 flags = 2]
03-22 17:21:41.824  9313  9313 D SoLoader: Preparing SO source: com.facebook.soloader.DirectorySoSource[root = /vendor/lib64 flags = 2]
03-22 17:21:41.824  9313  9313 D SoLoader: Preparing SO source: com.facebook.soloader.DirectorySoSource[root = /data/app/~~cjEzEvDSw4A3KVGI7J9UWA==/com.detoxsample--bRMX1_QX7KjenFHXQkdtw==/lib/x86_64 flags = 0]
03-22 17:21:41.824  9313  9313 D SoLoader: Preparing SO source: com.facebook.soloader.ApkSoSource[root = /data/data/com.detoxsample/lib-main flags = 1]
03-22 17:21:41.826  9313  9313 V fb-UnpackingSoSource: locked dso store /data/user/0/com.detoxsample/lib-main
03-22 17:21:41.828  9313  9313 V fb-UnpackingSoSource: deps mismatch on deps store: regenerating
03-22 17:21:41.828  9313  9313 V fb-UnpackingSoSource: so store dirty: regenerating
03-22 17:21:41.900  9313  9313 D ApkSoSource: not allowing consideration of lib/x86_64/libbetter.so: deferring to libdir
03-22 17:21:41.900  9313  9313 D ApkSoSource: not allowing consideration of lib/x86_64/libc++_shared.so: deferring to libdir
03-22 17:21:41.900  9313  9313 D ApkSoSource: not allowing consideration of lib/x86_64/libevent-2.1.so: deferring to libdir
03-22 17:21:41.900  9313  9313 D ApkSoSource: not allowing consideration of lib/x86_64/libevent_core-2.1.so: deferring to libdir
03-22 17:21:41.901  9313  9313 D ApkSoSource: not allowing consideration of lib/x86_64/libevent_extra-2.1.so: deferring to libdir
03-22 17:21:41.901  9313  9313 D ApkSoSource: not allowing consideration of lib/x86_64/libfabricjni.so: deferring to libdir
03-22 17:21:41.901  9313  9313 D ApkSoSource: not allowing consideration of lib/x86_64/libfb.so: deferring to libdir
03-22 17:21:41.902  9313  9313 D ApkSoSource: not allowing consideration of lib/x86_64/libfbjni.so: deferring to libdir
03-22 17:21:41.903  9313  9313 D ApkSoSource: not allowing consideration of lib/x86_64/libflipper.so: deferring to libdir
03-22 17:21:41.904  9313  9313 D ApkSoSource: not allowing consideration of lib/x86_64/libfolly_futures.so: deferring to libdir
03-22 17:21:41.905  9313  9313 D ApkSoSource: not allowing consideration of lib/x86_64/libfolly_json.so: deferring to libdir
03-22 17:21:41.906  9313  9313 D ApkSoSource: not allowing consideration of lib/x86_64/libglog.so: deferring to libdir
03-22 17:21:41.907  9313  9313 D ApkSoSource: not allowing consideration of lib/x86_64/libglog_init.so: deferring to libdir
03-22 17:21:41.907  9313  9313 D ApkSoSource: not allowing consideration of lib/x86_64/libimagepipeline.so: deferring to libdir
03-22 17:21:41.907  9313  9313 D ApkSoSource: not allowing consideration of lib/x86_64/libjsc.so: deferring to libdir
03-22 17:21:41.907  9313  9313 D ApkSoSource: not allowing consideration of lib/x86_64/libjscexecutor.so: deferring to libdir
03-22 17:21:41.907  9313  9313 D ApkSoSource: not allowing consideration of lib/x86_64/libjsi.so: deferring to libdir
03-22 17:21:41.907  9313  9313 D ApkSoSource: not allowing consideration of lib/x86_64/libjsijniprofiler.so: deferring to libdir
03-22 17:21:41.908  9313  9313 D ApkSoSource: not allowing consideration of lib/x86_64/libjsinspector.so: deferring to libdir
03-22 17:21:41.908  9313  9313 D ApkSoSource: not allowing consideration of lib/x86_64/liblogger.so: deferring to libdir
03-22 17:21:41.908  9313  9313 D ApkSoSource: not allowing consideration of lib/x86_64/libmapbufferjni.so: deferring to libdir
03-22 17:21:41.908  9313  9313 D ApkSoSource: not allowing consideration of lib/x86_64/libnative-filters.so: deferring to libdir
03-22 17:21:41.908  9313  9313 D ApkSoSource: not allowing consideration of lib/x86_64/libnative-imagetranscoder.so: deferring to libdir
03-22 17:21:41.908  9313  9313 D ApkSoSource: not allowing consideration of lib/x86_64/libreact_codegen_rncore.so: deferring to libdir
03-22 17:21:41.908  9313  9313 D ApkSoSource: not allowing consideration of lib/x86_64/libreact_debug.so: deferring to libdir
03-22 17:21:41.908  9313  9313 D ApkSoSource: not allowing consideration of lib/x86_64/libreact_nativemodule_core.so: deferring to libdir
03-22 17:21:41.908  9313  9313 D ApkSoSource: not allowing consideration of lib/x86_64/libreact_render_animations.so: deferring to libdir
03-22 17:21:41.908  9313  9313 D ApkSoSource: not allowing consideration of lib/x86_64/libreact_render_attributedstring.so: deferring to libdir
03-22 17:21:41.909  9313  9313 D ApkSoSource: not allowing consideration of lib/x86_64/libreact_render_componentregistry.so: deferring to libdir
03-22 17:21:41.909  9313  9313 D ApkSoSource: not allowing consideration of lib/x86_64/libreact_render_core.so: deferring to libdir
03-22 17:21:41.909  9313  9313 D ApkSoSource: not allowing consideration of lib/x86_64/libreact_render_debug.so: deferring to libdir
03-22 17:21:41.909  9313  9313 D ApkSoSource: not allowing consideration of lib/x86_64/libreact_render_graphics.so: deferring to libdir
03-22 17:21:41.910  9313  9313 D ApkSoSource: not allowing consideration of lib/x86_64/libreact_render_imagemanager.so: deferring to libdir
03-22 17:21:41.911  9313  9313 D ApkSoSource: not allowing consideration of lib/x86_64/libreact_render_leakchecker.so: deferring to libdir
03-22 17:21:41.912  9313  9313 D ApkSoSource: not allowing consideration of lib/x86_64/libreact_render_mapbuffer.so: deferring to libdir
03-22 17:21:41.912  9313  9313 D ApkSoSource: not allowing consideration of lib/x86_64/libreact_render_mounting.so: deferring to libdir
03-22 17:21:41.912  9313  9313 D ApkSoSource: not allowing consideration of lib/x86_64/libreact_render_runtimescheduler.so: deferring to libdir
03-22 17:21:41.912  9313  9313 D ApkSoSource: not allowing consideration of lib/x86_64/libreact_render_scheduler.so: deferring to libdir
03-22 17:21:41.913  9313  9313 D ApkSoSource: not allowing consideration of lib/x86_64/libreact_render_telemetry.so: deferring to libdir
03-22 17:21:41.915  9313  9313 D ApkSoSource: not allowing consideration of lib/x86_64/libreact_render_templateprocessor.so: deferring to libdir
03-22 17:21:41.915  9313  9313 D ApkSoSource: not allowing consideration of lib/x86_64/libreact_render_textlayoutmanager.so: deferring to libdir
03-22 17:21:41.915  9313  9313 D ApkSoSource: not allowing consideration of lib/x86_64/libreact_render_uimanager.so: deferring to libdir
03-22 17:21:41.916  9313  9313 D ApkSoSource: not allowing consideration of lib/x86_64/libreact_utils.so: deferring to libdir
03-22 17:21:41.916  9313  9313 D ApkSoSource: not allowing consideration of lib/x86_64/libreactconfig.so: deferring to libdir
03-22 17:21:41.917  9313  9313 D ApkSoSource: not allowing consideration of lib/x86_64/libreactnativeblob.so: deferring to libdir
03-22 17:21:41.917  9313  9313 D ApkSoSource: not allowing consideration of lib/x86_64/libreactnativejni.so: deferring to libdir
03-22 17:21:41.919  9313  9313 D ApkSoSource: not allowing consideration of lib/x86_64/libreactnativeutilsjni.so: deferring to libdir
03-22 17:21:41.919  9313  9313 D ApkSoSource: not allowing consideration of lib/x86_64/libreactperfloggerjni.so: deferring to libdir
03-22 17:21:41.920  9313  9313 D ApkSoSource: not allowing consideration of lib/x86_64/librrc_image.so: deferring to libdir
03-22 17:21:41.920  9313  9313 D ApkSoSource: not allowing consideration of lib/x86_64/librrc_modal.so: deferring to libdir
03-22 17:21:41.920  9313  9313 D ApkSoSource: not allowing consideration of lib/x86_64/librrc_progressbar.so: deferring to libdir
03-22 17:21:41.921  9313  9313 D ApkSoSource: not allowing consideration of lib/x86_64/librrc_root.so: deferring to libdir
03-22 17:21:41.921  9313  9313 D ApkSoSource: not allowing consideration of lib/x86_64/librrc_scrollview.so: deferring to libdir
03-22 17:21:41.922  9313  9313 D ApkSoSource: not allowing consideration of lib/x86_64/librrc_slider.so: deferring to libdir
03-22 17:21:41.922  9313  9313 D ApkSoSource: not allowing consideration of lib/x86_64/librrc_switch.so: deferring to libdir
03-22 17:21:41.922  9313  9313 D ApkSoSource: not allowing consideration of lib/x86_64/librrc_text.so: deferring to libdir
03-22 17:21:41.924  9313  9313 D ApkSoSource: not allowing consideration of lib/x86_64/librrc_textinput.so: deferring to libdir
03-22 17:21:41.925  9313  9313 D ApkSoSource: not allowing consideration of lib/x86_64/librrc_unimplementedview.so: deferring to libdir
03-22 17:21:41.925  9313  9313 D ApkSoSource: not allowing consideration of lib/x86_64/librrc_view.so: deferring to libdir
03-22 17:21:41.925  9313  9313 D ApkSoSource: not allowing consideration of lib/x86_64/libturbomodulejsijni.so: deferring to libdir
03-22 17:21:41.925  9313  9313 D ApkSoSource: not allowing consideration of lib/x86_64/libyoga.so: deferring to libdir
03-22 17:21:41.926  9313  9313 V fb-UnpackingSoSource: regenerating DSO store com.facebook.soloader.ApkSoSource
03-22 17:21:41.927  9313  9313 V fb-UnpackingSoSource: Finished regenerating DSO store com.facebook.soloader.ApkSoSource
03-22 17:21:41.927  9313  9313 V fb-UnpackingSoSource: starting syncer worker
03-22 17:21:41.944  9313  9313 V fb-UnpackingSoSource: releasing dso store lock for /data/user/0/com.detoxsample/lib-main (from syncer thread)
03-22 17:21:41.944  9313  9313 V fb-UnpackingSoSource: not releasing dso store lock for /data/user/0/com.detoxsample/lib-main (syncer thread started)
03-22 17:21:41.944  9313  9313 D SoLoader: init finish: 4 SO sources prepared
03-22 17:21:41.944  9313  9313 D SoLoader: init exiting
03-22 17:21:41.977  9313  9313 D SoLoader: init exiting
03-22 17:21:41.979  9313  9313 D SoLoader: About to load: libjscexecutor.so
03-22 17:21:42.011  9313  9313 D SoLoader: libjscexecutor.so not found on /data/data/com.detoxsample/lib-main
03-22 17:21:42.020  9313  9313 D SoLoader: libjscexecutor.so found on /data/app/~~cjEzEvDSw4A3KVGI7J9UWA==/com.detoxsample--bRMX1_QX7KjenFHXQkdtw==/lib/x86_64
03-22 17:21:42.020  9313  9313 D SoLoader: Not resolving dependencies for libjscexecutor.so
03-22 17:21:42.072  9313  9313 D JavaScriptCore.Version: 250230.2.1
03-22 17:21:42.074  9313  9313 D SoLoader: Loaded: libjscexecutor.so
03-22 17:21:42.099  9313  9313 D SoLoader: init exiting
03-22 17:21:42.393  9313  9350 D SoLoader: About to load: libfbjni.so
03-22 17:21:42.394  9313  9350 D SoLoader: libfbjni.so not found on /data/data/com.detoxsample/lib-main
03-22 17:21:42.395  9313  9350 D SoLoader: libfbjni.so found on /data/app/~~cjEzEvDSw4A3KVGI7J9UWA==/com.detoxsample--bRMX1_QX7KjenFHXQkdtw==/lib/x86_64
03-22 17:21:42.395  9313  9350 D SoLoader: Not resolving dependencies for libfbjni.so
03-22 17:21:42.398  9313  9350 D SoLoader: Loaded: libfbjni.so
03-22 17:21:42.398  9313  9350 D SoLoader: About to load: libflipper.so
03-22 17:21:42.399  9313  9350 D SoLoader: libflipper.so not found on /data/data/com.detoxsample/lib-main
03-22 17:21:42.399  9313  9350 D SoLoader: libflipper.so found on /data/app/~~cjEzEvDSw4A3KVGI7J9UWA==/com.detoxsample--bRMX1_QX7KjenFHXQkdtw==/lib/x86_64
03-22 17:21:42.399  9313  9350 D SoLoader: Not resolving dependencies for libflipper.so
03-22 17:21:42.414  9313  9350 D SoLoader: Loaded: libflipper.so
03-22 17:21:42.442  9313  9313 W com.detoxsampl: Accessing hidden field Landroid/view/View;->mKeyedTags:Landroid/util/SparseArray; (unsupported, reflection, allowed)
03-22 17:21:42.442  9313  9313 W com.detoxsampl: Accessing hidden field Landroid/view/View;->mListenerInfo:Landroid/view/View$ListenerInfo; (unsupported, reflection, allowed)
03-22 17:21:42.443  9313  9313 W com.detoxsampl: Accessing hidden field Landroid/view/View$ListenerInfo;->mOnClickListener:Landroid/view/View$OnClickListener; (unsupported, reflection, allowed)
03-22 17:21:42.465  9313  9313 I flipper : flipper: FlipperClient::addPlugin Inspector
03-22 17:21:42.465  9313  9313 I flipper : flipper: FlipperClient::addPlugin React
03-22 17:21:42.470  9313  9313 I flipper : flipper: FlipperClient::addPlugin Databases
03-22 17:21:42.473  9313  9313 I flipper : flipper: FlipperClient::addPlugin Preferences
03-22 17:21:42.473  9313  9313 I flipper : flipper: FlipperClient::addPlugin CrashReporter
03-22 17:21:42.481  9313  9313 I flipper : flipper: FlipperClient::addPlugin Network
03-22 17:21:42.505  9313  9342 I UsageTrackerFacilitator: Usage tracking enabled
03-22 17:21:42.513  9313  9342 I TestRequestBuilder: Scanning classpath to find tests in paths [/data/app/~~jfCCBoYL3ROPTqwz5Llcrg==/com.detoxsample.test-ypdaiiF5p07qWU0Fc85ARw==/base.apk]
03-22 17:21:42.514  9313  9342 W com.detoxsampl: Opening an oat file without a class loader. Are you using the deprecated DexFile APIs?
03-22 17:21:43.167  9313  9342 D TestExecutor: Adding listener androidx.test.internal.runner.listener.LogRunListener
03-22 17:21:43.168  9313  9342 D TestExecutor: Adding listener androidx.test.internal.runner.listener.InstrumentationResultPrinter
03-22 17:21:43.168  9313  9342 D TestExecutor: Adding listener androidx.test.internal.runner.listener.ActivityFinisherRunListener
03-22 17:21:43.171  9313  9342 I TestRunner: run started: 1 tests
03-22 17:21:43.177  9313  9342 I TestRunner: started: runDetoxTests(com.detoxsample.DetoxTest)
03-22 17:21:43.225  9313  9342 D EventInjectionStrategy: Creating injection strategy with input manager.
03-22 17:21:43.225  9313  9342 W com.detoxsampl: Accessing hidden method Landroid/hardware/input/InputManager;->getInstance()Landroid/hardware/input/InputManager; (unsupported, reflection, allowed)
03-22 17:21:43.226  9313  9342 W com.detoxsampl: Accessing hidden method Landroid/hardware/input/InputManager;->injectInputEvent(Landroid/view/InputEvent;I)Z (unsupported, reflection, allowed)
03-22 17:21:43.226  9313  9342 W com.detoxsampl: Accessing hidden field Landroid/hardware/input/InputManager;->INJECT_INPUT_EVENT_MODE_WAIT_FOR_FINISH:I (unsupported, reflection, allowed)
03-22 17:21:43.247  9313  9342 W com.detoxsampl: Accessing hidden field Ljava/lang/reflect/Field;->accessFlags:I (unsupported, reflection, allowed)
03-22 17:21:43.305  9313  9368 D libEGL  : loaded /vendor/lib64/egl/libEGL_emulation.so
03-22 17:21:43.312  9313  9368 D libEGL  : loaded /vendor/lib64/egl/libGLESv1_CM_emulation.so
03-22 17:21:43.316  9313  9368 D libEGL  : loaded /vendor/lib64/egl/libGLESv2_emulation.so
03-22 17:21:43.430  9313  9313 D LifecycleMonitor: Lifecycle status change: com.detoxsample.MainActivity@f70fa2c in: PRE_ON_CREATE
03-22 17:21:43.483  9313  9355 D SoLoader: About to load: libreactnativejni.so
03-22 17:21:43.483  9313  9355 D SoLoader: libreactnativejni.so not found on /data/data/com.detoxsample/lib-main
03-22 17:21:43.484  9313  9355 D SoLoader: libreactnativejni.so found on /data/app/~~cjEzEvDSw4A3KVGI7J9UWA==/com.detoxsample--bRMX1_QX7KjenFHXQkdtw==/lib/x86_64
03-22 17:21:43.484  9313  9355 D SoLoader: Not resolving dependencies for libreactnativejni.so
03-22 17:21:43.487  9313  9355 D SoLoader: Loaded: libreactnativejni.so
03-22 17:21:43.551  9313  9313 W com.detoxsampl: Accessing hidden method Landroid/view/View;->computeFitSystemWindows(Landroid/graphics/Rect;Landroid/graphics/Rect;)Z (unsupported, reflection, allowed)
03-22 17:21:43.552  9313  9313 W com.detoxsampl: Accessing hidden method Landroid/view/ViewGroup;->makeOptionalFitsSystemWindows()V (unsupported, reflection, allowed)
03-22 17:21:43.568  9313  9313 D LifecycleMonitor: Lifecycle status change: com.detoxsample.MainActivity@f70fa2c in: CREATED
03-22 17:21:43.571  9313  9313 D LifecycleMonitor: Lifecycle status change: com.detoxsample.MainActivity@f70fa2c in: STARTED
03-22 17:21:43.574  9313  9313 D LifecycleMonitor: Lifecycle status change: com.detoxsample.MainActivity@f70fa2c in: RESUMED
03-22 17:21:43.613  9313  9313 W unknown:ReactNative: Packager connection already open, nooping.
03-22 17:21:43.655  9313  9366 D HostConnection: createUnique: call
03-22 17:21:43.656  9313  9366 D HostConnection: HostConnection::get() New Host Connection established 0x73a0edf0b950, tid 9366
03-22 17:21:43.675  9313  9366 D HostConnection: HostComposition ext ANDROID_EMU_CHECKSUM_HELPER_v1 ANDROID_EMU_native_sync_v2 ANDROID_EMU_native_sync_v3 ANDROID_EMU_native_sync_v4 ANDROID_EMU_dma_v1 ANDROID_EMU_direct_mem ANDROID_EMU_host_composition_v1 ANDROID_EMU_host_composition_v2 ANDROID_EMU_YUV_Cache ANDROID_EMU_async_unmap_buffer ANDROID_EMU_has_shared_slots_host_memory_allocator ANDROID_EMU_sync_buffer_data GL_OES_EGL_image_external_essl3 GL_OES_vertex_array_object GL_KHR_texture_compression_astc_ldr ANDROID_EMU_host_side_tracing ANDROID_EMU_async_frame_commands ANDROID_EMU_gles_max_version_3_0 
03-22 17:21:43.734  9313  9366 W OpenGLRenderer: Failed to choose config with EGL_SWAP_BEHAVIOR_PRESERVED, retrying without...
03-22 17:21:43.734  9313  9366 W OpenGLRenderer: Failed to initialize 101010-2 format, error = EGL_SUCCESS
03-22 17:21:43.737  9313  9366 D EGL_emulation: eglCreateContext: 0x73a0edf0b410: maj 3 min 0 rcv 3
03-22 17:21:43.740  9313  9366 D EGL_emulation: eglMakeCurrent: 0x73a0edf0b410: ver 3 0 (tinfo 0x73a3073d2080) (first time)
03-22 17:21:43.761  9313  9366 I Gralloc4: mapper 4.x is not supported
03-22 17:21:43.766  9313  9366 D HostConnection: createUnique: call
03-22 17:21:43.767  9313  9366 D HostConnection: HostConnection::get() New Host Connection established 0x73a0edf0bdd0, tid 9366
03-22 17:21:43.768  9313  9366 D goldfish-address-space: allocate: Ask for block of size 0x100
03-22 17:21:43.768  9313  9366 D goldfish-address-space: allocate: ioctl allocate returned offset 0x3e3ffe000 size 0x2000
03-22 17:21:43.771  9313  9366 W Gralloc4: allocator 4.x is not supported
03-22 17:21:43.787  9313  9366 D HostConnection: HostComposition ext ANDROID_EMU_CHECKSUM_HELPER_v1 ANDROID_EMU_native_sync_v2 ANDROID_EMU_native_sync_v3 ANDROID_EMU_native_sync_v4 ANDROID_EMU_dma_v1 ANDROID_EMU_direct_mem ANDROID_EMU_host_composition_v1 ANDROID_EMU_host_composition_v2 ANDROID_EMU_YUV_Cache ANDROID_EMU_async_unmap_buffer ANDROID_EMU_has_shared_slots_host_memory_allocator ANDROID_EMU_sync_buffer_data GL_OES_EGL_image_external_essl3 GL_OES_vertex_array_object GL_KHR_texture_compression_astc_ldr ANDROID_EMU_host_side_tracing ANDROID_EMU_async_frame_commands ANDROID_EMU_gles_max_version_3_0 
03-22 17:21:44.016  9313  9342 I Detox   : Detox server connection details: url=ws://localhost:61168, sessionId=e84f9412-56c0-52ac-7ff3-4ba7966b357b
03-22 17:21:44.032  9313  9378 I DetoxDispatcher: Handling action '_init' (ID #0)...
03-22 17:21:44.032  9313  9378 I Detox   : Connecting to server...
03-22 17:21:44.032  9313  9378 I DetoxWSClient: At connectToServer
03-22 17:21:44.045  9313  9380 D DetoxWSClient: At onOpen
03-22 17:21:44.045  9313  9380 I DetoxWSClient: Sending out action 'login' (ID #0)
03-22 17:21:44.045  9313  9380 I Detox   : Connected to server!
03-22 17:21:44.051  9313  9380 D DetoxWSClient: Received action 'loginSuccess' (ID #0, params={"testerConnected":true,"appConnected":true})
03-22 17:21:44.055  9313  9380 D DetoxWSClient: Received action 'isReady' (ID #-1000, params={})
03-22 17:21:44.063  9313  9377 W unknown:ReactContext: initializeMessageQueueThreads() is called.
03-22 17:21:44.072  9313  9313 W unknown:ReactNative: Packager connection already open, nooping.
03-22 17:21:44.147  9313  9384 W unknown:ViewManagerPropertyUpdater: Could not find generated setter for class com.facebook.react.views.drawer.ReactDrawerLayoutManager
03-22 17:21:44.155  9313  9384 W unknown:ViewManagerPropertyUpdater: Could not find generated setter for class com.facebook.react.uimanager.LayoutShadowNode
03-22 17:21:44.157  9313  9384 W unknown:ViewManagerPropertyUpdater: Could not find generated setter for class com.facebook.react.views.scroll.ReactHorizontalScrollViewManager
03-22 17:21:44.162  9313  9384 W unknown:ViewManagerPropertyUpdater: Could not find generated setter for class com.facebook.react.views.scroll.ReactHorizontalScrollContainerViewManager
03-22 17:21:44.163  9313  9384 W unknown:ViewManagerPropertyUpdater: Could not find generated setter for class com.facebook.react.views.progressbar.ReactProgressBarViewManager
03-22 17:21:44.165  9313  9384 W unknown:ViewManagerPropertyUpdater: Could not find generated setter for class com.facebook.react.views.progressbar.ProgressBarShadowNode
03-22 17:21:44.168  9313  9384 W unknown:ViewManagerPropertyUpdater: Could not find generated setter for class com.facebook.react.views.scroll.ReactScrollViewManager
03-22 17:21:44.170  9313  9384 W unknown:ViewManagerPropertyUpdater: Could not find generated setter for class com.facebook.react.views.slider.ReactSliderManager
03-22 17:21:44.173  9313  9384 W unknown:ViewManagerPropertyUpdater: Could not find generated setter for class com.facebook.react.views.slider.ReactSliderManager$ReactSliderShadowNode
03-22 17:21:44.173  9313  9384 W unknown:ViewManagerPropertyUpdater: Could not find generated setter for class com.facebook.react.views.switchview.ReactSwitchManager
03-22 17:21:44.175  9313  9384 W unknown:ViewManagerPropertyUpdater: Could not find generated setter for class com.facebook.react.views.switchview.ReactSwitchManager$ReactSwitchShadowNode
03-22 17:21:44.177  9313  9384 W unknown:ViewManagerPropertyUpdater: Could not find generated setter for class com.facebook.react.views.swiperefresh.SwipeRefreshLayoutManager
03-22 17:21:44.179  9313  9384 W unknown:ViewManagerPropertyUpdater: Could not find generated setter for class com.facebook.react.views.text.frescosupport.FrescoBasedReactTextInlineImageViewManager
03-22 17:21:44.180  9313  9384 W unknown:ViewManagerPropertyUpdater: Could not find generated setter for class com.facebook.react.views.text.frescosupport.FrescoBasedReactTextInlineImageShadowNode
03-22 17:21:44.184  9313  9384 W unknown:ViewManagerPropertyUpdater: Could not find generated setter for class com.facebook.react.views.image.ReactImageManager
03-22 17:21:44.186  9313  9384 W unknown:ViewManagerPropertyUpdater: Could not find generated setter for class com.facebook.react.views.modal.ReactModalHostManager
03-22 17:21:44.188  9313  9384 W unknown:ViewManagerPropertyUpdater: Could not find generated setter for class com.facebook.react.views.modal.ModalHostShadowNode
03-22 17:21:44.189  9313  9384 W unknown:ViewManagerPropertyUpdater: Could not find generated setter for class com.facebook.react.views.text.ReactRawTextManager
03-22 17:21:44.190  9313  9384 W unknown:ViewManagerPropertyUpdater: Could not find generated setter for class com.facebook.react.views.text.ReactRawTextShadowNode
03-22 17:21:44.191  9313  9384 W unknown:ViewManagerPropertyUpdater: Could not find generated setter for class com.facebook.react.views.textinput.ReactTextInputManager
03-22 17:21:44.197  9313  9384 W unknown:ViewManagerPropertyUpdater: Could not find generated setter for class com.facebook.react.views.textinput.ReactTextInputShadowNode
03-22 17:21:44.202  9313  9384 W unknown:ViewManagerPropertyUpdater: Could not find generated setter for class com.facebook.react.views.text.ReactTextViewManager
03-22 17:21:44.206  9313  9384 W unknown:ViewManagerPropertyUpdater: Could not find generated setter for class com.facebook.react.views.text.ReactTextShadowNode
03-22 17:21:44.208  9313  9384 W unknown:ViewManagerPropertyUpdater: Could not find generated setter for class com.facebook.react.views.view.ReactViewManager
03-22 17:21:44.214  9313  9384 W unknown:ViewManagerPropertyUpdater: Could not find generated setter for class com.facebook.react.views.text.ReactVirtualTextViewManager
03-22 17:21:44.216  9313  9384 W unknown:ViewManagerPropertyUpdater: Could not find generated setter for class com.facebook.react.views.text.ReactVirtualTextShadowNode
03-22 17:21:44.217  9313  9384 W unknown:ViewManagerPropertyUpdater: Could not find generated setter for class com.facebook.react.views.unimplementedview.ReactUnimplementedViewManager
03-22 17:21:44.240  9313  9384 W unknown:ReactContext: initializeMessageQueueThreads() is called.
03-22 17:21:44.255  9313  9384 D SoLoader: About to load: libyoga.so
03-22 17:21:44.256  9313  9384 D SoLoader: libyoga.so not found on /data/data/com.detoxsample/lib-main
03-22 17:21:44.256  9313  9384 D SoLoader: libyoga.so found on /data/app/~~cjEzEvDSw4A3KVGI7J9UWA==/com.detoxsample--bRMX1_QX7KjenFHXQkdtw==/lib/x86_64
03-22 17:21:44.257  9313  9384 D SoLoader: Not resolving dependencies for libyoga.so
03-22 17:21:44.263  9313  9384 D SoLoader: Loaded: libyoga.so
03-22 17:21:44.281  9313  9313 I DetoxRNLoading: Got new RN-context async'ly through listener
03-22 17:21:44.284  9313  9378 I DetoxRNIdleRes: Setting up Espresso Idling Resources for React Native
03-22 17:21:44.308  9313  9383 D SoLoader: About to load: libreactnativeblob.so
03-22 17:21:44.309  9313  9383 D SoLoader: libreactnativeblob.so not found on /data/data/com.detoxsample/lib-main
03-22 17:21:44.317  9313  9383 D SoLoader: libreactnativeblob.so found on /data/app/~~cjEzEvDSw4A3KVGI7J9UWA==/com.detoxsample--bRMX1_QX7KjenFHXQkdtw==/lib/x86_64
03-22 17:21:44.318  9313  9383 D SoLoader: Not resolving dependencies for libreactnativeblob.so
03-22 17:21:44.322  9313  9383 D SoLoader: Loaded: libreactnativeblob.so
03-22 17:21:44.337  9313  9378 D AsyncStorageIR: Checking whether a custom IR for Async-Storage is required... (legacy=false)
03-22 17:21:44.338  9313  9378 D DetoxRNHelpers: Native RN module resolution (class com.reactnativecommunity.asyncstorage.AsyncStorageModule): no such class
03-22 17:21:44.338  9313  9378 D AsyncStorageIR: Checking whether a custom IR for Async-Storage is required... (legacy=true)
03-22 17:21:44.342  9313  9378 D AsyncStorageIR: IR for Async-Storage is required! (legacy=true)
03-22 17:21:44.363  9313  9378 I DetoxDispatcher: Done with action '_init'
03-22 17:21:44.363  9313  9378 I DetoxDispatcher: Handling action 'isReady' (ID #-1000)...
03-22 17:21:44.369  9313  9313 W com.detoxsampl: Accessing hidden method Landroid/os/MessageQueue;->next()Landroid/os/Message; (unsupported, reflection, allowed)
03-22 17:21:44.369  9313  9313 W com.detoxsampl: Accessing hidden field Landroid/os/MessageQueue;->mMessages:Landroid/os/Message; (unsupported, reflection, allowed)
03-22 17:21:44.369  9313  9313 W com.detoxsampl: Accessing hidden method Landroid/os/Message;->recycleUnchecked()V (unsupported, reflection, allowed)
03-22 17:21:44.395  9313  9384 I flipper : flipper: FlipperClient::addPlugin Fresco
03-22 17:21:44.404  9313  9384 I WebViewFactory: Loading com.google.android.webview version 91.0.4472.114 (code 447211487)
03-22 17:21:44.449  9313  9384 W com.detoxsampl: Accessing hidden method Landroid/os/Trace;->isTagEnabled(J)Z (unsupported, reflection, allowed)
03-22 17:21:44.449  9313  9384 W com.detoxsampl: Accessing hidden method Landroid/os/Trace;->traceBegin(JLjava/lang/String;)V (unsupported, reflection, allowed)
03-22 17:21:44.449  9313  9384 W com.detoxsampl: Accessing hidden method Landroid/os/Trace;->traceEnd(J)V (unsupported, reflection, allowed)
03-22 17:21:44.449  9313  9384 W com.detoxsampl: Accessing hidden method Landroid/os/Trace;->asyncTraceBegin(JLjava/lang/String;I)V (unsupported, reflection, allowed)
03-22 17:21:44.449  9313  9384 W com.detoxsampl: Accessing hidden method Landroid/os/Trace;->asyncTraceEnd(JLjava/lang/String;I)V (unsupported, reflection, allowed)
03-22 17:21:44.471  9313  9384 I cr_LibraryLoader: Loaded native library version number "91.0.4472.114"
03-22 17:21:44.472  9313  9384 I cr_CachingUmaRecorder: Flushed 4 samples from 4 histograms.
03-22 17:21:44.554  9313  9383 I ReactNativeJS: Running "DetoxSample" with {"rootTag":1}
03-22 17:21:44.684  9313  9313 D CompatibilityChangeReporter: Compat change id reported: 171228096; UID 10156; state: ENABLED
03-22 17:21:44.687  9313  9313 W com.detoxsampl: Accessing hidden field Landroid/widget/ScrollView;->mScroller:Landroid/widget/OverScroller; (unsupported, reflection, allowed)
03-22 17:21:44.783  9313  9313 I Detox   : Wait is over: app is now idle!
03-22 17:21:44.784  9313  9378 I DetoxWSClient: Sending out action 'ready' (ID #-1000)
03-22 17:21:44.784  9313  9378 I DetoxDispatcher: Done with action 'isReady'
03-22 17:21:44.785  9313  9378 I DetoxDispatcher: Handling action 'loginSuccess' (ID #0)...
03-22 17:21:44.785  9313  9378 I DetoxDispatcher: Done with action 'loginSuccess'
03-22 17:21:44.785  9313  9378 I DetoxDispatcher: Handling action 'isReady' (ID #-1000)...
03-22 17:21:44.799  9313  9313 I Detox   : Wait is over: app is now idle!
03-22 17:21:44.799  9313  9378 I DetoxWSClient: Sending out action 'ready' (ID #-1000)
03-22 17:21:44.800  9313  9378 I DetoxDispatcher: Done with action 'isReady'
