--------- beginning of main
03-22 21:55:22.122  9498  9623 I DetoxWSClient: Sending out action 'invokeResult' (ID #14)
03-22 21:55:22.123  9498  9623 I DetoxDispatcher: Done with action 'invoke'
03-22 21:55:22.130  9498  9625 D DetoxWSClient: Received action 'invoke' (ID #15, params={"target":{"type":"Class","value":"com.wix.detox.espresso.DetoxAssertion"},"method":"assertMatcher","args":[{"type":"Invocation","value":{"target":{"type":"Class","value":"androidx.test.espresso.Espresso"},"method":"onView","args":[{"type":"Invocation","value":{"target":{"type":"Class","value":"com.wix.detox.espresso.DetoxMatcher"},"method":"matcherForText","args":["Card Network length : 16"]}}]}},{"type":"Invocation","value":{"target":{"type":"Class","value":"com.wix.detox.espresso.DetoxMatcher"},"method":"matcherForSufficientlyVisible","args":[{"type":"Integer","value":75}]}}]})
03-22 21:55:22.132  9498  9623 I DetoxDispatcher: Handling action 'invoke' (ID #15)...
03-22 21:55:22.132  9498  9623 D Detox   : class com.wix.detox.espresso.DetoxMatcher, matcherForText, [Card Network length : 16]
03-22 21:55:22.133  9498  9623 D Detox   : class androidx.test.espresso.Espresso, onView, [(an instance of android.widget.TextView and view.getText() with or without transformation to match: is "Card Network length : 16" and view has effective visibility <VISIBLE>)]
03-22 21:55:22.133  9498  9623 D Detox   : class com.wix.detox.espresso.DetoxMatcher, matcherForSufficientlyVisible, [75]
03-22 21:55:22.135  9498  9623 D Detox   : class com.wix.detox.espresso.DetoxAssertion, assertMatcher, [androidx.test.espresso.ViewInteraction@30fa691, (view has effective visibility <VISIBLE> and view.getGlobalVisibleRect() covers at least <75> percent of the view's area)]
03-22 21:55:22.141  9498  9498 I ViewInteraction: Checking 'MatchesViewAssertion(Detox){viewMatcher=(view has effective visibility <VISIBLE> and view.getGlobalVisibleRect() covers at least <75> percent of the view's area)}' assertion on view (an instance of android.widget.TextView and view.getText() with or without transformation to match: is "Card Network length : 16" and view has effective visibility <VISIBLE>)
03-22 21:55:22.144  9498  9623 I DetoxWSClient: Sending out action 'invokeResult' (ID #15)
03-22 21:55:22.144  9498  9623 I DetoxDispatcher: Done with action 'invoke'
03-22 21:55:22.151  9498  9625 D DetoxWSClient: Received action 'invoke' (ID #16, params={"target":{"type":"Class","value":"com.wix.detox.espresso.EspressoDetox"},"method":"perform","args":[{"type":"Invocation","value":{"target":{"type":"Class","value":"androidx.test.espresso.Espresso"},"method":"onView","args":[{"type":"Invocation","value":{"target":{"type":"Class","value":"com.wix.detox.espresso.DetoxMatcher"},"method":"matcherForTestId","args":["cards"]}}]}},{"type":"Invocation","value":{"target":{"type":"Class","value":"com.wix.detox.espresso.DetoxViewActions"},"method":"click","args":[]}}]})
03-22 21:55:22.152  9498  9623 I DetoxDispatcher: Handling action 'invoke' (ID #16)...
03-22 21:55:22.153  9498  9623 D Detox   : class com.wix.detox.espresso.DetoxMatcher, matcherForTestId, [cards]
03-22 21:55:22.154  9498  9623 D Detox   : class androidx.test.espresso.Espresso, onView, [(view.getTag() is "cards" and view has effective visibility <VISIBLE>)]
03-22 21:55:22.155  9498  9623 D Detox   : class com.wix.detox.espresso.DetoxViewActions, click, []
03-22 21:55:22.155  9498  9623 D Detox   : class com.wix.detox.espresso.EspressoDetox, perform, [androidx.test.espresso.ViewInteraction@79049f6, com.wix.detox.espresso.action.RNClickAction@93ca1f7]
03-22 21:55:22.168  9498  9498 I ViewInteraction: Performing 'com.wix.detox.espresso.action.detoxsingletap@4346864 click' action on view (view.getTag() is "cards" and view has effective visibility <VISIBLE>)
03-22 21:55:22.302  9498  9498 I Detox   : AnimatedModule is busy.
03-22 21:55:22.312  9498  9498 I Detox   : AnimatedModule is busy.
03-22 21:55:22.328  9498  9498 I Detox   : AnimatedModule is busy.
03-22 21:55:22.346  9498  9498 I Detox   : AnimatedModule is busy.
03-22 21:55:22.361  9498  9498 I Detox   : AnimatedModule is busy.
03-22 21:55:22.379  9498  9498 I Detox   : AnimatedModule is busy.
03-22 21:55:22.394  9498  9498 I Detox   : AnimatedModule is busy.
03-22 21:55:22.412  9498  9498 I Detox   : AnimatedModule is busy.
03-22 21:55:22.428  9498  9498 I Detox   : AnimatedModule is busy.
03-22 21:55:22.445  9498  9498 I Detox   : AnimatedModule is busy.
03-22 21:55:22.461  9498  9498 I Detox   : AnimatedModule is busy.
03-22 21:55:22.480  9498  9498 I Detox   : AnimatedModule is busy.
03-22 21:55:22.495  9498  9498 I Detox   : AnimatedModule is busy.
03-22 21:55:22.512  9498  9498 I Detox   : AnimatedModule is busy.
03-22 21:55:22.912  9498  9623 I DetoxWSClient: Sending out action 'invokeResult' (ID #16)
03-22 21:55:22.913  9498  9623 I DetoxDispatcher: Done with action 'invoke'
03-22 21:55:22.969  9498  9625 D DetoxWSClient: Received action 'invoke' (ID #17, params={"target":{"type":"Class","value":"com.wix.detox.espresso.EspressoDetox"},"method":"perform","args":[{"type":"Invocation","value":{"target":{"type":"Class","value":"androidx.test.espresso.Espresso"},"method":"onView","args":[{"type":"Invocation","value":{"target":{"type":"Class","value":"com.wix.detox.espresso.DetoxMatcher"},"method":"matcherForTestId","args":["upiCollect"]}}]}},{"type":"Invocation","value":{"target":{"type":"Class","value":"com.wix.detox.espresso.DetoxViewActions"},"method":"click","args":[]}}]})
03-22 21:55:22.970  9498  9623 I DetoxDispatcher: Handling action 'invoke' (ID #17)...
03-22 21:55:22.971  9498  9623 D Detox   : class com.wix.detox.espresso.DetoxMatcher, matcherForTestId, [upiCollect]
03-22 21:55:22.971  9498  9623 D Detox   : class androidx.test.espresso.Espresso, onView, [(view.getTag() is "upiCollect" and view has effective visibility <VISIBLE>)]
03-22 21:55:22.972  9498  9623 D Detox   : class com.wix.detox.espresso.DetoxViewActions, click, []
03-22 21:55:22.973  9498  9623 D Detox   : class com.wix.detox.espresso.EspressoDetox, perform, [androidx.test.espresso.ViewInteraction@b6f0f82, com.wix.detox.espresso.action.RNClickAction@58f6693]
03-22 21:55:22.981  9498  9498 I ViewInteraction: Performing 'com.wix.detox.espresso.action.detoxsingletap@801a6d0 click' action on view (view.getTag() is "upiCollect" and view has effective visibility <VISIBLE>)
03-22 21:55:23.017  9498  9611 D EGL_emulation: app_time_stats: avg=24.42ms min=10.05ms max=485.13ms count=59
03-22 21:55:23.036  9498  9628 I ReactNativeJS: false
03-22 21:55:23.332  9498  9498 I Detox   : AnimatedModule is busy.
03-22 21:55:23.422  9498  9623 I DetoxWSClient: Sending out action 'invokeResult' (ID #17)
03-22 21:55:23.423  9498  9623 I DetoxDispatcher: Done with action 'invoke'
03-22 21:55:23.430  9498  9625 D DetoxWSClient: Received action 'invoke' (ID #18, params={"target":{"type":"Class","value":"com.wix.detox.espresso.EspressoDetox"},"method":"perform","args":[{"type":"Invocation","value":{"target":{"type":"Class","value":"androidx.test.espresso.Espresso"},"method":"onView","args":[{"type":"Invocation","value":{"target":{"type":"Class","value":"com.wix.detox.espresso.DetoxMatcher"},"method":"matcherForTestId","args":["vpaAddress"]}}]}},{"type":"Invocation","value":{"target":{"type":"Class","value":"androidx.test.espresso.action.ViewActions"},"method":"replaceText","args":["rohan@paytm"]}}]})
03-22 21:55:23.431  9498  9623 I DetoxDispatcher: Handling action 'invoke' (ID #18)...
03-22 21:55:23.431  9498  9623 D Detox   : class com.wix.detox.espresso.DetoxMatcher, matcherForTestId, [vpaAddress]
03-22 21:55:23.433  9498  9623 D Detox   : class androidx.test.espresso.Espresso, onView, [(view.getTag() is "vpaAddress" and view has effective visibility <VISIBLE>)]
03-22 21:55:23.433  9498  9623 D Detox   : class androidx.test.espresso.action.ViewActions, replaceText, [rohan@paytm]
03-22 21:55:23.434  9498  9623 D Detox   : class com.wix.detox.espresso.EspressoDetox, perform, [androidx.test.espresso.ViewInteraction@3b476e2, androidx.test.espresso.action.ReplaceTextAction@4dbaa73]
03-22 21:55:23.439  9498  9498 I ViewInteraction: Performing 'replace text(rohan@paytm)' action on view (view.getTag() is "vpaAddress" and view has effective visibility <VISIBLE>)
03-22 21:55:23.446  9498  9623 I DetoxWSClient: Sending out action 'invokeResult' (ID #18)
03-22 21:55:23.446  9498  9623 I DetoxDispatcher: Done with action 'invoke'
03-22 21:55:23.456  9498  9625 D DetoxWSClient: Received action 'invoke' (ID #19, params={"target":{"type":"Class","value":"com.wix.detox.espresso.EspressoDetox"},"method":"perform","args":[{"type":"Invocation","value":{"target":{"type":"Class","value":"androidx.test.espresso.Espresso"},"method":"onView","args":[{"type":"Invocation","value":{"target":{"type":"Class","value":"com.wix.detox.espresso.DetoxMatcher"},"method":"matcherForText","args":["PAY WITH UPI COLLECT"]}}]}},{"type":"Invocation","value":{"target":{"type":"Class","value":"com.wix.detox.espresso.DetoxViewActions"},"method":"click","args":[]}}]})
03-22 21:55:23.459  9498  9623 I DetoxDispatcher: Handling action 'invoke' (ID #19)...
03-22 21:55:23.460  9498  9623 D Detox   : class com.wix.detox.espresso.DetoxMatcher, matcherForText, [PAY WITH UPI COLLECT]
03-22 21:55:23.460  9498  9623 D Detox   : class androidx.test.espresso.Espresso, onView, [(an instance of android.widget.TextView and view.getText() with or without transformation to match: is "PAY WITH UPI COLLECT" and view has effective visibility <VISIBLE>)]
03-22 21:55:23.462  9498  9623 D Detox   : class com.wix.detox.espresso.DetoxViewActions, click, []
03-22 21:55:23.462  9498  9623 D Detox   : class com.wix.detox.espresso.EspressoDetox, perform, [androidx.test.espresso.ViewInteraction@1a71f2e, com.wix.detox.espresso.action.RNClickAction@b3c7acf]
03-22 21:55:23.472  9498  9498 I Detox   : UIManagerModule is busy
03-22 21:55:23.481  9498  9498 I Detox   : UIManagerModule is busy
03-22 21:55:23.499  9498  9498 I ViewInteraction: Performing 'com.wix.detox.espresso.action.detoxsingletap@492e8e1 click' action on view (an instance of android.widget.TextView and view.getText() with or without transformation to match: is "PAY WITH UPI COLLECT" and view has effective visibility <VISIBLE>)
03-22 21:55:23.556  9498  9498 I Detox   : UIManagerModule is busy
03-22 21:55:24.032  9498  9611 D EGL_emulation: app_time_stats: avg=17.33ms min=1.86ms max=115.24ms count=48
03-22 21:55:24.784  9498  9628 I ReactNativeJS: gettin ghere
03-22 21:55:24.785  9498  9628 I ReactNativeJS: here
03-22 21:55:24.785  9498  9628 I ReactNativeJS: here
03-22 21:55:24.792  9498  9629 D here    : getting here success
03-22 21:55:24.809  9498  9498 D LifecycleMonitor: Lifecycle status change: com.detoxsample.MainActivity@95c1cf5 in: PAUSED
03-22 21:55:24.831  9498  9498 D LifecycleMonitor: Lifecycle status change: com.razorpay.rn.RazorpayPaymentActivity@5fc1045 in: PRE_ON_CREATE
03-22 21:55:24.876  9498  9498 E com.razorpay.checkout: GooglePay library not included
03-22 21:55:24.959  9498  9715 W com.detoxsampl: Accessing hidden method Landroid/media/AudioManager;->getOutputLatency(I)I (unsupported, reflection, allowed)
03-22 21:55:24.967  9498  9715 W cr_media: Requires BLUETOOTH permission
03-22 21:55:24.970  9498  9838 D HostConnection: createUnique: call
03-22 21:55:24.971  9498  9838 D HostConnection: HostConnection::get() New Host Connection established 0x73a0edf13e10, tid 9838
03-22 21:55:24.976  9498  9838 D HostConnection: HostComposition ext ANDROID_EMU_CHECKSUM_HELPER_v1 ANDROID_EMU_native_sync_v2 ANDROID_EMU_native_sync_v3 ANDROID_EMU_native_sync_v4 ANDROID_EMU_dma_v1 ANDROID_EMU_direct_mem ANDROID_EMU_host_composition_v1 ANDROID_EMU_host_composition_v2 ANDROID_EMU_YUV_Cache ANDROID_EMU_async_unmap_buffer ANDROID_EMU_has_shared_slots_host_memory_allocator ANDROID_EMU_sync_buffer_data GL_OES_EGL_image_external_essl3 GL_OES_vertex_array_object GL_KHR_texture_compression_astc_ldr ANDROID_EMU_host_side_tracing ANDROID_EMU_async_frame_commands ANDROID_EMU_gles_max_version_3_0 
03-22 21:55:24.980  9498  9838 D EGL_emulation: eglCreateContext: 0x73a0edf13810: maj 3 min 0 rcv 3
03-22 21:55:24.980  9498  9838 D EGL_emulation: eglMakeCurrent: 0x73a0edf13810: ver 3 0 (tinfo 0x73a3073d2100) (first time)
03-22 21:55:24.984  9498  9498 D LifecycleMonitor: Lifecycle status change: com.razorpay.rn.RazorpayPaymentActivity@5fc1045 in: CREATED
03-22 21:55:24.987  9498  9498 D LifecycleMonitor: Lifecycle status change: com.razorpay.rn.RazorpayPaymentActivity@5fc1045 in: STARTED
03-22 21:55:24.988  9498  9498 D LifecycleMonitor: Lifecycle status change: com.razorpay.rn.RazorpayPaymentActivity@5fc1045 in: RESUMED
03-22 21:55:25.026  9498  9838 D EGL_emulation: eglCreateContext: 0x73a0edf14ad0: maj 3 min 0 rcv 3
03-22 21:55:25.123  9498  9838 D EGL_emulation: eglCreateContext: 0x73a0edf16990: maj 3 min 0 rcv 3
03-22 21:55:25.199  9498  9611 D EGL_emulation: app_time_stats: avg=48.51ms min=14.59ms max=401.25ms count=24
03-22 21:55:25.615  9498  9498 D LifecycleMonitor: Lifecycle status change: com.detoxsample.MainActivity@95c1cf5 in: STOPPED
03-22 21:55:25.829  9498  9623 I DetoxWSClient: Sending out action 'invokeResult' (ID #19)
03-22 21:55:25.832  9498  9623 I DetoxDispatcher: Done with action 'invoke'
03-22 21:55:25.838  9498  9625 D DetoxWSClient: Received action 'invoke' (ID #20, params={"target":{"type":"Class","value":"com.wix.detox.espresso.DetoxAssertion"},"method":"assertMatcher","args":[{"type":"Invocation","value":{"target":{"type":"Class","value":"androidx.test.espresso.Espresso"},"method":"onView","args":[{"type":"Invocation","value":{"target":{"type":"Class","value":"com.wix.detox.espresso.DetoxMatcher"},"method":"matcherForText","args":["VPA Validity : true"]}}]}},{"type":"Invocation","value":{"target":{"type":"Class","value":"com.wix.detox.espresso.DetoxMatcher"},"method":"matcherForSufficientlyVisible","args":[{"type":"Integer","value":75}]}}]})
03-22 21:55:25.839  9498  9623 I DetoxDispatcher: Handling action 'invoke' (ID #20)...
03-22 21:55:25.842  9498  9623 D Detox   : class com.wix.detox.espresso.DetoxMatcher, matcherForText, [VPA Validity : true]
03-22 21:55:25.846  9498  9623 D Detox   : class androidx.test.espresso.Espresso, onView, [(an instance of android.widget.TextView and view.getText() with or without transformation to match: is "VPA Validity : true" and view has effective visibility <VISIBLE>)]
03-22 21:55:25.851  9498  9623 D Detox   : class com.wix.detox.espresso.DetoxMatcher, matcherForSufficientlyVisible, [75]
03-22 21:55:25.855  9498  9623 D Detox   : class com.wix.detox.espresso.DetoxAssertion, assertMatcher, [androidx.test.espresso.ViewInteraction@c0c9fb9, (view has effective visibility <VISIBLE> and view.getGlobalVisibleRect() covers at least <75> percent of the view's area)]
03-22 21:55:25.890  9498  9498 I ViewInteraction: Checking 'MatchesViewAssertion(Detox){viewMatcher=(view has effective visibility <VISIBLE> and view.getGlobalVisibleRect() covers at least <75> percent of the view's area)}' assertion on view (an instance of android.widget.TextView and view.getText() with or without transformation to match: is "VPA Validity : true" and view has effective visibility <VISIBLE>)
03-22 21:55:25.893  9498  9623 I DetoxActionHandlers: Test exception
03-22 21:55:25.893  9498  9623 I DetoxActionHandlers: java.lang.reflect.InvocationTargetException
03-22 21:55:25.893  9498  9623 I DetoxActionHandlers: 	at java.lang.reflect.Method.invoke(Native Method)
03-22 21:55:25.893  9498  9623 I DetoxActionHandlers: 	at org.apache.commons.lang3.reflect.MethodUtils.invokeStaticMethod(MethodUtils.java:443)
03-22 21:55:25.893  9498  9623 I DetoxActionHandlers: 	at org.apache.commons.lang3.reflect.MethodUtils.invokeStaticMethod(MethodUtils.java:405)
03-22 21:55:25.893  9498  9623 I DetoxActionHandlers: 	at com.wix.invoke.types.ClassTarget.execute(ClassTarget.java:23)
03-22 21:55:25.893  9498  9623 I DetoxActionHandlers: 	at com.wix.invoke.types.Target.invoke(Target.java:59)
03-22 21:55:25.893  9498  9623 I DetoxActionHandlers: 	at com.wix.invoke.MethodInvocation.invoke(MethodInvocation.java:35)
03-22 21:55:25.893  9498  9623 I DetoxActionHandlers: 	at com.wix.invoke.MethodInvocation.invoke(MethodInvocation.java:26)
03-22 21:55:25.893  9498  9623 I DetoxActionHandlers: 	at com.wix.invoke.MethodInvocation.invoke(MethodInvocation.java:20)
03-22 21:55:25.893  9498  9623 I DetoxActionHandlers: 	at com.wix.detox.adapters.server.InvokeActionHandler.handle(DetoxActionHandlers.kt:54)
03-22 21:55:25.893  9498  9623 I DetoxActionHandlers: 	at com.wix.detox.adapters.server.ActionsExecutor$executeAction$$inlined$let$lambda$1.run(DetoxActionsDispatcher.kt:64)
03-22 21:55:25.893  9498  9623 I DetoxActionHandlers: 	at android.os.Handler.handleCallback(Handler.java:938)
03-22 21:55:25.893  9498  9623 I DetoxActionHandlers: 	at android.os.Handler.dispatchMessage(Handler.java:99)
03-22 21:55:25.893  9498  9623 I DetoxActionHandlers: 	at android.os.Looper.loopOnce(Looper.java:201)
03-22 21:55:25.893  9498  9623 I DetoxActionHandlers: 	at android.os.Looper.loop(Looper.java:288)
03-22 21:55:25.893  9498  9623 I DetoxActionHandlers: 	at com.wix.detox.adapters.server.ActionsExecutor$1.run(DetoxActionsDispatcher.kt:50)
03-22 21:55:25.893  9498  9623 I DetoxActionHandlers: 	at java.lang.Thread.run(Thread.java:920)
03-22 21:55:25.893  9498  9623 I DetoxActionHandlers: Caused by: androidx.test.espresso.base.DefaultFailureHandler$AssertionFailedWithCauseError: '(view has effective visibility <VISIBLE> and view.getGlobalVisibleRect() covers at least <75> percent of the view's area)' doesn't match the selected view.
03-22 21:55:25.893  9498  9623 I DetoxActionHandlers: Expected: (view has effective visibility <VISIBLE> and view.getGlobalVisibleRect() covers at least <75> percent of the view's area)
03-22 21:55:25.893  9498  9623 I DetoxActionHandlers:      Got: was null
03-22 21:55:25.893  9498  9623 I DetoxActionHandlers: 
03-22 21:55:25.893  9498  9623 I DetoxActionHandlers: 	at dalvik.system.VMStack.getThreadStackTrace(Native Method)
03-22 21:55:25.893  9498  9623 I DetoxActionHandlers: 	at java.lang.Thread.getStackTrace(Thread.java:1724)
03-22 21:55:25.893  9498  9623 I DetoxActionHandlers: 	at androidx.test.espresso.base.DefaultFailureHandler.getUserFriendlyError(DefaultFailureHandler.java:12)
03-22 21:55:25.893  9498  9623 I DetoxActionHandlers: 	at androidx.test.espresso.base.DefaultFailureHandler.handle(DefaultFailureHandler.java:7)
03-22 21:55:25.893  9498  9623 I DetoxActionHandlers: 	at androidx.test.espresso.ViewInteraction.waitForAndHandleInteractionResults(ViewInteraction.java:5)
03-22 21:55:25.893  9498  9623 I DetoxActionHandlers: 	at androidx.test.espresso.ViewInteraction.check(ViewInteraction.java:12)
03-22 21:55:25.893  9498  9623 I DetoxActionHandlers: 	at com.wix.detox.espresso.DetoxAssertion.assertMatcher(DetoxAssertion.java:32)
03-22 21:55:25.893  9498  9623 I DetoxActionHandlers: 	... 16 more
03-22 21:55:25.893  9498  9623 I DetoxActionHandlers: Caused by: junit.framework.AssertionFailedError: '(view has effective visibility <VISIBLE> and view.getGlobalVisibleRect() covers at least <75> percent of the view's area)' doesn't match the selected view.
03-22 21:55:25.893  9498  9623 I DetoxActionHandlers: Expected: (view has effective visibility <VISIBLE> and view.getGlobalVisibleRect() covers at least <75> percent of the view's area)
03-22 21:55:25.893  9498  9623 I DetoxActionHandlers:      Got: was null
03-22 21:55:25.893  9498  9623 I DetoxActionHandlers: 
03-22 21:55:25.893  9498  9623 I DetoxActionHandlers: 	at androidx.test.espresso.matcher.ViewMatchers.assertThat(ViewMatchers.java:16)
03-22 21:55:25.893  9498  9623 I DetoxActionHandlers: 	at com.wix.detox.espresso.assertion.ViewAssertions$MatchesViewAssertion.check(ViewAssertions.java:52)
03-22 21:55:25.893  9498  9623 I DetoxActionHandlers: 	at androidx.test.espresso.ViewInteraction$SingleExecutionViewAssertion.check(ViewInteraction.java:2)
03-22 21:55:25.893  9498  9623 I DetoxActionHandlers: 	at androidx.test.espresso.ViewInteraction$2.call(ViewInteraction.java:12)
03-22 21:55:25.893  9498  9623 I DetoxActionHandlers: 	at androidx.test.espresso.ViewInteraction$2.call(ViewInteraction.java:1)
03-22 21:55:25.893  9498  9623 I DetoxActionHandlers: 	at java.util.concurrent.FutureTask.run(FutureTask.java:266)
03-22 21:55:25.893  9498  9623 I DetoxActionHandlers: 	at android.os.Handler.handleCallback(Handler.java:938)
03-22 21:55:25.893  9498  9623 I DetoxActionHandlers: 	at android.os.Handler.dispatchMessage(Handler.java:99)
03-22 21:55:25.893  9498  9623 I DetoxActionHandlers: 	at android.os.Looper.loopOnce(Looper.java:201)
03-22 21:55:25.893  9498  9623 I DetoxActionHandlers: 	at android.os.Looper.loop(Looper.java:288)
03-22 21:55:25.893  9498  9623 I DetoxActionHandlers: 	at android.app.ActivityThread.main(ActivityThread.java:7842)
03-22 21:55:25.893  9498  9623 I DetoxActionHandlers: 	at java.lang.reflect.Method.invoke(Native Method)
03-22 21:55:25.893  9498  9623 I DetoxActionHandlers: 	at com.android.internal.os.RuntimeInit$MethodAndArgsCaller.run(RuntimeInit.java:548)
03-22 21:55:25.893  9498  9623 I DetoxActionHandlers: 	at com.android.internal.os.ZygoteInit.main(ZygoteInit.java:1003)
03-22 21:55:25.894  9498  9623 I DetoxWSClient: Sending out action 'testFailed' (ID #20)
03-22 21:55:25.894  9498  9623 I DetoxDispatcher: Done with action 'invoke'
