--------- beginning of main
03-22 22:08:29.338 11863 11863 I ViewInteraction: Checking 'MatchesViewAssertion(Detox){viewMatcher=(view has effective visibility <VISIBLE> and view.getGlobalVisibleRect() covers at least <75> percent of the view's area)}' assertion on view (an instance of android.widget.TextView and view.getText() with or without transformation to match: is "VPA Validity : true" and view has effective visibility <VISIBLE>)
03-22 22:08:29.340 11863 11933 I DetoxWSClient: Sending out action 'invokeResult' (ID #20)
03-22 22:08:29.340 11863 11933 I DetoxDispatcher: Done with action 'invoke'
03-22 22:08:29.399 11863 11937 D DetoxWSClient: Received action 'invoke' (ID #21, params={"target":{"type":"Class","value":"com.wix.detox.espresso.EspressoDetox"},"method":"perform","args":[{"type":"Invocation","value":{"target":{"type":"Class","value":"androidx.test.espresso.Espresso"},"method":"onView","args":[{"type":"Invocation","value":{"target":{"type":"Class","value":"com.wix.detox.espresso.DetoxMatcher"},"method":"matcherForTestId","args":["vpaAddress"]}}]}},{"type":"Invocation","value":{"target":{"type":"Class","value":"androidx.test.espresso.action.ViewActions"},"method":"replaceText","args":["failure@pay"]}}]})
03-22 22:08:29.399 11863 11933 I DetoxDispatcher: Handling action 'invoke' (ID #21)...
03-22 22:08:29.400 11863 11933 D Detox   : class com.wix.detox.espresso.DetoxMatcher, matcherForTestId, [vpaAddress]
03-22 22:08:29.400 11863 11933 D Detox   : class androidx.test.espresso.Espresso, onView, [(view.getTag() is "vpaAddress" and view has effective visibility <VISIBLE>)]
03-22 22:08:29.401 11863 11933 D Detox   : class androidx.test.espresso.action.ViewActions, replaceText, [failure@pay]
03-22 22:08:29.401 11863 11933 D Detox   : class com.wix.detox.espresso.EspressoDetox, perform, [androidx.test.espresso.ViewInteraction@300a4e6, androidx.test.espresso.action.ReplaceTextAction@9687a27]
03-22 22:08:29.405 11863 11863 I ViewInteraction: Performing 'replace text(failure@pay)' action on view (view.getTag() is "vpaAddress" and view has effective visibility <VISIBLE>)
03-22 22:08:29.418 11863 11933 I DetoxWSClient: Sending out action 'invokeResult' (ID #21)
03-22 22:08:29.419 11863 11933 I DetoxDispatcher: Done with action 'invoke'
03-22 22:08:29.424 11863 11937 D DetoxWSClient: Received action 'invoke' (ID #22, params={"target":{"type":"Class","value":"com.wix.detox.espresso.EspressoDetox"},"method":"perform","args":[{"type":"Invocation","value":{"target":{"type":"Class","value":"androidx.test.espresso.Espresso"},"method":"onView","args":[{"type":"Invocation","value":{"target":{"type":"Class","value":"com.wix.detox.espresso.DetoxMatcher"},"method":"matcherForText","args":["PAY WITH UPI COLLECT"]}}]}},{"type":"Invocation","value":{"target":{"type":"Class","value":"com.wix.detox.espresso.DetoxViewActions"},"method":"click","args":[]}}]})
03-22 22:08:29.425 11863 11933 I DetoxDispatcher: Handling action 'invoke' (ID #22)...
03-22 22:08:29.426 11863 11933 D Detox   : class com.wix.detox.espresso.DetoxMatcher, matcherForText, [PAY WITH UPI COLLECT]
03-22 22:08:29.426 11863 11933 D Detox   : class androidx.test.espresso.Espresso, onView, [(an instance of android.widget.TextView and view.getText() with or without transformation to match: is "PAY WITH UPI COLLECT" and view has effective visibility <VISIBLE>)]
03-22 22:08:29.426 11863 11933 D Detox   : class com.wix.detox.espresso.DetoxViewActions, click, []
03-22 22:08:29.426 11863 11933 D Detox   : class com.wix.detox.espresso.EspressoDetox, perform, [androidx.test.espresso.ViewInteraction@ca22972, com.wix.detox.espresso.action.RNClickAction@9d891c3]
03-22 22:08:29.459 11863 11863 I Detox   : UIManagerModule is busy
03-22 22:08:29.472 11863 11863 I Detox   : UIManagerModule is busy
03-22 22:08:29.485 11863 11863 I ViewInteraction: Performing 'com.wix.detox.espresso.action.detoxsingletap@2a8871f click' action on view (an instance of android.widget.TextView and view.getText() with or without transformation to match: is "PAY WITH UPI COLLECT" and view has effective visibility <VISIBLE>)
03-22 22:08:29.515 11863 11920 D EGL_emulation: app_time_stats: avg=93.78ms min=15.75ms max=806.18ms count=11
03-22 22:08:29.537 11863 11863 I Detox   : UIManagerModule is busy
03-22 22:08:30.701 11863 11933 I DetoxWSClient: Sending out action 'invokeResult' (ID #22)
03-22 22:08:30.702 11863 11933 I DetoxDispatcher: Done with action 'invoke'
03-22 22:08:30.708 11863 11937 D DetoxWSClient: Received action 'invoke' (ID #23, params={"target":{"type":"Class","value":"com.wix.detox.espresso.DetoxAssertion"},"method":"waitForAssertMatcher","args":[{"type":"Invocation","value":{"target":{"type":"Class","value":"androidx.test.espresso.Espresso"},"method":"onView","args":[{"type":"Invocation","value":{"target":{"type":"Class","value":"com.wix.detox.espresso.DetoxMatcher"},"method":"matcherForContentDescription","args":["OK"]}}]}},{"type":"Invocation","value":{"target":{"type":"Class","value":"com.wix.detox.espresso.DetoxMatcher"},"method":"matcherForSufficientlyVisible","args":[{"type":"Integer","value":75}]}},{"type":"Double","value":3}]})
03-22 22:08:30.709 11863 11933 I DetoxDispatcher: Handling action 'invoke' (ID #23)...
03-22 22:08:30.709 11863 11933 D Detox   : class com.wix.detox.espresso.DetoxMatcher, matcherForContentDescription, [OK]
03-22 22:08:30.710 11863 11933 D Detox   : class androidx.test.espresso.Espresso, onView, [(view.getContentDescription() is "OK" and view has effective visibility <VISIBLE>)]
03-22 22:08:30.711 11863 11933 D Detox   : class com.wix.detox.espresso.DetoxMatcher, matcherForSufficientlyVisible, [75]
03-22 22:08:30.711 11863 11933 D Detox   : class com.wix.detox.espresso.DetoxAssertion, waitForAssertMatcher, [androidx.test.espresso.ViewInteraction@ccbe515, (view has effective visibility <VISIBLE> and view.getGlobalVisibleRect() covers at least <75> percent of the view's area), 3.0]
03-22 22:08:30.717 11863 11863 I ViewInteraction: Checking 'MatchesViewAssertion(Detox){viewMatcher=(view has effective visibility <VISIBLE> and view.getGlobalVisibleRect() covers at least <75> percent of the view's area)}' assertion on view (view.getContentDescription() is "OK" and view has effective visibility <VISIBLE>)
03-22 22:08:30.752 11863 11863 I ViewInteraction: Checking 'MatchesViewAssertion(Detox){viewMatcher=(view has effective visibility <VISIBLE> and view.getGlobalVisibleRect() covers at least <75> percent of the view's area)}' assertion on view (view.getContentDescription() is "OK" and view has effective visibility <VISIBLE>)
03-22 22:08:30.789 11863 11863 I ViewInteraction: Checking 'MatchesViewAssertion(Detox){viewMatcher=(view has effective visibility <VISIBLE> and view.getGlobalVisibleRect() covers at least <75> percent of the view's area)}' assertion on view (view.getContentDescription() is "OK" and view has effective visibility <VISIBLE>)
03-22 22:08:30.821 11863 11863 I ViewInteraction: Checking 'MatchesViewAssertion(Detox){viewMatcher=(view has effective visibility <VISIBLE> and view.getGlobalVisibleRect() covers at least <75> percent of the view's area)}' assertion on view (view.getContentDescription() is "OK" and view has effective visibility <VISIBLE>)
03-22 22:08:30.855 11863 11863 I ViewInteraction: Checking 'MatchesViewAssertion(Detox){viewMatcher=(view has effective visibility <VISIBLE> and view.getGlobalVisibleRect() covers at least <75> percent of the view's area)}' assertion on view (view.getContentDescription() is "OK" and view has effective visibility <VISIBLE>)
03-22 22:08:30.886 11863 11863 I ViewInteraction: Checking 'MatchesViewAssertion(Detox){viewMatcher=(view has effective visibility <VISIBLE> and view.getGlobalVisibleRect() covers at least <75> percent of the view's area)}' assertion on view (view.getContentDescription() is "OK" and view has effective visibility <VISIBLE>)
03-22 22:08:30.921 11863 11863 I ViewInteraction: Checking 'MatchesViewAssertion(Detox){viewMatcher=(view has effective visibility <VISIBLE> and view.getGlobalVisibleRect() covers at least <75> percent of the view's area)}' assertion on view (view.getContentDescription() is "OK" and view has effective visibility <VISIBLE>)
03-22 22:08:30.957 11863 11863 I ViewInteraction: Checking 'MatchesViewAssertion(Detox){viewMatcher=(view has effective visibility <VISIBLE> and view.getGlobalVisibleRect() covers at least <75> percent of the view's area)}' assertion on view (view.getContentDescription() is "OK" and view has effective visibility <VISIBLE>)
03-22 22:08:30.991 11863 11863 I ViewInteraction: Checking 'MatchesViewAssertion(Detox){viewMatcher=(view has effective visibility <VISIBLE> and view.getGlobalVisibleRect() covers at least <75> percent of the view's area)}' assertion on view (view.getContentDescription() is "OK" and view has effective visibility <VISIBLE>)
03-22 22:08:31.025 11863 11863 I ViewInteraction: Checking 'MatchesViewAssertion(Detox){viewMatcher=(view has effective visibility <VISIBLE> and view.getGlobalVisibleRect() covers at least <75> percent of the view's area)}' assertion on view (view.getContentDescription() is "OK" and view has effective visibility <VISIBLE>)
03-22 22:08:31.056 11863 11863 I ViewInteraction: Checking 'MatchesViewAssertion(Detox){viewMatcher=(view has effective visibility <VISIBLE> and view.getGlobalVisibleRect() covers at least <75> percent of the view's area)}' assertion on view (view.getContentDescription() is "OK" and view has effective visibility <VISIBLE>)
03-22 22:08:31.086 11863 11863 I ViewInteraction: Checking 'MatchesViewAssertion(Detox){viewMatcher=(view has effective visibility <VISIBLE> and view.getGlobalVisibleRect() covers at least <75> percent of the view's area)}' assertion on view (view.getContentDescription() is "OK" and view has effective visibility <VISIBLE>)
03-22 22:08:31.123 11863 11863 I ViewInteraction: Checking 'MatchesViewAssertion(Detox){viewMatcher=(view has effective visibility <VISIBLE> and view.getGlobalVisibleRect() covers at least <75> percent of the view's area)}' assertion on view (view.getContentDescription() is "OK" and view has effective visibility <VISIBLE>)
03-22 22:08:31.157 11863 11863 I ViewInteraction: Checking 'MatchesViewAssertion(Detox){viewMatcher=(view has effective visibility <VISIBLE> and view.getGlobalVisibleRect() covers at least <75> percent of the view's area)}' assertion on view (view.getContentDescription() is "OK" and view has effective visibility <VISIBLE>)
03-22 22:08:31.191 11863 11863 I ViewInteraction: Checking 'MatchesViewAssertion(Detox){viewMatcher=(view has effective visibility <VISIBLE> and view.getGlobalVisibleRect() covers at least <75> percent of the view's area)}' assertion on view (view.getContentDescription() is "OK" and view has effective visibility <VISIBLE>)
03-22 22:08:31.230 11863 11863 I ViewInteraction: Checking 'MatchesViewAssertion(Detox){viewMatcher=(view has effective visibility <VISIBLE> and view.getGlobalVisibleRect() covers at least <75> percent of the view's area)}' assertion on view (view.getContentDescription() is "OK" and view has effective visibility <VISIBLE>)
03-22 22:08:31.267 11863 11863 I ViewInteraction: Checking 'MatchesViewAssertion(Detox){viewMatcher=(view has effective visibility <VISIBLE> and view.getGlobalVisibleRect() covers at least <75> percent of the view's area)}' assertion on view (view.getContentDescription() is "OK" and view has effective visibility <VISIBLE>)
03-22 22:08:31.302 11863 11863 I ViewInteraction: Checking 'MatchesViewAssertion(Detox){viewMatcher=(view has effective visibility <VISIBLE> and view.getGlobalVisibleRect() covers at least <75> percent of the view's area)}' assertion on view (view.getContentDescription() is "OK" and view has effective visibility <VISIBLE>)
03-22 22:08:31.331 11863 11863 I ViewInteraction: Checking 'MatchesViewAssertion(Detox){viewMatcher=(view has effective visibility <VISIBLE> and view.getGlobalVisibleRect() covers at least <75> percent of the view's area)}' assertion on view (view.getContentDescription() is "OK" and view has effective visibility <VISIBLE>)
03-22 22:08:31.366 11863 11863 I ViewInteraction: Checking 'MatchesViewAssertion(Detox){viewMatcher=(view has effective visibility <VISIBLE> and view.getGlobalVisibleRect() covers at least <75> percent of the view's area)}' assertion on view (view.getContentDescription() is "OK" and view has effective visibility <VISIBLE>)
03-22 22:08:31.402 11863 11863 I ViewInteraction: Checking 'MatchesViewAssertion(Detox){viewMatcher=(view has effective visibility <VISIBLE> and view.getGlobalVisibleRect() covers at least <75> percent of the view's area)}' assertion on view (view.getContentDescription() is "OK" and view has effective visibility <VISIBLE>)
03-22 22:08:31.439 11863 11863 I ViewInteraction: Checking 'MatchesViewAssertion(Detox){viewMatcher=(view has effective visibility <VISIBLE> and view.getGlobalVisibleRect() covers at least <75> percent of the view's area)}' assertion on view (view.getContentDescription() is "OK" and view has effective visibility <VISIBLE>)
03-22 22:08:31.477 11863 11863 I ViewInteraction: Checking 'MatchesViewAssertion(Detox){viewMatcher=(view has effective visibility <VISIBLE> and view.getGlobalVisibleRect() covers at least <75> percent of the view's area)}' assertion on view (view.getContentDescription() is "OK" and view has effective visibility <VISIBLE>)
03-22 22:08:31.512 11863 11863 I ViewInteraction: Checking 'MatchesViewAssertion(Detox){viewMatcher=(view has effective visibility <VISIBLE> and view.getGlobalVisibleRect() covers at least <75> percent of the view's area)}' assertion on view (view.getContentDescription() is "OK" and view has effective visibility <VISIBLE>)
03-22 22:08:31.545 11863 11863 I ViewInteraction: Checking 'MatchesViewAssertion(Detox){viewMatcher=(view has effective visibility <VISIBLE> and view.getGlobalVisibleRect() covers at least <75> percent of the view's area)}' assertion on view (view.getContentDescription() is "OK" and view has effective visibility <VISIBLE>)
03-22 22:08:31.580 11863 11863 I ViewInteraction: Checking 'MatchesViewAssertion(Detox){viewMatcher=(view has effective visibility <VISIBLE> and view.getGlobalVisibleRect() covers at least <75> percent of the view's area)}' assertion on view (view.getContentDescription() is "OK" and view has effective visibility <VISIBLE>)
03-22 22:08:31.611 11863 11863 I ViewInteraction: Checking 'MatchesViewAssertion(Detox){viewMatcher=(view has effective visibility <VISIBLE> and view.getGlobalVisibleRect() covers at least <75> percent of the view's area)}' assertion on view (view.getContentDescription() is "OK" and view has effective visibility <VISIBLE>)
03-22 22:08:31.652 11863 11863 I ViewInteraction: Checking 'MatchesViewAssertion(Detox){viewMatcher=(view has effective visibility <VISIBLE> and view.getGlobalVisibleRect() covers at least <75> percent of the view's area)}' assertion on view (view.getContentDescription() is "OK" and view has effective visibility <VISIBLE>)
03-22 22:08:31.683 11863 11863 I ViewInteraction: Checking 'MatchesViewAssertion(Detox){viewMatcher=(view has effective visibility <VISIBLE> and view.getGlobalVisibleRect() covers at least <75> percent of the view's area)}' assertion on view (view.getContentDescription() is "OK" and view has effective visibility <VISIBLE>)
03-22 22:08:31.720 11863 11863 I ViewInteraction: Checking 'MatchesViewAssertion(Detox){viewMatcher=(view has effective visibility <VISIBLE> and view.getGlobalVisibleRect() covers at least <75> percent of the view's area)}' assertion on view (view.getContentDescription() is "OK" and view has effective visibility <VISIBLE>)
03-22 22:08:31.767 11863 11920 D EGL_emulation: app_time_stats: avg=149.45ms min=2.29ms max=1422.26ms count=10
03-22 22:08:32.041 11863 11863 I ViewInteraction: Checking 'MatchesViewAssertion(Detox){viewMatcher=(view has effective visibility <VISIBLE> and view.getGlobalVisibleRect() covers at least <75> percent of the view's area)}' assertion on view (view.getContentDescription() is "OK" and view has effective visibility <VISIBLE>)
03-22 22:08:32.077 11863 11863 I ViewInteraction: Checking 'MatchesViewAssertion(Detox){viewMatcher=(view has effective visibility <VISIBLE> and view.getGlobalVisibleRect() covers at least <75> percent of the view's area)}' assertion on view (view.getContentDescription() is "OK" and view has effective visibility <VISIBLE>)
03-22 22:08:32.113 11863 11863 I ViewInteraction: Checking 'MatchesViewAssertion(Detox){viewMatcher=(view has effective visibility <VISIBLE> and view.getGlobalVisibleRect() covers at least <75> percent of the view's area)}' assertion on view (view.getContentDescription() is "OK" and view has effective visibility <VISIBLE>)
03-22 22:08:32.152 11863 11863 I ViewInteraction: Checking 'MatchesViewAssertion(Detox){viewMatcher=(view has effective visibility <VISIBLE> and view.getGlobalVisibleRect() covers at least <75> percent of the view's area)}' assertion on view (view.getContentDescription() is "OK" and view has effective visibility <VISIBLE>)
03-22 22:08:32.189 11863 11863 I ViewInteraction: Checking 'MatchesViewAssertion(Detox){viewMatcher=(view has effective visibility <VISIBLE> and view.getGlobalVisibleRect() covers at least <75> percent of the view's area)}' assertion on view (view.getContentDescription() is "OK" and view has effective visibility <VISIBLE>)
03-22 22:08:32.221 11863 11863 I ViewInteraction: Checking 'MatchesViewAssertion(Detox){viewMatcher=(view has effective visibility <VISIBLE> and view.getGlobalVisibleRect() covers at least <75> percent of the view's area)}' assertion on view (view.getContentDescription() is "OK" and view has effective visibility <VISIBLE>)
03-22 22:08:32.257 11863 11863 I ViewInteraction: Checking 'MatchesViewAssertion(Detox){viewMatcher=(view has effective visibility <VISIBLE> and view.getGlobalVisibleRect() covers at least <75> percent of the view's area)}' assertion on view (view.getContentDescription() is "OK" and view has effective visibility <VISIBLE>)
03-22 22:08:32.289 11863 11863 I ViewInteraction: Checking 'MatchesViewAssertion(Detox){viewMatcher=(view has effective visibility <VISIBLE> and view.getGlobalVisibleRect() covers at least <75> percent of the view's area)}' assertion on view (view.getContentDescription() is "OK" and view has effective visibility <VISIBLE>)
03-22 22:08:32.323 11863 11863 I ViewInteraction: Checking 'MatchesViewAssertion(Detox){viewMatcher=(view has effective visibility <VISIBLE> and view.getGlobalVisibleRect() covers at least <75> percent of the view's area)}' assertion on view (view.getContentDescription() is "OK" and view has effective visibility <VISIBLE>)
03-22 22:08:32.355 11863 11863 I ViewInteraction: Checking 'MatchesViewAssertion(Detox){viewMatcher=(view has effective visibility <VISIBLE> and view.getGlobalVisibleRect() covers at least <75> percent of the view's area)}' assertion on view (view.getContentDescription() is "OK" and view has effective visibility <VISIBLE>)
03-22 22:08:32.391 11863 11863 I ViewInteraction: Checking 'MatchesViewAssertion(Detox){viewMatcher=(view has effective visibility <VISIBLE> and view.getGlobalVisibleRect() covers at least <75> percent of the view's area)}' assertion on view (view.getContentDescription() is "OK" and view has effective visibility <VISIBLE>)
03-22 22:08:32.425 11863 11863 I ViewInteraction: Checking 'MatchesViewAssertion(Detox){viewMatcher=(view has effective visibility <VISIBLE> and view.getGlobalVisibleRect() covers at least <75> percent of the view's area)}' assertion on view (view.getContentDescription() is "OK" and view has effective visibility <VISIBLE>)
03-22 22:08:32.457 11863 11863 I ViewInteraction: Checking 'MatchesViewAssertion(Detox){viewMatcher=(view has effective visibility <VISIBLE> and view.getGlobalVisibleRect() covers at least <75> percent of the view's area)}' assertion on view (view.getContentDescription() is "OK" and view has effective visibility <VISIBLE>)
03-22 22:08:32.491 11863 11863 I ViewInteraction: Checking 'MatchesViewAssertion(Detox){viewMatcher=(view has effective visibility <VISIBLE> and view.getGlobalVisibleRect() covers at least <75> percent of the view's area)}' assertion on view (view.getContentDescription() is "OK" and view has effective visibility <VISIBLE>)
03-22 22:08:32.521 11863 11863 I ViewInteraction: Checking 'MatchesViewAssertion(Detox){viewMatcher=(view has effective visibility <VISIBLE> and view.getGlobalVisibleRect() covers at least <75> percent of the view's area)}' assertion on view (view.getContentDescription() is "OK" and view has effective visibility <VISIBLE>)
03-22 22:08:32.553 11863 11863 I ViewInteraction: Checking 'MatchesViewAssertion(Detox){viewMatcher=(view has effective visibility <VISIBLE> and view.getGlobalVisibleRect() covers at least <75> percent of the view's area)}' assertion on view (view.getContentDescription() is "OK" and view has effective visibility <VISIBLE>)
03-22 22:08:32.590 11863 11863 I ViewInteraction: Checking 'MatchesViewAssertion(Detox){viewMatcher=(view has effective visibility <VISIBLE> and view.getGlobalVisibleRect() covers at least <75> percent of the view's area)}' assertion on view (view.getContentDescription() is "OK" and view has effective visibility <VISIBLE>)
03-22 22:08:32.627 11863 11863 I ViewInteraction: Checking 'MatchesViewAssertion(Detox){viewMatcher=(view has effective visibility <VISIBLE> and view.getGlobalVisibleRect() covers at least <75> percent of the view's area)}' assertion on view (view.getContentDescription() is "OK" and view has effective visibility <VISIBLE>)
03-22 22:08:32.658 11863 11863 I ViewInteraction: Checking 'MatchesViewAssertion(Detox){viewMatcher=(view has effective visibility <VISIBLE> and view.getGlobalVisibleRect() covers at least <75> percent of the view's area)}' assertion on view (view.getContentDescription() is "OK" and view has effective visibility <VISIBLE>)
03-22 22:08:32.691 11863 11863 I ViewInteraction: Checking 'MatchesViewAssertion(Detox){viewMatcher=(view has effective visibility <VISIBLE> and view.getGlobalVisibleRect() covers at least <75> percent of the view's area)}' assertion on view (view.getContentDescription() is "OK" and view has effective visibility <VISIBLE>)
03-22 22:08:32.723 11863 11863 I ViewInteraction: Checking 'MatchesViewAssertion(Detox){viewMatcher=(view has effective visibility <VISIBLE> and view.getGlobalVisibleRect() covers at least <75> percent of the view's area)}' assertion on view (view.getContentDescription() is "OK" and view has effective visibility <VISIBLE>)
03-22 22:08:32.754 11863 11863 I ViewInteraction: Checking 'MatchesViewAssertion(Detox){viewMatcher=(view has effective visibility <VISIBLE> and view.getGlobalVisibleRect() covers at least <75> percent of the view's area)}' assertion on view (view.getContentDescription() is "OK" and view has effective visibility <VISIBLE>)
03-22 22:08:32.789 11863 11863 I ViewInteraction: Checking 'MatchesViewAssertion(Detox){viewMatcher=(view has effective visibility <VISIBLE> and view.getGlobalVisibleRect() covers at least <75> percent of the view's area)}' assertion on view (view.getContentDescription() is "OK" and view has effective visibility <VISIBLE>)
03-22 22:08:32.819 11863 11863 I ViewInteraction: Checking 'MatchesViewAssertion(Detox){viewMatcher=(view has effective visibility <VISIBLE> and view.getGlobalVisibleRect() covers at least <75> percent of the view's area)}' assertion on view (view.getContentDescription() is "OK" and view has effective visibility <VISIBLE>)
03-22 22:08:32.849 11863 11863 I ViewInteraction: Checking 'MatchesViewAssertion(Detox){viewMatcher=(view has effective visibility <VISIBLE> and view.getGlobalVisibleRect() covers at least <75> percent of the view's area)}' assertion on view (view.getContentDescription() is "OK" and view has effective visibility <VISIBLE>)
03-22 22:08:32.878 11863 11863 I ViewInteraction: Checking 'MatchesViewAssertion(Detox){viewMatcher=(view has effective visibility <VISIBLE> and view.getGlobalVisibleRect() covers at least <75> percent of the view's area)}' assertion on view (view.getContentDescription() is "OK" and view has effective visibility <VISIBLE>)
03-22 22:08:32.908 11863 11863 I ViewInteraction: Checking 'MatchesViewAssertion(Detox){viewMatcher=(view has effective visibility <VISIBLE> and view.getGlobalVisibleRect() covers at least <75> percent of the view's area)}' assertion on view (view.getContentDescription() is "OK" and view has effective visibility <VISIBLE>)
03-22 22:08:32.941 11863 11863 I ViewInteraction: Checking 'MatchesViewAssertion(Detox){viewMatcher=(view has effective visibility <VISIBLE> and view.getGlobalVisibleRect() covers at least <75> percent of the view's area)}' assertion on view (view.getContentDescription() is "OK" and view has effective visibility <VISIBLE>)
03-22 22:08:32.982 11863 11863 I ViewInteraction: Checking 'MatchesViewAssertion(Detox){viewMatcher=(view has effective visibility <VISIBLE> and view.getGlobalVisibleRect() covers at least <75> percent of the view's area)}' assertion on view (view.getContentDescription() is "OK" and view has effective visibility <VISIBLE>)
03-22 22:08:33.022 11863 11863 I ViewInteraction: Checking 'MatchesViewAssertion(Detox){viewMatcher=(view has effective visibility <VISIBLE> and view.getGlobalVisibleRect() covers at least <75> percent of the view's area)}' assertion on view (view.getContentDescription() is "OK" and view has effective visibility <VISIBLE>)
03-22 22:08:33.056 11863 11863 I ViewInteraction: Checking 'MatchesViewAssertion(Detox){viewMatcher=(view has effective visibility <VISIBLE> and view.getGlobalVisibleRect() covers at least <75> percent of the view's area)}' assertion on view (view.getContentDescription() is "OK" and view has effective visibility <VISIBLE>)
03-22 22:08:33.086 11863 11863 I ViewInteraction: Checking 'MatchesViewAssertion(Detox){viewMatcher=(view has effective visibility <VISIBLE> and view.getGlobalVisibleRect() covers at least <75> percent of the view's area)}' assertion on view (view.getContentDescription() is "OK" and view has effective visibility <VISIBLE>)
03-22 22:08:33.119 11863 11863 I ViewInteraction: Checking 'MatchesViewAssertion(Detox){viewMatcher=(view has effective visibility <VISIBLE> and view.getGlobalVisibleRect() covers at least <75> percent of the view's area)}' assertion on view (view.getContentDescription() is "OK" and view has effective visibility <VISIBLE>)
03-22 22:08:33.150 11863 11863 I ViewInteraction: Checking 'MatchesViewAssertion(Detox){viewMatcher=(view has effective visibility <VISIBLE> and view.getGlobalVisibleRect() covers at least <75> percent of the view's area)}' assertion on view (view.getContentDescription() is "OK" and view has effective visibility <VISIBLE>)
03-22 22:08:33.187 11863 11863 I ViewInteraction: Checking 'MatchesViewAssertion(Detox){viewMatcher=(view has effective visibility <VISIBLE> and view.getGlobalVisibleRect() covers at least <75> percent of the view's area)}' assertion on view (view.getContentDescription() is "OK" and view has effective visibility <VISIBLE>)
03-22 22:08:33.225 11863 11863 I ViewInteraction: Checking 'MatchesViewAssertion(Detox){viewMatcher=(view has effective visibility <VISIBLE> and view.getGlobalVisibleRect() covers at least <75> percent of the view's area)}' assertion on view (view.getContentDescription() is "OK" and view has effective visibility <VISIBLE>)
03-22 22:08:33.261 11863 11863 I ViewInteraction: Checking 'MatchesViewAssertion(Detox){viewMatcher=(view has effective visibility <VISIBLE> and view.getGlobalVisibleRect() covers at least <75> percent of the view's area)}' assertion on view (view.getContentDescription() is "OK" and view has effective visibility <VISIBLE>)
03-22 22:08:33.293 11863 11863 I ViewInteraction: Checking 'MatchesViewAssertion(Detox){viewMatcher=(view has effective visibility <VISIBLE> and view.getGlobalVisibleRect() covers at least <75> percent of the view's area)}' assertion on view (view.getContentDescription() is "OK" and view has effective visibility <VISIBLE>)
03-22 22:08:33.330 11863 11863 I ViewInteraction: Checking 'MatchesViewAssertion(Detox){viewMatcher=(view has effective visibility <VISIBLE> and view.getGlobalVisibleRect() covers at least <75> percent of the view's area)}' assertion on view (view.getContentDescription() is "OK" and view has effective visibility <VISIBLE>)
03-22 22:08:33.371 11863 11863 I ViewInteraction: Checking 'MatchesViewAssertion(Detox){viewMatcher=(view has effective visibility <VISIBLE> and view.getGlobalVisibleRect() covers at least <75> percent of the view's area)}' assertion on view (view.getContentDescription() is "OK" and view has effective visibility <VISIBLE>)
03-22 22:08:33.402 11863 11863 I ViewInteraction: Checking 'MatchesViewAssertion(Detox){viewMatcher=(view has effective visibility <VISIBLE> and view.getGlobalVisibleRect() covers at least <75> percent of the view's area)}' assertion on view (view.getContentDescription() is "OK" and view has effective visibility <VISIBLE>)
03-22 22:08:33.440 11863 11863 I ViewInteraction: Checking 'MatchesViewAssertion(Detox){viewMatcher=(view has effective visibility <VISIBLE> and view.getGlobalVisibleRect() covers at least <75> percent of the view's area)}' assertion on view (view.getContentDescription() is "OK" and view has effective visibility <VISIBLE>)
03-22 22:08:33.477 11863 11863 I ViewInteraction: Checking 'MatchesViewAssertion(Detox){viewMatcher=(view has effective visibility <VISIBLE> and view.getGlobalVisibleRect() covers at least <75> percent of the view's area)}' assertion on view (view.getContentDescription() is "OK" and view has effective visibility <VISIBLE>)
03-22 22:08:33.512 11863 11863 I ViewInteraction: Checking 'MatchesViewAssertion(Detox){viewMatcher=(view has effective visibility <VISIBLE> and view.getGlobalVisibleRect() covers at least <75> percent of the view's area)}' assertion on view (view.getContentDescription() is "OK" and view has effective visibility <VISIBLE>)
03-22 22:08:33.545 11863 11863 I ViewInteraction: Checking 'MatchesViewAssertion(Detox){viewMatcher=(view has effective visibility <VISIBLE> and view.getGlobalVisibleRect() covers at least <75> percent of the view's area)}' assertion on view (view.getContentDescription() is "OK" and view has effective visibility <VISIBLE>)
03-22 22:08:33.580 11863 11863 I ViewInteraction: Checking 'MatchesViewAssertion(Detox){viewMatcher=(view has effective visibility <VISIBLE> and view.getGlobalVisibleRect() covers at least <75> percent of the view's area)}' assertion on view (view.getContentDescription() is "OK" and view has effective visibility <VISIBLE>)
03-22 22:08:33.612 11863 11863 I ViewInteraction: Checking 'MatchesViewAssertion(Detox){viewMatcher=(view has effective visibility <VISIBLE> and view.getGlobalVisibleRect() covers at least <75> percent of the view's area)}' assertion on view (view.getContentDescription() is "OK" and view has effective visibility <VISIBLE>)
03-22 22:08:33.649 11863 11863 I ViewInteraction: Checking 'MatchesViewAssertion(Detox){viewMatcher=(view has effective visibility <VISIBLE> and view.getGlobalVisibleRect() covers at least <75> percent of the view's area)}' assertion on view (view.getContentDescription() is "OK" and view has effective visibility <VISIBLE>)
03-22 22:08:33.685 11863 11863 I ViewInteraction: Checking 'MatchesViewAssertion(Detox){viewMatcher=(view has effective visibility <VISIBLE> and view.getGlobalVisibleRect() covers at least <75> percent of the view's area)}' assertion on view (view.getContentDescription() is "OK" and view has effective visibility <VISIBLE>)
03-22 22:08:33.714 11863 11933 I DetoxActionHandlers: Test exception
03-22 22:08:33.714 11863 11933 I DetoxActionHandlers: java.lang.reflect.InvocationTargetException
03-22 22:08:33.714 11863 11933 I DetoxActionHandlers: 	at java.lang.reflect.Method.invoke(Native Method)
03-22 22:08:33.714 11863 11933 I DetoxActionHandlers: 	at org.apache.commons.lang3.reflect.MethodUtils.invokeStaticMethod(MethodUtils.java:443)
03-22 22:08:33.714 11863 11933 I DetoxActionHandlers: 	at org.apache.commons.lang3.reflect.MethodUtils.invokeStaticMethod(MethodUtils.java:405)
03-22 22:08:33.714 11863 11933 I DetoxActionHandlers: 	at com.wix.invoke.types.ClassTarget.execute(ClassTarget.java:23)
03-22 22:08:33.714 11863 11933 I DetoxActionHandlers: 	at com.wix.invoke.types.Target.invoke(Target.java:59)
03-22 22:08:33.714 11863 11933 I DetoxActionHandlers: 	at com.wix.invoke.MethodInvocation.invoke(MethodInvocation.java:35)
03-22 22:08:33.714 11863 11933 I DetoxActionHandlers: 	at com.wix.invoke.MethodInvocation.invoke(MethodInvocation.java:26)
03-22 22:08:33.714 11863 11933 I DetoxActionHandlers: 	at com.wix.invoke.MethodInvocation.invoke(MethodInvocation.java:20)
03-22 22:08:33.714 11863 11933 I DetoxActionHandlers: 	at com.wix.detox.adapters.server.InvokeActionHandler.handle(DetoxActionHandlers.kt:54)
03-22 22:08:33.714 11863 11933 I DetoxActionHandlers: 	at com.wix.detox.adapters.server.ActionsExecutor$executeAction$$inlined$let$lambda$1.run(DetoxActionsDispatcher.kt:64)
03-22 22:08:33.714 11863 11933 I DetoxActionHandlers: 	at android.os.Handler.handleCallback(Handler.java:938)
03-22 22:08:33.714 11863 11933 I DetoxActionHandlers: 	at android.os.Handler.dispatchMessage(Handler.java:99)
03-22 22:08:33.714 11863 11933 I DetoxActionHandlers: 	at android.os.Looper.loopOnce(Looper.java:201)
03-22 22:08:33.714 11863 11933 I DetoxActionHandlers: 	at android.os.Looper.loop(Looper.java:288)
03-22 22:08:33.714 11863 11933 I DetoxActionHandlers: 	at com.wix.detox.adapters.server.ActionsExecutor$1.run(DetoxActionsDispatcher.kt:50)
03-22 22:08:33.714 11863 11933 I DetoxActionHandlers: 	at java.lang.Thread.run(Thread.java:920)
03-22 22:08:33.714 11863 11933 I DetoxActionHandlers: Caused by: com.wix.detox.common.DetoxErrors$DetoxRuntimeException: 3.0sec timeout expired without matching of given matcher: (view has effective visibility <VISIBLE> and view.getGlobalVisibleRect() covers at least <75> percent of the view's area)
03-22 22:08:33.714 11863 11933 I DetoxActionHandlers: 	at com.wix.detox.espresso.DetoxAssertion.waitForAssertMatcher(DetoxAssertion.java:58)
03-22 22:08:33.714 11863 11933 I DetoxActionHandlers: 	... 16 more
03-22 22:08:33.714 11863 11933 I DetoxWSClient: Sending out action 'testFailed' (ID #23)
03-22 22:08:33.715 11863 11933 I DetoxDispatcher: Done with action 'invoke'
