--------- beginning of main
03-22 01:19:03.819 10394 10394 I com.detoxsampl: Late-enabling -Xcheck:jni
03-22 01:19:03.840 10394 10394 I com.detoxsampl: Unquickening 19 vdex files!
--------- beginning of system
03-22 01:19:03.927 10394 10394 W ActivityThread: Package uses different ABI(s) than its instrumentation: package[com.detoxsample]: arm64-v8a, null instrumentation[com.detoxsample.test]: null, null
03-22 01:19:03.930 10394 10394 I Typeface: Current DefaultTypeface ( lgtravel )
03-22 01:19:03.939 10394 10394 I com.detoxsampl: The ClassLoaderContext is a special shared library.
03-22 01:19:03.952 10394 10394 I com.detoxsampl: The ClassLoaderContext is a special shared library.
03-22 01:19:03.961 10394 10394 I com.detoxsampl: The ClassLoaderContext is a special shared library.
03-22 01:19:03.966 10394 10394 I com.detoxsampl: The ClassLoaderContext is a special shared library.
03-22 01:19:04.230 10394 10394 D ApplicationLoaders: Returning zygote-cached class loader: /system/framework/android.test.base.jar
03-22 01:19:04.230 10394 10394 D ApplicationLoaders: Returning zygote-cached class loader: /system/framework/android.test.base.jar
03-22 01:19:04.231 10394 10394 I com.detoxsampl: The ClassLoaderContext is a special shared library.
03-22 01:19:04.234 10394 10394 D ApplicationLoaders: Returning zygote-cached class loader: /system/framework/android.test.base.jar
03-22 01:19:04.234 10394 10394 D ApplicationLoaders: Returning zygote-cached class loader: /system/framework/android.test.base.jar
03-22 01:19:04.235 10394 10394 I com.detoxsampl: The ClassLoaderContext is a special shared library.
03-22 01:19:04.240 10394 10394 I chatty  : uid=10500(com.detoxsample) identical 2 lines
03-22 01:19:04.241 10394 10394 I com.detoxsampl: The ClassLoaderContext is a special shared library.
03-22 01:19:04.452 10394 10394 W com.detoxsampl: Accessing hidden method Landroid/app/Instrumentation;->execStartActivity(Landroid/content/Context;Landroid/os/IBinder;Landroid/os/IBinder;Landroid/app/Activity;Landroid/content/Intent;ILandroid/os/Bundle;)Landroid/app/Instrumentation$ActivityResult; (greylist, linking, allowed)
03-22 01:19:04.452 10394 10394 W com.detoxsampl: Accessing hidden method Landroid/app/Instrumentation;->execStartActivity(Landroid/content/Context;Landroid/os/IBinder;Landroid/os/IBinder;Ljava/lang/String;Landroid/content/Intent;ILandroid/os/Bundle;)Landroid/app/Instrumentation$ActivityResult; (greylist, linking, allowed)
03-22 01:19:04.461 10394 10394 D NetworkSecurityConfig: Using Network Security Config from resource network_security_config debugBuild: true
03-22 01:19:04.462 10394 10394 D NetworkSecurityConfig: Using Network Security Config from resource network_security_config debugBuild: true
03-22 01:19:04.465 10394 10394 I MonitoringInstr: Instrumentation started!
03-22 01:19:04.476 10394 10394 V TestEventClient: No service name argument was given (testDiscoveryService, testRunEventService or orchestratorService)
03-22 01:19:04.480 10394 10394 D SoLoader: init start
03-22 01:19:04.481 10394 10394 D SoLoader: adding system library source: /vendor/lib64
03-22 01:19:04.481 10394 10394 D SoLoader: adding system library source: /system/lib64
03-22 01:19:04.482 10394 10394 D SoLoader: adding application source: com.facebook.soloader.DirectorySoSource[root = /data/app/~~_M3bWsGyXd3OhYG8F6vCQQ==/com.detoxsample-04oni11qluHqTHBl6jDGlA==/lib/arm64 flags = 0]
03-22 01:19:04.483 10394 10394 D SoLoader: adding backup source from : com.facebook.soloader.ApkSoSource[root = /data/data/com.detoxsample/lib-main flags = 1]
03-22 01:19:04.484 10394 10394 D SoLoader: Preparing SO source: com.facebook.soloader.DirectorySoSource[root = /system/lib64 flags = 2]
03-22 01:19:04.484 10394 10394 D SoLoader: Preparing SO source: com.facebook.soloader.DirectorySoSource[root = /vendor/lib64 flags = 2]
03-22 01:19:04.484 10394 10394 D SoLoader: Preparing SO source: com.facebook.soloader.DirectorySoSource[root = /data/app/~~_M3bWsGyXd3OhYG8F6vCQQ==/com.detoxsample-04oni11qluHqTHBl6jDGlA==/lib/arm64 flags = 0]
03-22 01:19:04.484 10394 10394 D SoLoader: Preparing SO source: com.facebook.soloader.ApkSoSource[root = /data/data/com.detoxsample/lib-main flags = 1]
03-22 01:19:04.485 10394 10394 V fb-UnpackingSoSource: locked dso store /data/user/0/com.detoxsample/lib-main
03-22 01:19:04.489 10394 10394 V fb-UnpackingSoSource: deps mismatch on deps store: regenerating
03-22 01:19:04.489 10394 10394 V fb-UnpackingSoSource: so store dirty: regenerating
03-22 01:19:04.548 10394 10394 D ApkSoSource: not allowing consideration of lib/arm64-v8a/libbetter.so: deferring to libdir
03-22 01:19:04.548 10394 10394 D ApkSoSource: not allowing consideration of lib/arm64-v8a/libc++_shared.so: deferring to libdir
03-22 01:19:04.548 10394 10394 D ApkSoSource: not allowing consideration of lib/arm64-v8a/libevent-2.1.so: deferring to libdir
03-22 01:19:04.548 10394 10394 D ApkSoSource: not allowing consideration of lib/arm64-v8a/libevent_core-2.1.so: deferring to libdir
03-22 01:19:04.548 10394 10394 D ApkSoSource: not allowing consideration of lib/arm64-v8a/libevent_extra-2.1.so: deferring to libdir
03-22 01:19:04.548 10394 10394 D ApkSoSource: not allowing consideration of lib/arm64-v8a/libfabricjni.so: deferring to libdir
03-22 01:19:04.549 10394 10394 D ApkSoSource: not allowing consideration of lib/arm64-v8a/libfb.so: deferring to libdir
03-22 01:19:04.549 10394 10394 D ApkSoSource: not allowing consideration of lib/arm64-v8a/libfbjni.so: deferring to libdir
03-22 01:19:04.549 10394 10394 D ApkSoSource: not allowing consideration of lib/arm64-v8a/libflipper.so: deferring to libdir
03-22 01:19:04.549 10394 10394 D ApkSoSource: not allowing consideration of lib/arm64-v8a/libfolly_futures.so: deferring to libdir
03-22 01:19:04.549 10394 10394 D ApkSoSource: not allowing consideration of lib/arm64-v8a/libfolly_json.so: deferring to libdir
03-22 01:19:04.549 10394 10394 D ApkSoSource: not allowing consideration of lib/arm64-v8a/libglog.so: deferring to libdir
03-22 01:19:04.549 10394 10394 D ApkSoSource: not allowing consideration of lib/arm64-v8a/libglog_init.so: deferring to libdir
03-22 01:19:04.549 10394 10394 D ApkSoSource: not allowing consideration of lib/arm64-v8a/libimagepipeline.so: deferring to libdir
03-22 01:19:04.549 10394 10394 D ApkSoSource: not allowing consideration of lib/arm64-v8a/libjsc.so: deferring to libdir
03-22 01:19:04.549 10394 10394 D ApkSoSource: not allowing consideration of lib/arm64-v8a/libjscexecutor.so: deferring to libdir
03-22 01:19:04.549 10394 10394 D ApkSoSource: not allowing consideration of lib/arm64-v8a/libjsi.so: deferring to libdir
03-22 01:19:04.549 10394 10394 D ApkSoSource: not allowing consideration of lib/arm64-v8a/libjsijniprofiler.so: deferring to libdir
03-22 01:19:04.549 10394 10394 D ApkSoSource: not allowing consideration of lib/arm64-v8a/libjsinspector.so: deferring to libdir
03-22 01:19:04.549 10394 10394 D ApkSoSource: not allowing consideration of lib/arm64-v8a/liblogger.so: deferring to libdir
03-22 01:19:04.550 10394 10394 D ApkSoSource: not allowing consideration of lib/arm64-v8a/libmapbufferjni.so: deferring to libdir
03-22 01:19:04.550 10394 10394 D ApkSoSource: not allowing consideration of lib/arm64-v8a/libnative-filters.so: deferring to libdir
03-22 01:19:04.550 10394 10394 D ApkSoSource: not allowing consideration of lib/arm64-v8a/libnative-imagetranscoder.so: deferring to libdir
03-22 01:19:04.550 10394 10394 D ApkSoSource: not allowing consideration of lib/arm64-v8a/libreact_codegen_rncore.so: deferring to libdir
03-22 01:19:04.550 10394 10394 D ApkSoSource: not allowing consideration of lib/arm64-v8a/libreact_debug.so: deferring to libdir
03-22 01:19:04.550 10394 10394 D ApkSoSource: not allowing consideration of lib/arm64-v8a/libreact_nativemodule_core.so: deferring to libdir
03-22 01:19:04.550 10394 10394 D ApkSoSource: not allowing consideration of lib/arm64-v8a/libreact_render_animations.so: deferring to libdir
03-22 01:19:04.550 10394 10394 D ApkSoSource: not allowing consideration of lib/arm64-v8a/libreact_render_attributedstring.so: deferring to libdir
03-22 01:19:04.550 10394 10394 D ApkSoSource: not allowing consideration of lib/arm64-v8a/libreact_render_componentregistry.so: deferring to libdir
03-22 01:19:04.550 10394 10394 D ApkSoSource: not allowing consideration of lib/arm64-v8a/libreact_render_core.so: deferring to libdir
03-22 01:19:04.550 10394 10394 D ApkSoSource: not allowing consideration of lib/arm64-v8a/libreact_render_debug.so: deferring to libdir
03-22 01:19:04.550 10394 10394 D ApkSoSource: not allowing consideration of lib/arm64-v8a/libreact_render_graphics.so: deferring to libdir
03-22 01:19:04.550 10394 10394 D ApkSoSource: not allowing consideration of lib/arm64-v8a/libreact_render_imagemanager.so: deferring to libdir
03-22 01:19:04.550 10394 10394 D ApkSoSource: not allowing consideration of lib/arm64-v8a/libreact_render_leakchecker.so: deferring to libdir
03-22 01:19:04.551 10394 10394 D ApkSoSource: not allowing consideration of lib/arm64-v8a/libreact_render_mapbuffer.so: deferring to libdir
03-22 01:19:04.551 10394 10394 D ApkSoSource: not allowing consideration of lib/arm64-v8a/libreact_render_mounting.so: deferring to libdir
03-22 01:19:04.551 10394 10394 D ApkSoSource: not allowing consideration of lib/arm64-v8a/libreact_render_runtimescheduler.so: deferring to libdir
03-22 01:19:04.551 10394 10394 D ApkSoSource: not allowing consideration of lib/arm64-v8a/libreact_render_scheduler.so: deferring to libdir
03-22 01:19:04.551 10394 10394 D ApkSoSource: not allowing consideration of lib/arm64-v8a/libreact_render_telemetry.so: deferring to libdir
03-22 01:19:04.551 10394 10394 D ApkSoSource: not allowing consideration of lib/arm64-v8a/libreact_render_templateprocessor.so: deferring to libdir
03-22 01:19:04.551 10394 10394 D ApkSoSource: not allowing consideration of lib/arm64-v8a/libreact_render_textlayoutmanager.so: deferring to libdir
03-22 01:19:04.551 10394 10394 D ApkSoSource: not allowing consideration of lib/arm64-v8a/libreact_render_uimanager.so: deferring to libdir
03-22 01:19:04.551 10394 10394 D ApkSoSource: not allowing consideration of lib/arm64-v8a/libreact_utils.so: deferring to libdir
03-22 01:19:04.551 10394 10394 D ApkSoSource: not allowing consideration of lib/arm64-v8a/libreactconfig.so: deferring to libdir
03-22 01:19:04.551 10394 10394 D ApkSoSource: not allowing consideration of lib/arm64-v8a/libreactnativeblob.so: deferring to libdir
03-22 01:19:04.551 10394 10394 D ApkSoSource: not allowing consideration of lib/arm64-v8a/libreactnativejni.so: deferring to libdir
03-22 01:19:04.551 10394 10394 D ApkSoSource: not allowing consideration of lib/arm64-v8a/libreactnativeutilsjni.so: deferring to libdir
03-22 01:19:04.552 10394 10394 D ApkSoSource: not allowing consideration of lib/arm64-v8a/libreactperfloggerjni.so: deferring to libdir
03-22 01:19:04.552 10394 10394 D ApkSoSource: not allowing consideration of lib/arm64-v8a/librrc_image.so: deferring to libdir
03-22 01:19:04.552 10394 10394 D ApkSoSource: not allowing consideration of lib/arm64-v8a/librrc_modal.so: deferring to libdir
03-22 01:19:04.552 10394 10394 D ApkSoSource: not allowing consideration of lib/arm64-v8a/librrc_progressbar.so: deferring to libdir
03-22 01:19:04.552 10394 10394 D ApkSoSource: not allowing consideration of lib/arm64-v8a/librrc_root.so: deferring to libdir
03-22 01:19:04.552 10394 10394 D ApkSoSource: not allowing consideration of lib/arm64-v8a/librrc_scrollview.so: deferring to libdir
03-22 01:19:04.552 10394 10394 D ApkSoSource: not allowing consideration of lib/arm64-v8a/librrc_slider.so: deferring to libdir
03-22 01:19:04.552 10394 10394 D ApkSoSource: not allowing consideration of lib/arm64-v8a/librrc_switch.so: deferring to libdir
03-22 01:19:04.552 10394 10394 D ApkSoSource: not allowing consideration of lib/arm64-v8a/librrc_text.so: deferring to libdir
03-22 01:19:04.552 10394 10394 D ApkSoSource: not allowing consideration of lib/arm64-v8a/librrc_textinput.so: deferring to libdir
03-22 01:19:04.552 10394 10394 D ApkSoSource: not allowing consideration of lib/arm64-v8a/librrc_unimplementedview.so: deferring to libdir
03-22 01:19:04.552 10394 10394 D ApkSoSource: not allowing consideration of lib/arm64-v8a/librrc_view.so: deferring to libdir
03-22 01:19:04.552 10394 10394 D ApkSoSource: not allowing consideration of lib/arm64-v8a/libturbomodulejsijni.so: deferring to libdir
03-22 01:19:04.552 10394 10394 D ApkSoSource: not allowing consideration of lib/arm64-v8a/libyoga.so: deferring to libdir
03-22 01:19:04.553 10394 10394 V fb-UnpackingSoSource: regenerating DSO store com.facebook.soloader.ApkSoSource
03-22 01:19:04.553 10394 10394 V fb-UnpackingSoSource: Finished regenerating DSO store com.facebook.soloader.ApkSoSource
03-22 01:19:04.554 10394 10394 V fb-UnpackingSoSource: starting syncer worker
03-22 01:19:04.559 10394 10394 V fb-UnpackingSoSource: releasing dso store lock for /data/user/0/com.detoxsample/lib-main (from syncer thread)
03-22 01:19:04.559 10394 10394 V fb-UnpackingSoSource: not releasing dso store lock for /data/user/0/com.detoxsample/lib-main (syncer thread started)
03-22 01:19:04.559 10394 10394 D SoLoader: init finish: 4 SO sources prepared
03-22 01:19:04.559 10394 10394 D SoLoader: init exiting
03-22 01:19:04.572 10394 10394 D SoLoader: init exiting
03-22 01:19:04.572 10394 10394 D SoLoader: About to load: libjscexecutor.so
03-22 01:19:04.573 10394 10394 D SoLoader: libjscexecutor.so not found on /data/data/com.detoxsample/lib-main
03-22 01:19:04.573 10394 10394 D SoLoader: libjscexecutor.so found on /data/app/~~_M3bWsGyXd3OhYG8F6vCQQ==/com.detoxsample-04oni11qluHqTHBl6jDGlA==/lib/arm64
03-22 01:19:04.573 10394 10394 D SoLoader: Not resolving dependencies for libjscexecutor.so
03-22 01:19:04.618 10394 10394 D JavaScriptCore.Version: 250230.2.1
03-22 01:19:04.618 10394 10394 D SoLoader: Loaded: libjscexecutor.so
03-22 01:19:04.620 10394 10394 D SoLoader: init exiting
03-22 01:19:04.733 10394 10394 I SensorManager: registerListenerImpl() [Sensor: LGE Accelerometer Non-wakeup, Rate: 66667, SensorEventListener: com.facebook.react.common.ShakeDetector@717fc72] by com.facebook.react.common.ShakeDetector.start():60
03-22 01:19:04.751 10394 10435 D SoLoader: About to load: libfbjni.so
03-22 01:19:04.754 10394 10435 D SoLoader: libfbjni.so not found on /data/data/com.detoxsample/lib-main
03-22 01:19:04.754 10394 10435 D SoLoader: libfbjni.so found on /data/app/~~_M3bWsGyXd3OhYG8F6vCQQ==/com.detoxsample-04oni11qluHqTHBl6jDGlA==/lib/arm64
03-22 01:19:04.754 10394 10435 D SoLoader: Not resolving dependencies for libfbjni.so
03-22 01:19:04.755 10394 10435 D SoLoader: Loaded: libfbjni.so
03-22 01:19:04.755 10394 10435 D SoLoader: About to load: libflipper.so
03-22 01:19:04.755 10394 10435 D SoLoader: libflipper.so not found on /data/data/com.detoxsample/lib-main
03-22 01:19:04.755 10394 10435 D SoLoader: libflipper.so found on /data/app/~~_M3bWsGyXd3OhYG8F6vCQQ==/com.detoxsample-04oni11qluHqTHBl6jDGlA==/lib/arm64
03-22 01:19:04.755 10394 10435 D SoLoader: Not resolving dependencies for libflipper.so
03-22 01:19:04.786 10394 10435 D SoLoader: Loaded: libflipper.so
03-22 01:19:04.806 10394 10394 W com.detoxsampl: Accessing hidden field Landroid/view/View;->mKeyedTags:Landroid/util/SparseArray; (greylist, reflection, allowed)
03-22 01:19:04.806 10394 10394 W com.detoxsampl: Accessing hidden field Landroid/view/View;->mListenerInfo:Landroid/view/View$ListenerInfo; (greylist, reflection, allowed)
03-22 01:19:04.806 10394 10394 W com.detoxsampl: Accessing hidden field Landroid/view/View$ListenerInfo;->mOnClickListener:Landroid/view/View$OnClickListener; (greylist, reflection, allowed)
03-22 01:19:04.811 10394 10394 I flipper : flipper: FlipperClient::addPlugin Inspector
03-22 01:19:04.811 10394 10394 I flipper : flipper: FlipperClient::addPlugin React
03-22 01:19:04.813 10394 10394 I flipper : flipper: FlipperClient::addPlugin Databases
03-22 01:19:04.814 10394 10394 I flipper : flipper: FlipperClient::addPlugin Preferences
03-22 01:19:04.815 10394 10394 I flipper : flipper: FlipperClient::addPlugin CrashReporter
03-22 01:19:04.817 10394 10394 I flipper : flipper: FlipperClient::addPlugin Network
03-22 01:19:04.858 10394 10426 I UsageTrackerFacilitator: Usage tracking enabled
03-22 01:19:04.865 10394 10426 I TestRequestBuilder: Scanning classpath to find tests in paths [/data/app/~~HqXdImoVYSnpwWgmUsPvWA==/com.detoxsample.test-mHTK2pFnicN6C1LSv9ZxiA==/base.apk]
03-22 01:19:04.868 10394 10426 W com.detoxsampl: Opening an oat file without a class loader. Are you using the deprecated DexFile APIs?
03-22 01:19:05.849 10394 10426 D TestExecutor: Adding listener androidx.test.internal.runner.listener.LogRunListener
03-22 01:19:05.850 10394 10426 D TestExecutor: Adding listener androidx.test.internal.runner.listener.InstrumentationResultPrinter
03-22 01:19:05.850 10394 10426 D TestExecutor: Adding listener androidx.test.internal.runner.listener.ActivityFinisherRunListener
03-22 01:19:05.851 10394 10426 I TestRunner: run started: 1 tests
03-22 01:19:05.864 10394 10426 I TestRunner: started: runDetoxTests(com.detoxsample.DetoxTest)
03-22 01:19:05.877 10394 10441 D SoLoader: About to load: libreactnativejni.so
03-22 01:19:05.878 10394 10441 D SoLoader: libreactnativejni.so not found on /data/data/com.detoxsample/lib-main
03-22 01:19:05.879 10394 10441 D SoLoader: libreactnativejni.so found on /data/app/~~_M3bWsGyXd3OhYG8F6vCQQ==/com.detoxsample-04oni11qluHqTHBl6jDGlA==/lib/arm64
03-22 01:19:05.879 10394 10441 D SoLoader: Not resolving dependencies for libreactnativejni.so
03-22 01:19:05.883 10394 10441 D SoLoader: Loaded: libreactnativejni.so
03-22 01:19:05.900 10394 10426 D EventInjectionStrategy: Creating injection strategy with input manager.
03-22 01:19:05.901 10394 10426 W com.detoxsampl: Accessing hidden method Landroid/hardware/input/InputManager;->getInstance()Landroid/hardware/input/InputManager; (greylist, reflection, allowed)
03-22 01:19:05.901 10394 10426 W com.detoxsampl: Accessing hidden method Landroid/hardware/input/InputManager;->injectInputEvent(Landroid/view/InputEvent;I)Z (greylist, reflection, allowed)
03-22 01:19:05.901 10394 10426 W com.detoxsampl: Accessing hidden field Landroid/hardware/input/InputManager;->INJECT_INPUT_EVENT_MODE_WAIT_FOR_FINISH:I (greylist, reflection, allowed)
03-22 01:19:05.917 10394 10426 W com.detoxsampl: Accessing hidden field Ljava/lang/reflect/Field;->accessFlags:I (greylist, reflection, allowed)
03-22 01:19:06.117 10394 10394 D LifecycleMonitor: Lifecycle status change: com.detoxsample.MainActivity@88e2e8a in: PRE_ON_CREATE
03-22 01:19:06.196 10394 10394 W com.detoxsampl: Accessing hidden method Landroid/view/View;->computeFitSystemWindows(Landroid/graphics/Rect;Landroid/graphics/Rect;)Z (greylist, reflection, allowed)
03-22 01:19:06.197 10394 10394 W com.detoxsampl: Accessing hidden method Landroid/view/ViewGroup;->makeOptionalFitsSystemWindows()V (greylist, reflection, allowed)
03-22 01:19:06.214 10394 10394 D LifecycleMonitor: Lifecycle status change: com.detoxsample.MainActivity@88e2e8a in: CREATED
03-22 01:19:06.218 10394 10394 D LifecycleMonitor: Lifecycle status change: com.detoxsample.MainActivity@88e2e8a in: STARTED
03-22 01:19:06.232 10394 10394 D LifecycleMonitor: Lifecycle status change: com.detoxsample.MainActivity@88e2e8a in: RESUMED
03-22 01:19:06.253 10394 10394 I TouchFilterInputStageHelper: [needTouchEventFilter] Displayid : 0
03-22 01:19:06.255 10394 10394 D HandGripFilter: getdisplaysize, x : 1080 y : 2340
03-22 01:19:06.261 10394 10394 W unknown:ReactNative: Packager connection already open, nooping.
03-22 01:19:06.295 10394 10471 I AdrenoGLES-0: QUALCOMM build                   : 59e4ca3, Ic42881d075
03-22 01:19:06.295 10394 10471 I AdrenoGLES-0: Build Date                       : 01/07/21
03-22 01:19:06.295 10394 10471 I AdrenoGLES-0: OpenGL ES Shader Compiler Version: EV031.32.02.06
03-22 01:19:06.295 10394 10471 I AdrenoGLES-0: Local Branch                     : mybrancheb50fcd0-9e7c-f130-bc5f-5cb90179c3d8
03-22 01:19:06.295 10394 10471 I AdrenoGLES-0: Remote Branch                    : quic/gfx-adreno.lnx.1.0.r99-rel
03-22 01:19:06.295 10394 10471 I AdrenoGLES-0: Remote Branch                    : NONE
03-22 01:19:06.295 10394 10471 I AdrenoGLES-0: Reconstruct Branch               : NOTHING
03-22 01:19:06.295 10394 10471 I AdrenoGLES-0: Build Config                     : S P 10.0.7 AArch64
03-22 01:19:06.295 10394 10471 I AdrenoGLES-0: Driver Path                      : /vendor/lib64/egl/libGLESv2_adreno.so
03-22 01:19:06.300 10394 10471 I AdrenoGLES-0: PFP: 0x016ee190, ME: 0x00000000
03-22 01:19:06.414 10394 10394 I TouchFilterInputStageHelper: [needTouchEventFilter] Displayid : 0
03-22 01:19:06.415 10394 10394 D HandGripFilter: getdisplaysize, x : 1080 y : 2340
03-22 01:19:06.488 10394 10394 I Timeline: Timeline: Activity_idle id: ActivityRecord{70d645 token=android.os.BinderProxy@d209094 {com.detoxsample/com.detoxsample.MainActivity}} time:380298716
03-22 01:19:06.506 10394 10426 I Detox   : Detox server connection details: url=ws://localhost:61136, sessionId=7c248d89-9c71-8352-eb2c-1e369c7b1391
03-22 01:19:06.511 10394 10479 I DetoxDispatcher: Handling action '_init' (ID #0)...
03-22 01:19:06.511 10394 10479 I Detox   : Connecting to server...
03-22 01:19:06.511 10394 10479 I DetoxWSClient: At connectToServer
03-22 01:19:06.531 10394 10483 D DetoxWSClient: At onOpen
03-22 01:19:06.531 10394 10483 I DetoxWSClient: Sending out action 'login' (ID #0)
03-22 01:19:06.532 10394 10483 I Detox   : Connected to server!
03-22 01:19:06.539 10394 10483 D DetoxWSClient: Received action 'loginSuccess' (ID #0, params={"testerConnected":true,"appConnected":true})
03-22 01:19:06.545 10394 10478 W unknown:ReactContext: initializeMessageQueueThreads() is called.
03-22 01:19:06.551 10394 10394 W unknown:ReactNative: Packager connection already open, nooping.
03-22 01:19:06.571 10394 10483 D DetoxWSClient: Received action 'isReady' (ID #-1000, params={})
03-22 01:19:06.588 10394 10482 W unknown:ViewManagerPropertyUpdater: Could not find generated setter for class com.facebook.react.views.drawer.ReactDrawerLayoutManager
03-22 01:19:06.594 10394 10482 W unknown:ViewManagerPropertyUpdater: Could not find generated setter for class com.facebook.react.uimanager.LayoutShadowNode
03-22 01:19:06.597 10394 10482 W unknown:ViewManagerPropertyUpdater: Could not find generated setter for class com.facebook.react.views.scroll.ReactHorizontalScrollViewManager
03-22 01:19:06.600 10394 10482 W unknown:ViewManagerPropertyUpdater: Could not find generated setter for class com.facebook.react.views.scroll.ReactHorizontalScrollContainerViewManager
03-22 01:19:06.602 10394 10482 W unknown:ViewManagerPropertyUpdater: Could not find generated setter for class com.facebook.react.views.progressbar.ReactProgressBarViewManager
03-22 01:19:06.603 10394 10482 W unknown:ViewManagerPropertyUpdater: Could not find generated setter for class com.facebook.react.views.progressbar.ProgressBarShadowNode
03-22 01:19:06.605 10394 10482 W unknown:ViewManagerPropertyUpdater: Could not find generated setter for class com.facebook.react.views.scroll.ReactScrollViewManager
03-22 01:19:06.608 10394 10482 W unknown:ViewManagerPropertyUpdater: Could not find generated setter for class com.facebook.react.views.slider.ReactSliderManager
03-22 01:19:06.610 10394 10482 W unknown:ViewManagerPropertyUpdater: Could not find generated setter for class com.facebook.react.views.slider.ReactSliderManager$ReactSliderShadowNode
03-22 01:19:06.611 10394 10482 W unknown:ViewManagerPropertyUpdater: Could not find generated setter for class com.facebook.react.views.switchview.ReactSwitchManager
03-22 01:19:06.613 10394 10482 W unknown:ViewManagerPropertyUpdater: Could not find generated setter for class com.facebook.react.views.switchview.ReactSwitchManager$ReactSwitchShadowNode
03-22 01:19:06.613 10394 10482 W unknown:ViewManagerPropertyUpdater: Could not find generated setter for class com.facebook.react.views.swiperefresh.SwipeRefreshLayoutManager
03-22 01:19:06.617 10394 10482 W unknown:ViewManagerPropertyUpdater: Could not find generated setter for class com.facebook.react.views.text.frescosupport.FrescoBasedReactTextInlineImageViewManager
03-22 01:19:06.617 10394 10482 W unknown:ViewManagerPropertyUpdater: Could not find generated setter for class com.facebook.react.views.text.frescosupport.FrescoBasedReactTextInlineImageShadowNode
03-22 01:19:06.619 10394 10482 W unknown:ViewManagerPropertyUpdater: Could not find generated setter for class com.facebook.react.views.image.ReactImageManager
03-22 01:19:06.621 10394 10482 W unknown:ViewManagerPropertyUpdater: Could not find generated setter for class com.facebook.react.views.modal.ReactModalHostManager
03-22 01:19:06.622 10394 10482 W unknown:ViewManagerPropertyUpdater: Could not find generated setter for class com.facebook.react.views.modal.ModalHostShadowNode
03-22 01:19:06.623 10394 10482 W unknown:ViewManagerPropertyUpdater: Could not find generated setter for class com.facebook.react.views.text.ReactRawTextManager
03-22 01:19:06.624 10394 10482 W unknown:ViewManagerPropertyUpdater: Could not find generated setter for class com.facebook.react.views.text.ReactRawTextShadowNode
03-22 01:19:06.625 10394 10482 W unknown:ViewManagerPropertyUpdater: Could not find generated setter for class com.facebook.react.views.textinput.ReactTextInputManager
03-22 01:19:06.629 10394 10482 W unknown:ViewManagerPropertyUpdater: Could not find generated setter for class com.facebook.react.views.textinput.ReactTextInputShadowNode
03-22 01:19:06.631 10394 10482 W unknown:ViewManagerPropertyUpdater: Could not find generated setter for class com.facebook.react.views.text.ReactTextViewManager
03-22 01:19:06.633 10394 10482 W unknown:ViewManagerPropertyUpdater: Could not find generated setter for class com.facebook.react.views.text.ReactTextShadowNode
03-22 01:19:06.634 10394 10482 W unknown:ViewManagerPropertyUpdater: Could not find generated setter for class com.facebook.react.views.view.ReactViewManager
03-22 01:19:06.637 10394 10482 W unknown:ViewManagerPropertyUpdater: Could not find generated setter for class com.facebook.react.views.text.ReactVirtualTextViewManager
03-22 01:19:06.637 10394 10482 W unknown:ViewManagerPropertyUpdater: Could not find generated setter for class com.facebook.react.views.text.ReactVirtualTextShadowNode
03-22 01:19:06.638 10394 10482 W unknown:ViewManagerPropertyUpdater: Could not find generated setter for class com.facebook.react.views.unimplementedview.ReactUnimplementedViewManager
03-22 01:19:06.650 10394 10482 W unknown:ReactContext: initializeMessageQueueThreads() is called.
03-22 01:19:06.652 10394 10482 D SoLoader: About to load: libyoga.so
03-22 01:19:06.653 10394 10482 D SoLoader: libyoga.so not found on /data/data/com.detoxsample/lib-main
03-22 01:19:06.653 10394 10482 D SoLoader: libyoga.so found on /data/app/~~_M3bWsGyXd3OhYG8F6vCQQ==/com.detoxsample-04oni11qluHqTHBl6jDGlA==/lib/arm64
03-22 01:19:06.653 10394 10482 D SoLoader: Not resolving dependencies for libyoga.so
03-22 01:19:06.653 10394 10482 D SoLoader: Loaded: libyoga.so
03-22 01:19:06.665 10394 10394 I DetoxRNLoading: Got new RN-context async'ly through listener
03-22 01:19:06.666 10394 10479 I DetoxRNIdleRes: Setting up Espresso Idling Resources for React Native
03-22 01:19:06.694 10394 10479 D AsyncStorageIR: Checking whether a custom IR for Async-Storage is required... (legacy=false)
03-22 01:19:06.695 10394 10479 D DetoxRNHelpers: Native RN module resolution (class com.reactnativecommunity.asyncstorage.AsyncStorageModule): no such class
03-22 01:19:06.695 10394 10479 D AsyncStorageIR: Checking whether a custom IR for Async-Storage is required... (legacy=true)
03-22 01:19:06.698 10394 10479 D AsyncStorageIR: IR for Async-Storage is required! (legacy=true)
03-22 01:19:06.708 10394 10394 D AsyncStorageIRLegacy: Async-storage is busy!
03-22 01:19:06.711 10394 10482 I flipper : flipper: FlipperClient::addPlugin Fresco
03-22 01:19:06.712 10394 10482 W com.detoxsampl: Accessing hidden method Landroid/os/MessageQueue;->next()Landroid/os/Message; (greylist, reflection, allowed)
03-22 01:19:06.712 10394 10482 W com.detoxsampl: Accessing hidden field Landroid/os/MessageQueue;->mMessages:Landroid/os/Message; (greylist, reflection, allowed)
03-22 01:19:06.712 10394 10482 W com.detoxsampl: Accessing hidden method Landroid/os/Message;->recycleUnchecked()V (greylist, reflection, allowed)
03-22 01:19:06.717 10394 10479 I DetoxDispatcher: Done with action '_init'
03-22 01:19:06.717 10394 10479 I DetoxDispatcher: Handling action 'isReady' (ID #-1000)...
03-22 01:19:06.769 10394 10481 D SoLoader: About to load: libreactnativeblob.so
03-22 01:19:06.770 10394 10481 D SoLoader: libreactnativeblob.so not found on /data/data/com.detoxsample/lib-main
03-22 01:19:06.770 10394 10481 D SoLoader: libreactnativeblob.so found on /data/app/~~_M3bWsGyXd3OhYG8F6vCQQ==/com.detoxsample-04oni11qluHqTHBl6jDGlA==/lib/arm64
03-22 01:19:06.770 10394 10481 D SoLoader: Not resolving dependencies for libreactnativeblob.so
03-22 01:19:06.772 10394 10481 D SoLoader: Loaded: libreactnativeblob.so
03-22 01:19:06.842 10394 10482 I WebViewFactory: Loading com.google.android.webview version 99.0.4844.58 (code 484405833)
03-22 01:19:06.955 10394 10481 I ReactNativeJS: Running "DetoxSample" with {"rootTag":1}
03-22 01:19:06.966 10394 10482 W com.detoxsampl: Accessing hidden method Landroid/os/Trace;->isTagEnabled(J)Z (greylist, reflection, allowed)
03-22 01:19:06.966 10394 10482 W com.detoxsampl: Accessing hidden method Landroid/os/Trace;->traceBegin(JLjava/lang/String;)V (greylist, reflection, allowed)
03-22 01:19:06.966 10394 10482 W com.detoxsampl: Accessing hidden method Landroid/os/Trace;->traceEnd(J)V (greylist, reflection, allowed)
03-22 01:19:06.966 10394 10482 W com.detoxsampl: Accessing hidden method Landroid/os/Trace;->asyncTraceBegin(JLjava/lang/String;I)V (greylist, reflection, allowed)
03-22 01:19:06.966 10394 10482 W com.detoxsampl: Accessing hidden method Landroid/os/Trace;->asyncTraceEnd(JLjava/lang/String;I)V (greylist, reflection, allowed)
03-22 01:19:06.976 10394 10482 I cr_WVCFactoryProvider: Loaded version=99.0.4844.58 minSdkVersion=29 isBundle=true multiprocess=true packageId=3
03-22 01:19:07.066 10394 10482 I cr_LibraryLoader: Successfully loaded native library
03-22 01:19:07.072 10394 10482 I cr_CachingUmaRecorder: Flushed 8 samples from 8 histograms.
03-22 01:19:07.353 10394 10394 W com.detoxsampl: Accessing hidden field Landroid/widget/ScrollView;->mScroller:Landroid/widget/OverScroller; (greylist, reflection, allowed)
03-22 01:19:07.425 10394 10394 I Detox   : Wait is over: app is now idle!
03-22 01:19:07.426 10394 10479 I DetoxWSClient: Sending out action 'ready' (ID #-1000)
03-22 01:19:07.426 10394 10479 I DetoxDispatcher: Done with action 'isReady'
03-22 01:19:07.426 10394 10479 I DetoxDispatcher: Handling action 'loginSuccess' (ID #0)...
03-22 01:19:07.426 10394 10479 I DetoxDispatcher: Done with action 'loginSuccess'
03-22 01:19:07.426 10394 10479 I DetoxDispatcher: Handling action 'isReady' (ID #-1000)...
03-22 01:19:07.427 10394 10557 D SoLoader: About to load: libimagepipeline.so
03-22 01:19:07.428 10394 10557 D SoLoader: libimagepipeline.so not found on /data/data/com.detoxsample/lib-main
03-22 01:19:07.428 10394 10557 D SoLoader: libimagepipeline.so found on /data/app/~~_M3bWsGyXd3OhYG8F6vCQQ==/com.detoxsample-04oni11qluHqTHBl6jDGlA==/lib/arm64
03-22 01:19:07.428 10394 10557 D SoLoader: Not resolving dependencies for libimagepipeline.so
03-22 01:19:07.430 10394 10557 D SoLoader: Loaded: libimagepipeline.so
03-22 01:19:07.432 10394 10394 I Detox   : Wait is over: app is now idle!
03-22 01:19:07.432 10394 10479 I DetoxWSClient: Sending out action 'ready' (ID #-1000)
03-22 01:19:07.432 10394 10479 I DetoxDispatcher: Done with action 'isReady'
