--------- beginning of main
03-22 21:55:17.306  9498  9623 I DetoxWSClient: Sending out action 'invokeResult' (ID #1)
03-22 21:55:17.306  9498  9623 I DetoxDispatcher: Done with action 'invoke'
03-22 21:55:17.314  9498  9625 D DetoxWSClient: Received action 'invoke' (ID #2, params={"target":{"type":"Class","value":"com.wix.detox.espresso.DetoxAssertion"},"method":"assertMatcher","args":[{"type":"Invocation","value":{"target":{"type":"Class","value":"androidx.test.espresso.Espresso"},"method":"onView","args":[{"type":"Invocation","value":{"target":{"type":"Class","value":"com.wix.detox.espresso.DetoxMatcher"},"method":"matcherForText","args":["Razorpay Initialized"]}}]}},{"type":"Invocation","value":{"target":{"type":"Class","value":"com.wix.detox.espresso.DetoxMatcher"},"method":"matcherForSufficientlyVisible","args":[{"type":"Integer","value":75}]}}]})
03-22 21:55:17.314  9498  9623 I DetoxDispatcher: Handling action 'invoke' (ID #2)...
03-22 21:55:17.315  9498  9623 D Detox   : class com.wix.detox.espresso.DetoxMatcher, matcherForText, [Razorpay Initialized]
03-22 21:55:17.317  9498  9623 D Detox   : class androidx.test.espresso.Espresso, onView, [(an instance of android.widget.TextView and view.getText() with or without transformation to match: is "Razorpay Initialized" and view has effective visibility <VISIBLE>)]
03-22 21:55:17.317  9498  9623 D Detox   : class com.wix.detox.espresso.DetoxMatcher, matcherForSufficientlyVisible, [75]
03-22 21:55:17.318  9498  9623 D Detox   : class com.wix.detox.espresso.DetoxAssertion, assertMatcher, [androidx.test.espresso.ViewInteraction@7209c19, (view has effective visibility <VISIBLE> and view.getGlobalVisibleRect() covers at least <75> percent of the view's area)]
03-22 21:55:17.325  9498  9498 I ViewInteraction: Checking 'MatchesViewAssertion(Detox){viewMatcher=(view has effective visibility <VISIBLE> and view.getGlobalVisibleRect() covers at least <75> percent of the view's area)}' assertion on view (an instance of android.widget.TextView and view.getText() with or without transformation to match: is "Razorpay Initialized" and view has effective visibility <VISIBLE>)
03-22 21:55:17.326  9498  9623 I DetoxWSClient: Sending out action 'invokeResult' (ID #2)
03-22 21:55:17.331  9498  9623 I DetoxDispatcher: Done with action 'invoke'
03-22 21:55:17.389  9498  9625 D DetoxWSClient: Received action 'invoke' (ID #3, params={"target":{"type":"Class","value":"com.wix.detox.espresso.EspressoDetox"},"method":"perform","args":[{"type":"Invocation","value":{"target":{"type":"Class","value":"androidx.test.espresso.Espresso"},"method":"onView","args":[{"type":"Invocation","value":{"target":{"type":"Class","value":"com.wix.detox.espresso.DetoxMatcher"},"method":"matcherForTestId","args":["cards"]}}]}},{"type":"Invocation","value":{"target":{"type":"Class","value":"com.wix.detox.espresso.DetoxViewActions"},"method":"click","args":[]}}]})
03-22 21:55:17.389  9498  9623 I DetoxDispatcher: Handling action 'invoke' (ID #3)...
03-22 21:55:17.390  9498  9623 D Detox   : class com.wix.detox.espresso.DetoxMatcher, matcherForTestId, [cards]
03-22 21:55:17.390  9498  9623 D Detox   : class androidx.test.espresso.Espresso, onView, [(view.getTag() is "cards" and view has effective visibility <VISIBLE>)]
03-22 21:55:17.391  9498  9623 D Detox   : class com.wix.detox.espresso.DetoxViewActions, click, []
03-22 21:55:17.391  9498  9623 D Detox   : class com.wix.detox.espresso.EspressoDetox, perform, [androidx.test.espresso.ViewInteraction@cc844de, com.wix.detox.espresso.action.RNClickAction@7f526bf]
03-22 21:55:17.402  9498  9498 I ViewInteraction: Performing 'com.wix.detox.espresso.action.detoxsingletap@be9e18c click' action on view (view.getTag() is "cards" and view has effective visibility <VISIBLE>)
03-22 21:55:17.493  9498  9611 D EGL_emulation: app_time_stats: avg=45.51ms min=1.80ms max=610.52ms count=27
03-22 21:55:18.481  9498  9623 I DetoxWSClient: Sending out action 'invokeResult' (ID #3)
03-22 21:55:18.481  9498  9623 I DetoxDispatcher: Done with action 'invoke'
03-22 21:55:18.488  9498  9625 D DetoxWSClient: Received action 'invoke' (ID #4, params={"target":{"type":"Class","value":"com.wix.detox.espresso.EspressoDetox"},"method":"perform","args":[{"type":"Invocation","value":{"target":{"type":"Class","value":"androidx.test.espresso.Espresso"},"method":"onView","args":[{"type":"Invocation","value":{"target":{"type":"Class","value":"com.wix.detox.espresso.DetoxMatcher"},"method":"matcherForTestId","args":["cardNumber"]}}]}},{"type":"Invocation","value":{"target":{"type":"Class","value":"androidx.test.espresso.action.ViewActions"},"method":"replaceText","args":["4111111111111111"]}}]})
03-22 21:55:18.488  9498  9623 I DetoxDispatcher: Handling action 'invoke' (ID #4)...
03-22 21:55:18.489  9498  9623 D Detox   : class com.wix.detox.espresso.DetoxMatcher, matcherForTestId, [cardNumber]
03-22 21:55:18.489  9498  9623 D Detox   : class androidx.test.espresso.Espresso, onView, [(view.getTag() is "cardNumber" and view has effective visibility <VISIBLE>)]
03-22 21:55:18.491  9498  9623 D Detox   : class androidx.test.espresso.action.ViewActions, replaceText, [4111111111111111]
03-22 21:55:18.493  9498  9623 D Detox   : class com.wix.detox.espresso.EspressoDetox, perform, [androidx.test.espresso.ViewInteraction@f22f5b, androidx.test.espresso.action.ReplaceTextAction@cee13f8]
03-22 21:55:18.498  9498  9498 I ViewInteraction: Performing 'replace text(4111111111111111)' action on view (view.getTag() is "cardNumber" and view has effective visibility <VISIBLE>)
03-22 21:55:18.528  9498  9623 I DetoxWSClient: Sending out action 'invokeResult' (ID #4)
03-22 21:55:18.529  9498  9623 I DetoxDispatcher: Done with action 'invoke'
03-22 21:55:18.534  9498  9625 D DetoxWSClient: Received action 'invoke' (ID #5, params={"target":{"type":"Class","value":"com.wix.detox.espresso.EspressoDetox"},"method":"perform","args":[{"type":"Invocation","value":{"target":{"type":"Class","value":"androidx.test.espresso.Espresso"},"method":"onView","args":[{"type":"Invocation","value":{"target":{"type":"Class","value":"com.wix.detox.espresso.DetoxMatcher"},"method":"matcherForText","args":["IS CARD VALID"]}}]}},{"type":"Invocation","value":{"target":{"type":"Class","value":"com.wix.detox.espresso.DetoxViewActions"},"method":"click","args":[]}}]})
03-22 21:55:18.534  9498  9623 I DetoxDispatcher: Handling action 'invoke' (ID #5)...
03-22 21:55:18.537  9498  9498 D CompatibilityChangeReporter: Compat change id reported: 163400105; UID 10194; state: DISABLED
03-22 21:55:18.537  9498  9623 D Detox   : class com.wix.detox.espresso.DetoxMatcher, matcherForText, [IS CARD VALID]
03-22 21:55:18.538  9498  9623 D Detox   : class androidx.test.espresso.Espresso, onView, [(an instance of android.widget.TextView and view.getText() with or without transformation to match: is "IS CARD VALID" and view has effective visibility <VISIBLE>)]
03-22 21:55:18.539  9498  9623 D Detox   : class com.wix.detox.espresso.DetoxViewActions, click, []
03-22 21:55:18.539  9498  9623 D Detox   : class com.wix.detox.espresso.EspressoDetox, perform, [androidx.test.espresso.ViewInteraction@4b6a10, com.wix.detox.espresso.action.RNClickAction@2cd3909]
03-22 21:55:18.542  9498  9611 D EGL_emulation: app_time_stats: avg=105.99ms min=2.73ms max=499.15ms count=9
03-22 21:55:18.573  9498  9498 I AssistStructure: Flattened final assist data: 4240 bytes, containing 1 windows, 26 views
03-22 21:55:18.608  9498  9498 I Detox   : UIManagerModule is busy
03-22 21:55:18.617  9498  9498 I Detox   : UIManagerModule is busy
03-22 21:55:18.632  9498  9498 I ViewInteraction: Performing 'com.wix.detox.espresso.action.detoxsingletap@3e819e6 click' action on view (an instance of android.widget.TextView and view.getText() with or without transformation to match: is "IS CARD VALID" and view has effective visibility <VISIBLE>)
03-22 21:55:18.700  9498  9628 I ReactNativeJS: true
03-22 21:55:19.163  9498  9623 I DetoxWSClient: Sending out action 'invokeResult' (ID #5)
03-22 21:55:19.164  9498  9623 I DetoxDispatcher: Done with action 'invoke'
03-22 21:55:19.170  9498  9625 D DetoxWSClient: Received action 'invoke' (ID #6, params={"target":{"type":"Class","value":"com.wix.detox.espresso.DetoxAssertion"},"method":"assertMatcher","args":[{"type":"Invocation","value":{"target":{"type":"Class","value":"androidx.test.espresso.Espresso"},"method":"onView","args":[{"type":"Invocation","value":{"target":{"type":"Class","value":"com.wix.detox.espresso.DetoxMatcher"},"method":"matcherForText","args":["Card Validity : true"]}}]}},{"type":"Invocation","value":{"target":{"type":"Class","value":"com.wix.detox.espresso.DetoxMatcher"},"method":"matcherForSufficientlyVisible","args":[{"type":"Integer","value":75}]}}]})
03-22 21:55:19.171  9498  9623 I DetoxDispatcher: Handling action 'invoke' (ID #6)...
03-22 21:55:19.172  9498  9623 D Detox   : class com.wix.detox.espresso.DetoxMatcher, matcherForText, [Card Validity : true]
03-22 21:55:19.172  9498  9623 D Detox   : class androidx.test.espresso.Espresso, onView, [(an instance of android.widget.TextView and view.getText() with or without transformation to match: is "Card Validity : true" and view has effective visibility <VISIBLE>)]
03-22 21:55:19.172  9498  9623 D Detox   : class com.wix.detox.espresso.DetoxMatcher, matcherForSufficientlyVisible, [75]
03-22 21:55:19.173  9498  9623 D Detox   : class com.wix.detox.espresso.DetoxAssertion, assertMatcher, [androidx.test.espresso.ViewInteraction@ee772c3, (view has effective visibility <VISIBLE> and view.getGlobalVisibleRect() covers at least <75> percent of the view's area)]
03-22 21:55:19.188  9498  9498 I ViewInteraction: Checking 'MatchesViewAssertion(Detox){viewMatcher=(view has effective visibility <VISIBLE> and view.getGlobalVisibleRect() covers at least <75> percent of the view's area)}' assertion on view (an instance of android.widget.TextView and view.getText() with or without transformation to match: is "Card Validity : true" and view has effective visibility <VISIBLE>)
03-22 21:55:19.189  9498  9623 I DetoxWSClient: Sending out action 'invokeResult' (ID #6)
03-22 21:55:19.193  9498  9623 I DetoxDispatcher: Done with action 'invoke'
03-22 21:55:19.201  9498  9625 D DetoxWSClient: Received action 'invoke' (ID #7, params={"target":{"type":"Class","value":"com.wix.detox.espresso.EspressoDetox"},"method":"perform","args":[{"type":"Invocation","value":{"target":{"type":"Class","value":"androidx.test.espresso.Espresso"},"method":"onView","args":[{"type":"Invocation","value":{"target":{"type":"Class","value":"com.wix.detox.espresso.DetoxMatcher"},"method":"matcherForText","args":["GET CARD NETWORK"]}}]}},{"type":"Invocation","value":{"target":{"type":"Class","value":"com.wix.detox.espresso.DetoxViewActions"},"method":"click","args":[]}}]})
03-22 21:55:19.203  9498  9623 I DetoxDispatcher: Handling action 'invoke' (ID #7)...
03-22 21:55:19.203  9498  9623 D Detox   : class com.wix.detox.espresso.DetoxMatcher, matcherForText, [GET CARD NETWORK]
03-22 21:55:19.203  9498  9623 D Detox   : class androidx.test.espresso.Espresso, onView, [(an instance of android.widget.TextView and view.getText() with or without transformation to match: is "GET CARD NETWORK" and view has effective visibility <VISIBLE>)]
03-22 21:55:19.204  9498  9623 D Detox   : class com.wix.detox.espresso.DetoxViewActions, click, []
03-22 21:55:19.204  9498  9623 D Detox   : class com.wix.detox.espresso.EspressoDetox, perform, [androidx.test.espresso.ViewInteraction@3557740, com.wix.detox.espresso.action.RNClickAction@1397679]
03-22 21:55:19.213  9498  9498 I ViewInteraction: Performing 'com.wix.detox.espresso.action.detoxsingletap@2267fbe click' action on view (an instance of android.widget.TextView and view.getText() with or without transformation to match: is "GET CARD NETWORK" and view has effective visibility <VISIBLE>)
03-22 21:55:19.267  9498  9628 I ReactNativeJS: visa
03-22 21:55:19.321  9498  9498 I Detox   : UIManagerModule is busy
03-22 21:55:19.552  9498  9611 D EGL_emulation: app_time_stats: avg=6.73ms min=2.30ms max=86.62ms count=53
03-22 21:55:19.722  9498  9623 I DetoxWSClient: Sending out action 'invokeResult' (ID #7)
03-22 21:55:19.722  9498  9623 I DetoxDispatcher: Done with action 'invoke'
03-22 21:55:19.731  9498  9625 D DetoxWSClient: Received action 'invoke' (ID #8, params={"target":{"type":"Class","value":"com.wix.detox.espresso.DetoxAssertion"},"method":"assertMatcher","args":[{"type":"Invocation","value":{"target":{"type":"Class","value":"androidx.test.espresso.Espresso"},"method":"onView","args":[{"type":"Invocation","value":{"target":{"type":"Class","value":"com.wix.detox.espresso.DetoxMatcher"},"method":"matcherForText","args":["Card Network : visa"]}}]}},{"type":"Invocation","value":{"target":{"type":"Class","value":"com.wix.detox.espresso.DetoxMatcher"},"method":"matcherForSufficientlyVisible","args":[{"type":"Integer","value":75}]}}]})
03-22 21:55:19.731  9498  9623 I DetoxDispatcher: Handling action 'invoke' (ID #8)...
03-22 21:55:19.733  9498  9623 D Detox   : class com.wix.detox.espresso.DetoxMatcher, matcherForText, [Card Network : visa]
03-22 21:55:19.733  9498  9623 D Detox   : class androidx.test.espresso.Espresso, onView, [(an instance of android.widget.TextView and view.getText() with or without transformation to match: is "Card Network : visa" and view has effective visibility <VISIBLE>)]
03-22 21:55:19.735  9498  9623 D Detox   : class com.wix.detox.espresso.DetoxMatcher, matcherForSufficientlyVisible, [75]
03-22 21:55:19.735  9498  9623 D Detox   : class com.wix.detox.espresso.DetoxAssertion, assertMatcher, [androidx.test.espresso.ViewInteraction@42ee58, (view has effective visibility <VISIBLE> and view.getGlobalVisibleRect() covers at least <75> percent of the view's area)]
03-22 21:55:19.741  9498  9498 I ViewInteraction: Checking 'MatchesViewAssertion(Detox){viewMatcher=(view has effective visibility <VISIBLE> and view.getGlobalVisibleRect() covers at least <75> percent of the view's area)}' assertion on view (an instance of android.widget.TextView and view.getText() with or without transformation to match: is "Card Network : visa" and view has effective visibility <VISIBLE>)
03-22 21:55:19.744  9498  9623 I DetoxWSClient: Sending out action 'invokeResult' (ID #8)
03-22 21:55:19.746  9498  9623 I DetoxDispatcher: Done with action 'invoke'
