--------- beginning of main
03-22 11:06:51.783 25554 25554 I com.detoxsampl: Late-enabling -Xcheck:jni
03-22 11:06:51.810 25554 25554 I com.detoxsampl: Unquickening 19 vdex files!
--------- beginning of system
03-22 11:06:51.868 25554 25554 W ActivityThread: Package uses different ABI(s) than its instrumentation: package[com.detoxsample]: arm64-v8a, null instrumentation[com.detoxsample.test]: null, null
03-22 11:06:51.869 25554 25554 I Typeface: Current DefaultTypeface ( lgtravel )
03-22 11:06:51.872 25554 25554 I com.detoxsampl: The ClassLoaderContext is a special shared library.
03-22 11:06:51.876 25554 25554 I chatty  : uid=10522(com.detoxsample) identical 1 line
03-22 11:06:51.877 25554 25554 I com.detoxsampl: The ClassLoaderContext is a special shared library.
03-22 11:06:51.880 25554 25554 I com.detoxsampl: The ClassLoaderContext is a special shared library.
03-22 11:06:52.100 25554 25554 D ApplicationLoaders: Returning zygote-cached class loader: /system/framework/android.test.base.jar
03-22 11:06:52.101 25554 25554 D ApplicationLoaders: Returning zygote-cached class loader: /system/framework/android.test.base.jar
03-22 11:06:52.102 25554 25554 I com.detoxsampl: The ClassLoaderContext is a special shared library.
03-22 11:06:52.105 25554 25554 D ApplicationLoaders: Returning zygote-cached class loader: /system/framework/android.test.base.jar
03-22 11:06:52.105 25554 25554 D ApplicationLoaders: Returning zygote-cached class loader: /system/framework/android.test.base.jar
03-22 11:06:52.107 25554 25554 I com.detoxsampl: The ClassLoaderContext is a special shared library.
03-22 11:06:52.111 25554 25554 I chatty  : uid=10522(com.detoxsample) identical 2 lines
03-22 11:06:52.112 25554 25554 I com.detoxsampl: The ClassLoaderContext is a special shared library.
03-22 11:06:52.343 25554 25554 W com.detoxsampl: Accessing hidden method Landroid/app/Instrumentation;->execStartActivity(Landroid/content/Context;Landroid/os/IBinder;Landroid/os/IBinder;Landroid/app/Activity;Landroid/content/Intent;ILandroid/os/Bundle;)Landroid/app/Instrumentation$ActivityResult; (greylist, linking, allowed)
03-22 11:06:52.343 25554 25554 W com.detoxsampl: Accessing hidden method Landroid/app/Instrumentation;->execStartActivity(Landroid/content/Context;Landroid/os/IBinder;Landroid/os/IBinder;Ljava/lang/String;Landroid/content/Intent;ILandroid/os/Bundle;)Landroid/app/Instrumentation$ActivityResult; (greylist, linking, allowed)
03-22 11:06:52.351 25554 25554 D NetworkSecurityConfig: Using Network Security Config from resource network_security_config debugBuild: true
03-22 11:06:52.353 25554 25554 D NetworkSecurityConfig: Using Network Security Config from resource network_security_config debugBuild: true
03-22 11:06:52.355 25554 25554 I MonitoringInstr: Instrumentation started!
03-22 11:06:52.368 25554 25554 V TestEventClient: No service name argument was given (testDiscoveryService, testRunEventService or orchestratorService)
03-22 11:06:52.373 25554 25554 D SoLoader: init start
03-22 11:06:52.374 25554 25554 D SoLoader: adding system library source: /vendor/lib64
03-22 11:06:52.374 25554 25554 D SoLoader: adding system library source: /system/lib64
03-22 11:06:52.375 25554 25554 D SoLoader: adding application source: com.facebook.soloader.DirectorySoSource[root = /data/app/~~FQgzLPUPz89VU-SUZnekAA==/com.detoxsample-kN7BxtKGKtj5Ox6OFcsULg==/lib/arm64 flags = 0]
03-22 11:06:52.376 25554 25554 D SoLoader: adding backup source from : com.facebook.soloader.ApkSoSource[root = /data/data/com.detoxsample/lib-main flags = 1]
03-22 11:06:52.377 25554 25554 D SoLoader: Preparing SO source: com.facebook.soloader.DirectorySoSource[root = /system/lib64 flags = 2]
03-22 11:06:52.377 25554 25554 D SoLoader: Preparing SO source: com.facebook.soloader.DirectorySoSource[root = /vendor/lib64 flags = 2]
03-22 11:06:52.377 25554 25554 D SoLoader: Preparing SO source: com.facebook.soloader.DirectorySoSource[root = /data/app/~~FQgzLPUPz89VU-SUZnekAA==/com.detoxsample-kN7BxtKGKtj5Ox6OFcsULg==/lib/arm64 flags = 0]
03-22 11:06:52.377 25554 25554 D SoLoader: Preparing SO source: com.facebook.soloader.ApkSoSource[root = /data/data/com.detoxsample/lib-main flags = 1]
03-22 11:06:52.378 25554 25554 V fb-UnpackingSoSource: locked dso store /data/user/0/com.detoxsample/lib-main
03-22 11:06:52.387 25554 25554 V fb-UnpackingSoSource: deps mismatch on deps store: regenerating
03-22 11:06:52.387 25554 25554 V fb-UnpackingSoSource: so store dirty: regenerating
03-22 11:06:52.449 25554 25554 D ApkSoSource: not allowing consideration of lib/arm64-v8a/libbetter.so: deferring to libdir
03-22 11:06:52.449 25554 25554 D ApkSoSource: not allowing consideration of lib/arm64-v8a/libc++_shared.so: deferring to libdir
03-22 11:06:52.449 25554 25554 D ApkSoSource: not allowing consideration of lib/arm64-v8a/libevent-2.1.so: deferring to libdir
03-22 11:06:52.449 25554 25554 D ApkSoSource: not allowing consideration of lib/arm64-v8a/libevent_core-2.1.so: deferring to libdir
03-22 11:06:52.449 25554 25554 D ApkSoSource: not allowing consideration of lib/arm64-v8a/libevent_extra-2.1.so: deferring to libdir
03-22 11:06:52.449 25554 25554 D ApkSoSource: not allowing consideration of lib/arm64-v8a/libfabricjni.so: deferring to libdir
03-22 11:06:52.449 25554 25554 D ApkSoSource: not allowing consideration of lib/arm64-v8a/libfb.so: deferring to libdir
03-22 11:06:52.449 25554 25554 D ApkSoSource: not allowing consideration of lib/arm64-v8a/libfbjni.so: deferring to libdir
03-22 11:06:52.449 25554 25554 D ApkSoSource: not allowing consideration of lib/arm64-v8a/libflipper.so: deferring to libdir
03-22 11:06:52.449 25554 25554 D ApkSoSource: not allowing consideration of lib/arm64-v8a/libfolly_futures.so: deferring to libdir
03-22 11:06:52.450 25554 25554 D ApkSoSource: not allowing consideration of lib/arm64-v8a/libfolly_json.so: deferring to libdir
03-22 11:06:52.450 25554 25554 D ApkSoSource: not allowing consideration of lib/arm64-v8a/libglog.so: deferring to libdir
03-22 11:06:52.450 25554 25554 D ApkSoSource: not allowing consideration of lib/arm64-v8a/libglog_init.so: deferring to libdir
03-22 11:06:52.450 25554 25554 D ApkSoSource: not allowing consideration of lib/arm64-v8a/libimagepipeline.so: deferring to libdir
03-22 11:06:52.450 25554 25554 D ApkSoSource: not allowing consideration of lib/arm64-v8a/libjsc.so: deferring to libdir
03-22 11:06:52.450 25554 25554 D ApkSoSource: not allowing consideration of lib/arm64-v8a/libjscexecutor.so: deferring to libdir
03-22 11:06:52.450 25554 25554 D ApkSoSource: not allowing consideration of lib/arm64-v8a/libjsi.so: deferring to libdir
03-22 11:06:52.450 25554 25554 D ApkSoSource: not allowing consideration of lib/arm64-v8a/libjsijniprofiler.so: deferring to libdir
03-22 11:06:52.450 25554 25554 D ApkSoSource: not allowing consideration of lib/arm64-v8a/libjsinspector.so: deferring to libdir
03-22 11:06:52.450 25554 25554 D ApkSoSource: not allowing consideration of lib/arm64-v8a/liblogger.so: deferring to libdir
03-22 11:06:52.450 25554 25554 D ApkSoSource: not allowing consideration of lib/arm64-v8a/libmapbufferjni.so: deferring to libdir
03-22 11:06:52.450 25554 25554 D ApkSoSource: not allowing consideration of lib/arm64-v8a/libnative-filters.so: deferring to libdir
03-22 11:06:52.450 25554 25554 D ApkSoSource: not allowing consideration of lib/arm64-v8a/libnative-imagetranscoder.so: deferring to libdir
03-22 11:06:52.450 25554 25554 D ApkSoSource: not allowing consideration of lib/arm64-v8a/libreact_codegen_rncore.so: deferring to libdir
03-22 11:06:52.450 25554 25554 D ApkSoSource: not allowing consideration of lib/arm64-v8a/libreact_debug.so: deferring to libdir
03-22 11:06:52.451 25554 25554 D ApkSoSource: not allowing consideration of lib/arm64-v8a/libreact_nativemodule_core.so: deferring to libdir
03-22 11:06:52.451 25554 25554 D ApkSoSource: not allowing consideration of lib/arm64-v8a/libreact_render_animations.so: deferring to libdir
03-22 11:06:52.451 25554 25554 D ApkSoSource: not allowing consideration of lib/arm64-v8a/libreact_render_attributedstring.so: deferring to libdir
03-22 11:06:52.451 25554 25554 D ApkSoSource: not allowing consideration of lib/arm64-v8a/libreact_render_componentregistry.so: deferring to libdir
03-22 11:06:52.451 25554 25554 D ApkSoSource: not allowing consideration of lib/arm64-v8a/libreact_render_core.so: deferring to libdir
03-22 11:06:52.451 25554 25554 D ApkSoSource: not allowing consideration of lib/arm64-v8a/libreact_render_debug.so: deferring to libdir
03-22 11:06:52.451 25554 25554 D ApkSoSource: not allowing consideration of lib/arm64-v8a/libreact_render_graphics.so: deferring to libdir
03-22 11:06:52.451 25554 25554 D ApkSoSource: not allowing consideration of lib/arm64-v8a/libreact_render_imagemanager.so: deferring to libdir
03-22 11:06:52.451 25554 25554 D ApkSoSource: not allowing consideration of lib/arm64-v8a/libreact_render_leakchecker.so: deferring to libdir
03-22 11:06:52.451 25554 25554 D ApkSoSource: not allowing consideration of lib/arm64-v8a/libreact_render_mapbuffer.so: deferring to libdir
03-22 11:06:52.451 25554 25554 D ApkSoSource: not allowing consideration of lib/arm64-v8a/libreact_render_mounting.so: deferring to libdir
03-22 11:06:52.451 25554 25554 D ApkSoSource: not allowing consideration of lib/arm64-v8a/libreact_render_runtimescheduler.so: deferring to libdir
03-22 11:06:52.451 25554 25554 D ApkSoSource: not allowing consideration of lib/arm64-v8a/libreact_render_scheduler.so: deferring to libdir
03-22 11:06:52.451 25554 25554 D ApkSoSource: not allowing consideration of lib/arm64-v8a/libreact_render_telemetry.so: deferring to libdir
03-22 11:06:52.451 25554 25554 D ApkSoSource: not allowing consideration of lib/arm64-v8a/libreact_render_templateprocessor.so: deferring to libdir
03-22 11:06:52.451 25554 25554 D ApkSoSource: not allowing consideration of lib/arm64-v8a/libreact_render_textlayoutmanager.so: deferring to libdir
03-22 11:06:52.452 25554 25554 D ApkSoSource: not allowing consideration of lib/arm64-v8a/libreact_render_uimanager.so: deferring to libdir
03-22 11:06:52.452 25554 25554 D ApkSoSource: not allowing consideration of lib/arm64-v8a/libreact_utils.so: deferring to libdir
03-22 11:06:52.452 25554 25554 D ApkSoSource: not allowing consideration of lib/arm64-v8a/libreactconfig.so: deferring to libdir
03-22 11:06:52.452 25554 25554 D ApkSoSource: not allowing consideration of lib/arm64-v8a/libreactnativeblob.so: deferring to libdir
03-22 11:06:52.452 25554 25554 D ApkSoSource: not allowing consideration of lib/arm64-v8a/libreactnativejni.so: deferring to libdir
03-22 11:06:52.452 25554 25554 D ApkSoSource: not allowing consideration of lib/arm64-v8a/libreactnativeutilsjni.so: deferring to libdir
03-22 11:06:52.452 25554 25554 D ApkSoSource: not allowing consideration of lib/arm64-v8a/libreactperfloggerjni.so: deferring to libdir
03-22 11:06:52.452 25554 25554 D ApkSoSource: not allowing consideration of lib/arm64-v8a/librrc_image.so: deferring to libdir
03-22 11:06:52.452 25554 25554 D ApkSoSource: not allowing consideration of lib/arm64-v8a/librrc_modal.so: deferring to libdir
03-22 11:06:52.452 25554 25554 D ApkSoSource: not allowing consideration of lib/arm64-v8a/librrc_progressbar.so: deferring to libdir
03-22 11:06:52.452 25554 25554 D ApkSoSource: not allowing consideration of lib/arm64-v8a/librrc_root.so: deferring to libdir
03-22 11:06:52.452 25554 25554 D ApkSoSource: not allowing consideration of lib/arm64-v8a/librrc_scrollview.so: deferring to libdir
03-22 11:06:52.452 25554 25554 D ApkSoSource: not allowing consideration of lib/arm64-v8a/librrc_slider.so: deferring to libdir
03-22 11:06:52.452 25554 25554 D ApkSoSource: not allowing consideration of lib/arm64-v8a/librrc_switch.so: deferring to libdir
03-22 11:06:52.452 25554 25554 D ApkSoSource: not allowing consideration of lib/arm64-v8a/librrc_text.so: deferring to libdir
03-22 11:06:52.452 25554 25554 D ApkSoSource: not allowing consideration of lib/arm64-v8a/librrc_textinput.so: deferring to libdir
03-22 11:06:52.452 25554 25554 D ApkSoSource: not allowing consideration of lib/arm64-v8a/librrc_unimplementedview.so: deferring to libdir
03-22 11:06:52.453 25554 25554 D ApkSoSource: not allowing consideration of lib/arm64-v8a/librrc_view.so: deferring to libdir
03-22 11:06:52.453 25554 25554 D ApkSoSource: not allowing consideration of lib/arm64-v8a/libturbomodulejsijni.so: deferring to libdir
03-22 11:06:52.453 25554 25554 D ApkSoSource: not allowing consideration of lib/arm64-v8a/libyoga.so: deferring to libdir
03-22 11:06:52.453 25554 25554 V fb-UnpackingSoSource: regenerating DSO store com.facebook.soloader.ApkSoSource
03-22 11:06:52.453 25554 25554 V fb-UnpackingSoSource: Finished regenerating DSO store com.facebook.soloader.ApkSoSource
03-22 11:06:52.454 25554 25554 V fb-UnpackingSoSource: starting syncer worker
03-22 11:06:52.463 25554 25554 V fb-UnpackingSoSource: releasing dso store lock for /data/user/0/com.detoxsample/lib-main (from syncer thread)
03-22 11:06:52.463 25554 25554 V fb-UnpackingSoSource: not releasing dso store lock for /data/user/0/com.detoxsample/lib-main (syncer thread started)
03-22 11:06:52.463 25554 25554 D SoLoader: init finish: 4 SO sources prepared
03-22 11:06:52.463 25554 25554 D SoLoader: init exiting
03-22 11:06:52.478 25554 25554 D SoLoader: init exiting
03-22 11:06:52.479 25554 25554 D SoLoader: About to load: libjscexecutor.so
03-22 11:06:52.479 25554 25554 D SoLoader: libjscexecutor.so not found on /data/data/com.detoxsample/lib-main
03-22 11:06:52.479 25554 25554 D SoLoader: libjscexecutor.so found on /data/app/~~FQgzLPUPz89VU-SUZnekAA==/com.detoxsample-kN7BxtKGKtj5Ox6OFcsULg==/lib/arm64
03-22 11:06:52.479 25554 25554 D SoLoader: Not resolving dependencies for libjscexecutor.so
03-22 11:06:52.488 25554 25554 D JavaScriptCore.Version: 250230.2.1
03-22 11:06:52.489 25554 25554 D SoLoader: Loaded: libjscexecutor.so
03-22 11:06:52.491 25554 25554 D SoLoader: init exiting
03-22 11:06:52.625 25554 25554 I SensorManager: registerListenerImpl() [Sensor: LGE Accelerometer Non-wakeup, Rate: 66667, SensorEventListener: com.facebook.react.common.ShakeDetector@b25dd88] by com.facebook.react.common.ShakeDetector.start():60
03-22 11:06:52.644 25554 25672 D SoLoader: About to load: libfbjni.so
03-22 11:06:52.645 25554 25672 D SoLoader: libfbjni.so not found on /data/data/com.detoxsample/lib-main
03-22 11:06:52.645 25554 25672 D SoLoader: libfbjni.so found on /data/app/~~FQgzLPUPz89VU-SUZnekAA==/com.detoxsample-kN7BxtKGKtj5Ox6OFcsULg==/lib/arm64
03-22 11:06:52.645 25554 25672 D SoLoader: Not resolving dependencies for libfbjni.so
03-22 11:06:52.646 25554 25672 D SoLoader: Loaded: libfbjni.so
03-22 11:06:52.646 25554 25672 D SoLoader: About to load: libflipper.so
03-22 11:06:52.646 25554 25672 D SoLoader: libflipper.so not found on /data/data/com.detoxsample/lib-main
03-22 11:06:52.647 25554 25672 D SoLoader: libflipper.so found on /data/app/~~FQgzLPUPz89VU-SUZnekAA==/com.detoxsample-kN7BxtKGKtj5Ox6OFcsULg==/lib/arm64
03-22 11:06:52.647 25554 25672 D SoLoader: Not resolving dependencies for libflipper.so
03-22 11:06:52.653 25554 25672 D SoLoader: Loaded: libflipper.so
03-22 11:06:52.677 25554 25554 W com.detoxsampl: Accessing hidden field Landroid/view/View;->mKeyedTags:Landroid/util/SparseArray; (greylist, reflection, allowed)
03-22 11:06:52.677 25554 25554 W com.detoxsampl: Accessing hidden field Landroid/view/View;->mListenerInfo:Landroid/view/View$ListenerInfo; (greylist, reflection, allowed)
03-22 11:06:52.678 25554 25554 W com.detoxsampl: Accessing hidden field Landroid/view/View$ListenerInfo;->mOnClickListener:Landroid/view/View$OnClickListener; (greylist, reflection, allowed)
03-22 11:06:52.684 25554 25554 I flipper : flipper: FlipperClient::addPlugin Inspector
03-22 11:06:52.684 25554 25554 I flipper : flipper: FlipperClient::addPlugin React
03-22 11:06:52.687 25554 25554 I flipper : flipper: FlipperClient::addPlugin Databases
03-22 11:06:52.688 25554 25554 I flipper : flipper: FlipperClient::addPlugin Preferences
03-22 11:06:52.689 25554 25554 I flipper : flipper: FlipperClient::addPlugin CrashReporter
03-22 11:06:52.691 25554 25554 I flipper : flipper: FlipperClient::addPlugin Network
03-22 11:06:52.723 25554 25616 I UsageTrackerFacilitator: Usage tracking enabled
03-22 11:06:52.728 25554 25616 I TestRequestBuilder: Scanning classpath to find tests in paths [/data/app/~~rjtnAmDJC6BcdPc9WH4vqQ==/com.detoxsample.test--S6EB3x1O5EBTBbvv_DZSQ==/base.apk]
03-22 11:06:52.730 25554 25616 W com.detoxsampl: Opening an oat file without a class loader. Are you using the deprecated DexFile APIs?
03-22 11:06:53.680 25554 25616 D TestExecutor: Adding listener androidx.test.internal.runner.listener.LogRunListener
03-22 11:06:53.680 25554 25616 D TestExecutor: Adding listener androidx.test.internal.runner.listener.InstrumentationResultPrinter
03-22 11:06:53.680 25554 25616 D TestExecutor: Adding listener androidx.test.internal.runner.listener.ActivityFinisherRunListener
03-22 11:06:53.681 25554 25616 I TestRunner: run started: 1 tests
03-22 11:06:53.685 25554 25616 I TestRunner: started: runDetoxTests(com.detoxsample.DetoxTest)
03-22 11:06:53.702 25554 25616 D EventInjectionStrategy: Creating injection strategy with input manager.
03-22 11:06:53.702 25554 25616 W com.detoxsampl: Accessing hidden method Landroid/hardware/input/InputManager;->getInstance()Landroid/hardware/input/InputManager; (greylist, reflection, allowed)
03-22 11:06:53.702 25554 25616 W com.detoxsampl: Accessing hidden method Landroid/hardware/input/InputManager;->injectInputEvent(Landroid/view/InputEvent;I)Z (greylist, reflection, allowed)
03-22 11:06:53.702 25554 25616 W com.detoxsampl: Accessing hidden field Landroid/hardware/input/InputManager;->INJECT_INPUT_EVENT_MODE_WAIT_FOR_FINISH:I (greylist, reflection, allowed)
03-22 11:06:53.718 25554 25616 W com.detoxsampl: Accessing hidden field Ljava/lang/reflect/Field;->accessFlags:I (greylist, reflection, allowed)
03-22 11:06:53.739 25554 25685 D SoLoader: About to load: libreactnativejni.so
03-22 11:06:53.739 25554 25685 D SoLoader: libreactnativejni.so not found on /data/data/com.detoxsample/lib-main
03-22 11:06:53.740 25554 25685 D SoLoader: libreactnativejni.so found on /data/app/~~FQgzLPUPz89VU-SUZnekAA==/com.detoxsample-kN7BxtKGKtj5Ox6OFcsULg==/lib/arm64
03-22 11:06:53.740 25554 25685 D SoLoader: Not resolving dependencies for libreactnativejni.so
03-22 11:06:53.741 25554 25685 D SoLoader: Loaded: libreactnativejni.so
03-22 11:06:53.851 25554 25554 D LifecycleMonitor: Lifecycle status change: com.detoxsample.MainActivity@f5c5663 in: PRE_ON_CREATE
03-22 11:06:53.929 25554 25554 W com.detoxsampl: Accessing hidden method Landroid/view/View;->computeFitSystemWindows(Landroid/graphics/Rect;Landroid/graphics/Rect;)Z (greylist, reflection, allowed)
03-22 11:06:53.929 25554 25554 W com.detoxsampl: Accessing hidden method Landroid/view/ViewGroup;->makeOptionalFitsSystemWindows()V (greylist, reflection, allowed)
03-22 11:06:53.943 25554 25554 D LifecycleMonitor: Lifecycle status change: com.detoxsample.MainActivity@f5c5663 in: CREATED
03-22 11:06:53.946 25554 25554 D LifecycleMonitor: Lifecycle status change: com.detoxsample.MainActivity@f5c5663 in: STARTED
03-22 11:06:53.953 25554 25554 D LifecycleMonitor: Lifecycle status change: com.detoxsample.MainActivity@f5c5663 in: RESUMED
03-22 11:06:53.977 25554 25554 I TouchFilterInputStageHelper: [needTouchEventFilter] Displayid : 0
03-22 11:06:53.978 25554 25554 D HandGripFilter: getdisplaysize, x : 1080 y : 2340
03-22 11:06:53.986 25554 25554 W unknown:ReactNative: Packager connection already open, nooping.
03-22 11:06:54.008 25554 25843 I AdrenoGLES-0: QUALCOMM build                   : 59e4ca3, Ic42881d075
03-22 11:06:54.008 25554 25843 I AdrenoGLES-0: Build Date                       : 01/07/21
03-22 11:06:54.008 25554 25843 I AdrenoGLES-0: OpenGL ES Shader Compiler Version: EV031.32.02.06
03-22 11:06:54.008 25554 25843 I AdrenoGLES-0: Local Branch                     : mybrancheb50fcd0-9e7c-f130-bc5f-5cb90179c3d8
03-22 11:06:54.008 25554 25843 I AdrenoGLES-0: Remote Branch                    : quic/gfx-adreno.lnx.1.0.r99-rel
03-22 11:06:54.008 25554 25843 I AdrenoGLES-0: Remote Branch                    : NONE
03-22 11:06:54.008 25554 25843 I AdrenoGLES-0: Reconstruct Branch               : NOTHING
03-22 11:06:54.008 25554 25843 I AdrenoGLES-0: Build Config                     : S P 10.0.7 AArch64
03-22 11:06:54.008 25554 25843 I AdrenoGLES-0: Driver Path                      : /vendor/lib64/egl/libGLESv2_adreno.so
03-22 11:06:54.015 25554 25843 I AdrenoGLES-0: PFP: 0x016ee190, ME: 0x00000000
03-22 11:06:54.102 25554 25554 I TouchFilterInputStageHelper: [needTouchEventFilter] Displayid : 0
03-22 11:06:54.107 25554 25554 D HandGripFilter: getdisplaysize, x : 1080 y : 2340
03-22 11:06:54.192 25554 25554 I Timeline: Timeline: Activity_idle id: ActivityRecord{59d4e8f token=android.os.BinderProxy@c385248 {com.detoxsample/com.detoxsample.MainActivity}} time:536678
03-22 11:06:54.204 25554 25616 I Detox   : Detox server connection details: url=ws://localhost:53316, sessionId=5a035843-556a-07cb-2643-dee3ad3812d2
03-22 11:06:54.210 25554 25852 I DetoxDispatcher: Handling action '_init' (ID #0)...
03-22 11:06:54.210 25554 25852 I Detox   : Connecting to server...
03-22 11:06:54.210 25554 25852 I DetoxWSClient: At connectToServer
03-22 11:06:54.219 25554 25851 W unknown:ReactContext: initializeMessageQueueThreads() is called.
03-22 11:06:54.222 25554 25857 D DetoxWSClient: At onOpen
03-22 11:06:54.222 25554 25857 I DetoxWSClient: Sending out action 'login' (ID #0)
03-22 11:06:54.222 25554 25857 I Detox   : Connected to server!
03-22 11:06:54.224 25554 25554 W unknown:ReactNative: Packager connection already open, nooping.
03-22 11:06:54.227 25554 25857 D DetoxWSClient: Received action 'loginSuccess' (ID #0, params={"testerConnected":true,"appConnected":true})
03-22 11:06:54.260 25554 25855 W unknown:ViewManagerPropertyUpdater: Could not find generated setter for class com.facebook.react.views.drawer.ReactDrawerLayoutManager
03-22 11:06:54.264 25554 25857 D DetoxWSClient: Received action 'isReady' (ID #-1000, params={})
03-22 11:06:54.267 25554 25855 W unknown:ViewManagerPropertyUpdater: Could not find generated setter for class com.facebook.react.uimanager.LayoutShadowNode
03-22 11:06:54.274 25554 25855 W unknown:ViewManagerPropertyUpdater: Could not find generated setter for class com.facebook.react.views.scroll.ReactHorizontalScrollViewManager
03-22 11:06:54.278 25554 25855 W unknown:ViewManagerPropertyUpdater: Could not find generated setter for class com.facebook.react.views.scroll.ReactHorizontalScrollContainerViewManager
03-22 11:06:54.279 25554 25855 W unknown:ViewManagerPropertyUpdater: Could not find generated setter for class com.facebook.react.views.progressbar.ReactProgressBarViewManager
03-22 11:06:54.280 25554 25855 W unknown:ViewManagerPropertyUpdater: Could not find generated setter for class com.facebook.react.views.progressbar.ProgressBarShadowNode
03-22 11:06:54.282 25554 25855 W unknown:ViewManagerPropertyUpdater: Could not find generated setter for class com.facebook.react.views.scroll.ReactScrollViewManager
03-22 11:06:54.285 25554 25855 W unknown:ViewManagerPropertyUpdater: Could not find generated setter for class com.facebook.react.views.slider.ReactSliderManager
03-22 11:06:54.290 25554 25855 W unknown:ViewManagerPropertyUpdater: Could not find generated setter for class com.facebook.react.views.slider.ReactSliderManager$ReactSliderShadowNode
03-22 11:06:54.291 25554 25855 W unknown:ViewManagerPropertyUpdater: Could not find generated setter for class com.facebook.react.views.switchview.ReactSwitchManager
03-22 11:06:54.293 25554 25855 W unknown:ViewManagerPropertyUpdater: Could not find generated setter for class com.facebook.react.views.switchview.ReactSwitchManager$ReactSwitchShadowNode
03-22 11:06:54.293 25554 25855 W unknown:ViewManagerPropertyUpdater: Could not find generated setter for class com.facebook.react.views.swiperefresh.SwipeRefreshLayoutManager
03-22 11:06:54.295 25554 25855 W unknown:ViewManagerPropertyUpdater: Could not find generated setter for class com.facebook.react.views.text.frescosupport.FrescoBasedReactTextInlineImageViewManager
03-22 11:06:54.296 25554 25855 W unknown:ViewManagerPropertyUpdater: Could not find generated setter for class com.facebook.react.views.text.frescosupport.FrescoBasedReactTextInlineImageShadowNode
03-22 11:06:54.298 25554 25855 W unknown:ViewManagerPropertyUpdater: Could not find generated setter for class com.facebook.react.views.image.ReactImageManager
03-22 11:06:54.300 25554 25855 W unknown:ViewManagerPropertyUpdater: Could not find generated setter for class com.facebook.react.views.modal.ReactModalHostManager
03-22 11:06:54.301 25554 25855 W unknown:ViewManagerPropertyUpdater: Could not find generated setter for class com.facebook.react.views.modal.ModalHostShadowNode
03-22 11:06:54.302 25554 25855 W unknown:ViewManagerPropertyUpdater: Could not find generated setter for class com.facebook.react.views.text.ReactRawTextManager
03-22 11:06:54.302 25554 25855 W unknown:ViewManagerPropertyUpdater: Could not find generated setter for class com.facebook.react.views.text.ReactRawTextShadowNode
03-22 11:06:54.303 25554 25855 W unknown:ViewManagerPropertyUpdater: Could not find generated setter for class com.facebook.react.views.textinput.ReactTextInputManager
03-22 11:06:54.307 25554 25855 W unknown:ViewManagerPropertyUpdater: Could not find generated setter for class com.facebook.react.views.textinput.ReactTextInputShadowNode
03-22 11:06:54.310 25554 25855 W unknown:ViewManagerPropertyUpdater: Could not find generated setter for class com.facebook.react.views.text.ReactTextViewManager
03-22 11:06:54.312 25554 25855 W unknown:ViewManagerPropertyUpdater: Could not find generated setter for class com.facebook.react.views.text.ReactTextShadowNode
03-22 11:06:54.313 25554 25855 W unknown:ViewManagerPropertyUpdater: Could not find generated setter for class com.facebook.react.views.view.ReactViewManager
03-22 11:06:54.315 25554 25855 W unknown:ViewManagerPropertyUpdater: Could not find generated setter for class com.facebook.react.views.text.ReactVirtualTextViewManager
03-22 11:06:54.316 25554 25855 W unknown:ViewManagerPropertyUpdater: Could not find generated setter for class com.facebook.react.views.text.ReactVirtualTextShadowNode
03-22 11:06:54.316 25554 25855 W unknown:ViewManagerPropertyUpdater: Could not find generated setter for class com.facebook.react.views.unimplementedview.ReactUnimplementedViewManager
03-22 11:06:54.328 25554 25855 W unknown:ReactContext: initializeMessageQueueThreads() is called.
03-22 11:06:54.330 25554 25855 D SoLoader: About to load: libyoga.so
03-22 11:06:54.331 25554 25855 D SoLoader: libyoga.so not found on /data/data/com.detoxsample/lib-main
03-22 11:06:54.331 25554 25855 D SoLoader: libyoga.so found on /data/app/~~FQgzLPUPz89VU-SUZnekAA==/com.detoxsample-kN7BxtKGKtj5Ox6OFcsULg==/lib/arm64
03-22 11:06:54.331 25554 25855 D SoLoader: Not resolving dependencies for libyoga.so
03-22 11:06:54.332 25554 25855 D SoLoader: Loaded: libyoga.so
03-22 11:06:54.341 25554 25554 I DetoxRNLoading: Got new RN-context async'ly through listener
03-22 11:06:54.342 25554 25852 I DetoxRNIdleRes: Setting up Espresso Idling Resources for React Native
03-22 11:06:54.372 25554 25852 D AsyncStorageIR: Checking whether a custom IR for Async-Storage is required... (legacy=false)
03-22 11:06:54.373 25554 25852 D DetoxRNHelpers: Native RN module resolution (class com.reactnativecommunity.asyncstorage.AsyncStorageModule): no such class
03-22 11:06:54.373 25554 25852 D AsyncStorageIR: Checking whether a custom IR for Async-Storage is required... (legacy=true)
03-22 11:06:54.375 25554 25852 D AsyncStorageIR: IR for Async-Storage is required! (legacy=true)
03-22 11:06:54.379 25554 25554 D AsyncStorageIRLegacy: Async-storage is busy!
03-22 11:06:54.381 25554 25855 I flipper : flipper: FlipperClient::addPlugin Fresco
03-22 11:06:54.382 25554 25855 W com.detoxsampl: Accessing hidden method Landroid/os/MessageQueue;->next()Landroid/os/Message; (greylist, reflection, allowed)
03-22 11:06:54.382 25554 25855 W com.detoxsampl: Accessing hidden field Landroid/os/MessageQueue;->mMessages:Landroid/os/Message; (greylist, reflection, allowed)
03-22 11:06:54.382 25554 25855 W com.detoxsampl: Accessing hidden method Landroid/os/Message;->recycleUnchecked()V (greylist, reflection, allowed)
03-22 11:06:54.386 25554 25852 I DetoxDispatcher: Done with action '_init'
03-22 11:06:54.386 25554 25852 I DetoxDispatcher: Handling action 'isReady' (ID #-1000)...
03-22 11:06:54.449 25554 25854 D SoLoader: About to load: libreactnativeblob.so
03-22 11:06:54.449 25554 25854 D SoLoader: libreactnativeblob.so not found on /data/data/com.detoxsample/lib-main
03-22 11:06:54.449 25554 25854 D SoLoader: libreactnativeblob.so found on /data/app/~~FQgzLPUPz89VU-SUZnekAA==/com.detoxsample-kN7BxtKGKtj5Ox6OFcsULg==/lib/arm64
03-22 11:06:54.449 25554 25854 D SoLoader: Not resolving dependencies for libreactnativeblob.so
03-22 11:06:54.450 25554 25854 D SoLoader: Loaded: libreactnativeblob.so
03-22 11:06:54.500 25554 25855 I WebViewFactory: Loading com.google.android.webview version 99.0.4844.58 (code 484405833)
03-22 11:06:54.550 25554 25855 W com.detoxsampl: Accessing hidden method Landroid/os/Trace;->isTagEnabled(J)Z (greylist, reflection, allowed)
03-22 11:06:54.550 25554 25855 W com.detoxsampl: Accessing hidden method Landroid/os/Trace;->traceBegin(JLjava/lang/String;)V (greylist, reflection, allowed)
03-22 11:06:54.550 25554 25855 W com.detoxsampl: Accessing hidden method Landroid/os/Trace;->traceEnd(J)V (greylist, reflection, allowed)
03-22 11:06:54.550 25554 25855 W com.detoxsampl: Accessing hidden method Landroid/os/Trace;->asyncTraceBegin(JLjava/lang/String;I)V (greylist, reflection, allowed)
03-22 11:06:54.550 25554 25855 W com.detoxsampl: Accessing hidden method Landroid/os/Trace;->asyncTraceEnd(JLjava/lang/String;I)V (greylist, reflection, allowed)
03-22 11:06:54.555 25554 25855 I cr_WVCFactoryProvider: Loaded version=99.0.4844.58 minSdkVersion=29 isBundle=true multiprocess=true packageId=3
03-22 11:06:54.589 25554 25855 I cr_LibraryLoader: Successfully loaded native library
03-22 11:06:54.589 25554 25855 I cr_CachingUmaRecorder: Flushed 8 samples from 8 histograms.
03-22 11:06:54.656 25554 25854 I ReactNativeJS: Running "DetoxSample" with {"rootTag":1}
03-22 11:06:54.869 25554 25554 W com.detoxsampl: Accessing hidden field Landroid/widget/ScrollView;->mScroller:Landroid/widget/OverScroller; (greylist, reflection, allowed)
03-22 11:06:54.939 25554 25976 D SoLoader: About to load: libimagepipeline.so
03-22 11:06:54.939 25554 25976 D SoLoader: libimagepipeline.so not found on /data/data/com.detoxsample/lib-main
03-22 11:06:54.939 25554 25976 D SoLoader: libimagepipeline.so found on /data/app/~~FQgzLPUPz89VU-SUZnekAA==/com.detoxsample-kN7BxtKGKtj5Ox6OFcsULg==/lib/arm64
03-22 11:06:54.939 25554 25976 D SoLoader: Not resolving dependencies for libimagepipeline.so
03-22 11:06:54.944 25554 25976 D SoLoader: Loaded: libimagepipeline.so
03-22 11:06:54.956 25554 25554 I Detox   : Wait is over: app is now idle!
03-22 11:06:54.956 25554 25852 I DetoxWSClient: Sending out action 'ready' (ID #-1000)
03-22 11:06:54.957 25554 25852 I DetoxDispatcher: Done with action 'isReady'
03-22 11:06:54.957 25554 25852 I DetoxDispatcher: Handling action 'loginSuccess' (ID #0)...
03-22 11:06:54.957 25554 25852 I DetoxDispatcher: Done with action 'loginSuccess'
03-22 11:06:54.957 25554 25852 I DetoxDispatcher: Handling action 'isReady' (ID #-1000)...
03-22 11:06:54.963 25554 25554 I Detox   : Wait is over: app is now idle!
03-22 11:06:54.963 25554 25852 I DetoxWSClient: Sending out action 'ready' (ID #-1000)
03-22 11:06:54.964 25554 25852 I DetoxDispatcher: Done with action 'isReady'
