--------- beginning of main
03-22 18:37:10.024 19144 19209 I DetoxWSClient: Sending out action 'invokeResult' (ID #10)
03-22 18:37:10.024 19144 19209 I DetoxDispatcher: Done with action 'invoke'
03-22 18:37:10.030 19144 19211 D DetoxWSClient: Received action 'invoke' (ID #11, params={"target":{"type":"Class","value":"com.wix.detox.espresso.DetoxAssertion"},"method":"assertMatcher","args":[{"type":"Invocation","value":{"target":{"type":"Class","value":"androidx.test.espresso.Espresso"},"method":"onView","args":[{"type":"Invocation","value":{"target":{"type":"Class","value":"com.wix.detox.espresso.DetoxMatcher"},"method":"matcherForText","args":["Card Validity : false"]}}]}},{"type":"Invocation","value":{"target":{"type":"Class","value":"com.wix.detox.espresso.DetoxMatcher"},"method":"matcherForSufficientlyVisible","args":[{"type":"Integer","value":75}]}}]})
03-22 18:37:10.032 19144 19209 I DetoxDispatcher: Handling action 'invoke' (ID #11)...
03-22 18:37:10.032 19144 19209 D Detox   : class com.wix.detox.espresso.DetoxMatcher, matcherForText, [Card Validity : false]
03-22 18:37:10.032 19144 19209 D Detox   : class androidx.test.espresso.Espresso, onView, [(an instance of android.widget.TextView and view.getText() with or without transformation to match: is "Card Validity : false" and view has effective visibility <VISIBLE>)]
03-22 18:37:10.033 19144 19209 D Detox   : class com.wix.detox.espresso.DetoxMatcher, matcherForSufficientlyVisible, [75]
03-22 18:37:10.033 19144 19209 D Detox   : class com.wix.detox.espresso.DetoxAssertion, assertMatcher, [androidx.test.espresso.ViewInteraction@7e4b321, (view has effective visibility <VISIBLE> and view.getGlobalVisibleRect() covers at least <75> percent of the view's area)]
03-22 18:37:10.037 19144 19144 I ViewInteraction: Checking 'MatchesViewAssertion(Detox){viewMatcher=(view has effective visibility <VISIBLE> and view.getGlobalVisibleRect() covers at least <75> percent of the view's area)}' assertion on view (an instance of android.widget.TextView and view.getText() with or without transformation to match: is "Card Validity : false" and view has effective visibility <VISIBLE>)
03-22 18:37:10.039 19144 19209 I DetoxWSClient: Sending out action 'invokeResult' (ID #11)
03-22 18:37:10.040 19144 19209 I DetoxDispatcher: Done with action 'invoke'
03-22 18:37:10.046 19144 19211 D DetoxWSClient: Received action 'invoke' (ID #12, params={"target":{"type":"Class","value":"com.wix.detox.espresso.EspressoDetox"},"method":"perform","args":[{"type":"Invocation","value":{"target":{"type":"Class","value":"androidx.test.espresso.Espresso"},"method":"onView","args":[{"type":"Invocation","value":{"target":{"type":"Class","value":"com.wix.detox.espresso.DetoxMatcher"},"method":"matcherForText","args":["GET CARD NETWORK"]}}]}},{"type":"Invocation","value":{"target":{"type":"Class","value":"com.wix.detox.espresso.DetoxViewActions"},"method":"click","args":[]}}]})
03-22 18:37:10.046 19144 19209 I DetoxDispatcher: Handling action 'invoke' (ID #12)...
03-22 18:37:10.047 19144 19209 D Detox   : class com.wix.detox.espresso.DetoxMatcher, matcherForText, [GET CARD NETWORK]
03-22 18:37:10.047 19144 19209 D Detox   : class androidx.test.espresso.Espresso, onView, [(an instance of android.widget.TextView and view.getText() with or without transformation to match: is "GET CARD NETWORK" and view has effective visibility <VISIBLE>)]
03-22 18:37:10.048 19144 19209 D Detox   : class com.wix.detox.espresso.DetoxViewActions, click, []
03-22 18:37:10.048 19144 19209 D Detox   : class com.wix.detox.espresso.EspressoDetox, perform, [androidx.test.espresso.ViewInteraction@77a8346, com.wix.detox.espresso.action.RNClickAction@14d6907]
03-22 18:37:10.053 19144 19144 I ViewInteraction: Performing 'com.wix.detox.espresso.action.detoxsingletap@6600a34 click' action on view (an instance of android.widget.TextView and view.getText() with or without transformation to match: is "GET CARD NETWORK" and view has effective visibility <VISIBLE>)
03-22 18:37:10.099 19144 19214 I ReactNativeJS: unknown
03-22 18:37:10.316 19144 19197 D EGL_emulation: app_time_stats: avg=8.66ms min=2.31ms max=23.27ms count=60
03-22 18:37:10.507 19144 19209 I DetoxWSClient: Sending out action 'invokeResult' (ID #12)
03-22 18:37:10.507 19144 19209 I DetoxDispatcher: Done with action 'invoke'
03-22 18:37:10.512 19144 19211 D DetoxWSClient: Received action 'invoke' (ID #13, params={"target":{"type":"Class","value":"com.wix.detox.espresso.DetoxAssertion"},"method":"assertMatcher","args":[{"type":"Invocation","value":{"target":{"type":"Class","value":"androidx.test.espresso.Espresso"},"method":"onView","args":[{"type":"Invocation","value":{"target":{"type":"Class","value":"com.wix.detox.espresso.DetoxMatcher"},"method":"matcherForText","args":["Card Network : unknown"]}}]}},{"type":"Invocation","value":{"target":{"type":"Class","value":"com.wix.detox.espresso.DetoxMatcher"},"method":"matcherForSufficientlyVisible","args":[{"type":"Integer","value":75}]}}]})
03-22 18:37:10.513 19144 19209 I DetoxDispatcher: Handling action 'invoke' (ID #13)...
03-22 18:37:10.513 19144 19209 D Detox   : class com.wix.detox.espresso.DetoxMatcher, matcherForText, [Card Network : unknown]
03-22 18:37:10.513 19144 19209 D Detox   : class androidx.test.espresso.Espresso, onView, [(an instance of android.widget.TextView and view.getText() with or without transformation to match: is "Card Network : unknown" and view has effective visibility <VISIBLE>)]
03-22 18:37:10.514 19144 19209 D Detox   : class com.wix.detox.espresso.DetoxMatcher, matcherForSufficientlyVisible, [75]
03-22 18:37:10.515 19144 19209 D Detox   : class com.wix.detox.espresso.DetoxAssertion, assertMatcher, [androidx.test.espresso.ViewInteraction@c1fa559, (view has effective visibility <VISIBLE> and view.getGlobalVisibleRect() covers at least <75> percent of the view's area)]
03-22 18:37:10.520 19144 19144 I ViewInteraction: Checking 'MatchesViewAssertion(Detox){viewMatcher=(view has effective visibility <VISIBLE> and view.getGlobalVisibleRect() covers at least <75> percent of the view's area)}' assertion on view (an instance of android.widget.TextView and view.getText() with or without transformation to match: is "Card Network : unknown" and view has effective visibility <VISIBLE>)
03-22 18:37:10.522 19144 19209 I DetoxWSClient: Sending out action 'invokeResult' (ID #13)
03-22 18:37:10.522 19144 19209 I DetoxDispatcher: Done with action 'invoke'
03-22 18:37:10.590 19144 19211 D DetoxWSClient: Received action 'invoke' (ID #14, params={"target":{"type":"Class","value":"com.wix.detox.espresso.EspressoDetox"},"method":"perform","args":[{"type":"Invocation","value":{"target":{"type":"Class","value":"androidx.test.espresso.Espresso"},"method":"onView","args":[{"type":"Invocation","value":{"target":{"type":"Class","value":"com.wix.detox.espresso.DetoxMatcher"},"method":"matcherForText","args":["GET CARD NETWORK LENGTH"]}}]}},{"type":"Invocation","value":{"target":{"type":"Class","value":"com.wix.detox.espresso.DetoxViewActions"},"method":"click","args":[]}}]})
03-22 18:37:10.591 19144 19209 I DetoxDispatcher: Handling action 'invoke' (ID #14)...
03-22 18:37:10.591 19144 19209 D Detox   : class com.wix.detox.espresso.DetoxMatcher, matcherForText, [GET CARD NETWORK LENGTH]
03-22 18:37:10.592 19144 19209 D Detox   : class androidx.test.espresso.Espresso, onView, [(an instance of android.widget.TextView and view.getText() with or without transformation to match: is "GET CARD NETWORK LENGTH" and view has effective visibility <VISIBLE>)]
03-22 18:37:10.592 19144 19209 D Detox   : class com.wix.detox.espresso.DetoxViewActions, click, []
03-22 18:37:10.593 19144 19209 D Detox   : class com.wix.detox.espresso.EspressoDetox, perform, [androidx.test.espresso.ViewInteraction@9b0b51e, com.wix.detox.espresso.action.RNClickAction@aa071ff]
03-22 18:37:10.622 19144 19144 I ViewInteraction: Performing 'com.wix.detox.espresso.action.detoxsingletap@3466bcc click' action on view (an instance of android.widget.TextView and view.getText() with or without transformation to match: is "GET CARD NETWORK LENGTH" and view has effective visibility <VISIBLE>)
03-22 18:37:10.747 19144 19144 I Detox   : UIManagerModule is busy
03-22 18:37:11.142 19144 19209 I DetoxWSClient: Sending out action 'invokeResult' (ID #14)
03-22 18:37:11.142 19144 19209 I DetoxDispatcher: Done with action 'invoke'
03-22 18:37:11.148 19144 19211 D DetoxWSClient: Received action 'invoke' (ID #15, params={"target":{"type":"Class","value":"com.wix.detox.espresso.DetoxAssertion"},"method":"assertMatcher","args":[{"type":"Invocation","value":{"target":{"type":"Class","value":"androidx.test.espresso.Espresso"},"method":"onView","args":[{"type":"Invocation","value":{"target":{"type":"Class","value":"com.wix.detox.espresso.DetoxMatcher"},"method":"matcherForText","args":["Card Network length : 16"]}}]}},{"type":"Invocation","value":{"target":{"type":"Class","value":"com.wix.detox.espresso.DetoxMatcher"},"method":"matcherForSufficientlyVisible","args":[{"type":"Integer","value":75}]}}]})
03-22 18:37:11.149 19144 19209 I DetoxDispatcher: Handling action 'invoke' (ID #15)...
03-22 18:37:11.150 19144 19209 D Detox   : class com.wix.detox.espresso.DetoxMatcher, matcherForText, [Card Network length : 16]
03-22 18:37:11.151 19144 19209 D Detox   : class androidx.test.espresso.Espresso, onView, [(an instance of android.widget.TextView and view.getText() with or without transformation to match: is "Card Network length : 16" and view has effective visibility <VISIBLE>)]
03-22 18:37:11.152 19144 19209 D Detox   : class com.wix.detox.espresso.DetoxMatcher, matcherForSufficientlyVisible, [75]
03-22 18:37:11.152 19144 19209 D Detox   : class com.wix.detox.espresso.DetoxAssertion, assertMatcher, [androidx.test.espresso.ViewInteraction@79049f6, (view has effective visibility <VISIBLE> and view.getGlobalVisibleRect() covers at least <75> percent of the view's area)]
03-22 18:37:11.157 19144 19144 I ViewInteraction: Checking 'MatchesViewAssertion(Detox){viewMatcher=(view has effective visibility <VISIBLE> and view.getGlobalVisibleRect() covers at least <75> percent of the view's area)}' assertion on view (an instance of android.widget.TextView and view.getText() with or without transformation to match: is "Card Network length : 16" and view has effective visibility <VISIBLE>)
03-22 18:37:11.158 19144 19209 I DetoxWSClient: Sending out action 'invokeResult' (ID #15)
03-22 18:37:11.159 19144 19209 I DetoxDispatcher: Done with action 'invoke'
03-22 18:37:11.164 19144 19211 D DetoxWSClient: Received action 'invoke' (ID #16, params={"target":{"type":"Class","value":"com.wix.detox.espresso.EspressoDetox"},"method":"perform","args":[{"type":"Invocation","value":{"target":{"type":"Class","value":"androidx.test.espresso.Espresso"},"method":"onView","args":[{"type":"Invocation","value":{"target":{"type":"Class","value":"com.wix.detox.espresso.DetoxMatcher"},"method":"matcherForTestId","args":["cards"]}}]}},{"type":"Invocation","value":{"target":{"type":"Class","value":"com.wix.detox.espresso.DetoxViewActions"},"method":"click","args":[]}}]})
03-22 18:37:11.165 19144 19209 I DetoxDispatcher: Handling action 'invoke' (ID #16)...
03-22 18:37:11.166 19144 19209 D Detox   : class com.wix.detox.espresso.DetoxMatcher, matcherForTestId, [cards]
03-22 18:37:11.167 19144 19209 D Detox   : class androidx.test.espresso.Espresso, onView, [(view.getTag() is "cards" and view has effective visibility <VISIBLE>)]
03-22 18:37:11.168 19144 19209 D Detox   : class com.wix.detox.espresso.DetoxViewActions, click, []
03-22 18:37:11.169 19144 19209 D Detox   : class com.wix.detox.espresso.EspressoDetox, perform, [androidx.test.espresso.ViewInteraction@93ca1f7, com.wix.detox.espresso.action.RNClickAction@4346864]
03-22 18:37:11.174 19144 19144 I ViewInteraction: Performing 'com.wix.detox.espresso.action.detoxsingletap@3771acd click' action on view (view.getTag() is "cards" and view has effective visibility <VISIBLE>)
03-22 18:37:11.277 19144 19144 I Detox   : AnimatedModule is busy.
03-22 18:37:11.282 19144 19144 I Detox   : AnimatedModule is busy.
03-22 18:37:11.295 19144 19144 I Detox   : AnimatedModule is busy.
03-22 18:37:11.312 19144 19144 I Detox   : AnimatedModule is busy.
03-22 18:37:11.328 19144 19144 I Detox   : AnimatedModule is busy.
03-22 18:37:11.332 19144 19197 D EGL_emulation: app_time_stats: avg=16.54ms min=9.00ms max=22.81ms count=61
03-22 18:37:11.346 19144 19144 I Detox   : AnimatedModule is busy.
03-22 18:37:11.362 19144 19144 I Detox   : AnimatedModule is busy.
03-22 18:37:11.378 19144 19144 I Detox   : AnimatedModule is busy.
03-22 18:37:11.395 19144 19144 I Detox   : AnimatedModule is busy.
03-22 18:37:11.412 19144 19144 I Detox   : AnimatedModule is busy.
03-22 18:37:11.428 19144 19144 I Detox   : AnimatedModule is busy.
03-22 18:37:11.447 19144 19144 I Detox   : AnimatedModule is busy.
03-22 18:37:11.461 19144 19144 I Detox   : AnimatedModule is busy.
03-22 18:37:11.478 19144 19144 I Detox   : AnimatedModule is busy.
03-22 18:37:11.495 19144 19144 I Detox   : AnimatedModule is busy.
03-22 18:37:11.899 19144 19209 I DetoxWSClient: Sending out action 'invokeResult' (ID #16)
03-22 18:37:11.900 19144 19209 I DetoxDispatcher: Done with action 'invoke'
