--------- beginning of main
03-22 17:40:38.378 13714 13780 I DetoxWSClient: Sending out action 'invokeResult' (ID #10)
03-22 17:40:38.379 13714 13780 I DetoxDispatcher: Done with action 'invoke'
03-22 17:40:38.386 13714 13784 D DetoxWSClient: Received action 'invoke' (ID #11, params={"target":{"type":"Class","value":"com.wix.detox.espresso.DetoxAssertion"},"method":"assertMatcher","args":[{"type":"Invocation","value":{"target":{"type":"Class","value":"androidx.test.espresso.Espresso"},"method":"onView","args":[{"type":"Invocation","value":{"target":{"type":"Class","value":"com.wix.detox.espresso.DetoxMatcher"},"method":"matcherForText","args":["Card Validity : false"]}}]}},{"type":"Invocation","value":{"target":{"type":"Class","value":"com.wix.detox.espresso.DetoxMatcher"},"method":"matcherForSufficientlyVisible","args":[{"type":"Integer","value":75}]}}]})
03-22 17:40:38.387 13714 13780 I DetoxDispatcher: Handling action 'invoke' (ID #11)...
03-22 17:40:38.387 13714 13780 D Detox   : class com.wix.detox.espresso.DetoxMatcher, matcherForText, [Card Validity : false]
03-22 17:40:38.388 13714 13780 D Detox   : class androidx.test.espresso.Espresso, onView, [(an instance of android.widget.TextView and view.getText() with or without transformation to match: is "Card Validity : false" and view has effective visibility <VISIBLE>)]
03-22 17:40:38.388 13714 13780 D Detox   : class com.wix.detox.espresso.DetoxMatcher, matcherForSufficientlyVisible, [75]
03-22 17:40:38.389 13714 13780 D Detox   : class com.wix.detox.espresso.DetoxAssertion, assertMatcher, [androidx.test.espresso.ViewInteraction@afa9d88, (view has effective visibility <VISIBLE> and view.getGlobalVisibleRect() covers at least <75> percent of the view's area)]
03-22 17:40:38.393 13714 13714 I ViewInteraction: Checking 'MatchesViewAssertion(Detox){viewMatcher=(view has effective visibility <VISIBLE> and view.getGlobalVisibleRect() covers at least <75> percent of the view's area)}' assertion on view (an instance of android.widget.TextView and view.getText() with or without transformation to match: is "Card Validity : false" and view has effective visibility <VISIBLE>)
03-22 17:40:38.395 13714 13780 I DetoxWSClient: Sending out action 'invokeResult' (ID #11)
03-22 17:40:38.395 13714 13780 I DetoxDispatcher: Done with action 'invoke'
03-22 17:40:38.402 13714 13784 D DetoxWSClient: Received action 'invoke' (ID #12, params={"target":{"type":"Class","value":"com.wix.detox.espresso.EspressoDetox"},"method":"perform","args":[{"type":"Invocation","value":{"target":{"type":"Class","value":"androidx.test.espresso.Espresso"},"method":"onView","args":[{"type":"Invocation","value":{"target":{"type":"Class","value":"com.wix.detox.espresso.DetoxMatcher"},"method":"matcherForText","args":["GET CARD NETWORK"]}}]}},{"type":"Invocation","value":{"target":{"type":"Class","value":"com.wix.detox.espresso.DetoxViewActions"},"method":"click","args":[]}}]})
03-22 17:40:38.403 13714 13780 I DetoxDispatcher: Handling action 'invoke' (ID #12)...
03-22 17:40:38.403 13714 13780 D Detox   : class com.wix.detox.espresso.DetoxMatcher, matcherForText, [GET CARD NETWORK]
03-22 17:40:38.404 13714 13780 D Detox   : class androidx.test.espresso.Espresso, onView, [(an instance of android.widget.TextView and view.getText() with or without transformation to match: is "GET CARD NETWORK" and view has effective visibility <VISIBLE>)]
03-22 17:40:38.404 13714 13780 D Detox   : class com.wix.detox.espresso.DetoxViewActions, click, []
03-22 17:40:38.404 13714 13780 D Detox   : class com.wix.detox.espresso.EspressoDetox, perform, [androidx.test.espresso.ViewInteraction@7e4b321, com.wix.detox.espresso.action.RNClickAction@77a8346]
03-22 17:40:38.408 13714 13714 I ViewInteraction: Performing 'com.wix.detox.espresso.action.detoxsingletap@14d6907 click' action on view (an instance of android.widget.TextView and view.getText() with or without transformation to match: is "GET CARD NETWORK" and view has effective visibility <VISIBLE>)
03-22 17:40:38.453 13714 13782 I ReactNativeJS: unknown
03-22 17:40:38.500 13714 13769 D EGL_emulation: app_time_stats: avg=7.90ms min=2.61ms max=35.15ms count=60
03-22 17:40:38.873 13714 13780 I DetoxWSClient: Sending out action 'invokeResult' (ID #12)
03-22 17:40:38.874 13714 13780 I DetoxDispatcher: Done with action 'invoke'
03-22 17:40:38.880 13714 13784 D DetoxWSClient: Received action 'invoke' (ID #13, params={"target":{"type":"Class","value":"com.wix.detox.espresso.DetoxAssertion"},"method":"assertMatcher","args":[{"type":"Invocation","value":{"target":{"type":"Class","value":"androidx.test.espresso.Espresso"},"method":"onView","args":[{"type":"Invocation","value":{"target":{"type":"Class","value":"com.wix.detox.espresso.DetoxMatcher"},"method":"matcherForText","args":["Card Network : unknown"]}}]}},{"type":"Invocation","value":{"target":{"type":"Class","value":"com.wix.detox.espresso.DetoxMatcher"},"method":"matcherForSufficientlyVisible","args":[{"type":"Integer","value":75}]}}]})
03-22 17:40:38.880 13714 13780 I DetoxDispatcher: Handling action 'invoke' (ID #13)...
03-22 17:40:38.881 13714 13780 D Detox   : class com.wix.detox.espresso.DetoxMatcher, matcherForText, [Card Network : unknown]
03-22 17:40:38.881 13714 13780 D Detox   : class androidx.test.espresso.Espresso, onView, [(an instance of android.widget.TextView and view.getText() with or without transformation to match: is "Card Network : unknown" and view has effective visibility <VISIBLE>)]
03-22 17:40:38.882 13714 13780 D Detox   : class com.wix.detox.espresso.DetoxMatcher, matcherForSufficientlyVisible, [75]
03-22 17:40:38.883 13714 13780 D Detox   : class com.wix.detox.espresso.DetoxAssertion, assertMatcher, [androidx.test.espresso.ViewInteraction@c1fa559, (view has effective visibility <VISIBLE> and view.getGlobalVisibleRect() covers at least <75> percent of the view's area)]
03-22 17:40:38.921 13714 13714 I ViewInteraction: Checking 'MatchesViewAssertion(Detox){viewMatcher=(view has effective visibility <VISIBLE> and view.getGlobalVisibleRect() covers at least <75> percent of the view's area)}' assertion on view (an instance of android.widget.TextView and view.getText() with or without transformation to match: is "Card Network : unknown" and view has effective visibility <VISIBLE>)
03-22 17:40:38.925 13714 13780 I DetoxWSClient: Sending out action 'invokeResult' (ID #13)
03-22 17:40:38.926 13714 13780 I DetoxDispatcher: Done with action 'invoke'
03-22 17:40:38.995 13714 13784 D DetoxWSClient: Received action 'invoke' (ID #14, params={"target":{"type":"Class","value":"com.wix.detox.espresso.EspressoDetox"},"method":"perform","args":[{"type":"Invocation","value":{"target":{"type":"Class","value":"androidx.test.espresso.Espresso"},"method":"onView","args":[{"type":"Invocation","value":{"target":{"type":"Class","value":"com.wix.detox.espresso.DetoxMatcher"},"method":"matcherForText","args":["GET CARD NETWORK LENGTH"]}}]}},{"type":"Invocation","value":{"target":{"type":"Class","value":"com.wix.detox.espresso.DetoxViewActions"},"method":"click","args":[]}}]})
03-22 17:40:38.997 13714 13780 I DetoxDispatcher: Handling action 'invoke' (ID #14)...
03-22 17:40:38.998 13714 13780 D Detox   : class com.wix.detox.espresso.DetoxMatcher, matcherForText, [GET CARD NETWORK LENGTH]
03-22 17:40:38.998 13714 13780 D Detox   : class androidx.test.espresso.Espresso, onView, [(an instance of android.widget.TextView and view.getText() with or without transformation to match: is "GET CARD NETWORK LENGTH" and view has effective visibility <VISIBLE>)]
03-22 17:40:39.001 13714 13780 D Detox   : class com.wix.detox.espresso.DetoxViewActions, click, []
03-22 17:40:39.002 13714 13780 D Detox   : class com.wix.detox.espresso.EspressoDetox, perform, [androidx.test.espresso.ViewInteraction@9b0b51e, com.wix.detox.espresso.action.RNClickAction@aa071ff]
03-22 17:40:39.008 13714 13714 I ViewInteraction: Performing 'com.wix.detox.espresso.action.detoxsingletap@3466bcc click' action on view (an instance of android.widget.TextView and view.getText() with or without transformation to match: is "GET CARD NETWORK LENGTH" and view has effective visibility <VISIBLE>)
03-22 17:40:39.502 13714 13769 D EGL_emulation: app_time_stats: avg=8.75ms min=2.58ms max=42.90ms count=59
03-22 17:40:39.589 13714 13780 I DetoxWSClient: Sending out action 'invokeResult' (ID #14)
03-22 17:40:39.589 13714 13780 I DetoxDispatcher: Done with action 'invoke'
03-22 17:40:39.595 13714 13784 D DetoxWSClient: Received action 'invoke' (ID #15, params={"target":{"type":"Class","value":"com.wix.detox.espresso.DetoxAssertion"},"method":"assertMatcher","args":[{"type":"Invocation","value":{"target":{"type":"Class","value":"androidx.test.espresso.Espresso"},"method":"onView","args":[{"type":"Invocation","value":{"target":{"type":"Class","value":"com.wix.detox.espresso.DetoxMatcher"},"method":"matcherForText","args":["Card Network length : 16"]}}]}},{"type":"Invocation","value":{"target":{"type":"Class","value":"com.wix.detox.espresso.DetoxMatcher"},"method":"matcherForSufficientlyVisible","args":[{"type":"Integer","value":75}]}}]})
03-22 17:40:39.596 13714 13780 I DetoxDispatcher: Handling action 'invoke' (ID #15)...
03-22 17:40:39.596 13714 13780 D Detox   : class com.wix.detox.espresso.DetoxMatcher, matcherForText, [Card Network length : 16]
03-22 17:40:39.597 13714 13780 D Detox   : class androidx.test.espresso.Espresso, onView, [(an instance of android.widget.TextView and view.getText() with or without transformation to match: is "Card Network length : 16" and view has effective visibility <VISIBLE>)]
03-22 17:40:39.597 13714 13780 D Detox   : class com.wix.detox.espresso.DetoxMatcher, matcherForSufficientlyVisible, [75]
03-22 17:40:39.597 13714 13780 D Detox   : class com.wix.detox.espresso.DetoxAssertion, assertMatcher, [androidx.test.espresso.ViewInteraction@30fa691, (view has effective visibility <VISIBLE> and view.getGlobalVisibleRect() covers at least <75> percent of the view's area)]
03-22 17:40:39.603 13714 13714 I ViewInteraction: Checking 'MatchesViewAssertion(Detox){viewMatcher=(view has effective visibility <VISIBLE> and view.getGlobalVisibleRect() covers at least <75> percent of the view's area)}' assertion on view (an instance of android.widget.TextView and view.getText() with or without transformation to match: is "Card Network length : 16" and view has effective visibility <VISIBLE>)
03-22 17:40:39.606 13714 13780 I DetoxWSClient: Sending out action 'invokeResult' (ID #15)
03-22 17:40:39.607 13714 13780 I DetoxDispatcher: Done with action 'invoke'
